I/AppiumUnicodeIME(  914): onKeyDown (keyCode='82', event.keyCode='82', metaState='0')
W/UnimplementedWebViewApi( 1574): Unimplemented WebView method onKeyDown called from: android.webkit.WebView.onKeyDown(WebView.java:2310)
I/AppiumUnicodeIME(  914): onKeyUp (keyCode='82', event.keyCode='82', metaState='0')
W/AudioTrack(  774): AUDIO_OUTPUT_FLAG_FAST denied by client
I/AppiumUnicodeIME(  914): onKeyDown (keyCode='82', event.keyCode='82', metaState='0')
W/UnimplementedWebViewApi( 1574): Unimplemented WebView method onKeyDown called from: android.webkit.WebView.onKeyDown(WebView.java:2310)
I/AppiumUnicodeIME(  914): onKeyUp (keyCode='82', event.keyCode='82', metaState='0')
I/AppiumUnicodeIME(  914): onKeyDown (keyCode='23', event.keyCode='23', metaState='0')
I/AppiumUnicodeIME(  914): onKeyUp (keyCode='23', event.keyCode='23', metaState='0')
I/AppiumUnicodeIME(  914): onKeyDown (keyCode='20', event.keyCode='20', metaState='0')
I/AppiumUnicodeIME(  914): onKeyUp (keyCode='20', event.keyCode='20', metaState='0')
W/AudioTrack(  774): AUDIO_OUTPUT_FLAG_FAST denied by client
I/AppiumUnicodeIME(  914): onKeyDown (keyCode='19', event.keyCode='19', metaState='0')
I/AppiumUnicodeIME(  914): onKeyUp (keyCode='19', event.keyCode='19', metaState='0')
I/AppiumUnicodeIME(  914): onKeyDown (keyCode='19', event.keyCode='19', metaState='0')
I/AppiumUnicodeIME(  914): onKeyUp (keyCode='19', event.keyCode='19', metaState='0')
I/AppiumUnicodeIME(  914): onKeyDown (keyCode='23', event.keyCode='23', metaState='0')
I/AppiumUnicodeIME(  914): onKeyUp (keyCode='23', event.keyCode='23', metaState='0')
I/AppiumUnicodeIME(  914): onKeyDown (keyCode='82', event.keyCode='82', metaState='0')
W/UnimplementedWebViewApi( 1574): Unimplemented WebView method onKeyDown called from: android.webkit.WebView.onKeyDown(WebView.java:2310)
I/AppiumUnicodeIME(  914): onKeyUp (keyCode='82', event.keyCode='82', metaState='0')
W/AudioTrack(  774): AUDIO_OUTPUT_FLAG_FAST denied by client
I/AppiumUnicodeIME(  914): onKeyDown (keyCode='23', event.keyCode='23', metaState='0')
I/AppiumUnicodeIME(  914): onKeyUp (keyCode='23', event.keyCode='23', metaState='0')
I/AppiumUnicodeIME(  914): onKeyDown (keyCode='1', event.keyCode='1', metaState='0')
I/AppiumUnicodeIME(  914): onKeyUp (keyCode='1', event.keyCode='1', metaState='0')
I/AppiumUnicodeIME(  914): onKeyDown (keyCode='22', event.keyCode='22', metaState='0')
I/AppiumUnicodeIME(  914): onKeyUp (keyCode='22', event.keyCode='22', metaState='0')
I/AppiumUnicodeIME(  914): onKeyDown (keyCode='20', event.keyCode='20', metaState='0')
I/AppiumUnicodeIME(  914): onKeyUp (keyCode='20', event.keyCode='20', metaState='0')
I/AppiumUnicodeIME(  914): onKeyDown (keyCode='20', event.keyCode='20', metaState='0')
I/AppiumUnicodeIME(  914): onKeyUp (keyCode='20', event.keyCode='20', metaState='0')
I/AppiumUnicodeIME(  914): onKeyDown (keyCode='20', event.keyCode='20', metaState='0')
I/AppiumUnicodeIME(  914): onKeyUp (keyCode='20', event.keyCode='20', metaState='0')
I/AppiumUnicodeIME(  914): onKeyDown (keyCode='19', event.keyCode='19', metaState='0')
I/AppiumUnicodeIME(  914): onKeyUp (keyCode='19', event.keyCode='19', metaState='0')
I/AppiumUnicodeIME(  914): onKeyDown (keyCode='19', event.keyCode='19', metaState='0')
I/AppiumUnicodeIME(  914): onKeyUp (keyCode='19', event.keyCode='19', metaState='0')
I/AppiumUnicodeIME(  914): onKeyDown (keyCode='19', event.keyCode='19', metaState='0')
I/AppiumUnicodeIME(  914): onKeyUp (keyCode='19', event.keyCode='19', metaState='0')
I/AppiumUnicodeIME(  914): onKeyDown (keyCode='19', event.keyCode='19', metaState='0')
I/AppiumUnicodeIME(  914): onKeyUp (keyCode='19', event.keyCode='19', metaState='0')
I/AppiumUnicodeIME(  914): onKeyDown (keyCode='20', event.keyCode='20', metaState='0')
I/AppiumUnicodeIME(  914): onKeyUp (keyCode='20', event.keyCode='20', metaState='0')
I/AppiumUnicodeIME(  914): onKeyDown (keyCode='20', event.keyCode='20', metaState='0')
I/AppiumUnicodeIME(  914): onKeyUp (keyCode='20', event.keyCode='20', metaState='0')
I/AppiumUnicodeIME(  914): onKeyDown (keyCode='20', event.keyCode='20', metaState='0')
I/AppiumUnicodeIME(  914): onKeyUp (keyCode='20', event.keyCode='20', metaState='0')
I/AppiumUnicodeIME(  914): onKeyDown (keyCode='21', event.keyCode='21', metaState='0')
I/AppiumUnicodeIME(  914): onKeyUp (keyCode='21', event.keyCode='21', metaState='0')
I/AppiumUnicodeIME(  914): onKeyDown (keyCode='82', event.keyCode='82', metaState='0')
W/UnimplementedWebViewApi( 1574): Unimplemented WebView method onKeyDown called from: android.webkit.WebView.onKeyDown(WebView.java:2310)
I/AppiumUnicodeIME(  914): onKeyUp (keyCode='82', event.keyCode='82', metaState='0')
I/AppiumUnicodeIME(  914): onKeyDown (keyCode='160', event.keyCode='160', metaState='0')
I/AppiumUnicodeIME(  914): onKeyUp (keyCode='160', event.keyCode='160', metaState='0')
W/AudioTrack(  774): AUDIO_OUTPUT_FLAG_FAST denied by client
I/AppiumUnicodeIME(  914): onKeyDown (keyCode='19', event.keyCode='19', metaState='0')
I/AppiumUnicodeIME(  914): onKeyUp (keyCode='66', event.keyCode='66', metaState='0')
I/AppiumUnicodeIME(  914): onKeyUp (keyCode='19', event.keyCode='19', metaState='0')
I/AppiumUnicodeIME(  914): onKeyDown (keyCode='19', event.keyCode='19', metaState='0')
I/AppiumUnicodeIME(  914): onKeyUp (keyCode='19', event.keyCode='19', metaState='0')
I/AppiumUnicodeIME(  914): onKeyDown (keyCode='19', event.keyCode='19', metaState='0')
I/AppiumUnicodeIME(  914): onKeyUp (keyCode='19', event.keyCode='19', metaState='0')
I/AppiumUnicodeIME(  914): onKeyDown (keyCode='19', event.keyCode='19', metaState='0')
I/AppiumUnicodeIME(  914): onKeyUp (keyCode='19', event.keyCode='19', metaState='0')
I/AppiumUnicodeIME(  914): onKeyDown (keyCode='20', event.keyCode='20', metaState='0')
I/AppiumUnicodeIME(  914): onKeyUp (keyCode='20', event.keyCode='20', metaState='0')
I/AppiumUnicodeIME(  914): onKeyDown (keyCode='22', event.keyCode='22', metaState='0')
I/AppiumUnicodeIME(  914): onKeyUp (keyCode='22', event.keyCode='22', metaState='0')
I/art     (  774): Explicit concurrent mark sweep GC freed 7555(309KB) AllocSpace objects, 0(0B) LOS objects, 33% free, 9MB/14MB, paused 671us total 54.456ms
I/AppiumUnicodeIME(  914): onKeyDown (keyCode='21', event.keyCode='21', metaState='0')
I/AppiumUnicodeIME(  914): onKeyUp (keyCode='21', event.keyCode='21', metaState='0')
I/AppiumUnicodeIME(  914): onKeyDown (keyCode='21', event.keyCode='21', metaState='0')
I/AppiumUnicodeIME(  914): onKeyUp (keyCode='21', event.keyCode='21', metaState='0')
I/AppiumUnicodeIME(  914): onKeyDown (keyCode='21', event.keyCode='21', metaState='0')
I/AppiumUnicodeIME(  914): onKeyUp (keyCode='21', event.keyCode='21', metaState='0')
I/art     (  877): Explicit concurrent mark sweep GC freed 3540(183KB) AllocSpace objects, 0(0B) LOS objects, 40% free, 9MB/15MB, paused 560us total 22.584ms
I/AppiumUnicodeIME(  914): onKeyDown (keyCode='116', event.keyCode='116', metaState='0')
I/AppiumUnicodeIME(  914): onKeyUp (keyCode='116', event.keyCode='116', metaState='0')
I/AppiumUnicodeIME(  914): onKeyDown (keyCode='20', event.keyCode='20', metaState='0')
I/AppiumUnicodeIME(  914): onKeyUp (keyCode='20', event.keyCode='20', metaState='0')
I/AppiumUnicodeIME(  914): onKeyDown (keyCode='20', event.keyCode='20', metaState='0')
I/AppiumUnicodeIME(  914): onKeyUp (keyCode='20', event.keyCode='20', metaState='0')
I/AppiumUnicodeIME(  914): onKeyDown (keyCode='8', event.keyCode='8', metaState='0')
I/AppiumUnicodeIME(  914): onKeyUp (keyCode='8', event.keyCode='8', metaState='0')
I/AppiumUnicodeIME(  914): onKeyDown (keyCode='22', event.keyCode='22', metaState='0')
I/AppiumUnicodeIME(  914): onKeyUp (keyCode='22', event.keyCode='22', metaState='0')
I/AppiumUnicodeIME(  914): onKeyDown (keyCode='20', event.keyCode='20', metaState='0')
I/AppiumUnicodeIME(  914): onKeyUp (keyCode='20', event.keyCode='20', metaState='0')
I/AppiumUnicodeIME(  914): onKeyDown (keyCode='217', event.keyCode='217', metaState='0')
I/AppiumUnicodeIME(  914): onKeyUp (keyCode='217', event.keyCode='217', metaState='0')
I/AppiumUnicodeIME(  914): onKeyDown (keyCode='19', event.keyCode='19', metaState='0')
I/AppiumUnicodeIME(  914): onKeyUp (keyCode='19', event.keyCode='19', metaState='0')
I/AppiumUnicodeIME(  914): onKeyDown (keyCode='19', event.keyCode='19', metaState='0')
I/AppiumUnicodeIME(  914): onKeyUp (keyCode='19', event.keyCode='19', metaState='0')
I/AppiumUnicodeIME(  914): onKeyDown (keyCode='211', event.keyCode='211', metaState='0')
I/AppiumUnicodeIME(  914): onKeyUp (keyCode='211', event.keyCode='211', metaState='0')
I/AppiumUnicodeIME(  914): onKeyDown (keyCode='88', event.keyCode='88', metaState='0')
I/AppiumUnicodeIME(  914): onKeyUp (keyCode='88', event.keyCode='88', metaState='0')
I/AppiumUnicodeIME(  914): onKeyDown (keyCode='21', event.keyCode='21', metaState='0')
I/AppiumUnicodeIME(  914): onKeyUp (keyCode='21', event.keyCode='21', metaState='0')
I/AppiumUnicodeIME(  914): onKeyDown (keyCode='21', event.keyCode='21', metaState='0')
I/AppiumUnicodeIME(  914): onKeyUp (keyCode='21', event.keyCode='21', metaState='0')
I/AppiumUnicodeIME(  914): onKeyDown (keyCode='22', event.keyCode='22', metaState='0')
I/AppiumUnicodeIME(  914): onKeyUp (keyCode='22', event.keyCode='22', metaState='0')
I/AppiumUnicodeIME(  914): onKeyDown (keyCode='22', event.keyCode='22', metaState='0')
I/AppiumUnicodeIME(  914): onKeyUp (keyCode='22', event.keyCode='22', metaState='0')
I/AppiumUnicodeIME(  914): onKeyDown (keyCode='22', event.keyCode='22', metaState='0')
I/AppiumUnicodeIME(  914): onKeyUp (keyCode='22', event.keyCode='22', metaState='0')
I/AppiumUnicodeIME(  914): onKeyDown (keyCode='52', event.keyCode='52', metaState='0')
I/AppiumUnicodeIME(  914): onKeyUp (keyCode='52', event.keyCode='52', metaState='0')
I/AppiumUnicodeIME(  914): onKeyDown (keyCode='244', event.keyCode='244', metaState='0')
I/AppiumUnicodeIME(  914): onKeyUp (keyCode='244', event.keyCode='244', metaState='0')
I/AppiumUnicodeIME(  914): onKeyDown (keyCode='19', event.keyCode='19', metaState='0')
I/AppiumUnicodeIME(  914): onKeyDown (keyCode='19', event.keyCode='19', metaState='0')
I/AppiumUnicodeIME(  914): onKeyUp (keyCode='19', event.keyCode='19', metaState='0')
I/AppiumUnicodeIME(  914): onKeyDown (keyCode='19', event.keyCode='19', metaState='0')
I/AppiumUnicodeIME(  914): onKeyUp (keyCode='19', event.keyCode='19', metaState='0')
I/AppiumUnicodeIME(  914): onKeyDown (keyCode='19', event.keyCode='19', metaState='0')
I/AppiumUnicodeIME(  914): onKeyUp (keyCode='19', event.keyCode='19', metaState='0')
I/AppiumUnicodeIME(  914): onKeyDown (keyCode='20', event.keyCode='20', metaState='0')
W/UnimplementedWebViewApi( 1574): Unimplemented WebView method onKeyMultiple called from: android.webkit.WebView.onKeyMultiple(WebView.java:2320)
W/UnimplementedWebViewApi( 1574): Unimplemented WebView method onKeyDown called from: android.webkit.WebView.onKeyDown(WebView.java:2310)
I/AppiumUnicodeIME(  914): onKeyUp (keyCode='20', event.keyCode='20', metaState='0')
I/AppiumUnicodeIME(  914): onKeyDown (keyCode='82', event.keyCode='82', metaState='0')
W/UnimplementedWebViewApi( 1574): Unimplemented WebView method onKeyDown called from: android.webkit.WebView.onKeyDown(WebView.java:2310)
I/AppiumUnicodeIME(  914): onKeyUp (keyCode='82', event.keyCode='82', metaState='0')
W/AudioTrack(  774): AUDIO_OUTPUT_FLAG_FAST denied by client
I/ActivityManager(  774): START u0 {act=android.intent.action.MAIN cat=[android.intent.category.LAUNCHER] flg=0x10200000 cmp=com.zzl.falcon.internal/com.zzl.falcon.EntranceActivity} from uid 0 on display 0
I/AppiumUnicodeIME(  914): onKeyDown (keyCode='21', event.keyCode='21', metaState='0')
I/AppiumUnicodeIME(  914): onKeyUp (keyCode='21', event.keyCode='21', metaState='0')
I/AppiumUnicodeIME(  914): onKeyDown (keyCode='21', event.keyCode='21', metaState='0')
I/AppiumUnicodeIME(  914): onKeyUp (keyCode='21', event.keyCode='21', metaState='0')
I/AppiumUnicodeIME(  914): onKeyDown (keyCode='21', event.keyCode='21', metaState='0')
I/AppiumUnicodeIME(  914): onKeyUp (keyCode='21', event.keyCode='21', metaState='0')
I/AppiumUnicodeIME(  914): onKeyDown (keyCode='21', event.keyCode='21', metaState='0')
I/AppiumUnicodeIME(  914): onKeyUp (keyCode='21', event.keyCode='21', metaState='0')
I/AppiumUnicodeIME(  914): onKeyDown (keyCode='21', event.keyCode='21', metaState='0')
I/AppiumUnicodeIME(  914): onKeyUp (keyCode='21', event.keyCode='21', metaState='0')
I/AppiumUnicodeIME(  914): onKeyDown (keyCode='177', event.keyCode='177', metaState='0')
I/art     (  774): Explicit concurrent mark sweep GC freed 6841(277KB) AllocSpace objects, 0(0B) LOS objects, 33% free, 9MB/14MB, paused 603us total 46.384ms
I/AppiumUnicodeIME(  914): onKeyUp (keyCode='177', event.keyCode='177', metaState='0')
I/AppiumUnicodeIME(  914): onKeyDown (keyCode='23', event.keyCode='23', metaState='0')
I/AppiumUnicodeIME(  914): onKeyUp (keyCode='23', event.keyCode='23', metaState='0')
I/AppiumUnicodeIME(  914): onKeyDown (keyCode='23', event.keyCode='23', metaState='0')
I/AppiumUnicodeIME(  914): onKeyUp (keyCode='23', event.keyCode='23', metaState='0')
I/art     (  877): Explicit concurrent mark sweep GC freed 3617(188KB) AllocSpace objects, 0(0B) LOS objects, 39% free, 9MB/15MB, paused 5.806ms total 41.941ms
I/AppiumUnicodeIME(  914): onKeyDown (keyCode='21', event.keyCode='21', metaState='0')
I/AppiumUnicodeIME(  914): onKeyUp (keyCode='21', event.keyCode='21', metaState='0')
I/AppiumUnicodeIME(  914): onKeyDown (keyCode='21', event.keyCode='21', metaState='0')
I/AppiumUnicodeIME(  914): onKeyUp (keyCode='21', event.keyCode='21', metaState='0')
I/AppiumUnicodeIME(  914): onKeyDown (keyCode='21', event.keyCode='21', metaState='0')
I/AppiumUnicodeIME(  914): onKeyUp (keyCode='21', event.keyCode='21', metaState='0')
I/AppiumUnicodeIME(  914): onKeyDown (keyCode='22', event.keyCode='22', metaState='0')
I/Choreographer( 1574): Skipped 35 frames!  The application may be doing too much work on its main thread.
I/AppiumUnicodeIME(  914): onKeyUp (keyCode='22', event.keyCode='22', metaState='0')
I/AppiumUnicodeIME(  914): onKeyDown (keyCode='21', event.keyCode='21', metaState='0')
I/AppiumUnicodeIME(  914): onKeyUp (keyCode='21', event.keyCode='21', metaState='0')
I/AppiumUnicodeIME(  914): onKeyDown (keyCode='82', event.keyCode='82', metaState='0')
W/UnimplementedWebViewApi( 1574): Unimplemented WebView method onKeyDown called from: android.webkit.WebView.onKeyDown(WebView.java:2310)
I/AppiumUnicodeIME(  914): onKeyUp (keyCode='82', event.keyCode='82', metaState='0')
W/AudioTrack(  774): AUDIO_OUTPUT_FLAG_FAST denied by client
I/AppiumUnicodeIME(  914): onKeyDown (keyCode='82', event.keyCode='82', metaState='0')
W/UnimplementedWebViewApi( 1574): Unimplemented WebView method onKeyDown called from: android.webkit.WebView.onKeyDown(WebView.java:2310)
I/AppiumUnicodeIME(  914): onKeyUp (keyCode='82', event.keyCode='82', metaState='0')
I/AppiumUnicodeIME(  914): onKeyDown (keyCode='138', event.keyCode='138', metaState='0')
W/AudioTrack(  774): AUDIO_OUTPUT_FLAG_FAST denied by client
I/AppiumUnicodeIME(  914): onKeyUp (keyCode='138', event.keyCode='138', metaState='0')
I/AppiumUnicodeIME(  914): onKeyDown (keyCode='82', event.keyCode='82', metaState='0')
W/UnimplementedWebViewApi( 1574): Unimplemented WebView method onKeyDown called from: android.webkit.WebView.onKeyDown(WebView.java:2310)
I/AppiumUnicodeIME(  914): onKeyUp (keyCode='82', event.keyCode='82', metaState='0')
I/AppiumUnicodeIME(  914): onKeyDown (keyCode='139', event.keyCode='139', metaState='0')
W/AudioTrack(  774): AUDIO_OUTPUT_FLAG_FAST denied by client
I/AppiumUnicodeIME(  914): onKeyUp (keyCode='139', event.keyCode='139', metaState='0')
I/art     (  774): Explicit concurrent mark sweep GC freed 6637(267KB) AllocSpace objects, 0(0B) LOS objects, 33% free, 9MB/14MB, paused 15.889ms total 151.561ms
I/AppiumUnicodeIME(  914): onKeyDown (keyCode='20', event.keyCode='20', metaState='0')
I/Choreographer( 1574): Skipped 40 frames!  The application may be doing too much work on its main thread.
I/Choreographer( 1574): Skipped 33 frames!  The application may be doing too much work on its main thread.
I/AppiumUnicodeIME(  914): onKeyUp (keyCode='20', event.keyCode='20', metaState='0')
I/art     (  877): Explicit concurrent mark sweep GC freed 3603(187KB) AllocSpace objects, 0(0B) LOS objects, 40% free, 9MB/15MB, paused 555us total 47.076ms
I/AppiumUnicodeIME(  914): onKeyDown (keyCode='59', event.keyCode='59', metaState='0')
I/art     (12277): System.exit called, status: 0
I/AndroidRuntime(12277): VM exiting with result code 0.
I/art     (  774): Explicit concurrent mark sweep GC freed 7382(309KB) AllocSpace objects, 1(16KB) LOS objects, 33% free, 9MB/14MB, paused 900us total 35.197ms
I/art     (  877): Explicit concurrent mark sweep GC freed 4266(211KB) AllocSpace objects, 0(0B) LOS objects, 40% free, 9MB/15MB, paused 334us total 18.370ms
I/art     (  774): Explicit concurrent mark sweep GC freed 6549(263KB) AllocSpace objects, 0(0B) LOS objects, 33% free, 9MB/14MB, paused 1.279ms total 43.145ms
I/art     ( 1574): Explicit concurrent mark sweep GC freed 62362(4MB) AllocSpace objects, 1(16KB) LOS objects, 39% free, 14MB/23MB, paused 1.125ms total 34.739ms
I/art     ( 1574): Explicit concurrent mark sweep GC freed 148(7KB) AllocSpace objects, 0(0B) LOS objects, 39% free, 14MB/23MB, paused 3.694ms total 51.128ms
I/art     (  877): Explicit concurrent mark sweep GC freed 3639(189KB) AllocSpace objects, 0(0B) LOS objects, 39% free, 9MB/15MB, paused 750us total 23.920ms
I/art     ( 1574): Explicit concurrent mark sweep GC freed 3(96B) AllocSpace objects, 0(0B) LOS objects, 39% free, 14MB/23MB, paused 1.090ms total 24.254ms
I/art     ( 1574): Explicit concurrent mark sweep GC freed 3(96B) AllocSpace objects, 0(0B) LOS objects, 39% free, 14MB/23MB, paused 1.403ms total 39.390ms
I/art     ( 1574): Explicit concurrent mark sweep GC freed 3(96B) AllocSpace objects, 0(0B) LOS objects, 39% free, 14MB/23MB, paused 1.384ms total 41.357ms
I/art     (  774): Explicit concurrent mark sweep GC freed 6569(291KB) AllocSpace objects, 2(32KB) LOS objects, 33% free, 9MB/14MB, paused 1.994ms total 32.670ms
I/art     (  877): Explicit concurrent mark sweep GC freed 3612(188KB) AllocSpace objects, 0(0B) LOS objects, 40% free, 9MB/15MB, paused 2.721ms total 25.357ms
I/art     (  774): Explicit concurrent mark sweep GC freed 6588(287KB) AllocSpace objects, 2(32KB) LOS objects, 33% free, 9MB/14MB, paused 475us total 47.345ms
I/art     (  877): Explicit concurrent mark sweep GC freed 3621(188KB) AllocSpace objects, 0(0B) LOS objects, 40% free, 9MB/15MB, paused 393us total 11.634ms
D/awcn.DefaultHeartbeatImpl( 1574): |[seq:umeng:56aadbf567e58e38d4000976.AWCN1_1] heartbeat session:Session@[umeng:56aadbf567e58e38d4000976.AWCN1_1|http2_0rtt_acs]
D/awcn.TnetSpdySession( 1574): |[seq:umeng:56aadbf567e58e38d4000976.AWCN1_1] ping host:https://umengacs.m.taobao.com thread:AWCN Scheduler1
D/awcn.TnetSpdySession( 1574): |[seq:umeng:56aadbf567e58e38d4000976.AWCN1_1] https://umengacs.m.taobao.com submit ping ms:45050 force:true
D/awcn.DefaultHeartbeatImpl( 1574): |[seq:umeng:56aadbf567e58e38d4000976.AWCN1_1] reSchedule session:Session@[umeng:56aadbf567e58e38d4000976.AWCN1_1|http2_0rtt_acs] delay:45050
I/awcn.TnetSpdySession( 1574): |[seq:umeng:56aadbf567e58e38d4000976.AWCN1_1] ping receive Host:https://umengacs.m.taobao.com id:7007
I/art     (  774): Explicit concurrent mark sweep GC freed 7074(305KB) AllocSpace objects, 0(0B) LOS objects, 33% free, 9MB/14MB, paused 2.892ms total 47.241ms
I/art     (  877): Explicit concurrent mark sweep GC freed 3622(188KB) AllocSpace objects, 0(0B) LOS objects, 40% free, 9MB/15MB, paused 363us total 17.787ms
I/art     (  774): Explicit concurrent mark sweep GC freed 5944(233KB) AllocSpace objects, 0(0B) LOS objects, 33% free, 9MB/14MB, paused 3.707ms total 57.900ms
I/art     (  877): Explicit concurrent mark sweep GC freed 3612(188KB) AllocSpace objects, 0(0B) LOS objects, 40% free, 9MB/15MB, paused 381us total 16.192ms
I/art     (  774): Explicit concurrent mark sweep GC freed 6424(256KB) AllocSpace objects, 0(0B) LOS objects, 33% free, 9MB/14MB, paused 920us total 32.817ms
I/art     (  877): Explicit concurrent mark sweep GC freed 3950(201KB) AllocSpace objects, 0(0B) LOS objects, 40% free, 9MB/15MB, paused 268us total 15.921ms
I/tnet-jni( 1419): 101 - [spdyPingRecvCallback] - 
I/tnet-jni( 1419): 101 - [SpdySessionCallBack.spdyPingRecvCallback] - org.android.spdy.SpdySession@15ea5a37
D/accs.SpdyConnection( 1419):  spdyPingRecvCallback uniId:1504
D/accs.MessageHandler( 1419):  onRcvPing
D/accs.HeartbeatManager( 1419):  onHeartbeatSucc
D/accs.OrangeAdapter( 1419):  isSmartHb result:true
D/accs.HeartbeatManager( 1419):  set 480
D/accs.UtilityImpl( 1419):  setServiceTime:1512353102045
I/art     (  774): Explicit concurrent mark sweep GC freed 6967(282KB) AllocSpace objects, 0(0B) LOS objects, 33% free, 9MB/14MB, paused 1.138ms total 25.359ms
I/art     (  877): Explicit concurrent mark sweep GC freed 3641(189KB) AllocSpace objects, 0(0B) LOS objects, 40% free, 9MB/15MB, paused 446us total 16.743ms
I/art     (  774): Explicit concurrent mark sweep GC freed 6469(259KB) AllocSpace objects, 0(0B) LOS objects, 33% free, 9MB/14MB, paused 978us total 29.270ms
I/art     (  877): Explicit concurrent mark sweep GC freed 3622(188KB) AllocSpace objects, 0(0B) LOS objects, 40% free, 9MB/15MB, paused 2.136ms total 26.899ms
I/art     (  774): Explicit concurrent mark sweep GC freed 6455(257KB) AllocSpace objects, 0(0B) LOS objects, 33% free, 9MB/14MB, paused 1.320ms total 27.785ms
I/art     (  877): Explicit concurrent mark sweep GC freed 3612(188KB) AllocSpace objects, 0(0B) LOS objects, 39% free, 9MB/15MB, paused 412us total 18.863ms
I/tnet-jni( 1467): 104 - [spdyPingRecvCallback] - 
I/tnet-jni( 1467): 104 - [SpdySessionCallBack.spdyPingRecvCallback] - org.android.spdy.SpdySession@26860312
D/accs.SilenceConn_umeng:56aadbf567e58e38d4000976( 1467):  spdyPingRecvCallback uniId:1504
D/accs.MsgRecv_umeng:56aadbf567e58e38d4000976( 1467):  onRcvPing
D/accs.HeartbeatManager( 1467):  onHeartbeatSucc
D/accs.OrangeAdapter( 1467):  isSmartHb result:true
D/accs.HeartbeatManager( 1467):  set 480
D/accs.UtilityImpl( 1467):  setServiceTime:1512353119272
I/art     (  774): Explicit concurrent mark sweep GC freed 6609(267KB) AllocSpace objects, 0(0B) LOS objects, 33% free, 9MB/14MB, paused 714us total 28.274ms
I/art     (  877): Explicit concurrent mark sweep GC freed 3621(188KB) AllocSpace objects, 0(0B) LOS objects, 39% free, 9MB/15MB, paused 311us total 17.356ms
I/art     (  774): Explicit concurrent mark sweep GC freed 6824(275KB) AllocSpace objects, 0(0B) LOS objects, 33% free, 9MB/14MB, paused 842us total 32.482ms
I/art     (  877): Explicit concurrent mark sweep GC freed 3622(188KB) AllocSpace objects, 0(0B) LOS objects, 39% free, 9MB/15MB, paused 2.795ms total 33.836ms
D/awcn.DefaultHeartbeatImpl( 1574): |[seq:umeng:56aadbf567e58e38d4000976.AWCN1_1] heartbeat session:Session@[umeng:56aadbf567e58e38d4000976.AWCN1_1|http2_0rtt_acs]
D/awcn.TnetSpdySession( 1574): |[seq:umeng:56aadbf567e58e38d4000976.AWCN1_1] ping host:https://umengacs.m.taobao.com thread:AWCN Scheduler1
D/awcn.TnetSpdySession( 1574): |[seq:umeng:56aadbf567e58e38d4000976.AWCN1_1] https://umengacs.m.taobao.com submit ping ms:45052 force:true
D/awcn.DefaultHeartbeatImpl( 1574): |[seq:umeng:56aadbf567e58e38d4000976.AWCN1_1] reSchedule session:Session@[umeng:56aadbf567e58e38d4000976.AWCN1_1|http2_0rtt_acs] delay:45053
I/awcn.TnetSpdySession( 1574): |[seq:umeng:56aadbf567e58e38d4000976.AWCN1_1] ping receive Host:https://umengacs.m.taobao.com id:7009
I/art     (  774): Explicit concurrent mark sweep GC freed 6431(256KB) AllocSpace objects, 0(0B) LOS objects, 33% free, 9MB/14MB, paused 1.280ms total 31.541ms
I/art     (  877): Explicit concurrent mark sweep GC freed 3612(188KB) AllocSpace objects, 0(0B) LOS objects, 40% free, 9MB/15MB, paused 563us total 21.437ms
I/art     (  774): Explicit concurrent mark sweep GC freed 5942(234KB) AllocSpace objects, 0(0B) LOS objects, 33% free, 9MB/14MB, paused 1.246ms total 26.932ms
D/AndroidRuntime(12352): >>>>>> START com.android.internal.os.RuntimeInit uid 0 <<<<<<
D/AndroidRuntime(12352): CheckJNI is OFF
E/memtrack(12352): Couldn't load memtrack module (No such file or directory)
E/android.os.Debug(12352): failed to load memtrack module: -2
D/AndroidRuntime(12352): Calling main entry com.android.commands.wm.Wm
D/AndroidRuntime(12352): Shutting down VM
E/art     (12352): Thread attaching while runtime is shutting down: Binder_2
I/AndroidRuntime(12352): NOTE: attach of thread 'Binder_2' failed
I/art     (  877): Explicit concurrent mark sweep GC freed 3621(188KB) AllocSpace objects, 0(0B) LOS objects, 40% free, 9MB/15MB, paused 379us total 22.158ms
I/art     (  774): Explicit concurrent mark sweep GC freed 6426(256KB) AllocSpace objects, 0(0B) LOS objects, 33% free, 9MB/14MB, paused 2.221ms total 36.049ms
I/art     (  877): Explicit concurrent mark sweep GC freed 3621(188KB) AllocSpace objects, 0(0B) LOS objects, 40% free, 9MB/15MB, paused 504us total 17.321ms
I/art     (  774): Explicit concurrent mark sweep GC freed 7040(304KB) AllocSpace objects, 0(0B) LOS objects, 33% free, 9MB/14MB, paused 1.815ms total 25.002ms
I/art     (  877): Explicit concurrent mark sweep GC freed 3622(188KB) AllocSpace objects, 0(0B) LOS objects, 40% free, 9MB/15MB, paused 225us total 14.373ms
I/art     (  774): Explicit concurrent mark sweep GC freed 6435(256KB) AllocSpace objects, 0(0B) LOS objects, 33% free, 9MB/14MB, paused 722us total 26.638ms
D/AndroidRuntime(12374): >>>>>> START com.android.internal.os.RuntimeInit uid 0 <<<<<<
D/AndroidRuntime(12374): CheckJNI is OFF
E/memtrack(12374): Couldn't load memtrack module (No such file or directory)
E/android.os.Debug(12374): failed to load memtrack module: -2
D/AndroidRuntime(12374): Calling main entry com.android.commands.monkey.Monkey
W/BroadcastQueue(  774): Skipping deliver [background] BroadcastRecord{31414a37 u-1 android.net.conn.CONNECTIVITY_CHANGE} to ReceiverList{3af38ba4 12374 (unknown name)/0/u-1 remote:1fef84d1}: process crashing
I/ActivityManager(  774): START u0 {act=android.intent.action.MAIN cat=[android.intent.category.LAUNCHER] flg=0x10200000 cmp=com.zzl.falcon.internal/com.zzl.falcon.EntranceActivity} from uid 0 on display 0
I/AppiumUnicodeIME(  914): onKeyDown (keyCode='239', event.keyCode='239', metaState='0')
I/AppiumUnicodeIME(  914): onKeyUp (keyCode='239', event.keyCode='239', metaState='0')
I/AppiumUnicodeIME(  914): onKeyDown (keyCode='19', event.keyCode='19', metaState='0')
I/art     (  877): Explicit concurrent mark sweep GC freed 3612(188KB) AllocSpace objects, 0(0B) LOS objects, 40% free, 9MB/15MB, paused 257us total 16.186ms
I/AppiumUnicodeIME(  914): onKeyUp (keyCode='19', event.keyCode='19', metaState='0')
I/AppiumUnicodeIME(  914): onKeyDown (keyCode='22', event.keyCode='22', metaState='0')
I/AppiumUnicodeIME(  914): onKeyUp (keyCode='22', event.keyCode='22', metaState='0')
I/AppiumUnicodeIME(  914): onKeyDown (keyCode='23', event.keyCode='23', metaState='0')
I/AppiumUnicodeIME(  914): onKeyUp (keyCode='23', event.keyCode='23', metaState='0')
I/AppiumUnicodeIME(  914): onKeyDown (keyCode='20', event.keyCode='20', metaState='0')
I/AppiumUnicodeIME(  914): onKeyUp (keyCode='20', event.keyCode='20', metaState='0')
I/AppiumUnicodeIME(  914): onKeyDown (keyCode='20', event.keyCode='20', metaState='0')
I/AppiumUnicodeIME(  914): onKeyUp (keyCode='20', event.keyCode='20', metaState='0')
I/AppiumUnicodeIME(  914): onKeyDown (keyCode='20', event.keyCode='20', metaState='0')
I/AppiumUnicodeIME(  914): onKeyUp (keyCode='20', event.keyCode='20', metaState='0')
I/AppiumUnicodeIME(  914): onKeyDown (keyCode='153', event.keyCode='153', metaState='0')
I/AppiumUnicodeIME(  914): onKeyUp (keyCode='153', event.keyCode='153', metaState='0')
I/AppiumUnicodeIME(  914): onKeyDown (keyCode='20', event.keyCode='20', metaState='0')
I/AppiumUnicodeIME(  914): onKeyUp (keyCode='20', event.keyCode='20', metaState='0')
I/AppiumUnicodeIME(  914): onKeyDown (keyCode='92', event.keyCode='92', metaState='0')
I/AppiumUnicodeIME(  914): onKeyUp (keyCode='92', event.keyCode='92', metaState='0')
I/Choreographer( 1574): Skipped 31 frames!  The application may be doing too much work on its main thread.
I/AppiumUnicodeIME(  914): onKeyDown (keyCode='250', event.keyCode='250', metaState='0')
I/AppiumUnicodeIME(  914): onKeyUp (keyCode='250', event.keyCode='250', metaState='0')
I/AppiumUnicodeIME(  914): onKeyDown (keyCode='156', event.keyCode='156', metaState='0')
I/AppiumUnicodeIME(  914): onKeyUp (keyCode='156', event.keyCode='156', metaState='0')
I/AppiumUnicodeIME(  914): onKeyDown (keyCode='22', event.keyCode='22', metaState='0')
I/AppiumUnicodeIME(  914): onKeyUp (keyCode='22', event.keyCode='22', metaState='0')
I/AppiumUnicodeIME(  914): onKeyDown (keyCode='22', event.keyCode='22', metaState='0')
I/AppiumUnicodeIME(  914): onKeyUp (keyCode='22', event.keyCode='22', metaState='0')
I/AppiumUnicodeIME(  914): onKeyDown (keyCode='22', event.keyCode='22', metaState='0')
I/AppiumUnicodeIME(  914): onKeyUp (keyCode='22', event.keyCode='22', metaState='0')
I/AppiumUnicodeIME(  914): onKeyDown (keyCode='22', event.keyCode='22', metaState='0')
I/AppiumUnicodeIME(  914): onKeyUp (keyCode='22', event.keyCode='22', metaState='0')
I/AppiumUnicodeIME(  914): onKeyDown (keyCode='21', event.keyCode='21', metaState='0')
I/AppiumUnicodeIME(  914): onKeyUp (keyCode='21', event.keyCode='21', metaState='0')
I/AppiumUnicodeIME(  914): onKeyDown (keyCode='20', event.keyCode='20', metaState='0')
I/AppiumUnicodeIME(  914): onKeyUp (keyCode='20', event.keyCode='20', metaState='0')
I/AppiumUnicodeIME(  914): onKeyDown (keyCode='20', event.keyCode='20', metaState='0')
I/AppiumUnicodeIME(  914): onKeyUp (keyCode='20', event.keyCode='20', metaState='0')
I/AppiumUnicodeIME(  914): onKeyDown (keyCode='23', event.keyCode='23', metaState='0')
I/AppiumUnicodeIME(  914): onKeyUp (keyCode='23', event.keyCode='23', metaState='0')
I/AppiumUnicodeIME(  914): onKeyDown (keyCode='22', event.keyCode='22', metaState='0')
I/AppiumUnicodeIME(  914): onKeyUp (keyCode='22', event.keyCode='22', metaState='0')
I/Choreographer( 1574): Skipped 30 frames!  The application may be doing too much work on its main thread.
I/AppiumUnicodeIME(  914): onKeyDown (keyCode='19', event.keyCode='19', metaState='0')
I/AppiumUnicodeIME(  914): onKeyUp (keyCode='19', event.keyCode='19', metaState='0')
I/art     (  774): Explicit concurrent mark sweep GC freed 6691(275KB) AllocSpace objects, 0(0B) LOS objects, 33% free, 9MB/14MB, paused 1.045ms total 42.804ms
I/AppiumUnicodeIME(  914): onKeyDown (keyCode='20', event.keyCode='20', metaState='0')
I/AppiumUnicodeIME(  914): onKeyUp (keyCode='20', event.keyCode='20', metaState='0')
I/AppiumUnicodeIME(  914): onKeyDown (keyCode='20', event.keyCode='20', metaState='0')
I/AppiumUnicodeIME(  914): onKeyUp (keyCode='20', event.keyCode='20', metaState='0')
I/AppiumUnicodeIME(  914): onKeyDown (keyCode='20', event.keyCode='20', metaState='0')
I/AppiumUnicodeIME(  914): onKeyUp (keyCode='20', event.keyCode='20', metaState='0')
I/AppiumUnicodeIME(  914): onKeyDown (keyCode='20', event.keyCode='20', metaState='0')
I/AppiumUnicodeIME(  914): onKeyUp (keyCode='20', event.keyCode='20', metaState='0')
I/AppiumUnicodeIME(  914): onKeyDown (keyCode='20', event.keyCode='20', metaState='0')
I/AppiumUnicodeIME(  914): onKeyUp (keyCode='20', event.keyCode='20', metaState='0')
I/AppiumUnicodeIME(  914): onKeyDown (keyCode='20', event.keyCode='20', metaState='0')
I/AppiumUnicodeIME(  914): onKeyUp (keyCode='20', event.keyCode='20', metaState='0')
I/AppiumUnicodeIME(  914): onKeyDown (keyCode='20', event.keyCode='20', metaState='0')
I/AppiumUnicodeIME(  914): onKeyUp (keyCode='20', event.keyCode='20', metaState='0')
I/AppiumUnicodeIME(  914): onKeyDown (keyCode='82', event.keyCode='82', metaState='0')
W/UnimplementedWebViewApi( 1574): Unimplemented WebView method onKeyDown called from: android.webkit.WebView.onKeyDown(WebView.java:2310)
I/AppiumUnicodeIME(  914): onKeyUp (keyCode='82', event.keyCode='82', metaState='0')
W/AudioTrack(  774): AUDIO_OUTPUT_FLAG_FAST denied by client
I/art     (  877): Explicit concurrent mark sweep GC freed 3951(201KB) AllocSpace objects, 0(0B) LOS objects, 40% free, 9MB/15MB, paused 420us total 59.248ms
I/AppiumUnicodeIME(  914): onKeyDown (keyCode='19', event.keyCode='19', metaState='0')
I/AppiumUnicodeIME(  914): onKeyUp (keyCode='19', event.keyCode='19', metaState='0')
I/AppiumUnicodeIME(  914): onKeyDown (keyCode='19', event.keyCode='19', metaState='0')
I/AppiumUnicodeIME(  914): onKeyUp (keyCode='19', event.keyCode='19', metaState='0')
I/AppiumUnicodeIME(  914): onKeyDown (keyCode='19', event.keyCode='19', metaState='0')
I/AppiumUnicodeIME(  914): onKeyUp (keyCode='19', event.keyCode='19', metaState='0')
I/AppiumUnicodeIME(  914): onKeyDown (keyCode='19', event.keyCode='19', metaState='0')
I/AppiumUnicodeIME(  914): onKeyUp (keyCode='19', event.keyCode='19', metaState='0')
I/AppiumUnicodeIME(  914): onKeyDown (keyCode='21', event.keyCode='21', metaState='0')
I/AppiumUnicodeIME(  914): onKeyUp (keyCode='21', event.keyCode='21', metaState='0')
I/ActivityManager(  774): START u0 {act=android.intent.action.MAIN cat=[android.intent.category.LAUNCHER] flg=0x10200000 cmp=com.zzl.falcon.internal/com.zzl.falcon.EntranceActivity} from uid 0 on display 0
I/AppiumUnicodeIME(  914): onKeyDown (keyCode='82', event.keyCode='82', metaState='0')
W/UnimplementedWebViewApi( 1574): Unimplemented WebView method onKeyDown called from: android.webkit.WebView.onKeyDown(WebView.java:2310)
I/AppiumUnicodeIME(  914): onKeyUp (keyCode='82', event.keyCode='82', metaState='0')
I/AppiumUnicodeIME(  914): onKeyDown (keyCode='25', event.keyCode='25', metaState='0')
W/AudioTrack(  774): AUDIO_OUTPUT_FLAG_FAST denied by client
W/UnimplementedWebViewApi( 1574): Unimplemented WebView method onKeyDown called from: android.webkit.WebView.onKeyDown(WebView.java:2310)
W/AudioService(  774): stream was not muted by this client
E/AudioService(  774): Could not get client death handler for stream: 1
W/AudioService(  774): stream was not muted by this client
E/AudioService(  774): Could not get client death handler for stream: 2
W/AudioService(  774): stream was not muted by this client
E/AudioService(  774): Could not get client death handler for stream: 5
W/AudioService(  774): stream was not muted by this client
E/AudioService(  774): Could not get client death handler for stream: 7
W/AudioService(  774): stream was not muted by this client
E/AudioService(  774): Could not get client death handler for stream: 8
I/AppiumUnicodeIME(  914): onKeyUp (keyCode='25', event.keyCode='25', metaState='0')
W/EGL_emulation(  877): eglSurfaceAttrib not implemented
W/OpenGLRenderer(  877): Failed to set EGL_SWAP_BEHAVIOR on surface 0xe040a6e0, error=EGL_SUCCESS
I/Choreographer( 1574): Skipped 39 frames!  The application may be doing too much work on its main thread.
I/AppiumUnicodeIME(  914): onKeyDown (keyCode='22', event.keyCode='22', metaState='0')
I/AppiumUnicodeIME(  914): onKeyUp (keyCode='22', event.keyCode='22', metaState='0')
I/AppiumUnicodeIME(  914): onKeyDown (keyCode='22', event.keyCode='22', metaState='0')
I/AppiumUnicodeIME(  914): onKeyUp (keyCode='22', event.keyCode='22', metaState='0')
I/AppiumUnicodeIME(  914): onKeyDown (keyCode='22', event.keyCode='22', metaState='0')
I/AppiumUnicodeIME(  914): onKeyUp (keyCode='22', event.keyCode='22', metaState='0')
I/AppiumUnicodeIME(  914): onKeyDown (keyCode='22', event.keyCode='22', metaState='0')
I/AppiumUnicodeIME(  914): onKeyUp (keyCode='22', event.keyCode='22', metaState='0')
I/AppiumUnicodeIME(  914): onKeyDown (keyCode='245', event.keyCode='245', metaState='0')
I/AppiumUnicodeIME(  914): onKeyUp (keyCode='245', event.keyCode='245', metaState='0')
I/AppiumUnicodeIME(  914): onKeyDown (keyCode='21', event.keyCode='21', metaState='0')
I/AppiumUnicodeIME(  914): onKeyUp (keyCode='21', event.keyCode='21', metaState='0')
I/AppiumUnicodeIME(  914): onKeyDown (keyCode='23', event.keyCode='23', metaState='0')
I/AppiumUnicodeIME(  914): onKeyUp (keyCode='23', event.keyCode='23', metaState='0')
I/AppiumUnicodeIME(  914): onKeyDown (keyCode='22', event.keyCode='22', metaState='0')
I/AppiumUnicodeIME(  914): onKeyUp (keyCode='22', event.keyCode='22', metaState='0')
I/AppiumUnicodeIME(  914): onKeyDown (keyCode='40', event.keyCode='40', metaState='0')
I/AppiumUnicodeIME(  914): onKeyUp (keyCode='40', event.keyCode='40', metaState='0')
I/AppiumUnicodeIME(  914): onKeyDown (keyCode='23', event.keyCode='23', metaState='0')
I/AppiumUnicodeIME(  914): onKeyUp (keyCode='23', event.keyCode='23', metaState='0')
W/IntentResolver(  774): resolveIntent failed: found match, but none with CATEGORY_DEFAULT
I/ActivityManager(  774): START u0 {act=android.intent.action.MAIN cat=[android.intent.category.LAUNCHER] flg=0x10000000 sel=act=android.intent.action.MAIN cat=[android.intent.category.APP_CALCULATOR]}} from uid 1000 on display 0
I/AppiumUnicodeIME(  914): onKeyUp (keyCode='59', event.keyCode='59', metaState='0')
I/AppiumUnicodeIME(  914): onKeyUp (keyCode='210', event.keyCode='210', metaState='0')
I/AppiumUnicodeIME(  914): onKeyDown (keyCode='23', event.keyCode='23', metaState='0')
I/AppiumUnicodeIME(  914): onKeyUp (keyCode='23', event.keyCode='23', metaState='0')
I/art     (  774): Explicit concurrent mark sweep GC freed 7492(309KB) AllocSpace objects, 0(0B) LOS objects, 33% free, 9MB/14MB, paused 1.318ms total 51.797ms
I/AppiumUnicodeIME(  914): onKeyDown (keyCode='82', event.keyCode='82', metaState='0')
W/UnimplementedWebViewApi( 1574): Unimplemented WebView method onKeyDown called from: android.webkit.WebView.onKeyDown(WebView.java:2310)
I/AppiumUnicodeIME(  914): onKeyUp (keyCode='82', event.keyCode='82', metaState='0')
W/AudioTrack(  774): AUDIO_OUTPUT_FLAG_FAST denied by client
I/AppiumUnicodeIME(  914): onKeyDown (keyCode='53', event.keyCode='53', metaState='0')
I/AppiumUnicodeIME(  914): onKeyUp (keyCode='53', event.keyCode='53', metaState='0')
I/AppiumUnicodeIME(  914): onKeyDown (keyCode='138', event.keyCode='138', metaState='0')
I/AppiumUnicodeIME(  914): onKeyUp (keyCode='138', event.keyCode='138', metaState='0')
I/AppiumUnicodeIME(  914): onKeyDown (keyCode='23', event.keyCode='23', metaState='0')
I/AppiumUnicodeIME(  914): onKeyUp (keyCode='23', event.keyCode='23', metaState='0')
I/AppiumUnicodeIME(  914): onKeyDown (keyCode='82', event.keyCode='82', metaState='0')
W/UnimplementedWebViewApi( 1574): Unimplemented WebView method onKeyDown called from: android.webkit.WebView.onKeyDown(WebView.java:2310)
I/AppiumUnicodeIME(  914): onKeyUp (keyCode='82', event.keyCode='82', metaState='0')
W/AudioTrack(  774): AUDIO_OUTPUT_FLAG_FAST denied by client
I/AppiumUnicodeIME(  914): onKeyDown (keyCode='22', event.keyCode='22', metaState='0')
I/AppiumUnicodeIME(  914): onKeyUp (keyCode='22', event.keyCode='22', metaState='0')
I/AppiumUnicodeIME(  914): onKeyDown (keyCode='23', event.keyCode='23', metaState='0')
I/AppiumUnicodeIME(  914): onKeyUp (keyCode='23', event.keyCode='23', metaState='0')
I/AppiumUnicodeIME(  914): onKeyDown (keyCode='47', event.keyCode='47', metaState='0')
I/AppiumUnicodeIME(  914): onKeyUp (keyCode='47', event.keyCode='47', metaState='0')
I/ActivityManager(  774): START u0 {act=android.intent.action.MAIN cat=[android.intent.category.LAUNCHER] flg=0x10200000 cmp=com.zzl.falcon.internal/com.zzl.falcon.EntranceActivity} from uid 0 on display 0
I/AppiumUnicodeIME(  914): onKeyDown (keyCode='190', event.keyCode='190', metaState='0')
I/AppiumUnicodeIME(  914): onKeyUp (keyCode='190', event.keyCode='190', metaState='0')
I/AppiumUnicodeIME(  914): onKeyDown (keyCode='23', event.keyCode='23', metaState='0')
I/AppiumUnicodeIME(  914): onKeyDown (keyCode='21', event.keyCode='21', metaState='0')
I/AppiumUnicodeIME(  914): onKeyUp (keyCode='21', event.keyCode='21', metaState='0')
I/AppiumUnicodeIME(  914): onKeyUp (keyCode='23', event.keyCode='23', metaState='0')
I/AppiumUnicodeIME(  914): onKeyDown (keyCode='82', event.keyCode='82', metaState='0')
W/UnimplementedWebViewApi( 1574): Unimplemented WebView method onKeyDown called from: android.webkit.WebView.onKeyDown(WebView.java:2310)
I/AppiumUnicodeIME(  914): onKeyUp (keyCode='82', event.keyCode='82', metaState='0')
I/ActivityManager(  774): START u0 {act=android.intent.action.MAIN cat=[android.intent.category.LAUNCHER] flg=0x10200000 cmp=com.zzl.falcon.internal/com.zzl.falcon.EntranceActivity} from uid 0 on display 0
W/AudioTrack(  774): AUDIO_OUTPUT_FLAG_FAST denied by client
D/PhoneStatusBar(  877): disable: < expand ICONS* alerts SYSTEM_INFO* back home recent clock search >
I/ActivityManager(  774): START u0 {act=android.intent.action.MAIN cat=[android.intent.category.HOME] flg=0x10200000 cmp=com.android.launcher3/.Launcher} from uid 1000 on display 0
W/EGL_emulation(  877): eglSurfaceAttrib not implemented
W/OpenGLRenderer(  877): Failed to set EGL_SWAP_BEHAVIOR on surface 0xe1c05720, error=EGL_SUCCESS
W/ViewRootImpl(  877): Dropping event due to no window focus: KeyEvent { action=ACTION_DOWN, keyCode=KEYCODE_BACKSLASH, scanCode=0, metaState=0, flags=0x8, repeatCount=0, eventTime=158015432, downTime=158015432, deviceId=-1, source=0x101 }
W/ViewRootImpl(  877): Cancelling event due to no window focus: KeyEvent { action=ACTION_UP, keyCode=KEYCODE_BACKSLASH, scanCode=0, metaState=0, flags=0x28, repeatCount=0, eventTime=158015542, downTime=158015542, deviceId=-1, source=0x101 }
W/ViewRootImpl(  877): Cancelling event due to no window focus: KeyEvent { action=ACTION_UP, keyCode=KEYCODE_BACKSLASH, scanCode=0, metaState=0, flags=0x28, repeatCount=0, eventTime=158015542, downTime=158015542, deviceId=-1, source=0x101 }
W/ViewRootImpl(  877): Cancelling event due to no window focus: KeyEvent { action=ACTION_UP, keyCode=KEYCODE_BACKSLASH, scanCode=0, metaState=0, flags=0x28, repeatCount=0, eventTime=158015542, downTime=158015542, deviceId=-1, source=0x101 }
W/ViewRootImpl(  877): Cancelling event due to no window focus: KeyEvent { action=ACTION_UP, keyCode=KEYCODE_BACKSLASH, scanCode=0, metaState=0, flags=0x28, repeatCount=0, eventTime=158015542, downTime=158015542, deviceId=-1, source=0x101 }
W/ViewRootImpl(  877): Cancelling event due to no window focus: KeyEvent { action=ACTION_UP, keyCode=KEYCODE_BACKSLASH, scanCode=0, metaState=0, flags=0x28, repeatCount=0, eventTime=158015542, downTime=158015542, deviceId=-1, source=0x101 }
W/ViewRootImpl(  877): Cancelling event due to no window focus: KeyEvent { action=ACTION_UP, keyCode=KEYCODE_BACKSLASH, scanCode=0, metaState=0, flags=0x28, repeatCount=0, eventTime=158015542, downTime=158015542, deviceId=-1, source=0x101 }
W/ViewRootImpl(  877): Cancelling event due to no window focus: KeyEvent { action=ACTION_UP, keyCode=KEYCODE_BACKSLASH, scanCode=0, metaState=0, flags=0x28, repeatCount=0, eventTime=158015542, downTime=158015542, deviceId=-1, source=0x101 }
W/ViewRootImpl(  877): Cancelling event due to no window focus: KeyEvent { action=ACTION_UP, keyCode=KEYCODE_BACKSLASH, scanCode=0, metaState=0, flags=0x28, repeatCount=0, eventTime=158015542, downTime=158015542, deviceId=-1, source=0x101 }
W/ViewRootImpl(  877): Cancelling event due to no window focus: KeyEvent { action=ACTION_UP, keyCode=KEYCODE_BACKSLASH, scanCode=0, metaState=0, flags=0x28, repeatCount=0, eventTime=158015542, downTime=158015542, deviceId=-1, source=0x101 }
D/PhoneStatusBar(  877): disable: < expand icons* alerts system_info* back home recent clock search >
W/EGL_emulation(  877): eglSurfaceAttrib not implemented
W/OpenGLRenderer(  877): Failed to set EGL_SWAP_BEHAVIOR on surface 0xe1c05720, error=EGL_SUCCESS
W/ViewRootImpl(  877): Dropping event due to no window focus: KeyEvent { action=ACTION_DOWN, keyCode=KEYCODE_DPAD_LEFT, scanCode=0, metaState=0, flags=0x8, repeatCount=0, eventTime=158015557, downTime=158015557, deviceId=-1, source=0x101 }
W/ViewRootImpl(  877): Cancelling event due to no window focus: KeyEvent { action=ACTION_UP, keyCode=KEYCODE_DPAD_LEFT, scanCode=0, metaState=0, flags=0x28, repeatCount=0, eventTime=158015668, downTime=158015557, deviceId=-1, source=0x101 }
W/ViewRootImpl(  877): Cancelling event due to no window focus: KeyEvent { action=ACTION_UP, keyCode=KEYCODE_DPAD_LEFT, scanCode=0, metaState=0, flags=0x28, repeatCount=0, eventTime=158015668, downTime=158015557, deviceId=-1, source=0x101 }
W/ViewRootImpl(  877): Cancelling event due to no window focus: KeyEvent { action=ACTION_UP, keyCode=KEYCODE_DPAD_LEFT, scanCode=0, metaState=0, flags=0x28, repeatCount=0, eventTime=158015668, downTime=158015557, deviceId=-1, source=0x101 }
W/ViewRootImpl(  877): Cancelling event due to no window focus: KeyEvent { action=ACTION_UP, keyCode=KEYCODE_DPAD_LEFT, scanCode=0, metaState=0, flags=0x28, repeatCount=0, eventTime=158015668, downTime=158015557, deviceId=-1, source=0x101 }
W/ViewRootImpl(  877): Cancelling event due to no window focus: KeyEvent { action=ACTION_UP, keyCode=KEYCODE_DPAD_LEFT, scanCode=0, metaState=0, flags=0x28, repeatCount=0, eventTime=158015668, downTime=158015557, deviceId=-1, source=0x101 }
W/ViewRootImpl(  877): Cancelling event due to no window focus: KeyEvent { action=ACTION_UP, keyCode=KEYCODE_DPAD_LEFT, scanCode=0, metaState=0, flags=0x28, repeatCount=0, eventTime=158015668, downTime=158015557, deviceId=-1, source=0x101 }
W/ViewRootImpl(  877): Cancelling event due to no window focus: KeyEvent { action=ACTION_UP, keyCode=KEYCODE_DPAD_LEFT, scanCode=0, metaState=0, flags=0x28, repeatCount=0, eventTime=158015668, downTime=158015557, deviceId=-1, source=0x101 }
W/ViewRootImpl(  877): Cancelling event due to no window focus: KeyEvent { action=ACTION_UP, keyCode=KEYCODE_DPAD_LEFT, scanCode=0, metaState=0, flags=0x28, repeatCount=0, eventTime=158015668, downTime=158015557, deviceId=-1, source=0x101 }
W/ViewRootImpl(  877): Cancelling event due to no window focus: KeyEvent { action=ACTION_UP, keyCode=KEYCODE_DPAD_LEFT, scanCode=0, metaState=0, flags=0x28, repeatCount=0, eventTime=158015668, downTime=158015557, deviceId=-1, source=0x101 }
I/InputDispatcher(  774): Dropped event because of pending overdue app switch.
W/InputManager(  774): Input event injection from pid 12374 failed.
I/Choreographer( 1574): Skipped 32 frames!  The application may be doing too much work on its main thread.
W/ViewRootImpl( 1574): Dropping event due to no window focus: KeyEvent { action=ACTION_DOWN, keyCode=KEYCODE_MENU, scanCode=0, metaState=0, flags=0x8, repeatCount=0, eventTime=158015975, downTime=158015975, deviceId=-1, source=0x101 }
W/InputMethodManagerService(  774): Window already focused, ignoring focus gain of: com.android.internal.view.IInputMethodClient$Stub$Proxy@10a9492f attribute=null, token = android.os.BinderProxy@8a3d7e9
I/AppiumUnicodeIME(  914): onKeyUp (keyCode='82', event.keyCode='82', metaState='0')
W/AudioTrack(  774): AUDIO_OUTPUT_FLAG_FAST denied by client
I/AppiumUnicodeIME(  914): onKeyDown (keyCode='133', event.keyCode='133', metaState='0')
I/AppiumUnicodeIME(  914): onKeyUp (keyCode='133', event.keyCode='133', metaState='0')
I/AppiumUnicodeIME(  914): onKeyDown (keyCode='21', event.keyCode='21', metaState='0')
I/AppiumUnicodeIME(  914): onKeyUp (keyCode='21', event.keyCode='21', metaState='0')
I/art     (  877): Explicit concurrent mark sweep GC freed 4990(271KB) AllocSpace objects, 0(0B) LOS objects, 39% free, 9MB/15MB, paused 3.069ms total 38.901ms
I/AppiumUnicodeIME(  914): onKeyDown (keyCode='22', event.keyCode='22', metaState='0')
I/AppiumUnicodeIME(  914): onKeyUp (keyCode='22', event.keyCode='22', metaState='0')
I/AppiumUnicodeIME(  914): onKeyDown (keyCode='22', event.keyCode='22', metaState='0')
I/AppiumUnicodeIME(  914): onKeyUp (keyCode='22', event.keyCode='22', metaState='0')
I/AppiumUnicodeIME(  914): onKeyDown (keyCode='22', event.keyCode='22', metaState='0')
I/AppiumUnicodeIME(  914): onKeyUp (keyCode='22', event.keyCode='22', metaState='0')
I/AppiumUnicodeIME(  914): onKeyDown (keyCode='21', event.keyCode='21', metaState='0')
I/AppiumUnicodeIME(  914): onKeyUp (keyCode='21', event.keyCode='21', metaState='0')
I/AppiumUnicodeIME(  914): onKeyDown (keyCode='19', event.keyCode='19', metaState='0')
I/AppiumUnicodeIME(  914): onKeyUp (keyCode='19', event.keyCode='19', metaState='0')
I/AppiumUnicodeIME(  914): onKeyDown (keyCode='20', event.keyCode='20', metaState='0')
I/AppiumUnicodeIME(  914): onKeyUp (keyCode='20', event.keyCode='20', metaState='0')
I/AppiumUnicodeIME(  914): onKeyDown (keyCode='240', event.keyCode='240', metaState='0')
I/AppiumUnicodeIME(  914): onKeyUp (keyCode='240', event.keyCode='240', metaState='0')
I/AppiumUnicodeIME(  914): onKeyDown (keyCode='21', event.keyCode='21', metaState='0')
I/AppiumUnicodeIME(  914): onKeyUp (keyCode='21', event.keyCode='21', metaState='0')
I/AppiumUnicodeIME(  914): onKeyDown (keyCode='19', event.keyCode='19', metaState='0')
I/AppiumUnicodeIME(  914): onKeyUp (keyCode='19', event.keyCode='19', metaState='0')
I/AppiumUnicodeIME(  914): onKeyDown (keyCode='19', event.keyCode='19', metaState='0')
I/AppiumUnicodeIME(  914): onKeyUp (keyCode='19', event.keyCode='19', metaState='0')
I/AppiumUnicodeIME(  914): onKeyDown (keyCode='20', event.keyCode='20', metaState='0')
