W/ActivityManager(  774): Unable to start service Intent { act=com.zzl.itoube.intent.action.COCKROACH flg=0x4 (has extras) } U=0: not found
W/ActivityManager(  774): Unable to start service Intent { act=com.zzl.falcon.internal.intent.action.COCKROACH flg=0x4 (has extras) } U=0: not found
D/ConnectivityService(  774): setProvNotificationVisibleIntent: E visible=false networkType=0 extraInfo=null
D/ConnectivityService(  774): setProvNotificationVisibleIntent: E visible=false networkType=0 extraInfo=null
I/ProcessStatsService(  774): Prepared write state in 0ms
D/ConnectivityService(  774): setProvNotificationVisibleIntent: E visible=false networkType=0 extraInfo=null
D/ConnectivityService(  774): setProvNotificationVisibleIntent: E visible=false networkType=0 extraInfo=null
D/ConnectivityService(  774): setProvNotificationVisibleIntent: E visible=false networkType=0 extraInfo=null
I/ProcessStatsService(  774): Prepared write state in 1ms
D/ConnectivityService(  774): setProvNotificationVisibleIntent: E visible=false networkType=0 extraInfo=null
D/ConnectivityService(  774): setProvNotificationVisibleIntent: E visible=false networkType=0 extraInfo=null
D/ConnectivityService(  774): setProvNotificationVisibleIntent: E visible=false networkType=0 extraInfo=null
I/ProcessStatsService(  774): Prepared write state in 1ms
D/ConnectivityService(  774): setProvNotificationVisibleIntent: E visible=false networkType=0 extraInfo=null
D/Genyd   (  117): Received Set Clipboard
D/Genymotion(  117): Received Set Clipboard
D/ConnectivityService(  774): setProvNotificationVisibleIntent: E visible=false networkType=0 extraInfo=null
D/Genyd   (  117): Received Set Clipboard
D/Genymotion(  117): Received Set Clipboard
D/Genyd   (  117): Received Set Clipboard
D/Genymotion(  117): Received Set Clipboard
D/Genyd   (  117): Received Set Clipboard
D/Genymotion(  117): Received Set Clipboard
W/BroadcastQueue(  774): Skipping deliver [background] BroadcastRecord{2d148161 u-1 android.net.conn.CONNECTIVITY_CHANGE} to ReceiverList{232cd486 12277 (unknown name)/0/u-1 remote:22ccb96b}: process crashing
I/ActivityManager(  774): START u0 {act=android.intent.action.MAIN cat=[android.intent.category.LAUNCHER] flg=0x10200000 cmp=com.zzl.falcon.internal/com.zzl.falcon.EntranceActivity} from uid 0 on display 0
W/ViewRootImpl( 1574): Dropping event due to no window focus: MotionEvent { action=ACTION_MOVE, id[0]=0, x[0]=2.0, y[0]=-1.0, toolType[0]=TOOL_TYPE_UNKNOWN, buttonState=0, metaState=0, flags=0x0, edgeFlags=0x0, pointerCount=1, historySize=1, eventTime=157888689, downTime=-1, deviceId=0, source=0x10004 }
W/ViewRootImpl( 1574): Dropping event due to no window focus: KeyEvent { action=ACTION_DOWN, keyCode=KEYCODE_DPAD_RIGHT, scanCode=0, metaState=0, flags=0x400, repeatCount=0, eventTime=157888695, downTime=157888695, deviceId=-1, source=0x101 }
W/ViewRootImpl( 1574): Cancelling event due to no window focus: KeyEvent { action=ACTION_UP, keyCode=KEYCODE_DPAD_RIGHT, scanCode=0, metaState=0, flags=0x420, repeatCount=0, eventTime=157888695, downTime=157888695, deviceId=-1, source=0x101 }
W/ViewRootImpl( 1574): Dropping event due to no window focus: KeyEvent { action=ACTION_DOWN, keyCode=KEYCODE_DPAD_RIGHT, scanCode=0, metaState=0, flags=0x400, repeatCount=0, eventTime=157888695, downTime=157888695, deviceId=-1, source=0x101 }
W/ViewRootImpl( 1574): Cancelling event due to no window focus: KeyEvent { action=ACTION_UP, keyCode=KEYCODE_DPAD_RIGHT, scanCode=0, metaState=0, flags=0x420, repeatCount=0, eventTime=157888695, downTime=157888695, deviceId=-1, source=0x101 }
W/ViewRootImpl(  877): Dropping event due to no window focus: KeyEvent { action=ACTION_DOWN, keyCode=KEYCODE_DPAD_DOWN, scanCode=0, metaState=0, flags=0x8, repeatCount=0, eventTime=157888712, downTime=157888712, deviceId=-1, source=0x101 }
W/ViewRootImpl(  877): Cancelling event due to no window focus: KeyEvent { action=ACTION_UP, keyCode=KEYCODE_DPAD_DOWN, scanCode=0, metaState=0, flags=0x28, repeatCount=0, eventTime=157888713, downTime=157888713, deviceId=-1, source=0x101 }
W/ViewRootImpl(  877): Cancelling event due to no window focus: KeyEvent { action=ACTION_UP, keyCode=KEYCODE_DPAD_DOWN, scanCode=0, metaState=0, flags=0x28, repeatCount=0, eventTime=157888713, downTime=157888713, deviceId=-1, source=0x101 }
W/ViewRootImpl(  877): Cancelling event due to no window focus: KeyEvent { action=ACTION_UP, keyCode=KEYCODE_DPAD_DOWN, scanCode=0, metaState=0, flags=0x28, repeatCount=0, eventTime=157888713, downTime=157888713, deviceId=-1, source=0x101 }
W/ViewRootImpl(  877): Cancelling event due to no window focus: KeyEvent { action=ACTION_UP, keyCode=KEYCODE_DPAD_DOWN, scanCode=0, metaState=0, flags=0x28, repeatCount=0, eventTime=157888713, downTime=157888713, deviceId=-1, source=0x101 }
W/ViewRootImpl(  877): Cancelling event due to no window focus: KeyEvent { action=ACTION_UP, keyCode=KEYCODE_DPAD_DOWN, scanCode=0, metaState=0, flags=0x28, repeatCount=0, eventTime=157888713, downTime=157888713, deviceId=-1, source=0x101 }
W/ViewRootImpl(  877): Cancelling event due to no window focus: KeyEvent { action=ACTION_UP, keyCode=KEYCODE_DPAD_DOWN, scanCode=0, metaState=0, flags=0x28, repeatCount=0, eventTime=157888713, downTime=157888713, deviceId=-1, source=0x101 }
W/ViewRootImpl(  877): Cancelling event due to no window focus: KeyEvent { action=ACTION_UP, keyCode=KEYCODE_DPAD_DOWN, scanCode=0, metaState=0, flags=0x28, repeatCount=0, eventTime=157888713, downTime=157888713, deviceId=-1, source=0x101 }
W/ViewRootImpl(  877): Cancelling event due to no window focus: KeyEvent { action=ACTION_UP, keyCode=KEYCODE_DPAD_DOWN, scanCode=0, metaState=0, flags=0x28, repeatCount=0, eventTime=157888713, downTime=157888713, deviceId=-1, source=0x101 }
W/ViewRootImpl(  877): Cancelling event due to no window focus: KeyEvent { action=ACTION_UP, keyCode=KEYCODE_DPAD_DOWN, scanCode=0, metaState=0, flags=0x28, repeatCount=0, eventTime=157888713, downTime=157888713, deviceId=-1, source=0x101 }
W/ViewRootImpl(  877): Dropping event due to no window focus: KeyEvent { action=ACTION_DOWN, keyCode=KEYCODE_NUMPAD_0, scanCode=0, metaState=0, flags=0x8, repeatCount=0, eventTime=157888937, downTime=157888937, deviceId=-1, source=0x101 }
W/ViewRootImpl(  877): Dropping event due to no window focus: KeyEvent { action=ACTION_DOWN, keyCode=KEYCODE_INSERT, scanCode=0, metaState=0, flags=0x8, repeatCount=0, eventTime=157888937, downTime=157888937, deviceId=-1, source=0x101 }
W/ViewRootImpl(  877): Cancelling event due to no window focus: KeyEvent { action=ACTION_UP, keyCode=KEYCODE_NUMPAD_0, scanCode=0, metaState=0, flags=0x28, repeatCount=0, eventTime=157888938, downTime=157888938, deviceId=-1, source=0x101 }
W/ViewRootImpl(  877): Cancelling event due to no window focus: KeyEvent { action=ACTION_UP, keyCode=KEYCODE_NUMPAD_0, scanCode=0, metaState=0, flags=0x28, repeatCount=0, eventTime=157888938, downTime=157888938, deviceId=-1, source=0x101 }
W/ViewRootImpl(  877): Cancelling event due to no window focus: KeyEvent { action=ACTION_UP, keyCode=KEYCODE_NUMPAD_0, scanCode=0, metaState=0, flags=0x28, repeatCount=0, eventTime=157888938, downTime=157888938, deviceId=-1, source=0x101 }
W/ViewRootImpl(  877): Cancelling event due to no window focus: KeyEvent { action=ACTION_UP, keyCode=KEYCODE_NUMPAD_0, scanCode=0, metaState=0, flags=0x28, repeatCount=0, eventTime=157888938, downTime=157888938, deviceId=-1, source=0x101 }
W/ViewRootImpl(  877): Cancelling event due to no window focus: KeyEvent { action=ACTION_UP, keyCode=KEYCODE_NUMPAD_0, scanCode=0, metaState=0, flags=0x28, repeatCount=0, eventTime=157888938, downTime=157888938, deviceId=-1, source=0x101 }
W/ViewRootImpl(  877): Cancelling event due to no window focus: KeyEvent { action=ACTION_UP, keyCode=KEYCODE_NUMPAD_0, scanCode=0, metaState=0, flags=0x28, repeatCount=0, eventTime=157888938, downTime=157888938, deviceId=-1, source=0x101 }
W/ViewRootImpl(  877): Cancelling event due to no window focus: KeyEvent { action=ACTION_UP, keyCode=KEYCODE_NUMPAD_0, scanCode=0, metaState=0, flags=0x28, repeatCount=0, eventTime=157888938, downTime=157888938, deviceId=-1, source=0x101 }
W/ViewRootImpl(  877): Cancelling event due to no window focus: KeyEvent { action=ACTION_UP, keyCode=KEYCODE_NUMPAD_0, scanCode=0, metaState=0, flags=0x28, repeatCount=0, eventTime=157888938, downTime=157888938, deviceId=-1, source=0x101 }
W/ViewRootImpl(  877): Cancelling event due to no window focus: KeyEvent { action=ACTION_UP, keyCode=KEYCODE_NUMPAD_0, scanCode=0, metaState=0, flags=0x28, repeatCount=0, eventTime=157888938, downTime=157888938, deviceId=-1, source=0x101 }
I/ActivityManager(  774): START u0 {act=android.intent.action.MAIN cat=[android.intent.category.LAUNCHER] flg=0x10200000 cmp=com.zzl.falcon.internal/com.zzl.falcon.EntranceActivity} from uid 0 on display 0
W/ViewRootImpl( 1574): Cancelling event due to no window focus: KeyEvent { action=ACTION_UP, keyCode=KEYCODE_DPAD_UP, scanCode=0, metaState=0, flags=0x28, repeatCount=0, eventTime=157889844, downTime=157889844, deviceId=-1, source=0x101 }
W/ViewRootImpl( 1574): Cancelling event due to no window focus: KeyEvent { action=ACTION_UP, keyCode=KEYCODE_DPAD_UP, scanCode=0, metaState=0, flags=0x28, repeatCount=0, eventTime=157889844, downTime=157889844, deviceId=-1, source=0x101 }
W/ViewRootImpl( 1574): Cancelling event due to no window focus: KeyEvent { action=ACTION_UP, keyCode=KEYCODE_DPAD_UP, scanCode=0, metaState=0, flags=0x28, repeatCount=0, eventTime=157889844, downTime=157889844, deviceId=-1, source=0x101 }
W/ViewRootImpl( 1574): Cancelling event due to no window focus: KeyEvent { action=ACTION_UP, keyCode=KEYCODE_DPAD_UP, scanCode=0, metaState=0, flags=0x28, repeatCount=0, eventTime=157889844, downTime=157889844, deviceId=-1, source=0x101 }
W/ViewRootImpl( 1574): Cancelling event due to no window focus: KeyEvent { action=ACTION_UP, keyCode=KEYCODE_DPAD_UP, scanCode=0, metaState=0, flags=0x28, repeatCount=0, eventTime=157889844, downTime=157889844, deviceId=-1, source=0x101 }
W/ViewRootImpl( 1574): Cancelling event due to no window focus: KeyEvent { action=ACTION_UP, keyCode=KEYCODE_DPAD_UP, scanCode=0, metaState=0, flags=0x28, repeatCount=0, eventTime=157889844, downTime=157889844, deviceId=-1, source=0x101 }
W/InputMethodManagerService(  774): Window already focused, ignoring focus gain of: com.android.internal.view.IInputMethodClient$Stub$Proxy@289670c attribute=null, token = android.os.BinderProxy@8a3d7e9
V/WindowManager(  774): Adding window Window{13cc926a u0 SubPanel:com.zzl.falcon.internal/com.zzl.falcon.WebViewActivity} at 4 of 9 (after Window{c21c6e u0 com.zzl.falcon.internal/com.zzl.falcon.WebViewActivity})
W/ViewRootImpl( 1574): Dropping event due to no window focus: KeyEvent { action=ACTION_DOWN, keyCode=KEYCODE_DPAD_LEFT, scanCode=0, metaState=0, flags=0x8, repeatCount=0, eventTime=157889975, downTime=157889975, deviceId=-1, source=0x101 }
W/ViewRootImpl( 1574): Cancelling event due to no window focus: KeyEvent { action=ACTION_UP, keyCode=KEYCODE_DPAD_LEFT, scanCode=0, metaState=0, flags=0x28, repeatCount=0, eventTime=157889980, downTime=157889980, deviceId=-1, source=0x101 }
W/ViewRootImpl( 1574): Cancelling event due to no window focus: KeyEvent { action=ACTION_UP, keyCode=KEYCODE_DPAD_LEFT, scanCode=0, metaState=0, flags=0x28, repeatCount=0, eventTime=157889980, downTime=157889980, deviceId=-1, source=0x101 }
W/ViewRootImpl( 1574): Cancelling event due to no window focus: KeyEvent { action=ACTION_UP, keyCode=KEYCODE_DPAD_LEFT, scanCode=0, metaState=0, flags=0x28, repeatCount=0, eventTime=157889980, downTime=157889980, deviceId=-1, source=0x101 }
W/ViewRootImpl( 1574): Cancelling event due to no window focus: KeyEvent { action=ACTION_UP, keyCode=KEYCODE_DPAD_LEFT, scanCode=0, metaState=0, flags=0x28, repeatCount=0, eventTime=157889980, downTime=157889980, deviceId=-1, source=0x101 }
W/ViewRootImpl( 1574): Cancelling event due to no window focus: KeyEvent { action=ACTION_UP, keyCode=KEYCODE_DPAD_LEFT, scanCode=0, metaState=0, flags=0x28, repeatCount=0, eventTime=157889980, downTime=157889980, deviceId=-1, source=0x101 }
W/ViewRootImpl( 1574): Cancelling event due to no window focus: KeyEvent { action=ACTION_UP, keyCode=KEYCODE_DPAD_LEFT, scanCode=0, metaState=0, flags=0x28, repeatCount=0, eventTime=157889980, downTime=157889980, deviceId=-1, source=0x101 }
W/ViewRootImpl( 1574): Cancelling event due to no window focus: KeyEvent { action=ACTION_UP, keyCode=KEYCODE_DPAD_LEFT, scanCode=0, metaState=0, flags=0x28, repeatCount=0, eventTime=157889980, downTime=157889980, deviceId=-1, source=0x101 }
W/ViewRootImpl( 1574): Cancelling event due to no window focus: KeyEvent { action=ACTION_UP, keyCode=KEYCODE_DPAD_LEFT, scanCode=0, metaState=0, flags=0x28, repeatCount=0, eventTime=157889980, downTime=157889980, deviceId=-1, source=0x101 }
W/ViewRootImpl( 1574): Cancelling event due to no window focus: KeyEvent { action=ACTION_UP, keyCode=KEYCODE_DPAD_LEFT, scanCode=0, metaState=0, flags=0x28, repeatCount=0, eventTime=157889980, downTime=157889980, deviceId=-1, source=0x101 }
I/ActivityManager(  774): START u0 {act=android.intent.action.MAIN cat=[android.intent.category.LAUNCHER] flg=0x10200000 cmp=com.zzl.falcon.internal/com.zzl.falcon.EntranceActivity} from uid 0 on display 0
I/ActivityManager(  774): START u0 {act=android.intent.action.MAIN cat=[android.intent.category.LAUNCHER] flg=0x10200000 cmp=com.zzl.falcon.internal/com.zzl.falcon.EntranceActivity} from uid 0 on display 0
W/ViewRootImpl( 1574): Dropping event due to no window focus: MotionEvent { action=ACTION_MOVE, id[0]=0, x[0]=2.0, y[0]=-1.0, toolType[0]=TOOL_TYPE_UNKNOWN, buttonState=0, metaState=0, flags=0x0, edgeFlags=0x0, pointerCount=1, historySize=3, eventTime=157890169, downTime=-1, deviceId=0, source=0x10004 }
W/ViewRootImpl( 1574): Dropping event due to no window focus: MotionEvent { action=ACTION_MOVE, id[0]=0, x[0]=4.0, y[0]=-3.0, toolType[0]=TOOL_TYPE_UNKNOWN, buttonState=0, metaState=0, flags=0x0, edgeFlags=0x0, pointerCount=1, historySize=10, eventTime=157890188, downTime=-1, deviceId=0, source=0x10004 }
W/InputMethodManagerService(  774): Window already focused, ignoring focus gain of: com.android.internal.view.IInputMethodClient$Stub$Proxy@2ab2d35b attribute=null, token = android.os.BinderProxy@8a3d7e9
I/ActivityManager(  774): START u0 {act=android.intent.action.MAIN cat=[android.intent.category.LAUNCHER] flg=0x10200000 cmp=com.zzl.falcon.internal/com.zzl.falcon.EntranceActivity} from uid 0 on display 0
I/ActivityManager(  774): START u0 {act=android.intent.action.MAIN cat=[android.intent.category.LAUNCHER] flg=0x10200000 cmp=com.zzl.falcon.internal/com.zzl.falcon.EntranceActivity} from uid 0 on display 0
W/BroadcastQueue(  774): Skipping deliver [background] BroadcastRecord{31414a37 u-1 android.net.conn.CONNECTIVITY_CHANGE} to ReceiverList{3af38ba4 12374 (unknown name)/0/u-1 remote:1fef84d1}: process crashing
I/ActivityManager(  774): START u0 {act=android.intent.action.MAIN cat=[android.intent.category.LAUNCHER] flg=0x10200000 cmp=com.zzl.falcon.internal/com.zzl.falcon.EntranceActivity} from uid 0 on display 0
I/ActivityManager(  774): START u0 {act=android.intent.action.MAIN cat=[android.intent.category.LAUNCHER] flg=0x10200000 cmp=com.zzl.falcon.internal/com.zzl.falcon.EntranceActivity} from uid 0 on display 0
W/IntentResolver(  774): resolveIntent failed: found match, but none with CATEGORY_DEFAULT
I/ActivityManager(  774): START u0 {act=android.intent.action.MAIN cat=[android.intent.category.LAUNCHER] flg=0x10000000 sel=act=android.intent.action.MAIN cat=[android.intent.category.APP_CALCULATOR]}} from uid 1000 on display 0
I/ActivityManager(  774): START u0 {act=android.intent.action.MAIN cat=[android.intent.category.LAUNCHER] flg=0x10200000 cmp=com.zzl.falcon.internal/com.zzl.falcon.EntranceActivity} from uid 0 on display 0
I/ActivityManager(  774): START u0 {act=android.intent.action.MAIN cat=[android.intent.category.LAUNCHER] flg=0x10200000 cmp=com.zzl.falcon.internal/com.zzl.falcon.EntranceActivity} from uid 0 on display 0
I/ActivityManager(  774): START u0 {act=android.intent.action.MAIN cat=[android.intent.category.HOME] flg=0x10200000 cmp=com.android.launcher3/.Launcher} from uid 1000 on display 0
W/ViewRootImpl(  877): Dropping event due to no window focus: KeyEvent { action=ACTION_DOWN, keyCode=KEYCODE_BACKSLASH, scanCode=0, metaState=0, flags=0x8, repeatCount=0, eventTime=158015432, downTime=158015432, deviceId=-1, source=0x101 }
W/ViewRootImpl(  877): Cancelling event due to no window focus: KeyEvent { action=ACTION_UP, keyCode=KEYCODE_BACKSLASH, scanCode=0, metaState=0, flags=0x28, repeatCount=0, eventTime=158015542, downTime=158015542, deviceId=-1, source=0x101 }
W/ViewRootImpl(  877): Cancelling event due to no window focus: KeyEvent { action=ACTION_UP, keyCode=KEYCODE_BACKSLASH, scanCode=0, metaState=0, flags=0x28, repeatCount=0, eventTime=158015542, downTime=158015542, deviceId=-1, source=0x101 }
W/ViewRootImpl(  877): Cancelling event due to no window focus: KeyEvent { action=ACTION_UP, keyCode=KEYCODE_BACKSLASH, scanCode=0, metaState=0, flags=0x28, repeatCount=0, eventTime=158015542, downTime=158015542, deviceId=-1, source=0x101 }
W/ViewRootImpl(  877): Cancelling event due to no window focus: KeyEvent { action=ACTION_UP, keyCode=KEYCODE_BACKSLASH, scanCode=0, metaState=0, flags=0x28, repeatCount=0, eventTime=158015542, downTime=158015542, deviceId=-1, source=0x101 }
W/ViewRootImpl(  877): Cancelling event due to no window focus: KeyEvent { action=ACTION_UP, keyCode=KEYCODE_BACKSLASH, scanCode=0, metaState=0, flags=0x28, repeatCount=0, eventTime=158015542, downTime=158015542, deviceId=-1, source=0x101 }
W/ViewRootImpl(  877): Cancelling event due to no window focus: KeyEvent { action=ACTION_UP, keyCode=KEYCODE_BACKSLASH, scanCode=0, metaState=0, flags=0x28, repeatCount=0, eventTime=158015542, downTime=158015542, deviceId=-1, source=0x101 }
W/ViewRootImpl(  877): Cancelling event due to no window focus: KeyEvent { action=ACTION_UP, keyCode=KEYCODE_BACKSLASH, scanCode=0, metaState=0, flags=0x28, repeatCount=0, eventTime=158015542, downTime=158015542, deviceId=-1, source=0x101 }
W/ViewRootImpl(  877): Cancelling event due to no window focus: KeyEvent { action=ACTION_UP, keyCode=KEYCODE_BACKSLASH, scanCode=0, metaState=0, flags=0x28, repeatCount=0, eventTime=158015542, downTime=158015542, deviceId=-1, source=0x101 }
W/ViewRootImpl(  877): Cancelling event due to no window focus: KeyEvent { action=ACTION_UP, keyCode=KEYCODE_BACKSLASH, scanCode=0, metaState=0, flags=0x28, repeatCount=0, eventTime=158015542, downTime=158015542, deviceId=-1, source=0x101 }
W/ViewRootImpl(  877): Dropping event due to no window focus: KeyEvent { action=ACTION_DOWN, keyCode=KEYCODE_DPAD_LEFT, scanCode=0, metaState=0, flags=0x8, repeatCount=0, eventTime=158015557, downTime=158015557, deviceId=-1, source=0x101 }
W/ViewRootImpl(  877): Cancelling event due to no window focus: KeyEvent { action=ACTION_UP, keyCode=KEYCODE_DPAD_LEFT, scanCode=0, metaState=0, flags=0x28, repeatCount=0, eventTime=158015668, downTime=158015557, deviceId=-1, source=0x101 }
W/ViewRootImpl(  877): Cancelling event due to no window focus: KeyEvent { action=ACTION_UP, keyCode=KEYCODE_DPAD_LEFT, scanCode=0, metaState=0, flags=0x28, repeatCount=0, eventTime=158015668, downTime=158015557, deviceId=-1, source=0x101 }
W/ViewRootImpl(  877): Cancelling event due to no window focus: KeyEvent { action=ACTION_UP, keyCode=KEYCODE_DPAD_LEFT, scanCode=0, metaState=0, flags=0x28, repeatCount=0, eventTime=158015668, downTime=158015557, deviceId=-1, source=0x101 }
W/ViewRootImpl(  877): Cancelling event due to no window focus: KeyEvent { action=ACTION_UP, keyCode=KEYCODE_DPAD_LEFT, scanCode=0, metaState=0, flags=0x28, repeatCount=0, eventTime=158015668, downTime=158015557, deviceId=-1, source=0x101 }
W/ViewRootImpl(  877): Cancelling event due to no window focus: KeyEvent { action=ACTION_UP, keyCode=KEYCODE_DPAD_LEFT, scanCode=0, metaState=0, flags=0x28, repeatCount=0, eventTime=158015668, downTime=158015557, deviceId=-1, source=0x101 }
W/ViewRootImpl(  877): Cancelling event due to no window focus: KeyEvent { action=ACTION_UP, keyCode=KEYCODE_DPAD_LEFT, scanCode=0, metaState=0, flags=0x28, repeatCount=0, eventTime=158015668, downTime=158015557, deviceId=-1, source=0x101 }
W/ViewRootImpl(  877): Cancelling event due to no window focus: KeyEvent { action=ACTION_UP, keyCode=KEYCODE_DPAD_LEFT, scanCode=0, metaState=0, flags=0x28, repeatCount=0, eventTime=158015668, downTime=158015557, deviceId=-1, source=0x101 }
W/ViewRootImpl(  877): Cancelling event due to no window focus: KeyEvent { action=ACTION_UP, keyCode=KEYCODE_DPAD_LEFT, scanCode=0, metaState=0, flags=0x28, repeatCount=0, eventTime=158015668, downTime=158015557, deviceId=-1, source=0x101 }
W/ViewRootImpl(  877): Cancelling event due to no window focus: KeyEvent { action=ACTION_UP, keyCode=KEYCODE_DPAD_LEFT, scanCode=0, metaState=0, flags=0x28, repeatCount=0, eventTime=158015668, downTime=158015557, deviceId=-1, source=0x101 }
W/InputManager(  774): Input event injection from pid 12374 failed.
W/ViewRootImpl( 1574): Dropping event due to no window focus: KeyEvent { action=ACTION_DOWN, keyCode=KEYCODE_MENU, scanCode=0, metaState=0, flags=0x8, repeatCount=0, eventTime=158015975, downTime=158015975, deviceId=-1, source=0x101 }
W/InputMethodManagerService(  774): Window already focused, ignoring focus gain of: com.android.internal.view.IInputMethodClient$Stub$Proxy@10a9492f attribute=null, token = android.os.BinderProxy@8a3d7e9
W/ViewRootImpl(  877): Cancelling event due to no window focus: KeyEvent { action=ACTION_UP, keyCode=KEYCODE_DPAD_LEFT, scanCode=0, metaState=0, flags=0x28, repeatCount=0, eventTime=158022562, downTime=158022562, deviceId=-1, source=0x101 }
W/ViewRootImpl(  877): Cancelling event due to no window focus: KeyEvent { action=ACTION_UP, keyCode=KEYCODE_DPAD_LEFT, scanCode=0, metaState=0, flags=0x28, repeatCount=0, eventTime=158022562, downTime=158022562, deviceId=-1, source=0x101 }
W/ViewRootImpl(  877): Cancelling event due to no window focus: KeyEvent { action=ACTION_UP, keyCode=KEYCODE_DPAD_LEFT, scanCode=0, metaState=0, flags=0x28, repeatCount=0, eventTime=158022562, downTime=158022562, deviceId=-1, source=0x101 }
W/ViewRootImpl(  877): Cancelling event due to no window focus: KeyEvent { action=ACTION_UP, keyCode=KEYCODE_DPAD_LEFT, scanCode=0, metaState=0, flags=0x28, repeatCount=0, eventTime=158022562, downTime=158022562, deviceId=-1, source=0x101 }
W/ViewRootImpl(  877): Cancelling event due to no window focus: KeyEvent { action=ACTION_UP, keyCode=KEYCODE_DPAD_LEFT, scanCode=0, metaState=0, flags=0x28, repeatCount=0, eventTime=158022562, downTime=158022562, deviceId=-1, source=0x101 }
W/ViewRootImpl(  877): Cancelling event due to no window focus: KeyEvent { action=ACTION_UP, keyCode=KEYCODE_DPAD_LEFT, scanCode=0, metaState=0, flags=0x28, repeatCount=0, eventTime=158022562, downTime=158022562, deviceId=-1, source=0x101 }
W/ViewRootImpl(  877): Cancelling event due to no window focus: KeyEvent { action=ACTION_UP, keyCode=KEYCODE_DPAD_LEFT, scanCode=0, metaState=0, flags=0x28, repeatCount=0, eventTime=158022562, downTime=158022562, deviceId=-1, source=0x101 }
W/ViewRootImpl(  877): Cancelling event due to no window focus: KeyEvent { action=ACTION_UP, keyCode=KEYCODE_DPAD_LEFT, scanCode=0, metaState=0, flags=0x28, repeatCount=0, eventTime=158022562, downTime=158022562, deviceId=-1, source=0x101 }
W/ViewRootImpl(  877): Cancelling event due to no window focus: KeyEvent { action=ACTION_UP, keyCode=KEYCODE_DPAD_LEFT, scanCode=0, metaState=0, flags=0x28, repeatCount=0, eventTime=158022562, downTime=158022562, deviceId=-1, source=0x101 }
W/ViewRootImpl(  877): Dropping event due to no window focus: KeyEvent { action=ACTION_DOWN, keyCode=KEYCODE_DPAD_RIGHT, scanCode=0, metaState=0, flags=0x8, repeatCount=0, eventTime=158022578, downTime=158022578, deviceId=-1, source=0x101 }
I/ActivityManager(  774): START u0 {act=android.intent.action.MAIN cat=[android.intent.category.LAUNCHER] flg=0x10200000 cmp=com.zzl.falcon.internal/com.zzl.falcon.EntranceActivity} from uid 0 on display 0
W/ViewRootImpl(  877): Cancelling event due to no window focus: KeyEvent { action=ACTION_UP, keyCode=KEYCODE_DPAD_RIGHT, scanCode=0, metaState=0, flags=0x28, repeatCount=0, eventTime=158022651, downTime=158022651, deviceId=-1, source=0x101 }
W/ViewRootImpl(  877): Cancelling event due to no window focus: KeyEvent { action=ACTION_UP, keyCode=KEYCODE_DPAD_RIGHT, scanCode=0, metaState=0, flags=0x28, repeatCount=0, eventTime=158022651, downTime=158022651, deviceId=-1, source=0x101 }
W/ViewRootImpl(  877): Cancelling event due to no window focus: KeyEvent { action=ACTION_UP, keyCode=KEYCODE_DPAD_RIGHT, scanCode=0, metaState=0, flags=0x28, repeatCount=0, eventTime=158022651, downTime=158022651, deviceId=-1, source=0x101 }
W/ViewRootImpl(  877): Cancelling event due to no window focus: KeyEvent { action=ACTION_UP, keyCode=KEYCODE_DPAD_RIGHT, scanCode=0, metaState=0, flags=0x28, repeatCount=0, eventTime=158022651, downTime=158022651, deviceId=-1, source=0x101 }
W/ViewRootImpl(  877): Cancelling event due to no window focus: KeyEvent { action=ACTION_UP, keyCode=KEYCODE_DPAD_RIGHT, scanCode=0, metaState=0, flags=0x28, repeatCount=0, eventTime=158022651, downTime=158022651, deviceId=-1, source=0x101 }
W/ViewRootImpl(  877): Cancelling event due to no window focus: KeyEvent { action=ACTION_UP, keyCode=KEYCODE_DPAD_RIGHT, scanCode=0, metaState=0, flags=0x28, repeatCount=0, eventTime=158022651, downTime=158022651, deviceId=-1, source=0x101 }
W/ViewRootImpl(  877): Cancelling event due to no window focus: KeyEvent { action=ACTION_UP, keyCode=KEYCODE_DPAD_RIGHT, scanCode=0, metaState=0, flags=0x28, repeatCount=0, eventTime=158022651, downTime=158022651, deviceId=-1, source=0x101 }
W/ViewRootImpl(  877): Cancelling event due to no window focus: KeyEvent { action=ACTION_UP, keyCode=KEYCODE_DPAD_RIGHT, scanCode=0, metaState=0, flags=0x28, repeatCount=0, eventTime=158022651, downTime=158022651, deviceId=-1, source=0x101 }
W/ViewRootImpl(  877): Cancelling event due to no window focus: KeyEvent { action=ACTION_UP, keyCode=KEYCODE_DPAD_RIGHT, scanCode=0, metaState=0, flags=0x28, repeatCount=0, eventTime=158022651, downTime=158022651, deviceId=-1, source=0x101 }
W/ViewRootImpl(  877): Dropping event due to no window focus: KeyEvent { action=ACTION_DOWN, keyCode=KEYCODE_CALL, scanCode=0, metaState=0, flags=0x8, repeatCount=0, eventTime=158022655, downTime=158022655, deviceId=-1, source=0x101 }
W/ViewRootImpl(  877): Cancelling event due to no window focus: KeyEvent { action=ACTION_UP, keyCode=KEYCODE_CALL, scanCode=0, metaState=0, flags=0x28, repeatCount=0, eventTime=158022664, downTime=158022664, deviceId=-1, source=0x101 }
W/ViewRootImpl(  877): Cancelling event due to no window focus: KeyEvent { action=ACTION_UP, keyCode=KEYCODE_CALL, scanCode=0, metaState=0, flags=0x28, repeatCount=0, eventTime=158022664, downTime=158022664, deviceId=-1, source=0x101 }
W/ViewRootImpl(  877): Cancelling event due to no window focus: KeyEvent { action=ACTION_UP, keyCode=KEYCODE_CALL, scanCode=0, metaState=0, flags=0x28, repeatCount=0, eventTime=158022664, downTime=158022664, deviceId=-1, source=0x101 }
W/ViewRootImpl(  877): Cancelling event due to no window focus: KeyEvent { action=ACTION_UP, keyCode=KEYCODE_CALL, scanCode=0, metaState=0, flags=0x28, repeatCount=0, eventTime=158022664, downTime=158022664, deviceId=-1, source=0x101 }
W/ViewRootImpl(  877): Cancelling event due to no window focus: KeyEvent { action=ACTION_UP, keyCode=KEYCODE_CALL, scanCode=0, metaState=0, flags=0x28, repeatCount=0, eventTime=158022664, downTime=158022664, deviceId=-1, source=0x101 }
W/ViewRootImpl(  877): Cancelling event due to no window focus: KeyEvent { action=ACTION_UP, keyCode=KEYCODE_CALL, scanCode=0, metaState=0, flags=0x28, repeatCount=0, eventTime=158022664, downTime=158022664, deviceId=-1, source=0x101 }
W/ViewRootImpl(  877): Cancelling event due to no window focus: KeyEvent { action=ACTION_UP, keyCode=KEYCODE_CALL, scanCode=0, metaState=0, flags=0x28, repeatCount=0, eventTime=158022664, downTime=158022664, deviceId=-1, source=0x101 }
W/ViewRootImpl(  877): Dropping event due to no window focus: KeyEvent { action=ACTION_DOWN, keyCode=KEYCODE_DPAD_LEFT, scanCode=0, metaState=0, flags=0x8, repeatCount=0, eventTime=158022683, downTime=158022683, deviceId=-1, source=0x101 }
W/ViewRootImpl(  877): Cancelling event due to no window focus: KeyEvent { action=ACTION_UP, keyCode=KEYCODE_DPAD_LEFT, scanCode=0, metaState=0, flags=0x28, repeatCount=0, eventTime=158022687, downTime=158022687, deviceId=-1, source=0x101 }
W/ViewRootImpl(  877): Cancelling event due to no window focus: KeyEvent { action=ACTION_UP, keyCode=KEYCODE_DPAD_LEFT, scanCode=0, metaState=0, flags=0x28, repeatCount=0, eventTime=158022687, downTime=158022687, deviceId=-1, source=0x101 }
W/ViewRootImpl(  877): Cancelling event due to no window focus: KeyEvent { action=ACTION_UP, keyCode=KEYCODE_DPAD_LEFT, scanCode=0, metaState=0, flags=0x28, repeatCount=0, eventTime=158022687, downTime=158022687, deviceId=-1, source=0x101 }
W/ViewRootImpl(  877): Cancelling event due to no window focus: KeyEvent { action=ACTION_UP, keyCode=KEYCODE_DPAD_LEFT, scanCode=0, metaState=0, flags=0x28, repeatCount=0, eventTime=158022687, downTime=158022687, deviceId=-1, source=0x101 }
W/ViewRootImpl(  877): Cancelling event due to no window focus: KeyEvent { action=ACTION_UP, keyCode=KEYCODE_DPAD_LEFT, scanCode=0, metaState=0, flags=0x28, repeatCount=0, eventTime=158022687, downTime=158022687, deviceId=-1, source=0x101 }
W/ViewRootImpl(  877): Cancelling event due to no window focus: KeyEvent { action=ACTION_UP, keyCode=KEYCODE_DPAD_LEFT, scanCode=0, metaState=0, flags=0x28, repeatCount=0, eventTime=158022687, downTime=158022687, deviceId=-1, source=0x101 }
W/ViewRootImpl(  877): Cancelling event due to no window focus: KeyEvent { action=ACTION_UP, keyCode=KEYCODE_DPAD_LEFT, scanCode=0, metaState=0, flags=0x28, repeatCount=0, eventTime=158022687, downTime=158022687, deviceId=-1, source=0x101 }
W/ViewRootImpl(  877): Cancelling event due to no window focus: KeyEvent { action=ACTION_UP, keyCode=KEYCODE_DPAD_LEFT, scanCode=0, metaState=0, flags=0x28, repeatCount=0, eventTime=158022687, downTime=158022687, deviceId=-1, source=0x101 }
W/ViewRootImpl(  877): Cancelling event due to no window focus: KeyEvent { action=ACTION_UP, keyCode=KEYCODE_DPAD_LEFT, scanCode=0, metaState=0, flags=0x28, repeatCount=0, eventTime=158022687, downTime=158022687, deviceId=-1, source=0x101 }
W/ViewRootImpl(  877): Dropping event due to no window focus: KeyEvent { action=ACTION_DOWN, keyCode=KEYCODE_DPAD_LEFT, scanCode=0, metaState=0, flags=0x8, repeatCount=0, eventTime=158022696, downTime=158022696, deviceId=-1, source=0x101 }
W/ViewRootImpl(  877): Cancelling event due to no window focus: KeyEvent { action=ACTION_UP, keyCode=KEYCODE_DPAD_LEFT, scanCode=0, metaState=0, flags=0x28, repeatCount=0, eventTime=158022702, downTime=158022702, deviceId=-1, source=0x101 }
W/ViewRootImpl(  877): Cancelling event due to no window focus: KeyEvent { action=ACTION_UP, keyCode=KEYCODE_DPAD_LEFT, scanCode=0, metaState=0, flags=0x28, repeatCount=0, eventTime=158022702, downTime=158022702, deviceId=-1, source=0x101 }
W/ViewRootImpl(  877): Cancelling event due to no window focus: KeyEvent { action=ACTION_UP, keyCode=KEYCODE_DPAD_LEFT, scanCode=0, metaState=0, flags=0x28, repeatCount=0, eventTime=158022702, downTime=158022702, deviceId=-1, source=0x101 }
W/ViewRootImpl(  877): Cancelling event due to no window focus: KeyEvent { action=ACTION_UP, keyCode=KEYCODE_DPAD_LEFT, scanCode=0, metaState=0, flags=0x28, repeatCount=0, eventTime=158022702, downTime=158022702, deviceId=-1, source=0x101 }
W/ViewRootImpl(  877): Cancelling event due to no window focus: KeyEvent { action=ACTION_UP, keyCode=KEYCODE_DPAD_LEFT, scanCode=0, metaState=0, flags=0x28, repeatCount=0, eventTime=158022702, downTime=158022702, deviceId=-1, source=0x101 }
W/ViewRootImpl(  877): Cancelling event due to no window focus: KeyEvent { action=ACTION_UP, keyCode=KEYCODE_DPAD_LEFT, scanCode=0, metaState=0, flags=0x28, repeatCount=0, eventTime=158022702, downTime=158022702, deviceId=-1, source=0x101 }
W/ViewRootImpl(  877): Cancelling event due to no window focus: KeyEvent { action=ACTION_UP, keyCode=KEYCODE_DPAD_LEFT, scanCode=0, metaState=0, flags=0x28, repeatCount=0, eventTime=158022702, downTime=158022702, deviceId=-1, source=0x101 }
W/ViewRootImpl(  877): Cancelling event due to no window focus: KeyEvent { action=ACTION_UP, keyCode=KEYCODE_DPAD_LEFT, scanCode=0, metaState=0, flags=0x28, repeatCount=0, eventTime=158022702, downTime=158022702, deviceId=-1, source=0x101 }
W/ViewRootImpl(  877): Cancelling event due to no window focus: KeyEvent { action=ACTION_UP, keyCode=KEYCODE_DPAD_LEFT, scanCode=0, metaState=0, flags=0x28, repeatCount=0, eventTime=158022702, downTime=158022702, deviceId=-1, source=0x101 }
W/InputMethodManagerService(  774): Window already focused, ignoring focus gain of: com.android.internal.view.IInputMethodClient$Stub$Proxy@35baab3c attribute=null, token = android.os.BinderProxy@8a3d7e9
D/ConnectivityService(  774): setProvNotificationVisibleIntent: E visible=false networkType=0 extraInfo=null
D/Genyd   (  117): Received Set Clipboard
D/Genymotion(  117): Received Set Clipboard
D/Genyd   (  117): Received Set Clipboard
D/Genymotion(  117): Received Set Clipboard
I/ProcessStatsService(  774): Prepared write state in 0ms
D/ConnectivityService(  774): setProvNotificationVisibleIntent: E visible=false networkType=0 extraInfo=null
D/Genyd   (  117): Received Set Clipboard
D/Genymotion(  117): Received Set Clipboard
D/Genyd   (  117): Received Set Clipboard
D/Genymotion(  117): Received Set Clipboard
D/Genyd   (  117): Received Set Clipboard
D/Genymotion(  117): Received Set Clipboard
W/ActivityManager(  774): Unable to start service Intent { act=com.zzl.itoube.intent.action.COCKROACH flg=0x4 (has extras) } U=0: not found
W/ActivityManager(  774): Unable to start service Intent { act=com.zzl.falcon.internal.intent.action.COCKROACH flg=0x4 (has extras) } U=0: not found
D/Genyd   (  117): Received Set Clipboard
D/Genymotion(  117): Received Set Clipboard
D/Genyd   (  117): Received Set Clipboard
D/Genymotion(  117): Received Set Clipboard
D/Genyd   (  117): Received Set Clipboard
D/Genymotion(  117): Received Set Clipboard
D/Genyd   (  117): Received Set Clipboard
D/Genymotion(  117): Received Set Clipboard
D/Genyd   (  117): Received Set Clipboard
D/Genymotion(  117): Received Set Clipboard
D/Genyd   (  117): Received Set Clipboard
D/Genymotion(  117): Received Set Clipboard
D/Genyd   (  117): Received Set Clipboard
D/Genymotion(  117): Received Set Clipboard
D/Genyd   (  117): Received Set Clipboard
D/Genymotion(  117): Received Set Clipboard
W/BroadcastQueue(  774): Skipping deliver [background] BroadcastRecord{2f76cb40 u-1 android.net.conn.CONNECTIVITY_CHANGE} to ReceiverList{1b023a79 12628 (unknown name)/0/u-1 remote:2b302272}: process crashing
I/ActivityManager(  774): START u0 {act=android.intent.action.MAIN cat=[android.intent.category.LAUNCHER] flg=0x10200000 cmp=com.zzl.falcon.internal/com.zzl.falcon.EntranceActivity} from uid 0 on display 0
I/UsageStatsService(  774): User[0] Rolling over usage stats
I/UsageStatsService(  774): User[0] Flushing usage stats to disk
W/InputManager(  774): Input event injection from pid 12628 failed.
W/InputManager(  774): Input event injection from pid 12628 failed.
I/UsageStatsService(  774): User[0] Rollover scheduled @ 2017-12-04 19:00:00(1512432000000)
I/UsageStatsService(  774): User[0] Flushing usage stats to disk
I/UsageStatsService(  774): User[0] Rolling over usage stats complete. Took 129 milliseconds
W/ViewRootImpl( 1574): Dropping event due to no window focus: KeyEvent { action=ACTION_DOWN, keyCode=KEYCODE_DPAD_CENTER, scanCode=0, metaState=0, flags=0x8, repeatCount=0, eventTime=159252080, downTime=159252080, deviceId=-1, source=0x101 }
W/ViewRootImpl( 1574): Cancelling event due to no window focus: KeyEvent { action=ACTION_UP, keyCode=KEYCODE_DPAD_CENTER, scanCode=0, metaState=0, flags=0x28, repeatCount=0, eventTime=159252488, downTime=159252488, deviceId=-1, source=0x101 }
W/ViewRootImpl( 1574): Cancelling event due to no window focus: KeyEvent { action=ACTION_UP, keyCode=KEYCODE_DPAD_CENTER, scanCode=0, metaState=0, flags=0x28, repeatCount=0, eventTime=159252488, downTime=159252488, deviceId=-1, source=0x101 }
W/ViewRootImpl( 1574): Cancelling event due to no window focus: KeyEvent { action=ACTION_UP, keyCode=KEYCODE_DPAD_CENTER, scanCode=0, metaState=0, flags=0x28, repeatCount=0, eventTime=159252488, downTime=159252488, deviceId=-1, source=0x101 }
W/ViewRootImpl( 1574): Cancelling event due to no window focus: KeyEvent { action=ACTION_UP, keyCode=KEYCODE_DPAD_CENTER, scanCode=0, metaState=0, flags=0x28, repeatCount=0, eventTime=159252488, downTime=159252488, deviceId=-1, source=0x101 }
W/ViewRootImpl( 1574): Cancelling event due to no window focus: KeyEvent { action=ACTION_UP, keyCode=KEYCODE_DPAD_CENTER, scanCode=0, metaState=0, flags=0x28, repeatCount=0, eventTime=159252488, downTime=159252488, deviceId=-1, source=0x101 }
W/ViewRootImpl( 1574): Cancelling event due to no window focus: KeyEvent { action=ACTION_UP, keyCode=KEYCODE_DPAD_CENTER, scanCode=0, metaState=0, flags=0x28, repeatCount=0, eventTime=159252488, downTime=159252488, deviceId=-1, source=0x101 }
W/ViewRootImpl( 1574): Cancelling event due to no window focus: KeyEvent { action=ACTION_UP, keyCode=KEYCODE_DPAD_CENTER, scanCode=0, metaState=0, flags=0x28, repeatCount=0, eventTime=159252488, downTime=159252488, deviceId=-1, source=0x101 }
W/ViewRootImpl( 1574): Cancelling event due to no window focus: KeyEvent { action=ACTION_UP, keyCode=KEYCODE_DPAD_CENTER, scanCode=0, metaState=0, flags=0x28, repeatCount=0, eventTime=159252488, downTime=159252488, deviceId=-1, source=0x101 }
W/ViewRootImpl( 1574): Cancelling event due to no window focus: KeyEvent { action=ACTION_UP, keyCode=KEYCODE_DPAD_CENTER, scanCode=0, metaState=0, flags=0x28, repeatCount=0, eventTime=159252488, downTime=159252488, deviceId=-1, source=0x101 }
I/ActivityManager(  774): START u0 {cmp=com.zzl.falcon.internal/com.zzl.falcon.WebViewActivity (has extras)} from uid 10099 on display 0
V/WindowManager(  774): addAppToken: AppWindowToken{acbbfb1 token=Token{1cbac258 ActivityRecord{4251b3b u0 com.zzl.falcon.internal/com.zzl.falcon.WebViewActivity t189}}} to stack=1 task=189 at 2
V/WindowManager(  774): Adding window Window{2c03017 u0 com.zzl.falcon.internal/com.zzl.falcon.WebViewActivity} at 4 of 9 (after Window{c21c6e u0 com.zzl.falcon.internal/com.zzl.falcon.WebViewActivity})
W/ViewRootImpl( 1574): Cancelling event due to no window focus: KeyEvent { action=ACTION_UP, keyCode=KEYCODE_RO, scanCode=0, metaState=0, flags=0x28, repeatCount=0, eventTime=159254165, downTime=159254165, deviceId=-1, source=0x101 }
W/ViewRootImpl( 1574): Cancelling event due to no window focus: KeyEvent { action=ACTION_UP, keyCode=KEYCODE_RO, scanCode=0, metaState=0, flags=0x28, repeatCount=0, eventTime=159254165, downTime=159254165, deviceId=-1, source=0x101 }
W/ViewRootImpl( 1574): Cancelling event due to no window focus: KeyEvent { action=ACTION_UP, keyCode=KEYCODE_RO, scanCode=0, metaState=0, flags=0x28, repeatCount=0, eventTime=159254165, downTime=159254165, deviceId=-1, source=0x101 }
W/ViewRootImpl( 1574): Cancelling event due to no window focus: KeyEvent { action=ACTION_UP, keyCode=KEYCODE_RO, scanCode=0, metaState=0, flags=0x28, repeatCount=0, eventTime=159254165, downTime=159254165, deviceId=-1, source=0x101 }
W/ViewRootImpl( 1574): Cancelling event due to no window focus: KeyEvent { action=ACTION_UP, keyCode=KEYCODE_RO, scanCode=0, metaState=0, flags=0x28, repeatCount=0, eventTime=159254165, downTime=159254165, deviceId=-1, source=0x101 }
W/ViewRootImpl( 1574): Cancelling event due to no window focus: KeyEvent { action=ACTION_UP, keyCode=KEYCODE_RO, scanCode=0, metaState=0, flags=0x28, repeatCount=0, eventTime=159254165, downTime=159254165, deviceId=-1, source=0x101 }
W/ViewRootImpl( 1574): Dropping event due to no window focus: KeyEvent { action=ACTION_DOWN, keyCode=KEYCODE_DPAD_UP, scanCode=0, metaState=0, flags=0x8, repeatCount=0, eventTime=159255662, downTime=159255662, deviceId=-1, source=0x101 }
W/ViewRootImpl( 1574): Cancelling event due to no window focus: KeyEvent { action=ACTION_UP, keyCode=KEYCODE_DPAD_UP, scanCode=0, metaState=0, flags=0x28, repeatCount=0, eventTime=159255736, downTime=159255736, deviceId=-1, source=0x101 }
W/ViewRootImpl( 1574): Cancelling event due to no window focus: KeyEvent { action=ACTION_UP, keyCode=KEYCODE_DPAD_UP, scanCode=0, metaState=0, flags=0x28, repeatCount=0, eventTime=159255736, downTime=159255736, deviceId=-1, source=0x101 }
W/ViewRootImpl( 1574): Cancelling event due to no window focus: KeyEvent { action=ACTION_UP, keyCode=KEYCODE_DPAD_UP, scanCode=0, metaState=0, flags=0x28, repeatCount=0, eventTime=159255736, downTime=159255736, deviceId=-1, source=0x101 }
W/ViewRootImpl( 1574): Cancelling event due to no window focus: KeyEvent { action=ACTION_UP, keyCode=KEYCODE_DPAD_UP, scanCode=0, metaState=0, flags=0x28, repeatCount=0, eventTime=159255736, downTime=159255736, deviceId=-1, source=0x101 }
W/ViewRootImpl( 1574): Cancelling event due to no window focus: KeyEvent { action=ACTION_UP, keyCode=KEYCODE_DPAD_UP, scanCode=0, metaState=0, flags=0x28, repeatCount=0, eventTime=159255736, downTime=159255736, deviceId=-1, source=0x101 }
W/ViewRootImpl( 1574): Cancelling event due to no window focus: KeyEvent { action=ACTION_UP, keyCode=KEYCODE_DPAD_UP, scanCode=0, metaState=0, flags=0x28, repeatCount=0, eventTime=159255736, downTime=159255736, deviceId=-1, source=0x101 }
W/ViewRootImpl( 1574): Dropping event due to no window focus: KeyEvent { action=ACTION_DOWN, keyCode=KEYCODE_MENU, scanCode=0, metaState=0, flags=0x8, repeatCount=0, eventTime=159255748, downTime=159255748, deviceId=-1, source=0x101 }
W/ViewRootImpl( 1574): Cancelling event due to no window focus: KeyEvent { action=ACTION_UP, keyCode=KEYCODE_MENU, scanCode=0, metaState=0, flags=0x28, repeatCount=0, eventTime=159255754, downTime=159255754, deviceId=-1, source=0x101 }
W/ViewRootImpl( 1574): Cancelling event due to no window focus: KeyEvent { action=ACTION_UP, keyCode=KEYCODE_MENU, scanCode=0, metaState=0, flags=0x28, repeatCount=0, eventTime=159255754, downTime=159255754, deviceId=-1, source=0x101 }
W/ViewRootImpl( 1574): Cancelling event due to no window focus: KeyEvent { action=ACTION_UP, keyCode=KEYCODE_MENU, scanCode=0, metaState=0, flags=0x28, repeatCount=0, eventTime=159255754, downTime=159255754, deviceId=-1, source=0x101 }
W/ViewRootImpl( 1574): Cancelling event due to no window focus: KeyEvent { action=ACTION_UP, keyCode=KEYCODE_MENU, scanCode=0, metaState=0, flags=0x28, repeatCount=0, eventTime=159255754, downTime=159255754, deviceId=-1, source=0x101 }
W/ViewRootImpl( 1574): Cancelling event due to no window focus: KeyEvent { action=ACTION_UP, keyCode=KEYCODE_MENU, scanCode=0, metaState=0, flags=0x28, repeatCount=0, eventTime=159255754, downTime=159255754, deviceId=-1, source=0x101 }
W/ViewRootImpl( 1574): Cancelling event due to no window focus: KeyEvent { action=ACTION_UP, keyCode=KEYCODE_MENU, scanCode=0, metaState=0, flags=0x28, repeatCount=0, eventTime=159255754, downTime=159255754, deviceId=-1, source=0x101 }
I/ActivityManager(  774): START u0 {act=android.intent.action.MAIN cat=[android.intent.category.LAUNCHER] flg=0x10200000 cmp=com.zzl.falcon.internal/com.zzl.falcon.EntranceActivity} from uid 0 on display 0
V/WindowManager(  774): Adding window Window{3dc8c86e u0 SubPanel:com.zzl.falcon.internal/com.zzl.falcon.WebViewActivity} at 4 of 9 (after Window{2c03017 u0 com.zzl.falcon.internal/com.zzl.falcon.WebViewActivity})
W/ViewRootImpl( 1574): Dropping event due to no window focus: KeyEvent { action=ACTION_DOWN, keyCode=KEYCODE_DPAD_RIGHT, scanCode=0, metaState=0, flags=0x8, repeatCount=0, eventTime=159262204, downTime=159262204, deviceId=-1, source=0x101 }
W/ViewRootImpl( 1574): Cancelling event due to no window focus: KeyEvent { action=ACTION_UP, keyCode=KEYCODE_DPAD_RIGHT, scanCode=0, metaState=0, flags=0x28, repeatCount=0, eventTime=159262570, downTime=159262570, deviceId=-1, source=0x101 }
W/ViewRootImpl( 1574): Cancelling event due to no window focus: KeyEvent { action=ACTION_UP, keyCode=KEYCODE_DPAD_RIGHT, scanCode=0, metaState=0, flags=0x28, repeatCount=0, eventTime=159262570, downTime=159262570, deviceId=-1, source=0x101 }
W/ViewRootImpl( 1574): Cancelling event due to no window focus: KeyEvent { action=ACTION_UP, keyCode=KEYCODE_DPAD_RIGHT, scanCode=0, metaState=0, flags=0x28, repeatCount=0, eventTime=159262570, downTime=159262570, deviceId=-1, source=0x101 }
W/ViewRootImpl( 1574): Cancelling event due to no window focus: KeyEvent { action=ACTION_UP, keyCode=KEYCODE_DPAD_RIGHT, scanCode=0, metaState=0, flags=0x28, repeatCount=0, eventTime=159262570, downTime=159262570, deviceId=-1, source=0x101 }
W/ViewRootImpl( 1574): Cancelling event due to no window focus: KeyEvent { action=ACTION_UP, keyCode=KEYCODE_DPAD_RIGHT, scanCode=0, metaState=0, flags=0x28, repeatCount=0, eventTime=159262570, downTime=159262570, deviceId=-1, source=0x101 }
W/ViewRootImpl( 1574): Cancelling event due to no window focus: KeyEvent { action=ACTION_UP, keyCode=KEYCODE_DPAD_RIGHT, scanCode=0, metaState=0, flags=0x28, repeatCount=0, eventTime=159262570, downTime=159262570, deviceId=-1, source=0x101 }
W/ViewRootImpl( 1574): Cancelling event due to no window focus: KeyEvent { action=ACTION_UP, keyCode=KEYCODE_DPAD_RIGHT, scanCode=0, metaState=0, flags=0x28, repeatCount=0, eventTime=159262570, downTime=159262570, deviceId=-1, source=0x101 }
W/ViewRootImpl( 1574): Cancelling event due to no window focus: KeyEvent { action=ACTION_UP, keyCode=KEYCODE_DPAD_RIGHT, scanCode=0, metaState=0, flags=0x28, repeatCount=0, eventTime=159262570, downTime=159262570, deviceId=-1, source=0x101 }
W/ViewRootImpl( 1574): Cancelling event due to no window focus: KeyEvent { action=ACTION_UP, keyCode=KEYCODE_DPAD_RIGHT, scanCode=0, metaState=0, flags=0x28, repeatCount=0, eventTime=159262570, downTime=159262570, deviceId=-1, source=0x101 }
W/ViewRootImpl( 1574): Cancelling event due to no window focus: KeyEvent { action=ACTION_UP, keyCode=KEYCODE_STAR, scanCode=0, metaState=0, flags=0x28, repeatCount=0, eventTime=159263961, downTime=159263961, deviceId=-1, source=0x101 }
W/ViewRootImpl( 1574): Cancelling event due to no window focus: KeyEvent { action=ACTION_UP, keyCode=KEYCODE_STAR, scanCode=0, metaState=0, flags=0x28, repeatCount=0, eventTime=159263961, downTime=159263961, deviceId=-1, source=0x101 }
W/ViewRootImpl( 1574): Cancelling event due to no window focus: KeyEvent { action=ACTION_UP, keyCode=KEYCODE_STAR, scanCode=0, metaState=0, flags=0x28, repeatCount=0, eventTime=159263961, downTime=159263961, deviceId=-1, source=0x101 }
W/ViewRootImpl( 1574): Cancelling event due to no window focus: KeyEvent { action=ACTION_UP, keyCode=KEYCODE_DPAD_UP, scanCode=0, metaState=0, flags=0x420, repeatCount=0, eventTime=159262990, downTime=159262990, deviceId=-1, source=0x101 }
W/ViewRootImpl( 1574): Cancelling event due to no window focus: KeyEvent { action=ACTION_UP, keyCode=KEYCODE_DPAD_UP, scanCode=0, metaState=0, flags=0x420, repeatCount=0, eventTime=159262990, downTime=159262990, deviceId=-1, source=0x101 }
W/ViewRootImpl( 1574): Cancelling event due to no window focus: KeyEvent { action=ACTION_UP, keyCode=KEYCODE_DPAD_UP, scanCode=0, metaState=0, flags=0x420, repeatCount=0, eventTime=159262990, downTime=159262990, deviceId=-1, source=0x101 }
W/ViewRootImpl( 1574): Cancelling event due to no window focus: KeyEvent { action=ACTION_UP, keyCode=KEYCODE_DPAD_UP, scanCode=0, metaState=0, flags=0x420, repeatCount=0, eventTime=159262990, downTime=159262990, deviceId=-1, source=0x101 }
W/ViewRootImpl( 1574): Cancelling event due to no window focus: KeyEvent { action=ACTION_UP, keyCode=KEYCODE_STAR, scanCode=0, metaState=0, flags=0x28, repeatCount=0, eventTime=159263961, downTime=159263961, deviceId=-1, source=0x101 }
W/ViewRootImpl( 1574): Cancelling event due to no window focus: KeyEvent { action=ACTION_UP, keyCode=KEYCODE_STAR, scanCode=0, metaState=0, flags=0x28, repeatCount=0, eventTime=159263961, downTime=159263961, deviceId=-1, source=0x101 }
W/ViewRootImpl( 1574): Cancelling event due to no window focus: KeyEvent { action=ACTION_UP, keyCode=KEYCODE_STAR, scanCode=0, metaState=0, flags=0x28, repeatCount=0, eventTime=159263961, downTime=159263961, deviceId=-1, source=0x101 }
W/InputMethodManagerService(  774): Window already focused, ignoring focus gain of: com.android.internal.view.IInputMethodClient$Stub$Proxy@2ea30b0f attribute=null, token = android.os.BinderProxy@210ebc96
W/ViewRootImpl( 1574): Dropping event due to no window focus: MotionEvent { action=ACTION_MOVE, id[0]=0, x[0]=-4.0, y[0]=-1.0, toolType[0]=TOOL_TYPE_UNKNOWN, buttonState=0, metaState=0, flags=0x0, edgeFlags=0x0, pointerCount=1, historySize=2, eventTime=159265477, downTime=-1, deviceId=0, source=0x10004 }
W/ViewRootImpl( 1574): Cancelling event due to no window focus: KeyEvent { action=ACTION_UP, keyCode=KEYCODE_DPAD_DOWN, scanCode=0, metaState=0, flags=0x420, repeatCount=0, eventTime=159265450, downTime=159265450, deviceId=-1, source=0x101 }
