I/ActivityManager(  774): START u0 {act=android.intent.action.MAIN cat=[android.intent.category.LAUNCHER] flg=0x10200000 cmp=com.zzl.falcon.internal/com.zzl.falcon.EntranceActivity} from uid 0 on display 0
D/awcn.DefaultHeartbeatImpl( 1574): |[seq:umeng:56aadbf567e58e38d4000976.AWCN1_1] heartbeat session:Session@[umeng:56aadbf567e58e38d4000976.AWCN1_1|http2_0rtt_acs]
D/awcn.TnetSpdySession( 1574): |[seq:umeng:56aadbf567e58e38d4000976.AWCN1_1] ping host:https://umengacs.m.taobao.com thread:AWCN Scheduler1
D/awcn.TnetSpdySession( 1574): |[seq:umeng:56aadbf567e58e38d4000976.AWCN1_1] https://umengacs.m.taobao.com submit ping ms:45051 force:true
D/awcn.DefaultHeartbeatImpl( 1574): |[seq:umeng:56aadbf567e58e38d4000976.AWCN1_1] reSchedule session:Session@[umeng:56aadbf567e58e38d4000976.AWCN1_1|http2_0rtt_acs] delay:45051
I/awcn.TnetSpdySession( 1574): |[seq:umeng:56aadbf567e58e38d4000976.AWCN1_1] ping receive Host:https://umengacs.m.taobao.com id:7135
I/Choreographer( 1574): Skipped 34 frames!  The application may be doing too much work on its main thread.
I/AppiumUnicodeIME(  914): onKeyDown (keyCode='20', event.keyCode='20', metaState='0')
I/AppiumUnicodeIME(  914): onKeyUp (keyCode='20', event.keyCode='20', metaState='0')
I/AppiumUnicodeIME(  914): onKeyDown (keyCode='20', event.keyCode='20', metaState='0')
I/AppiumUnicodeIME(  914): onKeyUp (keyCode='20', event.keyCode='20', metaState='0')
I/AppiumUnicodeIME(  914): onKeyDown (keyCode='20', event.keyCode='20', metaState='0')
I/AppiumUnicodeIME(  914): onKeyUp (keyCode='20', event.keyCode='20', metaState='0')
I/AppiumUnicodeIME(  914): onKeyDown (keyCode='20', event.keyCode='20', metaState='0')
I/AppiumUnicodeIME(  914): onKeyUp (keyCode='20', event.keyCode='20', metaState='0')
I/AppiumUnicodeIME(  914): onKeyDown (keyCode='20', event.keyCode='20', metaState='0')
I/AppiumUnicodeIME(  914): onKeyUp (keyCode='20', event.keyCode='20', metaState='0')
I/AppiumUnicodeIME(  914): onKeyDown (keyCode='20', event.keyCode='20', metaState='0')
I/AppiumUnicodeIME(  914): onKeyUp (keyCode='20', event.keyCode='20', metaState='0')
I/AppiumUnicodeIME(  914): onKeyDown (keyCode='19', event.keyCode='19', metaState='0')
I/AppiumUnicodeIME(  914): onKeyUp (keyCode='19', event.keyCode='19', metaState='0')
I/AppiumUnicodeIME(  914): onKeyDown (keyCode='22', event.keyCode='22', metaState='0')
I/AppiumUnicodeIME(  914): onKeyUp (keyCode='22', event.keyCode='22', metaState='0')
I/AppiumUnicodeIME(  914): onKeyDown (keyCode='19', event.keyCode='19', metaState='0')
I/art     (  877): Explicit concurrent mark sweep GC freed 5513(294KB) AllocSpace objects, 0(0B) LOS objects, 39% free, 9MB/15MB, paused 369us total 22.431ms
I/AppiumUnicodeIME(  914): onKeyUp (keyCode='19', event.keyCode='19', metaState='0')
I/AppiumUnicodeIME(  914): onKeyDown (keyCode='20', event.keyCode='20', metaState='0')
I/AppiumUnicodeIME(  914): onKeyUp (keyCode='20', event.keyCode='20', metaState='0')
I/AppiumUnicodeIME(  914): onKeyDown (keyCode='103', event.keyCode='103', metaState='0')
I/chromium( 1574): [INFO:CONSOLE(1)] "Uncaught ReferenceError: jump is not defined", source:  (1)
I/AppiumUnicodeIME(  914): onKeyUp (keyCode='103', event.keyCode='103', metaState='0')
I/AppiumUnicodeIME(  914): onKeyDown (keyCode='181', event.keyCode='181', metaState='0')
I/AppiumUnicodeIME(  914): onKeyUp (keyCode='181', event.keyCode='181', metaState='0')
I/AppiumUnicodeIME(  914): onKeyDown (keyCode='22', event.keyCode='22', metaState='0')
I/AppiumUnicodeIME(  914): onKeyUp (keyCode='22', event.keyCode='22', metaState='0')
I/AppiumUnicodeIME(  914): onKeyDown (keyCode='20', event.keyCode='20', metaState='0')
I/AppiumUnicodeIME(  914): onKeyUp (keyCode='20', event.keyCode='20', metaState='0')
I/AppiumUnicodeIME(  914): onKeyDown (keyCode='22', event.keyCode='22', metaState='0')
I/AppiumUnicodeIME(  914): onKeyUp (keyCode='22', event.keyCode='22', metaState='0')
I/AppiumUnicodeIME(  914): onKeyDown (keyCode='21', event.keyCode='21', metaState='0')
I/AppiumUnicodeIME(  914): onKeyUp (keyCode='21', event.keyCode='21', metaState='0')
I/AppiumUnicodeIME(  914): onKeyDown (keyCode='82', event.keyCode='82', metaState='0')
W/UnimplementedWebViewApi( 1574): Unimplemented WebView method onKeyDown called from: android.webkit.WebView.onKeyDown(WebView.java:2310)
I/AppiumUnicodeIME(  914): onKeyUp (keyCode='82', event.keyCode='82', metaState='0')
W/AudioTrack(  774): AUDIO_OUTPUT_FLAG_FAST denied by client
I/art     (12928): System.exit called, status: 0
I/AndroidRuntime(12928): VM exiting with result code 0.
I/art     (  774): Explicit concurrent mark sweep GC freed 7392(299KB) AllocSpace objects, 0(0B) LOS objects, 33% free, 9MB/14MB, paused 8.634ms total 84.259ms
I/art     (  877): Explicit concurrent mark sweep GC freed 4268(211KB) AllocSpace objects, 0(0B) LOS objects, 39% free, 9MB/15MB, paused 971us total 22.498ms
I/art     (  774): Explicit concurrent mark sweep GC freed 6680(267KB) AllocSpace objects, 0(0B) LOS objects, 33% free, 9MB/14MB, paused 926us total 47.356ms
I/art     (  877): Explicit concurrent mark sweep GC freed 3920(199KB) AllocSpace objects, 0(0B) LOS objects, 39% free, 9MB/15MB, paused 1.172ms total 18.737ms
I/art     (  774): Explicit concurrent mark sweep GC freed 6853(276KB) AllocSpace objects, 0(0B) LOS objects, 33% free, 9MB/14MB, paused 979us total 51.504ms
I/art     (  877): Explicit concurrent mark sweep GC freed 3641(189KB) AllocSpace objects, 0(0B) LOS objects, 39% free, 9MB/15MB, paused 751us total 15.455ms
I/art     (  774): Explicit concurrent mark sweep GC freed 6460(258KB) AllocSpace objects, 0(0B) LOS objects, 33% free, 9MB/14MB, paused 1.170ms total 46.586ms
I/art     (  877): Explicit concurrent mark sweep GC freed 3622(188KB) AllocSpace objects, 0(0B) LOS objects, 39% free, 9MB/15MB, paused 700us total 14.341ms
I/art     (  774): Explicit concurrent mark sweep GC freed 6431(256KB) AllocSpace objects, 0(0B) LOS objects, 33% free, 9MB/14MB, paused 1.009ms total 33.678ms
I/art     (  877): Explicit concurrent mark sweep GC freed 3612(188KB) AllocSpace objects, 0(0B) LOS objects, 40% free, 9MB/15MB, paused 917us total 19.320ms
I/art     (  774): Explicit concurrent mark sweep GC freed 6433(257KB) AllocSpace objects, 0(0B) LOS objects, 33% free, 9MB/14MB, paused 656us total 60.938ms
I/art     (  877): Explicit concurrent mark sweep GC freed 3621(188KB) AllocSpace objects, 0(0B) LOS objects, 40% free, 9MB/15MB, paused 488us total 13.986ms
I/art     (  774): Explicit concurrent mark sweep GC freed 6314(251KB) AllocSpace objects, 0(0B) LOS objects, 33% free, 9MB/14MB, paused 671us total 28.932ms
I/art     (  877): Explicit concurrent mark sweep GC freed 3621(188KB) AllocSpace objects, 0(0B) LOS objects, 40% free, 9MB/15MB, paused 729us total 17.275ms
I/art     (  774): Explicit concurrent mark sweep GC freed 6493(272KB) AllocSpace objects, 1(16KB) LOS objects, 33% free, 9MB/14MB, paused 1.223ms total 27.993ms
D/awcn.DefaultHeartbeatImpl( 1574): |[seq:umeng:56aadbf567e58e38d4000976.AWCN1_1] heartbeat session:Session@[umeng:56aadbf567e58e38d4000976.AWCN1_1|http2_0rtt_acs]
D/awcn.TnetSpdySession( 1574): |[seq:umeng:56aadbf567e58e38d4000976.AWCN1_1] ping host:https://umengacs.m.taobao.com thread:AWCN Scheduler1
D/awcn.TnetSpdySession( 1574): |[seq:umeng:56aadbf567e58e38d4000976.AWCN1_1] https://umengacs.m.taobao.com submit ping ms:45050 force:true
D/awcn.DefaultHeartbeatImpl( 1574): |[seq:umeng:56aadbf567e58e38d4000976.AWCN1_1] reSchedule session:Session@[umeng:56aadbf567e58e38d4000976.AWCN1_1|http2_0rtt_acs] delay:45050
I/awcn.TnetSpdySession( 1574): |[seq:umeng:56aadbf567e58e38d4000976.AWCN1_1] ping receive Host:https://umengacs.m.taobao.com id:7137
I/art     (  877): Explicit concurrent mark sweep GC freed 3622(188KB) AllocSpace objects, 0(0B) LOS objects, 40% free, 9MB/15MB, paused 944us total 15.514ms
I/art     (  774): Explicit concurrent mark sweep GC freed 6448(257KB) AllocSpace objects, 0(0B) LOS objects, 33% free, 9MB/14MB, paused 2.985ms total 28.890ms
I/art     (  877): Explicit concurrent mark sweep GC freed 3612(188KB) AllocSpace objects, 0(0B) LOS objects, 40% free, 9MB/15MB, paused 853us total 21.987ms
I/art     (  774): Explicit concurrent mark sweep GC freed 6433(257KB) AllocSpace objects, 0(0B) LOS objects, 33% free, 9MB/14MB, paused 1.456ms total 25.014ms
I/art     (  877): Explicit concurrent mark sweep GC freed 3621(188KB) AllocSpace objects, 0(0B) LOS objects, 40% free, 9MB/15MB, paused 526us total 24.792ms
I/art     (  774): Explicit concurrent mark sweep GC freed 7042(303KB) AllocSpace objects, 0(0B) LOS objects, 33% free, 9MB/14MB, paused 459us total 27.702ms
I/art     (  877): Explicit concurrent mark sweep GC freed 3622(188KB) AllocSpace objects, 0(0B) LOS objects, 40% free, 9MB/15MB, paused 466us total 23.956ms
I/art     (  774): Explicit concurrent mark sweep GC freed 6459(258KB) AllocSpace objects, 0(0B) LOS objects, 33% free, 9MB/14MB, paused 547us total 22.655ms
I/art     (  877): Explicit concurrent mark sweep GC freed 3621(188KB) AllocSpace objects, 0(0B) LOS objects, 40% free, 9MB/15MB, paused 596us total 20.912ms
I/art     (  774): Explicit concurrent mark sweep GC freed 6026(237KB) AllocSpace objects, 0(0B) LOS objects, 33% free, 9MB/14MB, paused 380us total 30.452ms
I/tnet-jni( 1419): 101 - [spdyPingRecvCallback] - 
I/tnet-jni( 1419): 101 - [SpdySessionCallBack.spdyPingRecvCallback] - org.android.spdy.SpdySession@15ea5a37
D/accs.SpdyConnection( 1419):  spdyPingRecvCallback uniId:1532
D/accs.MessageHandler( 1419):  onRcvPing
D/accs.HeartbeatManager( 1419):  onHeartbeatSucc
D/accs.OrangeAdapter( 1419):  isSmartHb result:true
D/accs.HeartbeatManager( 1419):  set 480
D/accs.UtilityImpl( 1419):  setServiceTime:1512356042386
I/art     (  877): Explicit concurrent mark sweep GC freed 3939(200KB) AllocSpace objects, 0(0B) LOS objects, 39% free, 9MB/15MB, paused 535us total 19.349ms
I/art     (  774): Explicit concurrent mark sweep GC freed 6884(278KB) AllocSpace objects, 0(0B) LOS objects, 33% free, 9MB/14MB, paused 1.245ms total 31.977ms
I/art     (  877): Explicit concurrent mark sweep GC freed 3641(189KB) AllocSpace objects, 0(0B) LOS objects, 39% free, 9MB/15MB, paused 1.836ms total 27.642ms
I/art     (  774): Explicit concurrent mark sweep GC freed 6458(258KB) AllocSpace objects, 0(0B) LOS objects, 33% free, 9MB/14MB, paused 1.477ms total 38.527ms
I/art     (  877): Explicit concurrent mark sweep GC freed 3622(188KB) AllocSpace objects, 0(0B) LOS objects, 39% free, 9MB/15MB, paused 598us total 25.126ms
I/art     (  774): Explicit concurrent mark sweep GC freed 6432(256KB) AllocSpace objects, 0(0B) LOS objects, 33% free, 9MB/14MB, paused 2.665ms total 41.391ms
I/tnet-jni( 1467): 104 - [spdyPingRecvCallback] - 
I/tnet-jni( 1467): 104 - [SpdySessionCallBack.spdyPingRecvCallback] - org.android.spdy.SpdySession@26860312
D/accs.SilenceConn_umeng:56aadbf567e58e38d4000976( 1467):  spdyPingRecvCallback uniId:1532
D/accs.MsgRecv_umeng:56aadbf567e58e38d4000976( 1467):  onRcvPing
D/accs.HeartbeatManager( 1467):  onHeartbeatSucc
D/accs.OrangeAdapter( 1467):  isSmartHb result:true
D/accs.HeartbeatManager( 1467):  set 480
D/accs.UtilityImpl( 1467):  setServiceTime:1512356059683
I/art     (  877): Explicit concurrent mark sweep GC freed 3612(188KB) AllocSpace objects, 0(0B) LOS objects, 40% free, 9MB/15MB, paused 867us total 23.565ms
D/awcn.DefaultHeartbeatImpl( 1574): |[seq:umeng:56aadbf567e58e38d4000976.AWCN1_1] heartbeat session:Session@[umeng:56aadbf567e58e38d4000976.AWCN1_1|http2_0rtt_acs]
D/awcn.TnetSpdySession( 1574): |[seq:umeng:56aadbf567e58e38d4000976.AWCN1_1] ping host:https://umengacs.m.taobao.com thread:AWCN Scheduler1
D/awcn.TnetSpdySession( 1574): |[seq:umeng:56aadbf567e58e38d4000976.AWCN1_1] https://umengacs.m.taobao.com submit ping ms:45051 force:true
D/awcn.DefaultHeartbeatImpl( 1574): |[seq:umeng:56aadbf567e58e38d4000976.AWCN1_1] reSchedule session:Session@[umeng:56aadbf567e58e38d4000976.AWCN1_1|http2_0rtt_acs] delay:45052
I/awcn.TnetSpdySession( 1574): |[seq:umeng:56aadbf567e58e38d4000976.AWCN1_1] ping receive Host:https://umengacs.m.taobao.com id:7139
I/art     (  774): Explicit concurrent mark sweep GC freed 6618(267KB) AllocSpace objects, 0(0B) LOS objects, 33% free, 9MB/14MB, paused 10.788ms total 50.854ms
I/art     (  877): Explicit concurrent mark sweep GC freed 3621(188KB) AllocSpace objects, 0(0B) LOS objects, 40% free, 9MB/15MB, paused 499us total 12.515ms
I/art     (  774): Explicit concurrent mark sweep GC freed 7744(315KB) AllocSpace objects, 0(0B) LOS objects, 33% free, 9MB/14MB, paused 879us total 29.740ms
I/art     (  877): Explicit concurrent mark sweep GC freed 3622(188KB) AllocSpace objects, 0(0B) LOS objects, 40% free, 9MB/15MB, paused 388us total 15.089ms
I/art     (  774): Explicit concurrent mark sweep GC freed 6482(260KB) AllocSpace objects, 0(0B) LOS objects, 33% free, 9MB/14MB, paused 7.651ms total 51.868ms
I/art     (  877): Explicit concurrent mark sweep GC freed 3621(188KB) AllocSpace objects, 0(0B) LOS objects, 40% free, 9MB/15MB, paused 2.839ms total 21.958ms
I/art     (  774): Explicit concurrent mark sweep GC freed 6431(256KB) AllocSpace objects, 0(0B) LOS objects, 33% free, 9MB/14MB, paused 1.515ms total 39.892ms
I/art     (  877): Explicit concurrent mark sweep GC freed 3612(188KB) AllocSpace objects, 0(0B) LOS objects, 40% free, 9MB/15MB, paused 294us total 14.469ms
I/art     (  774): Explicit concurrent mark sweep GC freed 6533(279KB) AllocSpace objects, 0(0B) LOS objects, 33% free, 9MB/14MB, paused 2.051ms total 35.991ms
I/art     (  877): Explicit concurrent mark sweep GC freed 3621(188KB) AllocSpace objects, 0(0B) LOS objects, 40% free, 9MB/15MB, paused 333us total 16.578ms
I/art     (  774): Explicit concurrent mark sweep GC freed 6447(258KB) AllocSpace objects, 0(0B) LOS objects, 33% free, 9MB/14MB, paused 1.056ms total 27.864ms
I/art     (  877): Explicit concurrent mark sweep GC freed 3622(188KB) AllocSpace objects, 0(0B) LOS objects, 40% free, 9MB/15MB, paused 398us total 12.800ms
I/art     (  774): Explicit concurrent mark sweep GC freed 6431(256KB) AllocSpace objects, 0(0B) LOS objects, 33% free, 9MB/14MB, paused 399us total 19.364ms
I/art     (  877): Explicit concurrent mark sweep GC freed 3612(188KB) AllocSpace objects, 0(0B) LOS objects, 39% free, 9MB/15MB, paused 343us total 18.804ms
I/art     (  774): Explicit concurrent mark sweep GC freed 6519(260KB) AllocSpace objects, 0(0B) LOS objects, 33% free, 9MB/14MB, paused 552us total 36.918ms
I/art     (  877): Explicit concurrent mark sweep GC freed 3946(201KB) AllocSpace objects, 0(0B) LOS objects, 39% free, 9MB/15MB, paused 1.553ms total 22.409ms
D/awcn.DefaultHeartbeatImpl( 1574): |[seq:umeng:56aadbf567e58e38d4000976.AWCN1_1] heartbeat session:Session@[umeng:56aadbf567e58e38d4000976.AWCN1_1|http2_0rtt_acs]
D/awcn.TnetSpdySession( 1574): |[seq:umeng:56aadbf567e58e38d4000976.AWCN1_1] ping host:https://umengacs.m.taobao.com thread:AWCN Scheduler1
D/awcn.TnetSpdySession( 1574): |[seq:umeng:56aadbf567e58e38d4000976.AWCN1_1] https://umengacs.m.taobao.com submit ping ms:45051 force:true
D/awcn.DefaultHeartbeatImpl( 1574): |[seq:umeng:56aadbf567e58e38d4000976.AWCN1_1] reSchedule session:Session@[umeng:56aadbf567e58e38d4000976.AWCN1_1|http2_0rtt_acs] delay:45051
I/awcn.TnetSpdySession( 1574): |[seq:umeng:56aadbf567e58e38d4000976.AWCN1_1] ping receive Host:https://umengacs.m.taobao.com id:7141
I/art     (  774): Explicit concurrent mark sweep GC freed 6847(276KB) AllocSpace objects, 0(0B) LOS objects, 33% free, 9MB/14MB, paused 777us total 28.224ms
I/art     (  877): Explicit concurrent mark sweep GC freed 3641(189KB) AllocSpace objects, 0(0B) LOS objects, 39% free, 9MB/15MB, paused 476us total 19.633ms
D/Genyd   (  117): Received Set Clipboard
D/Genymotion(  117): Received Set Clipboard
I/art     (  774): Explicit concurrent mark sweep GC freed 6530(263KB) AllocSpace objects, 0(0B) LOS objects, 33% free, 9MB/14MB, paused 1.170ms total 36.008ms
I/art     (  877): Explicit concurrent mark sweep GC freed 3622(188KB) AllocSpace objects, 0(0B) LOS objects, 39% free, 9MB/15MB, paused 683us total 15.860ms
I/art     (  774): Explicit concurrent mark sweep GC freed 5940(234KB) AllocSpace objects, 0(0B) LOS objects, 33% free, 9MB/14MB, paused 1.470ms total 31.753ms
I/art     (  877): Explicit concurrent mark sweep GC freed 3612(188KB) AllocSpace objects, 0(0B) LOS objects, 40% free, 9MB/15MB, paused 443us total 12.915ms
I/art     (  774): Explicit concurrent mark sweep GC freed 6424(256KB) AllocSpace objects, 0(0B) LOS objects, 33% free, 9MB/14MB, paused 1.394ms total 28.061ms
I/art     (  877): Explicit concurrent mark sweep GC freed 3621(188KB) AllocSpace objects, 0(0B) LOS objects, 40% free, 9MB/15MB, paused 945us total 22.340ms
I/art     (  774): Explicit concurrent mark sweep GC freed 6805(273KB) AllocSpace objects, 0(0B) LOS objects, 33% free, 9MB/14MB, paused 1.372ms total 42.177ms
I/art     (  877): Explicit concurrent mark sweep GC freed 3622(188KB) AllocSpace objects, 0(0B) LOS objects, 40% free, 9MB/15MB, paused 918us total 24.752ms
I/art     (  774): Explicit concurrent mark sweep GC freed 6455(258KB) AllocSpace objects, 0(0B) LOS objects, 33% free, 9MB/14MB, paused 1.347ms total 44.927ms
I/art     (  877): Explicit concurrent mark sweep GC freed 3621(188KB) AllocSpace objects, 0(0B) LOS objects, 40% free, 9MB/15MB, paused 687us total 33.851ms
I/art     (  774): Explicit concurrent mark sweep GC freed 6431(256KB) AllocSpace objects, 0(0B) LOS objects, 33% free, 9MB/14MB, paused 2.859ms total 53.075ms
I/art     (  877): Explicit concurrent mark sweep GC freed 3612(188KB) AllocSpace objects, 0(0B) LOS objects, 40% free, 9MB/15MB, paused 2.196ms total 22.796ms
I/art     (  774): Explicit concurrent mark sweep GC freed 7021(302KB) AllocSpace objects, 0(0B) LOS objects, 33% free, 9MB/14MB, paused 588us total 37.171ms
I/art     (  877): Explicit concurrent mark sweep GC freed 3621(188KB) AllocSpace objects, 0(0B) LOS objects, 40% free, 9MB/15MB, paused 1.157ms total 18.366ms
D/awcn.DefaultHeartbeatImpl( 1574): |[seq:umeng:56aadbf567e58e38d4000976.AWCN1_1] heartbeat session:Session@[umeng:56aadbf567e58e38d4000976.AWCN1_1|http2_0rtt_acs]
D/awcn.TnetSpdySession( 1574): |[seq:umeng:56aadbf567e58e38d4000976.AWCN1_1] ping host:https://umengacs.m.taobao.com thread:AWCN Scheduler1
D/awcn.TnetSpdySession( 1574): |[seq:umeng:56aadbf567e58e38d4000976.AWCN1_1] https://umengacs.m.taobao.com submit ping ms:45050 force:true
D/awcn.DefaultHeartbeatImpl( 1574): |[seq:umeng:56aadbf567e58e38d4000976.AWCN1_1] reSchedule session:Session@[umeng:56aadbf567e58e38d4000976.AWCN1_1|http2_0rtt_acs] delay:45050
I/awcn.TnetSpdySession( 1574): |[seq:umeng:56aadbf567e58e38d4000976.AWCN1_1] ping receive Host:https://umengacs.m.taobao.com id:7143
I/art     (  774): Explicit concurrent mark sweep GC freed 6456(258KB) AllocSpace objects, 0(0B) LOS objects, 33% free, 9MB/14MB, paused 574us total 39.780ms
I/art     (  877): Explicit concurrent mark sweep GC freed 3622(188KB) AllocSpace objects, 0(0B) LOS objects, 40% free, 9MB/15MB, paused 725us total 25.679ms
I/art     (  774): Explicit concurrent mark sweep GC freed 6426(255KB) AllocSpace objects, 0(0B) LOS objects, 33% free, 9MB/14MB, paused 2.030ms total 51.543ms
I/art     (  877): Explicit concurrent mark sweep GC freed 3937(200KB) AllocSpace objects, 0(0B) LOS objects, 39% free, 9MB/15MB, paused 1.264ms total 21.423ms
I/art     (  774): Explicit concurrent mark sweep GC freed 6033(238KB) AllocSpace objects, 0(0B) LOS objects, 33% free, 9MB/14MB, paused 4.942ms total 55.364ms
I/art     (  877): Explicit concurrent mark sweep GC freed 3641(189KB) AllocSpace objects, 0(0B) LOS objects, 39% free, 9MB/15MB, paused 693us total 20.321ms
I/art     (  774): Explicit concurrent mark sweep GC freed 6838(275KB) AllocSpace objects, 0(0B) LOS objects, 33% free, 9MB/14MB, paused 945us total 57.856ms
I/art     (  877): Explicit concurrent mark sweep GC freed 3622(188KB) AllocSpace objects, 0(0B) LOS objects, 39% free, 9MB/15MB, paused 268us total 20.054ms
I/art     (  774): Explicit concurrent mark sweep GC freed 6456(258KB) AllocSpace objects, 0(0B) LOS objects, 33% free, 9MB/14MB, paused 1.102ms total 34.038ms
I/art     (  877): Explicit concurrent mark sweep GC freed 3621(188KB) AllocSpace objects, 0(0B) LOS objects, 39% free, 9MB/15MB, paused 571us total 22.632ms
I/art     (  774): Explicit concurrent mark sweep GC freed 6685(278KB) AllocSpace objects, 1(16KB) LOS objects, 33% free, 9MB/14MB, paused 830us total 45.160ms
I/art     (  877): Explicit concurrent mark sweep GC freed 3612(188KB) AllocSpace objects, 0(0B) LOS objects, 40% free, 9MB/15MB, paused 421us total 25.654ms
I/art     (  774): Explicit concurrent mark sweep GC freed 6905(280KB) AllocSpace objects, 0(0B) LOS objects, 33% free, 9MB/14MB, paused 842us total 24.572ms
I/art     (  877): Explicit concurrent mark sweep GC freed 3621(188KB) AllocSpace objects, 0(0B) LOS objects, 40% free, 9MB/15MB, paused 414us total 23.410ms
I/art     (  774): Explicit concurrent mark sweep GC freed 6457(258KB) AllocSpace objects, 0(0B) LOS objects, 33% free, 9MB/14MB, paused 1.299ms total 26.992ms
I/art     (  877): Explicit concurrent mark sweep GC freed 3622(188KB) AllocSpace objects, 0(0B) LOS objects, 40% free, 9MB/15MB, paused 617us total 17.588ms
D/awcn.DefaultHeartbeatImpl( 1574): |[seq:umeng:56aadbf567e58e38d4000976.AWCN1_1] heartbeat session:Session@[umeng:56aadbf567e58e38d4000976.AWCN1_1|http2_0rtt_acs]
D/awcn.TnetSpdySession( 1574): |[seq:umeng:56aadbf567e58e38d4000976.AWCN1_1] ping host:https://umengacs.m.taobao.com thread:AWCN Scheduler1
D/awcn.TnetSpdySession( 1574): |[seq:umeng:56aadbf567e58e38d4000976.AWCN1_1] https://umengacs.m.taobao.com submit ping ms:45053 force:true
D/awcn.DefaultHeartbeatImpl( 1574): |[seq:umeng:56aadbf567e58e38d4000976.AWCN1_1] reSchedule session:Session@[umeng:56aadbf567e58e38d4000976.AWCN1_1|http2_0rtt_acs] delay:45053
I/awcn.TnetSpdySession( 1574): |[seq:umeng:56aadbf567e58e38d4000976.AWCN1_1] ping receive Host:https://umengacs.m.taobao.com id:7145
I/art     (  774): Explicit concurrent mark sweep GC freed 6431(256KB) AllocSpace objects, 0(0B) LOS objects, 33% free, 9MB/14MB, paused 1.113ms total 31.049ms
I/art     (  877): Explicit concurrent mark sweep GC freed 3612(188KB) AllocSpace objects, 0(0B) LOS objects, 40% free, 9MB/15MB, paused 598us total 27.122ms
I/art     (  774): Explicit concurrent mark sweep GC freed 6433(257KB) AllocSpace objects, 0(0B) LOS objects, 33% free, 9MB/14MB, paused 1.254ms total 33.787ms
I/art     (  877): Explicit concurrent mark sweep GC freed 3621(188KB) AllocSpace objects, 0(0B) LOS objects, 40% free, 9MB/15MB, paused 307us total 20.320ms
I/art     (  774): Explicit concurrent mark sweep GC freed 6670(285KB) AllocSpace objects, 0(0B) LOS objects, 33% free, 9MB/14MB, paused 10.898ms total 50.364ms
I/art     (  877): Explicit concurrent mark sweep GC freed 3622(188KB) AllocSpace objects, 0(0B) LOS objects, 40% free, 9MB/15MB, paused 308us total 20.374ms
I/art     (  774): Explicit concurrent mark sweep GC freed 6307(252KB) AllocSpace objects, 0(0B) LOS objects, 33% free, 9MB/14MB, paused 1.892ms total 46.418ms
I/art     (  877): Explicit concurrent mark sweep GC freed 3621(188KB) AllocSpace objects, 0(0B) LOS objects, 40% free, 9MB/15MB, paused 808us total 17.690ms
I/art     (  774): Explicit concurrent mark sweep GC freed 6521(260KB) AllocSpace objects, 0(0B) LOS objects, 33% free, 9MB/14MB, paused 1.873ms total 41.743ms
I/art     (  877): Explicit concurrent mark sweep GC freed 3937(200KB) AllocSpace objects, 0(0B) LOS objects, 39% free, 9MB/15MB, paused 434us total 22.670ms
I/art     (  774): Explicit concurrent mark sweep GC freed 6852(276KB) AllocSpace objects, 0(0B) LOS objects, 33% free, 9MB/14MB, paused 2.464ms total 42.700ms
I/art     (  877): Explicit concurrent mark sweep GC freed 3641(189KB) AllocSpace objects, 0(0B) LOS objects, 39% free, 9MB/15MB, paused 2.503ms total 28.917ms
I/art     (  774): Explicit concurrent mark sweep GC freed 6460(258KB) AllocSpace objects, 0(0B) LOS objects, 33% free, 9MB/14MB, paused 820us total 24.662ms
I/art     (  877): Explicit concurrent mark sweep GC freed 3622(188KB) AllocSpace objects, 0(0B) LOS objects, 39% free, 9MB/15MB, paused 391us total 41.243ms
I/art     (  774): Explicit concurrent mark sweep GC freed 6431(256KB) AllocSpace objects, 0(0B) LOS objects, 33% free, 9MB/14MB, paused 6.955ms total 66.830ms
I/art     (  877): Explicit concurrent mark sweep GC freed 3612(188KB) AllocSpace objects, 0(0B) LOS objects, 40% free, 9MB/15MB, paused 786us total 17.361ms
D/awcn.DefaultHeartbeatImpl( 1574): |[seq:umeng:56aadbf567e58e38d4000976.AWCN1_1] heartbeat session:Session@[umeng:56aadbf567e58e38d4000976.AWCN1_1|http2_0rtt_acs]
D/awcn.TnetSpdySession( 1574): |[seq:umeng:56aadbf567e58e38d4000976.AWCN1_1] ping host:https://umengacs.m.taobao.com thread:AWCN Scheduler1
D/awcn.TnetSpdySession( 1574): |[seq:umeng:56aadbf567e58e38d4000976.AWCN1_1] https://umengacs.m.taobao.com submit ping ms:45053 force:true
D/awcn.DefaultHeartbeatImpl( 1574): |[seq:umeng:56aadbf567e58e38d4000976.AWCN1_1] reSchedule session:Session@[umeng:56aadbf567e58e38d4000976.AWCN1_1|http2_0rtt_acs] delay:45053
I/awcn.TnetSpdySession( 1574): |[seq:umeng:56aadbf567e58e38d4000976.AWCN1_1] ping receive Host:https://umengacs.m.taobao.com id:7147
I/art     (  774): Explicit concurrent mark sweep GC freed 6433(257KB) AllocSpace objects, 0(0B) LOS objects, 33% free, 9MB/14MB, paused 628us total 51.589ms
I/art     (  877): Explicit concurrent mark sweep GC freed 3621(188KB) AllocSpace objects, 0(0B) LOS objects, 40% free, 9MB/15MB, paused 474us total 11.024ms
I/art     (  774): Explicit concurrent mark sweep GC freed 6805(272KB) AllocSpace objects, 0(0B) LOS objects, 33% free, 9MB/14MB, paused 394us total 26.148ms
I/art     (  877): Explicit concurrent mark sweep GC freed 3622(188KB) AllocSpace objects, 0(0B) LOS objects, 40% free, 9MB/15MB, paused 799us total 20.613ms
I/tnet-jni( 1419): 101 - [spdyPingRecvCallback] - 
I/tnet-jni( 1419): 101 - [SpdySessionCallBack.spdyPingRecvCallback] - org.android.spdy.SpdySession@15ea5a37
D/accs.SpdyConnection( 1419):  spdyPingRecvCallback uniId:1534
D/accs.MessageHandler( 1419):  onRcvPing
D/accs.HeartbeatManager( 1419):  onHeartbeatSucc
D/accs.OrangeAdapter( 1419):  isSmartHb result:true
D/accs.HeartbeatManager( 1419):  set 480
I/art     (  774): Explicit concurrent mark sweep GC freed 6011(238KB) AllocSpace objects, 0(0B) LOS objects, 33% free, 9MB/14MB, paused 2.003ms total 35.853ms
I/art     (  877): Explicit concurrent mark sweep GC freed 3621(188KB) AllocSpace objects, 0(0B) LOS objects, 40% free, 9MB/15MB, paused 478us total 29.414ms
I/art     (  774): Explicit concurrent mark sweep GC freed 6422(256KB) AllocSpace objects, 0(0B) LOS objects, 33% free, 9MB/14MB, paused 1.041ms total 28.801ms
I/art     (  877): Explicit concurrent mark sweep GC freed 3612(188KB) AllocSpace objects, 0(0B) LOS objects, 40% free, 9MB/15MB, paused 255us total 15.073ms
I/art     (  774): Explicit concurrent mark sweep GC freed 7024(303KB) AllocSpace objects, 0(0B) LOS objects, 33% free, 9MB/14MB, paused 1.025ms total 29.487ms
I/art     (  877): Explicit concurrent mark sweep GC freed 3621(188KB) AllocSpace objects, 0(0B) LOS objects, 40% free, 9MB/15MB, paused 773us total 16.612ms
I/tnet-jni( 1467): 104 - [spdyPingRecvCallback] - 
I/tnet-jni( 1467): 104 - [SpdySessionCallBack.spdyPingRecvCallback] - org.android.spdy.SpdySession@26860312
D/accs.SilenceConn_umeng:56aadbf567e58e38d4000976( 1467):  spdyPingRecvCallback uniId:1534
D/accs.MsgRecv_umeng:56aadbf567e58e38d4000976( 1467):  onRcvPing
D/accs.HeartbeatManager( 1467):  onHeartbeatSucc
D/accs.OrangeAdapter( 1467):  isSmartHb result:true
D/accs.HeartbeatManager( 1467):  set 480
I/art     (  774): Explicit concurrent mark sweep GC freed 6648(269KB) AllocSpace objects, 0(0B) LOS objects, 33% free, 9MB/14MB, paused 751us total 28.773ms
I/art     (  877): Explicit concurrent mark sweep GC freed 3622(188KB) AllocSpace objects, 0(0B) LOS objects, 40% free, 9MB/15MB, paused 997us total 16.502ms
I/art     (  774): Explicit concurrent mark sweep GC freed 6478(259KB) AllocSpace objects, 0(0B) LOS objects, 33% free, 9MB/14MB, paused 2.596ms total 49.757ms
I/art     (  877): Explicit concurrent mark sweep GC freed 3621(188KB) AllocSpace objects, 0(0B) LOS objects, 40% free, 9MB/15MB, paused 367us total 23.291ms
I/art     (  774): Explicit concurrent mark sweep GC freed 6522(260KB) AllocSpace objects, 0(0B) LOS objects, 33% free, 9MB/14MB, paused 726us total 50.235ms
I/art     (  877): Explicit concurrent mark sweep GC freed 3946(201KB) AllocSpace objects, 0(0B) LOS objects, 40% free, 9MB/15MB, paused 2.810ms total 25.653ms
D/awcn.DefaultHeartbeatImpl( 1574): |[seq:umeng:56aadbf567e58e38d4000976.AWCN1_1] heartbeat session:Session@[umeng:56aadbf567e58e38d4000976.AWCN1_1|http2_0rtt_acs]
D/awcn.TnetSpdySession( 1574): |[seq:umeng:56aadbf567e58e38d4000976.AWCN1_1] ping host:https://umengacs.m.taobao.com thread:AWCN Scheduler1
D/awcn.TnetSpdySession( 1574): |[seq:umeng:56aadbf567e58e38d4000976.AWCN1_1] https://umengacs.m.taobao.com submit ping ms:45053 force:true
D/awcn.DefaultHeartbeatImpl( 1574): |[seq:umeng:56aadbf567e58e38d4000976.AWCN1_1] reSchedule session:Session@[umeng:56aadbf567e58e38d4000976.AWCN1_1|http2_0rtt_acs] delay:45053
I/awcn.TnetSpdySession( 1574): |[seq:umeng:56aadbf567e58e38d4000976.AWCN1_1] ping receive Host:https://umengacs.m.taobao.com id:7149
I/art     (  774): Explicit concurrent mark sweep GC freed 6354(254KB) AllocSpace objects, 0(0B) LOS objects, 33% free, 9MB/14MB, paused 712us total 47.221ms
I/art     (  877): Explicit concurrent mark sweep GC freed 3641(189KB) AllocSpace objects, 0(0B) LOS objects, 40% free, 9MB/15MB, paused 708us total 22.534ms
I/art     (  774): Explicit concurrent mark sweep GC freed 6449(257KB) AllocSpace objects, 0(0B) LOS objects, 33% free, 9MB/14MB, paused 806us total 55.897ms
D/NetworkMonitor/NetworkAgentInfo [WIFI () - 100](  774): OfflineState{ when=-90ms what=532488 arg2=1 target=com.android.internal.util.StateMachine$SmHandler }
D/NetworkMonitor/NetworkAgentInfo [WIFI () - 100](  774): DefaultState{ when=-91ms what=532488 arg2=1 target=com.android.internal.util.StateMachine$SmHandler }
D/NetworkMonitor/NetworkAgentInfo [WIFI () - 100](  774): Forcing reevaluation
D/NetworkMonitor/NetworkAgentInfo [WIFI () - 100](  774): EvaluatingState{ when=0 what=532486 arg1=267 target=com.android.internal.util.StateMachine$SmHandler }
D/NetworkMonitor/NetworkAgentInfo [WIFI () - 100](  774): Checking http://connectivitycheck.android.com/generate_204 on "WiredSSID"
I/art     (  877): Explicit concurrent mark sweep GC freed 3622(188KB) AllocSpace objects, 0(0B) LOS objects, 40% free, 9MB/15MB, paused 447us total 16.991ms
I/art     (  774): Explicit concurrent mark sweep GC freed 6610(266KB) AllocSpace objects, 0(0B) LOS objects, 33% free, 9MB/14MB, paused 769us total 34.105ms
I/art     (  877): Explicit concurrent mark sweep GC freed 3612(188KB) AllocSpace objects, 0(0B) LOS objects, 39% free, 9MB/15MB, paused 394us total 24.868ms
D/NetworkMonitor/NetworkAgentInfo [WIFI () - 100](  774): Probably not a portal: exception java.net.SocketTimeoutException: failed to connect to connectivitycheck.android.com/172.217.24.14 (port 80) after 10000ms
D/ConnectivityService(  774): setProvNotificationVisibleIntent: E visible=false networkType=0 extraInfo=null
I/art     (  774): Explicit concurrent mark sweep GC freed 6809(277KB) AllocSpace objects, 0(0B) LOS objects, 33% free, 9MB/14MB, paused 5.079ms total 45.649ms
I/art     (  877): Explicit concurrent mark sweep GC freed 3621(188KB) AllocSpace objects, 0(0B) LOS objects, 39% free, 9MB/15MB, paused 584us total 19.644ms
I/art     (  774): Explicit concurrent mark sweep GC freed 6827(274KB) AllocSpace objects, 0(0B) LOS objects, 33% free, 9MB/14MB, paused 1.342ms total 50.767ms
I/art     (  877): Explicit concurrent mark sweep GC freed 3622(188KB) AllocSpace objects, 0(0B) LOS objects, 39% free, 9MB/15MB, paused 439us total 26.449ms
D/Genyd   (  117): Received Set Clipboard
D/Genymotion(  117): Received Set Clipboard
I/art     (  774): Explicit concurrent mark sweep GC freed 6533(262KB) AllocSpace objects, 0(0B) LOS objects, 33% free, 9MB/14MB, paused 1.160ms total 64.520ms
I/art     (  877): Explicit concurrent mark sweep GC freed 3621(188KB) AllocSpace objects, 0(0B) LOS objects, 39% free, 9MB/15MB, paused 1.029ms total 21.939ms
I/art     (  774): Explicit concurrent mark sweep GC freed 6431(256KB) AllocSpace objects, 0(0B) LOS objects, 33% free, 9MB/14MB, paused 712us total 29.080ms
I/art     (  877): Explicit concurrent mark sweep GC freed 3612(188KB) AllocSpace objects, 0(0B) LOS objects, 40% free, 9MB/15MB, paused 1.334ms total 26.325ms
I/art     (  774): Explicit concurrent mark sweep GC freed 7021(302KB) AllocSpace objects, 0(0B) LOS objects, 33% free, 9MB/14MB, paused 1.291ms total 40.822ms
I/art     (  877): Explicit concurrent mark sweep GC freed 3621(188KB) AllocSpace objects, 0(0B) LOS objects, 40% free, 9MB/15MB, paused 389us total 15.427ms
D/awcn.DefaultHeartbeatImpl( 1574): |[seq:umeng:56aadbf567e58e38d4000976.AWCN1_1] heartbeat session:Session@[umeng:56aadbf567e58e38d4000976.AWCN1_1|http2_0rtt_acs]
D/awcn.TnetSpdySession( 1574): |[seq:umeng:56aadbf567e58e38d4000976.AWCN1_1] ping host:https://umengacs.m.taobao.com thread:AWCN Scheduler1
D/awcn.TnetSpdySession( 1574): |[seq:umeng:56aadbf567e58e38d4000976.AWCN1_1] https://umengacs.m.taobao.com submit ping ms:45050 force:true
D/awcn.DefaultHeartbeatImpl( 1574): |[seq:umeng:56aadbf567e58e38d4000976.AWCN1_1] reSchedule session:Session@[umeng:56aadbf567e58e38d4000976.AWCN1_1|http2_0rtt_acs] delay:45051
I/awcn.TnetSpdySession( 1574): |[seq:umeng:56aadbf567e58e38d4000976.AWCN1_1] ping receive Host:https://umengacs.m.taobao.com id:7151
I/art     (  774): Explicit concurrent mark sweep GC freed 6456(258KB) AllocSpace objects, 0(0B) LOS objects, 33% free, 9MB/14MB, paused 3.964ms total 50.377ms
I/art     (  877): Explicit concurrent mark sweep GC freed 3622(188KB) AllocSpace objects, 0(0B) LOS objects, 40% free, 9MB/15MB, paused 696us total 28.153ms
I/art     (  774): Explicit concurrent mark sweep GC freed 5940(234KB) AllocSpace objects, 0(0B) LOS objects, 33% free, 9MB/14MB, paused 1.045ms total 36.776ms
I/art     (  877): Explicit concurrent mark sweep GC freed 3938(200KB) AllocSpace objects, 0(0B) LOS objects, 40% free, 9MB/15MB, paused 419us total 17.697ms
I/art     (  774): Explicit concurrent mark sweep GC freed 6510(259KB) AllocSpace objects, 0(0B) LOS objects, 33% free, 9MB/14MB, paused 1.412ms total 40.136ms
I/art     (  877): Explicit concurrent mark sweep GC freed 3641(189KB) AllocSpace objects, 0(0B) LOS objects, 40% free, 9MB/15MB, paused 723us total 20.606ms
I/art     (  774): Explicit concurrent mark sweep GC freed 6847(276KB) AllocSpace objects, 0(0B) LOS objects, 33% free, 9MB/14MB, paused 697us total 24.111ms
I/art     (  877): Explicit concurrent mark sweep GC freed 3622(188KB) AllocSpace objects, 0(0B) LOS objects, 40% free, 9MB/15MB, paused 631us total 17.177ms
I/art     (  774): Explicit concurrent mark sweep GC freed 6465(259KB) AllocSpace objects, 0(0B) LOS objects, 33% free, 9MB/14MB, paused 1.879ms total 28.653ms
I/art     (  877): Explicit concurrent mark sweep GC freed 3621(188KB) AllocSpace objects, 0(0B) LOS objects, 40% free, 9MB/15MB, paused 667us total 14.445ms
I/art     (  774): Explicit concurrent mark sweep GC freed 6434(256KB) AllocSpace objects, 0(0B) LOS objects, 33% free, 9MB/14MB, paused 1.710ms total 40.530ms
I/art     (  877): Explicit concurrent mark sweep GC freed 3612(188KB) AllocSpace objects, 0(0B) LOS objects, 39% free, 9MB/15MB, paused 832us total 21.574ms
I/art     (  774): Explicit concurrent mark sweep GC freed 6805(273KB) AllocSpace objects, 0(0B) LOS objects, 33% free, 9MB/14MB, paused 1.385ms total 30.892ms
I/art     (  877): Explicit concurrent mark sweep GC freed 3621(188KB) AllocSpace objects, 0(0B) LOS objects, 39% free, 9MB/15MB, paused 406us total 30.428ms
I/art     (  774): Explicit concurrent mark sweep GC freed 5961(235KB) AllocSpace objects, 0(0B) LOS objects, 33% free, 9MB/14MB, paused 858us total 44.049ms
I/art     (  877): Explicit concurrent mark sweep GC freed 3622(188KB) AllocSpace objects, 0(0B) LOS objects, 39% free, 9MB/15MB, paused 517us total 14.767ms
D/awcn.DefaultHeartbeatImpl( 1574): |[seq:umeng:56aadbf567e58e38d4000976.AWCN1_1] heartbeat session:Session@[umeng:56aadbf567e58e38d4000976.AWCN1_1|http2_0rtt_acs]
D/awcn.TnetSpdySession( 1574): |[seq:umeng:56aadbf567e58e38d4000976.AWCN1_1] ping host:https://umengacs.m.taobao.com thread:AWCN Scheduler1
D/awcn.TnetSpdySession( 1574): |[seq:umeng:56aadbf567e58e38d4000976.AWCN1_1] https://umengacs.m.taobao.com submit ping ms:45051 force:true
D/awcn.DefaultHeartbeatImpl( 1574): |[seq:umeng:56aadbf567e58e38d4000976.AWCN1_1] reSchedule session:Session@[umeng:56aadbf567e58e38d4000976.AWCN1_1|http2_0rtt_acs] delay:45051
I/awcn.TnetSpdySession( 1574): |[seq:umeng:56aadbf567e58e38d4000976.AWCN1_1] ping receive Host:https://umengacs.m.taobao.com id:7153
I/art     (  774): Explicit concurrent mark sweep GC freed 6422(256KB) AllocSpace objects, 0(0B) LOS objects, 33% free, 9MB/14MB, paused 1.720ms total 38.167ms
I/art     (  877): Explicit concurrent mark sweep GC freed 3612(188KB) AllocSpace objects, 0(0B) LOS objects, 40% free, 9MB/15MB, paused 1.738ms total 21.462ms
I/art     (  774): Explicit concurrent mark sweep GC freed 6433(257KB) AllocSpace objects, 0(0B) LOS objects, 33% free, 9MB/14MB, paused 2.609ms total 37.595ms
I/art     (  877): Explicit concurrent mark sweep GC freed 3621(188KB) AllocSpace objects, 0(0B) LOS objects, 40% free, 9MB/15MB, paused 434us total 26.012ms
I/art     (  774): Explicit concurrent mark sweep GC freed 7021(302KB) AllocSpace objects, 0(0B) LOS objects, 33% free, 9MB/14MB, paused 3.072ms total 39.119ms
I/art     (  877): Explicit concurrent mark sweep GC freed 3622(188KB) AllocSpace objects, 0(0B) LOS objects, 40% free, 9MB/15MB, paused 745us total 26.351ms
D/Genyd   (  117): Received Set Clipboard
D/Genymotion(  117): Received Set Clipboard
I/art     (  774): Explicit concurrent mark sweep GC freed 6606(266KB) AllocSpace objects, 0(0B) LOS objects, 33% free, 9MB/14MB, paused 1.264ms total 56.545ms
I/art     (  877): Explicit concurrent mark sweep GC freed 3621(188KB) AllocSpace objects, 0(0B) LOS objects, 40% free, 9MB/15MB, paused 2.479ms total 28.770ms
I/art     (  774): Explicit concurrent mark sweep GC freed 6532(260KB) AllocSpace objects, 0(0B) LOS objects, 33% free, 9MB/14MB, paused 1.058ms total 39.976ms
I/art     (  877): Explicit concurrent mark sweep GC freed 3946(200KB) AllocSpace objects, 0(0B) LOS objects, 40% free, 9MB/15MB, paused 705us total 16.776ms
I/art     (  774): Explicit concurrent mark sweep GC freed 7193(307KB) AllocSpace objects, 0(0B) LOS objects, 33% free, 9MB/14MB, paused 664us total 22.890ms
I/art     (  877): Explicit concurrent mark sweep GC freed 3641(189KB) AllocSpace objects, 0(0B) LOS objects, 40% free, 9MB/15MB, paused 537us total 16.991ms
I/art     (  774): Explicit concurrent mark sweep GC freed 6478(259KB) AllocSpace objects, 0(0B) LOS objects, 33% free, 9MB/14MB, paused 1.688ms total 52.594ms
I/art     (  877): Explicit concurrent mark sweep GC freed 3613(188KB) AllocSpace objects, 0(0B) LOS objects, 40% free, 9MB/15MB, paused 1.575ms total 14.273ms
I/art     (  774): Explicit concurrent mark sweep GC freed 6431(256KB) AllocSpace objects, 0(0B) LOS objects, 33% free, 9MB/14MB, paused 1.188ms total 41.534ms
I/art     (  877): Explicit concurrent mark sweep GC freed 3612(188KB) AllocSpace objects, 0(0B) LOS objects, 39% free, 9MB/15MB, paused 1.075ms total 14.478ms
D/awcn.DefaultHeartbeatImpl( 1574): |[seq:umeng:56aadbf567e58e38d4000976.AWCN1_1] heartbeat session:Session@[umeng:56aadbf567e58e38d4000976.AWCN1_1|http2_0rtt_acs]
D/awcn.TnetSpdySession( 1574): |[seq:umeng:56aadbf567e58e38d4000976.AWCN1_1] ping host:https://umengacs.m.taobao.com thread:AWCN Scheduler1
D/awcn.TnetSpdySession( 1574): |[seq:umeng:56aadbf567e58e38d4000976.AWCN1_1] https://umengacs.m.taobao.com submit ping ms:45052 force:true
D/awcn.DefaultHeartbeatImpl( 1574): |[seq:umeng:56aadbf567e58e38d4000976.AWCN1_1] reSchedule session:Session@[umeng:56aadbf567e58e38d4000976.AWCN1_1|http2_0rtt_acs] delay:45052
I/awcn.TnetSpdySession( 1574): |[seq:umeng:56aadbf567e58e38d4000976.AWCN1_1] ping receive Host:https://umengacs.m.taobao.com id:7155
I/art     (  774): Explicit concurrent mark sweep GC freed 5943(234KB) AllocSpace objects, 0(0B) LOS objects, 33% free, 9MB/14MB, paused 918us total 38.381ms
I/art     (  877): Explicit concurrent mark sweep GC freed 3621(188KB) AllocSpace objects, 0(0B) LOS objects, 39% free, 9MB/15MB, paused 1.505ms total 18.086ms
I/art     (  774): Explicit concurrent mark sweep GC freed 7734(315KB) AllocSpace objects, 0(0B) LOS objects, 33% free, 9MB/14MB, paused 676us total 25.260ms
I/art     (  877): Explicit concurrent mark sweep GC freed 3621(188KB) AllocSpace objects, 0(0B) LOS objects, 39% free, 9MB/15MB, paused 468us total 13.910ms
I/art     (  774): Explicit concurrent mark sweep GC freed 6483(260KB) AllocSpace objects, 0(0B) LOS objects, 33% free, 9MB/14MB, paused 1.878ms total 27.232ms
I/art     (  877): Explicit concurrent mark sweep GC freed 3622(188KB) AllocSpace objects, 0(0B) LOS objects, 39% free, 9MB/15MB, paused 424us total 12.696ms
D/AndroidRuntime(13011): >>>>>> START com.android.internal.os.RuntimeInit uid 0 <<<<<<
D/AndroidRuntime(13011): CheckJNI is OFF
E/memtrack(13011): Couldn't load memtrack module (No such file or directory)
E/android.os.Debug(13011): failed to load memtrack module: -2
D/AndroidRuntime(13011): Calling main entry com.android.commands.wm.Wm
D/AndroidRuntime(13011): Shutting down VM
I/art     (  774): Explicit concurrent mark sweep GC freed 6433(256KB) AllocSpace objects, 0(0B) LOS objects, 33% free, 9MB/14MB, paused 1.216ms total 31.207ms
I/art     (  877): Explicit concurrent mark sweep GC freed 3612(188KB) AllocSpace objects, 0(0B) LOS objects, 40% free, 9MB/15MB, paused 412us total 22.326ms
I/art     (  774): Explicit concurrent mark sweep GC freed 6805(273KB) AllocSpace objects, 0(0B) LOS objects, 33% free, 9MB/14MB, paused 796us total 32.251ms
I/art     (  877): Explicit concurrent mark sweep GC freed 3621(188KB) AllocSpace objects, 0(0B) LOS objects, 40% free, 9MB/15MB, paused 512us total 21.926ms
I/art     (  774): Explicit concurrent mark sweep GC freed 6652(285KB) AllocSpace objects, 0(0B) LOS objects, 33% free, 9MB/14MB, paused 2.003ms total 28.634ms
I/art     (  877): Explicit concurrent mark sweep GC freed 3622(188KB) AllocSpace objects, 0(0B) LOS objects, 40% free, 9MB/15MB, paused 442us total 17.065ms
I/art     (  774): Explicit concurrent mark sweep GC freed 6456(258KB) AllocSpace objects, 0(0B) LOS objects, 33% free, 9MB/14MB, paused 4.168ms total 36.788ms
I/art     (  877): Explicit concurrent mark sweep GC freed 3621(188KB) AllocSpace objects, 0(0B) LOS objects, 40% free, 9MB/15MB, paused 372us total 20.604ms
I/art     (  774): Explicit concurrent mark sweep GC freed 6027(237KB) AllocSpace objects, 0(0B) LOS objects, 33% free, 9MB/14MB, paused 10.217ms total 47.663ms
I/tnet-jni( 1419): 101 - [spdyPingRecvCallback] - 
I/tnet-jni( 1419): 101 - [SpdySessionCallBack.spdyPingRecvCallback] - org.android.spdy.SpdySession@15ea5a37
D/accs.SpdyConnection( 1419):  spdyPingRecvCallback uniId:1536
D/accs.MessageHandler( 1419):  onRcvPing
D/accs.HeartbeatManager( 1419):  onHeartbeatSucc
D/accs.OrangeAdapter( 1419):  isSmartHb result:true
D/accs.HeartbeatManager( 1419):  set 480
D/accs.UtilityImpl( 1419):  setServiceTime:1512356462409
I/art     (  877): Explicit concurrent mark sweep GC freed 3943(200KB) AllocSpace objects, 0(0B) LOS objects, 40% free, 9MB/15MB, paused 285us total 15.886ms
D/awcn.DefaultHeartbeatImpl( 1574): |[seq:umeng:56aadbf567e58e38d4000976.AWCN1_1] heartbeat session:Session@[umeng:56aadbf567e58e38d4000976.AWCN1_1|http2_0rtt_acs]
D/awcn.TnetSpdySession( 1574): |[seq:umeng:56aadbf567e58e38d4000976.AWCN1_1] ping host:https://umengacs.m.taobao.com thread:AWCN Scheduler1
D/awcn.TnetSpdySession( 1574): |[seq:umeng:56aadbf567e58e38d4000976.AWCN1_1] https://umengacs.m.taobao.com submit ping ms:45051 force:true
D/awcn.DefaultHeartbeatImpl( 1574): |[seq:umeng:56aadbf567e58e38d4000976.AWCN1_1] reSchedule session:Session@[umeng:56aadbf567e58e38d4000976.AWCN1_1|http2_0rtt_acs] delay:45051
I/awcn.TnetSpdySession( 1574): |[seq:umeng:56aadbf567e58e38d4000976.AWCN1_1] ping receive Host:https://umengacs.m.taobao.com id:7157
I/art     (  774): Explicit concurrent mark sweep GC freed 6882(278KB) AllocSpace objects, 0(0B) LOS objects, 33% free, 9MB/14MB, paused 1.654ms total 44.874ms
I/art     (  877): Explicit concurrent mark sweep GC freed 3641(189KB) AllocSpace objects, 0(0B) LOS objects, 40% free, 9MB/15MB, paused 424us total 22.837ms
I/art     (  774): Explicit concurrent mark sweep GC freed 6458(258KB) AllocSpace objects, 0(0B) LOS objects, 33% free, 9MB/14MB, paused 4.955ms total 37.230ms
I/art     (  877): Explicit concurrent mark sweep GC freed 3622(188KB) AllocSpace objects, 0(0B) LOS objects, 40% free, 9MB/15MB, paused 699us total 19.296ms
I/art     (  774): Explicit concurrent mark sweep GC freed 6431(256KB) AllocSpace objects, 0(0B) LOS objects, 33% free, 9MB/14MB, paused 2.369ms total 39.104ms
I/tnet-jni( 1467): 104 - [spdyPingRecvCallback] - 
I/tnet-jni( 1467): 104 - [SpdySessionCallBack.spdyPingRecvCallback] - org.android.spdy.SpdySession@26860312
D/accs.SilenceConn_umeng:56aadbf567e58e38d4000976( 1467):  spdyPingRecvCallback uniId:1536
D/accs.MsgRecv_umeng:56aadbf567e58e38d4000976( 1467):  onRcvPing
D/accs.HeartbeatManager( 1467):  onHeartbeatSucc
D/accs.OrangeAdapter( 1467):  isSmartHb result:true
D/accs.HeartbeatManager( 1467):  set 480
D/accs.UtilityImpl( 1467):  setServiceTime:1512356479705
I/art     (  877): Explicit concurrent mark sweep GC freed 3612(188KB) AllocSpace objects, 0(0B) LOS objects, 39% free, 9MB/15MB, paused 804us total 19.747ms
I/art     (  774): Explicit concurrent mark sweep GC freed 6609(266KB) AllocSpace objects, 0(0B) LOS objects, 33% free, 9MB/14MB, paused 1.873ms total 44.894ms
I/art     (  877): Explicit concurrent mark sweep GC freed 3621(188KB) AllocSpace objects, 0(0B) LOS objects, 39% free, 9MB/15MB, paused 949us total 28.301ms
D/Genyd   (  117): Received Set Clipboard
D/Genymotion(  117): Received Set Clipboard
I/art     (  774): Explicit concurrent mark sweep GC freed 6880(277KB) AllocSpace objects, 0(0B) LOS objects, 33% free, 9MB/14MB, paused 468us total 46.158ms
I/art     (  877): Explicit concurrent mark sweep GC freed 3622(188KB) AllocSpace objects, 0(0B) LOS objects, 39% free, 9MB/15MB, paused 823us total 26.049ms
I/art     (  774): Explicit concurrent mark sweep GC freed 6455(258KB) AllocSpace objects, 0(0B) LOS objects, 33% free, 9MB/14MB, paused 633us total 25.821ms
I/art     (  877): Explicit concurrent mark sweep GC freed 3621(188KB) AllocSpace objects, 0(0B) LOS objects, 39% free, 9MB/15MB, paused 764us total 23.911ms
I/art     (  774): Explicit concurrent mark sweep GC freed 6431(256KB) AllocSpace objects, 0(0B) LOS objects, 33% free, 9MB/14MB, paused 893us total 24.989ms
I/art     (  877): Explicit concurrent mark sweep GC freed 3612(188KB) AllocSpace objects, 0(0B) LOS objects, 40% free, 9MB/15MB, paused 621us total 22.213ms
I/art     (  774): Explicit concurrent mark sweep GC freed 7016(301KB) AllocSpace objects, 0(0B) LOS objects, 33% free, 9MB/14MB, paused 422us total 27.707ms
D/Genyd   (  117): Received Set Clipboard
D/Genymotion(  117): Received Set Clipboard
I/art     (  877): Explicit concurrent mark sweep GC freed 3621(188KB) AllocSpace objects, 0(0B) LOS objects, 40% free, 9MB/15MB, paused 1.235ms total 22.745ms
D/awcn.DefaultHeartbeatImpl( 1574): |[seq:umeng:56aadbf567e58e38d4000976.AWCN1_1] heartbeat session:Session@[umeng:56aadbf567e58e38d4000976.AWCN1_1|http2_0rtt_acs]
D/awcn.TnetSpdySession( 1574): |[seq:umeng:56aadbf567e58e38d4000976.AWCN1_1] ping host:https://umengacs.m.taobao.com thread:AWCN Scheduler1
D/awcn.TnetSpdySession( 1574): |[seq:umeng:56aadbf567e58e38d4000976.AWCN1_1] https://umengacs.m.taobao.com submit ping ms:45056 force:true
D/awcn.DefaultHeartbeatImpl( 1574): |[seq:umeng:56aadbf567e58e38d4000976.AWCN1_1] reSchedule session:Session@[umeng:56aadbf567e58e38d4000976.AWCN1_1|http2_0rtt_acs] delay:45056
I/awcn.TnetSpdySession( 1574): |[seq:umeng:56aadbf567e58e38d4000976.AWCN1_1] ping receive Host:https://umengacs.m.taobao.com id:7159
I/art     (  774): Explicit concurrent mark sweep GC freed 6042(240KB) AllocSpace objects, 0(0B) LOS objects, 33% free, 9MB/14MB, paused 1.299ms total 30.965ms
I/art     (  877): Explicit concurrent mark sweep GC freed 3622(188KB) AllocSpace objects, 0(0B) LOS objects, 40% free, 9MB/15MB, paused 380us total 19.650ms
I/art     (  774): Explicit concurrent mark sweep GC freed 6422(256KB) AllocSpace objects, 0(0B) LOS objects, 33% free, 9MB/14MB, paused 1.288ms total 33.983ms
I/art     (  877): Explicit concurrent mark sweep GC freed 3943(200KB) AllocSpace objects, 0(0B) LOS objects, 40% free, 9MB/15MB, paused 406us total 36.535ms
I/art     (  774): Explicit concurrent mark sweep GC freed 6520(260KB) AllocSpace objects, 0(0B) LOS objects, 33% free, 9MB/14MB, paused 1.564ms total 28.520ms
