I/AppiumUnicodeIME(  916): onKeyUp (keyCode='23', event.keyCode='23', metaState='0')
I/AppiumUnicodeIME(  916): onKeyDown (keyCode='4', event.keyCode='4', metaState='0')
W/AudioTrack(  738): AUDIO_OUTPUT_FLAG_FAST denied by client
I/AppiumUnicodeIME(  916): onKeyUp (keyCode='4', event.keyCode='4', metaState='0')
D/ForegroundCallbacks( 1586): still foreground
I/AppiumUnicodeIME(  916): onKeyDown (keyCode='20', event.keyCode='20', metaState='0')
I/AppiumUnicodeIME(  916): onKeyUp (keyCode='20', event.keyCode='20', metaState='0')
I/AppiumUnicodeIME(  916): onKeyDown (keyCode='20', event.keyCode='20', metaState='0')
I/AppiumUnicodeIME(  916): onKeyUp (keyCode='20', event.keyCode='20', metaState='0')
I/AppiumUnicodeIME(  916): onKeyDown (keyCode='20', event.keyCode='20', metaState='0')
I/AppiumUnicodeIME(  916): onKeyUp (keyCode='20', event.keyCode='20', metaState='0')
W/AudioTrack(  738): AUDIO_OUTPUT_FLAG_FAST denied by client
I/AppiumUnicodeIME(  916): onFinishInput
I/AppiumUnicodeIME(  916): onStartInput
W/AudioTrack(  738): AUDIO_OUTPUT_FLAG_FAST denied by client
I/InputDispatcher(  738): Dropping event because there is no touchable window at (337, 1045).
W/InputManager(  738): Input event injection from pid 5239 failed.
W/InputManager(  738): Input event injection from pid 5239 failed.
W/InputManager(  738): Input event injection from pid 5239 failed.
W/InputManager(  738): Input event injection from pid 5239 failed.
W/InputManager(  738): Input event injection from pid 5239 failed.
W/InputManager(  738): Input event injection from pid 5239 failed.
W/InputManager(  738): Input event injection from pid 5239 failed.
W/InputManager(  738): Input event injection from pid 5239 failed.
W/InputManager(  738): Input event injection from pid 5239 failed.
W/InputManager(  738): Input event injection from pid 5239 failed.
W/EGL_emulation( 1586): eglSurfaceAttrib not implemented
W/OpenGLRenderer( 1586): Failed to set EGL_SWAP_BEHAVIOR on surface 0xdbd56460, error=EGL_SUCCESS
I/AppiumUnicodeIME(  916): onFinishInput
I/AppiumUnicodeIME(  916): onStartInput
W/ViewRootImpl( 1586): Dropping event due to no window focus: KeyEvent { action=ACTION_DOWN, keyCode=KEYCODE_DPAD_CENTER, scanCode=0, metaState=0, flags=0x8, repeatCount=0, eventTime=4196509, downTime=4196509, deviceId=-1, source=0x101 }
W/ViewRootImpl( 1586): Cancelling event due to no window focus: KeyEvent { action=ACTION_UP, keyCode=KEYCODE_DPAD_CENTER, scanCode=0, metaState=0, flags=0x28, repeatCount=0, eventTime=4196520, downTime=4196520, deviceId=-1, source=0x101 }
W/ViewRootImpl( 1586): Cancelling event due to no window focus: KeyEvent { action=ACTION_UP, keyCode=KEYCODE_DPAD_CENTER, scanCode=0, metaState=0, flags=0x28, repeatCount=0, eventTime=4196520, downTime=4196520, deviceId=-1, source=0x101 }
W/ViewRootImpl( 1586): Cancelling event due to no window focus: KeyEvent { action=ACTION_UP, keyCode=KEYCODE_DPAD_CENTER, scanCode=0, metaState=0, flags=0x28, repeatCount=0, eventTime=4196520, downTime=4196520, deviceId=-1, source=0x101 }
I/ActivityManager(  738): START u0 {act=android.intent.action.MAIN cat=[android.intent.category.LAUNCHER] flg=0x10200000 cmp=com.zzl.falcon.internal/com.squareup.leakcanary.internal.DisplayLeakActivity} from uid 0 on display 0
I/AppiumUnicodeIME(  916): onKeyUp (keyCode='23', event.keyCode='23', metaState='0')
I/AppiumUnicodeIME(  916): onFinishInput
I/AppiumUnicodeIME(  916): onStartInput
W/AudioTrack(  738): AUDIO_OUTPUT_FLAG_FAST denied by client
W/AudioTrack(  738): AUDIO_OUTPUT_FLAG_FAST denied by client
E/EGL_emulation(  773): tid 773: eglCreateSyncKHR(1209): error 0x3004 (EGL_BAD_ATTRIBUTE)
I/AppiumUnicodeIME(  916): onKeyDown (keyCode='19', event.keyCode='19', metaState='0')
I/AppiumUnicodeIME(  916): onKeyDown (keyCode='19', event.keyCode='19', metaState='0')
I/AppiumUnicodeIME(  916): onKeyUp (keyCode='19', event.keyCode='19', metaState='0')
I/AppiumUnicodeIME(  916): onKeyDown (keyCode='19', event.keyCode='19', metaState='0')
I/AppiumUnicodeIME(  916): onKeyUp (keyCode='19', event.keyCode='19', metaState='0')
I/AppiumUnicodeIME(  916): onKeyDown (keyCode='19', event.keyCode='19', metaState='0')
I/AppiumUnicodeIME(  916): onKeyUp (keyCode='19', event.keyCode='19', metaState='0')
I/AppiumUnicodeIME(  916): onKeyDown (keyCode='19', event.keyCode='19', metaState='0')
I/AppiumUnicodeIME(  916): onKeyUp (keyCode='19', event.keyCode='19', metaState='0')
I/AppiumUnicodeIME(  916): onKeyDown (keyCode='19', event.keyCode='19', metaState='0')
I/AppiumUnicodeIME(  916): onKeyDown (keyCode='19', event.keyCode='19', metaState='0')
I/AppiumUnicodeIME(  916): onKeyUp (keyCode='19', event.keyCode='19', metaState='0')
I/AppiumUnicodeIME(  916): onKeyDown (keyCode='19', event.keyCode='19', metaState='0')
I/AppiumUnicodeIME(  916): onKeyUp (keyCode='19', event.keyCode='19', metaState='0')
I/InputDispatcher(  738): Dropping event because there is no touchable window at (623, 595).
W/InputManager(  738): Input event injection from pid 5239 failed.
W/InputManager(  738): Input event injection from pid 5239 failed.
W/InputManager(  738): Input event injection from pid 5239 failed.
W/InputManager(  738): Input event injection from pid 5239 failed.
W/InputManager(  738): Input event injection from pid 5239 failed.
W/InputManager(  738): Input event injection from pid 5239 failed.
W/InputManager(  738): Input event injection from pid 5239 failed.
I/OpenGLRenderer( 5002): Initialized EGL, version 1.4
W/EGL_emulation( 5002): eglSurfaceAttrib not implemented
W/OpenGLRenderer( 5002): Failed to set EGL_SWAP_BEHAVIOR on surface 0xe1427e40, error=EGL_SUCCESS
W/ViewRootImpl( 5002): Dropping event due to no window focus: KeyEvent { action=ACTION_DOWN, keyCode=KEYCODE_J, scanCode=0, metaState=0, flags=0x8, repeatCount=0, eventTime=4196917, downTime=4196917, deviceId=-1, source=0x101 }
D/ForegroundCallbacks( 1586): went background
I/awcn.HMacUtil( 1586):  hmacSha1Hex result:f13419ec06590dfab6fcbf5c7798c78e010c7c412fe9d1d5975451b57bb12f45
D/awcn.StrategyCenter( 1586):  getSchemeByHost host:amdcopen.m.taobao.com scheme:http
D/getConnStrategyListByHost( 1586): |[seq:host] amdcopen.m.taobao.com:result [{106.11.61.137 443 https}, {106.11.61.137 80 http}]
I/awcn.DispatchCore( 1586): |[seq:AMDC6] send amdc request url:http://106.11.61.137:80/amdc/mobileDispatch?appkey=umeng%3A56aadbf567e58e38d4000976&deviceId=WajMPL%2FDZuUDAJwcljDKSIFW&platform=android&v=4.0
D/awcn.DispatchCore( 1586): |[seq:AMDC6] amdc response. code: 200 
D/awcn.DispatchCore( 1586): headers:{null=[HTTP/1.1 200 OK], Cache-Control=[no-cache], Connection=[close], Content-Encoding=[gzip], Content-Type=[application/json;charset=UTF-8], Date=[Sat, 09 Dec 2017 05:47:24 GMT], pragma=[no-cache], Server=[Tengine], Transfer-Encoding=[chunked], Vary=[Accept-Encoding], x-am-code=[1000], x-am-id=[amdc010150156195.eu13_1512798444595_227993253], x-am-sign=[02f025a3e4782119a981ede9e91d7dce47303d5ecff05089af747100d701f010], X-Android-Received-Millis=[1512798444513], X-Android-Response-Source=[NETWORK 200], X-Android-Sent-Millis=[1512798444503]}
D/awcn.DispatchCore( 1586): |[seq:AMDC6] amdc response body 
D/awcn.DispatchCore( 1586): body:{"code":1000,"cv":0,"dns":[{"aisles":[{"cto":10000,"heartbeat":0,"port":443,"protocol":"https","retry":1,"rto":10000},{"cto":10000,"heartbeat":0,"port":80,"protocol":"http","retry":1,"rto":10000}],"host":"api.m.yao.95095.com","ips":["140.205.36.37"],"isHot":1,"ttl":300},{"aisles":[{"cto":10000,"heartbeat":0,"port":443,"protocol":"https","retry":1,"rto":10000},{"cto":10000,"heartbeat":0,"port":80,"protocol":"http","retry":1,"rto":10000}],"host":"unszapi.m.yao.95095.com","ips":["106.11.132.9"],"isHot":1,"ttl":300},{"aisles":[{"cto":10000,"heartbeat":45000,"port":443,"protocol":"http2","publickey":"acs","retry":1,"rto":10000,"rtt":"0rtt"},{"cto":10000,"heartbeat":45000,"port":80,"protocol":"http2","publickey":"acs","retry":1,"rto":10000,"rtt":"0rtt"},{"cto":10000,"heartbeat":45000,"port":443,"protocol":"spdy","publickey":"acs","retry":1,"rto":10000,"rtt":"0rtt"},{"cto":10000,"heartbeat":45000,"port":80,"protocol":"spdy","publickey":"acs","retry":1,"rto":10000,"rtt":"0rtt"},{"cto":10000,"heartbeat":0,"port":443,"protocol":"https","retry":1,"rto":10000}],"host":"umengacs.m.taobao.com","ips":["140.205.160.76","106.11.52.16"],"isHot":1,"safeAisles":"https","ttl":300}],"ip":"101.81.49.47","unit":"unzbyun","utdid":"WajMPL/DZuUDAJwcljDKSIFW"}
I/awcn.HMacUtil( 1586):  hmacSha1Hex result:02f025a3e4782119a981ede9e91d7dce47303d5ecff05089af747100d701f010
D/awcn.StrategyCenter( 1586):  receive DNS event
I/awcn.StrategyTable( 1586):  update strategyTable with httpDns response
D/awcn.StrategyTable( 1586):  uniqueId : WIFI$01:80:c2:00:00:03
D/awcn.StrategyTable( 1586): -------------------------hot domains:------------------------------------
D/awcn.StrategyTable( 1586):  api.m.yao.95095.com = 
D/awcn.StrategyTable( 1586): StrategyList = 1512798744516[{140.205.36.37 443 https}, {140.205.36.37 80 http}]
D/awcn.StrategyTable( 1586):  unszapi.m.yao.95095.com = 
D/awcn.StrategyTable( 1586): StrategyList = 1512798744516[{106.11.132.9 443 https}, {106.11.132.9 80 http}]
D/awcn.StrategyTable( 1586):  umengacs.m.taobao.com = 
D/awcn.StrategyTable( 1586): StrategyList = 1512798744516[{106.11.52.16 443 http2_0rtt_acs}, {106.11.52.16 80 http2_0rtt_acs}, {106.11.52.16 443 spdy_0rtt_acs}, {106.11.52.16 80 spdy_0rtt_acs}, {140.205.160.76 443 http2_0rtt_acs}, {140.205.160.76 80 http2_0rtt_acs}, {140.205.160.76 443 spdy_0rtt_acs}, {140.205.160.76 80 spdy_0rtt_acs}, {106.11.52.16 443 https}, {140.205.160.76 443 https}]
D/awcn.StrategyTable( 1586):  
D/awcn.StrategyTable( 1586): -------------------------cold domains:------------------------------------
D/awcn.StrategyTable( 1586):  amdcopen.m.taobao.com = 
D/awcn.StrategyTable( 1586): StrategyList = 1512794682147[{106.11.61.137 443 https}, {106.11.61.137 80 http}]
D/awcn.SafeAislesMap( 1586):  SafeAislesMap: {amdcopen.m.taobao.com=http, api.m.yao.95095.com=No_Result, unszapi.m.yao.95095.com=No_Result, umengacs.m.taobao.com=https}
D/awcn.UnitMap( 1586):  UnitMap : UnitMap: {WajMPL/DZuUDAJwcljDKSIFW=unzbyun}
I/awcn.StrategyCenter( 1586):  saveData
D/awcn.StrategyCenter( 1586):  getSchemeByHost host:umengacs.m.taobao.com scheme:https
D/awcn.SessionCenter( 1586): |[seq:umeng:56aadbf567e58e38d4000976] getInternal u:https://umengacs.m.taobao.com TypeClass:SPDY timeout:0
D/awcn.StrategyCenter( 1586):  getSchemeByHost host:umengacs.m.taobao.com scheme:https
D/awcn.SessionCenter( 1586): |[seq:umeng:56aadbf567e58e38d4000976] get internal hit cache session session:Session@[umeng:56aadbf567e58e38d4000976.AWCN7_1|http2_0rtt_acs]
D/awcn.StrategyTable( 1586):  [notifyConnEvent] Host:amdcopen.m.taobao.com IConnStrategy:{106.11.61.137 80 http} ConnEvent:ConnEvent#Success
W/ResourceType(  861): No package identifier when getting value for resource number 0x00000000
W/PackageManager(  861): Failure retrieving resources for com.zzl.falcon.internal: Resource ID #0x0
W/ViewRootImpl( 5002): Cancelling event due to no window focus: KeyEvent { action=ACTION_UP, keyCode=KEYCODE_J, scanCode=0, metaState=0, flags=0x28, repeatCount=0, eventTime=4197074, downTime=4197074, deviceId=-1, source=0x101 }
W/ViewRootImpl( 5002): Cancelling event due to no window focus: KeyEvent { action=ACTION_UP, keyCode=KEYCODE_J, scanCode=0, metaState=0, flags=0x28, repeatCount=0, eventTime=4197074, downTime=4197074, deviceId=-1, source=0x101 }
W/ViewRootImpl( 5002): Cancelling event due to no window focus: KeyEvent { action=ACTION_UP, keyCode=KEYCODE_J, scanCode=0, metaState=0, flags=0x28, repeatCount=0, eventTime=4197074, downTime=4197074, deviceId=-1, source=0x101 }
W/ViewRootImpl( 5002): Cancelling event due to no window focus: KeyEvent { action=ACTION_UP, keyCode=KEYCODE_J, scanCode=0, metaState=0, flags=0x28, repeatCount=0, eventTime=4197074, downTime=4197074, deviceId=-1, source=0x101 }
W/ViewRootImpl( 5002): Cancelling event due to no window focus: KeyEvent { action=ACTION_UP, keyCode=KEYCODE_J, scanCode=0, metaState=0, flags=0x28, repeatCount=0, eventTime=4197074, downTime=4197074, deviceId=-1, source=0x101 }
W/ViewRootImpl( 5002): Cancelling event due to no window focus: KeyEvent { action=ACTION_UP, keyCode=KEYCODE_J, scanCode=0, metaState=0, flags=0x28, repeatCount=0, eventTime=4197074, downTime=4197074, deviceId=-1, source=0x101 }
W/ViewRootImpl( 5002): Cancelling event due to no window focus: KeyEvent { action=ACTION_UP, keyCode=KEYCODE_J, scanCode=0, metaState=0, flags=0x28, repeatCount=0, eventTime=4197074, downTime=4197074, deviceId=-1, source=0x101 }
W/ViewRootImpl( 5002): Cancelling event due to no window focus: KeyEvent { action=ACTION_UP, keyCode=KEYCODE_J, scanCode=0, metaState=0, flags=0x28, repeatCount=0, eventTime=4197074, downTime=4197074, deviceId=-1, source=0x101 }
W/ViewRootImpl( 5002): Cancelling event due to no window focus: KeyEvent { action=ACTION_UP, keyCode=KEYCODE_J, scanCode=0, metaState=0, flags=0x28, repeatCount=0, eventTime=4197074, downTime=4197074, deviceId=-1, source=0x101 }
I/AppiumUnicodeIME(  916): onKeyDown (keyCode='23', event.keyCode='23', metaState='0')
I/AppiumUnicodeIME(  916): onFinishInput
I/AppiumUnicodeIME(  916): onStartInput
I/AppiumUnicodeIME(  916): onKeyUp (keyCode='23', event.keyCode='23', metaState='0')
I/AppiumUnicodeIME(  916): onKeyDown (keyCode='82', event.keyCode='82', metaState='0')
W/AudioTrack(  738): AUDIO_OUTPUT_FLAG_FAST denied by client
I/AppiumUnicodeIME(  916): onKeyUp (keyCode='82', event.keyCode='82', metaState='0')
W/AudioTrack(  738): AUDIO_OUTPUT_FLAG_FAST denied by client
V/WindowManager(  738): Adding window Window{3c8903b4 u0 PopupWindow:3e15ce80} at 5 of 11 (after Window{1e6d377d u0 com.zzl.falcon.internal/com.squareup.leakcanary.internal.DisplayLeakActivity})
W/ViewRootImpl( 5002): Dropping event due to no window focus: KeyEvent { action=ACTION_DOWN, keyCode=KEYCODE_DPAD_CENTER, scanCode=0, metaState=0, flags=0x8, repeatCount=0, eventTime=4198110, downTime=4198110, deviceId=-1, source=0x101 }
W/ViewRootImpl( 5002): Cancelling event due to no window focus: KeyEvent { action=ACTION_UP, keyCode=KEYCODE_DPAD_CENTER, scanCode=0, metaState=0, flags=0x28, repeatCount=0, eventTime=4198462, downTime=4198462, deviceId=-1, source=0x101 }
W/ViewRootImpl( 5002): Cancelling event due to no window focus: KeyEvent { action=ACTION_UP, keyCode=KEYCODE_DPAD_CENTER, scanCode=0, metaState=0, flags=0x28, repeatCount=0, eventTime=4198462, downTime=4198462, deviceId=-1, source=0x101 }
W/ViewRootImpl( 5002): Cancelling event due to no window focus: KeyEvent { action=ACTION_UP, keyCode=KEYCODE_DPAD_CENTER, scanCode=0, metaState=0, flags=0x28, repeatCount=0, eventTime=4198462, downTime=4198462, deviceId=-1, source=0x101 }
W/ViewRootImpl( 5002): Cancelling event due to no window focus: KeyEvent { action=ACTION_UP, keyCode=KEYCODE_DPAD_CENTER, scanCode=0, metaState=0, flags=0x28, repeatCount=0, eventTime=4198462, downTime=4198462, deviceId=-1, source=0x101 }
W/ViewRootImpl( 5002): Cancelling event due to no window focus: KeyEvent { action=ACTION_UP, keyCode=KEYCODE_DPAD_CENTER, scanCode=0, metaState=0, flags=0x28, repeatCount=0, eventTime=4198462, downTime=4198462, deviceId=-1, source=0x101 }
W/ViewRootImpl( 5002): Cancelling event due to no window focus: KeyEvent { action=ACTION_UP, keyCode=KEYCODE_DPAD_CENTER, scanCode=0, metaState=0, flags=0x28, repeatCount=0, eventTime=4198462, downTime=4198462, deviceId=-1, source=0x101 }
W/ViewRootImpl( 5002): Cancelling event due to no window focus: KeyEvent { action=ACTION_UP, keyCode=KEYCODE_DPAD_CENTER, scanCode=0, metaState=0, flags=0x28, repeatCount=0, eventTime=4198462, downTime=4198462, deviceId=-1, source=0x101 }
W/ViewRootImpl( 5002): Cancelling event due to no window focus: KeyEvent { action=ACTION_UP, keyCode=KEYCODE_DPAD_CENTER, scanCode=0, metaState=0, flags=0x28, repeatCount=0, eventTime=4198462, downTime=4198462, deviceId=-1, source=0x101 }
W/ViewRootImpl( 5002): Cancelling event due to no window focus: KeyEvent { action=ACTION_UP, keyCode=KEYCODE_DPAD_CENTER, scanCode=0, metaState=0, flags=0x28, repeatCount=0, eventTime=4198462, downTime=4198462, deviceId=-1, source=0x101 }
W/EGL_emulation( 5002): eglSurfaceAttrib not implemented
W/OpenGLRenderer( 5002): Failed to set EGL_SWAP_BEHAVIOR on surface 0xe1509480, error=EGL_SUCCESS
W/ViewRootImpl( 5002): Dropping event due to no window focus: KeyEvent { action=ACTION_DOWN, keyCode=KEYCODE_DPAD_LEFT, scanCode=0, metaState=0, flags=0x8, repeatCount=0, eventTime=4198531, downTime=4198531, deviceId=-1, source=0x101 }
I/AppiumUnicodeIME(  916): onKeyDown (keyCode='19', event.keyCode='19', metaState='0')
I/AppiumUnicodeIME(  916): onKeyUp (keyCode='19', event.keyCode='19', metaState='0')
I/AppiumUnicodeIME(  916): onKeyDown (keyCode='19', event.keyCode='19', metaState='0')
I/AppiumUnicodeIME(  916): onKeyUp (keyCode='19', event.keyCode='19', metaState='0')
W/InputEventReceiver( 5002): Attempted to finish an input event but the input event receiver has already been disposed.
W/ViewRootImpl( 5002): Dropping event due to root view being removed: MotionEvent { action=ACTION_UP, id[0]=0, x[0]=239.9057, y[0]=218.18213, toolType[0]=TOOL_TYPE_UNKNOWN, buttonState=0, metaState=0, flags=0x0, edgeFlags=0x0, pointerCount=1, historySize=0, eventTime=4198748, downTime=4198742, deviceId=0, source=0x1002 }
W/InputEventReceiver( 5002): Attempted to finish an input event but the input event receiver has already been disposed.
W/ViewRootImpl( 5002): Dropping event due to no window focus: KeyEvent { action=ACTION_DOWN, keyCode=KEYCODE_DPAD_CENTER, scanCode=0, metaState=0, flags=0x8, repeatCount=0, eventTime=4198748, downTime=4198748, deviceId=-1, source=0x101 }
W/ViewRootImpl( 5002): Cancelling event due to no window focus: KeyEvent { action=ACTION_UP, keyCode=KEYCODE_DPAD_CENTER, scanCode=0, metaState=0, flags=0x28, repeatCount=0, eventTime=4198800, downTime=4198800, deviceId=-1, source=0x101 }
W/ViewRootImpl( 5002): Cancelling event due to no window focus: KeyEvent { action=ACTION_UP, keyCode=KEYCODE_DPAD_CENTER, scanCode=0, metaState=0, flags=0x28, repeatCount=0, eventTime=4198800, downTime=4198800, deviceId=-1, source=0x101 }
W/ViewRootImpl( 5002): Cancelling event due to no window focus: KeyEvent { action=ACTION_UP, keyCode=KEYCODE_DPAD_CENTER, scanCode=0, metaState=0, flags=0x28, repeatCount=0, eventTime=4198800, downTime=4198800, deviceId=-1, source=0x101 }
I/AppiumUnicodeIME(  916): onKeyUp (keyCode='23', event.keyCode='23', metaState='0')
W/ViewRootImpl( 5002): Cancelling event due to no window focus: KeyEvent { action=ACTION_UP, keyCode=KEYCODE_DPAD_CENTER, scanCode=0, metaState=0, flags=0x28, repeatCount=0, eventTime=4198800, downTime=4198800, deviceId=-1, source=0x101 }
W/ViewRootImpl( 5002): Cancelling event due to no window focus: KeyEvent { action=ACTION_UP, keyCode=KEYCODE_DPAD_CENTER, scanCode=0, metaState=0, flags=0x28, repeatCount=0, eventTime=4198800, downTime=4198800, deviceId=-1, source=0x101 }
W/ViewRootImpl( 5002): Cancelling event due to no window focus: KeyEvent { action=ACTION_UP, keyCode=KEYCODE_DPAD_CENTER, scanCode=0, metaState=0, flags=0x28, repeatCount=0, eventTime=4198800, downTime=4198800, deviceId=-1, source=0x101 }
W/ViewRootImpl( 5002): Cancelling event due to no window focus: KeyEvent { action=ACTION_UP, keyCode=KEYCODE_DPAD_CENTER, scanCode=0, metaState=0, flags=0x28, repeatCount=0, eventTime=4198800, downTime=4198800, deviceId=-1, source=0x101 }
W/ViewRootImpl( 5002): Cancelling event due to no window focus: KeyEvent { action=ACTION_UP, keyCode=KEYCODE_DPAD_CENTER, scanCode=0, metaState=0, flags=0x28, repeatCount=0, eventTime=4198800, downTime=4198800, deviceId=-1, source=0x101 }
W/ViewRootImpl( 5002): Cancelling event due to no window focus: KeyEvent { action=ACTION_UP, keyCode=KEYCODE_DPAD_CENTER, scanCode=0, metaState=0, flags=0x28, repeatCount=0, eventTime=4198800, downTime=4198800, deviceId=-1, source=0x101 }
W/ViewRootImpl( 5002): Dropping event due to no window focus: MotionEvent { action=ACTION_MOVE, id[0]=0, x[0]=-1.0, y[0]=-4.0, toolType[0]=TOOL_TYPE_UNKNOWN, buttonState=0, metaState=0, flags=0x0, edgeFlags=0x0, pointerCount=1, historySize=9, eventTime=4198825, downTime=-1, deviceId=0, source=0x10004 }
W/ViewRootImpl( 5002): Dropping event due to no window focus: KeyEvent { action=ACTION_DOWN, keyCode=KEYCODE_MOVE_HOME, scanCode=0, metaState=0, flags=0x8, repeatCount=0, eventTime=4198826, downTime=4198826, deviceId=-1, source=0x101 }
W/InputMethodManagerService(  738): Window already focused, ignoring focus gain of: com.android.internal.view.IInputMethodClient$Stub$Proxy@28ca720 attribute=null, token = android.os.BinderProxy@ed349d4
I/AppiumUnicodeIME(  916): onKeyUp (keyCode='122', event.keyCode='122', metaState='0')
W/AudioTrack(  738): AUDIO_OUTPUT_FLAG_FAST denied by client
D/LeakCanary( 5002): Could not delete heap dump file /storage/emulated/0/Download/leakcanary-com.zzl.falcon.internal/2017-12-06_21-35-49_730.hprof
I/AppiumUnicodeIME(  916): onKeyDown (keyCode='20', event.keyCode='20', metaState='0')
I/awcn.ComponentCallbacks2( 1586):  onTrimMemory level:20
I/awcn.SessionCenter( 1586): |[seq:[default]] [background]
I/awcn.StrategyCenter( 1586):  saveData
I/awcn.SessionCenter( 1586): |[seq:umeng:56aadbf567e58e38d4000976] [background]
I/awcn.StrategyCenter( 1586):  saveData
I/AppiumUnicodeIME(  916): onKeyUp (keyCode='20', event.keyCode='20', metaState='0')
I/AppiumUnicodeIME(  916): onKeyDown (keyCode='19', event.keyCode='19', metaState='0')
W/AudioTrack(  738): AUDIO_OUTPUT_FLAG_FAST denied by client
I/AppiumUnicodeIME(  916): onKeyUp (keyCode='19', event.keyCode='19', metaState='0')
I/AppiumUnicodeIME(  916): onKeyDown (keyCode='23', event.keyCode='23', metaState='0')
I/AppiumUnicodeIME(  916): onKeyUp (keyCode='23', event.keyCode='23', metaState='0')
W/AudioTrack(  738): AUDIO_OUTPUT_FLAG_FAST denied by client
V/WindowManager(  738): not Base app: Adding window Window{3e55e29e u0 com.zzl.falcon.internal/com.squareup.leakcanary.internal.DisplayLeakActivity} at 4 of 10
W/ViewRootImpl( 5002): Cancelling event due to no window focus: KeyEvent { action=ACTION_UP, keyCode=KEYCODE_DPAD_RIGHT, scanCode=0, metaState=0, flags=0x28, repeatCount=0, eventTime=4199283, downTime=4199283, deviceId=-1, source=0x101 }
I/AppiumUnicodeIME(  916): onKeyDown (keyCode='22', event.keyCode='22', metaState='0')
W/ViewRootImpl( 5002): Cancelling event due to no window focus: KeyEvent { action=ACTION_UP, keyCode=KEYCODE_DPAD_RIGHT, scanCode=0, metaState=0, flags=0x28, repeatCount=0, eventTime=4199283, downTime=4199283, deviceId=-1, source=0x101 }
W/ViewRootImpl( 5002): Cancelling event due to no window focus: KeyEvent { action=ACTION_UP, keyCode=KEYCODE_DPAD_RIGHT, scanCode=0, metaState=0, flags=0x28, repeatCount=0, eventTime=4199283, downTime=4199283, deviceId=-1, source=0x101 }
I/AppiumUnicodeIME(  916): onKeyUp (keyCode='22', event.keyCode='22', metaState='0')
W/ViewRootImpl( 5002): Cancelling event due to no window focus: KeyEvent { action=ACTION_UP, keyCode=KEYCODE_DPAD_RIGHT, scanCode=0, metaState=0, flags=0x28, repeatCount=0, eventTime=4199283, downTime=4199283, deviceId=-1, source=0x101 }
W/ViewRootImpl( 5002): Cancelling event due to no window focus: KeyEvent { action=ACTION_UP, keyCode=KEYCODE_DPAD_RIGHT, scanCode=0, metaState=0, flags=0x28, repeatCount=0, eventTime=4199283, downTime=4199283, deviceId=-1, source=0x101 }
W/ViewRootImpl( 5002): Cancelling event due to no window focus: KeyEvent { action=ACTION_UP, keyCode=KEYCODE_DPAD_RIGHT, scanCode=0, metaState=0, flags=0x28, repeatCount=0, eventTime=4199283, downTime=4199283, deviceId=-1, source=0x101 }
W/ViewRootImpl( 5002): Cancelling event due to no window focus: KeyEvent { action=ACTION_UP, keyCode=KEYCODE_DPAD_RIGHT, scanCode=0, metaState=0, flags=0x28, repeatCount=0, eventTime=4199283, downTime=4199283, deviceId=-1, source=0x101 }
W/ViewRootImpl( 5002): Cancelling event due to no window focus: KeyEvent { action=ACTION_UP, keyCode=KEYCODE_DPAD_RIGHT, scanCode=0, metaState=0, flags=0x28, repeatCount=0, eventTime=4199283, downTime=4199283, deviceId=-1, source=0x101 }
W/ViewRootImpl( 5002): Cancelling event due to no window focus: KeyEvent { action=ACTION_UP, keyCode=KEYCODE_DPAD_RIGHT, scanCode=0, metaState=0, flags=0x28, repeatCount=0, eventTime=4199283, downTime=4199283, deviceId=-1, source=0x101 }
W/ViewRootImpl( 5002): Dropping event due to no window focus: KeyEvent { action=ACTION_DOWN, keyCode=KEYCODE_MENU, scanCode=0, metaState=0, flags=0x8, repeatCount=0, eventTime=4199310, downTime=4199310, deviceId=-1, source=0x101 }
I/ActivityManager(  738): START u0 {act=android.intent.action.MAIN cat=[android.intent.category.LAUNCHER] flg=0x10200000 cmp=com.zzl.falcon.internal/com.zzl.falcon.EntranceActivity} from uid 0 on display 0
E/EGL_emulation(  773): tid 773: eglCreateSyncKHR(1209): error 0x3004 (EGL_BAD_ATTRIBUTE)
W/EGL_emulation( 5002): eglSurfaceAttrib not implemented
W/OpenGLRenderer( 5002): Failed to set EGL_SWAP_BEHAVIOR on surface 0xe1427dc0, error=EGL_SUCCESS
W/ViewRootImpl( 5002): Cancelling event due to no window focus: KeyEvent { action=ACTION_UP, keyCode=KEYCODE_MENU, scanCode=0, metaState=0, flags=0x28, repeatCount=0, eventTime=4199310, downTime=4199310, deviceId=-1, source=0x101 }
W/ViewRootImpl( 5002): Cancelling event due to no window focus: KeyEvent { action=ACTION_UP, keyCode=KEYCODE_MENU, scanCode=0, metaState=0, flags=0x28, repeatCount=0, eventTime=4199310, downTime=4199310, deviceId=-1, source=0x101 }
W/ViewRootImpl( 5002): Cancelling event due to no window focus: KeyEvent { action=ACTION_UP, keyCode=KEYCODE_MENU, scanCode=0, metaState=0, flags=0x28, repeatCount=0, eventTime=4199310, downTime=4199310, deviceId=-1, source=0x101 }
W/ViewRootImpl( 5002): Cancelling event due to no window focus: KeyEvent { action=ACTION_UP, keyCode=KEYCODE_MENU, scanCode=0, metaState=0, flags=0x28, repeatCount=0, eventTime=4199310, downTime=4199310, deviceId=-1, source=0x101 }
W/ViewRootImpl( 5002): Cancelling event due to no window focus: KeyEvent { action=ACTION_UP, keyCode=KEYCODE_MENU, scanCode=0, metaState=0, flags=0x28, repeatCount=0, eventTime=4199310, downTime=4199310, deviceId=-1, source=0x101 }
W/ViewRootImpl( 5002): Cancelling event due to no window focus: KeyEvent { action=ACTION_UP, keyCode=KEYCODE_MENU, scanCode=0, metaState=0, flags=0x28, repeatCount=0, eventTime=4199310, downTime=4199310, deviceId=-1, source=0x101 }
D/ForegroundCallbacks( 1586): went foreground
I/awcn.SessionCenter( 1586): |[seq:[default]] [forground]
I/awcn.SessionCenter( 1586): |[seq:umeng:56aadbf567e58e38d4000976] [forground]
D/awcn.StrategyCenter( 1586):  getSchemeByHost host:umengacs.m.taobao.com scheme:https
D/awcn.SessionCenter( 1586): |[seq:umeng:56aadbf567e58e38d4000976] getInternal u:https://umengacs.m.taobao.com TypeClass:SPDY timeout:0
D/awcn.StrategyCenter( 1586):  getSchemeByHost host:umengacs.m.taobao.com scheme:https
D/awcn.SessionCenter( 1586): |[seq:umeng:56aadbf567e58e38d4000976] get internal hit cache session session:Session@[umeng:56aadbf567e58e38d4000976.AWCN7_1|http2_0rtt_acs]
W/EGL_emulation( 1586): eglSurfaceAttrib not implemented
W/OpenGLRenderer( 1586): Failed to set EGL_SWAP_BEHAVIOR on surface 0xdbd56460, error=EGL_SUCCESS
W/ViewRootImpl( 1586): Cancelling event due to no window focus: KeyEvent { action=ACTION_UP, keyCode=KEYCODE_BUTTON_Y, scanCode=0, metaState=0, flags=0x28, repeatCount=0, eventTime=4199778, downTime=4199778, deviceId=-1, source=0x101 }
W/ViewRootImpl( 1586): Cancelling event due to no window focus: KeyEvent { action=ACTION_UP, keyCode=KEYCODE_BUTTON_Y, scanCode=0, metaState=0, flags=0x28, repeatCount=0, eventTime=4199778, downTime=4199778, deviceId=-1, source=0x101 }
W/ViewRootImpl( 1586): Cancelling event due to no window focus: KeyEvent { action=ACTION_UP, keyCode=KEYCODE_BUTTON_Y, scanCode=0, metaState=0, flags=0x28, repeatCount=0, eventTime=4199778, downTime=4199778, deviceId=-1, source=0x101 }
W/ViewRootImpl( 1586): Cancelling event due to no window focus: KeyEvent { action=ACTION_UP, keyCode=KEYCODE_BUTTON_Y, scanCode=0, metaState=0, flags=0x28, repeatCount=0, eventTime=4199778, downTime=4199778, deviceId=-1, source=0x101 }
W/ViewRootImpl( 1586): Cancelling event due to no window focus: KeyEvent { action=ACTION_UP, keyCode=KEYCODE_BUTTON_Y, scanCode=0, metaState=0, flags=0x28, repeatCount=0, eventTime=4199778, downTime=4199778, deviceId=-1, source=0x101 }
W/ViewRootImpl( 1586): Cancelling event due to no window focus: KeyEvent { action=ACTION_UP, keyCode=KEYCODE_BUTTON_Y, scanCode=0, metaState=0, flags=0x28, repeatCount=0, eventTime=4199778, downTime=4199778, deviceId=-1, source=0x101 }
W/ViewRootImpl( 1586): Cancelling event due to no window focus: KeyEvent { action=ACTION_UP, keyCode=KEYCODE_BUTTON_Y, scanCode=0, metaState=0, flags=0x28, repeatCount=0, eventTime=4199778, downTime=4199778, deviceId=-1, source=0x101 }
W/ViewRootImpl( 1586): Cancelling event due to no window focus: KeyEvent { action=ACTION_UP, keyCode=KEYCODE_BUTTON_Y, scanCode=0, metaState=0, flags=0x28, repeatCount=0, eventTime=4199778, downTime=4199778, deviceId=-1, source=0x101 }
W/ViewRootImpl( 1586): Cancelling event due to no window focus: KeyEvent { action=ACTION_UP, keyCode=KEYCODE_BUTTON_Y, scanCode=0, metaState=0, flags=0x28, repeatCount=0, eventTime=4199778, downTime=4199778, deviceId=-1, source=0x101 }
I/AppiumUnicodeIME(  916): onKeyDown (keyCode='22', event.keyCode='22', metaState='0')
I/AppiumUnicodeIME(  916): onFinishInput
I/AppiumUnicodeIME(  916): onStartInput
I/AppiumUnicodeIME(  916): onKeyUp (keyCode='22', event.keyCode='22', metaState='0')
W/AudioTrack(  738): AUDIO_OUTPUT_FLAG_FAST denied by client
I/AppiumUnicodeIME(  916): onKeyDown (keyCode='25', event.keyCode='25', metaState='0')
W/AudioService(  738): stream was not muted by this client
E/AudioService(  738): Could not get client death handler for stream: 1
W/AudioService(  738): stream was not muted by this client
E/AudioService(  738): Could not get client death handler for stream: 2
W/AudioService(  738): stream was not muted by this client
E/AudioService(  738): Could not get client death handler for stream: 5
W/AudioService(  738): stream was not muted by this client
E/AudioService(  738): Could not get client death handler for stream: 7
W/AudioService(  738): stream was not muted by this client
E/AudioService(  738): Could not get client death handler for stream: 8
I/AppiumUnicodeIME(  916): onKeyUp (keyCode='25', event.keyCode='25', metaState='0')
I/AppiumUnicodeIME(  916): onKeyDown (keyCode='23', event.keyCode='23', metaState='0')
I/AppiumUnicodeIME(  916): onKeyUp (keyCode='23', event.keyCode='23', metaState='0')
I/AppiumUnicodeIME(  916): onKeyDown (keyCode='23', event.keyCode='23', metaState='0')
W/EGL_emulation(  861): eglSurfaceAttrib not implemented
W/OpenGLRenderer(  861): Failed to set EGL_SWAP_BEHAVIOR on surface 0xe2003140, error=EGL_SUCCESS
I/AppiumUnicodeIME(  916): onKeyUp (keyCode='23', event.keyCode='23', metaState='0')
I/AppiumUnicodeIME(  916): onKeyDown (keyCode='212', event.keyCode='212', metaState='0')
I/AppiumUnicodeIME(  916): onKeyUp (keyCode='212', event.keyCode='212', metaState='0')
I/AppiumUnicodeIME(  916): onKeyDown (keyCode='21', event.keyCode='21', metaState='0')
I/AppiumUnicodeIME(  916): onKeyUp (keyCode='21', event.keyCode='21', metaState='0')
I/ActivityManager(  738): START u0 {act=android.intent.action.MAIN cat=[android.intent.category.LAUNCHER] flg=0x10200000 cmp=com.zzl.falcon.internal/com.squareup.leakcanary.internal.DisplayLeakActivity} from uid 0 on display 0
E/EGL_emulation(  773): tid 773: eglCreateSyncKHR(1209): error 0x3004 (EGL_BAD_ATTRIBUTE)
I/InputDispatcher(  738): Dropping event because there is no touchable window at (750, 1041).
W/InputManager(  738): Input event injection from pid 5239 failed.
W/InputManager(  738): Input event injection from pid 5239 failed.
W/InputManager(  738): Input event injection from pid 5239 failed.
W/InputManager(  738): Input event injection from pid 5239 failed.
W/InputManager(  738): Input event injection from pid 5239 failed.
W/InputManager(  738): Input event injection from pid 5239 failed.
W/InputManager(  738): Input event injection from pid 5239 failed.
W/InputManager(  738): Input event injection from pid 5239 failed.
W/InputManager(  738): Input event injection from pid 5239 failed.
W/InputManager(  738): Input event injection from pid 5239 failed.
W/EGL_emulation( 5002): eglSurfaceAttrib not implemented
W/OpenGLRenderer( 5002): Failed to set EGL_SWAP_BEHAVIOR on surface 0xe1427dc0, error=EGL_SUCCESS
W/EGL_emulation( 5002): eglSurfaceAttrib not implemented
W/OpenGLRenderer( 5002): Failed to set EGL_SWAP_BEHAVIOR on surface 0xe1509860, error=EGL_SUCCESS
W/ViewRootImpl( 5002): Dropping event due to no window focus: KeyEvent { action=ACTION_DOWN, keyCode=KEYCODE_SETTINGS, scanCode=0, metaState=0, flags=0x8, repeatCount=0, eventTime=4200692, downTime=4200692, deviceId=-1, source=0x101 }
W/ViewRootImpl( 5002): Cancelling event due to no window focus: KeyEvent { action=ACTION_UP, keyCode=KEYCODE_SETTINGS, scanCode=0, metaState=0, flags=0x28, repeatCount=0, eventTime=4200829, downTime=4200692, deviceId=-1, source=0x101 }
W/ViewRootImpl( 5002): Cancelling event due to no window focus: KeyEvent { action=ACTION_UP, keyCode=KEYCODE_SETTINGS, scanCode=0, metaState=0, flags=0x28, repeatCount=0, eventTime=4200829, downTime=4200692, deviceId=-1, source=0x101 }
W/ViewRootImpl( 5002): Cancelling event due to no window focus: KeyEvent { action=ACTION_UP, keyCode=KEYCODE_SETTINGS, scanCode=0, metaState=0, flags=0x28, repeatCount=0, eventTime=4200829, downTime=4200692, deviceId=-1, source=0x101 }
W/ViewRootImpl( 5002): Cancelling event due to no window focus: KeyEvent { action=ACTION_UP, keyCode=KEYCODE_SETTINGS, scanCode=0, metaState=0, flags=0x28, repeatCount=0, eventTime=4200829, downTime=4200692, deviceId=-1, source=0x101 }
W/ViewRootImpl( 5002): Cancelling event due to no window focus: KeyEvent { action=ACTION_UP, keyCode=KEYCODE_SETTINGS, scanCode=0, metaState=0, flags=0x28, repeatCount=0, eventTime=4200829, downTime=4200692, deviceId=-1, source=0x101 }
W/ViewRootImpl( 5002): Cancelling event due to no window focus: KeyEvent { action=ACTION_UP, keyCode=KEYCODE_SETTINGS, scanCode=0, metaState=0, flags=0x28, repeatCount=0, eventTime=4200829, downTime=4200692, deviceId=-1, source=0x101 }
W/ViewRootImpl( 5002): Cancelling event due to no window focus: KeyEvent { action=ACTION_UP, keyCode=KEYCODE_SETTINGS, scanCode=0, metaState=0, flags=0x28, repeatCount=0, eventTime=4200829, downTime=4200692, deviceId=-1, source=0x101 }
W/ViewRootImpl( 5002): Cancelling event due to no window focus: KeyEvent { action=ACTION_UP, keyCode=KEYCODE_SETTINGS, scanCode=0, metaState=0, flags=0x28, repeatCount=0, eventTime=4200829, downTime=4200692, deviceId=-1, source=0x101 }
W/ViewRootImpl( 5002): Cancelling event due to no window focus: KeyEvent { action=ACTION_UP, keyCode=KEYCODE_SETTINGS, scanCode=0, metaState=0, flags=0x28, repeatCount=0, eventTime=4200829, downTime=4200692, deviceId=-1, source=0x101 }
W/ViewRootImpl( 5002): Cancelling event due to no window focus: KeyEvent { action=ACTION_UP, keyCode=KEYCODE_SETTINGS, scanCode=0, metaState=0, flags=0x28, repeatCount=0, eventTime=4200693, downTime=4200693, deviceId=-1, source=0x101 }
W/ViewRootImpl( 5002): Cancelling event due to no window focus: KeyEvent { action=ACTION_UP, keyCode=KEYCODE_SETTINGS, scanCode=0, metaState=0, flags=0x28, repeatCount=0, eventTime=4200693, downTime=4200693, deviceId=-1, source=0x101 }
W/ViewRootImpl( 5002): Cancelling event due to no window focus: KeyEvent { action=ACTION_UP, keyCode=KEYCODE_SETTINGS, scanCode=0, metaState=0, flags=0x28, repeatCount=0, eventTime=4200693, downTime=4200693, deviceId=-1, source=0x101 }
W/ViewRootImpl( 5002): Cancelling event due to no window focus: KeyEvent { action=ACTION_UP, keyCode=KEYCODE_SETTINGS, scanCode=0, metaState=0, flags=0x28, repeatCount=0, eventTime=4200693, downTime=4200693, deviceId=-1, source=0x101 }
W/ViewRootImpl( 5002): Cancelling event due to no window focus: KeyEvent { action=ACTION_UP, keyCode=KEYCODE_SETTINGS, scanCode=0, metaState=0, flags=0x28, repeatCount=0, eventTime=4200693, downTime=4200693, deviceId=-1, source=0x101 }
W/ViewRootImpl( 5002): Cancelling event due to no window focus: KeyEvent { action=ACTION_UP, keyCode=KEYCODE_SETTINGS, scanCode=0, metaState=0, flags=0x28, repeatCount=0, eventTime=4200693, downTime=4200693, deviceId=-1, source=0x101 }
W/ViewRootImpl( 5002): Cancelling event due to no window focus: KeyEvent { action=ACTION_UP, keyCode=KEYCODE_SETTINGS, scanCode=0, metaState=0, flags=0x28, repeatCount=0, eventTime=4200693, downTime=4200693, deviceId=-1, source=0x101 }
W/ViewRootImpl( 5002): Cancelling event due to no window focus: KeyEvent { action=ACTION_UP, keyCode=KEYCODE_SETTINGS, scanCode=0, metaState=0, flags=0x28, repeatCount=0, eventTime=4200693, downTime=4200693, deviceId=-1, source=0x101 }
W/ViewRootImpl( 5002): Cancelling event due to no window focus: KeyEvent { action=ACTION_UP, keyCode=KEYCODE_SETTINGS, scanCode=0, metaState=0, flags=0x28, repeatCount=0, eventTime=4200693, downTime=4200693, deviceId=-1, source=0x101 }
W/ViewRootImpl( 5002): Dropping event due to no window focus: KeyEvent { action=ACTION_DOWN, keyCode=KEYCODE_MENU, scanCode=0, metaState=0, flags=0x8, repeatCount=0, eventTime=4200830, downTime=4200830, deviceId=-1, source=0x101 }
W/ViewRootImpl( 5002): Cancelling event due to no window focus: KeyEvent { action=ACTION_UP, keyCode=KEYCODE_MENU, scanCode=0, metaState=0, flags=0x28, repeatCount=0, eventTime=4200865, downTime=4200865, deviceId=-1, source=0x101 }
W/ViewRootImpl( 5002): Cancelling event due to no window focus: KeyEvent { action=ACTION_UP, keyCode=KEYCODE_MENU, scanCode=0, metaState=0, flags=0x28, repeatCount=0, eventTime=4200865, downTime=4200865, deviceId=-1, source=0x101 }
W/ViewRootImpl( 5002): Cancelling event due to no window focus: KeyEvent { action=ACTION_UP, keyCode=KEYCODE_MENU, scanCode=0, metaState=0, flags=0x28, repeatCount=0, eventTime=4200865, downTime=4200865, deviceId=-1, source=0x101 }
W/ViewRootImpl( 5002): Cancelling event due to no window focus: KeyEvent { action=ACTION_UP, keyCode=KEYCODE_MENU, scanCode=0, metaState=0, flags=0x28, repeatCount=0, eventTime=4200865, downTime=4200865, deviceId=-1, source=0x101 }
W/ViewRootImpl( 5002): Cancelling event due to no window focus: KeyEvent { action=ACTION_UP, keyCode=KEYCODE_MENU, scanCode=0, metaState=0, flags=0x28, repeatCount=0, eventTime=4200865, downTime=4200865, deviceId=-1, source=0x101 }
W/ViewRootImpl( 5002): Cancelling event due to no window focus: KeyEvent { action=ACTION_UP, keyCode=KEYCODE_MENU, scanCode=0, metaState=0, flags=0x28, repeatCount=0, eventTime=4200865, downTime=4200865, deviceId=-1, source=0x101 }
I/AppiumUnicodeIME(  916): onFinishInput
I/AppiumUnicodeIME(  916): onStartInput
W/ViewRootImpl( 5002): Dropping event due to no window focus: KeyEvent { action=ACTION_DOWN, keyCode=KEYCODE_INSERT, scanCode=0, metaState=0, flags=0x8, repeatCount=0, eventTime=4200867, downTime=4200867, deviceId=-1, source=0x101 }
D/ForegroundCallbacks( 1586): went background
W/InputEventReceiver( 5002): Attempted to finish an input event but the input event receiver has already been disposed.
W/ViewRootImpl( 5002): Dropping event due to root view being removed: MotionEvent { action=ACTION_UP, id[0]=0, x[0]=80.82623, y[0]=-159.27686, toolType[0]=TOOL_TYPE_UNKNOWN, buttonState=0, metaState=0, flags=0x0, edgeFlags=0x0, pointerCount=1, historySize=0, eventTime=4201145, downTime=4201144, deviceId=0, source=0x1002 }
W/InputEventReceiver( 5002): Attempted to finish an input event but the input event receiver has already been disposed.
W/ViewRootImpl( 5002): Dropping event due to no window focus: KeyEvent { action=ACTION_DOWN, keyCode=KEYCODE_DPAD_DOWN, scanCode=0, metaState=0, flags=0x8, repeatCount=0, eventTime=4201145, downTime=4201145, deviceId=-1, source=0x101 }
W/ViewRootImpl( 5002): Cancelling event due to no window focus: KeyEvent { action=ACTION_UP, keyCode=KEYCODE_DPAD_DOWN, scanCode=0, metaState=0, flags=0x28, repeatCount=0, eventTime=4201208, downTime=4201208, deviceId=-1, source=0x101 }
W/ViewRootImpl( 5002): Cancelling event due to no window focus: KeyEvent { action=ACTION_UP, keyCode=KEYCODE_DPAD_DOWN, scanCode=0, metaState=0, flags=0x28, repeatCount=0, eventTime=4201208, downTime=4201208, deviceId=-1, source=0x101 }
W/ViewRootImpl( 5002): Cancelling event due to no window focus: KeyEvent { action=ACTION_UP, keyCode=KEYCODE_DPAD_DOWN, scanCode=0, metaState=0, flags=0x28, repeatCount=0, eventTime=4201208, downTime=4201208, deviceId=-1, source=0x101 }
I/AppiumUnicodeIME(  916): onKeyUp (keyCode='20', event.keyCode='20', metaState='0')
W/InputMethodManagerService(  738): Window already focused, ignoring focus gain of: com.android.internal.view.IInputMethodClient$Stub$Proxy@11e7cc8b attribute=null, token = android.os.BinderProxy@ed349d4
I/AppiumUnicodeIME(  916): onKeyDown (keyCode='23', event.keyCode='23', metaState='0')
I/AppiumUnicodeIME(  916): onKeyUp (keyCode='23', event.keyCode='23', metaState='0')
W/AudioTrack(  738): AUDIO_OUTPUT_FLAG_FAST denied by client
I/AppiumUnicodeIME(  916): onKeyDown (keyCode='23', event.keyCode='23', metaState='0')
I/AppiumUnicodeIME(  916): onKeyUp (keyCode='23', event.keyCode='23', metaState='0')
W/AudioTrack(  738): AUDIO_OUTPUT_FLAG_FAST denied by client
I/AppiumUnicodeIME(  916): onKeyDown (keyCode='23', event.keyCode='23', metaState='0')
I/AppiumUnicodeIME(  916): onKeyUp (keyCode='23', event.keyCode='23', metaState='0')
I/awcn.ComponentCallbacks2( 1586):  onTrimMemory level:20
I/awcn.SessionCenter( 1586): |[seq:[default]] [background]
I/awcn.StrategyCenter( 1586):  saveData
I/awcn.SessionCenter( 1586): |[seq:umeng:56aadbf567e58e38d4000976] [background]
I/awcn.StrategyCenter( 1586):  saveData
I/AppiumUnicodeIME(  916): onKeyDown (keyCode='20', event.keyCode='20', metaState='0')
I/AppiumUnicodeIME(  916): onKeyUp (keyCode='20', event.keyCode='20', metaState='0')
I/AppiumUnicodeIME(  916): onKeyDown (keyCode='82', event.keyCode='82', metaState='0')
I/AppiumUnicodeIME(  916): onKeyUp (keyCode='82', event.keyCode='82', metaState='0')
W/AudioTrack(  738): AUDIO_OUTPUT_FLAG_FAST denied by client
W/AudioTrack(  738): AUDIO_OUTPUT_FLAG_FAST denied by client
V/WindowManager(  738): Adding window Window{22f09981 u0 PopupWindow:25078d70} at 4 of 10 (after Window{1e6d377d u0 com.zzl.falcon.internal/com.squareup.leakcanary.internal.DisplayLeakActivity})
I/AppiumUnicodeIME(  916): onKeyDown (keyCode='22', event.keyCode='22', metaState='0')
I/AppiumUnicodeIME(  916): onKeyUp (keyCode='22', event.keyCode='22', metaState='0')
W/ViewRootImpl( 5002): Cancelling event due to no window focus: KeyEvent { action=ACTION_UP, keyCode=KEYCODE_TV_INPUT_HDMI_2, scanCode=0, metaState=0, flags=0x28, repeatCount=0, eventTime=4201577, downTime=4201577, deviceId=-1, source=0x101 }
I/AppiumUnicodeIME(  916): onKeyDown (keyCode='244', event.keyCode='244', metaState='0')
W/ViewRootImpl( 5002): Cancelling event due to no window focus: KeyEvent { action=ACTION_UP, keyCode=KEYCODE_TV_INPUT_HDMI_2, scanCode=0, metaState=0, flags=0x28, repeatCount=0, eventTime=4201577, downTime=4201577, deviceId=-1, source=0x101 }
W/ViewRootImpl( 5002): Cancelling event due to no window focus: KeyEvent { action=ACTION_UP, keyCode=KEYCODE_TV_INPUT_HDMI_2, scanCode=0, metaState=0, flags=0x28, repeatCount=0, eventTime=4201577, downTime=4201577, deviceId=-1, source=0x101 }
W/ViewRootImpl( 5002): Cancelling event due to no window focus: KeyEvent { action=ACTION_UP, keyCode=KEYCODE_TV_INPUT_HDMI_2, scanCode=0, metaState=0, flags=0x28, repeatCount=0, eventTime=4201577, downTime=4201577, deviceId=-1, source=0x101 }
W/ViewRootImpl( 5002): Cancelling event due to no window focus: KeyEvent { action=ACTION_UP, keyCode=KEYCODE_TV_INPUT_HDMI_2, scanCode=0, metaState=0, flags=0x28, repeatCount=0, eventTime=4201577, downTime=4201577, deviceId=-1, source=0x101 }
W/ViewRootImpl( 5002): Cancelling event due to no window focus: KeyEvent { action=ACTION_UP, keyCode=KEYCODE_TV_INPUT_HDMI_2, scanCode=0, metaState=0, flags=0x28, repeatCount=0, eventTime=4201577, downTime=4201577, deviceId=-1, source=0x101 }
W/ViewRootImpl( 5002): Cancelling event due to no window focus: KeyEvent { action=ACTION_UP, keyCode=KEYCODE_TV_INPUT_HDMI_2, scanCode=0, metaState=0, flags=0x28, repeatCount=0, eventTime=4201577, downTime=4201577, deviceId=-1, source=0x101 }
W/ViewRootImpl( 5002): Cancelling event due to no window focus: KeyEvent { action=ACTION_UP, keyCode=KEYCODE_TV_INPUT_HDMI_2, scanCode=0, metaState=0, flags=0x28, repeatCount=0, eventTime=4201577, downTime=4201577, deviceId=-1, source=0x101 }
W/ViewRootImpl( 5002): Cancelling event due to no window focus: KeyEvent { action=ACTION_UP, keyCode=KEYCODE_TV_INPUT_HDMI_2, scanCode=0, metaState=0, flags=0x28, repeatCount=0, eventTime=4201577, downTime=4201577, deviceId=-1, source=0x101 }
I/AppiumUnicodeIME(  916): onKeyUp (keyCode='244', event.keyCode='244', metaState='0')
W/EGL_emulation( 5002): eglSurfaceAttrib not implemented
W/OpenGLRenderer( 5002): Failed to set EGL_SWAP_BEHAVIOR on surface 0xe1543360, error=EGL_SUCCESS
W/ViewRootImpl( 5002): Dropping event due to no window focus: KeyEvent { action=ACTION_DOWN, keyCode=KEYCODE_DPAD_LEFT, scanCode=0, metaState=0, flags=0x8, repeatCount=0, eventTime=4201599, downTime=4201599, deviceId=-1, source=0x101 }
W/ResourceType(  861): No package identifier when getting value for resource number 0x00000000
W/PackageManager(  861): Failure retrieving resources for com.zzl.falcon.internal: Resource ID #0x0
W/ViewRootImpl( 5002): Cancelling event due to no window focus: KeyEvent { action=ACTION_UP, keyCode=KEYCODE_DPAD_LEFT, scanCode=0, metaState=0, flags=0x28, repeatCount=0, eventTime=4201601, downTime=4201601, deviceId=-1, source=0x101 }
W/ViewRootImpl( 5002): Cancelling event due to no window focus: KeyEvent { action=ACTION_UP, keyCode=KEYCODE_DPAD_LEFT, scanCode=0, metaState=0, flags=0x28, repeatCount=0, eventTime=4201601, downTime=4201601, deviceId=-1, source=0x101 }
W/ViewRootImpl( 5002): Cancelling event due to no window focus: KeyEvent { action=ACTION_UP, keyCode=KEYCODE_DPAD_LEFT, scanCode=0, metaState=0, flags=0x28, repeatCount=0, eventTime=4201601, downTime=4201601, deviceId=-1, source=0x101 }
W/ViewRootImpl( 5002): Cancelling event due to no window focus: KeyEvent { action=ACTION_UP, keyCode=KEYCODE_DPAD_LEFT, scanCode=0, metaState=0, flags=0x28, repeatCount=0, eventTime=4201601, do