I/art     ( 2076): Background partial concurrent mark sweep GC freed 1266(2MB) AllocSpace objects, 24(471KB) LOS objects, 39% free, 3MB/5MB, paused 5.803ms total 14.173ms
W/InputEventReceiver( 2076): Attempted to finish an input event but the input event receiver has already been disposed.
I/AppiumUnicodeIME(  916): onKeyDown (keyCode='110', event.keyCode='110', metaState='0')
I/AppiumUnicodeIME(  916): onKeyDown (keyCode='82', event.keyCode='82', metaState='0')
W/AudioTrack(  738): AUDIO_OUTPUT_FLAG_FAST denied by client
W/InputMethodManagerService(  738): Window already focused, ignoring focus gain of: com.android.internal.view.IInputMethodClient$Stub$Proxy@b0864e8 attribute=null, token = android.os.BinderProxy@31acd12d
I/AppiumUnicodeIME(  916): onKeyUp (keyCode='110', event.keyCode='110', metaState='0')
I/AppiumUnicodeIME(  916): onKeyUp (keyCode='82', event.keyCode='82', metaState='0')
W/AudioTrack(  738): AUDIO_OUTPUT_FLAG_FAST denied by client
W/AudioTrack(  738): AUDIO_OUTPUT_FLAG_FAST denied by client
I/chromium( 1586): [INFO:CONSOLE(1)] "Uncaught ReferenceError: jump is not defined", source:  (1)
D/AndroidRuntime( 2076): Shutting down VM
E/AndroidRuntime( 2076): FATAL EXCEPTION: main
E/AndroidRuntime( 2076): Process: com.zzl.falcon.internal:leakcanary, PID: 2076
E/AndroidRuntime( 2076): java.lang.NullPointerException: Attempt to invoke virtual method 'void com.android.internal.view.menu.MenuBuilder.changeMenuMode()' on a null object reference
E/AndroidRuntime( 2076): 	at android.widget.ActionMenuPresenter$OpenOverflowRunnable.run(ActionMenuPresenter.java:761)
E/AndroidRuntime( 2076): 	at android.os.Handler.handleCallback(Handler.java:739)
E/AndroidRuntime( 2076): 	at android.os.Handler.dispatchMessage(Handler.java:95)
E/AndroidRuntime( 2076): 	at android.os.Looper.loop(Looper.java:135)
E/AndroidRuntime( 2076): 	at android.app.ActivityThread.main(ActivityThread.java:5254)
E/AndroidRuntime( 2076): 	at java.lang.reflect.Method.invoke(Native Method)
E/AndroidRuntime( 2076): 	at java.lang.reflect.Method.invoke(Method.java:372)
E/AndroidRuntime( 2076): 	at com.android.internal.os.ZygoteInit$MethodAndArgsCaller.run(ZygoteInit.java:903)
E/AndroidRuntime( 2076): 	at com.android.internal.os.ZygoteInit.main(ZygoteInit.java:698)
W/ActivityManager(  738):   Force finishing activity 1 com.zzl.falcon.internal/com.squareup.leakcanary.internal.DisplayLeakActivity
E/EGL_emulation(  773): tid 773: eglCreateSyncKHR(1209): error 0x3004 (EGL_BAD_ATTRIBUTE)
W/ViewRootImpl(  738): Cancelling event due to no window focus: KeyEvent { action=ACTION_UP, keyCode=KEYCODE_7, scanCode=0, metaState=0, flags=0x28, repeatCount=0, eventTime=2893689, downTime=2893689, deviceId=-1, source=0x101 }
W/ViewRootImpl(  738): Cancelling event due to no window focus: KeyEvent { action=ACTION_UP, keyCode=KEYCODE_7, scanCode=0, metaState=0, flags=0x28, repeatCount=0, eventTime=2893689, downTime=2893689, deviceId=-1, source=0x101 }
W/ViewRootImpl(  738): Cancelling event due to no window focus: KeyEvent { action=ACTION_UP, keyCode=KEYCODE_7, scanCode=0, metaState=0, flags=0x28, repeatCount=0, eventTime=2893689, downTime=2893689, deviceId=-1, source=0x101 }
W/ViewRootImpl(  738): Cancelling event due to no window focus: KeyEvent { action=ACTION_UP, keyCode=KEYCODE_7, scanCode=0, metaState=0, flags=0x28, repeatCount=0, eventTime=2893689, downTime=2893689, deviceId=-1, source=0x101 }
W/ViewRootImpl(  738): Cancelling event due to no window focus: KeyEvent { action=ACTION_UP, keyCode=KEYCODE_7, scanCode=0, metaState=0, flags=0x28, repeatCount=0, eventTime=2893689, downTime=2893689, deviceId=-1, source=0x101 }
W/ViewRootImpl(  738): Cancelling event due to no window focus: KeyEvent { action=ACTION_UP, keyCode=KEYCODE_7, scanCode=0, metaState=0, flags=0x28, repeatCount=0, eventTime=2893689, downTime=2893689, deviceId=-1, source=0x101 }
I/art     ( 3424): System.exit called, status: 370
I/AndroidRuntime( 3424): VM exiting with result code 370.
W/EGL_emulation(  738): eglSurfaceAttrib not implemented
W/OpenGLRenderer(  738): Failed to set EGL_SWAP_BEHAVIOR on surface 0xdf619980, error=EGL_SUCCESS
W/ActivityManager(  738): Activity pause timeout for ActivityRecord{1ea9bebd u0 com.zzl.falcon.internal/com.squareup.leakcanary.internal.DisplayLeakActivity t315 f}
D/ForegroundCallbacks( 1586): went foreground
I/awcn.SessionCenter( 1586): |[seq:[default]] [forground]
I/awcn.SessionCenter( 1586): |[seq:umeng:56aadbf567e58e38d4000976] [forground]
D/awcn.StrategyCenter( 1586):  getSchemeByHost host:umengacs.m.taobao.com scheme:https
D/awcn.SessionCenter( 1586): |[seq:umeng:56aadbf567e58e38d4000976] getInternal u:https://umengacs.m.taobao.com TypeClass:SPDY timeout:0
D/awcn.StrategyCenter( 1586):  getSchemeByHost host:umengacs.m.taobao.com scheme:https
D/awcn.SessionCenter( 1586): |[seq:umeng:56aadbf567e58e38d4000976] get internal hit cache session session:Session@[umeng:56aadbf567e58e38d4000976.AWCN5_1|http2_0rtt_acs]
W/EGL_emulation( 1586): eglSurfaceAttrib not implemented
W/OpenGLRenderer( 1586): Failed to set EGL_SWAP_BEHAVIOR on surface 0xdbd05e80, error=EGL_SUCCESS
W/ResourceType(  861): No package identifier when getting value for resource number 0x00000000
W/PackageManager(  861): Failure retrieving resources for com.zzl.falcon.internal: Resource ID #0x0
E/EGL_emulation(  773): tid 773: eglCreateSyncKHR(1209): error 0x3004 (EGL_BAD_ATTRIBUTE)
I/art     ( 1586): Explicit concurrent mark sweep GC freed 23696(1471KB) AllocSpace objects, 12(192KB) LOS objects, 40% free, 10MB/16MB, paused 477us total 16.662ms
I/art     ( 1586): Explicit concurrent mark sweep GC freed 1785(98KB) AllocSpace objects, 0(0B) LOS objects, 39% free, 10MB/16MB, paused 509us total 12.107ms
I/art     ( 1586): Explicit concurrent mark sweep GC freed 3(96B) AllocSpace objects, 0(0B) LOS objects, 39% free, 10MB/16MB, paused 449us total 13.111ms
I/art     ( 1586): Explicit concurrent mark sweep GC freed 3(96B) AllocSpace objects, 0(0B) LOS objects, 39% free, 10MB/16MB, paused 414us total 12.957ms
I/art     ( 1586): Explicit concurrent mark sweep GC freed 3(96B) AllocSpace objects, 0(0B) LOS objects, 39% free, 10MB/16MB, paused 436us total 12.477ms
W/ActivityManager(  738): Activity destroy timeout for ActivityRecord{1ea9bebd u0 com.zzl.falcon.internal/com.squareup.leakcanary.internal.DisplayLeakActivity t315 f}
D/awcn.DefaultHeartbeatImpl( 1586): |[seq:umeng:56aadbf567e58e38d4000976.AWCN5_1] heartbeat session:Session@[umeng:56aadbf567e58e38d4000976.AWCN5_1|http2_0rtt_acs]
D/awcn.TnetSpdySession( 1586): |[seq:umeng:56aadbf567e58e38d4000976.AWCN5_1] ping host:https://umengacs.m.taobao.com thread:AWCN Scheduler1
D/awcn.TnetSpdySession( 1586): |[seq:umeng:56aadbf567e58e38d4000976.AWCN5_1] https://umengacs.m.taobao.com submit ping ms:45051 force:true
D/awcn.DefaultHeartbeatImpl( 1586): |[seq:umeng:56aadbf567e58e38d4000976.AWCN5_1] reSchedule session:Session@[umeng:56aadbf567e58e38d4000976.AWCN5_1|http2_0rtt_acs] delay:45052
I/awcn.TnetSpdySession( 1586): |[seq:umeng:56aadbf567e58e38d4000976.AWCN5_1] ping receive Host:https://umengacs.m.taobao.com id:1
D/Genyd   (  118): Received Set Clipboard
D/Genymotion(  118): Received Set Clipboard
I/tnet-jni( 1372): 99 - [spdyPingRecvCallback] - 
I/tnet-jni( 1372): 99 - [SpdySessionCallBack.spdyPingRecvCallback] - org.android.spdy.SpdySession@5dd27f9
D/accs.SpdyConnection( 1372):  spdyPingRecvCallback uniId:28
D/accs.MessageHandler( 1372):  onRcvPing
D/accs.HeartbeatManager( 1372):  onHeartbeatSucc
D/accs.OrangeAdapter( 1372):  isSmartHb result:true
D/accs.HeartbeatManager( 1372):  set 270
D/accs.UtilityImpl( 1372):  setServiceTime:1512797209926
W/ActivityManager(  738): Unable to start service Intent { act=com.zzl.itoube.intent.action.COCKROACH flg=0x4 (has extras) } U=0: not found
W/ActivityManager(  738): Unable to start service Intent { act=com.zzl.falcon.internal.intent.action.COCKROACH flg=0x4 (has extras) } U=0: not found
I/tnet-jni( 1462): 104 - [spdyPingRecvCallback] - 
I/tnet-jni( 1462): 104 - [SpdySessionCallBack.spdyPingRecvCallback] - org.android.spdy.SpdySession@78abfce
D/accs.SilenceConn_umeng:56aadbf567e58e38d4000976( 1462):  spdyPingRecvCallback uniId:28
D/accs.MsgRecv_umeng:56aadbf567e58e38d4000976( 1462):  onRcvPing
D/accs.HeartbeatManager( 1462):  onHeartbeatSucc
D/accs.OrangeAdapter( 1462):  isSmartHb result:true
D/accs.HeartbeatManager( 1462):  set 270
D/accs.UtilityImpl( 1462):  setServiceTime:1512797220552
D/awcn.DefaultHeartbeatImpl( 1586): |[seq:umeng:56aadbf567e58e38d4000976.AWCN5_1] heartbeat session:Session@[umeng:56aadbf567e58e38d4000976.AWCN5_1|http2_0rtt_acs]
D/awcn.TnetSpdySession( 1586): |[seq:umeng:56aadbf567e58e38d4000976.AWCN5_1] ping host:https://umengacs.m.taobao.com thread:AWCN Scheduler1
D/awcn.TnetSpdySession( 1586): |[seq:umeng:56aadbf567e58e38d4000976.AWCN5_1] https://umengacs.m.taobao.com submit ping ms:45092 force:true
D/awcn.DefaultHeartbeatImpl( 1586): |[seq:umeng:56aadbf567e58e38d4000976.AWCN5_1] reSchedule session:Session@[umeng:56aadbf567e58e38d4000976.AWCN5_1|http2_0rtt_acs] delay:45092
I/awcn.TnetSpdySession( 1586): |[seq:umeng:56aadbf567e58e38d4000976.AWCN5_1] ping receive Host:https://umengacs.m.taobao.com id:3
D/Genyd   (  118): Received Set Clipboard
D/Genymotion(  118): Received Set Clipboard
D/awcn.DefaultHeartbeatImpl( 1586): |[seq:umeng:56aadbf567e58e38d4000976.AWCN5_1] heartbeat session:Session@[umeng:56aadbf567e58e38d4000976.AWCN5_1|http2_0rtt_acs]
D/awcn.TnetSpdySession( 1586): |[seq:umeng:56aadbf567e58e38d4000976.AWCN5_1] ping host:https://umengacs.m.taobao.com thread:AWCN Scheduler1
D/awcn.TnetSpdySession( 1586): |[seq:umeng:56aadbf567e58e38d4000976.AWCN5_1] https://umengacs.m.taobao.com submit ping ms:45053 force:true
D/awcn.DefaultHeartbeatImpl( 1586): |[seq:umeng:56aadbf567e58e38d4000976.AWCN5_1] reSchedule session:Session@[umeng:56aadbf567e58e38d4000976.AWCN5_1|http2_0rtt_acs] delay:45053
I/awcn.TnetSpdySession( 1586): |[seq:umeng:56aadbf567e58e38d4000976.AWCN5_1] ping receive Host:https://umengacs.m.taobao.com id:5
D/Genyd   (  118): Received Set Clipboard
D/Genymotion(  118): Received Set Clipboard
D/awcn.DefaultHeartbeatImpl( 1586): |[seq:umeng:56aadbf567e58e38d4000976.AWCN5_1] heartbeat session:Session@[umeng:56aadbf567e58e38d4000976.AWCN5_1|http2_0rtt_acs]
D/awcn.TnetSpdySession( 1586): |[seq:umeng:56aadbf567e58e38d4000976.AWCN5_1] ping host:https://umengacs.m.taobao.com thread:AWCN Scheduler1
D/awcn.TnetSpdySession( 1586): |[seq:umeng:56aadbf567e58e38d4000976.AWCN5_1] https://umengacs.m.taobao.com submit ping ms:45050 force:true
D/awcn.DefaultHeartbeatImpl( 1586): |[seq:umeng:56aadbf567e58e38d4000976.AWCN5_1] reSchedule session:Session@[umeng:56aadbf567e58e38d4000976.AWCN5_1|http2_0rtt_acs] delay:45050
I/awcn.TnetSpdySession( 1586): |[seq:umeng:56aadbf567e58e38d4000976.AWCN5_1] ping receive Host:https://umengacs.m.taobao.com id:7
D/NetworkMonitor/NetworkAgentInfo [WIFI () - 100](  738): OfflineState{ when=-101ms what=532488 arg2=1 target=com.android.internal.util.StateMachine$SmHandler }
D/NetworkMonitor/NetworkAgentInfo [WIFI () - 100](  738): DefaultState{ when=-101ms what=532488 arg2=1 target=com.android.internal.util.StateMachine$SmHandler }
D/NetworkMonitor/NetworkAgentInfo [WIFI () - 100](  738): Forcing reevaluation
D/NetworkMonitor/NetworkAgentInfo [WIFI () - 100](  738): EvaluatingState{ when=0 what=532486 arg1=8 target=com.android.internal.util.StateMachine$SmHandler }
D/NetworkMonitor/NetworkAgentInfo [WIFI () - 100](  738): Checking http://connectivitycheck.android.com/generate_204 on "WiredSSID"
D/NetworkMonitor/NetworkAgentInfo [WIFI () - 100](  738): Probably not a portal: exception java.net.SocketTimeoutException: failed to connect to connectivitycheck.android.com/172.217.160.110 (port 80) after 10000ms
D/ConnectivityService(  738): setProvNotificationVisibleIntent: E visible=false networkType=0 extraInfo=null
D/awcn.DefaultHeartbeatImpl( 1586): |[seq:umeng:56aadbf567e58e38d4000976.AWCN5_1] heartbeat session:Session@[umeng:56aadbf567e58e38d4000976.AWCN5_1|http2_0rtt_acs]
D/awcn.TnetSpdySession( 1586): |[seq:umeng:56aadbf567e58e38d4000976.AWCN5_1] ping host:https://umengacs.m.taobao.com thread:AWCN Scheduler1
D/awcn.TnetSpdySession( 1586): |[seq:umeng:56aadbf567e58e38d4000976.AWCN5_1] https://umengacs.m.taobao.com submit ping ms:45055 force:true
D/awcn.DefaultHeartbeatImpl( 1586): |[seq:umeng:56aadbf567e58e38d4000976.AWCN5_1] reSchedule session:Session@[umeng:56aadbf567e58e38d4000976.AWCN5_1|http2_0rtt_acs] delay:45055
I/awcn.TnetSpdySession( 1586): |[seq:umeng:56aadbf567e58e38d4000976.AWCN5_1] ping receive Host:https://umengacs.m.taobao.com id:9
D/awcn.DefaultHeartbeatImpl( 1586): |[seq:umeng:56aadbf567e58e38d4000976.AWCN5_1] heartbeat session:Session@[umeng:56aadbf567e58e38d4000976.AWCN5_1|http2_0rtt_acs]
D/awcn.TnetSpdySession( 1586): |[seq:umeng:56aadbf567e58e38d4000976.AWCN5_1] ping host:https://umengacs.m.taobao.com thread:AWCN Scheduler1
D/awcn.TnetSpdySession( 1586): |[seq:umeng:56aadbf567e58e38d4000976.AWCN5_1] https://umengacs.m.taobao.com submit ping ms:45056 force:true
D/awcn.DefaultHeartbeatImpl( 1586): |[seq:umeng:56aadbf567e58e38d4000976.AWCN5_1] reSchedule session:Session@[umeng:56aadbf567e58e38d4000976.AWCN5_1|http2_0rtt_acs] delay:45057
I/awcn.TnetSpdySession( 1586): |[seq:umeng:56aadbf567e58e38d4000976.AWCN5_1] ping receive Host:https://umengacs.m.taobao.com id:11
I/tnet-jni( 1372): 99 - [spdyPingRecvCallback] - 
I/tnet-jni( 1372): 99 - [SpdySessionCallBack.spdyPingRecvCallback] - org.android.spdy.SpdySession@5dd27f9
D/accs.SpdyConnection( 1372):  spdyPingRecvCallback uniId:30
D/accs.MessageHandler( 1372):  onRcvPing
D/accs.HeartbeatManager( 1372):  onHeartbeatSucc
D/accs.OrangeAdapter( 1372):  isSmartHb result:true
D/accs.HeartbeatManager( 1372):  set 270
I/tnet-jni( 1462): 104 - [spdyPingRecvCallback] - 
I/tnet-jni( 1462): 104 - [SpdySessionCallBack.spdyPingRecvCallback] - org.android.spdy.SpdySession@78abfce
D/accs.SilenceConn_umeng:56aadbf567e58e38d4000976( 1462):  spdyPingRecvCallback uniId:30
D/accs.MsgRecv_umeng:56aadbf567e58e38d4000976( 1462):  onRcvPing
D/accs.HeartbeatManager( 1462):  onHeartbeatSucc
D/accs.OrangeAdapter( 1462):  isSmartHb result:true
D/accs.HeartbeatManager( 1462):  set 270
I/Process ( 2076): Sending signal. PID: 2076 SIG: 9
W/libprocessgroup(  738): failed to open /acct/uid_10074/pid_2076/cgroup.procs: No such file or directory
I/ActivityManager(  738): Process com.zzl.falcon.internal:leakcanary (pid 2076) has died
I/awcn.ComponentCallbacks2( 1372):  onTrimMemory level:5
I/awcn.ComponentCallbacks2( 1462):  onTrimMemory level:5
I/awcn.ComponentCallbacks2( 1482):  onTrimMemory level:5
W/InputMethodManagerService(  738): Got RemoteException sending setActive(false) notification to pid 2076 uid 10074
I/awcn.ComponentCallbacks2( 1586):  onTrimMemory level:5
I/AppiumUnicodeIME(  916): onFinishInput
I/AppiumUnicodeIME(  916): onStartInput
D/awcn.DefaultHeartbeatImpl( 1586): |[seq:umeng:56aadbf567e58e38d4000976.AWCN5_1] heartbeat session:Session@[umeng:56aadbf567e58e38d4000976.AWCN5_1|http2_0rtt_acs]
D/awcn.TnetSpdySession( 1586): |[seq:umeng:56aadbf567e58e38d4000976.AWCN5_1] ping host:https://umengacs.m.taobao.com thread:AWCN Scheduler1
D/awcn.TnetSpdySession( 1586): |[seq:umeng:56aadbf567e58e38d4000976.AWCN5_1] https://umengacs.m.taobao.com submit ping ms:45054 force:true
D/awcn.DefaultHeartbeatImpl( 1586): |[seq:umeng:56aadbf567e58e38d4000976.AWCN5_1] reSchedule session:Session@[umeng:56aadbf567e58e38d4000976.AWCN5_1|http2_0rtt_acs] delay:45054
I/awcn.TnetSpdySession( 1586): |[seq:umeng:56aadbf567e58e38d4000976.AWCN5_1] ping receive Host:https://umengacs.m.taobao.com id:13
D/awcn.DefaultHeartbeatImpl( 1586): |[seq:umeng:56aadbf567e58e38d4000976.AWCN5_1] heartbeat session:Session@[umeng:56aadbf567e58e38d4000976.AWCN5_1|http2_0rtt_acs]
D/awcn.TnetSpdySession( 1586): |[seq:umeng:56aadbf567e58e38d4000976.AWCN5_1] ping host:https://umengacs.m.taobao.com thread:AWCN Scheduler1
D/awcn.TnetSpdySession( 1586): |[seq:umeng:56aadbf567e58e38d4000976.AWCN5_1] https://umengacs.m.taobao.com submit ping ms:45050 force:true
D/awcn.DefaultHeartbeatImpl( 1586): |[seq:umeng:56aadbf567e58e38d4000976.AWCN5_1] reSchedule session:Session@[umeng:56aadbf567e58e38d4000976.AWCN5_1|http2_0rtt_acs] delay:45050
I/awcn.TnetSpdySession( 1586): |[seq:umeng:56aadbf567e58e38d4000976.AWCN5_1] ping receive Host:https://umengacs.m.taobao.com id:15
D/Genyd   (  118): Received Set Clipboard
D/Genymotion(  118): Received Set Clipboard
D/Genyd   (  118): Received Set Clipboard
D/Genymotion(  118): Received Set Clipboard
D/awcn.DefaultHeartbeatImpl( 1586): |[seq:umeng:56aadbf567e58e38d4000976.AWCN5_1] heartbeat session:Session@[umeng:56aadbf567e58e38d4000976.AWCN5_1|http2_0rtt_acs]
D/awcn.TnetSpdySession( 1586): |[seq:umeng:56aadbf567e58e38d4000976.AWCN5_1] ping host:https://umengacs.m.taobao.com thread:AWCN Scheduler1
D/awcn.TnetSpdySession( 1586): |[seq:umeng:56aadbf567e58e38d4000976.AWCN5_1] https://umengacs.m.taobao.com submit ping ms:45051 force:true
D/awcn.DefaultHeartbeatImpl( 1586): |[seq:umeng:56aadbf567e58e38d4000976.AWCN5_1] reSchedule session:Session@[umeng:56aadbf567e58e38d4000976.AWCN5_1|http2_0rtt_acs] delay:45051
I/awcn.TnetSpdySession( 1586): |[seq:umeng:56aadbf567e58e38d4000976.AWCN5_1] ping receive Host:https://umengacs.m.taobao.com id:17
D/awcn.DefaultHeartbeatImpl( 1586): |[seq:umeng:56aadbf567e58e38d4000976.AWCN5_1] heartbeat session:Session@[umeng:56aadbf567e58e38d4000976.AWCN5_1|http2_0rtt_acs]
D/awcn.TnetSpdySession( 1586): |[seq:umeng:56aadbf567e58e38d4000976.AWCN5_1] ping host:https://umengacs.m.taobao.com thread:AWCN Scheduler1
D/awcn.TnetSpdySession( 1586): |[seq:umeng:56aadbf567e58e38d4000976.AWCN5_1] https://umengacs.m.taobao.com submit ping ms:45053 force:true
D/awcn.DefaultHeartbeatImpl( 1586): |[seq:umeng:56aadbf567e58e38d4000976.AWCN5_1] reSchedule session:Session@[umeng:56aadbf567e58e38d4000976.AWCN5_1|http2_0rtt_acs] delay:45053
I/awcn.TnetSpdySession( 1586): |[seq:umeng:56aadbf567e58e38d4000976.AWCN5_1] ping receive Host:https://umengacs.m.taobao.com id:19
I/UsageStatsService(  738): User[0] Flushing usage stats to disk
I/tnet-jni( 1372): 99 - [spdyPingRecvCallback] - 
I/tnet-jni( 1372): 99 - [SpdySessionCallBack.spdyPingRecvCallback] - org.android.spdy.SpdySession@5dd27f9
D/accs.SpdyConnection( 1372):  spdyPingRecvCallback uniId:32
D/accs.MessageHandler( 1372):  onRcvPing
D/accs.HeartbeatManager( 1372):  onHeartbeatSucc
D/accs.OrangeAdapter( 1372):  isSmartHb result:true
D/accs.HeartbeatManager( 1372):  set 270
D/accs.UtilityImpl( 1372):  setServiceTime:1512797629937
D/awcn.DefaultHeartbeatImpl( 1586): |[seq:umeng:56aadbf567e58e38d4000976.AWCN5_1] heartbeat session:Session@[umeng:56aadbf567e58e38d4000976.AWCN5_1|http2_0rtt_acs]
D/awcn.TnetSpdySession( 1586): |[seq:umeng:56aadbf567e58e38d4000976.AWCN5_1] ping host:https://umengacs.m.taobao.com thread:AWCN Scheduler1
D/awcn.TnetSpdySession( 1586): |[seq:umeng:56aadbf567e58e38d4000976.AWCN5_1] https://umengacs.m.taobao.com submit ping ms:45053 force:true
D/awcn.DefaultHeartbeatImpl( 1586): |[seq:umeng:56aadbf567e58e38d4000976.AWCN5_1] reSchedule session:Session@[umeng:56aadbf567e58e38d4000976.AWCN5_1|http2_0rtt_acs] delay:45053
I/awcn.TnetSpdySession( 1586): |[seq:umeng:56aadbf567e58e38d4000976.AWCN5_1] ping receive Host:https://umengacs.m.taobao.com id:21
I/tnet-jni( 1462): 104 - [spdyPingRecvCallback] - 
I/tnet-jni( 1462): 104 - [SpdySessionCallBack.spdyPingRecvCallback] - org.android.spdy.SpdySession@78abfce
D/accs.SilenceConn_umeng:56aadbf567e58e38d4000976( 1462):  spdyPingRecvCallback uniId:32
D/accs.MsgRecv_umeng:56aadbf567e58e38d4000976( 1462):  onRcvPing
D/accs.HeartbeatManager( 1462):  onHeartbeatSucc
D/accs.OrangeAdapter( 1462):  isSmartHb result:true
D/accs.HeartbeatManager( 1462):  set 270
D/accs.UtilityImpl( 1462):  setServiceTime:1512797640568
D/awcn.DefaultHeartbeatImpl( 1586): |[seq:umeng:56aadbf567e58e38d4000976.AWCN5_1] heartbeat session:Session@[umeng:56aadbf567e58e38d4000976.AWCN5_1|http2_0rtt_acs]
D/awcn.TnetSpdySession( 1586): |[seq:umeng:56aadbf567e58e38d4000976.AWCN5_1] ping host:https://umengacs.m.taobao.com thread:AWCN Scheduler1
D/awcn.TnetSpdySession( 1586): |[seq:umeng:56aadbf567e58e38d4000976.AWCN5_1] https://umengacs.m.taobao.com submit ping ms:45053 force:true
D/awcn.DefaultHeartbeatImpl( 1586): |[seq:umeng:56aadbf567e58e38d4000976.AWCN5_1] reSchedule session:Session@[umeng:56aadbf567e58e38d4000976.AWCN5_1|http2_0rtt_acs] delay:45054
I/awcn.TnetSpdySession( 1586): |[seq:umeng:56aadbf567e58e38d4000976.AWCN5_1] ping receive Host:https://umengacs.m.taobao.com id:23
D/AndroidRuntime( 3571): >>>>>> START com.android.internal.os.RuntimeInit uid 0 <<<<<<
D/AndroidRuntime( 3571): CheckJNI is OFF
E/memtrack( 3571): Couldn't load memtrack module (No such file or directory)
E/android.os.Debug( 3571): failed to load memtrack module: -2
D/AndroidRuntime( 3571): Calling main entry com.android.commands.wm.Wm
D/AndroidRuntime( 3571): Shutting down VM
D/AndroidRuntime( 3592): >>>>>> START com.android.internal.os.RuntimeInit uid 0 <<<<<<
D/AndroidRuntime( 3592): CheckJNI is OFF
E/memtrack( 3592): Couldn't load memtrack module (No such file or directory)
E/android.os.Debug( 3592): failed to load memtrack module: -2
D/AndroidRuntime( 3592): Calling main entry com.android.commands.monkey.Monkey
W/BroadcastQueue(  738): Skipping deliver [background] BroadcastRecord{11165306 u-1 android.net.conn.CONNECTIVITY_CHANGE} to ReceiverList{10715dc7 3592 (unknown name)/0/u-1 remote:34f87748}: process crashing
I/ActivityManager(  738): START u0 {act=android.intent.action.MAIN cat=[android.intent.category.LAUNCHER] flg=0x10200000 cmp=com.zzl.falcon.internal/com.squareup.leakcanary.internal.DisplayLeakActivity} from uid 0 on display 0
V/WindowManager(  738): addAppToken: AppWindowToken{12349992 token=Token{2ab3431d ActivityRecord{19c1bff4 u0 com.zzl.falcon.internal/com.squareup.leakcanary.internal.DisplayLeakActivity t316}}} to stack=1 task=316 at 0
D/        (  738): HostConnection::get() New Host Connection established 0xdb42ec10, tid 1232
E/EGL_emulation(  773): tid 773: eglCreateSyncKHR(1209): error 0x3004 (EGL_BAD_ATTRIBUTE)
W/art     (  738): Long monitor contention event with owner method=android.graphics.Bitmap com.android.server.wm.WindowManagerService.screenshotApplications(android.os.IBinder, int, int, int, boolean) from WindowManagerService.java:6129 waiters=0 for 365ms
V/WindowManager(  738): Adding window Window{3aa746b7 u0 Starting com.zzl.falcon.internal} at 4 of 10 (after Window{3d8af00f u0 com.zzl.falcon.internal/com.zzl.falcon.WebViewActivity})
E/libprocessgroup( 3607): failed to make and chown /acct/uid_10074: Read-only file system
W/Zygote  ( 3607): createProcessGroup failed, kernel missing CONFIG_CGROUP_CPUACCT?
I/art     ( 3607): Late-enabling -Xcheck:jni
I/ActivityManager(  738): Start proc 3607:com.zzl.falcon.internal:leakcanary/u0a74 for activity com.zzl.falcon.internal/com.squareup.leakcanary.internal.DisplayLeakActivity
D/OpenGLRenderer( 3607): Use EGL_SWAP_BEHAVIOR_PRESERVED: true
D/        ( 3607): HostConnection::get() New Host Connection established 0xf3e73a90, tid 3607
D/Atlas   ( 3607): Validating map...
V/WindowManager(  738): Adding window Window{980e890 u0 com.zzl.falcon.internal/com.squareup.leakcanary.internal.DisplayLeakActivity} at 4 of 11 (before Window{3aa746b7 u0 Starting com.zzl.falcon.internal})
D/libEGL  ( 3607): loaded /system/lib/egl/libEGL_emulation.so
D/libEGL  ( 3607): loaded /system/lib/egl/libGLESv1_CM_emulation.so
D/libEGL  ( 3607): loaded /system/lib/egl/libGLESv2_emulation.so
D/        ( 3607): HostConnection::get() New Host Connection established 0xf3e73b90, tid 3626
I/OpenGLRenderer( 3607): Initialized EGL, version 1.4
D/OpenGLRenderer( 3607): Enabling debug mode 0
W/EGL_emulation( 3607): eglSurfaceAttrib not implemented
W/OpenGLRenderer( 3607): Failed to set EGL_SWAP_BEHAVIOR on surface 0xf3ee73e0, error=EGL_SUCCESS
W/ViewRootImpl( 3607): Dropping event due to no window focus: KeyEvent { action=ACTION_DOWN, keyCode=KEYCODE_DPAD_UP, scanCode=0, metaState=0, flags=0x8, repeatCount=0, eventTime=3458170, downTime=3458170, deviceId=-1, source=0x101 }
W/ViewRootImpl( 3607): Cancelling event due to no window focus: KeyEvent { action=ACTION_UP, keyCode=KEYCODE_DPAD_UP, scanCode=0, metaState=0, flags=0x28, repeatCount=0, eventTime=3458367, downTime=3458367, deviceId=-1, source=0x101 }
W/ViewRootImpl( 3607): Cancelling event due to no window focus: KeyEvent { action=ACTION_UP, keyCode=KEYCODE_DPAD_UP, scanCode=0, metaState=0, flags=0x28, repeatCount=0, eventTime=3458367, downTime=3458367, deviceId=-1, source=0x101 }
W/ViewRootImpl( 3607): Cancelling event due to no window focus: KeyEvent { action=ACTION_UP, keyCode=KEYCODE_DPAD_UP, scanCode=0, metaState=0, flags=0x28, repeatCount=0, eventTime=3458367, downTime=3458367, deviceId=-1, source=0x101 }
W/ViewRootImpl( 3607): Cancelling event due to no window focus: KeyEvent { action=ACTION_UP, keyCode=KEYCODE_DPAD_UP, scanCode=0, metaState=0, flags=0x28, repeatCount=0, eventTime=3458367, downTime=3458367, deviceId=-1, source=0x101 }
W/ViewRootImpl( 3607): Cancelling event due to no window focus: KeyEvent { action=ACTION_UP, keyCode=KEYCODE_DPAD_UP, scanCode=0, metaState=0, flags=0x28, repeatCount=0, eventTime=3458367, downTime=3458367, deviceId=-1, source=0x101 }
W/ViewRootImpl( 3607): Cancelling event due to no window focus: KeyEvent { action=ACTION_UP, keyCode=KEYCODE_DPAD_UP, scanCode=0, metaState=0, flags=0x28, repeatCount=0, eventTime=3458367, downTime=3458367, deviceId=-1, source=0x101 }
W/ViewRootImpl( 3607): Cancelling event due to no window focus: KeyEvent { action=ACTION_UP, keyCode=KEYCODE_DPAD_UP, scanCode=0, metaState=0, flags=0x28, repeatCount=0, eventTime=3458367, downTime=3458367, deviceId=-1, source=0x101 }
W/ViewRootImpl( 3607): Cancelling event due to no window focus: KeyEvent { action=ACTION_UP, keyCode=KEYCODE_DPAD_UP, scanCode=0, metaState=0, flags=0x28, repeatCount=0, eventTime=3458367, downTime=3458367, deviceId=-1, source=0x101 }
W/ViewRootImpl( 3607): Cancelling event due to no window focus: KeyEvent { action=ACTION_UP, keyCode=KEYCODE_DPAD_UP, scanCode=0, metaState=0, flags=0x28, repeatCount=0, eventTime=3458367, downTime=3458367, deviceId=-1, source=0x101 }
D/ForegroundCallbacks( 1586): went background
W/ViewRootImpl( 3607): Dropping event due to no window focus: KeyEvent { action=ACTION_DOWN, keyCode=KEYCODE_DPAD_UP, scanCode=0, metaState=0, flags=0x8, repeatCount=0, eventTime=3458597, downTime=3458597, deviceId=-1, source=0x101 }
I/ActivityManager(  738): Displayed com.zzl.falcon.internal/com.squareup.leakcanary.internal.DisplayLeakActivity: +653ms
I/AppiumUnicodeIME(  916): onFinishInput
I/AppiumUnicodeIME(  916): onStartInput
W/IInputConnectionWrapper( 1586): showStatusIcon on inactive InputConnection
I/AppiumUnicodeIME(  916): onFinishInput
I/AppiumUnicodeIME(  916): onStartInput
W/InputMethodManager( 3607): Ignoring onBind: cur seq=86, given seq=85
I/AppiumUnicodeIME(  916): onKeyDown (keyCode='81', event.keyCode='81', metaState='0')
I/AppiumUnicodeIME(  916): onKeyUp (keyCode='81', event.keyCode='81', metaState='0')
I/AppiumUnicodeIME(  916): onKeyDown (keyCode='82', event.keyCode='82', metaState='0')
I/AppiumUnicodeIME(  916): onKeyUp (keyCode='82', event.keyCode='82', metaState='0')
I/awcn.ComponentCallbacks2( 1586):  onTrimMemory level:20
I/awcn.SessionCenter( 1586): |[seq:[default]] [background]
I/awcn.StrategyCenter( 1586):  saveData
I/awcn.AmdcThreadPoolExecutor( 1586):  thread created! name:AMDC14
I/awcn.SessionCenter( 1586): |[seq:umeng:56aadbf567e58e38d4000976] [background]
I/awcn.StrategyCenter( 1586):  saveData
I/AppiumUnicodeIME(  916): onKeyDown (keyCode='21', event.keyCode='21', metaState='0')
I/AppiumUnicodeIME(  916): onKeyUp (keyCode='21', event.keyCode='21', metaState='0')
I/AppiumUnicodeIME(  916): onKeyDown (keyCode='19', event.keyCode='19', metaState='0')
W/AudioTrack(  738): AUDIO_OUTPUT_FLAG_FAST denied by client
W/ResourceType(  861): No package identifier when getting value for resource number 0x00000000
W/PackageManager(  861): Failure retrieving resources for com.zzl.falcon.internal: Resource ID #0x0
I/AppiumUnicodeIME(  916): onKeyUp (keyCode='19', event.keyCode='19', metaState='0')
I/AppiumUnicodeIME(  916): onKeyDown (keyCode='20', event.keyCode='20', metaState='0')
I/AppiumUnicodeIME(  916): onKeyUp (keyCode='20', event.keyCode='20', metaState='0')
I/AppiumUnicodeIME(  916): onKeyDown (keyCode='125', event.keyCode='125', metaState='0')
W/AudioTrack(  738): AUDIO_OUTPUT_FLAG_FAST denied by client
I/AppiumUnicodeIME(  916): onKeyUp (keyCode='125', event.keyCode='125', metaState='0')
I/AppiumUnicodeIME(  916): onKeyDown (keyCode='82', event.keyCode='82', metaState='0')
I/AppiumUnicodeIME(  916): onKeyUp (keyCode='82', event.keyCode='82', metaState='0')
V/WindowManager(  738): Adding window Window{3ba44854 u0 PopupWindow:21290136} at 5 of 11 (after Window{980e890 u0 com.zzl.falcon.internal/com.squareup.leakcanary.internal.DisplayLeakActivity})
W/ViewRootImpl( 3607): Dropping event due to no window focus: KeyEvent { action=ACTION_DOWN, keyCode=KEYCODE_DPAD_RIGHT, scanCode=0, metaState=0, flags=0x8, repeatCount=0, eventTime=3459391, downTime=3459391, deviceId=-1, source=0x101 }
W/AudioTrack(  738): AUDIO_OUTPUT_FLAG_FAST denied by client
W/ViewRootImpl( 3607): Cancelling event due to no window focus: KeyEvent { action=ACTION_UP, keyCode=KEYCODE_DPAD_RIGHT, scanCode=0, metaState=0, flags=0x28, repeatCount=0, eventTime=3459409, downTime=3459409, deviceId=-1, source=0x101 }
W/ViewRootImpl( 3607): Cancelling event due to no window focus: KeyEvent { action=ACTION_UP, keyCode=KEYCODE_DPAD_RIGHT, scanCode=0, metaState=0, flags=0x28, repeatCount=0, eventTime=3459409, downTime=3459409, deviceId=-1, source=0x101 }
W/ViewRootImpl( 3607): Cancelling event due to no window focus: KeyEvent { action=ACTION_UP, keyCode=KEYCODE_DPAD_RIGHT, scanCode=0, metaState=0, flags=0x28, repeatCount=0, eventTime=3459409, downTime=3459409, deviceId=-1, source=0x101 }
W/ViewRootImpl( 3607): Cancelling event due to no window focus: KeyEvent { action=ACTION_UP, keyCode=KEYCODE_DPAD_RIGHT, scanCode=0, metaState=0, flags=0x28, repeatCount=0, eventTime=3459409, downTime=3459409, deviceId=-1, source=0x101 }
W/ViewRootImpl( 3607): Cancelling event due to no window focus: KeyEvent { action=ACTION_UP, keyCode=KEYCODE_DPAD_RIGHT, scanCode=0, metaState=0, flags=0x28, repeatCount=0, eventTime=3459409, downTime=3459409, deviceId=-1, source=0x101 }
W/ViewRootImpl( 3607): Cancelling event due to no window focus: KeyEvent { action=ACTION_UP, keyCode=KEYCODE_DPAD_RIGHT, scanCode=0, metaState=0, flags=0x28, repeatCount=0, eventTime=3459409, downTime=3459409, deviceId=-1, source=0x101 }
W/ViewRootImpl( 3607): Cancelling event due to no window focus: KeyEvent { action=ACTION_UP, keyCode=KEYCODE_DPAD_RIGHT, scanCode=0, metaState=0, flags=0x28, repeatCount=0, eventTime=3459409, downTime=3459409, deviceId=-1, source=0x101 }
W/ViewRootImpl( 3607): Cancelling event due to no window focus: KeyEvent { action=ACTION_UP, keyCode=KEYCODE_DPAD_RIGHT, scanCode=0, metaState=0, flags=0x28, repeatCount=0, eventTime=3459409, downTime=3459409, deviceId=-1, source=0x101 }
W/ViewRootImpl( 3607): Cancelling event due to no window focus: KeyEvent { action=ACTION_UP, keyCode=KEYCODE_DPAD_RIGHT, scanCode=0, metaState=0, flags=0x28, repeatCount=0, eventTime=3459409, downTime=3459409, deviceId=-1, source=0x101 }
W/ViewRootImpl( 3607): Dropping event due to no window focus: KeyEvent { action=ACTION_DOWN, keyCode=KEYCODE_0, scanCode=0, metaState=0, flags=0x8, repeatCount=0, eventTime=3459411, downTime=3459411, deviceId=-1, source=0x101 }
W/ViewRootImpl( 3607): Cancelling event due to no window focus: KeyEvent { action=ACTION_UP, keyCode=KEYCODE_0, scanCode=0, metaState=0, flags=0x28, repeatCount=0, eventTime=3459412, downTime=3459412, deviceId=-1, source=0x101 }
W/ViewRootImpl( 3607): Cancelling event due to no window focus: KeyEvent { action=ACTION_UP, keyCode=KEYCODE_0, scanCode=0, metaState=0, flags=0x28, repeatCount=0, eventTime=3459412, downTime=3459412, deviceId=-1, source=0x101 }
W/ViewRootImpl( 3607): Cancelling event due to no window focus: KeyEvent { action=ACTION_UP, keyCode=KEYCODE_0, scanCode=0, metaState=0, flags=0x28, repeatCount=0, eventTime=3459412, downTime=3459412, deviceId=-1, source=0x101 }
W/ViewRootImpl( 3607): Cancelling event due to no window focus: KeyEvent { action=ACTION_UP, keyCode=KEYCODE_0, scanCode=0, metaState=0, flags=0x28, repeatCount=0, eventTime=3459412, downTime=3459412, deviceId=-1, source=0x101 }
W/ViewRootImpl( 3607): Cancelling event due to no window focus: KeyEvent { action=ACTION_UP, keyCode=KEYCODE_0, scanCode=0, metaState=0, flags=0x28, repeatCount=0, eventTime=3459412, downTime=3459412, deviceId=-1, source=0x101 }
W/ViewRootImpl( 3607): Cancelling event due to no window focus: KeyEvent { action=ACTION_UP, keyCode=KEYCODE_0, scanCode=0, metaState=0, flags=0x28, repeatCount=0, eventTime=3459412, downTime=3459412, deviceId=-1, source=0x101 }
W/ViewRootImpl( 3607): Cancelling event due to no window focus: KeyEvent { action=ACTION_UP, keyCode=KEYCODE_0, scanCode=0, metaState=0, flags=0x28, repeatCount=0, eventTime=3459412, downTime=3459412, deviceId=-1, source=0x101 }
W/ViewRootImpl( 3607): Cancelling event due to no window focus: KeyEvent { action=ACTION_UP, keyCode=KEYCODE_0, scanCode=0, metaState=0, flags=0x28, repeatCount=0, eventTime=3459412, downTime=3459412, deviceId=-1, source=0x101 }
W/ViewRootImpl( 3607): Cancelling event due to no window focus: KeyEvent { action=ACTION_UP, keyCode=KEYCODE_0, scanCode=0, metaState=0, flags=0x28, repeatCount=0, eventTime=3459412, downTime=3459412, deviceId=-1, source=0x101 }
W/EGL_emulation( 3607): eglSurfaceAttrib not implemented
W/OpenGLRenderer( 3607): Failed to set EGL_SWAP_BEHAVIOR on surface 0xf3f82fa0, error=EGL_SUCCESS
W/ViewRootImpl( 3607): Dropping event due to no window focus: KeyEvent { action=ACTION_DOWN, keyCode=KEYCODE_DPAD_CENTER, scanCode=0, metaState=0, flags=0x8, repeatCount=0, eventTime=3459419, downTime=3459419, deviceId=-1, source=0x101 }
W/ViewRootImpl( 3607): Cancelling event due to no window focus: KeyEvent { action=ACTION_UP, keyCode=KEYCODE_DPAD_CENTER, scanCode=0, metaState=0, flags=0x28, repeatCount=0, eventTime=3459420, downTime=3459420, deviceId=-1, source=0x101 }
W/ViewRootImpl( 3607): Cancelling event due to no window focus: KeyEvent { action=ACTION_UP, keyCode=KEYCODE_DPAD_CENTER, scanCode=0, metaState=0, flags=0x28, repeatCount=0, eventTime=3459420, downTime=3459420, deviceId=-1, source=0x101 }
W/ViewRootImpl( 3607): Cancelling event due to no window focus: KeyEvent { action=ACTION_UP, keyCode=KEYCODE_DPAD_CENTER, scanCode=0, metaState=0, flags=0x28, repeatCount=0, eventTime=3459420, downTime=3459420, deviceId=-1, source=0x101 }
W/ViewRootImpl( 3607): Cancelling event due to no window focus: KeyEvent { action=ACTION_UP, keyCode=KEYCODE_DPAD_CENTER, scanCode=0, metaState=0, flags=0x28, repeatCount=0, eventTime=3459420, downTime=3459420, deviceId=-1, source=0x101 }
W/ViewRootImpl( 3607): Cancelling event due to no window focus: KeyEvent { action=ACTION_UP, keyCode=KEYCODE_DPAD_CENTER, scanCode=0, metaState=0, flags=0x28, repeatCount=0, eventTime=3459420, downTime=3459420, deviceId=-1, source=0x101 }
W/ViewRootImpl( 3607): Cancelling event due to no window focus: KeyEvent { action=ACTION_UP, keyCode=KEYCODE_DPAD_CENTER, scanCode=0, metaState=0, flags=0x28, repeatCount=0, eventTime=3459420, downTime=3459420, deviceId=-1, source=0x101 }
W/ViewRootImpl( 3607): Cancelling event due to no window focus: KeyEvent { action=ACTION_UP, keyCode=KEYCODE_DPAD_CENTER, scanCode=0, metaState=0, flags=0x28, repeatCount=0, eventTime=3459420, downTime=3459420, deviceId=-1, source=0x101 }
W/ViewRootImpl( 3607): Cancelling event due to no window focus: KeyEvent { action=ACTION_UP, keyCode=KEYCODE_DPAD_CENTER, scanCode=0, metaState=0, flags=0x28, repeatCount=0, eventTime=3459420, downTime=3459420, deviceId=-1, source=0x101 }
W/ViewRootImpl( 3607): Cancelling event due to no window focus: KeyEvent { action=ACTION_UP, keyCode=KEYCODE_DPAD_CENTER, scanCode=0, metaState=0, flags=0x28, repeatCount=0, eventTime=3459420, downTime=3459420, deviceId=-1, source=0x101 }
I/ActivityManager(  738): START u0 {act=android.intent.action.MAIN cat=[android.intent.category.LAUNCHER] flg=0x10000000 cmp=com.android.music/.MusicBrowserActivity sel=act=android.intent.action.MAIN cat=[android.intent.category.APP_MUSIC]}} from uid 1000 on display 0
I/AppiumUnicodeIME(  916): onKeyDown (keyCode='19', event.keyCode='19', metaState='0')
I/AppiumUnicodeIME(  916): onKeyUp (keyCode='19', event.keyCode='19', metaState='0')
I/AppiumUnicodeIME(  916): onKeyDown (keyCode='19', event.keyCode='19', metaState='0')
I/AppiumUnicodeIME(  916): onKeyUp (keyCode='19', event.keyCode='19', metaState='0')
I/AppiumUnicodeIME(  916): onKeyDown (keyCode='19', event.keyCode='19', metaState='0')
I/AppiumUnicodeIME(  916): onKeyUp (keyCode='19', event.keyCode='19', metaState='0')
W/ViewRootImpl( 3607): Cancelling event due to no window focus: KeyEvent { action=ACTION_UP, keyCode=KEYCODE_MUSIC, scanCode=0, metaState=0, flags=0x28, repeatCount=0, eventTime=3459501, downTime=3459501, deviceId=-1, source=0x101 }
W/ViewRootImpl( 3607): Cancelling event due to no window focus: KeyEvent { action=ACTION_UP, keyCode=KEYCODE_MUSIC, scanCode=0, metaState=0, flags=0x28, repeatCount=0, eventTime=3459501, downTime=3459501, deviceId=-1, source=0x101 }
W/ViewRootImpl( 3607): Cancelling event due to no window focus: KeyEvent { action=ACTION_UP, keyCode=KEYCODE_MUSIC, scanCode=0, metaState=0, flags=0x28, repeatCount=0, eventTime=3459501, downTime=3459501, deviceId=-1, source=0x101 }
W/ViewRootImpl( 3607): Cancelling event due to no window focus: KeyEvent { action=ACTION_UP, keyCode=KEYCODE_MUSIC, scanCode=0, metaState=0, flags=0x28, repeatCount=0, eventTime=3459501, downTime=3459501, deviceId=-1, source=0x101 }
W/ViewRootImpl( 3607): Cancelling event due to no window focus: KeyEvent { action=ACTION_UP, keyCode=KEYCODE_MUSIC, scanCode=0, metaState=0, flags=0x28, repeatCount=0, eventTime=3459501, downTime=3459501, deviceId=-1, source=0x101 }
W/ViewRootImpl( 3607): Cancelling event due to no window focus: KeyEvent { action=ACTION_UP, keyCode=KEYCODE_MUSIC, scanCode=0, metaState=0, flags=0x28, repeatCount=0, eventTime=3459501, downTime=3459501, deviceId=-1, source=0x101 }
W/ViewRootImpl( 3607): Cancelling event due to no window focus: KeyEvent { action=ACTION_UP, keyCode=KEYCODE_MUSIC, scanCode=0, metaState=0, flags=0x28, repeatCount=0, eventTime=3459501, downTime=3459501, deviceId=-1, source=0x101 }
W/ViewRootImpl( 3607): Cancelling event due to no window focus: KeyEvent { action=ACTION_UP, keyCode=KEYCODE_MUSIC, scanCode=0, metaState=0, flags=0x28, repeatCount=0, eventTime=3459501, downTime=3459501, deviceId=-1, source=0x101 }
W/ViewRootImpl( 3607): Cancelling event due to no window focus: KeyEvent { action=ACTION_UP, keyCode=KEYCODE_MUSIC, scanCode=0, metaState=0, flags=0x28, repeatCount=0, eventTime=3459501, downTime=3459501, deviceId=-1, source=0x101 }
W/AudioTrack(  738): AUDIO_OUTPUT_FLAG_FAST denied by client
I/ActivityManager(  738): START u0 {act=android.intent.action.SHOW_BRIGHTNESS_DIALOG cmp=com.android.systemui/.settings.BrightnessDialog} from uid 1000 on display 0
W/AudioTrack(  738): AUDIO_OUTPUT_FLAG_FAST denied by client
I/awcn.SerializeHelper( 1586):  persist end. file:/storage/emulated/0/Android/data/com.zzl.falcon.internal/files/awcn_strategy/ef133debedbd6d843d539e5eb14cfdfd cost:10
I/awcn.SerializeHelper( 1586):  persist end. file:/storage/emulated/0/Android/data/com.zzl.falcon.internal/files/awcn_strategy/0c61135c2fdcd71f15ad7297245abe44 cost:5
I/awcn.SerializeHelper( 1586):  persist end. file:/storage/emulated/0/Android/data/com.zzl.falcon.internal/files/awcn_strategy/49c6a36aaea8ee1549c1cd3e07070c79 cost:8
W/AudioTrack(  738): AUDIO_OUTPUT_FLAG_FAST denied by client
W/InputEventReceiver( 3607): Attempted to finish an input event but the input event receiver has already been disposed.
W/ViewRootImpl( 3607): Dropping event due to root view being removed: MotionEvent { action=ACTION_MOVE, id[0]=0, x[0]=2.0, y[0]=1.0, toolType[0]=TOOL_TYPE_UNKNOWN, buttonState=0, metaState=0, flags=0x0, edgeFlags=0x0, pointerCount=1, historySize=9, eventTime=3459634, downTime=-1, deviceId=0, source=0x10004 }
W/InputEventReceiver( 3607): Attempted to finish an input event but the input event receiver has already been disposed.
W/ViewRootImpl( 3607): Dropping event due to no window focus: KeyEvent { action=ACTION_DOWN, keyCode=KEYCODE_DPAD_UP, scanCode=0, metaState=0, flags=0x8, repeatCount=0, eventTime=3459634, downTime=3459634, deviceId=-1, source=0x101 }
W/InputMethodManagerService(  738): Window already focused, ignoring focus gain of: com.android.internal.view.IInputMethodClient$Stub$Proxy@162795c0 attribute=null, token = android.os.BinderProxy@1df9753
I/AppiumUnicodeIME(  916): onKeyUp (keyCode='19', event.keyCode='19', metaState='0')
I/AppiumUnicodeIME(  916): onKeyDown (keyCode='19', event.keyCode='19', metaState='0')
I/AppiumUnicodeIME(  916): onKeyUp (keyCode='19', event.keyCode='19', metaState='0')
W/AudioTrack(  738): AUDIO_OUTPUT_FLAG_FAST denied by client
I/AppiumUnicodeIME(  916): onKeyDown (keyCode='23', event.keyCode='23', metaState='0')
I/AppiumUnicodeIME(  916): onKeyUp (keyCode='23', event.keyCode='23', metaState='0')
I/AppiumUnicodeIME(  916): onKeyDown (keyCode='22', event.keyCode='22', metaState='0')
I/AppiumUnicodeIME(  916): onKeyUp (keyCode='22', event.keyCode='22', metaState='0')
I/AppiumUnicodeIME(  916): onKeyDown (keyCode='22', event.keyCode='22', metaState='0')
I/AppiumUnicodeIME(  916): onKeyUp (keyCode='22', event.keyCode='22', metaState='0')
I/AppiumUnicodeIME(  916): onKeyDown (keyCode='22', event.keyCode='22', metaState='0')
I/AppiumUnicodeIME(  916): onKeyUp (keyCode='22', event.keyCode='22', metaState='0')
I/AppiumUnicodeIME(  916): onKeyDown (keyCode='22', event.keyCode='22', metaState='0')
I/AppiumUnicodeIME(  916): onKeyUp (keyCode='22', event.keyCode='22', metaState='0')
I/AppiumUnicodeIME(  916): onKeyDown (keyCode='19', event.keyCode='19', metaState='0')
I/AppiumUnicodeIME(  916): onKeyDown (keyCode='19', event.keyCode='19', metaState='0')
I/AppiumUnicodeIME(  916): onKeyUp (keyCode='19', event.keyCode='19', metaState='0')
I/AppiumUnicodeIME(  916): onKeyDown (keyCode='19', event.keyCode='19', metaState='0')
I/AppiumUnicodeIME(  916): onKeyUp (keyCode='19', event.keyCode='19', metaState='0')
I/AppiumUnicodeIME(  916): onKeyDown (keyCode='19', event.keyCode='19', metaState='0')
I/AppiumUnicodeIME(  916): onKeyUp (keyCode='19', event.keyCode='19', metaState='0')
I/AppiumUnicodeIME(  916): onKeyDown (keyCode='19', event.keyCode='19', metaState='0')
I/AppiumUnicodeIME(  916): onKeyUp (keyCode='19', event.keyCode='19', metaState='0')
W/AudioTrack(  738): AUDIO_OUTPUT_FLAG_FAST denied by client
W/AudioTrack(  738): AUDIO_OUTPUT_FLAG_FAST denied by client
I/AppiumUnicodeIME(  916): onKeyDown (keyCode='19', event.keyCode='19', metaState='0')
I/AppiumUnicodeIME(  916): onKeyUp (keyCode='19', event.keyCode='19', metaState='0')
I/AppiumUnicodeIME(  916): onKeyDown (keyCode='22', event.keyCode='22', metaState='0')
I/AppiumUnicodeIME(  916): onKeyUp (keyCode='22', event.keyCode='22', metaState='0')
I/AppiumUnicodeIME(  916): onKeyDown (keyCode='20', event.keyCode='20', metaState='0')
I/AppiumUnicodeIME(  916): onKeyUp (keyCode='20', event.keyCode='20', metaState='0')
I/AppiumUnicodeIME(  916): onKeyDown (keyCode='21', event.keyCode='21', metaState='0')
I/AppiumUnicodeIME(  916): onKeyDown (keyCode='21', event.keyCode='21', metaState='0')
I/AppiumUnicodeIME(  916): onKeyUp (keyCode='21', event.keyCode='21', metaState='0')
I/AppiumUnicodeIME(  916): onKeyDown (keyCode='21', event.keyCode='21', metaState='0')
I/AppiumUnicodeIME(  916): onKeyUp (keyCode='21', event.keyCode='21', metaState='0')
I/AppiumUnicodeIME(  916): onKeyDown (keyCode='21', event.keyCode='21', metaState='0')
I/AppiumUnicodeIME(  916): onKeyUp (keyCode='21', event.keyCode='21', metaState='0')
I/AppiumUnicodeIME(  916): onKeyDown (keyCode='21', event.keyCode='21', metaState='0')
I/AppiumUnicodeIME(  916): onKeyUp (keyCode='21', event.keyCode='21', metaState='0')
I/AppiumUnicodeIME(  916): onKeyDown (keyCode='23', event.keyCode='23', metaState='0')
I/AppiumUnicodeIME(  916): onKeyUp (keyCode='23', event.keyCode='23', metaState='0')
I/AppiumUnicodeIME(  916): onKeyDown (keyCode='19', event.keyCode='19', metaState='0')
W/AudioTrack(  738): AUDIO_OUTPUT_FLAG_FAST denied by client
I/AppiumUnicodeIME(  916): onKeyUp (keyCode='19', event.keyCode='19', metaState='0')
I/AppiumUnicodeIME(  916): onKeyDown (keyCode='23', event.keyCode='23', metaState='0')
I/AppiumUnicodeIME(  916): onKeyUp (keyCode='23', event.keyCode='23', metaState='0')
I/AppiumUnicodeIME(  916): onKeyDown (keyCode='22', event.keyCode='22', metaState='0')
I/AppiumUnicodeIME(  916): onKeyUp (keyCode='22', event.keyCode='22', metaState='0')
I/AppiumUnicodeIME(  916): onKeyDown (keyCode='19', event.keyCode='19', metaState='0')
I/AppiumUnicodeIME(  916): onKeyDown (keyCode='19', event.keyCode='19', metaState='0')
I/AppiumUnicodeIME(  916): onKeyUp (keyCode='19', event.keyCode='19', metaState='0')
I/AppiumUnicodeIME(  916): onKeyDown (keyCode='19', event.keyCode='19', metaState='0')
I/AppiumUnicodeIME(  916): onKeyUp (keyCode='19', event.keyCode='19', metaState='0')
I/AppiumUnicodeIME(  916): onKeyDown (keyCode='19', event.keyCode='19', metaState='0')
I/AppiumUnicodeIME(  916): onKeyUp (keyCode='19', event.keyCode='19', metaState='0')
I/AppiumUnicodeIME(  916): onKeyDown (keyCode='19', event.keyCode='19', metaState='0')
I/AppiumUnicodeIME(  916): onKeyUp (keyCode='19', event.keyCode='19', metaState='0')
W/AudioTrack(  738): AUDIO_OUTPUT_FLAG_FAST denied by client
I/AppiumUnicodeIME(  916): onKeyDown (keyCode='22', event.keyCode='22', metaState='0')
W/AudioTrack(  738): AUDIO_OUTPUT_FLAG_FAST denied by client
D/PhoneStatusBar(  861): disable: < expand ICONS* alerts SYSTEM_INFO* back home recent clock search >
I/AppiumUnicodeIME(  916): onKeyUp (keyCode='22', event.keyCode='22', metaState='0')
W/EGL_emulation(  861): eglSurfaceAttrib not implemented
W/OpenGLRenderer(  861): Failed to set EGL_SWAP_BEHAVIOR on surface 0xe201fc80, error=EGL_SUCCESS
W/ViewRootImpl(  861): Dropping event due to no window focus: KeyEvent { action=ACTION_DOWN, keyCode=KEYCODE_DPAD_DOWN, scanCode=0, metaState=0, flags=0x8, repeatCount=0, eventTime=3460290, downTime=3460290, deviceId=-1, source=0x101 }
W/ViewRootImpl(  861): Cancelling event due to no window focus: KeyEvent { action=ACTION_UP, keyCode=KEYCODE_DPAD_DOWN, scanCode=0, metaState=0, flags=0x28, repeatCount=0, eventTime=3460335, downTime=3460335, deviceId=-1, source=0x101 }
W/ViewRootImpl(  861): Cancelling event due to no window focus: KeyEvent { action=ACTION_UP, keyCode=KEYCODE_DPAD_DOWN, scanCode=0, metaState=0, flags=0x28, repeatCount=0, eventTime=3460335, downTime=3460335, deviceId=-1, source=0x101 }
W/ViewRootImpl(  861): Cancelling event due to no window focus: KeyEvent { action=ACTION_UP, keyCode=KEYCODE_DPAD_DOWN, scanCode=0, metaState=0, flags=0x28, repeatCount=0, eventTime=3460335, downTime=3460335, deviceId=-1, source=0x101 }
W/ViewRootImpl(  861): Cancelling event due to no window focus: KeyEvent { action=ACTION_UP, keyCode=KEYCODE_DPAD_DOWN, scanCode=0, metaState=0, flags=0x28, repeatCount=0, eventTime=3460335, downTime=3460335, deviceId=-1, source=0x101 }
W/ViewRootImpl(  861): Cancelling event due to no window focus: KeyEvent { action=ACTION_UP, keyCode=KEYCODE_DPAD_DOWN, scanCode=0, metaState=0, flags=0x28, repeatCount=0, eventTime=3460335, downTime=3460335, deviceId=-1, source=0x101 }
W/ViewRootImpl(  861): Cancelling event due to no window focus: KeyEvent { action=ACTION_UP, keyCode=KEYCODE_DPAD_DOWN, scanCode=0, metaState=0, flags=0x28, repeatCount=0, eventTime=3460335, downTime=3460335, deviceId=-1, source=0x101 }
W/ViewRootImpl(  861): Cancelling event due to no window focus: KeyEvent { action=ACTION_UP, keyCode=KEYCODE_DPAD_DOWN, scanCode=0, metaState=0, flags=0x28, repeatCount=0, eventTime=3460335, downTime=3460335, deviceId=-1, source=0x101 }
W/ViewRootImpl(  861): Cancelling event due to no window focus: KeyEvent { action=ACTION_UP, keyCode=KEYCODE_DPAD_DOWN, scanCode=0, metaState=0, flags=0x28, repeatCount=0, eventTime=3460335, downTime=3460335, deviceId=-1, source=0x101 }
W/ViewRootImpl(  861): Cancelling event due to no window focus: KeyEvent { action=ACTION_UP, keyCode=KEYCODE_DPAD_DOWN, scanCode=0, metaState=0, flags=0x28, repeatCount=0, eventTime=3460335, downTime=3460335, deviceId=-1, source=0x101 }
W/ViewRootImpl(  861): Dropping event due to no window focus: MotionEvent { action=ACTION_MOVE, id[0]=0, x[0]=2.0, y[0]=2.0, toolType[0]=TOOL_TYPE_UNKNOWN, buttonState=0, metaState=0, flags=0x0, edgeFlags=0x0, pointerCount=1, historySize=9, eventTime=3460389, downTime=-1, deviceId=0, source=0x10004 }
W/ViewRootImpl(  861): Dropping event due to no window focus: MotionEvent { action=ACTION_DOWN, id[0]=0, x[0]=0.0, y[0]=0.0, toolType[0]=TOOL_TYPE_UNKNOWN, buttonState=0, metaState=0, flags=0x0, edgeFlags=0x0, pointerCount=1, historySize=0, eventTime=3460389, downTime=3460372, deviceId=0, source=0x10004 }
