D/awcn.SessionRequest( 1586): |[seq:umeng:56aadbf567e58e38d4000976.AWCN5_1] Session:Session@[umeng:56aadbf567e58e38d4000976.AWCN5_1|http2_0rtt_acs] EventType:AUTH_SUCC Event:
V/WindowManager(  738): Adding window Window{376e1358 u0 PopupWindow:86905cd} at 3 of 10 (after Window{41ef662 u0 com.zzl.falcon.internal/com.squareup.leakcanary.internal.DisplayLeakActivity})
D/awcn.SessionRequest( 1586): |[seq:umeng:56aadbf567e58e38d4000976.AWCN5_1] Connect Success session:Session@[umeng:56aadbf567e58e38d4000976.AWCN5_1|http2_0rtt_acs] host:https://umengacs.m.taobao.com
D/awcn.SessionRequest( 1586):  Receive session event type:AUTH_SUCC
D/awcn.StrategyTable( 1586):  [notifyConnEvent] Host:umengacs.m.taobao.com IConnStrategy:{106.11.61.106 443 http2_0rtt_acs} ConnEvent:ConnEvent#Success
I/AppiumUnicodeIME(  916): onKeyDown (keyCode='21', event.keyCode='21', metaState='0')
I/AppiumUnicodeIME(  916): onKeyUp (keyCode='21', event.keyCode='21', metaState='0')
W/ViewRootImpl( 2076): Dropping event due to no window focus: KeyEvent { action=ACTION_DOWN, keyCode=KEYCODE_DPAD_LEFT, scanCode=0, metaState=0, flags=0x8, repeatCount=0, eventTime=2888586, downTime=2888586, deviceId=-1, source=0x101 }
W/ViewRootImpl( 2076): Cancelling event due to no window focus: KeyEvent { action=ACTION_UP, keyCode=KEYCODE_DPAD_LEFT, scanCode=0, metaState=0, flags=0x28, repeatCount=0, eventTime=2888588, downTime=2888586, deviceId=-1, source=0x101 }
W/ViewRootImpl( 2076): Cancelling event due to no window focus: KeyEvent { action=ACTION_UP, keyCode=KEYCODE_DPAD_LEFT, scanCode=0, metaState=0, flags=0x28, repeatCount=0, eventTime=2888588, downTime=2888586, deviceId=-1, source=0x101 }
W/ViewRootImpl( 2076): Cancelling event due to no window focus: KeyEvent { action=ACTION_UP, keyCode=KEYCODE_DPAD_LEFT, scanCode=0, metaState=0, flags=0x28, repeatCount=0, eventTime=2888588, downTime=2888586, deviceId=-1, source=0x101 }
W/ViewRootImpl( 2076): Cancelling event due to no window focus: KeyEvent { action=ACTION_UP, keyCode=KEYCODE_DPAD_LEFT, scanCode=0, metaState=0, flags=0x28, repeatCount=0, eventTime=2888588, downTime=2888586, deviceId=-1, source=0x101 }
W/ViewRootImpl( 2076): Cancelling event due to no window focus: KeyEvent { action=ACTION_UP, keyCode=KEYCODE_DPAD_LEFT, scanCode=0, metaState=0, flags=0x28, repeatCount=0, eventTime=2888588, downTime=2888586, deviceId=-1, source=0x101 }
W/ViewRootImpl( 2076): Cancelling event due to no window focus: KeyEvent { action=ACTION_UP, keyCode=KEYCODE_DPAD_LEFT, scanCode=0, metaState=0, flags=0x28, repeatCount=0, eventTime=2888588, downTime=2888586, deviceId=-1, source=0x101 }
W/EGL_emulation( 1586): eglSurfaceAttrib not implemented
W/OpenGLRenderer( 1586): Failed to set EGL_SWAP_BEHAVIOR on surface 0xdb8cd4c0, error=EGL_SUCCESS
W/ViewRootImpl( 1586): Cancelling event due to no window focus: KeyEvent { action=ACTION_UP, keyCode=KEYCODE_DPAD_LEFT, scanCode=0, metaState=0, flags=0x28, repeatCount=0, eventTime=2888587, downTime=2888587, deviceId=-1, source=0x101 }
W/ViewRootImpl( 1586): Cancelling event due to no window focus: KeyEvent { action=ACTION_UP, keyCode=KEYCODE_DPAD_LEFT, scanCode=0, metaState=0, flags=0x28, repeatCount=0, eventTime=2888587, downTime=2888587, deviceId=-1, source=0x101 }
W/ViewRootImpl( 1586): Cancelling event due to no window focus: KeyEvent { action=ACTION_UP, keyCode=KEYCODE_DPAD_LEFT, scanCode=0, metaState=0, flags=0x28, repeatCount=0, eventTime=2888587, downTime=2888587, deviceId=-1, source=0x101 }
W/ViewRootImpl( 1586): Cancelling event due to no window focus: KeyEvent { action=ACTION_UP, keyCode=KEYCODE_DPAD_LEFT, scanCode=0, metaState=0, flags=0x28, repeatCount=0, eventTime=2888587, downTime=2888587, deviceId=-1, source=0x101 }
W/ViewRootImpl( 1586): Cancelling event due to no window focus: KeyEvent { action=ACTION_UP, keyCode=KEYCODE_DPAD_LEFT, scanCode=0, metaState=0, flags=0x28, repeatCount=0, eventTime=2888587, downTime=2888587, deviceId=-1, source=0x101 }
W/ViewRootImpl( 1586): Cancelling event due to no window focus: KeyEvent { action=ACTION_UP, keyCode=KEYCODE_DPAD_LEFT, scanCode=0, metaState=0, flags=0x28, repeatCount=0, eventTime=2888587, downTime=2888587, deviceId=-1, source=0x101 }
W/ViewRootImpl( 1586): Cancelling event due to no window focus: KeyEvent { action=ACTION_UP, keyCode=KEYCODE_DPAD_LEFT, scanCode=0, metaState=0, flags=0x28, repeatCount=0, eventTime=2888587, downTime=2888587, deviceId=-1, source=0x101 }
W/ViewRootImpl( 1586): Cancelling event due to no window focus: KeyEvent { action=ACTION_UP, keyCode=KEYCODE_DPAD_LEFT, scanCode=0, metaState=0, flags=0x28, repeatCount=0, eventTime=2888587, downTime=2888587, deviceId=-1, source=0x101 }
W/ViewRootImpl( 1586): Cancelling event due to no window focus: KeyEvent { action=ACTION_UP, keyCode=KEYCODE_DPAD_LEFT, scanCode=0, metaState=0, flags=0x28, repeatCount=0, eventTime=2888587, downTime=2888587, deviceId=-1, source=0x101 }
I/accs.MsgDistributeService( 1586):  onStartCommand action:com.taobao.accs.intent.action.RECEIVE
I/AppiumUnicodeIME(  916): onFinishInput
I/AppiumUnicodeIME(  916): onStartInput
D/accs.MsgDistribute( 1586):  action:com.taobao.accs.intent.action.RECEIVE
I/accs.MsgDistribute( 1586):  distribute command::103  serviceId::  dataId:: appkey: config:
W/EGL_emulation( 2076): eglSurfaceAttrib not implemented
W/OpenGLRenderer( 2076): Failed to set EGL_SWAP_BEHAVIOR on surface 0xe150ea00, error=EGL_SUCCESS
I/AppiumUnicodeIME(  916): onKeyDown (keyCode='21', event.keyCode='21', metaState='0')
I/AppiumUnicodeIME(  916): onKeyUp (keyCode='21', event.keyCode='21', metaState='0')
I/AppiumUnicodeIME(  916): onKeyDown (keyCode='21', event.keyCode='21', metaState='0')
I/AppiumUnicodeIME(  916): onKeyUp (keyCode='21', event.keyCode='21', metaState='0')
I/AppiumUnicodeIME(  916): onKeyDown (keyCode='183', event.keyCode='183', metaState='0')
I/ActivityManager(  738): START u0 {cmp=com.zzl.falcon.internal/com.zzl.falcon.WebViewActivity (has extras)} from uid 10074 on display 0
W/AudioTrack(  738): AUDIO_OUTPUT_FLAG_FAST denied by client
V/WindowManager(  738): addAppToken: AppWindowToken{3f03d0e9 token=Token{301ff570 ActivityRecord{d514bb3 u0 com.zzl.falcon.internal/com.zzl.falcon.WebViewActivity t312}}} to stack=1 task=312 at 1
I/AppiumUnicodeIME(  916): onKeyUp (keyCode='183', event.keyCode='183', metaState='0')
W/AudioTrack(  738): AUDIO_OUTPUT_FLAG_FAST denied by client
W/AudioTrack(  738): AUDIO_OUTPUT_FLAG_FAST denied by client
W/art     ( 1586): Attempt to remove local handle scope entry from IRT, ignoring
W/AwContents( 1586): onDetachedFromWindow called when already detached. Ignoring
W/art     ( 1586): Attempt to remove local handle scope entry from IRT, ignoring
W/art     ( 1586): Attempt to remove local handle scope entry from IRT, ignoring
D/ForegroundCallbacks( 1586): still foreground
V/WindowManager(  738): Adding window Window{3d8af00f u0 com.zzl.falcon.internal/com.zzl.falcon.WebViewActivity} at 5 of 11 (after Window{24ab9f97 u0 com.zzl.falcon.internal/com.zzl.falcon.MainActivity})
E/com.umeng.message.UTrack( 1586): RegistrationId is empty
E/com.umeng.message.UTrack( 1586): RegistrationId is empty
W/EGL_emulation( 1586): eglSurfaceAttrib not implemented
W/OpenGLRenderer( 1586): Failed to set EGL_SWAP_BEHAVIOR on surface 0xdbd05e80, error=EGL_SUCCESS
W/ViewRootImpl( 1586): Cancelling event due to no window focus: KeyEvent { action=ACTION_UP, keyCode=KEYCODE_PROG_RED, scanCode=0, metaState=0, flags=0x28, repeatCount=0, eventTime=2889007, downTime=2889007, deviceId=-1, source=0x101 }
W/ViewRootImpl( 1586): Cancelling event due to no window focus: KeyEvent { action=ACTION_UP, keyCode=KEYCODE_PROG_RED, scanCode=0, metaState=0, flags=0x28, repeatCount=0, eventTime=2889007, downTime=2889007, deviceId=-1, source=0x101 }
W/ViewRootImpl( 1586): Cancelling event due to no window focus: KeyEvent { action=ACTION_UP, keyCode=KEYCODE_PROG_RED, scanCode=0, metaState=0, flags=0x28, repeatCount=0, eventTime=2889007, downTime=2889007, deviceId=-1, source=0x101 }
W/ViewRootImpl( 1586): Cancelling event due to no window focus: KeyEvent { action=ACTION_UP, keyCode=KEYCODE_PROG_RED, scanCode=0, metaState=0, flags=0x28, repeatCount=0, eventTime=2889007, downTime=2889007, deviceId=-1, source=0x101 }
W/ViewRootImpl( 1586): Cancelling event due to no window focus: KeyEvent { action=ACTION_UP, keyCode=KEYCODE_PROG_RED, scanCode=0, metaState=0, flags=0x28, repeatCount=0, eventTime=2889007, downTime=2889007, deviceId=-1, source=0x101 }
W/ViewRootImpl( 1586): Cancelling event due to no window focus: KeyEvent { action=ACTION_UP, keyCode=KEYCODE_PROG_RED, scanCode=0, metaState=0, flags=0x28, repeatCount=0, eventTime=2889007, downTime=2889007, deviceId=-1, source=0x101 }
W/ViewRootImpl( 1586): Dropping event due to no window focus: KeyEvent { action=ACTION_DOWN, keyCode=KEYCODE_MENU, scanCode=0, metaState=0, flags=0x8, repeatCount=0, eventTime=2889302, downTime=2889302, deviceId=-1, source=0x101 }
W/ViewRootImpl( 1586): Cancelling event due to no window focus: KeyEvent { action=ACTION_UP, keyCode=KEYCODE_MENU, scanCode=0, metaState=0, flags=0x28, repeatCount=0, eventTime=2889356, downTime=2889356, deviceId=-1, source=0x101 }
W/ViewRootImpl( 1586): Cancelling event due to no window focus: KeyEvent { action=ACTION_UP, keyCode=KEYCODE_MENU, scanCode=0, metaState=0, flags=0x28, repeatCount=0, eventTime=2889356, downTime=2889356, deviceId=-1, source=0x101 }
W/ViewRootImpl( 1586): Cancelling event due to no window focus: KeyEvent { action=ACTION_UP, keyCode=KEYCODE_MENU, scanCode=0, metaState=0, flags=0x28, repeatCount=0, eventTime=2889356, downTime=2889356, deviceId=-1, source=0x101 }
W/ViewRootImpl( 1586): Cancelling event due to no window focus: KeyEvent { action=ACTION_UP, keyCode=KEYCODE_MENU, scanCode=0, metaState=0, flags=0x28, repeatCount=0, eventTime=2889356, downTime=2889356, deviceId=-1, source=0x101 }
W/ViewRootImpl( 1586): Cancelling event due to no window focus: KeyEvent { action=ACTION_UP, keyCode=KEYCODE_MENU, scanCode=0, metaState=0, flags=0x28, repeatCount=0, eventTime=2889356, downTime=2889356, deviceId=-1, source=0x101 }
W/ViewRootImpl( 1586): Cancelling event due to no window focus: KeyEvent { action=ACTION_UP, keyCode=KEYCODE_MENU, scanCode=0, metaState=0, flags=0x28, repeatCount=0, eventTime=2889356, downTime=2889356, deviceId=-1, source=0x101 }
I/AppiumUnicodeIME(  916): onFinishInput
I/AppiumUnicodeIME(  916): onStartInput
I/AppiumUnicodeIME(  916): onKeyDown (keyCode='167', event.keyCode='167', metaState='0')
W/chromium( 1586): [WARNING:simple_index_file.cc(337)] Could not map Simple Index file.
I/AppiumUnicodeIME(  916): onKeyUp (keyCode='167', event.keyCode='167', metaState='0')
I/AppiumUnicodeIME(  916): onKeyDown (keyCode='255', event.keyCode='255', metaState='0')
I/ActivityManager(  738): Displayed com.zzl.falcon.internal/com.zzl.falcon.WebViewActivity: +301ms
I/AppiumUnicodeIME(  916): onKeyUp (keyCode='255', event.keyCode='255', metaState='0')
I/AppiumUnicodeIME(  916): onKeyDown (keyCode='20', event.keyCode='20', metaState='0')
I/AppiumUnicodeIME(  916): onKeyUp (keyCode='20', event.keyCode='20', metaState='0')
I/AppiumUnicodeIME(  916): onKeyDown (keyCode='179', event.keyCode='179', metaState='0')
I/AppiumUnicodeIME(  916): onKeyUp (keyCode='179', event.keyCode='179', metaState='0')
I/AppiumUnicodeIME(  916): onKeyDown (keyCode='82', event.keyCode='82', metaState='0')
W/UnimplementedWebViewApi( 1586): Unimplemented WebView method onKeyDown called from: android.webkit.WebView.onKeyDown(WebView.java:2310)
I/AppiumUnicodeIME(  916): onKeyUp (keyCode='82', event.keyCode='82', metaState='0')
W/AudioTrack(  738): AUDIO_OUTPUT_FLAG_FAST denied by client
I/AppiumUnicodeIME(  916): onKeyDown (keyCode='20', event.keyCode='20', metaState='0')
I/AppiumUnicodeIME(  916): onKeyUp (keyCode='20', event.keyCode='20', metaState='0')
I/AppiumUnicodeIME(  916): onKeyDown (keyCode='20', event.keyCode='20', metaState='0')
I/AppiumUnicodeIME(  916): onKeyUp (keyCode='20', event.keyCode='20', metaState='0')
I/AppiumUnicodeIME(  916): onKeyDown (keyCode='20', event.keyCode='20', metaState='0')
I/AppiumUnicodeIME(  916): onKeyUp (keyCode='20', event.keyCode='20', metaState='0')
I/AppiumUnicodeIME(  916): onKeyDown (keyCode='22', event.keyCode='22', metaState='0')
I/AppiumUnicodeIME(  916): onKeyDown (keyCode='22', event.keyCode='22', metaState='0')
I/AppiumUnicodeIME(  916): onKeyUp (keyCode='22', event.keyCode='22', metaState='0')
I/AppiumUnicodeIME(  916): onKeyDown (keyCode='22', event.keyCode='22', metaState='0')
I/AppiumUnicodeIME(  916): onKeyUp (keyCode='22', event.keyCode='22', metaState='0')
I/AppiumUnicodeIME(  916): onKeyDown (keyCode='22', event.keyCode='22', metaState='0')
I/AppiumUnicodeIME(  916): onKeyUp (keyCode='22', event.keyCode='22', metaState='0')
W/UnimplementedWebViewApi( 1586): Unimplemented WebView method onKeyMultiple called from: android.webkit.WebView.onKeyMultiple(WebView.java:2320)
W/UnimplementedWebViewApi( 1586): Unimplemented WebView method onKeyDown called from: android.webkit.WebView.onKeyDown(WebView.java:2310)
I/AppiumUnicodeIME(  916): onKeyDown (keyCode='22', event.keyCode='22', metaState='0')
I/AppiumUnicodeIME(  916): onKeyUp (keyCode='22', event.keyCode='22', metaState='0')
I/AppiumUnicodeIME(  916): onKeyDown (keyCode='19', event.keyCode='19', metaState='0')
I/AppiumUnicodeIME(  916): onKeyUp (keyCode='19', event.keyCode='19', metaState='0')
I/AppiumUnicodeIME(  916): onKeyDown (keyCode='19', event.keyCode='19', metaState='0')
I/AppiumUnicodeIME(  916): onKeyUp (keyCode='19', event.keyCode='19', metaState='0')
I/AppiumUnicodeIME(  916): onKeyDown (keyCode='87', event.keyCode='87', metaState='0')
I/AppiumUnicodeIME(  916): onKeyUp (keyCode='87', event.keyCode='87', metaState='0')
I/AppiumUnicodeIME(  916): onKeyDown (keyCode='19', event.keyCode='19', metaState='0')
I/AppiumUnicodeIME(  916): onKeyUp (keyCode='19', event.keyCode='19', metaState='0')
I/AppiumUnicodeIME(  916): onKeyDown (keyCode='23', event.keyCode='23', metaState='0')
I/AppiumUnicodeIME(  916): onKeyUp (keyCode='23', event.keyCode='23', metaState='0')
I/AppiumUnicodeIME(  916): onKeyDown (keyCode='20', event.keyCode='20', metaState='0')
I/AppiumUnicodeIME(  916): onKeyUp (keyCode='20', event.keyCode='20', metaState='0')
I/AppiumUnicodeIME(  916): onKeyDown (keyCode='22', event.keyCode='22', metaState='0')
I/AppiumUnicodeIME(  916): onKeyUp (keyCode='22', event.keyCode='22', metaState='0')
I/AppiumUnicodeIME(  916): onKeyDown (keyCode='19', event.keyCode='19', metaState='0')
I/AppiumUnicodeIME(  916): onKeyUp (keyCode='19', event.keyCode='19', metaState='0')
I/AppiumUnicodeIME(  916): onKeyDown (keyCode='82', event.keyCode='82', metaState='0')
W/UnimplementedWebViewApi( 1586): Unimplemented WebView method onKeyDown called from: android.webkit.WebView.onKeyDown(WebView.java:2310)
I/AppiumUnicodeIME(  916): onKeyUp (keyCode='82', event.keyCode='82', metaState='0')
V/WindowManager(  738): Adding window Window{31fbf34 u0 SubPanel:com.zzl.falcon.internal/com.zzl.falcon.WebViewActivity} at 5 of 11 (after Window{3d8af00f u0 com.zzl.falcon.internal/com.zzl.falcon.WebViewActivity})
W/ViewRootImpl( 1586): Dropping event due to no window focus: KeyEvent { action=ACTION_DOWN, keyCode=KEYCODE_DPAD_DOWN, scanCode=0, metaState=0, flags=0x8, repeatCount=0, eventTime=2890419, downTime=2890419, deviceId=-1, source=0x101 }
W/AudioTrack(  738): AUDIO_OUTPUT_FLAG_FAST denied by client
W/EGL_emulation( 1586): eglSurfaceAttrib not implemented
W/OpenGLRenderer( 1586): Failed to set EGL_SWAP_BEHAVIOR on surface 0xdb8cdfe0, error=EGL_SUCCESS
W/ViewRootImpl( 1586): Cancelling event due to no window focus: KeyEvent { action=ACTION_UP, keyCode=KEYCODE_DPAD_DOWN, scanCode=0, metaState=0, flags=0x28, repeatCount=0, eventTime=2890499, downTime=2890499, deviceId=-1, source=0x101 }
W/ViewRootImpl( 1586): Cancelling event due to no window focus: KeyEvent { action=ACTION_UP, keyCode=KEYCODE_DPAD_DOWN, scanCode=0, metaState=0, flags=0x28, repeatCount=0, eventTime=2890499, downTime=2890499, deviceId=-1, source=0x101 }
W/ViewRootImpl( 1586): Cancelling event due to no window focus: KeyEvent { action=ACTION_UP, keyCode=KEYCODE_DPAD_DOWN, scanCode=0, metaState=0, flags=0x28, repeatCount=0, eventTime=2890499, downTime=2890499, deviceId=-1, source=0x101 }
W/ViewRootImpl( 1586): Cancelling event due to no window focus: KeyEvent { action=ACTION_UP, keyCode=KEYCODE_DPAD_DOWN, scanCode=0, metaState=0, flags=0x28, repeatCount=0, eventTime=2890499, downTime=2890499, deviceId=-1, source=0x101 }
W/ViewRootImpl( 1586): Cancelling event due to no window focus: KeyEvent { action=ACTION_UP, keyCode=KEYCODE_DPAD_DOWN, scanCode=0, metaState=0, flags=0x28, repeatCount=0, eventTime=2890499, downTime=2890499, deviceId=-1, source=0x101 }
W/ViewRootImpl( 1586): Cancelling event due to no window focus: KeyEvent { action=ACTION_UP, keyCode=KEYCODE_DPAD_DOWN, scanCode=0, metaState=0, flags=0x28, repeatCount=0, eventTime=2890499, downTime=2890499, deviceId=-1, source=0x101 }
W/ViewRootImpl( 1586): Cancelling event due to no window focus: KeyEvent { action=ACTION_UP, keyCode=KEYCODE_DPAD_DOWN, scanCode=0, metaState=0, flags=0x28, repeatCount=0, eventTime=2890499, downTime=2890499, deviceId=-1, source=0x101 }
W/ViewRootImpl( 1586): Cancelling event due to no window focus: KeyEvent { action=ACTION_UP, keyCode=KEYCODE_DPAD_DOWN, scanCode=0, metaState=0, flags=0x28, repeatCount=0, eventTime=2890499, downTime=2890499, deviceId=-1, source=0x101 }
W/ViewRootImpl( 1586): Cancelling event due to no window focus: KeyEvent { action=ACTION_UP, keyCode=KEYCODE_DPAD_DOWN, scanCode=0, metaState=0, flags=0x28, repeatCount=0, eventTime=2890499, downTime=2890499, deviceId=-1, source=0x101 }
W/ViewRootImpl( 1586): Dropping event due to no window focus: KeyEvent { action=ACTION_DOWN, keyCode=KEYCODE_MENU, scanCode=0, metaState=0, flags=0x8, repeatCount=0, eventTime=2890499, downTime=2890499, deviceId=-1, source=0x101 }
W/AudioTrack(  738): AUDIO_OUTPUT_FLAG_FAST denied by client
W/InputMethodManagerService(  738): Window already focused, ignoring focus gain of: com.android.internal.view.IInputMethodClient$Stub$Proxy@1e939aa0 attribute=null, token = android.os.BinderProxy@3b7d216e
I/AppiumUnicodeIME(  916): onKeyDown (keyCode='21', event.keyCode='21', metaState='0')
I/AppiumUnicodeIME(  916): onKeyDown (keyCode='21', event.keyCode='21', metaState='0')
I/AppiumUnicodeIME(  916): onKeyUp (keyCode='21', event.keyCode='21', metaState='0')
I/AppiumUnicodeIME(  916): onKeyDown (keyCode='21', event.keyCode='21', metaState='0')
I/AppiumUnicodeIME(  916): onKeyUp (keyCode='21', event.keyCode='21', metaState='0')
I/AppiumUnicodeIME(  916): onKeyDown (keyCode='21', event.keyCode='21', metaState='0')
I/AppiumUnicodeIME(  916): onKeyUp (keyCode='21', event.keyCode='21', metaState='0')
I/AppiumUnicodeIME(  916): onKeyDown (keyCode='21', event.keyCode='21', metaState='0')
I/AppiumUnicodeIME(  916): onKeyUp (keyCode='21', event.keyCode='21', metaState='0')
I/AppiumUnicodeIME(  916): onKeyDown (keyCode='22', event.keyCode='22', metaState='0')
W/UnimplementedWebViewApi( 1586): Unimplemented WebView method onKeyMultiple called from: android.webkit.WebView.onKeyMultiple(WebView.java:2320)
W/UnimplementedWebViewApi( 1586): Unimplemented WebView method onKeyDown called from: android.webkit.WebView.onKeyDown(WebView.java:2310)
I/ActivityManager(  738): START u0 {act=android.intent.action.MAIN cat=[android.intent.category.LAUNCHER] flg=0x10200000 cmp=com.zzl.falcon.internal/com.squareup.leakcanary.internal.DisplayLeakActivity} from uid 0 on display 0
I/AppiumUnicodeIME(  916): onKeyUp (keyCode='22', event.keyCode='22', metaState='0')
E/EGL_emulation(  773): tid 773: eglCreateSyncKHR(1209): error 0x3004 (EGL_BAD_ATTRIBUTE)
I/AppiumUnicodeIME(  916): onKeyDown (keyCode='23', event.keyCode='23', metaState='0')
I/AppiumUnicodeIME(  916): onKeyUp (keyCode='23', event.keyCode='23', metaState='0')
I/InputDispatcher(  738): Dropping event because there is no touchable window at (404, 212).
W/InputManager(  738): Input event injection from pid 3424 failed.
W/InputManager(  738): Input event injection from pid 3424 failed.
W/InputManager(  738): Input event injection from pid 3424 failed.
W/InputManager(  738): Input event injection from pid 3424 failed.
W/InputManager(  738): Input event injection from pid 3424 failed.
W/InputManager(  738): Input event injection from pid 3424 failed.
W/InputManager(  738): Input event injection from pid 3424 failed.
W/InputManager(  738): Input event injection from pid 3424 failed.
W/InputManager(  738): Input event injection from pid 3424 failed.
W/InputManager(  738): Input event injection from pid 3424 failed.
I/InputDispatcher(  738): Dropping event because there is no touchable window at (696, 679).
W/InputManager(  738): Input event injection from pid 3424 failed.
W/InputManager(  738): Input event injection from pid 3424 failed.
W/EGL_emulation( 2076): eglSurfaceAttrib not implemented
W/OpenGLRenderer( 2076): Failed to set EGL_SWAP_BEHAVIOR on surface 0xe150ea00, error=EGL_SUCCESS
W/ViewRootImpl( 2076): Dropping event due to no window focus: KeyEvent { action=ACTION_DOWN, keyCode=KEYCODE_TV_INPUT_HDMI_3, scanCode=0, metaState=0, flags=0x8, repeatCount=0, eventTime=2891045, downTime=2891045, deviceId=-1, source=0x101 }
W/ViewRootImpl( 2076): Cancelling event due to no window focus: KeyEvent { action=ACTION_UP, keyCode=KEYCODE_TV_INPUT_HDMI_3, scanCode=0, metaState=0, flags=0x28, repeatCount=0, eventTime=2891072, downTime=2891072, deviceId=-1, source=0x101 }
W/ViewRootImpl( 2076): Cancelling event due to no window focus: KeyEvent { action=ACTION_UP, keyCode=KEYCODE_TV_INPUT_HDMI_3, scanCode=0, metaState=0, flags=0x28, repeatCount=0, eventTime=2891072, downTime=2891072, deviceId=-1, source=0x101 }
W/ViewRootImpl( 2076): Cancelling event due to no window focus: KeyEvent { action=ACTION_UP, keyCode=KEYCODE_TV_INPUT_HDMI_3, scanCode=0, metaState=0, flags=0x28, repeatCount=0, eventTime=2891072, downTime=2891072, deviceId=-1, source=0x101 }
W/ViewRootImpl( 2076): Cancelling event due to no window focus: KeyEvent { action=ACTION_UP, keyCode=KEYCODE_TV_INPUT_HDMI_3, scanCode=0, metaState=0, flags=0x28, repeatCount=0, eventTime=2891072, downTime=2891072, deviceId=-1, source=0x101 }
W/ViewRootImpl( 2076): Cancelling event due to no window focus: KeyEvent { action=ACTION_UP, keyCode=KEYCODE_TV_INPUT_HDMI_3, scanCode=0, metaState=0, flags=0x28, repeatCount=0, eventTime=2891072, downTime=2891072, deviceId=-1, source=0x101 }
W/ViewRootImpl( 2076): Cancelling event due to no window focus: KeyEvent { action=ACTION_UP, keyCode=KEYCODE_TV_INPUT_HDMI_3, scanCode=0, metaState=0, flags=0x28, repeatCount=0, eventTime=2891072, downTime=2891072, deviceId=-1, source=0x101 }
W/ViewRootImpl( 2076): Cancelling event due to no window focus: KeyEvent { action=ACTION_UP, keyCode=KEYCODE_TV_INPUT_HDMI_3, scanCode=0, metaState=0, flags=0x28, repeatCount=0, eventTime=2891072, downTime=2891072, deviceId=-1, source=0x101 }
W/ViewRootImpl( 2076): Cancelling event due to no window focus: KeyEvent { action=ACTION_UP, keyCode=KEYCODE_TV_INPUT_HDMI_3, scanCode=0, metaState=0, flags=0x28, repeatCount=0, eventTime=2891072, downTime=2891072, deviceId=-1, source=0x101 }
W/ViewRootImpl( 2076): Cancelling event due to no window focus: KeyEvent { action=ACTION_UP, keyCode=KEYCODE_TV_INPUT_HDMI_3, scanCode=0, metaState=0, flags=0x28, repeatCount=0, eventTime=2891072, downTime=2891072, deviceId=-1, source=0x101 }
I/AppiumUnicodeIME(  916): onFinishInput
I/AppiumUnicodeIME(  916): onStartInput
I/AppiumUnicodeIME(  916): onKeyDown (keyCode='23', event.keyCode='23', metaState='0')
I/AppiumUnicodeIME(  916): onKeyUp (keyCode='23', event.keyCode='23', metaState='0')
I/AppiumUnicodeIME(  916): onKeyDown (keyCode='184', event.keyCode='184', metaState='0')
I/AppiumUnicodeIME(  916): onKeyUp (keyCode='184', event.keyCode='184', metaState='0')
I/AppiumUnicodeIME(  916): onKeyDown (keyCode='154', event.keyCode='154', metaState='0')
I/AppiumUnicodeIME(  916): onKeyUp (keyCode='154', event.keyCode='154', metaState='0')
I/AppiumUnicodeIME(  916): onKeyDown (keyCode='21', event.keyCode='21', metaState='0')
I/AppiumUnicodeIME(  916): onKeyUp (keyCode='21', event.keyCode='21', metaState='0')
W/IInputConnectionWrapper( 1586): showStatusIcon on inactive InputConnection
I/AppiumUnicodeIME(  916): onKeyDown (keyCode='20', event.keyCode='20', metaState='0')
I/AppiumUnicodeIME(  916): onKeyUp (keyCode='20', event.keyCode='20', metaState='0')
I/AppiumUnicodeIME(  916): onKeyDown (keyCode='20', event.keyCode='20', metaState='0')
I/AppiumUnicodeIME(  916): onKeyUp (keyCode='20', event.keyCode='20', metaState='0')
I/AppiumUnicodeIME(  916): onKeyDown (keyCode='20', event.keyCode='20', metaState='0')
I/AppiumUnicodeIME(  916): onKeyUp (keyCode='20', event.keyCode='20', metaState='0')
I/AppiumUnicodeIME(  916): onKeyDown (keyCode='20', event.keyCode='20', metaState='0')
I/AppiumUnicodeIME(  916): onKeyUp (keyCode='20', event.keyCode='20', metaState='0')
I/AppiumUnicodeIME(  916): onKeyDown (keyCode='82', event.keyCode='82', metaState='0')
D/ForegroundCallbacks( 1586): went background
I/Choreographer( 2076): Skipped 38 frames!  The application may be doing too much work on its main thread.
I/AppiumUnicodeIME(  916): onKeyUp (keyCode='82', event.keyCode='82', metaState='0')
W/AudioTrack(  738): AUDIO_OUTPUT_FLAG_FAST denied by client
D/PhoneStatusBar(  861): disable: < expand ICONS* alerts SYSTEM_INFO* back home recent clock search >
I/awcn.ComponentCallbacks2( 1586):  onTrimMemory level:20
I/awcn.SessionCenter( 1586): |[seq:[default]] [background]
I/awcn.StrategyCenter( 1586):  saveData
I/awcn.AmdcThreadPoolExecutor( 1586):  thread created! name:AMDC13
I/awcn.SessionCenter( 1586): |[seq:umeng:56aadbf567e58e38d4000976] [background]
I/awcn.StrategyCenter( 1586):  saveData
W/AudioTrack(  738): AUDIO_OUTPUT_FLAG_FAST denied by client
W/AudioTrack(  738): AUDIO_OUTPUT_FLAG_FAST denied by client
W/AudioTrack(  738): AUDIO_OUTPUT_FLAG_FAST denied by client
V/WindowManager(  738): Adding window Window{3e47f7c9 u0 PopupWindow:1f5a94d4} at 5 of 11 (after Window{41ef662 u0 com.zzl.falcon.internal/com.squareup.leakcanary.internal.DisplayLeakActivity})
W/ViewRootImpl( 2076): Dropping event due to no window focus: KeyEvent { action=ACTION_DOWN, keyCode=KEYCODE_MENU, scanCode=0, metaState=0, flags=0x8, repeatCount=0, eventTime=2892073, downTime=2892073, deviceId=-1, source=0x101 }
W/ViewRootImpl( 2076): Cancelling event due to no window focus: KeyEvent { action=ACTION_UP, keyCode=KEYCODE_MENU, scanCode=0, metaState=0, flags=0x28, repeatCount=0, eventTime=2892087, downTime=2892087, deviceId=-1, source=0x101 }
W/ViewRootImpl( 2076): Cancelling event due to no window focus: KeyEvent { action=ACTION_UP, keyCode=KEYCODE_MENU, scanCode=0, metaState=0, flags=0x28, repeatCount=0, eventTime=2892087, downTime=2892087, deviceId=-1, source=0x101 }
W/ViewRootImpl( 2076): Cancelling event due to no window focus: KeyEvent { action=ACTION_UP, keyCode=KEYCODE_MENU, scanCode=0, metaState=0, flags=0x28, repeatCount=0, eventTime=2892087, downTime=2892087, deviceId=-1, source=0x101 }
W/ViewRootImpl( 2076): Cancelling event due to no window focus: KeyEvent { action=ACTION_UP, keyCode=KEYCODE_MENU, scanCode=0, metaState=0, flags=0x28, repeatCount=0, eventTime=2892087, downTime=2892087, deviceId=-1, source=0x101 }
W/ViewRootImpl( 2076): Cancelling event due to no window focus: KeyEvent { action=ACTION_UP, keyCode=KEYCODE_MENU, scanCode=0, metaState=0, flags=0x28, repeatCount=0, eventTime=2892087, downTime=2892087, deviceId=-1, source=0x101 }
W/ViewRootImpl( 2076): Cancelling event due to no window focus: KeyEvent { action=ACTION_UP, keyCode=KEYCODE_MENU, scanCode=0, metaState=0, flags=0x28, repeatCount=0, eventTime=2892087, downTime=2892087, deviceId=-1, source=0x101 }
W/ViewRootImpl( 2076): Cancelling event due to no window focus: KeyEvent { action=ACTION_UP, keyCode=KEYCODE_MENU, scanCode=0, metaState=0, flags=0x28, repeatCount=0, eventTime=2892087, downTime=2892087, deviceId=-1, source=0x101 }
W/ViewRootImpl( 2076): Cancelling event due to no window focus: KeyEvent { action=ACTION_UP, keyCode=KEYCODE_MENU, scanCode=0, metaState=0, flags=0x28, repeatCount=0, eventTime=2892087, downTime=2892087, deviceId=-1, source=0x101 }
W/ViewRootImpl( 2076): Cancelling event due to no window focus: KeyEvent { action=ACTION_UP, keyCode=KEYCODE_MENU, scanCode=0, metaState=0, flags=0x28, repeatCount=0, eventTime=2892087, downTime=2892087, deviceId=-1, source=0x101 }
D/PhoneStatusBar(  861): disable: < expand icons* alerts system_info* back home recent clock search >
W/EGL_emulation( 2076): eglSurfaceAttrib not implemented
W/OpenGLRenderer( 2076): Failed to set EGL_SWAP_BEHAVIOR on surface 0xe14f7ae0, error=EGL_SUCCESS
W/ResourceType(  861): No package identifier when getting value for resource number 0x00000000
W/PackageManager(  861): Failure retrieving resources for com.zzl.falcon.internal: Resource ID #0x0
D/PhoneStatusBar(  861): disable: < expand ICONS* alerts SYSTEM_INFO* back home recent clock search >
W/ViewRootImpl( 2076): Dropping event due to no window focus: KeyEvent { action=ACTION_DOWN, keyCode=KEYCODE_MINUS, scanCode=0, metaState=0, flags=0x8, repeatCount=0, eventTime=2892101, downTime=2892101, deviceId=-1, source=0x101 }
W/ViewRootImpl( 2076): Cancelling event due to no window focus: KeyEvent { action=ACTION_UP, keyCode=KEYCODE_MINUS, scanCode=0, metaState=0, flags=0x28, repeatCount=0, eventTime=2892101, downTime=2892101, deviceId=-1, source=0x101 }
W/ViewRootImpl( 2076): Cancelling event due to no window focus: KeyEvent { action=ACTION_UP, keyCode=KEYCODE_MINUS, scanCode=0, metaState=0, flags=0x28, repeatCount=0, eventTime=2892101, downTime=2892101, deviceId=-1, source=0x101 }
W/ViewRootImpl( 2076): Cancelling event due to no window focus: KeyEvent { action=ACTION_UP, keyCode=KEYCODE_MINUS, scanCode=0, metaState=0, flags=0x28, repeatCount=0, eventTime=2892101, downTime=2892101, deviceId=-1, source=0x101 }
W/ViewRootImpl( 2076): Cancelling event due to no window focus: KeyEvent { action=ACTION_UP, keyCode=KEYCODE_MINUS, scanCode=0, metaState=0, flags=0x28, repeatCount=0, eventTime=2892101, downTime=2892101, deviceId=-1, source=0x101 }
W/ViewRootImpl( 2076): Cancelling event due to no window focus: KeyEvent { action=ACTION_UP, keyCode=KEYCODE_MINUS, scanCode=0, metaState=0, flags=0x28, repeatCount=0, eventTime=2892101, downTime=2892101, deviceId=-1, source=0x101 }
W/ViewRootImpl( 2076): Cancelling event due to no window focus: KeyEvent { action=ACTION_UP, keyCode=KEYCODE_MINUS, scanCode=0, metaState=0, flags=0x28, repeatCount=0, eventTime=2892101, downTime=2892101, deviceId=-1, source=0x101 }
W/ViewRootImpl( 2076): Cancelling event due to no window focus: KeyEvent { action=ACTION_UP, keyCode=KEYCODE_MINUS, scanCode=0, metaState=0, flags=0x28, repeatCount=0, eventTime=2892101, downTime=2892101, deviceId=-1, source=0x101 }
W/ViewRootImpl( 2076): Cancelling event due to no window focus: KeyEvent { action=ACTION_UP, keyCode=KEYCODE_MINUS, scanCode=0, metaState=0, flags=0x28, repeatCount=0, eventTime=2892101, downTime=2892101, deviceId=-1, source=0x101 }
W/ViewRootImpl( 2076): Cancelling event due to no window focus: KeyEvent { action=ACTION_UP, keyCode=KEYCODE_MINUS, scanCode=0, metaState=0, flags=0x28, repeatCount=0, eventTime=2892101, downTime=2892101, deviceId=-1, source=0x101 }
W/EGL_emulation(  861): eglSurfaceAttrib not implemented
W/OpenGLRenderer(  861): Failed to set EGL_SWAP_BEHAVIOR on surface 0xe201fc80, error=EGL_SUCCESS
W/ViewRootImpl(  861): Cancelling event due to no window focus: KeyEvent { action=ACTION_UP, keyCode=KEYCODE_DPAD_DOWN, scanCode=0, metaState=0, flags=0x28, repeatCount=0, eventTime=2892220, downTime=2892220, deviceId=-1, source=0x101 }
W/ViewRootImpl(  861): Cancelling event due to no window focus: KeyEvent { action=ACTION_UP, keyCode=KEYCODE_DPAD_DOWN, scanCode=0, metaState=0, flags=0x28, repeatCount=0, eventTime=2892220, downTime=2892220, deviceId=-1, source=0x101 }
W/ViewRootImpl(  861): Cancelling event due to no window focus: KeyEvent { action=ACTION_UP, keyCode=KEYCODE_DPAD_DOWN, scanCode=0, metaState=0, flags=0x28, repeatCount=0, eventTime=2892220, downTime=2892220, deviceId=-1, source=0x101 }
W/ViewRootImpl(  861): Cancelling event due to no window focus: KeyEvent { action=ACTION_UP, keyCode=KEYCODE_DPAD_DOWN, scanCode=0, metaState=0, flags=0x28, repeatCount=0, eventTime=2892220, downTime=2892220, deviceId=-1, source=0x101 }
W/ViewRootImpl(  861): Cancelling event due to no window focus: KeyEvent { action=ACTION_UP, keyCode=KEYCODE_DPAD_DOWN, scanCode=0, metaState=0, flags=0x28, repeatCount=0, eventTime=2892220, downTime=2892220, deviceId=-1, source=0x101 }
W/ViewRootImpl(  861): Cancelling event due to no window focus: KeyEvent { action=ACTION_UP, keyCode=KEYCODE_DPAD_DOWN, scanCode=0, metaState=0, flags=0x28, repeatCount=0, eventTime=2892220, downTime=2892220, deviceId=-1, source=0x101 }
W/ViewRootImpl(  861): Cancelling event due to no window focus: KeyEvent { action=ACTION_UP, keyCode=KEYCODE_DPAD_DOWN, scanCode=0, metaState=0, flags=0x28, repeatCount=0, eventTime=2892220, downTime=2892220, deviceId=-1, source=0x101 }
W/ViewRootImpl(  861): Cancelling event due to no window focus: KeyEvent { action=ACTION_UP, keyCode=KEYCODE_DPAD_DOWN, scanCode=0, metaState=0, flags=0x28, repeatCount=0, eventTime=2892220, downTime=2892220, deviceId=-1, source=0x101 }
W/ViewRootImpl(  861): Cancelling event due to no window focus: KeyEvent { action=ACTION_UP, keyCode=KEYCODE_DPAD_DOWN, scanCode=0, metaState=0, flags=0x28, repeatCount=0, eventTime=2892220, downTime=2892220, deviceId=-1, source=0x101 }
I/ActivityManager(  738): START u0 {act=android.intent.action.MAIN cat=[android.intent.category.LAUNCHER] flg=0x10000000 cmp=com.android.email/.activity.Welcome sel=act=android.intent.action.MAIN cat=[android.intent.category.APP_EMAIL]}} from uid 1000 on display 0
W/AudioTrack(  738): AUDIO_OUTPUT_FLAG_FAST denied by client
I/ActivityManager(  738): START u0 {act=android.intent.action.CHOOSER cmp=android/com.android.internal.app.ChooserActivity (has extras)} from uid 10074 on display 0
I/awcn.SerializeHelper( 1586):  persist end. file:/storage/emulated/0/Android/data/com.zzl.falcon.internal/files/awcn_strategy/ef133debedbd6d843d539e5eb14cfdfd cost:14
I/awcn.SerializeHelper( 1586):  persist end. file:/storage/emulated/0/Android/data/com.zzl.falcon.internal/files/awcn_strategy/0c61135c2fdcd71f15ad7297245abe44 cost:6
I/awcn.SerializeHelper( 1586):  persist end. file:/storage/emulated/0/Android/data/com.zzl.falcon.internal/files/awcn_strategy/49c6a36aaea8ee1549c1cd3e07070c79 cost:15
D/PhoneStatusBar(  861): disable: < expand icons* alerts system_info* back home recent clock search >
W/ViewRootImpl( 2076): Dropping event due to no window focus: KeyEvent { action=ACTION_DOWN, keyCode=KEYCODE_DPAD_RIGHT, scanCode=0, metaState=0, flags=0x8, repeatCount=0, eventTime=2892985, downTime=2892985, deviceId=-1, source=0x101 }
W/ViewRootImpl( 2076): Cancelling event due to no window focus: KeyEvent { action=ACTION_UP, keyCode=KEYCODE_DPAD_RIGHT, scanCode=0, metaState=0, flags=0x28, repeatCount=0, eventTime=2893032, downTime=2893032, deviceId=-1, source=0x101 }
W/ViewRootImpl( 2076): Cancelling event due to no window focus: KeyEvent { action=ACTION_UP, keyCode=KEYCODE_DPAD_RIGHT, scanCode=0, metaState=0, flags=0x28, repeatCount=0, eventTime=2893032, downTime=2893032, deviceId=-1, source=0x101 }
W/ViewRootImpl( 2076): Cancelling event due to no window focus: KeyEvent { action=ACTION_UP, keyCode=KEYCODE_DPAD_RIGHT, scanCode=0, metaState=0, flags=0x28, repeatCount=0, eventTime=2893032, downTime=2893032, deviceId=-1, source=0x101 }
I/AppiumUnicodeIME(  916): onKeyUp (keyCode='22', event.keyCode='22', metaState='0')
W/ViewRootImpl( 2076): Cancelling event due to no window focus: KeyEvent { action=ACTION_UP, keyCode=KEYCODE_DPAD_RIGHT, scanCode=0, metaState=0, flags=0x28, repeatCount=0, eventTime=2893032, downTime=2893032, deviceId=-1, source=0x101 }
W/ViewRootImpl( 2076): Cancelling event due to no window focus: KeyEvent { action=ACTION_UP, keyCode=KEYCODE_DPAD_RIGHT, scanCode=0, metaState=0, flags=0x28, repeatCount=0, eventTime=2893032, downTime=2893032, deviceId=-1, source=0x101 }
W/ViewRootImpl( 2076): Cancelling event due to no window focus: KeyEvent { action=ACTION_UP, keyCode=KEYCODE_DPAD_RIGHT, scanCode=0, metaState=0, flags=0x28, repeatCount=0, eventTime=2893032, downTime=2893032, deviceId=-1, source=0x101 }
W/ViewRootImpl( 2076): Cancelling event due to no window focus: KeyEvent { action=ACTION_UP, keyCode=KEYCODE_DPAD_RIGHT, scanCode=0, metaState=0, flags=0x28, repeatCount=0, eventTime=2893032, downTime=2893032, deviceId=-1, source=0x101 }
W/ViewRootImpl( 2076): Cancelling event due to no window focus: KeyEvent { action=ACTION_UP, keyCode=KEYCODE_DPAD_RIGHT, scanCode=0, metaState=0, flags=0x28, repeatCount=0, eventTime=2893032, downTime=2893032, deviceId=-1, source=0x101 }
W/ViewRootImpl( 2076): Cancelling event due to no window focus: KeyEvent { action=ACTION_UP, keyCode=KEYCODE_DPAD_RIGHT, scanCode=0, metaState=0, flags=0x28, repeatCount=0, eventTime=2893032, downTime=2893032, deviceId=-1, source=0x101 }
W/InputMethodManagerService(  738): Window already focused, ignoring focus gain of: com.android.internal.view.IInputMethodClient$Stub$Proxy@19cf4785 attribute=null, token = android.os.BinderProxy@31acd12d
I/AppiumUnicodeIME(  916): onKeyDown (keyCode='179', event.keyCode='179', metaState='0')
I/AppiumUnicodeIME(  916): onKeyUp (keyCode='179', event.keyCode='179', metaState='0')
I/AppiumUnicodeIME(  916): onKeyDown (keyCode='22', event.keyCode='22', metaState='0')
I/AppiumUnicodeIME(  916): onKeyUp (keyCode='22', event.keyCode='22', metaState='0')
I/AppiumUnicodeIME(  916): onKeyDown (keyCode='22', event.keyCode='22', metaState='0')
I/AppiumUnicodeIME(  916): onKeyUp (keyCode='22', event.keyCode='22', metaState='0')
I/AppiumUnicodeIME(  916): onKeyDown (keyCode='22', event.keyCode='22', metaState='0')
I/AppiumUnicodeIME(  916): onKeyUp (keyCode='22', event.keyCode='22', metaState='0')
I/AppiumUnicodeIME(  916): onKeyDown (keyCode='20', event.keyCode='20', metaState='0')
I/AppiumUnicodeIME(  916): onKeyUp (keyCode='20', event.keyCode='20', metaState='0')
I/ActivityManager(  738): START u0 {act=android.intent.action.MAIN cat=[android.intent.category.LAUNCHER] flg=0x10200000 cmp=com.zzl.falcon.internal/com.squareup.leakcanary.internal.DisplayLeakActivity} from uid 0 on display 0
I/AppiumUnicodeIME(  916): onKeyDown (keyCode='19', event.keyCode='19', metaState='0')
W/EGL_emulation(  861): eglSurfaceAttrib not implemented
W/OpenGLRenderer(  861): Failed to set EGL_SWAP_BEHAVIOR on surface 0xe201fc80, error=EGL_SUCCESS
W/AudioTrack(  738): AUDIO_OUTPUT_FLAG_FAST denied by client
I/AppiumUnicodeIME(  916): onKeyUp (keyCode='19', event.keyCode='19', metaState='0')
I/AppiumUnicodeIME(  916): onKeyDown (keyCode='20', event.keyCode='20', metaState='0')
W/AudioTrack(  738): AUDIO_OUTPUT_FLAG_FAST denied by client
W/AudioTrack(  738): AUDIO_OUTPUT_FLAG_FAST denied by client
I/AppiumUnicodeIME(  916): onKeyUp (keyCode='20', event.keyCode='20', metaState='0')
I/AppiumUnicodeIME(  916): onKeyDown (keyCode='153', event.keyCode='153', metaState='0')
V/WindowManager(  738): Adding window Window{27106e0b u0 PopupWindow:2bfdeabe} at 5 of 11 (after Window{41ef662 u0 com.zzl.falcon.internal/com.squareup.leakcanary.internal.DisplayLeakActivity})
I/AppiumUnicodeIME(  916): onKeyUp (keyCode='153', event.keyCode='153', metaState='0')
I/AppiumUnicodeIME(  916): onKeyDown (keyCode='92', event.keyCode='92', metaState='0')
W/ViewRootImpl( 2076): Cancelling event due to no window focus: KeyEvent { action=ACTION_UP, keyCode=KEYCODE_NUMPAD_9, scanCode=0, metaState=0, flags=0x28, repeatCount=0, eventTime=2893246, downTime=2893246, deviceId=-1, source=0x101 }
W/ViewRootImpl( 2076): Cancelling event due to no window focus: KeyEvent { action=ACTION_UP, keyCode=KEYCODE_NUMPAD_9, scanCode=0, metaState=0, flags=0x28, repeatCount=0, eventTime=2893246, downTime=2893246, deviceId=-1, source=0x101 }
W/ViewRootImpl( 2076): Cancelling event due to no window focus: KeyEvent { action=ACTION_UP, keyCode=KEYCODE_NUMPAD_9, scanCode=0, metaState=0, flags=0x28, repeatCount=0, eventTime=2893246, downTime=2893246, deviceId=-1, source=0x101 }
W/ViewRootImpl( 2076): Cancelling event due to no window focus: KeyEvent { action=ACTION_UP, keyCode=KEYCODE_NUMPAD_9, scanCode=0, metaState=0, flags=0x28, repeatCount=0, eventTime=2893246, downTime=2893246, deviceId=-1, source=0x101 }
W/ViewRootImpl( 2076): Cancelling event due to no window focus: KeyEvent { action=ACTION_UP, keyCode=KEYCODE_NUMPAD_9, scanCode=0, metaState=0, flags=0x28, repeatCount=0, eventTime=2893246, downTime=2893246, deviceId=-1, source=0x101 }
W/ViewRootImpl( 2076): Cancelling event due to no window focus: KeyEvent { action=ACTION_UP, keyCode=KEYCODE_NUMPAD_9, scanCode=0, metaState=0, flags=0x28, repeatCount=0, eventTime=2893246, downTime=2893246, deviceId=-1, source=0x101 }
W/ViewRootImpl( 2076): Cancelling event due to no window focus: KeyEvent { action=ACTION_UP, keyCode=KEYCODE_NUMPAD_9, scanCode=0, metaState=0, flags=0x28, repeatCount=0, eventTime=2893246, downTime=2893246, deviceId=-1, source=0x101 }
W/ViewRootImpl( 2076): Cancelling event due to no window focus: KeyEvent { action=ACTION_UP, keyCode=KEYCODE_NUMPAD_9, scanCode=0, metaState=0, flags=0x28, repeatCount=0, eventTime=2893246, downTime=2893246, deviceId=-1, source=0x101 }
W/ViewRootImpl( 2076): Cancelling event due to no window focus: KeyEvent { action=ACTION_UP, keyCode=KEYCODE_NUMPAD_9, scanCode=0, metaState=0, flags=0x28, repeatCount=0, eventTime=2893246, downTime=2893246, deviceId=-1, source=0x101 }
W/ViewRootImpl( 2076): Dropping event due to no window focus: KeyEvent { action=ACTION_DOWN, keyCode=KEYCODE_MENU, scanCode=0, metaState=0, flags=0x8, repeatCount=0, eventTime=2893288, downTime=2893288, deviceId=-1, source=0x101 }
W/ViewRootImpl( 2076): Cancelling event due to no window focus: KeyEvent { action=ACTION_UP, keyCode=KEYCODE_MENU, scanCode=0, metaState=0, flags=0x28, repeatCount=0, eventTime=2893290, downTime=2893290, deviceId=-1, source=0x101 }
W/ViewRootImpl( 2076): Cancelling event due to no window focus: KeyEvent { action=ACTION_UP, keyCode=KEYCODE_MENU, scanCode=0, metaState=0, flags=0x28, repeatCount=0, eventTime=2893290, downTime=2893290, deviceId=-1, source=0x101 }
W/ViewRootImpl( 2076): Cancelling event due to no window focus: KeyEvent { action=ACTION_UP, keyCode=KEYCODE_MENU, scanCode=0, metaState=0, flags=0x28, repeatCount=0, eventTime=2893290, downTime=2893290, deviceId=-1, source=0x101 }
W/ViewRootImpl( 2076): Cancelling event due to no window focus: KeyEvent { action=ACTION_UP, keyCode=KEYCODE_MENU, scanCode=0, metaState=0, flags=0x28, repeatCount=0, eventTime=2893290, downTime=2893290, deviceId=-1, source=0x101 }
W/ViewRootImpl( 2076): Cancelling event due to no window focus: KeyEvent { action=ACTION_UP, keyCode=KEYCODE_MENU, scanCode=0, metaState=0, flags=0x28, repeatCount=0, eventTime=2893290, downTime=2893290, deviceId=-1, source=0x101 }
W/ViewRootImpl( 2076): Cancelling event due to no window focus: KeyEvent { action=ACTION_UP, keyCode=KEYCODE_MENU, scanCode=0, metaState=0, flags=0x28, repeatCount=0, eventTime=2893290, downTime=2893290, deviceId=-1, source=0x101 }
W/ViewRootImpl( 2076): Cancelling event due to no window focus: KeyEvent { action=ACTION_UP, keyCode=KEYCODE_MENU, scanCode=0, metaState=0, flags=0x28, repeatCount=0, eventTime=2893290, downTime=2893290, deviceId=-1, source=0x101 }
W/ViewRootImpl( 2076): Cancelling event due to no window focus: KeyEvent { action=ACTION_UP, keyCode=KEYCODE_MENU, scanCode=0, metaState=0, flags=0x28, repeatCount=0, eventTime=2893290, downTime=2893290, deviceId=-1, source=0x101 }
W/ViewRootImpl( 2076): Cancelling event due to no window focus: KeyEvent { action=ACTION_UP, keyCode=KEYCODE_MENU, scanCode=0, metaState=0, flags=0x28, repeatCount=0, eventTime=2893290, downTime=2893290, deviceId=-1, source=0x101 }
W/ViewRootImpl( 2076): Dropping event due to no window focus: KeyEvent { action=ACTION_DOWN, keyCode=KEYCODE_DPAD_RIGHT, scanCode=0, metaState=0, flags=0x8, repeatCount=0, eventTime=2893294, downTime=2893294, deviceId=-1, source=0x101 }
W/ViewRootImpl( 2076): Cancelling event due to no window focus: KeyEvent { action=ACTION_UP, keyCode=KEYCODE_DPAD_RIGHT, scanCode=0, metaState=0, flags=0x28, repeatCount=0, eventTime=2893296, downTime=2893296, deviceId=-1, source=0x101 }
W/ViewRootImpl( 2076): Cancelling event due to no window focus: KeyEvent { action=ACTION_UP, keyCode=KEYCODE_DPAD_RIGHT, scanCode=0, metaState=0, flags=0x28, repeatCount=0, eventTime=2893296, downTime=2893296, deviceId=-1, source=0x101 }
W/ViewRootImpl( 2076): Cancelling event due to no window focus: KeyEvent { action=ACTION_UP, keyCode=KEYCODE_DPAD_RIGHT, scanCode=0, metaState=0, flags=0x28, repeatCount=0, eventTime=2893296, downTime=2893296, deviceId=-1, source=0x101 }
W/ViewRootImpl( 2076): Cancelling event due to no window focus: KeyEvent { action=ACTION_UP, keyCode=KEYCODE_DPAD_RIGHT, scanCode=0, metaState=0, flags=0x28, repeatCount=0, eventTime=2893296, downTime=2893296, deviceId=-1, source=0x101 }
W/ViewRootImpl( 2076): Cancelling event due to no window focus: KeyEvent { action=ACTION_UP, keyCode=KEYCODE_DPAD_RIGHT, scanCode=0, metaState=0, flags=0x28, repeatCount=0, eventTime=2893296, downTime=2893296, deviceId=-1, source=0x101 }
W/ViewRootImpl( 2076): Cancelling event due to no window focus: KeyEvent { action=ACTION_UP, keyCode=KEYCODE_DPAD_RIGHT, scanCode=0, metaState=0, flags=0x28, repeatCount=0, eventTime=2893296, downTime=2893296, deviceId=-1, source=0x101 }
W/ViewRootImpl( 2076): Cancelling event due to no window focus: KeyEvent { action=ACTION_UP, keyCode=KEYCODE_DPAD_RIGHT, scanCode=0, metaState=0, flags=0x28, repeatCount=0, eventTime=2893296, downTime=2893296, deviceId=-1, source=0x101 }
W/ViewRootImpl( 2076): Cancelling event due to no window focus: KeyEvent { action=ACTION_UP, keyCode=KEYCODE_DPAD_RIGHT, scanCode=0, metaState=0, flags=0x28, repeatCount=0, eventTime=2893296, downTime=2893296, deviceId=-1, source=0x101 }
W/ViewRootImpl( 2076): Cancelling event due to no window focus: KeyEvent { action=ACTION_UP, keyCode=KEYCODE_DPAD_RIGHT, scanCode=0, metaState=0, flags=0x28, repeatCount=0, eventTime=2893296, downTime=2893296, deviceId=-1, source=0x101 }
W/ViewRootImpl( 2076): Dropping event due to no window focus: KeyEvent { action=ACTION_DOWN, keyCode=KEYCODE_DPAD_DOWN, scanCode=0, metaState=0, flags=0x8, repeatCount=0, eventTime=2893307, downTime=2893307, deviceId=-1, source=0x101 }
W/EGL_emulation( 2076): eglSurfaceAttrib not implemented
W/OpenGLRenderer( 2076): Failed to set EGL_SWAP_BEHAVIOR on surface 0xf3f717e0, error=EGL_SUCCESS
W/ViewRootImpl( 2076): Cancelling event due to no window focus: KeyEvent { action=ACTION_UP, keyCode=KEYCODE_DPAD_DOWN, scanCode=0, metaState=0, flags=0x28, repeatCount=0, eventTime=2893307, downTime=2893307, deviceId=-1, source=0x101 }
W/ViewRootImpl( 2076): Cancelling event due to no window focus: KeyEvent { action=ACTION_UP, keyCode=KEYCODE_DPAD_DOWN, scanCode=0, metaState=0, flags=0x28, repeatCount=0, eventTime=2893307, downTime=2893307, deviceId=-1, source=0x101 }
W/ViewRootImpl( 2076): Cancelling event due to no window focus: KeyEvent { action=ACTION_UP, keyCode=KEYCODE_DPAD_DOWN, scanCode=0, metaState=0, flags=0x28, repeatCount=0, eventTime=2893307, downTime=2893307, deviceId=-1, source=0x101 }
W/ViewRootImpl( 2076): Cancelling event due to no window focus: KeyEvent { action=ACTION_UP, keyCode=KEYCODE_DPAD_DOWN, scanCode=0, metaState=0, flags=0x28, repeatCount=0, eventTime=2893307, downTime=2893307, deviceId=-1, source=0x101 }
W/ViewRootImpl( 2076): Cancelling event due to no window focus: KeyEvent { action=ACTION_UP, keyCode=KEYCODE_DPAD_DOWN, scanCode=0, metaState=0, flags=0x28, repeatCount=0, eventTime=2893307, downTime=2893307, deviceId=-1, source=0x101 }
W/ViewRootImpl( 2076): Cancelling event due to no window focus: KeyEvent { action=ACTION_UP, keyCode=KEYCODE_DPAD_DOWN, scanCode=0, metaState=0, flags=0x28, repeatCount=0, eventTime=2893307, downTime=2893307, deviceId=-1, source=0x101 }
W/ViewRootImpl( 2076): Cancelling event due to no window focus: KeyEvent { action=ACTION_UP, keyCode=KEYCODE_DPAD_DOWN, scanCode=0, metaState=0, flags=0x28, repeatCount=0, eventTime=2893307, downTime=2893307, deviceId=-1, source=0x101 }
W/ViewRootImpl( 2076): Cancelling event due to no window focus: KeyEvent { action=ACTION_UP, keyCode=KEYCODE_DPAD_DOWN, scanCode=0, metaState=0, flags=0x28, repeatCount=0, eventTime=2893307, downTime=2893307, deviceId=-1, source=0x101 }
W/ViewRootImpl( 2076): Cancelling event due to no window focus: KeyEvent { action=ACTION_UP, keyCode=KEYCODE_DPAD_DOWN, scanCode=0, metaState=0, flags=0x28, repeatCount=0, eventTime=2893307, downTime=2893307, deviceId=-1, source=0x101 }
I/ActivityManager(  738): START u0 {act=android.intent.action.MAIN cat=[android.intent.category.LAUNCHER] flg=0x10200000 cmp=com.zzl.falcon.internal/com.squareup.leakcanary.internal.DisplayLeakActivity} from uid 0 on display 0
W/AudioTrack(  738): AUDIO_OUTPUT_FLAG_FAST denied by client
I/ActivityManager(  738): START u0 {act=android.intent.action.CHOOSER cmp=android/com.android.internal.app.ChooserActivity (has extras)} from uid 10074 on display 0
