W/ViewRootImpl( 5727): Cancelling event due to no window focus: KeyEvent { action=ACTION_UP, keyCode=KEYCODE_DPAD_CENTER, scanCode=0, metaState=0, flags=0x28, repeatCount=0, eventTime=26887904, downTime=26887904, deviceId=-1, source=0x101 }
W/ViewRootImpl( 5727): Cancelling event due to no window focus: KeyEvent { action=ACTION_UP, keyCode=KEYCODE_DPAD_CENTER, scanCode=0, metaState=0, flags=0x28, repeatCount=0, eventTime=26887904, downTime=26887904, deviceId=-1, source=0x101 }
W/ViewRootImpl( 5727): Dropping event due to no window focus: KeyEvent { action=ACTION_DOWN, keyCode=KEYCODE_CALL, scanCode=0, metaState=0, flags=0x8, repeatCount=0, eventTime=26887912, downTime=26887912, deviceId=-1, source=0x101 }
W/ViewRootImpl( 5727): Cancelling event due to no window focus: KeyEvent { action=ACTION_UP, keyCode=KEYCODE_CALL, scanCode=0, metaState=0, flags=0x28, repeatCount=0, eventTime=26887929, downTime=26887929, deviceId=-1, source=0x101 }
W/ViewRootImpl( 5727): Cancelling event due to no window focus: KeyEvent { action=ACTION_UP, keyCode=KEYCODE_CALL, scanCode=0, metaState=0, flags=0x28, repeatCount=0, eventTime=26887929, downTime=26887929, deviceId=-1, source=0x101 }
W/ViewRootImpl( 5727): Cancelling event due to no window focus: KeyEvent { action=ACTION_UP, keyCode=KEYCODE_CALL, scanCode=0, metaState=0, flags=0x28, repeatCount=0, eventTime=26887929, downTime=26887929, deviceId=-1, source=0x101 }
W/ViewRootImpl( 5727): Cancelling event due to no window focus: KeyEvent { action=ACTION_UP, keyCode=KEYCODE_CALL, scanCode=0, metaState=0, flags=0x28, repeatCount=0, eventTime=26887929, downTime=26887929, deviceId=-1, source=0x101 }
W/ViewRootImpl( 5727): Cancelling event due to no window focus: KeyEvent { action=ACTION_UP, keyCode=KEYCODE_CALL, scanCode=0, metaState=0, flags=0x28, repeatCount=0, eventTime=26887929, downTime=26887929, deviceId=-1, source=0x101 }
W/ViewRootImpl( 5727): Cancelling event due to no window focus: KeyEvent { action=ACTION_UP, keyCode=KEYCODE_CALL, scanCode=0, metaState=0, flags=0x28, repeatCount=0, eventTime=26887929, downTime=26887929, deviceId=-1, source=0x101 }
W/ViewRootImpl( 5727): Cancelling event due to no window focus: KeyEvent { action=ACTION_UP, keyCode=KEYCODE_CALL, scanCode=0, metaState=0, flags=0x28, repeatCount=0, eventTime=26887929, downTime=26887929, deviceId=-1, source=0x101 }
D/OkHttp  ( 5727): <-- 200 OK http://116.236.220.210:8084/appConfig/quitAppConfig?deviceToken= (48ms)
D/OkHttp  ( 5727): Server: Apache-Coyote/1.1
D/OkHttp  ( 5727): Set-Cookie: JSESSIONID=C9A03B8D9CDCD6E89540C1594BA0602F; Path=/; HttpOnly
D/OkHttp  ( 5727): Content-Type: application/json;charset=utf-8
D/OkHttp  ( 5727): Content-Length: 20
D/OkHttp  ( 5727): Date: Fri, 01 Dec 2017 08:15:14 GMT
D/OkHttp  ( 5727): {"responseCode":"1"}
D/OkHttp  ( 5727): <-- END HTTP (20-byte body)
W/ViewRootImpl( 5727): Dropping event due to no window focus: KeyEvent { action=ACTION_DOWN, keyCode=KEYCODE_DPAD_LEFT, scanCode=0, metaState=0, flags=0x8, repeatCount=0, eventTime=26887932, downTime=26887932, deviceId=-1, source=0x101 }
W/ViewRootImpl( 5727): Cancelling event due to no window focus: KeyEvent { action=ACTION_UP, keyCode=KEYCODE_DPAD_LEFT, scanCode=0, metaState=0, flags=0x28, repeatCount=0, eventTime=26887937, downTime=26887937, deviceId=-1, source=0x101 }
W/ViewRootImpl( 5727): Cancelling event due to no window focus: KeyEvent { action=ACTION_UP, keyCode=KEYCODE_DPAD_LEFT, scanCode=0, metaState=0, flags=0x28, repeatCount=0, eventTime=26887937, downTime=26887937, deviceId=-1, source=0x101 }
W/ViewRootImpl( 5727): Cancelling event due to no window focus: KeyEvent { action=ACTION_UP, keyCode=KEYCODE_DPAD_LEFT, scanCode=0, metaState=0, flags=0x28, repeatCount=0, eventTime=26887937, downTime=26887937, deviceId=-1, source=0x101 }
W/ViewRootImpl( 5727): Cancelling event due to no window focus: KeyEvent { action=ACTION_UP, keyCode=KEYCODE_DPAD_LEFT, scanCode=0, metaState=0, flags=0x28, repeatCount=0, eventTime=26887937, downTime=26887937, deviceId=-1, source=0x101 }
W/ViewRootImpl( 5727): Cancelling event due to no window focus: KeyEvent { action=ACTION_UP, keyCode=KEYCODE_DPAD_LEFT, scanCode=0, metaState=0, flags=0x28, repeatCount=0, eventTime=26887937, downTime=26887937, deviceId=-1, source=0x101 }
W/ViewRootImpl( 5727): Cancelling event due to no window focus: KeyEvent { action=ACTION_UP, keyCode=KEYCODE_DPAD_LEFT, scanCode=0, metaState=0, flags=0x28, repeatCount=0, eventTime=26887937, downTime=26887937, deviceId=-1, source=0x101 }
W/ViewRootImpl( 5727): Cancelling event due to no window focus: KeyEvent { action=ACTION_UP, keyCode=KEYCODE_DPAD_LEFT, scanCode=0, metaState=0, flags=0x28, repeatCount=0, eventTime=26887937, downTime=26887937, deviceId=-1, source=0x101 }
W/ViewRootImpl( 5727): Cancelling event due to no window focus: KeyEvent { action=ACTION_UP, keyCode=KEYCODE_DPAD_LEFT, scanCode=0, metaState=0, flags=0x28, repeatCount=0, eventTime=26887937, downTime=26887937, deviceId=-1, source=0x101 }
W/ViewRootImpl( 5727): Cancelling event due to no window focus: KeyEvent { action=ACTION_UP, keyCode=KEYCODE_DPAD_LEFT, scanCode=0, metaState=0, flags=0x28, repeatCount=0, eventTime=26887937, downTime=26887937, deviceId=-1, source=0x101 }
W/ViewRootImpl( 5727): Dropping event due to no window focus: KeyEvent { action=ACTION_DOWN, keyCode=KEYCODE_DPAD_LEFT, scanCode=0, metaState=0, flags=0x8, repeatCount=0, eventTime=26887939, downTime=26887939, deviceId=-1, source=0x101 }
W/ViewRootImpl( 5727): Cancelling event due to no window focus: KeyEvent { action=ACTION_UP, keyCode=KEYCODE_DPAD_LEFT, scanCode=0, metaState=0, flags=0x28, repeatCount=0, eventTime=26887942, downTime=26887942, deviceId=-1, source=0x101 }
W/ViewRootImpl( 5727): Cancelling event due to no window focus: KeyEvent { action=ACTION_UP, keyCode=KEYCODE_DPAD_LEFT, scanCode=0, metaState=0, flags=0x28, repeatCount=0, eventTime=26887942, downTime=26887942, deviceId=-1, source=0x101 }
W/ViewRootImpl( 5727): Cancelling event due to no window focus: KeyEvent { action=ACTION_UP, keyCode=KEYCODE_DPAD_LEFT, scanCode=0, metaState=0, flags=0x28, repeatCount=0, eventTime=26887942, downTime=26887942, deviceId=-1, source=0x101 }
W/ViewRootImpl( 5727): Cancelling event due to no window focus: KeyEvent { action=ACTION_UP, keyCode=KEYCODE_DPAD_LEFT, scanCode=0, metaState=0, flags=0x28, repeatCount=0, eventTime=26887942, downTime=26887942, deviceId=-1, source=0x101 }
W/ViewRootImpl( 5727): Cancelling event due to no window focus: KeyEvent { action=ACTION_UP, keyCode=KEYCODE_DPAD_LEFT, scanCode=0, metaState=0, flags=0x28, repeatCount=0, eventTime=26887942, downTime=26887942, deviceId=-1, source=0x101 }
W/ViewRootImpl( 5727): Cancelling event due to no window focus: KeyEvent { action=ACTION_UP, keyCode=KEYCODE_DPAD_LEFT, scanCode=0, metaState=0, flags=0x28, repeatCount=0, eventTime=26887942, downTime=26887942, deviceId=-1, source=0x101 }
W/ViewRootImpl( 5727): Cancelling event due to no window focus: KeyEvent { action=ACTION_UP, keyCode=KEYCODE_DPAD_LEFT, scanCode=0, metaState=0, flags=0x28, repeatCount=0, eventTime=26887942, downTime=26887942, deviceId=-1, source=0x101 }
W/ViewRootImpl( 5727): Cancelling event due to no window focus: KeyEvent { action=ACTION_UP, keyCode=KEYCODE_DPAD_LEFT, scanCode=0, metaState=0, flags=0x28, repeatCount=0, eventTime=26887942, downTime=26887942, deviceId=-1, source=0x101 }
W/ViewRootImpl( 5727): Cancelling event due to no window focus: KeyEvent { action=ACTION_UP, keyCode=KEYCODE_DPAD_LEFT, scanCode=0, metaState=0, flags=0x28, repeatCount=0, eventTime=26887942, downTime=26887942, deviceId=-1, source=0x101 }
D/OpenGLRenderer( 5727): endAllStagingAnimators on 0xdf069600 (RippleDrawable) with handle 0xdf004780
W/EGL_emulation( 5727): eglSurfaceAttrib not implemented
W/OpenGLRenderer( 5727): Failed to set EGL_SWAP_BEHAVIOR on surface 0xde6e09a0, error=EGL_SUCCESS
D/NetworkMonitor/NetworkAgentInfo [WIFI () - 100](  595): OfflineState{ when=-2ms what=532488 arg2=1 target=com.android.internal.util.StateMachine$SmHandler }
D/NetworkMonitor/NetworkAgentInfo [WIFI () - 100](  595): DefaultState{ when=-2ms what=532488 arg2=1 target=com.android.internal.util.StateMachine$SmHandler }
D/NetworkMonitor/NetworkAgentInfo [WIFI () - 100](  595): Forcing reevaluation
D/NetworkMonitor/NetworkAgentInfo [WIFI () - 100](  595): EvaluatingState{ when=0 what=532486 arg1=47 target=com.android.internal.util.StateMachine$SmHandler }
D/NetworkMonitor/NetworkAgentInfo [WIFI () - 100](  595): Checking http://connectivitycheck.android.com/generate_204 on "WiredSSID"
W/ViewRootImpl( 5727): Dropping event due to no window focus: KeyEvent { action=ACTION_DOWN, keyCode=KEYCODE_DPAD_RIGHT, scanCode=0, metaState=0, flags=0x8, repeatCount=0, eventTime=26888373, downTime=26888373, deviceId=-1, source=0x101 }
W/ViewRootImpl( 5727): Cancelling event due to no window focus: KeyEvent { action=ACTION_UP, keyCode=KEYCODE_DPAD_RIGHT, scanCode=0, metaState=0, flags=0x28, repeatCount=0, eventTime=26888400, downTime=26888400, deviceId=-1, source=0x101 }
W/ViewRootImpl( 5727): Cancelling event due to no window focus: KeyEvent { action=ACTION_UP, keyCode=KEYCODE_DPAD_RIGHT, scanCode=0, metaState=0, flags=0x28, repeatCount=0, eventTime=26888400, downTime=26888400, deviceId=-1, source=0x101 }
W/ViewRootImpl( 5727): Cancelling event due to no window focus: KeyEvent { action=ACTION_UP, keyCode=KEYCODE_DPAD_RIGHT, scanCode=0, metaState=0, flags=0x28, repeatCount=0, eventTime=26888400, downTime=26888400, deviceId=-1, source=0x101 }
I/AppiumUnicodeIME(  756): onKeyUp (keyCode='22', event.keyCode='22', metaState='0')
W/ViewRootImpl( 5727): Cancelling event due to no window focus: KeyEvent { action=ACTION_UP, keyCode=KEYCODE_DPAD_RIGHT, scanCode=0, metaState=0, flags=0x28, repeatCount=0, eventTime=26888400, downTime=26888400, deviceId=-1, source=0x101 }
W/ViewRootImpl( 5727): Cancelling event due to no window focus: KeyEvent { action=ACTION_UP, keyCode=KEYCODE_DPAD_RIGHT, scanCode=0, metaState=0, flags=0x28, repeatCount=0, eventTime=26888400, downTime=26888400, deviceId=-1, source=0x101 }
W/ViewRootImpl( 5727): Cancelling event due to no window focus: KeyEvent { action=ACTION_UP, keyCode=KEYCODE_DPAD_RIGHT, scanCode=0, metaState=0, flags=0x28, repeatCount=0, eventTime=26888400, downTime=26888400, deviceId=-1, source=0x101 }
W/ViewRootImpl( 5727): Cancelling event due to no window focus: KeyEvent { action=ACTION_UP, keyCode=KEYCODE_DPAD_RIGHT, scanCode=0, metaState=0, flags=0x28, repeatCount=0, eventTime=26888400, downTime=26888400, deviceId=-1, source=0x101 }
W/ViewRootImpl( 5727): Cancelling event due to no window focus: KeyEvent { action=ACTION_UP, keyCode=KEYCODE_DPAD_RIGHT, scanCode=0, metaState=0, flags=0x28, repeatCount=0, eventTime=26888400, downTime=26888400, deviceId=-1, source=0x101 }
W/ViewRootImpl( 5727): Cancelling event due to no window focus: KeyEvent { action=ACTION_UP, keyCode=KEYCODE_DPAD_RIGHT, scanCode=0, metaState=0, flags=0x28, repeatCount=0, eventTime=26888400, downTime=26888400, deviceId=-1, source=0x101 }
W/ViewRootImpl( 5727): Dropping event due to no window focus: KeyEvent { action=ACTION_DOWN, keyCode=KEYCODE_MENU, scanCode=0, metaState=0, flags=0x8, repeatCount=0, eventTime=26888402, downTime=26888402, deviceId=-1, source=0x101 }
W/ViewRootImpl( 5727): Cancelling event due to no window focus: KeyEvent { action=ACTION_UP, keyCode=KEYCODE_MENU, scanCode=0, metaState=0, flags=0x28, repeatCount=0, eventTime=26888412, downTime=26888412, deviceId=-1, source=0x101 }
W/ViewRootImpl( 5727): Cancelling event due to no window focus: KeyEvent { action=ACTION_UP, keyCode=KEYCODE_MENU, scanCode=0, metaState=0, flags=0x28, repeatCount=0, eventTime=26888412, downTime=26888412, deviceId=-1, source=0x101 }
W/ViewRootImpl( 5727): Cancelling event due to no window focus: KeyEvent { action=ACTION_UP, keyCode=KEYCODE_MENU, scanCode=0, metaState=0, flags=0x28, repeatCount=0, eventTime=26888412, downTime=26888412, deviceId=-1, source=0x101 }
I/AppiumUnicodeIME(  756): onKeyUp (keyCode='82', event.keyCode='82', metaState='0')
W/ViewRootImpl( 5727): Cancelling event due to no window focus: KeyEvent { action=ACTION_UP, keyCode=KEYCODE_MENU, scanCode=0, metaState=0, flags=0x28, repeatCount=0, eventTime=26888412, downTime=26888412, deviceId=-1, source=0x101 }
W/ViewRootImpl( 5727): Cancelling event due to no window focus: KeyEvent { action=ACTION_UP, keyCode=KEYCODE_MENU, scanCode=0, metaState=0, flags=0x28, repeatCount=0, eventTime=26888412, downTime=26888412, deviceId=-1, source=0x101 }
W/ViewRootImpl( 5727): Cancelling event due to no window focus: KeyEvent { action=ACTION_UP, keyCode=KEYCODE_MENU, scanCode=0, metaState=0, flags=0x28, repeatCount=0, eventTime=26888412, downTime=26888412, deviceId=-1, source=0x101 }
W/AudioTrack(  595): AUDIO_OUTPUT_FLAG_FAST denied by client
W/ViewRootImpl( 5727): Dropping event due to no window focus: KeyEvent { action=ACTION_DOWN, keyCode=KEYCODE_DPAD_UP, scanCode=0, metaState=0, flags=0x8, repeatCount=0, eventTime=26888419, downTime=26888419, deviceId=-1, source=0x101 }
W/ViewRootImpl( 5727): Cancelling event due to no window focus: KeyEvent { action=ACTION_UP, keyCode=KEYCODE_DPAD_UP, scanCode=0, metaState=0, flags=0x28, repeatCount=0, eventTime=26888421, downTime=26888421, deviceId=-1, source=0x101 }
W/ViewRootImpl( 5727): Cancelling event due to no window focus: KeyEvent { action=ACTION_UP, keyCode=KEYCODE_DPAD_UP, scanCode=0, metaState=0, flags=0x28, repeatCount=0, eventTime=26888421, downTime=26888421, deviceId=-1, source=0x101 }
W/ViewRootImpl( 5727): Cancelling event due to no window focus: KeyEvent { action=ACTION_UP, keyCode=KEYCODE_DPAD_UP, scanCode=0, metaState=0, flags=0x28, repeatCount=0, eventTime=26888421, downTime=26888421, deviceId=-1, source=0x101 }
I/AppiumUnicodeIME(  756): onKeyUp (keyCode='19', event.keyCode='19', metaState='0')
W/ViewRootImpl( 5727): Cancelling event due to no window focus: KeyEvent { action=ACTION_UP, keyCode=KEYCODE_DPAD_UP, scanCode=0, metaState=0, flags=0x28, repeatCount=0, eventTime=26888421, downTime=26888421, deviceId=-1, source=0x101 }
W/ViewRootImpl( 5727): Cancelling event due to no window focus: KeyEvent { action=ACTION_UP, keyCode=KEYCODE_DPAD_UP, scanCode=0, metaState=0, flags=0x28, repeatCount=0, eventTime=26888421, downTime=26888421, deviceId=-1, source=0x101 }
W/ViewRootImpl( 5727): Cancelling event due to no window focus: KeyEvent { action=ACTION_UP, keyCode=KEYCODE_DPAD_UP, scanCode=0, metaState=0, flags=0x28, repeatCount=0, eventTime=26888421, downTime=26888421, deviceId=-1, source=0x101 }
W/ViewRootImpl( 5727): Cancelling event due to no window focus: KeyEvent { action=ACTION_UP, keyCode=KEYCODE_DPAD_UP, scanCode=0, metaState=0, flags=0x28, repeatCount=0, eventTime=26888421, downTime=26888421, deviceId=-1, source=0x101 }
W/ViewRootImpl( 5727): Cancelling event due to no window focus: KeyEvent { action=ACTION_UP, keyCode=KEYCODE_DPAD_UP, scanCode=0, metaState=0, flags=0x28, repeatCount=0, eventTime=26888421, downTime=26888421, deviceId=-1, source=0x101 }
W/ViewRootImpl( 5727): Cancelling event due to no window focus: KeyEvent { action=ACTION_UP, keyCode=KEYCODE_DPAD_UP, scanCode=0, metaState=0, flags=0x28, repeatCount=0, eventTime=26888421, downTime=26888421, deviceId=-1, source=0x101 }
I/ActivityManager(  595): START u0 {cmp=com.zzl.falcon.internal/com.zzl.falcon.setting.AboutBellActivity} from uid 10099 on display 0
W/AudioTrack(  595): AUDIO_OUTPUT_FLAG_FAST denied by client
V/WindowManager(  595): addAppToken: AppWindowToken{3926b342 token=Token{35fbf58d ActivityRecord{1c2cf624 u0 com.zzl.falcon.internal/com.zzl.falcon.setting.AboutBellActivity t183}}} to stack=1 task=183 at 1
W/ViewRootImpl( 5727): Dropping event due to no window focus: KeyEvent { action=ACTION_DOWN, keyCode=KEYCODE_SOFT_LEFT, scanCode=0, metaState=0, flags=0x8, repeatCount=0, eventTime=26888440, downTime=26888440, deviceId=-1, source=0x101 }
W/ViewRootImpl( 5727): Cancelling event due to no window focus: KeyEvent { action=ACTION_UP, keyCode=KEYCODE_SOFT_LEFT, scanCode=0, metaState=0, flags=0x28, repeatCount=0, eventTime=26888461, downTime=26888440, deviceId=-1, source=0x101 }
W/ViewRootImpl( 5727): Cancelling event due to no window focus: KeyEvent { action=ACTION_UP, keyCode=KEYCODE_SOFT_LEFT, scanCode=0, metaState=0, flags=0x28, repeatCount=0, eventTime=26888461, downTime=26888440, deviceId=-1, source=0x101 }
W/ViewRootImpl( 5727): Cancelling event due to no window focus: KeyEvent { action=ACTION_UP, keyCode=KEYCODE_SOFT_LEFT, scanCode=0, metaState=0, flags=0x28, repeatCount=0, eventTime=26888461, downTime=26888440, deviceId=-1, source=0x101 }
I/AppiumUnicodeIME(  756): onKeyUp (keyCode='1', event.keyCode='1', metaState='0')
W/ViewRootImpl( 5727): Cancelling event due to no window focus: KeyEvent { action=ACTION_UP, keyCode=KEYCODE_SOFT_LEFT, scanCode=0, metaState=0, flags=0x28, repeatCount=0, eventTime=26888461, downTime=26888440, deviceId=-1, source=0x101 }
W/ViewRootImpl( 5727): Cancelling event due to no window focus: KeyEvent { action=ACTION_UP, keyCode=KEYCODE_SOFT_LEFT, scanCode=0, metaState=0, flags=0x28, repeatCount=0, eventTime=26888461, downTime=26888440, deviceId=-1, source=0x101 }
W/ViewRootImpl( 5727): Cancelling event due to no window focus: KeyEvent { action=ACTION_UP, keyCode=KEYCODE_SOFT_LEFT, scanCode=0, metaState=0, flags=0x28, repeatCount=0, eventTime=26888461, downTime=26888440, deviceId=-1, source=0x101 }
W/ViewRootImpl( 5727): Cancelling event due to no window focus: KeyEvent { action=ACTION_UP, keyCode=KEYCODE_SOFT_LEFT, scanCode=0, metaState=0, flags=0x28, repeatCount=0, eventTime=26888461, downTime=26888440, deviceId=-1, source=0x101 }
W/ViewRootImpl( 5727): Cancelling event due to no window focus: KeyEvent { action=ACTION_UP, keyCode=KEYCODE_SOFT_LEFT, scanCode=0, metaState=0, flags=0x28, repeatCount=0, eventTime=26888461, downTime=26888440, deviceId=-1, source=0x101 }
W/ViewRootImpl( 5727): Cancelling event due to no window focus: KeyEvent { action=ACTION_UP, keyCode=KEYCODE_SOFT_LEFT, scanCode=0, metaState=0, flags=0x28, repeatCount=0, eventTime=26888461, downTime=26888440, deviceId=-1, source=0x101 }
W/InputMethodManagerService(  595): Window already focused, ignoring focus gain of: com.android.internal.view.IInputMethodClient$Stub$Proxy@7249f53 attribute=android.view.inputmethod.EditorInfo@555090, token = android.os.BinderProxy@3af76a1e
I/AppiumUnicodeIME(  756): onFinishInput
I/AppiumUnicodeIME(  756): onStartInput
D/ForegroundCallbacks( 5727): still foreground
V/WindowManager(  595): Adding window Window{2470c18e u0 com.zzl.falcon.internal/com.zzl.falcon.setting.AboutBellActivity} at 5 of 10 (after Window{2ee182ff u0 com.zzl.falcon.internal/com.zzl.falcon.MainActivity})
E/com.umeng.message.UTrack( 5727): RegistrationId is empty
E/com.umeng.message.UTrack( 5727): RegistrationId is empty
W/EGL_emulation( 5727): eglSurfaceAttrib not implemented
W/OpenGLRenderer( 5727): Failed to set EGL_SWAP_BEHAVIOR on surface 0xde6e2e80, error=EGL_SUCCESS
W/ViewRootImpl( 5727): Cancelling event due to no window focus: KeyEvent { action=ACTION_UP, keyCode=KEYCODE_SOFT_LEFT, scanCode=0, metaState=0, flags=0x28, repeatCount=0, eventTime=26888450, downTime=26888450, deviceId=-1, source=0x101 }
W/ViewRootImpl( 5727): Cancelling event due to no window focus: KeyEvent { action=ACTION_UP, keyCode=KEYCODE_SOFT_LEFT, scanCode=0, metaState=0, flags=0x28, repeatCount=0, eventTime=26888450, downTime=26888450, deviceId=-1, source=0x101 }
W/ViewRootImpl( 5727): Cancelling event due to no window focus: KeyEvent { action=ACTION_UP, keyCode=KEYCODE_SOFT_LEFT, scanCode=0, metaState=0, flags=0x28, repeatCount=0, eventTime=26888450, downTime=26888450, deviceId=-1, source=0x101 }
W/ViewRootImpl( 5727): Cancelling event due to no window focus: KeyEvent { action=ACTION_UP, keyCode=KEYCODE_SOFT_LEFT, scanCode=0, metaState=0, flags=0x28, repeatCount=0, eventTime=26888450, downTime=26888450, deviceId=-1, source=0x101 }
W/ViewRootImpl( 5727): Cancelling event due to no window focus: KeyEvent { action=ACTION_UP, keyCode=KEYCODE_SOFT_LEFT, scanCode=0, metaState=0, flags=0x28, repeatCount=0, eventTime=26888450, downTime=26888450, deviceId=-1, source=0x101 }
W/ViewRootImpl( 5727): Cancelling event due to no window focus: KeyEvent { action=ACTION_UP, keyCode=KEYCODE_SOFT_LEFT, scanCode=0, metaState=0, flags=0x28, repeatCount=0, eventTime=26888450, downTime=26888450, deviceId=-1, source=0x101 }
W/ViewRootImpl( 5727): Cancelling event due to no window focus: KeyEvent { action=ACTION_UP, keyCode=KEYCODE_SOFT_LEFT, scanCode=0, metaState=0, flags=0x28, repeatCount=0, eventTime=26888450, downTime=26888450, deviceId=-1, source=0x101 }
W/ViewRootImpl( 5727): Cancelling event due to no window focus: KeyEvent { action=ACTION_UP, keyCode=KEYCODE_SOFT_LEFT, scanCode=0, metaState=0, flags=0x28, repeatCount=0, eventTime=26888450, downTime=26888450, deviceId=-1, source=0x101 }
W/ViewRootImpl( 5727): Cancelling event due to no window focus: KeyEvent { action=ACTION_UP, keyCode=KEYCODE_SOFT_LEFT, scanCode=0, metaState=0, flags=0x28, repeatCount=0, eventTime=26888450, downTime=26888450, deviceId=-1, source=0x101 }
W/ViewRootImpl( 5727): Dropping event due to no window focus: KeyEvent { action=ACTION_DOWN, keyCode=KEYCODE_DPAD_RIGHT, scanCode=0, metaState=0, flags=0x8, repeatCount=0, eventTime=26888733, downTime=26888733, deviceId=-1, source=0x101 }
W/ViewRootImpl( 5727): Cancelling event due to no window focus: KeyEvent { action=ACTION_UP, keyCode=KEYCODE_DPAD_RIGHT, scanCode=0, metaState=0, flags=0x28, repeatCount=0, eventTime=26888794, downTime=26888794, deviceId=-1, source=0x101 }
W/ViewRootImpl( 5727): Cancelling event due to no window focus: KeyEvent { action=ACTION_UP, keyCode=KEYCODE_DPAD_RIGHT, scanCode=0, metaState=0, flags=0x28, repeatCount=0, eventTime=26888794, downTime=26888794, deviceId=-1, source=0x101 }
W/ViewRootImpl( 5727): Cancelling event due to no window focus: KeyEvent { action=ACTION_UP, keyCode=KEYCODE_DPAD_RIGHT, scanCode=0, metaState=0, flags=0x28, repeatCount=0, eventTime=26888794, downTime=26888794, deviceId=-1, source=0x101 }
W/ViewRootImpl( 5727): Cancelling event due to no window focus: KeyEvent { action=ACTION_UP, keyCode=KEYCODE_DPAD_RIGHT, scanCode=0, metaState=0, flags=0x28, repeatCount=0, eventTime=26888794, downTime=26888794, deviceId=-1, source=0x101 }
W/ViewRootImpl( 5727): Cancelling event due to no window focus: KeyEvent { action=ACTION_UP, keyCode=KEYCODE_DPAD_RIGHT, scanCode=0, metaState=0, flags=0x28, repeatCount=0, eventTime=26888794, downTime=26888794, deviceId=-1, source=0x101 }
W/ViewRootImpl( 5727): Cancelling event due to no window focus: KeyEvent { action=ACTION_UP, keyCode=KEYCODE_DPAD_RIGHT, scanCode=0, metaState=0, flags=0x28, repeatCount=0, eventTime=26888794, downTime=26888794, deviceId=-1, source=0x101 }
W/ViewRootImpl( 5727): Cancelling event due to no window focus: KeyEvent { action=ACTION_UP, keyCode=KEYCODE_DPAD_RIGHT, scanCode=0, metaState=0, flags=0x28, repeatCount=0, eventTime=26888794, downTime=26888794, deviceId=-1, source=0x101 }
W/ViewRootImpl( 5727): Cancelling event due to no window focus: KeyEvent { action=ACTION_UP, keyCode=KEYCODE_DPAD_RIGHT, scanCode=0, metaState=0, flags=0x28, repeatCount=0, eventTime=26888794, downTime=26888794, deviceId=-1, source=0x101 }
W/ViewRootImpl( 5727): Cancelling event due to no window focus: KeyEvent { action=ACTION_UP, keyCode=KEYCODE_DPAD_RIGHT, scanCode=0, metaState=0, flags=0x28, repeatCount=0, eventTime=26888794, downTime=26888794, deviceId=-1, source=0x101 }
W/ViewRootImpl( 5727): Dropping event due to no window focus: KeyEvent { action=ACTION_DOWN, keyCode=KEYCODE_DPAD_LEFT, scanCode=0, metaState=0, flags=0x8, repeatCount=0, eventTime=26888817, downTime=26888817, deviceId=-1, source=0x101 }
I/ActivityManager(  595): START u0 {act=android.intent.action.MAIN cat=[android.intent.category.LAUNCHER] flg=0x10200000 cmp=com.zzl.falcon.internal/com.zzl.falcon.EntranceActivity} from uid 0 on display 0
I/AppiumUnicodeIME(  756): onFinishInput
I/AppiumUnicodeIME(  756): onStartInput
I/AppiumUnicodeIME(  756): onKeyUp (keyCode='21', event.keyCode='21', metaState='0')
I/ActivityManager(  595): Displayed com.zzl.falcon.internal/com.zzl.falcon.setting.AboutBellActivity: +383ms
I/AppiumUnicodeIME(  756): onKeyDown (keyCode='82', event.keyCode='82', metaState='0')
I/AppiumUnicodeIME(  756): onKeyUp (keyCode='82', event.keyCode='82', metaState='0')
I/AppiumUnicodeIME(  756): onKeyDown (keyCode='129', event.keyCode='129', metaState='0')
W/AudioTrack(  595): AUDIO_OUTPUT_FLAG_FAST denied by client
I/AppiumUnicodeIME(  756): onKeyUp (keyCode='129', event.keyCode='129', metaState='0')
I/ActivityManager(  595): START u0 {act=android.intent.action.MAIN cat=[android.intent.category.LAUNCHER] flg=0x10200000 cmp=com.zzl.falcon.internal/com.zzl.falcon.EntranceActivity} from uid 0 on display 0
I/AppiumUnicodeIME(  756): onKeyDown (keyCode='166', event.keyCode='166', metaState='0')
I/AppiumUnicodeIME(  756): onKeyUp (keyCode='166', event.keyCode='166', metaState='0')
I/AppiumUnicodeIME(  756): onKeyDown (keyCode='121', event.keyCode='121', metaState='0')
I/AppiumUnicodeIME(  756): onKeyUp (keyCode='121', event.keyCode='121', metaState='0')
I/AppiumUnicodeIME(  756): onKeyDown (keyCode='20', event.keyCode='20', metaState='0')
I/AppiumUnicodeIME(  756): onKeyUp (keyCode='20', event.keyCode='20', metaState='0')
I/AppiumUnicodeIME(  756): onKeyDown (keyCode='20', event.keyCode='20', metaState='0')
I/AppiumUnicodeIME(  756): onKeyUp (keyCode='20', event.keyCode='20', metaState='0')
I/AppiumUnicodeIME(  756): onKeyDown (keyCode='20', event.keyCode='20', metaState='0')
I/AppiumUnicodeIME(  756): onKeyUp (keyCode='20', event.keyCode='20', metaState='0')
I/AppiumUnicodeIME(  756): onKeyDown (keyCode='23', event.keyCode='23', metaState='0')
I/AppiumUnicodeIME(  756): onFinishInput
I/AppiumUnicodeIME(  756): onStartInput
I/AppiumUnicodeIME(  756): onKeyUp (keyCode='23', event.keyCode='23', metaState='0')
I/AppiumUnicodeIME(  756): onKeyDown (keyCode='19', event.keyCode='19', metaState='0')
I/AppiumUnicodeIME(  756): onKeyUp (keyCode='19', event.keyCode='19', metaState='0')
I/AppiumUnicodeIME(  756): onKeyDown (keyCode='22', event.keyCode='22', metaState='0')
I/AppiumUnicodeIME(  756): onKeyUp (keyCode='22', event.keyCode='22', metaState='0')
I/AppiumUnicodeIME(  756): onKeyDown (keyCode='22', event.keyCode='22', metaState='0')
I/AppiumUnicodeIME(  756): onKeyUp (keyCode='22', event.keyCode='22', metaState='0')
I/AppiumUnicodeIME(  756): onKeyDown (keyCode='22', event.keyCode='22', metaState='0')
I/AppiumUnicodeIME(  756): onKeyUp (keyCode='22', event.keyCode='22', metaState='0')
I/AppiumUnicodeIME(  756): onKeyDown (keyCode='21', event.keyCode='21', metaState='0')
I/AppiumUnicodeIME(  756): onKeyUp (keyCode='21', event.keyCode='21', metaState='0')
I/AppiumUnicodeIME(  756): onKeyDown (keyCode='21', event.keyCode='21', metaState='0')
I/AppiumUnicodeIME(  756): onKeyUp (keyCode='21', event.keyCode='21', metaState='0')
I/AppiumUnicodeIME(  756): onKeyDown (keyCode='21', event.keyCode='21', metaState='0')
I/AppiumUnicodeIME(  756): onKeyUp (keyCode='21', event.keyCode='21', metaState='0')
I/AppiumUnicodeIME(  756): onKeyDown (keyCode='21', event.keyCode='21', metaState='0')
I/AppiumUnicodeIME(  756): onKeyUp (keyCode='21', event.keyCode='21', metaState='0')
I/AppiumUnicodeIME(  756): onKeyDown (keyCode='82', event.keyCode='82', metaState='0')
I/AppiumUnicodeIME(  756): onKeyUp (keyCode='82', event.keyCode='82', metaState='0')
I/ActivityManager(  595): START u0 {act=android.intent.action.MAIN cat=[android.intent.category.LAUNCHER] flg=0x10200000 cmp=com.zzl.falcon.internal/com.zzl.falcon.EntranceActivity} from uid 0 on display 0
V/WindowManager(  595): Adding window Window{100834c1 u0 SubPanel:com.zzl.falcon.internal/com.zzl.falcon.setting.AboutBellActivity} at 6 of 11 (after Window{2470c18e u0 com.zzl.falcon.internal/com.zzl.falcon.setting.AboutBellActivity})
W/AudioTrack(  595): AUDIO_OUTPUT_FLAG_FAST denied by client
W/EGL_emulation( 5727): eglSurfaceAttrib not implemented
W/OpenGLRenderer( 5727): Failed to set EGL_SWAP_BEHAVIOR on surface 0xde6dfbe0, error=EGL_SUCCESS
I/AppiumUnicodeIME(  756): onKeyDown (keyCode='19', event.keyCode='19', metaState='0')
I/AppiumUnicodeIME(  756): onKeyDown (keyCode='19', event.keyCode='19', metaState='0')
I/AppiumUnicodeIME(  756): onKeyUp (keyCode='19', event.keyCode='19', metaState='0')
I/AppiumUnicodeIME(  756): onKeyDown (keyCode='19', event.keyCode='19', metaState='0')
I/AppiumUnicodeIME(  756): onKeyUp (keyCode='19', event.keyCode='19', metaState='0')
I/AppiumUnicodeIME(  756): onKeyDown (keyCode='19', event.keyCode='19', metaState='0')
I/AppiumUnicodeIME(  756): onKeyUp (keyCode='19', event.keyCode='19', metaState='0')
I/AppiumUnicodeIME(  756): onKeyDown (keyCode='19', event.keyCode='19', metaState='0')
I/AppiumUnicodeIME(  756): onKeyUp (keyCode='19', event.keyCode='19', metaState='0')
I/art     ( 6211): System.exit called, status: 0
I/AndroidRuntime( 6211): VM exiting with result code 0.
W/InputMethodManagerService(  595): Window already focused, ignoring focus gain of: com.android.internal.view.IInputMethodClient$Stub$Proxy@21d77466 attribute=null, token = android.os.BinderProxy@23f5d89
I/art     (  595): Explicit concurrent mark sweep GC freed 11312(558KB) AllocSpace objects, 1(16KB) LOS objects, 33% free, 12MB/18MB, paused 424us total 18.482ms
I/art     (  717): Explicit concurrent mark sweep GC freed 6232(297KB) AllocSpace objects, 3(648KB) LOS objects, 39% free, 10MB/17MB, paused 456us total 10.228ms
W/AudioFlinger(  353): write blocked for 10048 msecs, 11 delayed writes, thread 0xf5cba000
I/art     (  595): Explicit concurrent mark sweep GC freed 8680(363KB) AllocSpace objects, 1(16KB) LOS objects, 33% free, 12MB/18MB, paused 392us total 17.678ms
D/NetworkMonitor/NetworkAgentInfo [WIFI () - 100](  595): Probably not a portal: exception java.net.SocketTimeoutException: failed to connect to connectivitycheck.android.com/216.58.200.238 (port 80) after 10000ms
D/ConnectivityService(  595): setProvNotificationVisibleIntent: E visible=false networkType=0 extraInfo=null
I/art     (  717): Explicit concurrent mark sweep GC freed 3454(180KB) AllocSpace objects, 0(0B) LOS objects, 39% free, 10MB/17MB, paused 644us total 11.096ms
I/art     (  595): Explicit concurrent mark sweep GC freed 6827(278KB) AllocSpace objects, 0(0B) LOS objects, 33% free, 12MB/18MB, paused 920us total 17.718ms
I/art     (  717): Explicit concurrent mark sweep GC freed 3621(188KB) AllocSpace objects, 0(0B) LOS objects, 39% free, 10MB/17MB, paused 452us total 9.888ms
W/AudioFlinger(  353): write blocked for 10071 msecs, 12 delayed writes, thread 0xf5cba000
I/art     (  595): Explicit concurrent mark sweep GC freed 6513(271KB) AllocSpace objects, 1(16KB) LOS objects, 33% free, 12MB/18MB, paused 866us total 18.305ms
I/art     (  717): Explicit concurrent mark sweep GC freed 3612(188KB) AllocSpace objects, 0(0B) LOS objects, 39% free, 10MB/17MB, paused 1.264ms total 10.793ms
I/art     (  595): Explicit concurrent mark sweep GC freed 6948(280KB) AllocSpace objects, 0(0B) LOS objects, 33% free, 12MB/18MB, paused 742us total 18.303ms
I/art     (  717): Explicit concurrent mark sweep GC freed 3952(201KB) AllocSpace objects, 0(0B) LOS objects, 39% free, 10MB/17MB, paused 378us total 10.088ms
I/art     (  595): Explicit concurrent mark sweep GC freed 6007(238KB) AllocSpace objects, 0(0B) LOS objects, 33% free, 12MB/18MB, paused 517us total 16.777ms
I/art     (  717): Explicit concurrent mark sweep GC freed 3644(189KB) AllocSpace objects, 0(0B) LOS objects, 39% free, 10MB/17MB, paused 758us total 10.930ms
I/art     (  595): Explicit concurrent mark sweep GC freed 6430(256KB) AllocSpace objects, 0(0B) LOS objects, 33% free, 12MB/18MB, paused 513us total 17.678ms
I/art     (  717): Explicit concurrent mark sweep GC freed 3612(188KB) AllocSpace objects, 0(0B) LOS objects, 40% free, 10MB/17MB, paused 460us total 9.485ms
I/art     (  595): Explicit concurrent mark sweep GC freed 6433(256KB) AllocSpace objects, 0(0B) LOS objects, 33% free, 12MB/18MB, paused 603us total 17.791ms
D/awcn.DefaultHeartbeatImpl( 5727): |[seq:umeng:56aadbf567e58e38d4000976.AWCN9_1] heartbeat session:Session@[umeng:56aadbf567e58e38d4000976.AWCN9_1|http2_0rtt_acs]
D/awcn.TnetSpdySession( 5727): |[seq:umeng:56aadbf567e58e38d4000976.AWCN9_1] ping host:https://umengacs.m.taobao.com thread:AWCN Scheduler1
D/awcn.TnetSpdySession( 5727): |[seq:umeng:56aadbf567e58e38d4000976.AWCN9_1] https://umengacs.m.taobao.com submit ping ms:45050 force:true
D/awcn.DefaultHeartbeatImpl( 5727): |[seq:umeng:56aadbf567e58e38d4000976.AWCN9_1] reSchedule session:Session@[umeng:56aadbf567e58e38d4000976.AWCN9_1|http2_0rtt_acs] delay:45050
I/awcn.TnetSpdySession( 5727): |[seq:umeng:56aadbf567e58e38d4000976.AWCN9_1] ping receive Host:https://umengacs.m.taobao.com id:1
I/art     (  717): Explicit concurrent mark sweep GC freed 3621(188KB) AllocSpace objects, 0(0B) LOS objects, 40% free, 10MB/17MB, paused 761us total 11.275ms
I/art     ( 5727): Explicit concurrent mark sweep GC freed 29875(2035KB) AllocSpace objects, 12(192KB) LOS objects, 39% free, 11MB/19MB, paused 941us total 21.011ms
I/art     ( 5727): Explicit concurrent mark sweep GC freed 8200(506KB) AllocSpace objects, 2(24KB) LOS objects, 40% free, 10MB/18MB, paused 496us total 19.515ms
I/art     ( 5727): Explicit concurrent mark sweep GC freed 17(18KB) AllocSpace objects, 1(12KB) LOS objects, 39% free, 10MB/18MB, paused 776us total 15.601ms
I/art     ( 5727): Explicit concurrent mark sweep GC freed 3(96B) AllocSpace objects, 0(0B) LOS objects, 39% free, 10MB/18MB, paused 698us total 15.881ms
I/art     ( 5727): Explicit concurrent mark sweep GC freed 3(96B) AllocSpace objects, 0(0B) LOS objects, 39% free, 10MB/18MB, paused 717us total 14.474ms
I/art     (  595): Explicit concurrent mark sweep GC freed 6869(291KB) AllocSpace objects, 1(16KB) LOS objects, 33% free, 12MB/18MB, paused 432us total 17.924ms
I/art     (  717): Explicit concurrent mark sweep GC freed 3621(188KB) AllocSpace objects, 0(0B) LOS objects, 40% free, 10MB/17MB, paused 441us total 9.669ms
I/art     (  595): Explicit concurrent mark sweep GC freed 5978(236KB) AllocSpace objects, 0(0B) LOS objects, 33% free, 12MB/18MB, paused 587us total 23.695ms
I/art     (  717): Explicit concurrent mark sweep GC freed 3622(188KB) AllocSpace objects, 0(0B) LOS objects, 40% free, 10MB/17MB, paused 678us total 11.171ms
I/art     (  595): Explicit concurrent mark sweep GC freed 6582(263KB) AllocSpace objects, 0(0B) LOS objects, 33% free, 12MB/18MB, paused 880us total 18.088ms
I/art     (  717): Explicit concurrent mark sweep GC freed 3612(188KB) AllocSpace objects, 0(0B) LOS objects, 39% free, 10MB/17MB, paused 312us total 10.291ms
I/art     (  595): Explicit concurrent mark sweep GC freed 6442(256KB) AllocSpace objects, 0(0B) LOS objects, 33% free, 12MB/18MB, paused 791us total 17.534ms
I/art     (  717): Explicit concurrent mark sweep GC freed 3621(188KB) AllocSpace objects, 0(0B) LOS objects, 39% free, 10MB/17MB, paused 327us total 10.033ms
I/art     (  595): Explicit concurrent mark sweep GC freed 7021(302KB) AllocSpace objects, 0(0B) LOS objects, 33% free, 12MB/18MB, paused 501us total 16.811ms
I/art     (  717): Explicit concurrent mark sweep GC freed 3622(188KB) AllocSpace objects, 0(0B) LOS objects, 39% free, 10MB/17MB, paused 1.355ms total 12.252ms
I/art     (  595): Explicit concurrent mark sweep GC freed 6456(258KB) AllocSpace objects, 0(0B) LOS objects, 33% free, 12MB/18MB, paused 968us total 17.329ms
I/art     (  717): Explicit concurrent mark sweep GC freed 3621(188KB) AllocSpace objects, 0(0B) LOS objects, 39% free, 10MB/17MB, paused 472us total 11.781ms
I/art     (  595): Explicit concurrent mark sweep GC freed 5940(234KB) AllocSpace objects, 0(0B) LOS objects, 33% free, 12MB/18MB, paused 546us total 18.334ms
I/art     (  717): Explicit concurrent mark sweep GC freed 3612(188KB) AllocSpace objects, 0(0B) LOS objects, 39% free, 10MB/17MB, paused 681us total 15.598ms
I/art     (  595): Explicit concurrent mark sweep GC freed 6424(256KB) AllocSpace objects, 0(0B) LOS objects, 33% free, 12MB/18MB, paused 586us total 17.972ms
I/art     (  717): Explicit concurrent mark sweep GC freed 3952(201KB) AllocSpace objects, 0(0B) LOS objects, 40% free, 10MB/17MB, paused 716us total 11.816ms
D/awcn.DefaultHeartbeatImpl( 5727): |[seq:umeng:56aadbf567e58e38d4000976.AWCN9_1] heartbeat session:Session@[umeng:56aadbf567e58e38d4000976.AWCN9_1|http2_0rtt_acs]
D/awcn.TnetSpdySession( 5727): |[seq:umeng:56aadbf567e58e38d4000976.AWCN9_1] ping host:https://umengacs.m.taobao.com thread:AWCN Scheduler1
D/awcn.TnetSpdySession( 5727): |[seq:umeng:56aadbf567e58e38d4000976.AWCN9_1] https://umengacs.m.taobao.com submit ping ms:45052 force:true
D/awcn.DefaultHeartbeatImpl( 5727): |[seq:umeng:56aadbf567e58e38d4000976.AWCN9_1] reSchedule session:Session@[umeng:56aadbf567e58e38d4000976.AWCN9_1|http2_0rtt_acs] delay:45052
I/awcn.TnetSpdySession( 5727): |[seq:umeng:56aadbf567e58e38d4000976.AWCN9_1] ping receive Host:https://umengacs.m.taobao.com id:3
I/art     (  595): Explicit concurrent mark sweep GC freed 6897(277KB) AllocSpace objects, 0(0B) LOS objects, 33% free, 12MB/18MB, paused 348us total 19.641ms
I/art     (  717): Explicit concurrent mark sweep GC freed 3644(189KB) AllocSpace objects, 0(0B) LOS objects, 39% free, 10MB/17MB, paused 485us total 10.506ms
I/art     (  595): Explicit concurrent mark sweep GC freed 6494(261KB) AllocSpace objects, 0(0B) LOS objects, 33% free, 12MB/18MB, paused 404us total 16.966ms
I/art     (  717): Explicit concurrent mark sweep GC freed 3621(188KB) AllocSpace objects, 0(0B) LOS objects, 39% free, 10MB/17MB, paused 498us total 14.372ms
I/art     (  595): Explicit concurrent mark sweep GC freed 5944(233KB) AllocSpace objects, 0(0B) LOS objects, 33% free, 12MB/18MB, paused 862us total 20.998ms
I/art     (  717): Explicit concurrent mark sweep GC freed 3612(188KB) AllocSpace objects, 0(0B) LOS objects, 39% free, 10MB/17MB, paused 522us total 10.116ms
I/art     (  595): Explicit concurrent mark sweep GC freed 6796(273KB) AllocSpace objects, 0(0B) LOS objects, 33% free, 12MB/18MB, paused 407us total 16.609ms
I/art     (  717): Explicit concurrent mark sweep GC freed 3621(188KB) AllocSpace objects, 0(0B) LOS objects, 39% free, 10MB/17MB, paused 504us total 10.793ms
D/accs.AccsJobService( 5806):  onStartJob
I/accs.ElectionServiceImpl( 5806):  onStartCommand begin action:com.taobao.accs.intent.action.COMMAND
I/accs.OrangeAdapter( 5806):  isElectionEnable result:false
I/accs.OrangeAdapter( 5806):  isElectionEnable result:false
I/accs.ElectionServiceImpl( 5806):  deliver to channelservice host pkg:
I/accs.ServiceImpl( 5806):  onHostStartCommand:Intent { act=com.taobao.accs.intent.action.COMMAND pkg=com.zzl.falcon.internal cmp=com.zzl.falcon.internal/com.taobao.accs.ChannelService (has extras) }
D/accs.ServiceImpl( 5806):  key command: value 201
I/accs.LoadSoFailUtil( 5806):  getSoFailTimes times:0
D/accs.SilenceConn_umeng:56aadbf567e58e38d4000976( 5806):  try ping, force:false
D/accs.SilenceConn_umeng:56aadbf567e58e38d4000976( 5806):  send message, PING delay:0 dataId:18
I/accs.ServiceImpl( 5806):  tryConnect appkey:0 configTag:umeng:56aadbf567e58e38d4000976|0
D/accs.SilenceConn_default( 5806):  try ping, force:false
D/accs.SilenceConn_default( 5806):  send message, PING delay:0 dataId:19
D/accs.NetworkThread_umeng:56aadbf567e58e38d4000976( 5806):  try get message
D/accs.NetworkThread_umeng:56aadbf567e58e38d4000976( 5806):  send message not null
I/accs.NetworkThread_umeng:56aadbf567e58e38d4000976( 5806):  0 send:PING status:3
I/accs.ServiceImpl( 5806):  tryConnect appkey:0 configTag:default|0
D/accs.OrangeAdapter( 5806):  isSmartHb result:true
D/accs.NetworkThread_umeng:56aadbf567e58e38d4000976( 5806):  ms:286932 force:false
I/accs.ServiceImpl( 5806):  command:201
D/accs.NetworkThread_default( 5806):  try get message
D/accs.NetworkThread_default( 5806):  send message not null
I/accs.NetworkThread_default( 5806):  0 send:PING status:3
D/accs.OrangeAdapter( 5806):  isSmartHb result:true
D/accs.NetworkThread_default( 5806):  ms:270007 force:false
E/accs.NetworkThread_umeng:56aadbf567e58e38d4000976( 5806):  0 try connect, force = true failTimes = 0
I/accs.NetworkThread_umeng:56aadbf567e58e38d4000976( 5806):  0 try connect, need sleep
D/accs.SilenceConn_umeng:56aadbf567e58e38d4000976( 5806):  send message, PING delay:0 dataId:20
E/accs.NetworkThread_default( 5806):  0 try connect, force = true failTimes = 0
D/accs.SilenceConn_umeng:56aadbf567e58e38d4000976( 5806):  clearRepeatControlCommand message:201/
I/accs.NetworkThread_default( 5806):  0 try connect, need sleep
D/accs.SilenceConn_default( 5806):  send message, PING delay:0 dataId:20
D/accs.SilenceConn_default( 5806):  clearRepeatControlCommand message:201/
D/accs.MonitorStatistic( 5806):  commitUT interval:1512062664080 interval1:417076
D/accs.MonitorStatistic( 5806):  eventId=66001;arg1=1;arg2=0;arg3=221;args={commitTime=1512062664080, networkAvailable=true, connStatus=3, startServiceTime=1512062247004, proxy=, url=null, connType=0, tcpConnected=false, threadIsalive=true}
D/accs.UTMini( 5806):  commitEvent fail java.lang.NoClassDefFoundError: Failed resolution of: Lcom/ut/mini/internal/UTOriginalCustomHitBuilder;
D/accs.MonitorStatistic( 5806):  commitUT interval:1512062664081 interval1:417077
D/accs.MonitorStatistic( 5806):  eventId=66001;arg1=1;arg2=0;arg3=221;args={commitTime=1512062664081, networkAvailable=true, connStatus=3, startServiceTime=1512062247004, proxy=, url=null, connType=0, tcpConnected=false, threadIsalive=true}
D/accs.UTMini( 5806):  commitEvent fail java.lang.NoClassDefFoundError: Failed resolution of: Lcom/ut/mini/internal/UTOriginalCustomHitBuilder;
I/art     (  595): Explicit concurrent mark sweep GC freed 6717(269KB) AllocSpace objects, 0(0B) LOS objects, 33% free, 12MB/18MB, paused 930us total 25.828ms
I/art     (  717): Explicit concurrent mark sweep GC freed 3622(188KB) AllocSpace objects, 0(0B) LOS objects, 39% free, 10MB/17MB, paused 481us total 10.676ms
I/accs.SilenceConn_umeng:56aadbf567e58e38d4000976( 5806):  0 getChannelHost:accscdn.m.taobao.com
I/accs.SilenceConn_default( 5806):  0 getChannelHost:accscdn.m.taobao.com
D/awcn.LocalDnsStrategyTable( 5806):  try resolve ip with local dns host:accscdn.m.taobao.com
D/awcn.LocalDnsStrategyTable( 5806):  try resolve ip with local dns host:accscdn.m.taobao.com
D/getConnStrategyListByHost( 5806): |[seq:host] accscdn.m.taobao.com:result [{140.205.195.91 80 http}, {140.205.195.91 443 https}]
D/getConnStrategyListByHost( 5806): |[seq:host] accscdn.m.taobao.com:result [{140.205.195.91 80 http}, {140.205.195.91 443 https}]
I/accs.SilenceConn_umeng:56aadbf567e58e38d4000976( 5806):  0 getChannelHost:accscdn.m.taobao.com
I/accs.SilenceConn_default( 5806):  0 getChannelHost:accscdn.m.taobao.com
I/accs.SilenceConn_umeng:56aadbf567e58e38d4000976( 5806):  0 get ip from amdc fail!!
E/accs.SilenceConn_umeng:56aadbf567e58e38d4000976( 5806):  0 connect URL:https://accscdn.m.taobao.com:80/accs/
I/accs.SilenceConn_default( 5806):  0 get ip from amdc fail!!
E/accs.SilenceConn_default( 5806):  0 connect URL:https://accscdn.m.taobao.com:80/accs/
E/accs.SilenceConn_default( 5806):  0 connect normal
I/accs.SilenceConn_default( 5806):  0 getChannelHost:accscdn.m.taobao.com
E/accs.SilenceConn_umeng:56aadbf567e58e38d4000976( 5806):  0 connect normal
I/accs.SilenceConn_umeng:56aadbf567e58e38d4000976( 5806):  0 getChannelHost:accscdn.m.taobao.com
I/tnet-jni( 5806): 239 -  create new session: accscdn.m.taobao.com:80
E/accs.SilenceConn_default( 5806):  0 notifyStatus:CONNECTING
I/accs.SilenceConn_default( 5806):  0 notifyStatus:CONNECTING handled
E/accs.SilenceConn_umeng:56aadbf567e58e38d4000976( 5806):  0 notifyStatus:CONNECTING
I/accs.SilenceConn_umeng:56aadbf567e58e38d4000976( 5806):  0 notifyStatus:CONNECTING handled
I/accs.UtilityImpl( 5806):  staticBinarySafeDecryptNoB64 appkey:0 authcode:
E/accs.UtilityImpl( 5806):  staticBinarySafeDecryptNoB64
E/accs.UtilityImpl( 5806): java.lang.NoClassDefFoundError: Failed resolution of: Lcom/alibaba/wireless/security/open/SecurityGuardManager;
E/accs.UtilityImpl( 5806): 	at com.taobao.accs.utl.UtilityImpl.staticBinarySafeDecryptNoB64(Taobao:487)
E/accs.UtilityImpl( 5806): 	at com.taobao.accs.net.u.getSSLPublicKey(Taobao:674)
E/accs.UtilityImpl( 5806): 	at org.android.spdy.SpdyAgent.getSSLPublicKey(SpdyAgent.java:894)
E/accs.UtilityImpl( 5806): Caused by: java.lang.ClassNotFoundException: Didn't find class "com.alibaba.wireless.security.open.SecurityGuardManager" on path: DexPathList[[zip file "/data/app/com.zzl.falcon.internal-1/base.apk"],nativeLibraryDirectories=[/data/app/com.zzl.falcon.internal-1/lib/x86, /vendor/lib, /system/lib]]
E/accs.UtilityImpl( 5806): 	at dalvik.system.BaseDexClassLoader.findClass(BaseDexClassLoader.java:56)
E/accs.UtilityImpl( 5806): 	at java.lang.ClassLoader.loadClass(ClassLoader.java:511)
E/accs.UtilityImpl( 5806): 	at java.lang.ClassLoader.loadClass(ClassLoader.java:469)
E/accs.UtilityImpl( 5806): 	... 3 more
E/accs.UtilityImpl( 5806): 	Suppressed: java.lang.ClassNotFoundException: com.alibaba.wireless.security.open.SecurityGuardManager
E/accs.UtilityImpl( 5806): 		at java.lang.Class.classForName(Native Method)
E/accs.UtilityImpl( 5806): 		at java.lang.BootClassLoader.findClass(ClassLoader.java:781)
E/accs.UtilityImpl( 5806): 		at java.lang.BootClassLoader.loadClass(ClassLoader.java:841)
E/accs.UtilityImpl( 5806): 		at java.lang.ClassLoader.loadClass(ClassLoader.java:504)
E/accs.UtilityImpl( 5806): 		... 4 more
E/accs.UtilityImpl( 5806): 	Caused by: java.lang.NoClassDefFoundError: Class not found using the boot class loader; no stack available
I/tnet-jni( 5806): 219 - [spdySessionFailedError] - 
I/tnet-jni( 5806): 219 - [SpdySessionCallBack.spdySessionFailedError] - org.android.spdy.SpdySession@2bdaaf
D/tnet-jni( 5806): 219 - [SpdySession.cleanUp] - 
E/accs.SilenceConn_default( 5806):  0 spdySessionFailedError, retryTimes:0 errorId:-3530
E/accs.SilenceConn_default( 5806):  0 notifyStatus:DISCONNECTED
D/accs.OrangeAdapter( 5806):  isSmartHb result:true
D/accs.HeartbeatManager( 5806):  set 270
D/accs.HeartbeatManager( 5806):  onNetworkFail
D/accs.SilenceConn_default( 5806):  try ping, force:false
E/accs.NetworkThread_default( 5806):  0 try connect fail, ready for reconnect
E/accs.NetworkThread_default( 5806):  0 try connect, force = false failTimes = 1
I/accs.NetworkThread_default( 5806):  0 try connect, need sleep
D/accs.SilenceConn_default( 5806):  send message, PING delay:232 dataId:21
I/accs.SilenceConn_default( 5806):  0 notifyStatus:DISCONNECTED handled
D/accs.UTMini( 5806):  commitEvent fail java.lang.NoClassDefFoundError: Failed resolution of: Lcom/ut/mini/internal/UTOriginalCustomHitBuilder;
D/tnet-jni( 5806): 219 - [SpdySession.clearAllStreamCb] - 
D/tnet-jni( 5806): 219 - [SpdySession.cleanUp] - 
D/accs.SilenceConn_default( 5806):  clearRepeatControlCommand message:201/
I/art     (  595): Explicit concurrent mark sweep GC freed 6820(288KB) AllocSpace objects, 1(25KB) LOS objects, 33% free, 12MB/18MB, paused 626us total 22.051ms
I/tnet-jni( 1218): 101 - [spdyPingRecvCallback] - 
I/tnet-jni( 1218): 101 - [SpdySessionCallBack.spdyPingRecvCallback] - org.android.spdy.SpdySession@1aadeaa8
D/accs.SpdyConnection( 1218):  spdyPingRecvCallback uniId:246
D/accs.MessageHandler( 1218):  onRcvPing
D/accs.HeartbeatManager( 1218):  onHeartbeatSucc
D/accs.OrangeAdapter( 1218):  isSmartHb result:true
D/accs.HeartbeatManager( 1218):  set 480
I/art     (  717): Explicit concurrent mark sweep GC freed 3576(186KB) AllocSpace objects, 0(0B) LOS objects, 39% free, 10MB/17MB, paused 298us total 11.707ms
I/accs.SilenceConn_default( 5806):  0 getChannelHost:accscdn.m.taobao.com
D/awcn.LocalDnsStrategyTable( 5806):  try resolve ip with local dns host:accscdn.m.taobao.com
D/getConnStrategyListByHost( 5806): |[seq:host] accscdn.m.taobao.com:result [{140.205.195.91 80 http}, {140.205.195.91 443 https}]
I/accs.SilenceConn_default( 5806):  0 getChannelHost:accscdn.m.taobao.com
I/accs.SilenceConn_default( 5806):  0 get ip from amdc fail!!
E/accs.SilenceConn_default( 5806):  0 connect URL:https://accscdn.m.taobao.com:443/accs/
E/accs.SilenceConn_default( 5806):  0 connect normal
I/accs.SilenceConn_default( 5806):  0 getChannelHost:accscdn.m.taobao.com
I/tnet-jni( 5806): 239 -  create new session: accscdn.m.taobao.com:443
E/accs.SilenceConn_default( 5806):  0 notifyStatus:CONNECTING
I/accs.SilenceConn_default( 5806):  0 notifyStatus:CONNECTING handled
I/accs.UtilityImpl( 5806):  staticBinarySafeDecryptNoB64 appkey:0 authcode:
E/accs.UtilityImpl( 5806):  staticBinarySafeDecryptNoB64
E/accs.UtilityImpl( 5806): java.lang.NoClassDefFoundError: Failed resolution of: Lcom/alibaba/wireless/security/open/SecurityGuardManager;
E/accs.UtilityImpl( 5806): 	at com.taobao.accs.utl.UtilityImpl.staticBinarySafeDecryptNoB64(Taobao:487)
E/accs.UtilityImpl( 5806): 	at com.taobao.accs.net.u.getSSLPublicKey(Taobao:674)
E/accs.UtilityImpl( 5806): 	at org.android.spdy.SpdyAgent.getSSLPublicKey(SpdyAgent.java:894)
E/accs.UtilityImpl( 5806): Caused by: java.lang.ClassNotFoundException: Didn't find class "com.alibaba.wireless.security.open.SecurityGuardManager" on path: DexPathList[[zip file "/data/app/com.zzl.falcon.internal-1/base.apk"],nativeLibraryDirectories=[/data/app/com.zzl.falcon.internal-1/lib/x86, /vendor/lib, /system/lib]]
