I/AppiumUnicodeIME(  756): onKeyUp (keyCode='82', event.keyCode='82', metaState='0')
I/AppiumUnicodeIME(  756): onKeyDown (keyCode='20', event.keyCode='20', metaState='0')
W/AudioTrack(  595): AUDIO_OUTPUT_FLAG_FAST denied by client
I/AppiumUnicodeIME(  756): onKeyUp (keyCode='20', event.keyCode='20', metaState='0')
I/AppiumUnicodeIME(  756): onKeyDown (keyCode='20', event.keyCode='20', metaState='0')
I/AppiumUnicodeIME(  756): onKeyUp (keyCode='20', event.keyCode='20', metaState='0')
I/AppiumUnicodeIME(  756): onKeyDown (keyCode='19', event.keyCode='19', metaState='0')
I/AppiumUnicodeIME(  756): onKeyUp (keyCode='19', event.keyCode='19', metaState='0')
I/AppiumUnicodeIME(  756): onKeyDown (keyCode='174', event.keyCode='174', metaState='0')
I/AppiumUnicodeIME(  756): onFinishInput
W/AudioTrack(  595): AUDIO_OUTPUT_FLAG_FAST denied by client
I/AppiumUnicodeIME(  756): onStartInput
I/AppiumUnicodeIME(  756): onKeyUp (keyCode='174', event.keyCode='174', metaState='0')
I/AppiumUnicodeIME(  756): onKeyDown (keyCode='51', event.keyCode='51', metaState='0')
I/AppiumUnicodeIME(  756): onKeyUp (keyCode='51', event.keyCode='51', metaState='0')
I/AppiumUnicodeIME(  756): onKeyDown (keyCode='21', event.keyCode='21', metaState='0')
I/AppiumUnicodeIME(  756): onKeyUp (keyCode='21', event.keyCode='21', metaState='0')
I/AppiumUnicodeIME(  756): onKeyDown (keyCode='22', event.keyCode='22', metaState='0')
W/EGL_emulation(  717): eglSurfaceAttrib not implemented
W/OpenGLRenderer(  717): Failed to set EGL_SWAP_BEHAVIOR on surface 0xe1ca25e0, error=EGL_SUCCESS
I/AppiumUnicodeIME(  756): onKeyUp (keyCode='22', event.keyCode='22', metaState='0')
I/AppiumUnicodeIME(  756): onKeyDown (keyCode='83', event.keyCode='83', metaState='0')
I/ActivityManager(  595): START u0 {act=android.intent.action.MAIN cat=[android.intent.category.LAUNCHER] flg=0x10200000 cmp=com.zzl.falcon.internal/com.zzl.falcon.EntranceActivity} from uid 0 on display 0
I/AppiumUnicodeIME(  756): onKeyUp (keyCode='83', event.keyCode='83', metaState='0')
I/AppiumUnicodeIME(  756): onKeyDown (keyCode='19', event.keyCode='19', metaState='0')
I/AppiumUnicodeIME(  756): onKeyUp (keyCode='19', event.keyCode='19', metaState='0')
I/AppiumUnicodeIME(  756): onKeyDown (keyCode='19', event.keyCode='19', metaState='0')
I/AppiumUnicodeIME(  756): onKeyUp (keyCode='19', event.keyCode='19', metaState='0')
I/AppiumUnicodeIME(  756): onKeyDown (keyCode='19', event.keyCode='19', metaState='0')
I/AppiumUnicodeIME(  756): onKeyUp (keyCode='19', event.keyCode='19', metaState='0')
I/AppiumUnicodeIME(  756): onKeyDown (keyCode='19', event.keyCode='19', metaState='0')
I/AppiumUnicodeIME(  756): onKeyUp (keyCode='19', event.keyCode='19', metaState='0')
W/AudioTrack(  595): AUDIO_OUTPUT_FLAG_FAST denied by client
I/AppiumUnicodeIME(  756): onFinishInput
I/AppiumUnicodeIME(  756): onStartInput
I/InputDispatcher(  595): Dropped event because of pending overdue app switch.
W/InputManager(  595): Input event injection from pid 6049 failed.
I/AppiumUnicodeIME(  756): onKeyDown (keyCode='21', event.keyCode='21', metaState='0')
I/AppiumUnicodeIME(  756): onKeyDown (keyCode='21', event.keyCode='21', metaState='0')
I/AppiumUnicodeIME(  756): onKeyUp (keyCode='21', event.keyCode='21', metaState='0')
I/AppiumUnicodeIME(  756): onKeyDown (keyCode='21', event.keyCode='21', metaState='0')
I/AppiumUnicodeIME(  756): onKeyUp (keyCode='21', event.keyCode='21', metaState='0')
I/AppiumUnicodeIME(  756): onKeyDown (keyCode='21', event.keyCode='21', metaState='0')
I/AppiumUnicodeIME(  756): onKeyUp (keyCode='21', event.keyCode='21', metaState='0')
I/AppiumUnicodeIME(  756): onKeyUp (keyCode='53', event.keyCode='53', metaState='0')
I/AppiumUnicodeIME(  756): onKeyDown (keyCode='21', event.keyCode='21', metaState='0')
I/AppiumUnicodeIME(  756): onKeyUp (keyCode='21', event.keyCode='21', metaState='0')
I/AppiumUnicodeIME(  756): onKeyDown (keyCode='23', event.keyCode='23', metaState='0')
I/AppiumUnicodeIME(  756): onKeyUp (keyCode='23', event.keyCode='23', metaState='0')
I/AppiumUnicodeIME(  756): onKeyUp (keyCode='63', event.keyCode='63', metaState='0')
D/Atlas   (  595): Validating map...
W/ViewRootImpl(  595): Cancelling event due to no window focus: KeyEvent { action=ACTION_UP, keyCode=KEYCODE_ZENKAKU_HANKAKU, scanCode=0, metaState=0, flags=0x28, repeatCount=0, eventTime=26820652, downTime=26820652, deviceId=-1, source=0x101 }
W/ViewRootImpl(  595): Cancelling event due to no window focus: KeyEvent { action=ACTION_UP, keyCode=KEYCODE_ZENKAKU_HANKAKU, scanCode=0, metaState=0, flags=0x28, repeatCount=0, eventTime=26820652, downTime=26820652, deviceId=-1, source=0x101 }
I/AppiumUnicodeIME(  756): onKeyDown (keyCode='211', event.keyCode='211', metaState='0')
I/AppiumUnicodeIME(  756): onKeyUp (keyCode='211', event.keyCode='211', metaState='0')
W/ViewRootImpl(  595): Cancelling event due to no window focus: KeyEvent { action=ACTION_UP, keyCode=KEYCODE_ZENKAKU_HANKAKU, scanCode=0, metaState=0, flags=0x28, repeatCount=0, eventTime=26820652, downTime=26820652, deviceId=-1, source=0x101 }
W/ViewRootImpl(  595): Cancelling event due to no window focus: KeyEvent { action=ACTION_UP, keyCode=KEYCODE_ZENKAKU_HANKAKU, scanCode=0, metaState=0, flags=0x28, repeatCount=0, eventTime=26820652, downTime=26820652, deviceId=-1, source=0x101 }
W/ViewRootImpl(  595): Cancelling event due to no window focus: KeyEvent { action=ACTION_UP, keyCode=KEYCODE_ZENKAKU_HANKAKU, scanCode=0, metaState=0, flags=0x28, repeatCount=0, eventTime=26820652, downTime=26820652, deviceId=-1, source=0x101 }
W/ViewRootImpl(  595): Cancelling event due to no window focus: KeyEvent { action=ACTION_UP, keyCode=KEYCODE_ZENKAKU_HANKAKU, scanCode=0, metaState=0, flags=0x28, repeatCount=0, eventTime=26820652, downTime=26820652, deviceId=-1, source=0x101 }
W/ViewRootImpl(  595): Cancelling event due to no window focus: KeyEvent { action=ACTION_UP, keyCode=KEYCODE_ZENKAKU_HANKAKU, scanCode=0, metaState=0, flags=0x28, repeatCount=0, eventTime=26820652, downTime=26820652, deviceId=-1, source=0x101 }
W/ViewRootImpl(  595): Cancelling event due to no window focus: KeyEvent { action=ACTION_UP, keyCode=KEYCODE_ZENKAKU_HANKAKU, scanCode=0, metaState=0, flags=0x28, repeatCount=0, eventTime=26820652, downTime=26820652, deviceId=-1, source=0x101 }
W/ViewRootImpl(  595): Cancelling event due to no window focus: KeyEvent { action=ACTION_UP, keyCode=KEYCODE_ZENKAKU_HANKAKU, scanCode=0, metaState=0, flags=0x28, repeatCount=0, eventTime=26820652, downTime=26820652, deviceId=-1, source=0x101 }
W/ViewRootImpl(  595): Dropping event due to no window focus: KeyEvent { action=ACTION_DOWN, keyCode=KEYCODE_DPAD_LEFT, scanCode=0, metaState=0, flags=0x8, repeatCount=0, eventTime=26820689, downTime=26820689, deviceId=-1, source=0x101 }
W/ViewRootImpl(  595): Cancelling event due to no window focus: KeyEvent { action=ACTION_UP, keyCode=KEYCODE_DPAD_LEFT, scanCode=0, metaState=0, flags=0x28, repeatCount=0, eventTime=26820690, downTime=26820690, deviceId=-1, source=0x101 }
W/ViewRootImpl(  595): Cancelling event due to no window focus: KeyEvent { action=ACTION_UP, keyCode=KEYCODE_DPAD_LEFT, scanCode=0, metaState=0, flags=0x28, repeatCount=0, eventTime=26820690, downTime=26820690, deviceId=-1, source=0x101 }
W/ViewRootImpl(  595): Cancelling event due to no window focus: KeyEvent { action=ACTION_UP, keyCode=KEYCODE_DPAD_LEFT, scanCode=0, metaState=0, flags=0x28, repeatCount=0, eventTime=26820690, downTime=26820690, deviceId=-1, source=0x101 }
W/ViewRootImpl(  595): Cancelling event due to no window focus: KeyEvent { action=ACTION_UP, keyCode=KEYCODE_DPAD_LEFT, scanCode=0, metaState=0, flags=0x28, repeatCount=0, eventTime=26820690, downTime=26820690, deviceId=-1, source=0x101 }
W/ViewRootImpl(  595): Cancelling event due to no window focus: KeyEvent { action=ACTION_UP, keyCode=KEYCODE_DPAD_LEFT, scanCode=0, metaState=0, flags=0x28, repeatCount=0, eventTime=26820690, downTime=26820690, deviceId=-1, source=0x101 }
W/ViewRootImpl(  595): Cancelling event due to no window focus: KeyEvent { action=ACTION_UP, keyCode=KEYCODE_DPAD_LEFT, scanCode=0, metaState=0, flags=0x28, repeatCount=0, eventTime=26820690, downTime=26820690, deviceId=-1, source=0x101 }
W/ViewRootImpl(  595): Cancelling event due to no window focus: KeyEvent { action=ACTION_UP, keyCode=KEYCODE_DPAD_LEFT, scanCode=0, metaState=0, flags=0x28, repeatCount=0, eventTime=26820690, downTime=26820690, deviceId=-1, source=0x101 }
W/ViewRootImpl(  595): Cancelling event due to no window focus: KeyEvent { action=ACTION_UP, keyCode=KEYCODE_DPAD_LEFT, scanCode=0, metaState=0, flags=0x28, repeatCount=0, eventTime=26820690, downTime=26820690, deviceId=-1, source=0x101 }
W/ViewRootImpl(  595): Cancelling event due to no window focus: KeyEvent { action=ACTION_UP, keyCode=KEYCODE_DPAD_LEFT, scanCode=0, metaState=0, flags=0x28, repeatCount=0, eventTime=26820690, downTime=26820690, deviceId=-1, source=0x101 }
I/OpenGLRenderer(  595): Initialized EGL, version 1.4
W/EGL_emulation(  595): eglSurfaceAttrib not implemented
W/OpenGLRenderer(  595): Failed to set EGL_SWAP_BEHAVIOR on surface 0xe1456aa0, error=EGL_SUCCESS
W/AudioTrack(  595): AUDIO_OUTPUT_FLAG_FAST denied by client
W/AudioTrack(  595): AUDIO_OUTPUT_FLAG_FAST denied by client
W/AudioTrack(  595): AUDIO_OUTPUT_FLAG_FAST denied by client
W/AudioTrack(  595): AUDIO_OUTPUT_FLAG_FAST denied by client
W/AudioTrack(  595): AUDIO_OUTPUT_FLAG_FAST denied by client
W/AudioTrack(  595): AUDIO_OUTPUT_FLAG_FAST denied by client
I/ActivityManager(  595): Config changes=30 {1.0 310mcc270mnc en_US ?layoutDir sw384dp w384dp h567dp 320dpi nrml port finger -keyb/v/h dpad/v s.8}
I/AppiumUnicodeIME(  756): onStartInput
E/EGL_emulation(  613): tid 613: eglCreateSyncKHR(1209): error 0x3004 (EGL_BAD_ATTRIBUTE)
W/art     (  595): Long monitor contention event with owner method=void com.android.server.am.ActivityManagerService.updateConfiguration(android.content.res.Configuration) from ActivityManagerService.java:16692 waiters=0 for 104ms
W/ViewRootImpl(  595): Dropping event due to root view being removed: KeyEvent { action=ACTION_UP, keyCode=KEYCODE_DPAD_CENTER, scanCode=0, metaState=0, flags=0x8, repeatCount=0, eventTime=26821861, downTime=26821861, deviceId=-1, source=0x101 }
W/InputEventReceiver(  595): Attempted to finish an input event but the input event receiver has already been disposed.
V/WindowManager(  595): Adding window Window{19d818e9 u0 com.zzl.falcon.internal/com.zzl.falcon.invest.InvestmentDetailActivity} at 3 of 9 (after Window{2f757c83 u0 com.zzl.falcon.internal/com.zzl.falcon.MainActivity})
D/OkHttp  ( 5727): --> POST http://116.236.220.210:8084/appFixation/appFixationDetail?id=2c908a886005c4c70160068a800f013b http/1.1
D/OkHttp  ( 5727): Content-Length: 0
D/OkHttp  ( 5727): RC-Bel-Key: bel.zhiwang.zzl
D/OkHttp  ( 5727): RC-Timestamp: 1512062490
D/OkHttp  ( 5727): RC-Nonce: b494cd13-b82a-4d93-8e51-2218228c4261
D/OkHttp  ( 5727): RC-Signature: bd580d187792bcac4c326793cfdf4b752d5c9a20
D/OkHttp  ( 5727): osType: Android
D/OkHttp  ( 5727): version: 2.4.0
D/OkHttp  ( 5727): --> END POST (0-byte body)
E/libprocessgroup( 6076): failed to make and chown /acct/uid_10002: Read-only file system
W/Zygote  ( 6076): createProcessGroup failed, kernel missing CONFIG_CGROUP_CPUACCT?
I/ActivityManager(  595): Start proc 6076:android.process.acore/u0a2 for content provider com.android.providers.contacts/.ContactsProvider2
I/art     (  354): Explicit concurrent mark sweep GC freed 706(30KB) AllocSpace objects, 0(0B) LOS objects, 91% free, 92KB/1116KB, paused 117us total 6.484ms
I/art     (  354): Explicit concurrent mark sweep GC freed 5(160B) AllocSpace objects, 0(0B) LOS objects, 91% free, 92KB/1116KB, paused 101us total 6.445ms
I/art     (  354): Explicit concurrent mark sweep GC freed 5(160B) AllocSpace objects, 0(0B) LOS objects, 91% free, 92KB/1116KB, paused 99us total 5.988ms
D/ForegroundCallbacks( 5727): still foreground
D/OkHttp  ( 5727): --> POST http://116.236.220.210:8084/appAccount/appMyAccount?userId=7ac76fc40a87449ca54f1e0649628e2e&bankAccount=6212461030000503429 http/1.1
D/OkHttp  ( 5727): Content-Length: 0
D/OkHttp  ( 5727): RC-Bel-Key: bel.zhiwang.zzl
D/OkHttp  ( 5727): RC-Timestamp: 1512062490
D/OkHttp  ( 5727): RC-Nonce: 94d421f2-66fc-4c9b-b7cd-bd786c944956
D/OkHttp  ( 5727): RC-Signature: ae4fa5782d5b633b0d1c43a71d9bfb760ef01ac3
D/OkHttp  ( 5727): osType: Android
D/OkHttp  ( 5727): version: 2.4.0
D/OkHttp  ( 5727): --> END POST (0-byte body)
V/WindowManager(  595): Adding window Window{1ec780f u0 com.zzl.falcon.internal/com.zzl.falcon.invest.InvestmentDetailActivity} at 3 of 10 (before Window{19d818e9 u0 com.zzl.falcon.internal/com.zzl.falcon.invest.InvestmentDetailActivity})
I/ContactLocale( 6076): AddressBook Labels [en-US]: [, A, B, C, D, E, F, G, H, I, J, K, L, M, N, O, P, Q, R, S, T, U, V, W, X, Y, Z, Α, Β, Γ, Δ, Ε, Ζ, Η, Θ, Ι, Κ, Λ, Μ, Ν, Ξ, Ο, Π, Ρ, Σ, Τ, Υ, Φ, Χ, Ψ, Ω, , А, Б, В, Г, Д, Ђ, Е, Є, Ж, З, И, І, Ї, Й, Ј, К, Л, Љ, М, Н, Њ, О, П, Р, С, Т, Ћ, У, Ф, Х, Ц, Ч, Џ, Ш, Щ, Ю, Я, , א, ב, ג, ד, ה, ו, ז, ח, ט, י, כ, ל, מ, נ, ס, ע, פ, צ, ק, ר, ש, ת, , ا, ب, ت, ث, ج, ح, خ, د, ذ, ر, ز, س, ش, ص, ض, ط, ظ, ع, غ, ف, ق, ك, ل, م, ن, ه, و, ي, , ก, ข, ฃ, ค, ฅ, ฆ, ง, จ, ฉ, ช, ซ, ฌ, ญ, ฎ, ฏ, ฐ, ฑ, ฒ, ณ, ด, ต, ถ, ท, ธ, น, บ, ป, ผ, ฝ, พ, ฟ, ภ, ม, ย, ร, ฤ, ล, ฦ, ว, ศ, ษ, ส, ห, ฬ, อ, ฮ, , ㄱ, ㄴ, ㄷ, ㄹ, ㅁ, ㅂ, ㅅ, ㅇ, ㅈ, ㅊ, ㅋ, ㅌ, ㅍ, ㅎ, , あ, か, さ, た, な, は, ま, や, ら, わ, #, ]
W/EGL_emulation( 5727): eglSurfaceAttrib not implemented
W/OpenGLRenderer( 5727): Failed to set EGL_SWAP_BEHAVIOR on surface 0xdf3ff9e0, error=EGL_SUCCESS
I/ActivityManager(  595): Killing 1701:com.android.voicedialer/u0a14 (adj 15): empty for 26796s
W/libprocessgroup(  595): failed to open /acct/uid_10014/pid_1701/cgroup.procs: No such file or directory
D/OkHttp  ( 5727): <-- 200 OK http://116.236.220.210:8084/appFixation/appFixationDetail?id=2c908a886005c4c70160068a800f013b (140ms)
D/OkHttp  ( 5727): Server: Apache-Coyote/1.1
D/OkHttp  ( 5727): Set-Cookie: JSESSIONID=942D8C0A14C9EFEAFFBEEEC3D9E1765D; Path=/; HttpOnly
D/OkHttp  ( 5727): Content-Type: application/json;charset=utf-8
D/OkHttp  ( 5727): Content-Length: 1081
D/OkHttp  ( 5727): Date: Fri, 01 Dec 2017 08:14:09 GMT
D/OkHttp  ( 5727): {"data":{"matureTime":"2017-12-02 14:51:02","hasInvestAmt":1000.0000,"orderNumber":"贝融宝6月期_1129145026176817","rateDown":6.00,"investManageRate":0.37500000,"interestTotal":"0.00","rateUp":12.00,"limitTime":"不可转让","remainingAmount":37711,"rate":8.70,"left_periods":180,"onlineTime":"2017-11-29 14:51:02","periods":6,"payment":2,"id":"2c908a886005c4c70160068a800f013b","proName":"贝融宝6月期","remainingRate":8.7,"prdTypeName":"贝融宝","advanceQuitMethod":"投资之后不支持提前退出 ","guaranteeModel":"100%适用于用户利益保证机制","stepAmount":1000.00,"fullScaleCount":"1","createTime":"2017-11-29 14:50:28","tradeStatus":0,"progress":2.58,"bgPeriodsType":1,"contractMoney":38711.0000,"realyRate":8.70,"restAmt":37711.0000,"desc":"贝尔在线推出的便捷高效的固定期限委托投资计划，是平台为满足广大投资人多样化的投资需求，采用智能投标、循环出借等方式，向投资人提供的资金循环出借，到期自动转让退出的新型服务模式。"},"responseCode":"1","info":"操作成功"}
D/OkHttp  ( 5727): <-- END HTTP (1081-byte body)
W/EGL_emulation( 5727): eglSurfaceAttrib not implemented
W/OpenGLRenderer( 5727): Failed to set EGL_SWAP_BEHAVIOR on surface 0xde45e440, error=EGL_SUCCESS
E/com.umeng.message.UTrack( 5727): RegistrationId is empty
E/com.umeng.message.UTrack( 5727): RegistrationId is empty
I/WindowManager(  595): Screen frozen for +480ms due to Window{19d818e9 u0 com.zzl.falcon.internal/com.zzl.falcon.invest.InvestmentDetailActivity}
D/OkHttp  ( 5727): --> POST http://116.236.220.210:8084/appAccount/appMyAccount?userId=7ac76fc40a87449ca54f1e0649628e2e&bankAccount=6212461030000503429 http/1.1
D/OkHttp  ( 5727): Content-Length: 0
D/OkHttp  ( 5727): RC-Bel-Key: bel.zhiwang.zzl
D/OkHttp  ( 5727): RC-Timestamp: 1512062490
D/OkHttp  ( 5727): RC-Nonce: 52f7215f-2c14-42bb-9771-a200d884bb92
D/OkHttp  ( 5727): RC-Signature: d624629c62b008522ff1a2201421e9b9fff70929
D/OkHttp  ( 5727): osType: Android
D/OkHttp  ( 5727): version: 2.4.0
D/OkHttp  ( 5727): --> END POST (0-byte body)
W/ViewRootImpl( 5727): Cancelling event due to no window focus: KeyEvent { action=ACTION_UP, keyCode=KEYCODE_NUMPAD_1, scanCode=0, metaState=0, flags=0x28, repeatCount=0, eventTime=26822841, downTime=26822841, deviceId=-1, source=0x101 }
W/ViewRootImpl( 5727): Cancelling event due to no window focus: KeyEvent { action=ACTION_UP, keyCode=KEYCODE_NUMPAD_1, scanCode=0, metaState=0, flags=0x28, repeatCount=0, eventTime=26822841, downTime=26822841, deviceId=-1, source=0x101 }
W/ViewRootImpl( 5727): Cancelling event due to no window focus: KeyEvent { action=ACTION_UP, keyCode=KEYCODE_NUMPAD_1, scanCode=0, metaState=0, flags=0x28, repeatCount=0, eventTime=26822841, downTime=26822841, deviceId=-1, source=0x101 }
W/ViewRootImpl( 5727): Cancelling event due to no window focus: KeyEvent { action=ACTION_UP, keyCode=KEYCODE_NUMPAD_1, scanCode=0, metaState=0, flags=0x28, repeatCount=0, eventTime=26822841, downTime=26822841, deviceId=-1, source=0x101 }
W/ViewRootImpl( 5727): Cancelling event due to no window focus: KeyEvent { action=ACTION_UP, keyCode=KEYCODE_NUMPAD_1, scanCode=0, metaState=0, flags=0x28, repeatCount=0, eventTime=26822841, downTime=26822841, deviceId=-1, source=0x101 }
W/ViewRootImpl( 5727): Cancelling event due to no window focus: KeyEvent { action=ACTION_UP, keyCode=KEYCODE_NUMPAD_1, scanCode=0, metaState=0, flags=0x28, repeatCount=0, eventTime=26822841, downTime=26822841, deviceId=-1, source=0x101 }
W/ViewRootImpl( 5727): Cancelling event due to no window focus: KeyEvent { action=ACTION_UP, keyCode=KEYCODE_NUMPAD_1, scanCode=0, metaState=0, flags=0x28, repeatCount=0, eventTime=26822841, downTime=26822841, deviceId=-1, source=0x101 }
W/ViewRootImpl( 5727): Cancelling event due to no window focus: KeyEvent { action=ACTION_UP, keyCode=KEYCODE_NUMPAD_1, scanCode=0, metaState=0, flags=0x28, repeatCount=0, eventTime=26822841, downTime=26822841, deviceId=-1, source=0x101 }
W/ViewRootImpl( 5727): Cancelling event due to no window focus: KeyEvent { action=ACTION_UP, keyCode=KEYCODE_NUMPAD_1, scanCode=0, metaState=0, flags=0x28, repeatCount=0, eventTime=26822841, downTime=26822841, deviceId=-1, source=0x101 }
W/ViewRootImpl( 5727): Dropping event due to no window focus: KeyEvent { action=ACTION_DOWN, keyCode=KEYCODE_DPAD_RIGHT, scanCode=0, metaState=0, flags=0x8, repeatCount=0, eventTime=26822861, downTime=26822861, deviceId=-1, source=0x101 }
I/AppiumUnicodeIME(  756): onKeyUp (keyCode='22', event.keyCode='22', metaState='0')
I/AppiumUnicodeIME(  756): onFinishInput
I/AppiumUnicodeIME(  756): onStartInput
I/AppiumUnicodeIME(  756): onKeyDown (keyCode='22', event.keyCode='22', metaState='0')
I/AppiumUnicodeIME(  756): onKeyUp (keyCode='22', event.keyCode='22', metaState='0')
I/AppiumUnicodeIME(  756): onKeyDown (keyCode='23', event.keyCode='23', metaState='0')
I/AppiumUnicodeIME(  756): onKeyUp (keyCode='23', event.keyCode='23', metaState='0')
I/AppiumUnicodeIME(  756): onKeyDown (keyCode='23', event.keyCode='23', metaState='0')
I/AppiumUnicodeIME(  756): onKeyUp (keyCode='23', event.keyCode='23', metaState='0')
I/AppiumUnicodeIME(  756): onKeyDown (keyCode='23', event.keyCode='23', metaState='0')
I/AppiumUnicodeIME(  756): onKeyUp (keyCode='23', event.keyCode='23', metaState='0')
I/AppiumUnicodeIME(  756): onKeyDown (keyCode='4', event.keyCode='4', metaState='0')
I/AppiumUnicodeIME(  756): onKeyUp (keyCode='4', event.keyCode='4', metaState='0')
I/AppiumUnicodeIME(  756): onKeyDown (keyCode='82', event.keyCode='82', metaState='0')
I/accs.Config( 5727):  getDeviceToken token:
I/accs.Config( 5727):  getAgooAppKey appkey:umeng:56aadbf567e58e38d4000976
I/accs.SwitchDO( 5727):  buildData data:{"cmd":"enablePush","appKey":"umeng:56aadbf567e58e38d4000976","utdid":"WajMPL\/DZuUDAJwcljDKSIFW"}
D/accs.InAppConn_umeng:56aadbf567e58e38d4000976( 5727):  1 start
D/accs.InAppConn_umeng:56aadbf567e58e38d4000976( 5727):  send message, DATA delay:0 dataId:5
D/accs.UTMini( 5727):  commitEvent fail java.lang.NoClassDefFoundError: Failed resolution of: Lcom/ut/mini/internal/UTOriginalCustomHitBuilder;
I/accs.InAppConn_umeng:56aadbf567e58e38d4000976( 5727):  try send:DATA dataId:5 appkey:umeng:56aadbf567e58e38d4000976
D/awcn.SessionCenter( 5727): |[seq:umeng:56aadbf567e58e38d4000976] getInternal u:https://umengacs.m.taobao.com TypeClass:SPDY timeout:60000
I/awcn.HttpDispatcher( 5727):  sendAmdcRequest hosts:[umengacs.m.taobao.com, unszapi.m.yao.95095.com, api.m.yao.95095.com]
I/awcn.AmdcThreadPoolExecutor( 5727):  merge amdc request delay:500
I/awcn.AmdcThreadPoolExecutor( 5727):  thread created! name:AMDC3
D/awcn.StrategyCenter( 5727):  getSchemeByHost host:umengacs.m.taobao.com scheme:https
D/awcn.SessionCenter( 5727): |[seq:umeng:56aadbf567e58e38d4000976] get internal hit cache session session:Session@[umeng:56aadbf567e58e38d4000976.AWCN2_2|spdy_0rtt_acs]
D/accs.Msg_umeng:56aadbf567e58e38d4000976( 5727):  Build Message
D/accs.Msg_umeng:56aadbf567e58e38d4000976( 5727):  	version:2 compress:0
D/accs.Msg_umeng:56aadbf567e58e38d4000976( 5727):  	flag: 0x40
D/accs.Msg_umeng:56aadbf567e58e38d4000976( 5727):  	totalLength:187
D/accs.Msg_umeng:56aadbf567e58e38d4000976( 5727):  	dataLength:185
D/accs.Msg_umeng:56aadbf567e58e38d4000976( 5727):  	flags:ffffc800
D/accs.Msg_umeng:56aadbf567e58e38d4000976( 5727):  	targetLength:16
D/accs.Msg_umeng:56aadbf567e58e38d4000976( 5727):  	target:2|AgooDeviceCmd|
D/accs.Msg_umeng:56aadbf567e58e38d4000976( 5727):  	sourceLength:63
D/accs.Msg_umeng:56aadbf567e58e38d4000976( 5727):  	source:WajMPL/DZuUDAJwcljDKSIFW|com.zzl.falcon.internal|AgooDeviceCmd|
D/accs.Msg_umeng:56aadbf567e58e38d4000976( 5727):  	dataIdLength:1
D/accs.Msg_umeng:56aadbf567e58e38d4000976( 5727):  	dataId:5
D/accs.Msg_umeng:56aadbf567e58e38d4000976( 5727):  	extHeader len:0
D/accs.Msg_umeng:56aadbf567e58e38d4000976( 5727):  	oriData:{"cmd":"enablePush","appKey":"umeng:56aadbf567e58e38d4000976","utdid":"WajMPL\/DZuUDAJwcljDKSIFW"}
D/accs.Msg_umeng:56aadbf567e58e38d4000976( 5727):  len:191
D/accs.Msg_umeng:56aadbf567e58e38d4000976( 5727):  20 40 0 bb 0 b9 c8 0 10 32 7c 41 67 6f 6f 44 65 76 69 63 65 43 6d 64 7c 3f 57 61 6a 4d 50 4c 2f 44 5a 75 55 44 41 4a 77 63 6c 6a 44 4b 53 49 46 57 7c 63 6f 6d 2e 7a 7a 6c 2e 66 61 6c 63 6f 6e 2e 69 6e 74 65 72 6e 61 6c 7c 41 67 6f 6f 44 65 76 69 63 65 43 6d 64 7c 1 35 0 0 7b 22 63 6d 64 22 3a 22 65 6e 61 62 6c 65 50 75 73 68 22 2c 22 61 70 70 4b 65 79 22 3a 22 75 6d 65 6e 67 3a 35 36 61 61 64 62 66 35 36 37 65 35 38 65 33 38 64 34 30 30 30 39 37 36 22 2c 22 75 74 64 69 64 22 3a 22 57 61 6a 4d 50 4c 5c 2f 44 5a 75 55 44 41 4a 77 63 6c 6a 44 4b 53 49 46 57 22 7d 
I/accs.InAppConn_umeng:56aadbf567e58e38d4000976( 5727):  send data  len:191 dataId:5 command:100 host:https://umengacs.m.taobao.com utdid:WajMPL/DZuUDAJwcljDKSIFW
E/awcn.TnetSpdySession( 5727): |[seq:umeng:56aadbf567e58e38d4000976.AWCN2_2] sendCustomFrame dataId:5 type:200
D/awcn.DefaultHeartbeatImpl( 5727): |[seq:umeng:56aadbf567e58e38d4000976.AWCN2_2] reSchedule session:Session@[umeng:56aadbf567e58e38d4000976.AWCN2_2|spdy_0rtt_acs] delay:29217
D/accs.InAppConn_umeng:56aadbf567e58e38d4000976( 5727):  sendSucc true dataId:5
E/awcn.TnetSpdySession( 5727): |[seq:umeng:56aadbf567e58e38d4000976.AWCN2_2] [spdyCustomControlFrameRecvCallback] len:145 frameCb:com.taobao.accs.net.k@39340805
E/awcn.TnetSpdySession( 5727): |[seq:umeng:56aadbf567e58e38d4000976.AWCN2_2] str:20 40 0 8d 0 8b e0 0 3f 57 61 6a 4d 50 4c 2f 44 5a 75 55 44 41 4a 77 63 6c 6a 44 4b 53 49 46 57 7c 63 6f 6d 2e 7a 7a 6c 2e 66 61 6c 63 6f 6e 2e 69 6e 74 65 72 6e 61 6c 7c 41 67 6f 6f 44 65 76 69 63 65 43 6d 64 7c 10 32 7c 41 67 6f 6f 44 65 76 69 63 65 43 6d 64 7c 1 35 0 9 24 7 75 6e 7a 62 79 75 6e 7b 22 72 65 73 75 6c 74 43 6f 64 65 22 3a 22 73 75 63 63 65 73 73 22 2c 22 63 6d 64 22 3a 22 65 6e 61 62 6c 65 50 75 73 68 22 7d 
I/accs.InAppConn_umeng:56aadbf567e58e38d4000976( 5727):  onDataReceive, type:200 len:145
E/accs.InAppConn_umeng:56aadbf567e58e38d4000976( 5727):  onDataReceive, end:
D/accs.MsgRecv_umeng:56aadbf567e58e38d4000976( 5727):  version:2
D/accs.MsgRecv_umeng:56aadbf567e58e38d4000976( 5727):  compress:0
D/accs.MsgRecv_umeng:56aadbf567e58e38d4000976( 5727):  totalLen:141
D/accs.MsgRecv_umeng:56aadbf567e58e38d4000976( 5727):  buf len:139
D/accs.MsgRecv_umeng:56aadbf567e58e38d4000976( 5727):  flag:e000
D/accs.MsgRecv_umeng:56aadbf567e58e38d4000976( 5727):  target:WajMPL/DZuUDAJwcljDKSIFW|com.zzl.falcon.internal|AgooDeviceCmd|
D/accs.MsgRecv_umeng:56aadbf567e58e38d4000976( 5727):  source:2|AgooDeviceCmd|
D/accs.MsgRecv_umeng:56aadbf567e58e38d4000976( 5727):  dataId:5
D/accs.MsgRecv_umeng:56aadbf567e58e38d4000976( 5727):  extHeaderLen:9
D/accs.MsgRecv_umeng:56aadbf567e58e38d4000976( 5727):   extHeaderType:9 value:unzbyun
D/accs.MsgRecv_umeng:56aadbf567e58e38d4000976( 5727):  oriData:[B@a894117
I/accs.MsgRecv_umeng:56aadbf567e58e38d4000976( 5727):  1 dataId 5:type DATA:reqType RES:resType NO_ACK:target WajMPL/DZuUDAJwcljDKSIFW|com.zzl.falcon.internal|AgooDeviceCmd|
D/accs.MsgRecv_umeng:56aadbf567e58e38d4000976( 5727):  reqMessage not null
W/ActivityManager(  595): getTasks: caller 10099 does not hold GET_TASKS; limiting output
D/accs.MsgRecv_umeng:56aadbf567e58e38d4000976( 5727):  onResult command:100 erorcode:200
D/accs.MsgRecv_umeng:56aadbf567e58e38d4000976( 5727):  prepare send broadcast
D/accs.UTMini( 5727):  commitEvent fail java.lang.NoClassDefFoundError: Failed resolution of: Lcom/ut/mini/internal/UTOriginalCustomHitBuilder;
D/accs.InAppConn_umeng:56aadbf567e58e38d4000976( 5727):  try handle msg
D/accs.MsgDistribute( 5727):  action:com.taobao.accs.intent.action.RECEIVE
I/accs.MsgDistribute( 5727):  distribute command::100  serviceId::AgooDeviceCmd  dataId::2 appkey:umeng:56aadbf567e58e38d4000976 config:umeng:56aadbf567e58e38d4000976
W/accs.MsgDistribute( 5727):  appReceiver null! serviceId:AgooDeviceCmd appkey:umeng:56aadbf567e58e38d4000976
D/accs.UTMini( 5727):  commitEvent fail java.lang.NoClassDefFoundError: Failed resolution of: Lcom/ut/mini/internal/UTOriginalCustomHitBuilder;
I/accs.AccsAbstractDataListener( 5727):  onReceiveData dataId:2 serviceId:AgooDeviceCmd command:100
D/accs.UTMini( 5727):  commitEvent fail java.lang.NoClassDefFoundError: Failed resolution of: Lcom/ut/mini/internal/UTOriginalCustomHitBuilder;
I/accs.RequestListener( 5727):  RequestListener onResponse dataId:2 listener:com.umeng.message.PushAgent$3@3d0fe904 json:{"resultCode":"success","cmd":"enablePush"}
I/com.umeng.message.PushAgent( 5727): bindAgoo-->onSuccess
D/accs.UTMini( 5727):  commitEvent fail java.lang.NoClassDefFoundError: Failed resolution of: Lcom/ut/mini/internal/UTOriginalCustomHitBuilder;
E/RecyclerView( 5727): Cannot scroll to position a LayoutManager set. Call setLayoutManager with a non-null argument.
E/RecyclerView( 5727): Cannot scroll to position a LayoutManager set. Call setLayoutManager with a non-null argument.
D/ForegroundCallbacks( 5727): still foreground
D/OkHttp  ( 5727): --> POST http://116.236.220.210:8084/appIndex/list?version=3 http/1.1
D/OkHttp  ( 5727): Content-Length: 0
D/OkHttp  ( 5727): RC-Bel-Key: bel.zhiwang.zzl
D/OkHttp  ( 5727): RC-Timestamp: 1512062491
D/OkHttp  ( 5727): RC-Nonce: 8a37794d-71cf-40c1-b3c2-676640ea2191
D/OkHttp  ( 5727): RC-Signature: ecaead92b2bc8b49a20a0b5da276b192b171e9a7
D/OkHttp  ( 5727): osType: Android
D/OkHttp  ( 5727): version: 2.4.0
D/OkHttp  ( 5727): --> END POST (0-byte body)
V/WindowManager(  595): Adding window Window{2ee182ff u0 com.zzl.falcon.internal/com.zzl.falcon.MainActivity} at 2 of 8 (before Window{1ec780f u0 com.zzl.falcon.internal/com.zzl.falcon.invest.InvestmentDetailActivity})
I/AppiumUnicodeIME(  756): onKeyUp (keyCode='82', event.keyCode='82', metaState='0')
D/OkHttp  ( 5727): <-- 200 OK http://116.236.220.210:8084/appIndex/list?version=3 (37ms)
D/OkHttp  ( 5727): Server: Apache-Coyote/1.1
D/OkHttp  ( 5727): Set-Cookie: JSESSIONID=5333BE1915E8E9999005424A0983E34A; Path=/; HttpOnly
D/OkHttp  ( 5727): Content-Type: application/json;charset=utf-8
D/OkHttp  ( 5727): Content-Length: 866
D/OkHttp  ( 5727): Date: Fri, 01 Dec 2017 08:14:10 GMT
D/OkHttp  ( 5727): {"fixedInvestInfo":{"empId":"1","persiodUp":12,"rateDown":6.9,"persiodDown":3,"platformType":1,"remark":"贝融宝贝融宝贝融宝","parentId":"0","rateUp":9.6,"paymentType":1,"createTime":"","payment":2,"id":"402897e7562c1dd101562c291ad10003","proName":"贝融宝","periodsType":1,"proNumber":"","productType":1,"status":1},"bannel":[{"webDesc":"冬幕节活动","imgurl":"20171114100735893.png","createTime":"2017-11-14 10:05:59","name":"冬幕节活动","link":"http://116.236.220.210:8084/mobileWeb/commonActivity?activity=winter","id":"2c908a885fb40cb0015fb846a8d1018d","type":1,"seq":12,"status":1,"shareStatus":0}],"investInfo":[{"persiodUp":"48","rateDown":"10.8","persiodDown":"6","proName":"智惠系列","rateUp":"14.5","productType":"2"}],"transferInfo":{"periodDesc":"多样灵活","rateDown":"10","productType":"20","rateUp":"15"},"responseCode":"1"}
D/OkHttp  ( 5727): <-- END HTTP (866-byte body)
W/EGL_emulation( 5727): eglSurfaceAttrib not implemented
W/OpenGLRenderer( 5727): Failed to set EGL_SWAP_BEHAVIOR on surface 0xdf028c80, error=EGL_SUCCESS
W/ViewRootImpl( 5727): Dropping event due to no window focus: KeyEvent { action=ACTION_DOWN, keyCode=KEYCODE_DPAD_DOWN, scanCode=0, metaState=0, flags=0x8, repeatCount=0, eventTime=26823373, downTime=26823373, deviceId=-1, source=0x101 }
W/ViewRootImpl( 5727): Cancelling event due to no window focus: KeyEvent { action=ACTION_UP, keyCode=KEYCODE_DPAD_DOWN, scanCode=0, metaState=0, flags=0x28, repeatCount=0, eventTime=26823583, downTime=26823583, deviceId=-1, source=0x101 }
W/ViewRootImpl( 5727): Cancelling event due to no window focus: KeyEvent { action=ACTION_UP, keyCode=KEYCODE_DPAD_DOWN, scanCode=0, metaState=0, flags=0x28, repeatCount=0, eventTime=26823583, downTime=26823583, deviceId=-1, source=0x101 }
W/ViewRootImpl( 5727): Cancelling event due to no window focus: KeyEvent { action=ACTION_UP, keyCode=KEYCODE_DPAD_DOWN, scanCode=0, metaState=0, flags=0x28, repeatCount=0, eventTime=26823583, downTime=26823583, deviceId=-1, source=0x101 }
W/ViewRootImpl( 5727): Cancelling event due to no window focus: KeyEvent { action=ACTION_UP, keyCode=KEYCODE_DPAD_DOWN, scanCode=0, metaState=0, flags=0x28, repeatCount=0, eventTime=26823583, downTime=26823583, deviceId=-1, source=0x101 }
W/ViewRootImpl( 5727): Cancelling event due to no window focus: KeyEvent { action=ACTION_UP, keyCode=KEYCODE_DPAD_DOWN, scanCode=0, metaState=0, flags=0x28, repeatCount=0, eventTime=26823583, downTime=26823583, deviceId=-1, source=0x101 }
W/ViewRootImpl( 5727): Cancelling event due to no window focus: KeyEvent { action=ACTION_UP, keyCode=KEYCODE_DPAD_DOWN, scanCode=0, metaState=0, flags=0x28, repeatCount=0, eventTime=26823583, downTime=26823583, deviceId=-1, source=0x101 }
W/AudioTrack(  595): AUDIO_OUTPUT_FLAG_FAST denied by client
W/ViewRootImpl( 5727): Cancelling event due to no window focus: KeyEvent { action=ACTION_UP, keyCode=KEYCODE_DPAD_DOWN, scanCode=0, metaState=0, flags=0x28, repeatCount=0, eventTime=26823583, downTime=26823583, deviceId=-1, source=0x101 }
W/ViewRootImpl( 5727): Cancelling event due to no window focus: KeyEvent { action=ACTION_UP, keyCode=KEYCODE_DPAD_DOWN, scanCode=0, metaState=0, flags=0x28, repeatCount=0, eventTime=26823583, downTime=26823583, deviceId=-1, source=0x101 }
W/ViewRootImpl( 5727): Cancelling event due to no window focus: KeyEvent { action=ACTION_UP, keyCode=KEYCODE_DPAD_DOWN, scanCode=0, metaState=0, flags=0x28, repeatCount=0, eventTime=26823583, downTime=26823583, deviceId=-1, source=0x101 }
W/ViewRootImpl( 5727): Dropping event due to no window focus: KeyEvent { action=ACTION_DOWN, keyCode=KEYCODE_DPAD_CENTER, scanCode=0, metaState=0, flags=0x8, repeatCount=0, eventTime=26823749, downTime=26823749, deviceId=-1, source=0x101 }
W/ViewRootImpl( 5727): Cancelling event due to no window focus: KeyEvent { action=ACTION_UP, keyCode=KEYCODE_DPAD_CENTER, scanCode=0, metaState=0, flags=0x28, repeatCount=0, eventTime=26823751, downTime=26823751, deviceId=-1, source=0x101 }
W/ViewRootImpl( 5727): Cancelling event due to no window focus: KeyEvent { action=ACTION_UP, keyCode=KEYCODE_DPAD_CENTER, scanCode=0, metaState=0, flags=0x28, repeatCount=0, eventTime=26823751, downTime=26823751, deviceId=-1, source=0x101 }
W/ViewRootImpl( 5727): Cancelling event due to no window focus: KeyEvent { action=ACTION_UP, keyCode=KEYCODE_DPAD_CENTER, scanCode=0, metaState=0, flags=0x28, repeatCount=0, eventTime=26823751, downTime=26823751, deviceId=-1, source=0x101 }
W/ViewRootImpl( 5727): Cancelling event due to no window focus: KeyEvent { action=ACTION_UP, keyCode=KEYCODE_DPAD_CENTER, scanCode=0, metaState=0, flags=0x28, repeatCount=0, eventTime=26823751, downTime=26823751, deviceId=-1, source=0x101 }
W/ViewRootImpl( 5727): Cancelling event due to no window focus: KeyEvent { action=ACTION_UP, keyCode=KEYCODE_DPAD_CENTER, scanCode=0, metaState=0, flags=0x28, repeatCount=0, eventTime=26823751, downTime=26823751, deviceId=-1, source=0x101 }
W/ViewRootImpl( 5727): Cancelling event due to no window focus: KeyEvent { action=ACTION_UP, keyCode=KEYCODE_DPAD_CENTER, scanCode=0, metaState=0, flags=0x28, repeatCount=0, eventTime=26823751, downTime=26823751, deviceId=-1, source=0x101 }
W/ViewRootImpl( 5727): Cancelling event due to no window focus: KeyEvent { action=ACTION_UP, keyCode=KEYCODE_DPAD_CENTER, scanCode=0, metaState=0, flags=0x28, repeatCount=0, eventTime=26823751, downTime=26823751, deviceId=-1, source=0x101 }
W/ViewRootImpl( 5727): Cancelling event due to no window focus: KeyEvent { action=ACTION_UP, keyCode=KEYCODE_DPAD_CENTER, scanCode=0, metaState=0, flags=0x28, repeatCount=0, eventTime=26823751, downTime=26823751, deviceId=-1, source=0x101 }
W/ViewRootImpl( 5727): Cancelling event due to no window focus: KeyEvent { action=ACTION_UP, keyCode=KEYCODE_DPAD_CENTER, scanCode=0, metaState=0, flags=0x28, repeatCount=0, eventTime=26823751, downTime=26823751, deviceId=-1, source=0x101 }
E/com.umeng.message.UTrack( 5727): RegistrationId is empty
E/com.umeng.message.UTrack( 5727): RegistrationId is empty
D/com.umeng.message.UmengMessageCallbackHandlerService( 5727): processName=com.zzl.falcon.internal
D/com.umeng.message.UmengMessageCallbackHandlerService( 5727): enable()-->status:true
D/OkHttp  ( 5727): --> POST http://116.236.220.210:8084/appAccount/appGetUser?custId=7ac76fc40a87449ca54f1e0649628e2e http/1.1
D/OkHttp  ( 5727): Content-Length: 0
D/OkHttp  ( 5727): RC-Bel-Key: bel.zhiwang.zzl
D/OkHttp  ( 5727): RC-Timestamp: 1512062491
D/OkHttp  ( 5727): RC-Nonce: fb30c293-2658-4bd6-b513-ba9507af61fa
D/OkHttp  ( 5727): RC-Signature: f3112fad4a961ed5e4b502fe7478e8abd6236318
D/OkHttp  ( 5727): osType: Android
D/OkHttp  ( 5727): version: 2.4.0
D/OkHttp  ( 5727): --> END POST (0-byte body)
D/OkHttp  ( 5727): --> POST http://116.236.220.210:8084/appAccount/appMyAccount?userId=7ac76fc40a87449ca54f1e0649628e2e&bankAccount=6212461030000503429 http/1.1
D/OkHttp  ( 5727): Content-Length: 0
D/OkHttp  ( 5727): RC-Bel-Key: bel.zhiwang.zzl
D/OkHttp  ( 5727): RC-Timestamp: 1512062491
D/OkHttp  ( 5727): RC-Nonce: 676c7a69-a9f4-4a32-9907-684c892b91eb
D/OkHttp  ( 5727): RC-Signature: 3ee51c0dd5340063eed0d45321eef928fac8308d
D/OkHttp  ( 5727): osType: Android
D/OkHttp  ( 5727): version: 2.4.0
D/OkHttp  ( 5727): --> END POST (0-byte body)
D/OkHttp  ( 5727): <-- 200 OK http://116.236.220.210:8084/appAccount/appGetUser?custId=7ac76fc40a87449ca54f1e0649628e2e (40ms)
D/OkHttp  ( 5727): Server: Apache-Coyote/1.1
D/OkHttp  ( 5727): Set-Cookie: JSESSIONID=8C189FC487F4841206A12703E62BCE1E; Path=/; HttpOnly
D/OkHttp  ( 5727): Content-Type: application/json;charset=UTF-8
D/OkHttp  ( 5727): Content-Length: 834
D/OkHttp  ( 5727): Date: Fri, 01 Dec 2017 08:14:10 GMT
D/OkHttp  ( 5727): {"fingerGestures":{"firstHintStatus":"1"},"user":{"onlineLogin":1,"bindCardState":1,"loginNum":2,"score":"0","custSource":1,"password":"6367c48dd193d56ea7b0baad25b19455e529f5ee","reservedDomain":"1","bankVerify":1,"emailVerify":0,"custIc":"321001201707265233","id":"7ac76fc40a87449ca54f1e0649628e2e","invitationVerify":"null","transferSignVerify":1,"bankAccount":"6212461030000503429","automaticSignVerify":1,"efCustInfoId":"23d83a0517eb4154b7ab1e4d37111cc1","fyVerify":0,"fyAccount":"","mobile":"13900010001","custInfoId":"45342b81d0204529ae7be3fa321c5b4b","zzlLogin":1,"custName":"安卓贝尔壹","mobileVerify":1,"lastLoginTime":"2017-11-30 17:07:04","bindCardMobile":"13900010001","createTime":"2017-07-26 15:17:04","custEmail":"","evaluationFlag":2,"realnameVerify":1,"username":"xuxu1","withdrawPwStatus":1},"responseCode":"1"}
D/OkHttp  ( 5727): <-- END HTTP (834-byte body)
V/WindowManager(  595): not Base app: Adding window Window{a589ef6 u0 com.zzl.falcon.internal/com.zzl.falcon.MainActivity} at 3 of 9
W/ViewRootImpl( 5727): Dropping event due to no window focus: KeyEvent { action=ACTION_DOWN, keyCode=KEYCODE_B, scanCode=0, metaState=0, flags=0x8, repeatCount=0, eventTime=26823759, downTime=26823759, deviceId=-1, source=0x101 }
W/ViewRootImpl( 5727): Cancelling event due to no window focus: KeyEvent { action=ACTION_UP, keyCode=KEYCODE_B, scanCode=0, metaState=0, flags=0x28, repeatCount=0, eventTime=26823917, downTime=26823917, deviceId=-1, source=0x101 }
W/ViewRootImpl( 5727): Cancelling event due to no window focus: KeyEvent { action=ACTION_UP, keyCode=KEYCODE_B, scanCode=0, metaState=0, flags=0x28, repeatCount=0, eventTime=26823917, downTime=26823917, deviceId=-1, source=0x101 }
W/ViewRootImpl( 5727): Cancelling event due to no window focus: KeyEvent { action=ACTION_UP, keyCode=KEYCODE_B, scanCode=0, metaState=0, flags=0x28, repeatCount=0, eventTime=26823917, downTime=26823917, deviceId=-1, source=0x101 }
W/ViewRootImpl( 5727): Cancelling event due to no window focus: KeyEvent { action=ACTION_UP, keyCode=KEYCODE_B, scanCode=0, metaState=0, flags=0x28, repeatCount=0, eventTime=26823917, downTime=26823917, deviceId=-1, source=0x101 }
E/awcn.DispatchCore( 5727):  amdc request's parameter invalid!
W/ViewRootImpl( 5727): Cancelling event due to no window focus: KeyEvent { action=ACTION_UP, keyCode=KEYCODE_B, scanCode=0, metaState=0, flags=0x28, repeatCount=0, eventTime=26823917, downTime=26823917, deviceId=-1, source=0x101 }
W/ViewRootImpl( 5727): Cancelling event due to no window focus: KeyEvent { action=ACTION_UP, keyCode=KEYCODE_B, scanCode=0, metaState=0, flags=0x28, repeatCount=0, eventTime=26823917, downTime=26823917, deviceId=-1, source=0x101 }
W/ViewRootImpl( 5727): Cancelling event due to no window focus: KeyEvent { action=ACTION_UP, keyCode=KEYCODE_B, scanCode=0, metaState=0, flags=0x28, repeatCount=0, eventTime=26823917, downTime=26823917, deviceId=-1, source=0x101 }
W/ViewRootImpl( 5727): Cancelling event due to no window focus: KeyEvent { action=ACTION_UP, keyCode=KEYCODE_B, scanCode=0, metaState=0, flags=0x28, repeatCount=0, eventTime=26823917, downTime=26823917, deviceId=-1, source=0x101 }
W/ViewRootImpl( 5727): Cancelling event due to no window focus: KeyEvent { action=ACTION_UP, keyCode=KEYCODE_B, scanCode=0, metaState=0, flags=0x28, repeatCount=0, eventTime=26823917, downTime=26823917, deviceId=-1, source=0x101 }
W/ViewRootImpl( 5727): Dropping event due to no window focus: KeyEvent { action=ACTION_DOWN, keyCode=KEYCODE_BUTTON_6, scanCode=0, metaState=0, flags=0x8, repeatCount=0, eventTime=26823918, downTime=26823918, deviceId=-1, source=0x101 }
W/ViewRootImpl( 5727): Dropping event due to no window focus: KeyEvent { action=ACTION_DOWN, keyCode=KEYCODE_DPAD_CENTER, scanCode=0, metaState=0, flags=0x8, repeatCount=0, eventTime=26823918, downTime=26823918, deviceId=-1, source=0x101 }
I/AppiumUnicodeIME(  756): onFinishInput
I/AppiumUnicodeIME(  756): onStartInput
W/EGL_emulation( 5727): eglSurfaceAttrib not implemented
W/OpenGLRenderer( 5727): Failed to set EGL_SWAP_BEHAVIOR on surface 0xe1c43e40, error=EGL_SUCCESS
W/ViewRootImpl( 5727): Cancelling event due to no window focus: KeyEvent { action=ACTION_UP, keyCode=KEYCODE_BUTTON_6, scanCode=0, metaState=0, flags=0x28, repeatCount=0, eventTime=26823919, downTime=26823919, deviceId=-1, source=0x101 }
W/ViewRootImpl( 5727): Cancelling event due to no window focus: KeyEvent { action=ACTION_UP, keyCode=KEYCODE_BUTTON_6, scanCode=0, metaState=0, flags=0x28, repeatCount=0, eventTime=26823919, downTime=26823919, deviceId=-1, source=0x101 }
W/ViewRootImpl( 5727): Cancelling event due to no window focus: KeyEvent { action=ACTION_UP, keyCode=KEYCODE_BUTTON_6, scanCode=0, metaState=0, flags=0x28, repeatCount=0, eventTime=26823919, downTime=26823919, deviceId=-1, source=0x101 }
W/ViewRootImpl( 5727): Cancelling event due to no window focus: KeyEvent { action=ACTION_UP, keyCode=KEYCODE_BUTTON_6, scanCode=0, metaState=0, flags=0x28, repeatCount=0, eventTime=26823919, downTime=26823919, deviceId=-1, source=0x101 }
W/ViewRootImpl( 5727): Cancelling event due to no window focus: KeyEvent { action=ACTION_UP, keyCode=KEYCODE_BUTTON_6, scanCode=0, metaState=0, flags=0x28, repeatCount=0, eventTime=26823919, downTime=26823919, deviceId=-1, source=0x101 }
W/ViewRootImpl( 5727): Cancelling event due to no window focus: KeyEvent { action=ACTION_UP, keyCode=KEYCODE_BUTTON_6, scanCode=0, metaState=0, flags=0x28, repeatCount=0, eventTime=26823919, downTime=26823919, deviceId=-1, source=0x101 }
W/ViewRootImpl( 5727): Cancelling event due to no window focus: KeyEvent { action=ACTION_UP, keyCode=KEYCODE_BUTTON_6, scanCode=0, metaState=0, flags=0x28, repeatCount=0, eventTime=26823919, downTime=26823919, deviceId=-1, source=0x101 }
W/ViewRootImpl( 5727): Cancelling event due to no window focus: KeyEvent { action=ACTION_UP, keyCode=KEYCODE_BUTTON_6, scanCode=0, metaState=0, flags=0x28, repeatCount=0, eventTime=26823919, downTime=26823919, deviceId=-1, source=0x101 }
W/ViewRootImpl( 5727): Cancelling event due to no window focus: KeyEvent { action=ACTION_UP, keyCode=KEYCODE_BUTTON_6, scanCode=0, metaState=0, flags=0x28, repeatCount=0, eventTime=26823919, downTime=26823919, deviceId=-1, source=0x101 }
W/ViewRootImpl( 5727): Cancelling event due to no window focus: KeyEvent { action=ACTION_UP, keyCode=KEYCODE_DPAD_CENTER, scanCode=0, metaState=0, flags=0x28, repeatCount=0, eventTime=26823919, downTime=26823919, deviceId=-1, source=0x101 }
W/ViewRootImpl( 5727): Cancelling event due to no window focus: KeyEvent { action=ACTION_UP, keyCode=KEYCODE_DPAD_CENTER, scanCode=0, metaState=0, flags=0x28, repeatCount=0, eventTime=26823919, downTime=26823919, deviceId=-1, source=0x101 }
W/ViewRootImpl( 5727): Cancelling event due to no window focus: KeyEvent { action=ACTION_UP, keyCode=KEYCODE_DPAD_CENTER, scanCode=0, metaState=0, flags=0x28, repeatCount=0, eventTime=26823919, downTime=26823919, deviceId=-1, source=0x101 }
W/ViewRootImpl( 5727): Cancelling event due to no window focus: KeyEvent { action=ACTION_UP, keyCode=KEYCODE_DPAD_CENTER, scanCode=0, metaState=0, flags=0x28, repeatCount=0, eventTime=26823919, downTime=26823919, deviceId=-1, source=0x101 }
W/ViewRootImpl( 5727): Cancelling event due to no window focus: KeyEvent { action=ACTION_UP, keyCode=KEYCODE_DPAD_CENTER, scanCode=0, metaState=0, flags=0x28, repeatCount=0, eventTime=26823919, downTime=26823919, deviceId=-1, source=0x101 }
W/ViewRootImpl( 5727): Cancelling event due to no window focus: KeyEvent { action=ACTION_UP, keyCode=KEYCODE_DPAD_CENTER, scanCode=0, metaState=0, flags=0x28, repeatCount=0, eventTime=26823919, downTime=26823919, deviceId=-1, source=0x101 }
W/ViewRootImpl( 5727): Cancelling event due to no window focus: KeyEvent { action=ACTION_UP, keyCode=KEYCODE_DPAD_CENTER, scanCode=0, metaState=0, flags=0x28, repeatCount=0, eventTime=26823919, downTime=26823919, deviceId=-1, source=0x101 }
D/OkHttp  ( 5727): --> POST http://116.236.220.210:8084/appFixation/appFixationList?page=1&rows=10&sortField=default&sortType=asc&version=3 http/1.1
D/OkHttp  ( 5727): Content-Length: 0
W/ViewRootImpl( 5727): Cancelling event due to no window focus: KeyEvent { action=ACTION_UP, keyCode=KEYCODE_DPAD_CENTER, scanCode=0, metaState=0, flags=0x28, repeatCount=0, eventTime=26823919, downTime=26823919, deviceId=-1, source=0x101 }
D/OkHttp  ( 5727): RC-Bel-Key: bel.zhiwang.zzl
D/OkHttp  ( 5727): RC-Timestamp: 1512062492
W/ViewRootImpl( 5727): Cancelling event due to no window focus: KeyEvent { action=ACTION_UP, keyCode=KEYCODE_DPAD_CENTER, scanCode=0, metaState=0, flags=0x28, repeatCount=0, eventTime=26823919, downTime=26823919, deviceId=-1, source=0x101 }
D/OkHttp  ( 5727): RC-Nonce: 0f567f4e-2bdb-49a4-bd29-77f406ecb345
D/OkHttp  ( 5727): RC-Signature: dd928a0877086bd6d59b594b6b7159c0ec5d6f12
D/OkHttp  ( 5727): osType: Android
D/OkHttp  ( 5727): version: 2.4.0
D/OkHttp  ( 5727): --> END POST (0-byte body)
W/ViewRootImpl( 5727): Dropping event due to no window focus: KeyEvent { action=ACTION_DOWN, keyCode=KEYCODE_DPAD_CENTER, scanCode=0, metaState=0, flags=0x8, repeatCount=0, eventTime=26823978, downTime=26823978, deviceId=-1, source=0x101 }
W/ViewRootImpl( 5727): Cancelling event due to no window focus: KeyEvent { action=ACTION_UP, keyCode=KEYCODE_DPAD_CENTER, scanCode=0, metaState=0, flags=0x28, repeatCount=0, eventTime=26824226, downTime=26824226, deviceId=-1, source=0x101 }
W/ViewRootImpl( 5727): Cancelling event due to no window focus: KeyEvent { action=ACTION_UP, keyCode=KEYCODE_DPAD_CENTER, scanCode=0, metaState=0, flags=0x28, repeatCount=0, eventTime=26824226, downTime=26824226, deviceId=-1, source=0x101 }
W/ViewRootImpl( 5727): Cancelling event due to no window focus: KeyEvent { action=ACTION_UP, keyCode=KEYCODE_DPAD_CENTER, scanCode=0, metaState=0, flags=0x28, repeatCount=0, eventTime=26824226, downTime=26824226, deviceId=-1, source=0x101 }
W/ViewRootImpl( 5727): Cancelling event due to no window focus: KeyEvent { action=ACTION_UP, keyCode=KEYCODE_DPAD_CENTER, scanCode=0, metaState=0, flags=0x28, repeatCount=0, eventTime=26824226, downTime=26824226, deviceId=-1, source=0x101 }
W/ViewRootImpl( 5727): Cancelling event due to no window focus: KeyEvent { action=ACTION_UP, keyCode=KEYCODE_DPAD_CENTER, scanCode=0, metaState=0, flags=0x28, repeatCount=0, eventTime=26824226, downTime=26824226, deviceId=-1, source=0x101 }
W/ViewRootImpl( 5727): Cancelling event due to no window focus: KeyEvent { action=ACTION_UP, keyCode=KEYCODE_DPAD_CENTER, scanCode=0, metaState=0, flags=0x28, repeatCount=0, eventTime=26824226, downTime=26824226, deviceId=-1, source=0x101 }
W/ViewRootImpl( 5727): Cancelling event due to no window focus: KeyEvent { action=ACTION_UP, keyCode=KEYCODE_DPAD_CENTER, scanCode=0, metaState=0, flags=0x28, repeatCount=0, eventTime=26824226, downTime=26824226, deviceId=-1, source=0x101 }
W/ViewRootImpl( 5727): Cancelling event due to no window focus: KeyEvent { action=ACTION_UP, keyCode=KEYCODE_DPAD_CENTER, scanCode=0, metaState=0, flags=0x28, repeatCount=0, eventTime=26824226, downTime=26824226, deviceId=-1, source=0x101 }
W/ViewRootImpl( 5727): Cancelling event due to no window focus: KeyEvent { action=ACTION_UP, keyCode=KEYCODE_DPAD_CENTER, scanCode=0, metaState=0, flags=0x28, repeatCount=0, eventTime=26824226, downTime=26824226, deviceId=-1, source=0x101 }
W/ViewRootImpl( 5727): Dropping event due to no window focus: KeyEvent { action=ACTION_DOWN, keyCode=KEYCODE_MENU, scanCode=0, metaState=0, flags=0x8, repeatCount=0, eventTime=26824234, downTime=26824234, deviceId=-1, source=0x101 }
I/AppiumUnicodeIME(  756): onKeyDown (keyCode='20', event.keyCode='20', metaState='0')
I/AppiumUnicodeIME(  756): onKeyUp (keyCode='20', event.keyCode='20', metaState='0')
I/AppiumUnicodeIME(  756): onKeyDown (keyCode='20', event.keyCode='20', metaState='0')
I/AppiumUnicodeIME(  756): onKeyUp (keyCode='20', event.keyCode='20', metaState='0')
I/AppiumUnicodeIME(  756): onKeyDown (keyCode='20', event.keyCode='20', metaState='0')
I/AppiumUnicodeIME(  756): onKeyUp (keyCode='20', event.keyCode='20', metaState='0')
I/AppiumUnicodeIME(  756): onKeyDown (keyCode='20', event.keyCode='20', metaState='0')
I/AppiumUnicodeIME(  756): onKeyUp (keyCode='20', event.keyCode='20', metaState='0')
D/OkHttp  ( 5727): <-- 200 OK http://116.236.220.210:8084/appFixation/appFixationList?page=1&rows=10&sortField=default&sortType=asc&version=3 (43ms)
D/OkHttp  ( 5727): Server: Apache-Coyote/1.1
D/OkHttp  ( 5727): Set-Cookie: JSESSIONID=3ADC7C8819D520CBBD35689D3F146A8E; Path=/; HttpOnly
D/OkHttp  ( 5727): Content-Type: application/json;charset=utf-8
D/OkHttp  ( 5727): Content-Length: 7816
D/OkHttp  ( 5727): Date: Fri, 01 Dec 2017 08:14:11 GMT
