D/OkHttp  ( 5727): {"fingerGestures":{"firstHintStatus":"1"},"user":{"onlineLogin":1,"bindCardState":1,"loginNum":2,"score":"0","custSource":1,"password":"6367c48dd193d56ea7b0baad25b19455e529f5ee","reservedDomain":"1","bankVerify":1,"emailVerify":0,"custIc":"321001201707265233","id":"7ac76fc40a87449ca54f1e0649628e2e","invitationVerify":"null","transferSignVerify":1,"bankAccount":"6212461030000503429","automaticSignVerify":1,"efCustInfoId":"23d83a0517eb4154b7ab1e4d37111cc1","fyVerify":0,"fyAccount":"","mobile":"13900010001","custInfoId":"45342b81d0204529ae7be3fa321c5b4b","zzlLogin":1,"custName":"安卓贝尔壹","mobileVerify":1,"lastLoginTime":"2017-11-30 17:07:04","bindCardMobile":"13900010001","createTime":"2017-07-26 15:17:04","custEmail":"","evaluationFlag":2,"realnameVerify":1,"username":"xuxu1","withdrawPwStatus":1},"responseCode":"1"}
D/OkHttp  ( 5727): <-- END HTTP (834-byte body)
I/AppiumUnicodeIME(  756): onKeyDown (keyCode='22', event.keyCode='22', metaState='0')
I/AppiumUnicodeIME(  756): onFinishInput
I/AppiumUnicodeIME(  756): onStartInput
W/AudioTrack(  595): AUDIO_OUTPUT_FLAG_FAST denied by client
I/AppiumUnicodeIME(  756): onKeyUp (keyCode='22', event.keyCode='22', metaState='0')
I/AppiumUnicodeIME(  756): onFinishInput
I/AppiumUnicodeIME(  756): onStartInput
I/AppiumUnicodeIME(  756): onKeyDown (keyCode='176', event.keyCode='176', metaState='0')
I/AppiumUnicodeIME(  756): onKeyUp (keyCode='176', event.keyCode='176', metaState='0')
D/PhoneStatusBar(  717): disable: < expand ICONS* alerts SYSTEM_INFO* back home recent clock search >
I/AppiumUnicodeIME(  756): onKeyDown (keyCode='22', event.keyCode='22', metaState='0')
I/AppiumUnicodeIME(  756): onKeyUp (keyCode='22', event.keyCode='22', metaState='0')
I/AppiumUnicodeIME(  756): onKeyDown (keyCode='22', event.keyCode='22', metaState='0')
I/AppiumUnicodeIME(  756): onKeyUp (keyCode='22', event.keyCode='22', metaState='0')
I/AppiumUnicodeIME(  756): onKeyDown (keyCode='19', event.keyCode='19', metaState='0')
I/AppiumUnicodeIME(  756): onKeyUp (keyCode='19', event.keyCode='19', metaState='0')
I/AppiumUnicodeIME(  756): onKeyDown (keyCode='19', event.keyCode='19', metaState='0')
I/AppiumUnicodeIME(  756): onKeyUp (keyCode='19', event.keyCode='19', metaState='0')
W/EGL_emulation(  717): eglSurfaceAttrib not implemented
W/OpenGLRenderer(  717): Failed to set EGL_SWAP_BEHAVIOR on surface 0xeec35da0, error=EGL_SUCCESS
W/ViewRootImpl(  717): Dropping event due to no window focus: KeyEvent { action=ACTION_DOWN, keyCode=KEYCODE_DPAD_LEFT, scanCode=0, metaState=0, flags=0x8, repeatCount=0, eventTime=26884936, downTime=26884936, deviceId=-1, source=0x101 }
W/ViewRootImpl(  717): Cancelling event due to no window focus: KeyEvent { action=ACTION_UP, keyCode=KEYCODE_DPAD_LEFT, scanCode=0, metaState=0, flags=0x28, repeatCount=0, eventTime=26885008, downTime=26885008, deviceId=-1, source=0x101 }
W/ViewRootImpl(  717): Cancelling event due to no window focus: KeyEvent { action=ACTION_UP, keyCode=KEYCODE_DPAD_LEFT, scanCode=0, metaState=0, flags=0x28, repeatCount=0, eventTime=26885008, downTime=26885008, deviceId=-1, source=0x101 }
W/ViewRootImpl(  717): Cancelling event due to no window focus: KeyEvent { action=ACTION_UP, keyCode=KEYCODE_DPAD_LEFT, scanCode=0, metaState=0, flags=0x28, repeatCount=0, eventTime=26885008, downTime=26885008, deviceId=-1, source=0x101 }
W/ViewRootImpl(  717): Cancelling event due to no window focus: KeyEvent { action=ACTION_UP, keyCode=KEYCODE_DPAD_LEFT, scanCode=0, metaState=0, flags=0x28, repeatCount=0, eventTime=26885008, downTime=26885008, deviceId=-1, source=0x101 }
W/ViewRootImpl(  717): Cancelling event due to no window focus: KeyEvent { action=ACTION_UP, keyCode=KEYCODE_DPAD_LEFT, scanCode=0, metaState=0, flags=0x28, repeatCount=0, eventTime=26885008, downTime=26885008, deviceId=-1, source=0x101 }
W/ViewRootImpl(  717): Cancelling event due to no window focus: KeyEvent { action=ACTION_UP, keyCode=KEYCODE_DPAD_LEFT, scanCode=0, metaState=0, flags=0x28, repeatCount=0, eventTime=26885008, downTime=26885008, deviceId=-1, source=0x101 }
W/ViewRootImpl(  717): Cancelling event due to no window focus: KeyEvent { action=ACTION_UP, keyCode=KEYCODE_DPAD_LEFT, scanCode=0, metaState=0, flags=0x28, repeatCount=0, eventTime=26885008, downTime=26885008, deviceId=-1, source=0x101 }
W/ViewRootImpl(  717): Cancelling event due to no window focus: KeyEvent { action=ACTION_UP, keyCode=KEYCODE_DPAD_LEFT, scanCode=0, metaState=0, flags=0x28, repeatCount=0, eventTime=26885008, downTime=26885008, deviceId=-1, source=0x101 }
W/ViewRootImpl(  717): Cancelling event due to no window focus: KeyEvent { action=ACTION_UP, keyCode=KEYCODE_DPAD_LEFT, scanCode=0, metaState=0, flags=0x28, repeatCount=0, eventTime=26885008, downTime=26885008, deviceId=-1, source=0x101 }
W/ViewRootImpl(  717): Dropping event due to no window focus: KeyEvent { action=ACTION_DOWN, keyCode=KEYCODE_NUMPAD_9, scanCode=0, metaState=0, flags=0x8, repeatCount=0, eventTime=26885124, downTime=26885124, deviceId=-1, source=0x101 }
W/ViewRootImpl(  717): Dropping event due to no window focus: KeyEvent { action=ACTION_DOWN, keyCode=KEYCODE_PAGE_UP, scanCode=0, metaState=0, flags=0x8, repeatCount=0, eventTime=26885124, downTime=26885124, deviceId=-1, source=0x101 }
W/ViewRootImpl(  717): Cancelling event due to no window focus: KeyEvent { action=ACTION_UP, keyCode=KEYCODE_NUMPAD_9, scanCode=0, metaState=0, flags=0x28, repeatCount=0, eventTime=26885127, downTime=26885127, deviceId=-1, source=0x101 }
W/ViewRootImpl(  717): Cancelling event due to no window focus: KeyEvent { action=ACTION_UP, keyCode=KEYCODE_NUMPAD_9, scanCode=0, metaState=0, flags=0x28, repeatCount=0, eventTime=26885127, downTime=26885127, deviceId=-1, source=0x101 }
W/ViewRootImpl(  717): Cancelling event due to no window focus: KeyEvent { action=ACTION_UP, keyCode=KEYCODE_NUMPAD_9, scanCode=0, metaState=0, flags=0x28, repeatCount=0, eventTime=26885127, downTime=26885127, deviceId=-1, source=0x101 }
W/ViewRootImpl(  717): Cancelling event due to no window focus: KeyEvent { action=ACTION_UP, keyCode=KEYCODE_NUMPAD_9, scanCode=0, metaState=0, flags=0x28, repeatCount=0, eventTime=26885127, downTime=26885127, deviceId=-1, source=0x101 }
W/ViewRootImpl(  717): Cancelling event due to no window focus: KeyEvent { action=ACTION_UP, keyCode=KEYCODE_NUMPAD_9, scanCode=0, metaState=0, flags=0x28, repeatCount=0, eventTime=26885127, downTime=26885127, deviceId=-1, source=0x101 }
W/ViewRootImpl(  717): Cancelling event due to no window focus: KeyEvent { action=ACTION_UP, keyCode=KEYCODE_NUMPAD_9, scanCode=0, metaState=0, flags=0x28, repeatCount=0, eventTime=26885127, downTime=26885127, deviceId=-1, source=0x101 }
W/ViewRootImpl(  717): Cancelling event due to no window focus: KeyEvent { action=ACTION_UP, keyCode=KEYCODE_NUMPAD_9, scanCode=0, metaState=0, flags=0x28, repeatCount=0, eventTime=26885127, downTime=26885127, deviceId=-1, source=0x101 }
W/ViewRootImpl(  717): Cancelling event due to no window focus: KeyEvent { action=ACTION_UP, keyCode=KEYCODE_NUMPAD_9, scanCode=0, metaState=0, flags=0x28, repeatCount=0, eventTime=26885127, downTime=26885127, deviceId=-1, source=0x101 }
W/ViewRootImpl(  717): Cancelling event due to no window focus: KeyEvent { action=ACTION_UP, keyCode=KEYCODE_NUMPAD_9, scanCode=0, metaState=0, flags=0x28, repeatCount=0, eventTime=26885127, downTime=26885127, deviceId=-1, source=0x101 }
W/ViewRootImpl(  717): Cancelling event due to no window focus: KeyEvent { action=ACTION_UP, keyCode=KEYCODE_PAGE_UP, scanCode=0, metaState=0, flags=0x28, repeatCount=0, eventTime=26885127, downTime=26885127, deviceId=-1, source=0x101 }
W/ViewRootImpl(  717): Cancelling event due to no window focus: KeyEvent { action=ACTION_UP, keyCode=KEYCODE_PAGE_UP, scanCode=0, metaState=0, flags=0x28, repeatCount=0, eventTime=26885127, downTime=26885127, deviceId=-1, source=0x101 }
W/ViewRootImpl(  717): Cancelling event due to no window focus: KeyEvent { action=ACTION_UP, keyCode=KEYCODE_PAGE_UP, scanCode=0, metaState=0, flags=0x28, repeatCount=0, eventTime=26885127, downTime=26885127, deviceId=-1, source=0x101 }
W/ViewRootImpl(  717): Cancelling event due to no window focus: KeyEvent { action=ACTION_UP, keyCode=KEYCODE_PAGE_UP, scanCode=0, metaState=0, flags=0x28, repeatCount=0, eventTime=26885127, downTime=26885127, deviceId=-1, source=0x101 }
W/ViewRootImpl(  717): Cancelling event due to no window focus: KeyEvent { action=ACTION_UP, keyCode=KEYCODE_PAGE_UP, scanCode=0, metaState=0, flags=0x28, repeatCount=0, eventTime=26885127, downTime=26885127, deviceId=-1, source=0x101 }
W/ViewRootImpl(  717): Cancelling event due to no window focus: KeyEvent { action=ACTION_UP, keyCode=KEYCODE_PAGE_UP, scanCode=0, metaState=0, flags=0x28, repeatCount=0, eventTime=26885127, downTime=26885127, deviceId=-1, source=0x101 }
W/ViewRootImpl(  717): Cancelling event due to no window focus: KeyEvent { action=ACTION_UP, keyCode=KEYCODE_PAGE_UP, scanCode=0, metaState=0, flags=0x28, repeatCount=0, eventTime=26885127, downTime=26885127, deviceId=-1, source=0x101 }
W/ViewRootImpl(  717): Cancelling event due to no window focus: KeyEvent { action=ACTION_UP, keyCode=KEYCODE_PAGE_UP, scanCode=0, metaState=0, flags=0x28, repeatCount=0, eventTime=26885127, downTime=26885127, deviceId=-1, source=0x101 }
W/ViewRootImpl(  717): Cancelling event due to no window focus: KeyEvent { action=ACTION_UP, keyCode=KEYCODE_PAGE_UP, scanCode=0, metaState=0, flags=0x28, repeatCount=0, eventTime=26885127, downTime=26885127, deviceId=-1, source=0x101 }
W/ViewRootImpl(  717): Dropping event due to no window focus: KeyEvent { action=ACTION_DOWN, keyCode=KEYCODE_DPAD_LEFT, scanCode=0, metaState=0, flags=0x8, repeatCount=0, eventTime=26885130, downTime=26885130, deviceId=-1, source=0x101 }
W/ViewRootImpl(  717): Cancelling event due to no window focus: KeyEvent { action=ACTION_UP, keyCode=KEYCODE_DPAD_LEFT, scanCode=0, metaState=0, flags=0x28, repeatCount=0, eventTime=26885131, downTime=26885131, deviceId=-1, source=0x101 }
W/ViewRootImpl(  717): Cancelling event due to no window focus: KeyEvent { action=ACTION_UP, keyCode=KEYCODE_DPAD_LEFT, scanCode=0, metaState=0, flags=0x28, repeatCount=0, eventTime=26885131, downTime=26885131, deviceId=-1, source=0x101 }
W/ViewRootImpl(  717): Cancelling event due to no window focus: KeyEvent { action=ACTION_UP, keyCode=KEYCODE_DPAD_LEFT, scanCode=0, metaState=0, flags=0x28, repeatCount=0, eventTime=26885131, downTime=26885131, deviceId=-1, source=0x101 }
W/ViewRootImpl(  717): Cancelling event due to no window focus: KeyEvent { action=ACTION_UP, keyCode=KEYCODE_DPAD_LEFT, scanCode=0, metaState=0, flags=0x28, repeatCount=0, eventTime=26885131, downTime=26885131, deviceId=-1, source=0x101 }
W/ViewRootImpl(  717): Cancelling event due to no window focus: KeyEvent { action=ACTION_UP, keyCode=KEYCODE_DPAD_LEFT, scanCode=0, metaState=0, flags=0x28, repeatCount=0, eventTime=26885131, downTime=26885131, deviceId=-1, source=0x101 }
W/ViewRootImpl(  717): Cancelling event due to no window focus: KeyEvent { action=ACTION_UP, keyCode=KEYCODE_DPAD_LEFT, scanCode=0, metaState=0, flags=0x28, repeatCount=0, eventTime=26885131, downTime=26885131, deviceId=-1, source=0x101 }
W/ViewRootImpl(  717): Cancelling event due to no window focus: KeyEvent { action=ACTION_UP, keyCode=KEYCODE_DPAD_LEFT, scanCode=0, metaState=0, flags=0x28, repeatCount=0, eventTime=26885131, downTime=26885131, deviceId=-1, source=0x101 }
W/ViewRootImpl(  717): Cancelling event due to no window focus: KeyEvent { action=ACTION_UP, keyCode=KEYCODE_DPAD_LEFT, scanCode=0, metaState=0, flags=0x28, repeatCount=0, eventTime=26885131, downTime=26885131, deviceId=-1, source=0x101 }
W/ViewRootImpl(  717): Cancelling event due to no window focus: KeyEvent { action=ACTION_UP, keyCode=KEYCODE_DPAD_LEFT, scanCode=0, metaState=0, flags=0x28, repeatCount=0, eventTime=26885131, downTime=26885131, deviceId=-1, source=0x101 }
W/ViewRootImpl(  717): Dropping event due to no window focus: KeyEvent { action=ACTION_DOWN, keyCode=KEYCODE_DPAD_CENTER, scanCode=0, metaState=0, flags=0x8, repeatCount=0, eventTime=26885132, downTime=26885132, deviceId=-1, source=0x101 }
W/ViewRootImpl(  717): Cancelling event due to no window focus: KeyEvent { action=ACTION_UP, keyCode=KEYCODE_DPAD_CENTER, scanCode=0, metaState=0, flags=0x28, repeatCount=0, eventTime=26885133, downTime=26885133, deviceId=-1, source=0x101 }
W/ViewRootImpl(  717): Cancelling event due to no window focus: KeyEvent { action=ACTION_UP, keyCode=KEYCODE_DPAD_CENTER, scanCode=0, metaState=0, flags=0x28, repeatCount=0, eventTime=26885133, downTime=26885133, deviceId=-1, source=0x101 }
W/ViewRootImpl(  717): Cancelling event due to no window focus: KeyEvent { action=ACTION_UP, keyCode=KEYCODE_DPAD_CENTER, scanCode=0, metaState=0, flags=0x28, repeatCount=0, eventTime=26885133, downTime=26885133, deviceId=-1, source=0x101 }
W/ViewRootImpl(  717): Cancelling event due to no window focus: KeyEvent { action=ACTION_UP, keyCode=KEYCODE_DPAD_CENTER, scanCode=0, metaState=0, flags=0x28, repeatCount=0, eventTime=26885133, downTime=26885133, deviceId=-1, source=0x101 }
W/ViewRootImpl(  717): Cancelling event due to no window focus: KeyEvent { action=ACTION_UP, keyCode=KEYCODE_DPAD_CENTER, scanCode=0, metaState=0, flags=0x28, repeatCount=0, eventTime=26885133, downTime=26885133, deviceId=-1, source=0x101 }
W/ViewRootImpl(  717): Cancelling event due to no window focus: KeyEvent { action=ACTION_UP, keyCode=KEYCODE_DPAD_CENTER, scanCode=0, metaState=0, flags=0x28, repeatCount=0, eventTime=26885133, downTime=26885133, deviceId=-1, source=0x101 }
W/ViewRootImpl(  717): Cancelling event due to no window focus: KeyEvent { action=ACTION_UP, keyCode=KEYCODE_DPAD_CENTER, scanCode=0, metaState=0, flags=0x28, repeatCount=0, eventTime=26885133, downTime=26885133, deviceId=-1, source=0x101 }
W/ViewRootImpl(  717): Cancelling event due to no window focus: KeyEvent { action=ACTION_UP, keyCode=KEYCODE_DPAD_CENTER, scanCode=0, metaState=0, flags=0x28, repeatCount=0, eventTime=26885133, downTime=26885133, deviceId=-1, source=0x101 }
W/ViewRootImpl(  717): Cancelling event due to no window focus: KeyEvent { action=ACTION_UP, keyCode=KEYCODE_DPAD_CENTER, scanCode=0, metaState=0, flags=0x28, repeatCount=0, eventTime=26885133, downTime=26885133, deviceId=-1, source=0x101 }
D/PhoneStatusBar(  717): disable: < expand icons* alerts system_info* back home recent clock search >
W/EGL_emulation(  717): eglSurfaceAttrib not implemented
W/OpenGLRenderer(  717): Failed to set EGL_SWAP_BEHAVIOR on surface 0xeec35da0, error=EGL_SUCCESS
W/ViewRootImpl( 5727): Cancelling event due to no window focus: KeyEvent { action=ACTION_UP, keyCode=KEYCODE_DPAD_RIGHT, scanCode=0, metaState=0, flags=0x28, repeatCount=0, eventTime=26885274, downTime=26885274, deviceId=-1, source=0x101 }
W/ViewRootImpl( 5727): Cancelling event due to no window focus: KeyEvent { action=ACTION_UP, keyCode=KEYCODE_DPAD_RIGHT, scanCode=0, metaState=0, flags=0x28, repeatCount=0, eventTime=26885274, downTime=26885274, deviceId=-1, source=0x101 }
W/ViewRootImpl( 5727): Cancelling event due to no window focus: KeyEvent { action=ACTION_UP, keyCode=KEYCODE_DPAD_RIGHT, scanCode=0, metaState=0, flags=0x28, repeatCount=0, eventTime=26885274, downTime=26885274, deviceId=-1, source=0x101 }
I/AppiumUnicodeIME(  756): onKeyUp (keyCode='22', event.keyCode='22', metaState='0')
W/ViewRootImpl( 5727): Cancelling event due to no window focus: KeyEvent { action=ACTION_UP, keyCode=KEYCODE_DPAD_RIGHT, scanCode=0, metaState=0, flags=0x28, repeatCount=0, eventTime=26885274, downTime=26885274, deviceId=-1, source=0x101 }
W/ViewRootImpl( 5727): Cancelling event due to no window focus: KeyEvent { action=ACTION_UP, keyCode=KEYCODE_DPAD_RIGHT, scanCode=0, metaState=0, flags=0x28, repeatCount=0, eventTime=26885274, downTime=26885274, deviceId=-1, source=0x101 }
W/ViewRootImpl( 5727): Cancelling event due to no window focus: KeyEvent { action=ACTION_UP, keyCode=KEYCODE_DPAD_RIGHT, scanCode=0, metaState=0, flags=0x28, repeatCount=0, eventTime=26885274, downTime=26885274, deviceId=-1, source=0x101 }
W/ViewRootImpl( 5727): Cancelling event due to no window focus: KeyEvent { action=ACTION_UP, keyCode=KEYCODE_DPAD_RIGHT, scanCode=0, metaState=0, flags=0x28, repeatCount=0, eventTime=26885274, downTime=26885274, deviceId=-1, source=0x101 }
W/ViewRootImpl( 5727): Cancelling event due to no window focus: KeyEvent { action=ACTION_UP, keyCode=KEYCODE_DPAD_RIGHT, scanCode=0, metaState=0, flags=0x28, repeatCount=0, eventTime=26885274, downTime=26885274, deviceId=-1, source=0x101 }
W/ViewRootImpl( 5727): Cancelling event due to no window focus: KeyEvent { action=ACTION_UP, keyCode=KEYCODE_DPAD_RIGHT, scanCode=0, metaState=0, flags=0x28, repeatCount=0, eventTime=26885274, downTime=26885274, deviceId=-1, source=0x101 }
W/InputMethodManagerService(  595): Window already focused, ignoring focus gain of: com.android.internal.view.IInputMethodClient$Stub$Proxy@1bd5a7f4 attribute=null, token = android.os.BinderProxy@3af76a1e
I/AppiumUnicodeIME(  756): onKeyDown (keyCode='19', event.keyCode='19', metaState='0')
I/AppiumUnicodeIME(  756): onKeyUp (keyCode='19', event.keyCode='19', metaState='0')
I/AppiumUnicodeIME(  756): onKeyDown (keyCode='82', event.keyCode='82', metaState='0')
I/AppiumUnicodeIME(  756): onKeyUp (keyCode='82', event.keyCode='82', metaState='0')
I/AppiumUnicodeIME(  756): onKeyDown (keyCode='82', event.keyCode='82', metaState='0')
W/AudioTrack(  595): AUDIO_OUTPUT_FLAG_FAST denied by client
I/AppiumUnicodeIME(  756): onKeyUp (keyCode='82', event.keyCode='82', metaState='0')
V/WindowManager(  595): Adding window Window{35eec192 u0 SubPanel:com.zzl.falcon.internal/com.zzl.falcon.MainActivity} at 5 of 10 (after Window{2ee182ff u0 com.zzl.falcon.internal/com.zzl.falcon.MainActivity})
W/ViewRootImpl( 5727): Dropping event due to no window focus: KeyEvent { action=ACTION_DOWN, keyCode=KEYCODE_F3, scanCode=0, metaState=0, flags=0x8, repeatCount=0, eventTime=26885521, downTime=26885521, deviceId=-1, source=0x101 }
W/ViewRootImpl( 5727): Cancelling event due to no window focus: KeyEvent { action=ACTION_UP, keyCode=KEYCODE_F3, scanCode=0, metaState=0, flags=0x28, repeatCount=0, eventTime=26885626, downTime=26885626, deviceId=-1, source=0x101 }
W/ViewRootImpl( 5727): Cancelling event due to no window focus: KeyEvent { action=ACTION_UP, keyCode=KEYCODE_F3, scanCode=0, metaState=0, flags=0x28, repeatCount=0, eventTime=26885626, downTime=26885626, deviceId=-1, source=0x101 }
W/ViewRootImpl( 5727): Cancelling event due to no window focus: KeyEvent { action=ACTION_UP, keyCode=KEYCODE_F3, scanCode=0, metaState=0, flags=0x28, repeatCount=0, eventTime=26885626, downTime=26885626, deviceId=-1, source=0x101 }
W/ViewRootImpl( 5727): Cancelling event due to no window focus: KeyEvent { action=ACTION_UP, keyCode=KEYCODE_F3, scanCode=0, metaState=0, flags=0x28, repeatCount=0, eventTime=26885626, downTime=26885626, deviceId=-1, source=0x101 }
W/ViewRootImpl( 5727): Cancelling event due to no window focus: KeyEvent { action=ACTION_UP, keyCode=KEYCODE_F3, scanCode=0, metaState=0, flags=0x28, repeatCount=0, eventTime=26885626, downTime=26885626, deviceId=-1, source=0x101 }
W/ViewRootImpl( 5727): Cancelling event due to no window focus: KeyEvent { action=ACTION_UP, keyCode=KEYCODE_F3, scanCode=0, metaState=0, flags=0x28, repeatCount=0, eventTime=26885626, downTime=26885626, deviceId=-1, source=0x101 }
W/ViewRootImpl( 5727): Cancelling event due to no window focus: KeyEvent { action=ACTION_UP, keyCode=KEYCODE_F3, scanCode=0, metaState=0, flags=0x28, repeatCount=0, eventTime=26885626, downTime=26885626, deviceId=-1, source=0x101 }
W/ViewRootImpl( 5727): Cancelling event due to no window focus: KeyEvent { action=ACTION_UP, keyCode=KEYCODE_F3, scanCode=0, metaState=0, flags=0x28, repeatCount=0, eventTime=26885626, downTime=26885626, deviceId=-1, source=0x101 }
W/ViewRootImpl( 5727): Cancelling event due to no window focus: KeyEvent { action=ACTION_UP, keyCode=KEYCODE_F3, scanCode=0, metaState=0, flags=0x28, repeatCount=0, eventTime=26885626, downTime=26885626, deviceId=-1, source=0x101 }
W/AudioTrack(  595): AUDIO_OUTPUT_FLAG_FAST denied by client
W/EGL_emulation( 5727): eglSurfaceAttrib not implemented
W/OpenGLRenderer( 5727): Failed to set EGL_SWAP_BEHAVIOR on surface 0xddd46b80, error=EGL_SUCCESS
W/AudioTrack(  595): AUDIO_OUTPUT_FLAG_FAST denied by client
V/WindowManager(  595): not Base app: Adding window Window{22b364de u0 com.zzl.falcon.internal/com.zzl.falcon.MainActivity} at 6 of 11
W/EGL_emulation( 5727): eglSurfaceAttrib not implemented
W/OpenGLRenderer( 5727): Failed to set EGL_SWAP_BEHAVIOR on surface 0xdf0a71e0, error=EGL_SUCCESS
W/ViewRootImpl( 5727): Cancelling event due to no window focus: KeyEvent { action=ACTION_UP, keyCode=KEYCODE_DPAD_UP, scanCode=0, metaState=0, flags=0x28, repeatCount=0, eventTime=26885778, downTime=26885778, deviceId=-1, source=0x101 }
W/ViewRootImpl( 5727): Cancelling event due to no window focus: KeyEvent { action=ACTION_UP, keyCode=KEYCODE_DPAD_UP, scanCode=0, metaState=0, flags=0x28, repeatCount=0, eventTime=26885778, downTime=26885778, deviceId=-1, source=0x101 }
W/ViewRootImpl( 5727): Cancelling event due to no window focus: KeyEvent { action=ACTION_UP, keyCode=KEYCODE_DPAD_UP, scanCode=0, metaState=0, flags=0x28, repeatCount=0, eventTime=26885778, downTime=26885778, deviceId=-1, source=0x101 }
W/ViewRootImpl( 5727): Cancelling event due to no window focus: KeyEvent { action=ACTION_UP, keyCode=KEYCODE_DPAD_UP, scanCode=0, metaState=0, flags=0x28, repeatCount=0, eventTime=26885778, downTime=26885778, deviceId=-1, source=0x101 }
W/ViewRootImpl( 5727): Cancelling event due to no window focus: KeyEvent { action=ACTION_UP, keyCode=KEYCODE_DPAD_UP, scanCode=0, metaState=0, flags=0x28, repeatCount=0, eventTime=26885778, downTime=26885778, deviceId=-1, source=0x101 }
W/ViewRootImpl( 5727): Cancelling event due to no window focus: KeyEvent { action=ACTION_UP, keyCode=KEYCODE_DPAD_UP, scanCode=0, metaState=0, flags=0x28, repeatCount=0, eventTime=26885778, downTime=26885778, deviceId=-1, source=0x101 }
W/ViewRootImpl( 5727): Cancelling event due to no window focus: KeyEvent { action=ACTION_UP, keyCode=KEYCODE_DPAD_UP, scanCode=0, metaState=0, flags=0x28, repeatCount=0, eventTime=26885778, downTime=26885778, deviceId=-1, source=0x101 }
W/ViewRootImpl( 5727): Cancelling event due to no window focus: KeyEvent { action=ACTION_UP, keyCode=KEYCODE_DPAD_UP, scanCode=0, metaState=0, flags=0x28, repeatCount=0, eventTime=26885778, downTime=26885778, deviceId=-1, source=0x101 }
W/ViewRootImpl( 5727): Cancelling event due to no window focus: KeyEvent { action=ACTION_UP, keyCode=KEYCODE_DPAD_UP, scanCode=0, metaState=0, flags=0x28, repeatCount=0, eventTime=26885778, downTime=26885778, deviceId=-1, source=0x101 }
W/ViewRootImpl( 5727): Dropping event due to no window focus: KeyEvent { action=ACTION_DOWN, keyCode=KEYCODE_DPAD_LEFT, scanCode=0, metaState=0, flags=0x8, repeatCount=0, eventTime=26885792, downTime=26885792, deviceId=-1, source=0x101 }
W/ViewRootImpl( 5727): Cancelling event due to no window focus: KeyEvent { action=ACTION_UP, keyCode=KEYCODE_DPAD_LEFT, scanCode=0, metaState=0, flags=0x28, repeatCount=0, eventTime=26885897, downTime=26885897, deviceId=-1, source=0x101 }
W/ViewRootImpl( 5727): Cancelling event due to no window focus: KeyEvent { action=ACTION_UP, keyCode=KEYCODE_DPAD_LEFT, scanCode=0, metaState=0, flags=0x28, repeatCount=0, eventTime=26885897, downTime=26885897, deviceId=-1, source=0x101 }
W/ViewRootImpl( 5727): Cancelling event due to no window focus: KeyEvent { action=ACTION_UP, keyCode=KEYCODE_DPAD_LEFT, scanCode=0, metaState=0, flags=0x28, repeatCount=0, eventTime=26885897, downTime=26885897, deviceId=-1, source=0x101 }
W/ViewRootImpl( 5727): Cancelling event due to no window focus: KeyEvent { action=ACTION_UP, keyCode=KEYCODE_DPAD_LEFT, scanCode=0, metaState=0, flags=0x28, repeatCount=0, eventTime=26885897, downTime=26885897, deviceId=-1, source=0x101 }
W/ViewRootImpl( 5727): Cancelling event due to no window focus: KeyEvent { action=ACTION_UP, keyCode=KEYCODE_DPAD_LEFT, scanCode=0, metaState=0, flags=0x28, repeatCount=0, eventTime=26885897, downTime=26885897, deviceId=-1, source=0x101 }
W/ViewRootImpl( 5727): Cancelling event due to no window focus: KeyEvent { action=ACTION_UP, keyCode=KEYCODE_DPAD_LEFT, scanCode=0, metaState=0, flags=0x28, repeatCount=0, eventTime=26885897, downTime=26885897, deviceId=-1, source=0x101 }
W/ViewRootImpl( 5727): Cancelling event due to no window focus: KeyEvent { action=ACTION_UP, keyCode=KEYCODE_DPAD_LEFT, scanCode=0, metaState=0, flags=0x28, repeatCount=0, eventTime=26885897, downTime=26885897, deviceId=-1, source=0x101 }
W/ViewRootImpl( 5727): Cancelling event due to no window focus: KeyEvent { action=ACTION_UP, keyCode=KEYCODE_DPAD_LEFT, scanCode=0, metaState=0, flags=0x28, repeatCount=0, eventTime=26885897, downTime=26885897, deviceId=-1, source=0x101 }
W/ViewRootImpl( 5727): Cancelling event due to no window focus: KeyEvent { action=ACTION_UP, keyCode=KEYCODE_DPAD_LEFT, scanCode=0, metaState=0, flags=0x28, repeatCount=0, eventTime=26885897, downTime=26885897, deviceId=-1, source=0x101 }
I/ActivityManager(  595): START u0 {act=android.intent.action.MAIN cat=[android.intent.category.LAUNCHER] flg=0x10200000 cmp=com.zzl.falcon.internal/com.zzl.falcon.EntranceActivity} from uid 0 on display 0
W/AudioTrack(  595): AUDIO_OUTPUT_FLAG_FAST denied by client
W/ViewRootImpl( 5727): Cancelling event due to no window focus: KeyEvent { action=ACTION_UP, keyCode=KEYCODE_DPAD_UP, scanCode=0, metaState=0, flags=0x28, repeatCount=0, eventTime=26886173, downTime=26886173, deviceId=-1, source=0x101 }
W/ViewRootImpl( 5727): Cancelling event due to no window focus: KeyEvent { action=ACTION_UP, keyCode=KEYCODE_DPAD_UP, scanCode=0, metaState=0, flags=0x28, repeatCount=0, eventTime=26886173, downTime=26886173, deviceId=-1, source=0x101 }
W/ViewRootImpl( 5727): Cancelling event due to no window focus: KeyEvent { action=ACTION_UP, keyCode=KEYCODE_DPAD_UP, scanCode=0, metaState=0, flags=0x28, repeatCount=0, eventTime=26886173, downTime=26886173, deviceId=-1, source=0x101 }
I/AppiumUnicodeIME(  756): onKeyUp (keyCode='19', event.keyCode='19', metaState='0')
W/ViewRootImpl( 5727): Cancelling event due to no window focus: KeyEvent { action=ACTION_UP, keyCode=KEYCODE_DPAD_UP, scanCode=0, metaState=0, flags=0x28, repeatCount=0, eventTime=26886173, downTime=26886173, deviceId=-1, source=0x101 }
W/ViewRootImpl( 5727): Cancelling event due to no window focus: KeyEvent { action=ACTION_UP, keyCode=KEYCODE_DPAD_UP, scanCode=0, metaState=0, flags=0x28, repeatCount=0, eventTime=26886173, downTime=26886173, deviceId=-1, source=0x101 }
W/ViewRootImpl( 5727): Cancelling event due to no window focus: KeyEvent { action=ACTION_UP, keyCode=KEYCODE_DPAD_UP, scanCode=0, metaState=0, flags=0x28, repeatCount=0, eventTime=26886173, downTime=26886173, deviceId=-1, source=0x101 }
W/ViewRootImpl( 5727): Cancelling event due to no window focus: KeyEvent { action=ACTION_UP, keyCode=KEYCODE_DPAD_UP, scanCode=0, metaState=0, flags=0x28, repeatCount=0, eventTime=26886173, downTime=26886173, deviceId=-1, source=0x101 }
W/ViewRootImpl( 5727): Cancelling event due to no window focus: KeyEvent { action=ACTION_UP, keyCode=KEYCODE_DPAD_UP, scanCode=0, metaState=0, flags=0x28, repeatCount=0, eventTime=26886173, downTime=26886173, deviceId=-1, source=0x101 }
W/ViewRootImpl( 5727): Cancelling event due to no window focus: KeyEvent { action=ACTION_UP, keyCode=KEYCODE_DPAD_UP, scanCode=0, metaState=0, flags=0x28, repeatCount=0, eventTime=26886173, downTime=26886173, deviceId=-1, source=0x101 }
W/ViewRootImpl( 5727): Dropping event due to no window focus: KeyEvent { action=ACTION_DOWN, keyCode=KEYCODE_BUTTON_Y, scanCode=0, metaState=0, flags=0x8, repeatCount=0, eventTime=26886287, downTime=26886287, deviceId=-1, source=0x101 }
W/ViewRootImpl( 5727): Dropping event due to no window focus: KeyEvent { action=ACTION_DOWN, keyCode=KEYCODE_BACK, scanCode=0, metaState=0, flags=0x8, repeatCount=0, eventTime=26886287, downTime=26886287, deviceId=-1, source=0x101 }
W/AudioTrack(  595): AUDIO_OUTPUT_FLAG_FAST denied by client
W/ViewRootImpl( 5727): Cancelling event due to no window focus: KeyEvent { action=ACTION_UP, keyCode=KEYCODE_BUTTON_Y, scanCode=0, metaState=0, flags=0x28, repeatCount=0, eventTime=26886302, downTime=26886302, deviceId=-1, source=0x101 }
W/ViewRootImpl( 5727): Cancelling event due to no window focus: KeyEvent { action=ACTION_UP, keyCode=KEYCODE_BUTTON_Y, scanCode=0, metaState=0, flags=0x28, repeatCount=0, eventTime=26886302, downTime=26886302, deviceId=-1, source=0x101 }
W/ViewRootImpl( 5727): Cancelling event due to no window focus: KeyEvent { action=ACTION_UP, keyCode=KEYCODE_BUTTON_Y, scanCode=0, metaState=0, flags=0x28, repeatCount=0, eventTime=26886302, downTime=26886302, deviceId=-1, source=0x101 }
I/AppiumUnicodeIME(  756): onKeyUp (keyCode='100', event.keyCode='100', metaState='0')
W/InputMethodManagerService(  595): Window already focused, ignoring focus gain of: com.android.internal.view.IInputMethodClient$Stub$Proxy@2e5380d5 attribute=android.view.inputmethod.EditorInfo@248cf0ea, token = android.os.BinderProxy@3af76a1e
I/AppiumUnicodeIME(  756): onFinishInput
I/AppiumUnicodeIME(  756): onStartInput
I/AppiumUnicodeIME(  756): onKeyDown (keyCode='19', event.keyCode='19', metaState='0')
I/AppiumUnicodeIME(  756): onKeyUp (keyCode='19', event.keyCode='19', metaState='0')
I/AppiumUnicodeIME(  756): onKeyDown (keyCode='19', event.keyCode='19', metaState='0')
I/AppiumUnicodeIME(  756): onKeyUp (keyCode='19', event.keyCode='19', metaState='0')
I/AppiumUnicodeIME(  756): onKeyDown (keyCode='19', event.keyCode='19', metaState='0')
I/AppiumUnicodeIME(  756): onKeyUp (keyCode='19', event.keyCode='19', metaState='0')
I/AppiumUnicodeIME(  756): onKeyUp (keyCode='4', event.keyCode='4', metaState='0')
I/AppiumUnicodeIME(  756): onKeyDown (keyCode='82', event.keyCode='82', metaState='0')
I/AppiumUnicodeIME(  756): onKeyUp (keyCode='82', event.keyCode='82', metaState='0')
I/AppiumUnicodeIME(  756): onFinishInput
I/AppiumUnicodeIME(  756): onStartInput
I/AppiumUnicodeIME(  756): onKeyDown (keyCode='23', event.keyCode='23', metaState='0')
W/AudioTrack(  595): AUDIO_OUTPUT_FLAG_FAST denied by client
I/AppiumUnicodeIME(  756): onKeyUp (keyCode='23', event.keyCode='23', metaState='0')
W/AudioTrack(  595): AUDIO_OUTPUT_FLAG_FAST denied by client
I/AppiumUnicodeIME(  756): onKeyDown (keyCode='19', event.keyCode='19', metaState='0')
I/AppiumUnicodeIME(  756): onKeyDown (keyCode='19', event.keyCode='19', metaState='0')
I/AppiumUnicodeIME(  756): onKeyUp (keyCode='19', event.keyCode='19', metaState='0')
I/AppiumUnicodeIME(  756): onKeyDown (keyCode='19', event.keyCode='19', metaState='0')
I/AppiumUnicodeIME(  756): onKeyUp (keyCode='19', event.keyCode='19', metaState='0')
I/AppiumUnicodeIME(  756): onKeyDown (keyCode='19', event.keyCode='19', metaState='0')
I/AppiumUnicodeIME(  756): onKeyUp (keyCode='19', event.keyCode='19', metaState='0')
I/AppiumUnicodeIME(  756): onKeyDown (keyCode='19', event.keyCode='19', metaState='0')
I/AppiumUnicodeIME(  756): onKeyUp (keyCode='19', event.keyCode='19', metaState='0')
I/AppiumUnicodeIME(  756): onKeyDown (keyCode='22', event.keyCode='22', metaState='0')
I/AppiumUnicodeIME(  756): onKeyUp (keyCode='22', event.keyCode='22', metaState='0')
I/AppiumUnicodeIME(  756): onKeyDown (keyCode='19', event.keyCode='19', metaState='0')
I/AppiumUnicodeIME(  756): onKeyUp (keyCode='19', event.keyCode='19', metaState='0')
I/AppiumUnicodeIME(  756): onKeyDown (keyCode='23', event.keyCode='23', metaState='0')
D/OkHttp  ( 5727): <-- 200 OK http://116.236.220.210:8084/appAccount/appMyAccount?userId=7ac76fc40a87449ca54f1e0649628e2e&bankAccount=6212461030000503429 (2143ms)
D/OkHttp  ( 5727): Server: Apache-Coyote/1.1
D/OkHttp  ( 5727): Set-Cookie: JSESSIONID=98F1EC41CD8118D28FA5A3E98CB20C8B; Path=/; HttpOnly
D/OkHttp  ( 5727): Content-Type: application/json;charset=UTF-8
D/OkHttp  ( 5727): Content-Length: 528
D/OkHttp  ( 5727): Date: Fri, 01 Dec 2017 08:15:13 GMT
D/OkHttp  ( 5727): {"appSignInActivityStatus":1,"noticesPrizeType":0,"todayBonusStatus":0,"interestTotal":"0.4","appOpenBonusStatus":1,"expDirTransferTotal":1000.00,"haveMeaasge":"0","signInDays":0,"responseCode":"1","availableBalance":"7498131.91","receivedPrinciaplTotal":"300","signInStatus":0,"bonusTotalAmount":0,"haveMoney":"0","haveScore":"","unUseVirtualTotal":0,"balance":"7676519.91","unReceivedInterestTotal":"16895.84","unReceivedPrinciaplTotal":"389110","expDirPrinciaplTotal":154844.00,"unReadMessageTotal":0,"firstScoreRecordId":""}
D/OkHttp  ( 5727): <-- END HTTP (528-byte body)
I/AppiumUnicodeIME(  756): onKeyUp (keyCode='23', event.keyCode='23', metaState='0')
W/AudioTrack(  595): AUDIO_OUTPUT_FLAG_FAST denied by client
V/WindowManager(  595): not Base app: Adding window Window{22abaa78 u0 com.zzl.falcon.internal/com.zzl.falcon.MainActivity} at 5 of 10
W/ViewRootImpl( 5727): Dropping event due to no window focus: KeyEvent { action=ACTION_DOWN, keyCode=KEYCODE_I, scanCode=0, metaState=0, flags=0x8, repeatCount=0, eventTime=26886779, downTime=26886779, deviceId=-1, source=0x101 }
I/art     (  717): Explicit concurrent mark sweep GC freed 6029(355KB) AllocSpace objects, 0(0B) LOS objects, 40% free, 10MB/18MB, paused 650us total 14.678ms
W/EGL_emulation( 5727): eglSurfaceAttrib not implemented
W/OpenGLRenderer( 5727): Failed to set EGL_SWAP_BEHAVIOR on surface 0xddd46b40, error=EGL_SUCCESS
W/ViewRootImpl( 5727): Cancelling event due to no window focus: KeyEvent { action=ACTION_UP, keyCode=KEYCODE_I, scanCode=0, metaState=0, flags=0x28, repeatCount=0, eventTime=26886886, downTime=26886886, deviceId=-1, source=0x101 }
W/ViewRootImpl( 5727): Cancelling event due to no window focus: KeyEvent { action=ACTION_UP, keyCode=KEYCODE_I, scanCode=0, metaState=0, flags=0x28, repeatCount=0, eventTime=26886886, downTime=26886886, deviceId=-1, source=0x101 }
W/ViewRootImpl( 5727): Cancelling event due to no window focus: KeyEvent { action=ACTION_UP, keyCode=KEYCODE_I, scanCode=0, metaState=0, flags=0x28, repeatCount=0, eventTime=26886886, downTime=26886886, deviceId=-1, source=0x101 }
W/ViewRootImpl( 5727): Cancelling event due to no window focus: KeyEvent { action=ACTION_UP, keyCode=KEYCODE_I, scanCode=0, metaState=0, flags=0x28, repeatCount=0, eventTime=26886886, downTime=26886886, deviceId=-1, source=0x101 }
W/ViewRootImpl( 5727): Cancelling event due to no window focus: KeyEvent { action=ACTION_UP, keyCode=KEYCODE_I, scanCode=0, metaState=0, flags=0x28, repeatCount=0, eventTime=26886886, downTime=26886886, deviceId=-1, source=0x101 }
W/ViewRootImpl( 5727): Cancelling event due to no window focus: KeyEvent { action=ACTION_UP, keyCode=KEYCODE_I, scanCode=0, metaState=0, flags=0x28, repeatCount=0, eventTime=26886886, downTime=26886886, deviceId=-1, source=0x101 }
W/ViewRootImpl( 5727): Cancelling event due to no window focus: KeyEvent { action=ACTION_UP, keyCode=KEYCODE_I, scanCode=0, metaState=0, flags=0x28, repeatCount=0, eventTime=26886886, downTime=26886886, deviceId=-1, source=0x101 }
W/ViewRootImpl( 5727): Cancelling event due to no window focus: KeyEvent { action=ACTION_UP, keyCode=KEYCODE_I, scanCode=0, metaState=0, flags=0x28, repeatCount=0, eventTime=26886886, downTime=26886886, deviceId=-1, source=0x101 }
W/ViewRootImpl( 5727): Cancelling event due to no window focus: KeyEvent { action=ACTION_UP, keyCode=KEYCODE_I, scanCode=0, metaState=0, flags=0x28, repeatCount=0, eventTime=26886886, downTime=26886886, deviceId=-1, source=0x101 }
I/ActivityManager(  595): START u0 {act=android.intent.action.MAIN cat=[android.intent.category.LAUNCHER] flg=0x10200000 cmp=com.zzl.falcon.internal/com.zzl.falcon.EntranceActivity} from uid 0 on display 0
D/PhoneStatusBar(  717): disable: < expand ICONS* alerts SYSTEM_INFO* back home recent clock search >
E/awcn.DispatchCore( 5727):  amdc request's parameter invalid!
W/EGL_emulation(  717): eglSurfaceAttrib not implemented
W/OpenGLRenderer(  717): Failed to set EGL_SWAP_BEHAVIOR on surface 0xeec35da0, error=EGL_SUCCESS
W/ViewRootImpl(  717): Dropping event due to no window focus: MotionEvent { action=ACTION_MOVE, id[0]=0, x[0]=3.0, y[0]=0.0, toolType[0]=TOOL_TYPE_UNKNOWN, buttonState=0, metaState=0, flags=0x0, edgeFlags=0x0, pointerCount=1, historySize=6, eventTime=26887383, downTime=-1, deviceId=0, source=0x10004 }
W/ViewRootImpl(  717): Dropping event due to no window focus: KeyEvent { action=ACTION_DOWN, keyCode=KEYCODE_DPAD_DOWN, scanCode=0, metaState=0, flags=0x8, repeatCount=0, eventTime=26887385, downTime=26887385, deviceId=-1, source=0x101 }
D/StatusBar(  717): Clicked on content of -1|android|17040651|null|1000
W/AudioTrack(  595): AUDIO_OUTPUT_FLAG_FAST denied by client
I/ActivityManager(  595): START u0 {act=android.settings.INPUT_METHOD_SETTINGS flg=0x14200000 cmp=com.android.settings/.Settings$InputMethodAndLanguageSettingsActivity (has extras)} from uid 1000 on display 0
D/PhoneStatusBar(  717): disable: < expand icons* alerts system_info* back home recent clock search >
W/ViewRootImpl( 5727): Dropping event due to no window focus: KeyEvent { action=ACTION_DOWN, keyCode=KEYCODE_BUTTON_11, scanCode=0, metaState=0, flags=0x8, repeatCount=0, eventTime=26887597, downTime=26887597, deviceId=-1, source=0x101 }
W/ViewRootImpl( 5727): Dropping event due to no window focus: KeyEvent { action=ACTION_DOWN, keyCode=KEYCODE_DPAD_CENTER, scanCode=0, metaState=0, flags=0x8, repeatCount=0, eventTime=26887597, downTime=26887597, deviceId=-1, source=0x101 }
W/ViewRootImpl( 5727): Cancelling event due to no window focus: KeyEvent { action=ACTION_UP, keyCode=KEYCODE_BUTTON_11, scanCode=0, metaState=0, flags=0x28, repeatCount=0, eventTime=26887654, downTime=26887654, deviceId=-1, source=0x101 }
W/ViewRootImpl( 5727): Cancelling event due to no window focus: KeyEvent { action=ACTION_UP, keyCode=KEYCODE_BUTTON_11, scanCode=0, metaState=0, flags=0x28, repeatCount=0, eventTime=26887654, downTime=26887654, deviceId=-1, source=0x101 }
W/ViewRootImpl( 5727): Cancelling event due to no window focus: KeyEvent { action=ACTION_UP, keyCode=KEYCODE_BUTTON_11, scanCode=0, metaState=0, flags=0x28, repeatCount=0, eventTime=26887654, downTime=26887654, deviceId=-1, source=0x101 }
W/ViewRootImpl( 5727): Cancelling event due to no window focus: KeyEvent { action=ACTION_UP, keyCode=KEYCODE_BUTTON_11, scanCode=0, metaState=0, flags=0x28, repeatCount=0, eventTime=26887654, downTime=26887654, deviceId=-1, source=0x101 }
W/ViewRootImpl( 5727): Cancelling event due to no window focus: KeyEvent { action=ACTION_UP, keyCode=KEYCODE_BUTTON_11, scanCode=0, metaState=0, flags=0x28, repeatCount=0, eventTime=26887654, downTime=26887654, deviceId=-1, source=0x101 }
W/ViewRootImpl( 5727): Cancelling event due to no window focus: KeyEvent { action=ACTION_UP, keyCode=KEYCODE_BUTTON_11, scanCode=0, metaState=0, flags=0x28, repeatCount=0, eventTime=26887654, downTime=26887654, deviceId=-1, source=0x101 }
W/ViewRootImpl( 5727): Cancelling event due to no window focus: KeyEvent { action=ACTION_UP, keyCode=KEYCODE_BUTTON_11, scanCode=0, metaState=0, flags=0x28, repeatCount=0, eventTime=26887654, downTime=26887654, deviceId=-1, source=0x101 }
W/ViewRootImpl( 5727): Cancelling event due to no window focus: KeyEvent { action=ACTION_UP, keyCode=KEYCODE_BUTTON_11, scanCode=0, metaState=0, flags=0x28, repeatCount=0, eventTime=26887654, downTime=26887654, deviceId=-1, source=0x101 }
W/ViewRootImpl( 5727): Cancelling event due to no window focus: KeyEvent { action=ACTION_UP, keyCode=KEYCODE_BUTTON_11, scanCode=0, metaState=0, flags=0x28, repeatCount=0, eventTime=26887654, downTime=26887654, deviceId=-1, source=0x101 }
W/ViewRootImpl( 5727): Cancelling event due to no window focus: KeyEvent { action=ACTION_UP, keyCode=KEYCODE_DPAD_CENTER, scanCode=0, metaState=0, flags=0x28, repeatCount=0, eventTime=26887654, downTime=26887654, deviceId=-1, source=0x101 }
W/ViewRootImpl( 5727): Cancelling event due to no window focus: KeyEvent { action=ACTION_UP, keyCode=KEYCODE_DPAD_CENTER, scanCode=0, metaState=0, flags=0x28, repeatCount=0, eventTime=26887654, downTime=26887654, deviceId=-1, source=0x101 }
W/ViewRootImpl( 5727): Cancelling event due to no window focus: KeyEvent { action=ACTION_UP, keyCode=KEYCODE_DPAD_CENTER, scanCode=0, metaState=0, flags=0x28, repeatCount=0, eventTime=26887654, downTime=26887654, deviceId=-1, source=0x101 }
W/ViewRootImpl( 5727): Cancelling event due to no window focus: KeyEvent { action=ACTION_UP, keyCode=KEYCODE_DPAD_CENTER, scanCode=0, metaState=0, flags=0x28, repeatCount=0, eventTime=26887654, downTime=26887654, deviceId=-1, source=0x101 }
W/ViewRootImpl( 5727): Cancelling event due to no window focus: KeyEvent { action=ACTION_UP, keyCode=KEYCODE_DPAD_CENTER, scanCode=0, metaState=0, flags=0x28, repeatCount=0, eventTime=26887654, downTime=26887654, deviceId=-1, source=0x101 }
W/ViewRootImpl( 5727): Cancelling event due to no window focus: KeyEvent { action=ACTION_UP, keyCode=KEYCODE_DPAD_CENTER, scanCode=0, metaState=0, flags=0x28, repeatCount=0, eventTime=26887654, downTime=26887654, deviceId=-1, source=0x101 }
W/ViewRootImpl( 5727): Cancelling event due to no window focus: KeyEvent { action=ACTION_UP, keyCode=KEYCODE_DPAD_CENTER, scanCode=0, metaState=0, flags=0x28, repeatCount=0, eventTime=26887654, downTime=26887654, deviceId=-1, source=0x101 }
W/ViewRootImpl( 5727): Cancelling event due to no window focus: KeyEvent { action=ACTION_UP, keyCode=KEYCODE_DPAD_CENTER, scanCode=0, metaState=0, flags=0x28, repeatCount=0, eventTime=26887654, downTime=26887654, deviceId=-1, source=0x101 }
W/ViewRootImpl( 5727): Cancelling event due to no window focus: KeyEvent { action=ACTION_UP, keyCode=KEYCODE_DPAD_CENTER, scanCode=0, metaState=0, flags=0x28, repeatCount=0, eventTime=26887654, downTime=26887654, deviceId=-1, source=0x101 }
W/EGL_emulation(  717): eglSurfaceAttrib not implemented
W/OpenGLRenderer(  717): Failed to set EGL_SWAP_BEHAVIOR on surface 0xeec35da0, error=EGL_SUCCESS
W/AudioTrack(  595): AUDIO_OUTPUT_FLAG_FAST denied by client
W/AudioTrack(  595): AUDIO_OUTPUT_FLAG_FAST denied by client
V/WindowManager(  595): not Base app: Adding window Window{20c131b6 u0 com.zzl.falcon.internal/com.zzl.falcon.MainActivity} at 6 of 11
D/OkHttp  ( 5727): --> POST http://116.236.220.210:8084/appConfig/quitAppConfig?deviceToken= http/1.1
D/OkHttp  ( 5727): Content-Length: 0
D/OkHttp  ( 5727): RC-Bel-Key: bel.zhiwang.zzl
D/OkHttp  ( 5727): RC-Timestamp: 1512062555
D/OkHttp  ( 5727): RC-Nonce: eef5320a-f9a2-41b7-ac2e-c298a1ce6968
D/OkHttp  ( 5727): RC-Signature: 5b861d87ab1d11f849b55f7d7ff19c0f3c900f2d
D/OkHttp  ( 5727): osType: Android
D/OkHttp  ( 5727): version: 2.4.0
D/OkHttp  ( 5727): --> END POST (0-byte body)
W/ViewRootImpl( 5727): Dropping event due to no window focus: KeyEvent { action=ACTION_DOWN, keyCode=KEYCODE_SETTINGS, scanCode=0, metaState=0, flags=0x8, repeatCount=0, eventTime=26887847, downTime=26887847, deviceId=-1, source=0x101 }
W/ViewRootImpl( 5727): Cancelling event due to no window focus: KeyEvent { action=ACTION_UP, keyCode=KEYCODE_SETTINGS, scanCode=0, metaState=0, flags=0x28, repeatCount=0, eventTime=26887884, downTime=26887884, deviceId=-1, source=0x101 }
W/ViewRootImpl( 5727): Cancelling event due to no window focus: KeyEvent { action=ACTION_UP, keyCode=KEYCODE_SETTINGS, scanCode=0, metaState=0, flags=0x28, repeatCount=0, eventTime=26887884, downTime=26887884, deviceId=-1, source=0x101 }
W/ViewRootImpl( 5727): Cancelling event due to no window focus: KeyEvent { action=ACTION_UP, keyCode=KEYCODE_SETTINGS, scanCode=0, metaState=0, flags=0x28, repeatCount=0, eventTime=26887884, downTime=26887884, deviceId=-1, source=0x101 }
W/ViewRootImpl( 5727): Cancelling event due to no window focus: KeyEvent { action=ACTION_UP, keyCode=KEYCODE_SETTINGS, scanCode=0, metaState=0, flags=0x28, repeatCount=0, eventTime=26887884, downTime=26887884, deviceId=-1, source=0x101 }
W/ViewRootImpl( 5727): Cancelling event due to no window focus: KeyEvent { action=ACTION_UP, keyCode=KEYCODE_SETTINGS, scanCode=0, metaState=0, flags=0x28, repeatCount=0, eventTime=26887884, downTime=26887884, deviceId=-1, source=0x101 }
W/ViewRootImpl( 5727): Cancelling event due to no window focus: KeyEvent { action=ACTION_UP, keyCode=KEYCODE_SETTINGS, scanCode=0, metaState=0, flags=0x28, repeatCount=0, eventTime=26887884, downTime=26887884, deviceId=-1, source=0x101 }
W/ViewRootImpl( 5727): Cancelling event due to no window focus: KeyEvent { action=ACTION_UP, keyCode=KEYCODE_SETTINGS, scanCode=0, metaState=0, flags=0x28, repeatCount=0, eventTime=26887884, downTime=26887884, deviceId=-1, source=0x101 }
W/ViewRootImpl( 5727): Cancelling event due to no window focus: KeyEvent { action=ACTION_UP, keyCode=KEYCODE_SETTINGS, scanCode=0, metaState=0, flags=0x28, repeatCount=0, eventTime=26887884, downTime=26887884, deviceId=-1, source=0x101 }
W/ViewRootImpl( 5727): Cancelling event due to no window focus: KeyEvent { action=ACTION_UP, keyCode=KEYCODE_SETTINGS, scanCode=0, metaState=0, flags=0x28, repeatCount=0, eventTime=26887884, downTime=26887884, deviceId=-1, source=0x101 }
W/ViewRootImpl( 5727): Dropping event due to no window focus: KeyEvent { action=ACTION_DOWN, keyCode=KEYCODE_BUTTON_15, scanCode=0, metaState=0, flags=0x8, repeatCount=0, eventTime=26887900, downTime=26887900, deviceId=-1, source=0x101 }
W/ViewRootImpl( 5727): Dropping event due to no window focus: KeyEvent { action=ACTION_DOWN, keyCode=KEYCODE_DPAD_CENTER, scanCode=0, metaState=0, flags=0x8, repeatCount=0, eventTime=26887900, downTime=26887900, deviceId=-1, source=0x101 }
W/ViewRootImpl( 5727): Cancelling event due to no window focus: KeyEvent { action=ACTION_UP, keyCode=KEYCODE_BUTTON_15, scanCode=0, metaState=0, flags=0x28, repeatCount=0, eventTime=26887904, downTime=26887904, deviceId=-1, source=0x101 }
W/ViewRootImpl( 5727): Cancelling event due to no window focus: KeyEvent { action=ACTION_UP, keyCode=KEYCODE_BUTTON_15, scanCode=0, metaState=0, flags=0x28, repeatCount=0, eventTime=26887904, downTime=26887904, deviceId=-1, source=0x101 }
W/ViewRootImpl( 5727): Cancelling event due to no window focus: KeyEvent { action=ACTION_UP, keyCode=KEYCODE_BUTTON_15, scanCode=0, metaState=0, flags=0x28, repeatCount=0, eventTime=26887904, downTime=26887904, deviceId=-1, source=0x101 }
W/ViewRootImpl( 5727): Cancelling event due to no window focus: KeyEvent { action=ACTION_UP, keyCode=KEYCODE_BUTTON_15, scanCode=0, metaState=0, flags=0x28, repeatCount=0, eventTime=26887904, downTime=26887904, deviceId=-1, source=0x101 }
W/ViewRootImpl( 5727): Cancelling event due to no window focus: KeyEvent { action=ACTION_UP, keyCode=KEYCODE_BUTTON_15, scanCode=0, metaState=0, flags=0x28, repeatCount=0, eventTime=26887904, downTime=26887904, deviceId=-1, source=0x101 }
W/ViewRootImpl( 5727): Cancelling event due to no window focus: KeyEvent { action=ACTION_UP, keyCode=KEYCODE_BUTTON_15, scanCode=0, metaState=0, flags=0x28, repeatCount=0, eventTime=26887904, downTime=26887904, deviceId=-1, source=0x101 }
W/ViewRootImpl( 5727): Cancelling event due to no window focus: KeyEvent { action=ACTION_UP, keyCode=KEYCODE_BUTTON_15, scanCode=0, metaState=0, flags=0x28, repeatCount=0, eventTime=26887904, downTime=26887904, deviceId=-1, source=0x101 }
W/ViewRootImpl( 5727): Cancelling event due to no window focus: KeyEvent { action=ACTION_UP, keyCode=KEYCODE_BUTTON_15, scanCode=0, metaState=0, flags=0x28, repeatCount=0, eventTime=26887904, downTime=26887904, deviceId=-1, source=0x101 }
W/ViewRootImpl( 5727): Cancelling event due to no window focus: KeyEvent { action=ACTION_UP, keyCode=KEYCODE_BUTTON_15, scanCode=0, metaState=0, flags=0x28, repeatCount=0, eventTime=26887904, downTime=26887904, deviceId=-1, source=0x101 }
W/ViewRootImpl( 5727): Cancelling event due to no window focus: KeyEvent { action=ACTION_UP, keyCode=KEYCODE_DPAD_CENTER, scanCode=0, metaState=0, flags=0x28, repeatCount=0, eventTime=26887904, downTime=26887904, deviceId=-1, source=0x101 }
W/ViewRootImpl( 5727): Cancelling event due to no window focus: KeyEvent { action=ACTION_UP, keyCode=KEYCODE_DPAD_CENTER, scanCode=0, metaState=0, flags=0x28, repeatCount=0, eventTime=26887904, downTime=26887904, deviceId=-1, source=0x101 }
W/ViewRootImpl( 5727): Cancelling event due to no window focus: KeyEvent { action=ACTION_UP, keyCode=KEYCODE_DPAD_CENTER, scanCode=0, metaState=0, flags=0x28, repeatCount=0, eventTime=26887904, downTime=26887904, deviceId=-1, source=0x101 }
W/ViewRootImpl( 5727): Cancelling event due to no window focus: KeyEvent { action=ACTION_UP, keyCode=KEYCODE_DPAD_CENTER, scanCode=0, metaState=0, flags=0x28, repeatCount=0, eventTime=26887904, downTime=26887904, deviceId=-1, source=0x101 }
W/ViewRootImpl( 5727): Cancelling event due to no window focus: KeyEvent { action=ACTION_UP, keyCode=KEYCODE_DPAD_CENTER, scanCode=0, metaState=0, flags=0x28, repeatCount=0, eventTime=26887904, downTime=26887904, deviceId=-1, source=0x101 }
W/ViewRootImpl( 5727): Cancelling event due to no window focus: KeyEvent { action=ACTION_UP, keyCode=KEYCODE_DPAD_CENTER, scanCode=0, metaState=0, flags=0x28, repeatCount=0, eventTime=26887904, downTime=26887904, deviceId=-1, source=0x101 }
W/ViewRootImpl( 5727): Cancelling event due to no window focus: KeyEvent { action=ACTION_UP, keyCode=KEYCODE_DPAD_CENTER, scanCode=0, metaState=0, flags=0x28, repeatCount=0, eventTime=26887904, downTime=26887904, deviceId=-1, source=0x101 }
