I/AppiumUnicodeIME(  756): onKeyUp (keyCode='20', event.keyCode='20', metaState='0')
I/AppiumUnicodeIME(  756): onKeyDown (keyCode='21', event.keyCode='21', metaState='0')
I/AppiumUnicodeIME(  756): onKeyUp (keyCode='21', event.keyCode='21', metaState='0')
I/AppiumUnicodeIME(  756): onKeyDown (keyCode='23', event.keyCode='23', metaState='0')
I/AppiumUnicodeIME(  756): onKeyUp (keyCode='23', event.keyCode='23', metaState='0')
I/AppiumUnicodeIME(  756): onKeyDown (keyCode='5', event.keyCode='5', metaState='0')
I/AppiumUnicodeIME(  756): onKeyUp (keyCode='5', event.keyCode='5', metaState='0')
E/libprocessgroup( 6384): failed to make and chown /acct/uid_10013: Read-only file system
W/Zygote  ( 6384): createProcessGroup failed, kernel missing CONFIG_CGROUP_CPUACCT?
I/ActivityManager(  595): Start proc 6384:com.android.systemui:screenshot/u0a13 for service com.android.systemui/.screenshot.TakeScreenshotService
I/ActivityManager(  595): START u0 {act=android.intent.action.CALL_BUTTON flg=0x10000000 cmp=com.android.dialer/.DialtactsActivity} from uid 10099 on display 0
I/AppiumUnicodeIME(  756): onKeyDown (keyCode='86', event.keyCode='86', metaState='0')
I/AppiumUnicodeIME(  756): onKeyUp (keyCode='86', event.keyCode='86', metaState='0')
I/AppiumUnicodeIME(  756): onKeyDown (keyCode='23', event.keyCode='23', metaState='0')
I/AppiumUnicodeIME(  756): onKeyUp (keyCode='23', event.keyCode='23', metaState='0')
I/AppiumUnicodeIME(  756): onKeyDown (keyCode='20', event.keyCode='20', metaState='0')
I/AppiumUnicodeIME(  756): onKeyUp (keyCode='20', event.keyCode='20', metaState='0')
I/AppiumUnicodeIME(  756): onKeyDown (keyCode='21', event.keyCode='21', metaState='0')
I/AppiumUnicodeIME(  756): onKeyUp (keyCode='21', event.keyCode='21', metaState='0')
I/ActivityManager(  595): START u0 {act=android.intent.action.MAIN cat=[android.intent.category.LAUNCHER] flg=0x10200000 cmp=com.zzl.falcon.internal/com.zzl.falcon.EntranceActivity} from uid 0 on display 0
I/AppiumUnicodeIME(  756): onKeyDown (keyCode='154', event.keyCode='154', metaState='0')
I/AppiumUnicodeIME(  756): onKeyUp (keyCode='154', event.keyCode='154', metaState='0')
I/AppiumUnicodeIME(  756): onKeyDown (keyCode='23', event.keyCode='23', metaState='0')
I/AppiumUnicodeIME(  756): onKeyUp (keyCode='23', event.keyCode='23', metaState='0')
I/AppiumUnicodeIME(  756): onKeyDown (keyCode='21', event.keyCode='21', metaState='0')
I/AppiumUnicodeIME(  756): onKeyUp (keyCode='21', event.keyCode='21', metaState='0')
I/AppiumUnicodeIME(  756): onKeyDown (keyCode='23', event.keyCode='23', metaState='0')
I/AppiumUnicodeIME(  756): onKeyUp (keyCode='23', event.keyCode='23', metaState='0')
I/AppiumUnicodeIME(  756): onKeyDown (keyCode='22', event.keyCode='22', metaState='0')
I/AppiumUnicodeIME(  756): onKeyUp (keyCode='22', event.keyCode='22', metaState='0')
I/AppiumUnicodeIME(  756): onKeyDown (keyCode='19', event.keyCode='19', metaState='0')
I/AppiumUnicodeIME(  756): onKeyUp (keyCode='19', event.keyCode='19', metaState='0')
I/AppiumUnicodeIME(  756): onKeyDown (keyCode='240', event.keyCode='240', metaState='0')
I/AppiumUnicodeIME(  756): onKeyUp (keyCode='240', event.keyCode='240', metaState='0')
D/PermissionCache(  613): checking android.permission.READ_FRAME_BUFFER for uid=10013 => granted (413 us)
V/FFmpegExtractor(  353): SniffFFMPEG
I/FFmpegExtractor(  353): android-source:0xf2c24240
D/FFMPEG  (  353): android source begin open
D/FFMPEG  (  353): android open, url: android-source:0xf2c24240
D/FFMPEG  (  353): ffmpeg open android data source success, source ptr: 0xf2c24240
D/FFMPEG  (  353): android source open success
I/FFMPEG  (  353): Input #0, ogg, from 'android-source:0xf2c24240':
I/FFMPEG  (  353):   Duration: 00:00:00.42, start: 0.000000, bitrate: 113 kb/s
I/FFMPEG  (  353):     Stream #0:0: Audio: vorbis, 48000 Hz, mono, fltp, 48 kb/s
I/FFMPEG  (  353):     Metadata:
I/FFMPEG  (  353):       TITLE           : Camera Shutter
I/FFMPEG  (  353):       ARTIST          : (c) 2012 Android Open Source Project
I/FFmpegExtractor(  353): FFmpegExtrator, url: android-source:0xf2c24240, format_name: ogg, format_long_name: Ogg
I/FFmpegExtractor(  353): list the formats suppoted by ffmpeg: 
I/FFmpegExtractor(  353): ========================================
V/FFmpegExtractor(  353): format_names[00]: mpeg
V/FFmpegExtractor(  353): format_names[01]: mpegts
V/FFmpegExtractor(  353): format_names[02]: mov,mp4,m4a,3gp,3g2,mj2
V/FFmpegExtractor(  353): format_names[03]: matroska,webm
V/FFmpegExtractor(  353): format_names[04]: asf
V/FFmpegExtractor(  353): format_names[05]: rm
I/AppiumUnicodeIME(  756): onKeyDown (keyCode='22', event.keyCode='22', metaState='0')
V/FFmpegExtractor(  353): format_names[06]: flv
V/FFmpegExtractor(  353): format_names[07]: swf
V/FFmpegExtractor(  353): format_names[08]: avi
V/FFmpegExtractor(  353): format_names[09]: ape
V/FFmpegExtractor(  353): format_names[10]: dts
V/FFmpegExtractor(  353): format_names[11]: flac
V/FFmpegExtractor(  353): format_names[12]: ac3
V/FFmpegExtractor(  353): format_names[13]: wav
V/FFmpegExtractor(  353): format_names[14]: ogg
V/FFmpegExtractor(  353): format_names[15]: vc1
V/FFmpegExtractor(  353): format_names[16]: hevc
I/FFmpegExtractor(  353): ========================================
I/FFmpegExtractor(  353): adjust mime(application/ogg -> audio/vorbis)
D/FFmpegExtractor(  353): suppoted codec(vorbis) by official Stagefright
D/FFMPEG  (  353): android source close
I/FFmpegExtractor(  353): sniff through BetterSniffFFMPEG success
D/FFmpegExtractor(  353): ffmpeg detected media content as 'audio/vorbis' with confidence 0.08
I/AppiumUnicodeIME(  756): onKeyUp (keyCode='22', event.keyCode='22', metaState='0')
D/NuPlayerDriver(  353): start(0xf5d85220)
I/GenericSource(  353): start
I/AppiumUnicodeIME(  756): onKeyDown (keyCode='22', event.keyCode='22', metaState='0')
I/AppiumUnicodeIME(  756): onKeyUp (keyCode='22', event.keyCode='22', metaState='0')
D/NuPlayerDriver(  353): reset(0xf5d85220)
I/AppiumUnicodeIME(  756): onKeyDown (keyCode='19', event.keyCode='19', metaState='0')
I/AppiumUnicodeIME(  756): onKeyDown (keyCode='19', event.keyCode='19', metaState='0')
I/AppiumUnicodeIME(  756): onKeyUp (keyCode='19', event.keyCode='19', metaState='0')
I/AppiumUnicodeIME(  756): onKeyDown (keyCode='19', event.keyCode='19', metaState='0')
I/AppiumUnicodeIME(  756): onKeyUp (keyCode='19', event.keyCode='19', metaState='0')
I/AppiumUnicodeIME(  756): onKeyDown (keyCode='19', event.keyCode='19', metaState='0')
I/AppiumUnicodeIME(  756): onKeyUp (keyCode='19', event.keyCode='19', metaState='0')
I/AppiumUnicodeIME(  756): onKeyDown (keyCode='19', event.keyCode='19', metaState='0')
I/AppiumUnicodeIME(  756): onKeyUp (keyCode='19', event.keyCode='19', metaState='0')
I/AppiumUnicodeIME(  756): onKeyDown (keyCode='21', event.keyCode='21', metaState='0')
D/        ( 6384): HostConnection::get() New Host Connection established 0xf3e73960, tid 6384
I/AppiumUnicodeIME(  756): onKeyUp (keyCode='21', event.keyCode='21', metaState='0')
D/NuPlayerDriver(  353): notifyResetComplete(0xf5d85220)
I/AppiumUnicodeIME(  756): onKeyDown (keyCode='21', event.keyCode='21', metaState='0')
I/AppiumUnicodeIME(  756): onKeyUp (keyCode='21', event.keyCode='21', metaState='0')
I/AppiumUnicodeIME(  756): onKeyDown (keyCode='21', event.keyCode='21', metaState='0')
I/AppiumUnicodeIME(  756): onKeyUp (keyCode='21', event.keyCode='21', metaState='0')
I/AppiumUnicodeIME(  756): onKeyDown (keyCode='21', event.keyCode='21', metaState='0')
I/AppiumUnicodeIME(  756): onKeyUp (keyCode='21', event.keyCode='21', metaState='0')
I/AppiumUnicodeIME(  756): onKeyDown (keyCode='21', event.keyCode='21', metaState='0')
I/AppiumUnicodeIME(  756): onKeyDown (keyCode='21', event.keyCode='21', metaState='0')
I/AppiumUnicodeIME(  756): onKeyUp (keyCode='21', event.keyCode='21', metaState='0')
I/AppiumUnicodeIME(  756): onKeyDown (keyCode='21', event.keyCode='21', metaState='0')
I/AppiumUnicodeIME(  756): onKeyUp (keyCode='21', event.keyCode='21', metaState='0')
I/AppiumUnicodeIME(  756): onKeyDown (keyCode='21', event.keyCode='21', metaState='0')
I/AppiumUnicodeIME(  756): onKeyUp (keyCode='21', event.keyCode='21', metaState='0')
E/EGL_emulation(  613): tid 613: eglCreateSyncKHR(1209): error 0x3004 (EGL_BAD_ATTRIBUTE)
I/AppiumUnicodeIME(  756): onKeyDown (keyCode='19', event.keyCode='19', metaState='0')
D/OpenGLRenderer( 6384): Use EGL_SWAP_BEHAVIOR_PRESERVED: true
D/Atlas   ( 6384): Validating map...
I/art     ( 6323): System.exit called, status: 0
I/AndroidRuntime( 6323): VM exiting with result code 0.
D/libEGL  ( 6384): loaded /system/lib/egl/libEGL_emulation.so
D/libEGL  ( 6384): loaded /system/lib/egl/libGLESv1_CM_emulation.so
D/libEGL  ( 6384): loaded /system/lib/egl/libGLESv2_emulation.so
D/        ( 6384): HostConnection::get() New Host Connection established 0xeec39400, tid 6412
I/OpenGLRenderer( 6384): Initialized EGL, version 1.4
D/OpenGLRenderer( 6384): Enabling debug mode 0
W/EGL_emulation( 6384): eglSurfaceAttrib not implemented
W/OpenGLRenderer( 6384): Failed to set EGL_SWAP_BEHAVIOR on surface 0xeec35900, error=EGL_SUCCESS
W/AudioTrack( 6384): AUDIO_OUTPUT_FLAG_FAST denied by client
I/Choreographer( 6384): Skipped 120 frames!  The application may be doing too much work on its main thread.
E/ToneGenerator(  717): --- Stop timed out
I/InputDispatcher(  595): Window 'Window{3ad13629 u0 NavigationBar}' spent 2993.9ms processing the last input event: MotionEvent(deviceId=0, source=0x00001002, action=0, flags=0x00000000, metaState=0x00000000, buttonState=0x00000000, edgeFlags=0x00000000, xPrecision=1.0, yPrecision=1.0, displayId=0, pointers=[0: (180.0, 304.0)]), policyFlags=0x6b000000
I/InputDispatcher(  595): Window 'Window{3ad13629 u0 NavigationBar}' spent 2956.1ms processing the last input event: MotionEvent(deviceId=0, source=0x00001002, action=0, flags=0x00000000, metaState=0x00000000, buttonState=0x00000000, edgeFlags=0x00000000, xPrecision=1.0, yPrecision=1.0, displayId=0, pointers=[0: (368.0, 237.0)]), policyFlags=0x6b000000
I/InputDispatcher(  595): Window 'Window{3ad13629 u0 NavigationBar}' spent 2945.6ms processing the last input event: MotionEvent(deviceId=0, source=0x00001002, action=0, flags=0x00000000, metaState=0x00000000, buttonState=0x00000000, edgeFlags=0x00000000, xPrecision=1.0, yPrecision=1.0, displayId=0, pointers=[0: (716.0, 583.0)]), policyFlags=0x6b000000
I/InputDispatcher(  595): Window 'Window{3ad13629 u0 NavigationBar}' spent 2902.1ms processing the last input event: MotionEvent(deviceId=0, source=0x00001002, action=0, flags=0x00000000, metaState=0x00000000, buttonState=0x00000000, edgeFlags=0x00000000, xPrecision=1.0, yPrecision=1.0, displayId=0, pointers=[0: (523.0, 455.0)]), policyFlags=0x6b000000
I/InputDispatcher(  595): Window 'Window{3ad13629 u0 NavigationBar}' spent 2847.1ms processing the last input event: MotionEvent(deviceId=0, source=0x00001002, action=0, flags=0x00000000, metaState=0x00000000, buttonState=0x00000000, edgeFlags=0x00000000, xPrecision=1.0, yPrecision=1.0, displayId=0, pointers=[0: (216.0, 131.0)]), policyFlags=0x6b000000
I/InputDispatcher(  595): Window 'Window{34cc8f38 u0 VolumePanel}' spent 2994.2ms processing the last input event: MotionEvent(deviceId=0, source=0x00001002, action=0, flags=0x00000000, metaState=0x00000000, buttonState=0x00000000, edgeFlags=0x00000000, xPrecision=1.0, yPrecision=1.0, displayId=0, pointers=[0: (180.0, 304.0)]), policyFlags=0x6b000000
I/InputDispatcher(  595): Window 'Window{34cc8f38 u0 VolumePanel}' spent 2956.7ms processing the last input event: MotionEvent(deviceId=0, source=0x00001002, action=0, flags=0x00000000, metaState=0x00000000, buttonState=0x00000000, edgeFlags=0x00000000, xPrecision=1.0, yPrecision=1.0, displayId=0, pointers=[0: (368.0, 237.0)]), policyFlags=0x6b000000
I/InputDispatcher(  595): Window 'Window{34cc8f38 u0 VolumePanel}' spent 2952.2ms processing the last input event: MotionEvent(deviceId=0, source=0x00001002, action=2, flags=0x00000000, metaState=0x00000000, buttonState=0x00000000, edgeFlags=0x00000000, xPrecision=1.0, yPrecision=1.0, displayId=0, pointers=[0: (362.9, 234.9)]), policyFlags=0x6b000000
I/InputDispatcher(  595): Window 'Window{34cc8f38 u0 VolumePanel}' spent 2950.7ms processing the last input event: MotionEvent(deviceId=0, source=0x00001002, action=2, flags=0x00000000, metaState=0x00000000, buttonState=0x00000000, edgeFlags=0x00000000, xPrecision=1.0, yPrecision=1.0, displayId=0, pointers=[0: (356.6, 232.2)]), policyFlags=0x6b000000
I/InputDispatcher(  595): Window 'Window{34cc8f38 u0 VolumePanel}' spent 2949.7ms processing the last input event: MotionEvent(deviceId=0, source=0x00001002, action=1, flags=0x00000000, metaState=0x00000000, buttonState=0x00000000, edgeFlags=0x00000000, xPrecision=1.0, yPrecision=1.0, displayId=0, pointers=[0: (349.1, 231.5)]), policyFlags=0x6b000000
I/InputDispatcher(  595): Window 'Window{34cc8f38 u0 VolumePanel}' spent 2946.3ms processing the last input event: MotionEvent(deviceId=0, source=0x00001002, action=0, flags=0x00000000, metaState=0x00000000, buttonState=0x00000000, edgeFlags=0x00000000, xPrecision=1.0, yPrecision=1.0, displayId=0, pointers=[0: (716.0, 583.0)]), policyFlags=0x6b000000
I/InputDispatcher(  595): Window 'Window{34cc8f38 u0 VolumePanel}' spent 2902.8ms processing the last input event: MotionEvent(deviceId=0, source=0x00001002, action=0, flags=0x00000000, metaState=0x00000000, buttonState=0x00000000, edgeFlags=0x00000000, xPrecision=1.0, yPrecision=1.0, displayId=0, pointers=[0: (523.0, 455.0)]), policyFlags=0x6b000000
I/InputDispatcher(  595): Window 'Window{34cc8f38 u0 VolumePanel}' spent 2847.9ms processing the last input event: MotionEvent(deviceId=0, source=0x00001002, action=0, flags=0x00000000, metaState=0x00000000, buttonState=0x00000000, edgeFlags=0x00000000, xPrecision=1.0, yPrecision=1.0, displayId=0, pointers=[0: (216.0, 131.0)]), policyFlags=0x6b000000
I/InputDispatcher(  595): Window 'Window{34cc8f38 u0 VolumePanel}' spent 2846.9ms processing the last input event: MotionEvent(deviceId=0, source=0x00001002, action=2, flags=0x00000000, metaState=0x00000000, buttonState=0x00000000, edgeFlags=0x00000000, xPrecision=1.0, yPrecision=1.0, displayId=0, pointers=[0: (208.3, 144.6)]), policyFlags=0x6b000000
I/InputDispatcher(  595): Window 'Window{34cc8f38 u0 VolumePanel}' spent 2846.3ms processing the last input event: MotionEvent(deviceId=0, source=0x00001002, action=2, flags=0x00000000, metaState=0x00000000, buttonState=0x00000000, edgeFlags=0x00000000, xPrecision=1.0, yPrecision=1.0, displayId=0, pointers=[0: (199.4, 147.3)]), policyFlags=0x6b000000
I/InputDispatcher(  595): Window 'Window{34cc8f38 u0 VolumePanel}' spent 2845.7ms processing the last input event: MotionEvent(deviceId=0, source=0x00001002, action=2, flags=0x00000000, metaState=0x00000000, buttonState=0x00000000, edgeFlags=0x00000000, xPrecision=1.0, yPrecision=1.0, displayId=0, pointers=[0: (180.0, 152.1)]), policyFlags=0x6b000000
I/InputDispatcher(  595): Window 'Window{34cc8f38 u0 VolumePanel}' spent 2844.8ms processing the last input event: MotionEvent(deviceId=0, source=0x00001002, action=2, flags=0x00000000, metaState=0x00000000, buttonState=0x00000000, edgeFlags=0x00000000, xPrecision=1.0, yPrecision=1.0, displayId=0, pointers=[0: (172.8, 159.8)]), policyFlags=0x6b000000
I/InputDispatcher(  595): Window 'Window{34cc8f38 u0 VolumePanel}' spent 2844.2ms processing the last input event: MotionEvent(deviceId=0, source=0x00001002, action=1, flags=0x00000000, metaState=0x00000000, buttonState=0x00000000, edgeFlags=0x00000000, xPrecision=1.0, yPrecision=1.0, displayId=0, pointers=[0: (164.9, 166.8)]), policyFlags=0x6b000000
I/InputDispatcher(  595): Window 'Window{29449d6 u0 StatusBar}' spent 2995.0ms processing the last input event: MotionEvent(deviceId=0, source=0x00001002, action=0, flags=0x00000000, metaState=0x00000000, buttonState=0x00000000, edgeFlags=0x00000000, xPrecision=1.0, yPrecision=1.0, displayId=0, pointers=[0: (180.0, 304.0)]), policyFlags=0x6b000000
I/InputDispatcher(  595): Window 'Window{29449d6 u0 StatusBar}' spent 3004.6ms processing the last input event: MotionEvent(deviceId=0, source=0x00001002, action=1, flags=0x00000000, metaState=0x00000000, buttonState=0x00000000, edgeFlags=0x00000000, xPrecision=1.0, yPrecision=1.0, displayId=0, pointers=[0: (177.1, 303.8)]), policyFlags=0x6b000000
I/InputDispatcher(  595): Window 'Window{29449d6 u0 StatusBar}' spent 2958.1ms processing the last input event: MotionEvent(deviceId=0, source=0x00001002, action=0, flags=0x00000000, metaState=0x00000000, buttonState=0x00000000, edgeFlags=0x00000000, xPrecision=1.0, yPrecision=1.0, displayId=0, pointers=[0: (716.0, 583.0)]), policyFlags=0x6b000000
I/InputDispatcher(  595): Window 'Window{29449d6 u0 StatusBar}' spent 2955.2ms processing the last input event: MotionEvent(deviceId=0, source=0x00001002, action=1, flags=0x00000000, metaState=0x00000000, buttonState=0x00000000, edgeFlags=0x00000000, xPrecision=1.0, yPrecision=1.0, displayId=0, pointers=[0: (713.9, 583.2)]), policyFlags=0x6b000000
I/Choreographer(  717): Skipped 188 frames!  The application may be doing too much work on its main thread.
I/InputDispatcher(  595): Window 'Window{29449d6 u0 StatusBar}' spent 2915.1ms processing the last input event: MotionEvent(deviceId=0, source=0x00001002, action=0, flags=0x00000000, metaState=0x00000000, buttonState=0x00000000, edgeFlags=0x00000000, xPrecision=1.0, yPrecision=1.0, displayId=0, pointers=[0: (523.0, 455.0)]), policyFlags=0x6b000000
I/InputDispatcher(  595): Window 'Window{29449d6 u0 StatusBar}' spent 2912.5ms processing the last input event: MotionEvent(deviceId=0, source=0x00001002, action=2, flags=0x00000000, metaState=0x00000000, buttonState=0x00000000, edgeFlags=0x00000000, xPrecision=1.0, yPrecision=1.0, displayId=0, pointers=[0: (522.8, 456.0)]), policyFlags=0x6b000000
I/InputDispatcher(  595): Window 'Window{29449d6 u0 StatusBar}' spent 2912.0ms processing the last input event: MotionEvent(deviceId=0, source=0x00001002, action=2, flags=0x00000000, metaState=0x00000000, buttonState=0x00000000, edgeFlags=0x00000000, xPrecision=1.0, yPrecision=1.0, displayId=0, pointers=[0: (522.6, 456.0)]), policyFlags=0x6b000000
I/InputDispatcher(  595): Window 'Window{29449d6 u0 StatusBar}' spent 2911.6ms processing the last input event: MotionEvent(deviceId=0, source=0x00001002, action=2, flags=0x00000000, metaState=0x00000000, buttonState=0x00000000, edgeFlags=0x00000000, xPrecision=1.0, yPrecision=1.0, displayId=0, pointers=[0: (522.4, 457.2)]), policyFlags=0x6b000000
I/InputDispatcher(  595): Window 'Window{29449d6 u0 StatusBar}' spent 2911.0ms processing the last input event: MotionEvent(deviceId=0, source=0x00001002, action=2, flags=0x00000000, metaState=0x00000000, buttonState=0x00000000, edgeFlags=0x00000000, xPrecision=1.0, yPrecision=1.0, displayId=0, pointers=[0: (522.2, 457.4)]), policyFlags=0x6b000000
I/InputDispatcher(  595): Window 'Window{29449d6 u0 StatusBar}' spent 2910.2ms processing the last input event: MotionEvent(deviceId=0, source=0x00001002, action=2, flags=0x00000000, metaState=0x00000000, buttonState=0x00000000, edgeFlags=0x00000000, xPrecision=1.0, yPrecision=1.0, displayId=0, pointers=[0: (521.9, 458.6)]), policyFlags=0x6b000000
I/InputDispatcher(  595): Window 'Window{29449d6 u0 StatusBar}' spent 2907.6ms processing the last input event: MotionEvent(deviceId=0, source=0x00001002, action=2, flags=0x00000000, metaState=0x00000000, buttonState=0x00000000, edgeFlags=0x00000000, xPrecision=1.0, yPrecision=1.0, displayId=0, pointers=[0: (521.6, 458.6)]), policyFlags=0x6b000000
I/InputDispatcher(  595): Window 'Window{29449d6 u0 StatusBar}' spent 2901.2ms processing the last input event: MotionEvent(deviceId=0, source=0x00001002, action=1, flags=0x00000000, metaState=0x00000000, buttonState=0x00000000, edgeFlags=0x00000000, xPrecision=1.0, yPrecision=1.0, displayId=0, pointers=[0: (521.4, 459.1)]), policyFlags=0x6b000000
I/InputDispatcher(  595): Window 'Window{29449d6 u0 StatusBar}' spent 2859.0ms processing the last input event: MotionEvent(deviceId=0, source=0x00001002, action=0, flags=0x00000000, metaState=0x00000000, buttonState=0x00000000, edgeFlags=0x00000000, xPrecision=1.0, yPrecision=1.0, displayId=0, pointers=[1: (705.0, 883.0)]), policyFlags=0x6b000000
I/InputDispatcher(  595): Window 'Window{29449d6 u0 StatusBar}' spent 2858.5ms processing the last input event: MotionEvent(deviceId=0, source=0x00001002, action=2, flags=0x00000000, metaState=0x00000000, buttonState=0x00000000, edgeFlags=0x00000000, xPrecision=1.0, yPrecision=1.0, displayId=0, pointers=[1: (712.9, 879.7)]), policyFlags=0x6b000000
I/InputDispatcher(  595): Window 'Window{29449d6 u0 StatusBar}' spent 2857.8ms processing the last input event: MotionEvent(deviceId=0, source=0x00001002, action=2, flags=0x00000000, metaState=0x00000000, buttonState=0x00000000, edgeFlags=0x00000000, xPrecision=1.0, yPrecision=1.0, displayId=0, pointers=[1: (714.9, 879.1)]), policyFlags=0x6b000000
I/InputDispatcher(  595): Window 'Window{29449d6 u0 StatusBar}' spent 2856.9ms processing the last input event: MotionEvent(deviceId=0, source=0x00001002, action=1, flags=0x00000000, metaState=0x00000000, buttonState=0x00000000, edgeFlags=0x00000000, xPrecision=1.0, yPrecision=1.0, displayId=0, pointers=[1: (723.6, 877.8)]), policyFlags=0x6b000000
W/BackupManagerService(  595): dataChanged but no participant pkg='com.android.providers.settings' uid=10013
D/StatusBar(  717): Clicked on content of -1|android|17040651|null|1000
W/AudioTrack(  595): AUDIO_OUTPUT_FLAG_FAST denied by client
I/ActivityManager(  595): START u0 {act=android.settings.INPUT_METHOD_SETTINGS flg=0x14200000 cmp=com.android.settings/.Settings$InputMethodAndLanguageSettingsActivity (has extras)} from uid 1000 on display 0
V/WindowManager(  595): addAppToken: AppWindowToken{141cff67 token=Token{1dcaf726 ActivityRecord{3ce10a81 u0 com.android.settings/.Settings$InputMethodAndLanguageSettingsActivity t185}}} to stack=1 task=185 at 0
E/EGL_emulation(  613): tid 613: eglCreateSyncKHR(1209): error 0x3004 (EGL_BAD_ATTRIBUTE)
V/WindowManager(  595): Adding window Window{1e800998 u0 Starting com.android.settings} at 6 of 13 (after Window{2470c18e u0 com.zzl.falcon.internal/com.zzl.falcon.setting.AboutBellActivity})
E/libprocessgroup( 6428): failed to make and chown /acct/uid_1000: Read-only file system
W/Zygote  ( 6428): createProcessGroup failed, kernel missing CONFIG_CGROUP_CPUACCT?
I/ActivityManager(  595): Start proc 6428:com.android.settings/1000 for activity com.android.settings/.Settings$InputMethodAndLanguageSettingsActivity
I/AppiumUnicodeIME(  756): onKeyUp (keyCode='19', event.keyCode='19', metaState='0')
W/AudioTrack(  595): AUDIO_OUTPUT_FLAG_FAST denied by client
W/BackupManagerService(  595): dataChanged but no participant pkg='com.android.providers.settings' uid=10013
D/ZenLog  (  595): set_zen_mode: important_interruptions,setting
D/ZenLog  (  595): update_zen_mode: off -> important_interruptions
D/ZenLog  (  595): set_ringer_mode_internal: ZenModeHelper,i:normal->normal,e:normal->silent
W/BackupManagerService(  595): dataChanged but no participant pkg='com.android.providers.settings' uid=10013
D/ZenLog  (  595): set_zen_mode: no_interruptions,setting
D/ZenLog  (  595): update_zen_mode: important_interruptions -> no_interruptions
W/AudioTrack(  595): AUDIO_OUTPUT_FLAG_FAST denied by client
D/ZenLog  (  595): set_ringer_mode_internal: ZenModeHelper,i:normal->silent,e:silent->silent
W/art     ( 6428): Suspending all threads took: 5.288ms
I/art     ( 6428): Background sticky concurrent mark sweep GC freed 2075(271KB) AllocSpace objects, 2(32KB) LOS objects, 36% free, 714KB/1117KB, paused 5.938ms total 16.944ms
D/ConditionProviders(  595): Subscribing to condition://android/countdown/1512066307698 with android.service.notification.ConditionProviderService$Provider@2b8569ae
D/ZenLog  (  595): subscribe: condition://android/countdown/1512066307698,ok
D/ZenLog  (  595): exit_condition: Condition[id=condition://android/countdown/1512066307698,summary=For one hour (until 1:25 PM),line1=For one hour,line2=Until 1:25 PM,icon=0,state=STATE_TRUE,flags=1],{android/com.android.server.notification.CountdownConditionProvider},binderCall
D/ZenLog  (  595): config: ZenModeConfig[allowCalls=false,allowMessages=false,allowFrom=anyone,allowEvents=true,sleepMode=null,sleepStart=22.0,sleepEnd=7.0,sleepNone=false,conditionComponents=null,conditionIds=null,exitCondition=Condition[id=condition://android/countdown/1512066307698,summary=For one hour (until 1:25 PM),line1=For one hour,line2=Until 1:25 PM,icon=0,state=STATE_TRUE,flags=1],exitConditionComponent=ComponentInfo{android/com.android.server.notification.CountdownConditionProvider}]
D/NotificationService(  595): handleSavePolicyFile
D/OpenGLRenderer( 6428): Use EGL_SWAP_BEHAVIOR_PRESERVED: true
D/        ( 6428): HostConnection::get() New Host Connection established 0xf3f84f50, tid 6428
D/Atlas   ( 6428): Validating map...
D/ForegroundCallbacks( 5727): went background
V/WindowManager(  595): Adding window Window{3fe9a7e5 u0 com.android.settings/com.android.settings.Settings$InputMethodAndLanguageSettingsActivity} at 6 of 14 (before Window{1e800998 u0 Starting com.android.settings})
V/WindowManager(  595): Adding window Window{3fb09f12 u0 com.android.settings/com.android.settings.Settings$InputMethodAndLanguageSettingsActivity} at 6 of 15 (before Window{3fe9a7e5 u0 com.android.settings/com.android.settings.Settings$InputMethodAndLanguageSettingsActivity})
W/EGL_emulation(  717): eglSurfaceAttrib not implemented
W/OpenGLRenderer(  717): Failed to set EGL_SWAP_BEHAVIOR on surface 0xeec685c0, error=EGL_SUCCESS
D/PhoneStatusBar(  717): disable: < expand icons* alerts system_info* back home recent clock search >
D/ZenLog  (  595): intercepted: 0|com.android.systemui|789|null|10013,none
V/NotificationService(  595): pkg=com.android.systemui canInterrupt=false intercept=true
W/EGL_emulation(  717): eglSurfaceAttrib not implemented
W/OpenGLRenderer(  717): Failed to set EGL_SWAP_BEHAVIOR on surface 0xeec35da0, error=EGL_SUCCESS
D/libEGL  ( 6428): loaded /system/lib/egl/libEGL_emulation.so
D/libEGL  ( 6428): loaded /system/lib/egl/libGLESv1_CM_emulation.so
D/libEGL  ( 6428): loaded /system/lib/egl/libGLESv2_emulation.so
D/        ( 6428): HostConnection::get() New Host Connection established 0xf3f84b30, tid 6460
I/OpenGLRenderer( 6428): Initialized EGL, version 1.4
D/        ( 6384): HostConnection::get() New Host Connection established 0xf3e73f10, tid 6464
D/OpenGLRenderer( 6428): Enabling debug mode 0
V/NotificationService(  595): pkg=com.android.systemui canInterrupt=false intercept=true
I/ActivityManager(  595): Killing 1797:com.genymotion.superuser/1000 (adj 15): empty for 27014s
W/libprocessgroup(  595): failed to open /acct/uid_1000/pid_1797/cgroup.procs: No such file or directory
W/EGL_emulation( 6428): eglSurfaceAttrib not implemented
W/OpenGLRenderer( 6428): Failed to set EGL_SWAP_BEHAVIOR on surface 0xe1c184c0, error=EGL_SUCCESS
W/ResourceType(  717): No package identifier when getting value for resource number 0x00000000
W/PackageManager(  717): Failure retrieving resources for com.zzl.falcon.internal: Resource ID #0x0
W/EGL_emulation( 6428): eglSurfaceAttrib not implemented
W/OpenGLRenderer( 6428): Failed to set EGL_SWAP_BEHAVIOR on surface 0xe1c18540, error=EGL_SUCCESS
I/Choreographer( 6428): Skipped 33 frames!  The application may be doing too much work on its main thread.
I/ActivityManager(  595): Displayed com.android.settings/.Settings$InputMethodAndLanguageSettingsActivity: +1s684ms
I/awcn.ComponentCallbacks2( 5727):  onTrimMemory level:20
I/awcn.SessionCenter( 5727): |[seq:[default]] [background]
I/awcn.StrategyCenter( 5727):  saveData
I/awcn.AmdcThreadPoolExecutor( 5727):  thread created! name:AMDC6
I/awcn.SessionCenter( 5727): |[seq:0] [background]
I/awcn.StrategyCenter( 5727):  saveData
I/awcn.SessionCenter( 5727): |[seq:umeng:56aadbf567e58e38d4000976] [background]
I/awcn.StrategyCenter( 5727):  saveData
I/art     (  717): Explicit concurrent mark sweep GC freed 18597(952KB) AllocSpace objects, 0(0B) LOS objects, 40% free, 14MB/24MB, paused 487us total 22.897ms
I/art     (  595): Explicit concurrent mark sweep GC freed 15522(960KB) AllocSpace objects, 1(16KB) LOS objects, 33% free, 16MB/24MB, paused 625us total 34.634ms
I/awcn.SerializeHelper( 5727):  persist end. file:/storage/emulated/0/Android/data/com.zzl.falcon.internal/files/awcn_strategy/ef133debedbd6d843d539e5eb14cfdfd cost:8
I/awcn.SerializeHelper( 5727):  persist end. file:/storage/emulated/0/Android/data/com.zzl.falcon.internal/files/awcn_strategy/0c61135c2fdcd71f15ad7297245abe44 cost:4
I/awcn.SerializeHelper( 5727):  persist end. file:/storage/emulated/0/Android/data/com.zzl.falcon.internal/files/awcn_strategy/49c6a36aaea8ee1549c1cd3e07070c79 cost:4
W/AudioFlinger(  353): write blocked for 10043 msecs, 13 delayed writes, thread 0xf5cba000
D/TaskPersister(  595): removeObsoleteFile: deleting file=165_task.xml
D/TaskPersister(  595): removeObsoleteFile: deleting file=165_task_thumbnail.png
I/ActivityManager(  595): Waited long enough for: ServiceRecord{f8dc4d8 u0 com.android.music/.MediaPlaybackService}
I/art     (  717): Explicit concurrent mark sweep GC freed 5515(322KB) AllocSpace objects, 1(1536KB) LOS objects, 39% free, 12MB/21MB, paused 506us total 10.961ms
I/art     (  595): Explicit concurrent mark sweep GC freed 9172(474KB) AllocSpace objects, 5(2MB) LOS objects, 33% free, 13MB/20MB, paused 938us total 19.068ms
I/art     (  717): Explicit concurrent mark sweep GC freed 2812(161KB) AllocSpace objects, 1(16KB) LOS objects, 39% free, 12MB/21MB, paused 527us total 11.024ms
I/art     (  595): Explicit concurrent mark sweep GC freed 7018(282KB) AllocSpace objects, 0(0B) LOS objects, 33% free, 13MB/20MB, paused 400us total 18.632ms
I/art     (  717): Explicit concurrent mark sweep GC freed 3771(195KB) AllocSpace objects, 0(0B) LOS objects, 39% free, 12MB/21MB, paused 831us total 12.997ms
I/art     (  595): Explicit concurrent mark sweep GC freed 6541(262KB) AllocSpace objects, 0(0B) LOS objects, 33% free, 13MB/20MB, paused 369us total 18.035ms
I/art     (  717): Explicit concurrent mark sweep GC freed 3621(188KB) AllocSpace objects, 0(0B) LOS objects, 39% free, 12MB/21MB, paused 741us total 12.330ms
I/art     (  595): Explicit concurrent mark sweep GC freed 6489(270KB) AllocSpace objects, 1(16KB) LOS objects, 33% free, 13MB/20MB, paused 843us total 17.698ms
E/awcn.DefaultHeartbeatImpl( 5727): |[seq:umeng:56aadbf567e58e38d4000976.AWCN9_1] close session in background session:Session@[umeng:56aadbf567e58e38d4000976.AWCN9_1|http2_0rtt_acs]
E/awcn.TnetSpdySession( 5727): |[seq:umeng:56aadbf567e58e38d4000976.AWCN9_1] force close! session:Session@[umeng:56aadbf567e58e38d4000976.AWCN9_1|http2_0rtt_acs]
E/awcn.Session( 5727): |[seq:umeng:56aadbf567e58e38d4000976.AWCN9_1] notifyStatus status:DISCONNECTING
I/awcn.DefaultHeartbeatImpl( 5727): |[seq:umeng:56aadbf567e58e38d4000976.AWCN9_1] heartbeat stop session:Session@[umeng:56aadbf567e58e38d4000976.AWCN9_1|http2_0rtt_acs]
E/awcn.TnetSpdySession( 5727): |[seq:umeng:56aadbf567e58e38d4000976.AWCN9_1] spdySessionCloseCallback  errorCode::-2002
E/awcn.Session( 5727): |[seq:umeng:56aadbf567e58e38d4000976.AWCN9_1] notifyStatus status:DISCONNECTED
D/awcn.SessionRequest( 5727): |[seq:umeng:56aadbf567e58e38d4000976.AWCN9_1] Session:Session@[umeng:56aadbf567e58e38d4000976.AWCN9_1|http2_0rtt_acs] EventType:DISCONNECTED Event:anet.channel.entity.c@390a3f2e
D/awcn.SessionRequest( 5727): |[seq:umeng:56aadbf567e58e38d4000976.AWCN9_1] Connect Disconnect session:Session@[umeng:56aadbf567e58e38d4000976.AWCN9_1|http2_0rtt_acs] host:https://umengacs.m.taobao.com appIsBg:true isHandleFinish:false
I/accs.MsgDistributeService( 5727):  onStartCommand action:com.taobao.accs.intent.action.RECEIVE
D/accs.MsgDistribute( 5727):  action:com.taobao.accs.intent.action.RECEIVE
I/accs.MsgDistribute( 5727):  distribute command::103  serviceId::  dataId:: appkey: config:
I/art     (  717): Explicit concurrent mark sweep GC freed 3612(188KB) AllocSpace objects, 0(0B) LOS objects, 40% free, 12MB/21MB, paused 514us total 11.375ms
I/art     (  595): Explicit concurrent mark sweep GC freed 5999(236KB) AllocSpace objects, 0(0B) LOS objects, 33% free, 13MB/20MB, paused 852us total 18.041ms
I/art     (  717): Explicit concurrent mark sweep GC freed 3621(188KB) AllocSpace objects, 0(0B) LOS objects, 40% free, 12MB/21MB, paused 317us total 12.033ms
I/art     (  595): Explicit concurrent mark sweep GC freed 7020(302KB) AllocSpace objects, 0(0B) LOS objects, 33% free, 13MB/20MB, paused 495us total 19.706ms
I/art     ( 5727): Explicit concurrent mark sweep GC freed 4832(300KB) AllocSpace objects, 3(36KB) LOS objects, 24% free, 10MB/14MB, paused 139us total 13.633ms
I/art     ( 5727): Explicit concurrent mark sweep GC freed 3(96B) AllocSpace objects, 0(0B) LOS objects, 24% free, 10MB/14MB, paused 148us total 17.308ms
I/art     ( 5727): Explicit concurrent mark sweep GC freed 3(96B) AllocSpace objects, 0(0B) LOS objects, 24% free, 10MB/14MB, paused 193us total 13.580ms
I/art     ( 5727): Explicit concurrent mark sweep GC freed 3(96B) AllocSpace objects, 0(0B) LOS objects, 24% free, 10MB/14MB, paused 220us total 13.536ms
I/art     ( 5727): Explicit concurrent mark sweep GC freed 3(96B) AllocSpace objects, 0(0B) LOS objects, 24% free, 10MB/14MB, paused 151us total 13.754ms
I/art     (  717): Explicit concurrent mark sweep GC freed 3622(188KB) AllocSpace objects, 0(0B) LOS objects, 40% free, 12MB/21MB, paused 271us total 10.418ms
I/art     (  595): Explicit concurrent mark sweep GC freed 6593(293KB) AllocSpace objects, 2(32KB) LOS objects, 33% free, 13MB/20MB, paused 828us total 26.188ms
I/art     (  717): Explicit concurrent mark sweep GC freed 3621(188KB) AllocSpace objects, 0(0B) LOS objects, 40% free, 12MB/21MB, paused 590us total 10.689ms
I/art     (  595): Explicit concurrent mark sweep GC freed 6586(286KB) AllocSpace objects, 2(32KB) LOS objects, 33% free, 13MB/20MB, paused 550us total 18.186ms
I/art     (  717): Explicit concurrent mark sweep GC freed 3612(188KB) AllocSpace objects, 0(0B) LOS objects, 39% free, 12MB/21MB, paused 639us total 11.442ms
I/art     (  595): Explicit concurrent mark sweep GC freed 6467(258KB) AllocSpace objects, 0(0B) LOS objects, 33% free, 13MB/20MB, paused 364us total 16.686ms
I/art     (  717): Explicit concurrent mark sweep GC freed 3948(201KB) AllocSpace objects, 0(0B) LOS objects, 40% free, 12MB/21MB, paused 421us total 11.273ms
I/art     (  595): Explicit concurrent mark sweep GC freed 6406(254KB) AllocSpace objects, 0(0B) LOS objects, 33% free, 13MB/20MB, paused 1.882ms total 21.998ms
I/MediaFocusControl(  595):  AudioFocus  abandonAudioFocus() from android.media.AudioManager@37535ac5com.android.music.MediaPlaybackService$3@2d83dc1a
V/MusicFXControlPanelReceiver( 1836): onReceive
V/MusicFXControlPanelReceiver( 1836): Action: android.media.action.CLOSE_AUDIO_EFFECT_CONTROL_SESSION
V/MusicFXControlPanelReceiver( 1836): Package name: com.android.music
V/MusicFXControlPanelReceiver( 1836): Audio session: 71
V/MusicFXControlPanelEffect( 1836): closeSession(android.app.ReceiverRestrictedContext@27d570d, com.android.music, 71)
I/ActivityManager(  595): Killing 1357:com.android.calendar/u0a21 (adj 15): empty for 27069s
W/libprocessgroup(  595): failed to open /acct/uid_10021/pid_1357/cgroup.procs: No such file or directory
I/art     (  717): Explicit concurrent mark sweep GC freed 3644(189KB) AllocSpace objects, 0(0B) LOS objects, 39% free, 12MB/21MB, paused 514us total 10.477ms
I/art     (  595): Explicit concurrent mark sweep GC freed 6666(269KB) AllocSpace objects, 0(0B) LOS objects, 33% free, 13MB/20MB, paused 803us total 18.872ms
I/art     (  717): Explicit concurrent mark sweep GC freed 3621(188KB) AllocSpace objects, 0(0B) LOS objects, 39% free, 12MB/21MB, paused 479us total 10.732ms
I/art     (  595): Explicit concurrent mark sweep GC freed 6647(266KB) AllocSpace objects, 0(0B) LOS objects, 33% free, 13MB/20MB, paused 759us total 18.592ms
I/art     (  717): Explicit concurrent mark sweep GC freed 3612(188KB) AllocSpace objects, 0(0B) LOS objects, 39% free, 12MB/21MB, paused 548us total 10.690ms
I/art     (  595): Explicit concurrent mark sweep GC freed 6433(257KB) AllocSpace objects, 0(0B) LOS objects, 33% free, 13MB/20MB, paused 485us total 17.939ms
I/art     (  717): Explicit concurrent mark sweep GC freed 3621(188KB) AllocSpace objects, 0(0B) LOS objects, 39% free, 12MB/21MB, paused 458us total 9.965ms
I/art     (  595): Explicit concurrent mark sweep GC freed 6314(251KB) AllocSpace objects, 0(0B) LOS objects, 33% free, 13MB/20MB, paused 434us total 19.346ms
E/accs.SilenceConn_umeng:56aadbf567e58e38d4000976( 5806):  0 force close!
D/tnet-jni( 5806): 244 - [SpdySession.closeSession] - 
E/accs.SilenceConn_umeng:56aadbf567e58e38d4000976( 5806):  0 notifyStatus:DISCONNECTED
D/accs.OrangeAdapter( 5806):  isSmartHb result:true
D/accs.HeartbeatManager( 5806):  set 270
D/accs.HeartbeatManager( 5806):  onNetworkFail
D/accs.SilenceConn_umeng:56aadbf567e58e38d4000976( 5806):  try ping, force:false
E/accs.NetworkThread_umeng:56aadbf567e58e38d4000976( 5806):  0 try connect fail, ready for reconnect
D/accs.SilenceConn_umeng:56aadbf567e58e38d4000976( 5806):  send message, PING delay:1090 dataId:25
I/accs.SilenceConn_umeng:56aadbf567e58e38d4000976( 5806):  0 notifyStatus:DISCONNECTED handled
E/accs.NetworkThread_umeng:56aadbf567e58e38d4000976( 5806):  0 try connect, force = false failTimes = 1
I/accs.NetworkThread_umeng:56aadbf567e58e38d4000976( 5806):  0 try connect, need sleep
I/art     (  717): Explicit concurrent mark sweep GC freed 3622(188KB) AllocSpace objects, 0(0B) LOS objects, 39% free, 12MB/21MB, paused 655us total 10.252ms
I/art     (  595): Explicit concurrent mark sweep GC freed 6822(279KB) AllocSpace objects, 0(0B) LOS objects, 33% free, 13MB/20MB, paused 622us total 19.929ms
D/accs.SilenceConn_umeng:56aadbf567e58e38d4000976( 5806):  clearRepeatControlCommand message:201/
I/accs.SilenceConn_umeng:56aadbf567e58e38d4000976( 5806):  0 getChannelHost:accscdn.m.taobao.com
D/awcn.LocalDnsStrategyTable( 5806):  try resolve ip with local dns host:accscdn.m.taobao.com
D/getConnStrategyListByHost( 5806): |[seq:host] accscdn.m.taobao.com:result [{140.205.195.91 80 http}, {140.205.195.91 443 https}]
I/accs.SilenceConn_umeng:56aadbf567e58e38d4000976( 5806):  0 getChannelHost:accscdn.m.taobao.com
I/accs.SilenceConn_umeng:56aadbf567e58e38d4000976( 5806):  0 get ip from amdc fail!!
E/accs.SilenceConn_umeng:56aadbf567e58e38d4000976( 5806):  0 connect URL:https://accscdn.m.taobao.com:443/accs/
E/accs.SilenceConn_umeng:56aadbf567e58e38d4000976( 5806):  0 connect normal
I/accs.SilenceConn_umeng:56aadbf567e58e38d4000976( 5806):  0 getChannelHost:accscdn.m.taobao.com
I/tnet-jni( 5806): 225 -  create new session: accscdn.m.taobao.com:443
E/accs.SilenceConn_umeng:56aadbf567e58e38d4000976( 5806):  0 notifyStatus:CONNECTING
I/accs.SilenceConn_umeng:56aadbf567e58e38d4000976( 5806):  0 notifyStatus:CONNECTING handled
I/accs.UtilityImpl( 5806):  staticBinarySafeDecryptNoB64 appkey:0 authcode:
E/accs.UtilityImpl( 5806):  staticBinarySafeDecryptNoB64
E/accs.UtilityImpl( 5806): java.lang.NoClassDefFoundError: Failed resolution of: Lcom/alibaba/wireless/security/open/SecurityGuardManager;
E/accs.UtilityImpl( 5806): 	at com.taobao.accs.utl.UtilityImpl.staticBinarySafeDecryptNoB64(Taobao:487)
E/accs.UtilityImpl( 5806): 	at com.taobao.accs.net.u.getSSLPublicKey(Taobao:674)
E/accs.UtilityImpl( 5806): 	at org.android.spdy.SpdyAgent.getSSLPublicKey(SpdyAgent.java:894)
E/accs.UtilityImpl( 5806): Caused by: java.lang.ClassNotFoundException: Didn't find class "com.alibaba.wireless.security.open.SecurityGuardManager" on path: DexPathList[[zip file "/data/app/com.zzl.falcon.internal-1/base.apk"],nativeLibraryDirectories=[/data/app/com.zzl.falcon.internal-1/lib/x86, /vendor/lib, /system/lib]]
E/accs.UtilityImpl( 5806): 	at dalvik.system.BaseDexClassLoader.findClass(BaseDexClassLoader.java:56)
E/accs.UtilityImpl( 5806): 	at java.lang.ClassLoader.loadClass(ClassLoader.java:511)
E/accs.UtilityImpl( 5806): 	at java.lang.ClassLoader.loadClass(ClassLoader.java:469)
E/accs.UtilityImpl( 5806): 	... 3 more
E/accs.UtilityImpl( 5806): 	Suppressed: java.lang.ClassNotFoundException: com.alibaba.wireless.security.open.SecurityGuardManager
E/accs.UtilityImpl( 5806): 		at java.lang.Class.classForName(Native Method)
E/accs.UtilityImpl( 5806): 		at java.lang.BootClassLoader.findClass(ClassLoader.java:781)
E/accs.UtilityImpl( 5806): 		at java.lang.BootClassLoader.loadClass(ClassLoader.java:841)
E/accs.UtilityImpl( 5806): 		at java.lang.ClassLoader.loadClass(ClassLoader.java:504)
E/accs.UtilityImpl( 5806): 		... 4 more
E/accs.UtilityImpl( 5806): 	Caused by: java.lang.NoClassDefFoundError: Class not found using the boot class loader; no stack available
I/tnet-jni( 5806): 219 - [spdySessionFailedError] - 
I/tnet-jni( 5806): 219 - [SpdySessionCallBack.spdySessionFailedError] - org.android.spdy.SpdySession@1aadeaa8
D/tnet-jni( 5806): 219 - [SpdySession.cleanUp] - 
E/accs.SilenceConn_umeng:56aadbf567e58e38d4000976( 5806):  0 spdySessionFailedError, retryTimes:1 errorId:-3530
E/accs.SilenceConn_umeng:56aadbf567e58e38d4000976( 5806):  0 notifyStatus:DISCONNECTED
D/accs.OrangeAdapter( 5806):  isSmartHb result:true
D/accs.HeartbeatManager( 5806):  set 270
D/accs.HeartbeatManager( 5806):  onNetworkFail
D/accs.SilenceConn_umeng:56aadbf567e58e38d4000976( 5806):  try ping, force:false
E/accs.NetworkThread_umeng:56aadbf567e58e38d4000976( 5806):  0 try connect fail, ready for reconnect
D/accs.SilenceConn_umeng:56aadbf567e58e38d4000976( 5806):  send message, PING delay:6400 dataId:26
I/accs.SilenceConn_umeng:56aadbf567e58e38d4000976( 5806):  0 notifyStatus:DISCONNECTED handled
D/accs.UTMini( 5806):  commitEvent fail java.lang.NoClassDefFoundError: Failed resolution of: Lcom/ut/mini/internal/UTOriginalCustomHitBuilder;
D/tnet-jni( 5806): 219 - [SpdySession.clearAllStreamCb] - 
D/tnet-jni( 5806): 219 - [SpdySession.cleanUp] - 
E/accs.NetworkThread_umeng:56aadbf567e58e38d4000976( 5806):  0 try connect, force = false failTimes = 2
I/accs.NetworkThread_umeng:56aadbf567e58e38d4000976( 5806):  0 try connect, need sleep
I/art     (  717): Explicit concurrent mark sweep GC freed 3621(188KB) AllocSpace objects, 0(0B) LOS objects, 39% free, 12MB/21MB, paused 589us total 10.730ms
I/art     (  595): Explicit concurrent mark sweep GC freed 6793(276KB) AllocSpace objects, 0(0B) LOS objects, 33% free, 13MB/20MB, paused 850us total 17.144ms
I/accs.SilenceConn_umeng:56aadbf567e58e38d4000976( 5806):  0 getChannelHost:accscdn.m.taobao.com
D/awcn.LocalDnsStrategyTable( 5806):  try resolve ip with local dns host:accscdn.m.taobao.com
D/getConnStrategyListByHost( 5806): |[seq:host] accscdn.m.taobao.com:result [{140.205.195.91 80 http}, {140.205.195.91 443 https}]
I/accs.SilenceConn_umeng:56aadbf567e58e38d4000976( 5806):  0 getChannelHost:accscdn.m.taobao.com
I/accs.SilenceConn_umeng:56aadbf567e58e38d4000976( 5806):  0 get ip from amdc fail!!
E/accs.SilenceConn_umeng:56aadbf567e58e38d4000976( 5806):  0 connect URL:https://accscdn.m.taobao.com:443/accs/
E/accs.SilenceConn_umeng:56aadbf567e58e38d4000976( 5806):  0 connect normal
I/accs.SilenceConn_umeng:56aadbf567e58e38d4000976( 5806):  0 getChannelHost:accscdn.m.taobao.com
I/tnet-jni( 5806): 225 -  create new session: accscdn.m.taobao.com:443
E/accs.SilenceConn_umeng:56aadbf567e58e38d4000976( 5806):  0 notifyStatus:CONNECTING
I/accs.SilenceConn_umeng:56aadbf567e58e38d4000976( 5806):  0 notifyStatus:CONNECTING handled
I/accs.UtilityImpl( 5806):  staticBinarySafeDecryptNoB64 appkey:0 authcode:
E/accs.UtilityImpl( 5806):  staticBinarySafeDecryptNoB64
E/accs.UtilityImpl( 5806): java.lang.NoClassDefFoundError: Failed resolution of: Lcom/alibaba/wireless/security/open/SecurityGuardManager;
E/accs.UtilityImpl( 5806): 	at com.taobao.accs.utl.UtilityImpl.staticBinarySafeDecryptNoB64(Taobao:487)
E/accs.UtilityImpl( 5806): 	at com.taobao.accs.net.u.getSSLPublicKey(Taobao:674)
E/accs.UtilityImpl( 5806): 	at org.android.spdy.SpdyAgent.getSSLPublicKey(SpdyAgent.java:894)
E/accs.UtilityImpl( 5806): Caused by: java.lang.ClassNotFoundException: Didn't find class "com.alibaba.wireless.security.open.SecurityGuardManager" on path: DexPathList[[zip file "/data/app/com.zzl.falcon.internal-1/base.apk"],nativeLibraryDirectories=[/data/app/com.zzl.falcon.internal-1/lib/x86, /vendor/lib, /system/lib]]
E/accs.UtilityImpl( 5806): 	at dalvik.system.BaseDexClassLoader.findClass(BaseDexClassLoader.java:56)
E/accs.UtilityImpl( 5806): 	at java.lang.ClassLoader.loadClass(ClassLoader.java:511)
E/accs.UtilityImpl( 5806): 	at java.lang.ClassLoader.loadClass(ClassLoader.java:469)
E/accs.UtilityImpl( 5806): 	... 3 more
E/accs.UtilityImpl( 5806): 	Suppressed: java.lang.ClassNotFoundException: com.alibaba.wireless.security.open.SecurityGuardManager
E/accs.UtilityImpl( 5806): 		at java.lang.Class.classForName(Native Method)
E/accs.UtilityImpl( 5806): 		at java.lang.BootClassLoader.findClass(ClassLoader.java:781)
E/accs.UtilityImpl( 5806): 		at java.lang.BootClassLoader.loadClass(ClassLoader.java:841)
E/accs.UtilityImpl( 5806): 		at java.lang.ClassLoader.loadClass(ClassLoader.java:504)
E/accs.UtilityImpl( 5806): 		... 4 more
E/accs.UtilityImpl( 5806): 	Caused by: java.lang.NoClassDefFoundError: Class not found using the boot class loader; no stack available
I/tnet-jni( 5806): 219 - [spdySessionFailedError] - 
I/tnet-jni( 5806): 219 - [SpdySessionCallBack.spdySessionFailedError] - org.android.spdy.SpdySession@3f7c49c1
D/tnet-jni( 5806): 219 - [SpdySession.cleanUp] - 
E/accs.SilenceConn_umeng:56aadbf567e58e38d4000976( 5806):  0 spdySessionFailedError, retryTimes:2 errorId:-3530
E/accs.SilenceConn_umeng:56aadbf567e58e38d4000976( 5806):  0 notifyStatus:DISCONNECTED
D/accs.OrangeAdapter( 5806):  isSmartHb result:true
D/accs.HeartbeatManager( 5806):  set 270
D/accs.HeartbeatManager( 5806):  onNetworkFail
D/accs.SilenceConn_umeng:56aadbf567e58e38d4000976( 5806):  try ping, force:false
E/accs.NetworkThread_umeng:56aadbf567e58e38d4000976( 5806):  0 try connect fail, ready for reconnect
D/accs.SilenceConn_umeng:56aadbf567e58e38d4000976( 5806):  send message, PING delay:3147 dataId:27
I/accs.SilenceConn_umeng:56aadbf567e58e38d4000976( 5806):  0 notifyStatus:DISCONNECTED handled
E/accs.NetworkThread_umeng:56aadbf567e58e38d4000976( 5806):  0 try connect, force = false failTimes = 3
I/accs.NetworkThread_umeng:56aadbf567e58e38d4000976( 5806):  0 try connect, need sleep
D/accs.UTMini( 5806):  commitEvent fail java.lang.NoClassDefFoundError: Failed resolution of: Lcom/ut/mini/internal/UTOriginalCustomHitBuilder;
D/tnet-jni( 5806): 219 - [SpdySession.clearAllStreamCb] - 
D/tnet-jni( 5806): 219 - [SpdySession.cleanUp] - 
I/art     (  717): Explicit concurrent mark sweep GC freed 3612(188KB) AllocSpace objects, 0(0B) LOS objects, 40% free, 12MB/21MB, paused 322us total 10.238ms
I/art     (  595): Explicit concurrent mark sweep GC freed 7399(324KB) AllocSpace objects, 0(0B) LOS objects, 33% free, 13MB/20MB, paused 420us total 16.672ms
D/accs.SilenceConn_umeng:56aadbf567e58e38d4000976( 5806):  clearRepeatControlCommand message:201/
D/accs.SilenceConn_umeng:56aadbf567e58e38d4000976( 5806):  clearRepeatControlCommand message:201/
D/AndroidRuntime( 6511): >>>>>> START com.android.internal.os.RuntimeInit uid 0 <<<<<<
D/AndroidRuntime( 6511): CheckJNI is OFF
E/memtrack( 6511): Couldn't load memtrack module (No such file or directory)
E/android.os.Debug( 6511): failed to load memtrack module: -2
D/AndroidRuntime( 6511): Calling main entry com.android.commands.wm.Wm
D/AndroidRuntime( 6511): Shutting down VM
I/accs.SilenceConn_umeng:56aadbf567e58e38d4000976( 5806):  0 getChannelHost:accscdn.m.taobao.com
I/awcn.StrategyCenter( 5806):  force refresh strategy host:accscdn.m.taobao.com
I/awcn.HttpDispatcher( 5806):  sendAmdcRequest hosts:[accscdn.m.taobao.com, amdc.m.taobao.com]
I/awcn.AmdcThreadPoolExecutor( 5806):  merge amdc request delay:3000
I/awcn.AmdcThreadPoolExecutor( 5806):  thread created! name:AMDC5
I/accs.SilenceConn_umeng:56aadbf567e58e38d4000976( 5806):  0 getChannelHost:accscdn.m.taobao.com
D/awcn.LocalDnsStrategyTable( 5806):  try resolve ip with local dns host:accscdn.m.taobao.com
D/getConnStrategyListByHost( 5806): |[seq:host] accscdn.m.taobao.com:result [{140.205.195.91 80 http}, {140.205.195.91 443 https}]
I/accs.SilenceConn_umeng:56aadbf567e58e38d4000976( 5806):  0 getChannelHost:accscdn.m.taobao.com
I/accs.SilenceConn_umeng:56aadbf567e58e38d4000976( 5806):  0 get ip from amdc fail!!
E/accs.SilenceConn_umeng:56aadbf567e58e38d4000976( 5806):  0 connect URL:https://accscdn.m.taobao.com:80/accs/
E/accs.SilenceConn_umeng:56aadbf567e58e38d4000976( 5806):  0 connect normal
I/accs.SilenceConn_umeng:56aadbf567e58e38d4000976( 5806):  0 getChannelHost:accscdn.m.taobao.com
I/tnet-jni( 5806): 225 -  create new session: accscdn.m.taobao.com:80
E/accs.SilenceConn_umeng:56aadbf567e58e38d4000976( 5806):  0 notifyStatus:CONNECTING
I/accs.SilenceConn_umeng:56aadbf567e58e38d4000976( 5806):  0 notifyStatus:CONNECTING handled
I/accs.UtilityImpl( 5806):  staticBinarySafeDecryptNoB64 appkey:0 authcode:
E/accs.UtilityImpl( 5806):  staticBinarySafeDecryptNoB64
