D/awcn.TnetSpdySession( 2877): |[seq:umeng:56aadbf567e58e38d4000976.AWCN1_1] ping host:https://umengacs.m.taobao.com thread:AWCN Scheduler1
D/awcn.TnetSpdySession( 2877): |[seq:umeng:56aadbf567e58e38d4000976.AWCN1_1] https://umengacs.m.taobao.com submit ping ms:45050 force:true
D/awcn.DefaultHeartbeatImpl( 2877): |[seq:umeng:56aadbf567e58e38d4000976.AWCN1_1] reSchedule session:Session@[umeng:56aadbf567e58e38d4000976.AWCN1_1|spdy_0rtt_acs] delay:45050
I/awcn.TnetSpdySession( 2877): |[seq:umeng:56aadbf567e58e38d4000976.AWCN1_1] ping receive Host:https://umengacs.m.taobao.com id:383
D/awcn.DefaultHeartbeatImpl( 2877): |[seq:umeng:56aadbf567e58e38d4000976.AWCN1_1] heartbeat session:Session@[umeng:56aadbf567e58e38d4000976.AWCN1_1|spdy_0rtt_acs]
D/awcn.TnetSpdySession( 2877): |[seq:umeng:56aadbf567e58e38d4000976.AWCN1_1] ping host:https://umengacs.m.taobao.com thread:AWCN Scheduler1
D/awcn.TnetSpdySession( 2877): |[seq:umeng:56aadbf567e58e38d4000976.AWCN1_1] https://umengacs.m.taobao.com submit ping ms:45050 force:true
D/awcn.DefaultHeartbeatImpl( 2877): |[seq:umeng:56aadbf567e58e38d4000976.AWCN1_1] reSchedule session:Session@[umeng:56aadbf567e58e38d4000976.AWCN1_1|spdy_0rtt_acs] delay:45051
I/awcn.TnetSpdySession( 2877): |[seq:umeng:56aadbf567e58e38d4000976.AWCN1_1] ping receive Host:https://umengacs.m.taobao.com id:385
D/awcn.DefaultHeartbeatImpl( 2877): |[seq:umeng:56aadbf567e58e38d4000976.AWCN1_1] heartbeat session:Session@[umeng:56aadbf567e58e38d4000976.AWCN1_1|spdy_0rtt_acs]
D/awcn.TnetSpdySession( 2877): |[seq:umeng:56aadbf567e58e38d4000976.AWCN1_1] ping host:https://umengacs.m.taobao.com thread:AWCN Scheduler1
D/awcn.TnetSpdySession( 2877): |[seq:umeng:56aadbf567e58e38d4000976.AWCN1_1] https://umengacs.m.taobao.com submit ping ms:45052 force:true
D/awcn.DefaultHeartbeatImpl( 2877): |[seq:umeng:56aadbf567e58e38d4000976.AWCN1_1] reSchedule session:Session@[umeng:56aadbf567e58e38d4000976.AWCN1_1|spdy_0rtt_acs] delay:45052
I/awcn.TnetSpdySession( 2877): |[seq:umeng:56aadbf567e58e38d4000976.AWCN1_1] ping receive Host:https://umengacs.m.taobao.com id:387
I/tnet-jni( 1218): 101 - [spdyPingRecvCallback] - 
I/tnet-jni( 1218): 101 - [SpdySessionCallBack.spdyPingRecvCallback] - org.android.spdy.SpdySession@1aadeaa8
D/accs.SpdyConnection( 1218):  spdyPingRecvCallback uniId:166
D/accs.MessageHandler( 1218):  onRcvPing
D/accs.HeartbeatManager( 1218):  onHeartbeatSucc
D/accs.OrangeAdapter( 1218):  isSmartHb result:true
D/accs.HeartbeatManager( 1218):  set 480
I/tnet-jni( 1301): 101 - [spdyPingRecvCallback] - 
I/tnet-jni( 1301): 101 - [SpdySessionCallBack.spdyPingRecvCallback] - org.android.spdy.SpdySession@37b553dc
D/accs.SilenceConn_umeng:56aadbf567e58e38d4000976( 1301):  spdyPingRecvCallback uniId:166
D/accs.MsgRecv_umeng:56aadbf567e58e38d4000976( 1301):  onRcvPing
D/accs.HeartbeatManager( 1301):  onHeartbeatSucc
D/accs.OrangeAdapter( 1301):  isSmartHb result:true
D/accs.HeartbeatManager( 1301):  set 480
D/awcn.DefaultHeartbeatImpl( 2877): |[seq:umeng:56aadbf567e58e38d4000976.AWCN1_1] heartbeat session:Session@[umeng:56aadbf567e58e38d4000976.AWCN1_1|spdy_0rtt_acs]
D/awcn.TnetSpdySession( 2877): |[seq:umeng:56aadbf567e58e38d4000976.AWCN1_1] ping host:https://umengacs.m.taobao.com thread:AWCN Scheduler1
D/awcn.TnetSpdySession( 2877): |[seq:umeng:56aadbf567e58e38d4000976.AWCN1_1] https://umengacs.m.taobao.com submit ping ms:45050 force:true
D/awcn.DefaultHeartbeatImpl( 2877): |[seq:umeng:56aadbf567e58e38d4000976.AWCN1_1] reSchedule session:Session@[umeng:56aadbf567e58e38d4000976.AWCN1_1|spdy_0rtt_acs] delay:45050
I/awcn.TnetSpdySession( 2877): |[seq:umeng:56aadbf567e58e38d4000976.AWCN1_1] ping receive Host:https://umengacs.m.taobao.com id:389
D/awcn.DefaultHeartbeatImpl( 2877): |[seq:umeng:56aadbf567e58e38d4000976.AWCN1_1] heartbeat session:Session@[umeng:56aadbf567e58e38d4000976.AWCN1_1|spdy_0rtt_acs]
D/awcn.TnetSpdySession( 2877): |[seq:umeng:56aadbf567e58e38d4000976.AWCN1_1] ping host:https://umengacs.m.taobao.com thread:AWCN Scheduler1
D/awcn.TnetSpdySession( 2877): |[seq:umeng:56aadbf567e58e38d4000976.AWCN1_1] https://umengacs.m.taobao.com submit ping ms:45056 force:true
D/awcn.DefaultHeartbeatImpl( 2877): |[seq:umeng:56aadbf567e58e38d4000976.AWCN1_1] reSchedule session:Session@[umeng:56aadbf567e58e38d4000976.AWCN1_1|spdy_0rtt_acs] delay:45056
I/awcn.TnetSpdySession( 2877): |[seq:umeng:56aadbf567e58e38d4000976.AWCN1_1] ping receive Host:https://umengacs.m.taobao.com id:391
D/awcn.DefaultHeartbeatImpl( 2877): |[seq:umeng:56aadbf567e58e38d4000976.AWCN1_1] heartbeat session:Session@[umeng:56aadbf567e58e38d4000976.AWCN1_1|spdy_0rtt_acs]
D/awcn.TnetSpdySession( 2877): |[seq:umeng:56aadbf567e58e38d4000976.AWCN1_1] ping host:https://umengacs.m.taobao.com thread:AWCN Scheduler1
D/awcn.TnetSpdySession( 2877): |[seq:umeng:56aadbf567e58e38d4000976.AWCN1_1] https://umengacs.m.taobao.com submit ping ms:45050 force:true
D/awcn.DefaultHeartbeatImpl( 2877): |[seq:umeng:56aadbf567e58e38d4000976.AWCN1_1] reSchedule session:Session@[umeng:56aadbf567e58e38d4000976.AWCN1_1|spdy_0rtt_acs] delay:45050
I/awcn.TnetSpdySession( 2877): |[seq:umeng:56aadbf567e58e38d4000976.AWCN1_1] ping receive Host:https://umengacs.m.taobao.com id:393
D/awcn.DefaultHeartbeatImpl( 2877): |[seq:umeng:56aadbf567e58e38d4000976.AWCN1_1] heartbeat session:Session@[umeng:56aadbf567e58e38d4000976.AWCN1_1|spdy_0rtt_acs]
D/awcn.TnetSpdySession( 2877): |[seq:umeng:56aadbf567e58e38d4000976.AWCN1_1] ping host:https://umengacs.m.taobao.com thread:AWCN Scheduler1
D/awcn.TnetSpdySession( 2877): |[seq:umeng:56aadbf567e58e38d4000976.AWCN1_1] https://umengacs.m.taobao.com submit ping ms:45053 force:true
D/awcn.DefaultHeartbeatImpl( 2877): |[seq:umeng:56aadbf567e58e38d4000976.AWCN1_1] reSchedule session:Session@[umeng:56aadbf567e58e38d4000976.AWCN1_1|spdy_0rtt_acs] delay:45053
I/awcn.TnetSpdySession( 2877): |[seq:umeng:56aadbf567e58e38d4000976.AWCN1_1] ping receive Host:https://umengacs.m.taobao.com id:395
D/awcn.DefaultHeartbeatImpl( 2877): |[seq:umeng:56aadbf567e58e38d4000976.AWCN1_1] heartbeat session:Session@[umeng:56aadbf567e58e38d4000976.AWCN1_1|spdy_0rtt_acs]
D/awcn.TnetSpdySession( 2877): |[seq:umeng:56aadbf567e58e38d4000976.AWCN1_1] ping host:https://umengacs.m.taobao.com thread:AWCN Scheduler1
D/awcn.TnetSpdySession( 2877): |[seq:umeng:56aadbf567e58e38d4000976.AWCN1_1] https://umengacs.m.taobao.com submit ping ms:45051 force:true
D/awcn.DefaultHeartbeatImpl( 2877): |[seq:umeng:56aadbf567e58e38d4000976.AWCN1_1] reSchedule session:Session@[umeng:56aadbf567e58e38d4000976.AWCN1_1|spdy_0rtt_acs] delay:45051
I/awcn.TnetSpdySession( 2877): |[seq:umeng:56aadbf567e58e38d4000976.AWCN1_1] ping receive Host:https://umengacs.m.taobao.com id:397
I/tnet-jni( 1218): 101 - [spdyPingRecvCallback] - 
I/tnet-jni( 1218): 101 - [SpdySessionCallBack.spdyPingRecvCallback] - org.android.spdy.SpdySession@1aadeaa8
D/accs.SpdyConnection( 1218):  spdyPingRecvCallback uniId:168
D/accs.MessageHandler( 1218):  onRcvPing
D/accs.HeartbeatManager( 1218):  onHeartbeatSucc
D/accs.OrangeAdapter( 1218):  isSmartHb result:true
D/accs.HeartbeatManager( 1218):  set 480
D/accs.UtilityImpl( 1218):  setServiceTime:1512054481810
I/tnet-jni( 1301): 101 - [spdyPingRecvCallback] - 
I/tnet-jni( 1301): 101 - [SpdySessionCallBack.spdyPingRecvCallback] - org.android.spdy.SpdySession@37b553dc
D/accs.SilenceConn_umeng:56aadbf567e58e38d4000976( 1301):  spdyPingRecvCallback uniId:168
D/accs.MsgRecv_umeng:56aadbf567e58e38d4000976( 1301):  onRcvPing
D/accs.HeartbeatManager( 1301):  onHeartbeatSucc
D/accs.OrangeAdapter( 1301):  isSmartHb result:true
D/accs.HeartbeatManager( 1301):  set 480
D/accs.UtilityImpl( 1301):  setServiceTime:1512054482800
D/awcn.DefaultHeartbeatImpl( 2877): |[seq:umeng:56aadbf567e58e38d4000976.AWCN1_1] heartbeat session:Session@[umeng:56aadbf567e58e38d4000976.AWCN1_1|spdy_0rtt_acs]
D/awcn.TnetSpdySession( 2877): |[seq:umeng:56aadbf567e58e38d4000976.AWCN1_1] ping host:https://umengacs.m.taobao.com thread:AWCN Scheduler1
D/awcn.TnetSpdySession( 2877): |[seq:umeng:56aadbf567e58e38d4000976.AWCN1_1] https://umengacs.m.taobao.com submit ping ms:45050 force:true
D/awcn.DefaultHeartbeatImpl( 2877): |[seq:umeng:56aadbf567e58e38d4000976.AWCN1_1] reSchedule session:Session@[umeng:56aadbf567e58e38d4000976.AWCN1_1|spdy_0rtt_acs] delay:45050
I/awcn.TnetSpdySession( 2877): |[seq:umeng:56aadbf567e58e38d4000976.AWCN1_1] ping receive Host:https://umengacs.m.taobao.com id:399
D/awcn.DefaultHeartbeatImpl( 2877): |[seq:umeng:56aadbf567e58e38d4000976.AWCN1_1] heartbeat session:Session@[umeng:56aadbf567e58e38d4000976.AWCN1_1|spdy_0rtt_acs]
D/awcn.TnetSpdySession( 2877): |[seq:umeng:56aadbf567e58e38d4000976.AWCN1_1] ping host:https://umengacs.m.taobao.com thread:AWCN Scheduler1
D/awcn.TnetSpdySession( 2877): |[seq:umeng:56aadbf567e58e38d4000976.AWCN1_1] https://umengacs.m.taobao.com submit ping ms:45051 force:true
D/awcn.DefaultHeartbeatImpl( 2877): |[seq:umeng:56aadbf567e58e38d4000976.AWCN1_1] reSchedule session:Session@[umeng:56aadbf567e58e38d4000976.AWCN1_1|spdy_0rtt_acs] delay:45051
I/awcn.TnetSpdySession( 2877): |[seq:umeng:56aadbf567e58e38d4000976.AWCN1_1] ping receive Host:https://umengacs.m.taobao.com id:401
D/awcn.DefaultHeartbeatImpl( 2877): |[seq:umeng:56aadbf567e58e38d4000976.AWCN1_1] heartbeat session:Session@[umeng:56aadbf567e58e38d4000976.AWCN1_1|spdy_0rtt_acs]
D/awcn.TnetSpdySession( 2877): |[seq:umeng:56aadbf567e58e38d4000976.AWCN1_1] ping host:https://umengacs.m.taobao.com thread:AWCN Scheduler1
D/awcn.TnetSpdySession( 2877): |[seq:umeng:56aadbf567e58e38d4000976.AWCN1_1] https://umengacs.m.taobao.com submit ping ms:45054 force:true
D/awcn.DefaultHeartbeatImpl( 2877): |[seq:umeng:56aadbf567e58e38d4000976.AWCN1_1] reSchedule session:Session@[umeng:56aadbf567e58e38d4000976.AWCN1_1|spdy_0rtt_acs] delay:45054
I/awcn.TnetSpdySession( 2877): |[seq:umeng:56aadbf567e58e38d4000976.AWCN1_1] ping receive Host:https://umengacs.m.taobao.com id:403
D/NetworkMonitor/NetworkAgentInfo [WIFI () - 100](  595): OfflineState{ when=-83ms what=532488 arg2=1 target=com.android.internal.util.StateMachine$SmHandler }
D/NetworkMonitor/NetworkAgentInfo [WIFI () - 100](  595): DefaultState{ when=-83ms what=532488 arg2=1 target=com.android.internal.util.StateMachine$SmHandler }
D/NetworkMonitor/NetworkAgentInfo [WIFI () - 100](  595): Forcing reevaluation
D/NetworkMonitor/NetworkAgentInfo [WIFI () - 100](  595): EvaluatingState{ when=0 what=532486 arg1=34 target=com.android.internal.util.StateMachine$SmHandler }
D/NetworkMonitor/NetworkAgentInfo [WIFI () - 100](  595): Checking http://connectivitycheck.android.com/generate_204 on "WiredSSID"
D/NetworkMonitor/NetworkAgentInfo [WIFI () - 100](  595): Probably not a portal: exception java.net.SocketTimeoutException: failed to connect to connectivitycheck.android.com/216.58.200.46 (port 80) after 10000ms
D/ConnectivityService(  595): setProvNotificationVisibleIntent: E visible=false networkType=0 extraInfo=null
D/awcn.DefaultHeartbeatImpl( 2877): |[seq:umeng:56aadbf567e58e38d4000976.AWCN1_1] heartbeat session:Session@[umeng:56aadbf567e58e38d4000976.AWCN1_1|spdy_0rtt_acs]
D/awcn.TnetSpdySession( 2877): |[seq:umeng:56aadbf567e58e38d4000976.AWCN1_1] ping host:https://umengacs.m.taobao.com thread:AWCN Scheduler1
D/awcn.TnetSpdySession( 2877): |[seq:umeng:56aadbf567e58e38d4000976.AWCN1_1] https://umengacs.m.taobao.com submit ping ms:45051 force:true
D/awcn.DefaultHeartbeatImpl( 2877): |[seq:umeng:56aadbf567e58e38d4000976.AWCN1_1] reSchedule session:Session@[umeng:56aadbf567e58e38d4000976.AWCN1_1|spdy_0rtt_acs] delay:45051
I/awcn.TnetSpdySession( 2877): |[seq:umeng:56aadbf567e58e38d4000976.AWCN1_1] ping receive Host:https://umengacs.m.taobao.com id:405
D/awcn.DefaultHeartbeatImpl( 2877): |[seq:umeng:56aadbf567e58e38d4000976.AWCN1_1] heartbeat session:Session@[umeng:56aadbf567e58e38d4000976.AWCN1_1|spdy_0rtt_acs]
D/awcn.TnetSpdySession( 2877): |[seq:umeng:56aadbf567e58e38d4000976.AWCN1_1] ping host:https://umengacs.m.taobao.com thread:AWCN Scheduler1
D/awcn.TnetSpdySession( 2877): |[seq:umeng:56aadbf567e58e38d4000976.AWCN1_1] https://umengacs.m.taobao.com submit ping ms:45052 force:true
D/awcn.DefaultHeartbeatImpl( 2877): |[seq:umeng:56aadbf567e58e38d4000976.AWCN1_1] reSchedule session:Session@[umeng:56aadbf567e58e38d4000976.AWCN1_1|spdy_0rtt_acs] delay:45052
I/awcn.TnetSpdySession( 2877): |[seq:umeng:56aadbf567e58e38d4000976.AWCN1_1] ping receive Host:https://umengacs.m.taobao.com id:407
I/tnet-jni( 1218): 101 - [spdyPingRecvCallback] - 
I/tnet-jni( 1218): 101 - [SpdySessionCallBack.spdyPingRecvCallback] - org.android.spdy.SpdySession@1aadeaa8
D/accs.SpdyConnection( 1218):  spdyPingRecvCallback uniId:170
D/accs.MessageHandler( 1218):  onRcvPing
D/accs.HeartbeatManager( 1218):  onHeartbeatSucc
D/accs.OrangeAdapter( 1218):  isSmartHb result:true
D/accs.HeartbeatManager( 1218):  set 480
I/tnet-jni( 1301): 101 - [spdyPingRecvCallback] - 
I/tnet-jni( 1301): 101 - [SpdySessionCallBack.spdyPingRecvCallback] - org.android.spdy.SpdySession@37b553dc
D/accs.SilenceConn_umeng:56aadbf567e58e38d4000976( 1301):  spdyPingRecvCallback uniId:170
D/accs.MsgRecv_umeng:56aadbf567e58e38d4000976( 1301):  onRcvPing
D/accs.HeartbeatManager( 1301):  onHeartbeatSucc
D/accs.OrangeAdapter( 1301):  isSmartHb result:true
D/accs.HeartbeatManager( 1301):  set 480
D/awcn.DefaultHeartbeatImpl( 2877): |[seq:umeng:56aadbf567e58e38d4000976.AWCN1_1] heartbeat session:Session@[umeng:56aadbf567e58e38d4000976.AWCN1_1|spdy_0rtt_acs]
D/awcn.TnetSpdySession( 2877): |[seq:umeng:56aadbf567e58e38d4000976.AWCN1_1] ping host:https://umengacs.m.taobao.com thread:AWCN Scheduler1
D/awcn.TnetSpdySession( 2877): |[seq:umeng:56aadbf567e58e38d4000976.AWCN1_1] https://umengacs.m.taobao.com submit ping ms:45051 force:true
D/awcn.DefaultHeartbeatImpl( 2877): |[seq:umeng:56aadbf567e58e38d4000976.AWCN1_1] reSchedule session:Session@[umeng:56aadbf567e58e38d4000976.AWCN1_1|spdy_0rtt_acs] delay:45051
I/awcn.TnetSpdySession( 2877): |[seq:umeng:56aadbf567e58e38d4000976.AWCN1_1] ping receive Host:https://umengacs.m.taobao.com id:409
D/awcn.DefaultHeartbeatImpl( 2877): |[seq:umeng:56aadbf567e58e38d4000976.AWCN1_1] heartbeat session:Session@[umeng:56aadbf567e58e38d4000976.AWCN1_1|spdy_0rtt_acs]
D/awcn.TnetSpdySession( 2877): |[seq:umeng:56aadbf567e58e38d4000976.AWCN1_1] ping host:https://umengacs.m.taobao.com thread:AWCN Scheduler1
D/awcn.TnetSpdySession( 2877): |[seq:umeng:56aadbf567e58e38d4000976.AWCN1_1] https://umengacs.m.taobao.com submit ping ms:45051 force:true
D/awcn.DefaultHeartbeatImpl( 2877): |[seq:umeng:56aadbf567e58e38d4000976.AWCN1_1] reSchedule session:Session@[umeng:56aadbf567e58e38d4000976.AWCN1_1|spdy_0rtt_acs] delay:45051
I/awcn.TnetSpdySession( 2877): |[seq:umeng:56aadbf567e58e38d4000976.AWCN1_1] ping receive Host:https://umengacs.m.taobao.com id:411
D/awcn.DefaultHeartbeatImpl( 2877): |[seq:umeng:56aadbf567e58e38d4000976.AWCN1_1] heartbeat session:Session@[umeng:56aadbf567e58e38d4000976.AWCN1_1|spdy_0rtt_acs]
D/awcn.TnetSpdySession( 2877): |[seq:umeng:56aadbf567e58e38d4000976.AWCN1_1] ping host:https://umengacs.m.taobao.com thread:AWCN Scheduler1
D/awcn.TnetSpdySession( 2877): |[seq:umeng:56aadbf567e58e38d4000976.AWCN1_1] https://umengacs.m.taobao.com submit ping ms:45051 force:true
D/awcn.DefaultHeartbeatImpl( 2877): |[seq:umeng:56aadbf567e58e38d4000976.AWCN1_1] reSchedule session:Session@[umeng:56aadbf567e58e38d4000976.AWCN1_1|spdy_0rtt_acs] delay:45051
I/awcn.TnetSpdySession( 2877): |[seq:umeng:56aadbf567e58e38d4000976.AWCN1_1] ping receive Host:https://umengacs.m.taobao.com id:413
D/awcn.DefaultHeartbeatImpl( 2877): |[seq:umeng:56aadbf567e58e38d4000976.AWCN1_1] heartbeat session:Session@[umeng:56aadbf567e58e38d4000976.AWCN1_1|spdy_0rtt_acs]
D/awcn.TnetSpdySession( 2877): |[seq:umeng:56aadbf567e58e38d4000976.AWCN1_1] ping host:https://umengacs.m.taobao.com thread:AWCN Scheduler1
D/awcn.TnetSpdySession( 2877): |[seq:umeng:56aadbf567e58e38d4000976.AWCN1_1] https://umengacs.m.taobao.com submit ping ms:45053 force:true
D/awcn.DefaultHeartbeatImpl( 2877): |[seq:umeng:56aadbf567e58e38d4000976.AWCN1_1] reSchedule session:Session@[umeng:56aadbf567e58e38d4000976.AWCN1_1|spdy_0rtt_acs] delay:45053
I/awcn.TnetSpdySession( 2877): |[seq:umeng:56aadbf567e58e38d4000976.AWCN1_1] ping receive Host:https://umengacs.m.taobao.com id:415
I/tnet-jni( 1218): 101 - [spdyPingRecvCallback] - 
I/tnet-jni( 1218): 101 - [SpdySessionCallBack.spdyPingRecvCallback] - org.android.spdy.SpdySession@1aadeaa8
D/accs.SpdyConnection( 1218):  spdyPingRecvCallback uniId:172
D/accs.MessageHandler( 1218):  onRcvPing
D/accs.HeartbeatManager( 1218):  onHeartbeatSucc
D/accs.OrangeAdapter( 1218):  isSmartHb result:true
D/accs.HeartbeatManager( 1218):  set 480
D/accs.UtilityImpl( 1218):  setServiceTime:1512054901828
I/tnet-jni( 1301): 101 - [spdyPingRecvCallback] - 
I/tnet-jni( 1301): 101 - [SpdySessionCallBack.spdyPingRecvCallback] - org.android.spdy.SpdySession@37b553dc
D/accs.SilenceConn_umeng:56aadbf567e58e38d4000976( 1301):  spdyPingRecvCallback uniId:172
D/accs.MsgRecv_umeng:56aadbf567e58e38d4000976( 1301):  onRcvPing
D/accs.HeartbeatManager( 1301):  onHeartbeatSucc
D/accs.OrangeAdapter( 1301):  isSmartHb result:true
D/accs.HeartbeatManager( 1301):  set 480
D/accs.UtilityImpl( 1301):  setServiceTime:1512054902833
D/awcn.DefaultHeartbeatImpl( 2877): |[seq:umeng:56aadbf567e58e38d4000976.AWCN1_1] heartbeat session:Session@[umeng:56aadbf567e58e38d4000976.AWCN1_1|spdy_0rtt_acs]
D/awcn.TnetSpdySession( 2877): |[seq:umeng:56aadbf567e58e38d4000976.AWCN1_1] ping host:https://umengacs.m.taobao.com thread:AWCN Scheduler1
D/awcn.TnetSpdySession( 2877): |[seq:umeng:56aadbf567e58e38d4000976.AWCN1_1] https://umengacs.m.taobao.com submit ping ms:45050 force:true
D/awcn.DefaultHeartbeatImpl( 2877): |[seq:umeng:56aadbf567e58e38d4000976.AWCN1_1] reSchedule session:Session@[umeng:56aadbf567e58e38d4000976.AWCN1_1|spdy_0rtt_acs] delay:45050
I/awcn.TnetSpdySession( 2877): |[seq:umeng:56aadbf567e58e38d4000976.AWCN1_1] ping receive Host:https://umengacs.m.taobao.com id:417
D/awcn.DefaultHeartbeatImpl( 2877): |[seq:umeng:56aadbf567e58e38d4000976.AWCN1_1] heartbeat session:Session@[umeng:56aadbf567e58e38d4000976.AWCN1_1|spdy_0rtt_acs]
D/awcn.TnetSpdySession( 2877): |[seq:umeng:56aadbf567e58e38d4000976.AWCN1_1] ping host:https://umengacs.m.taobao.com thread:AWCN Scheduler1
D/awcn.TnetSpdySession( 2877): |[seq:umeng:56aadbf567e58e38d4000976.AWCN1_1] https://umengacs.m.taobao.com submit ping ms:45053 force:true
D/awcn.DefaultHeartbeatImpl( 2877): |[seq:umeng:56aadbf567e58e38d4000976.AWCN1_1] reSchedule session:Session@[umeng:56aadbf567e58e38d4000976.AWCN1_1|spdy_0rtt_acs] delay:45053
I/awcn.TnetSpdySession( 2877): |[seq:umeng:56aadbf567e58e38d4000976.AWCN1_1] ping receive Host:https://umengacs.m.taobao.com id:419
D/awcn.DefaultHeartbeatImpl( 2877): |[seq:umeng:56aadbf567e58e38d4000976.AWCN1_1] heartbeat session:Session@[umeng:56aadbf567e58e38d4000976.AWCN1_1|spdy_0rtt_acs]
D/awcn.TnetSpdySession( 2877): |[seq:umeng:56aadbf567e58e38d4000976.AWCN1_1] ping host:https://umengacs.m.taobao.com thread:AWCN Scheduler1
D/awcn.TnetSpdySession( 2877): |[seq:umeng:56aadbf567e58e38d4000976.AWCN1_1] https://umengacs.m.taobao.com submit ping ms:45051 force:true
D/awcn.DefaultHeartbeatImpl( 2877): |[seq:umeng:56aadbf567e58e38d4000976.AWCN1_1] reSchedule session:Session@[umeng:56aadbf567e58e38d4000976.AWCN1_1|spdy_0rtt_acs] delay:45051
I/awcn.TnetSpdySession( 2877): |[seq:umeng:56aadbf567e58e38d4000976.AWCN1_1] ping receive Host:https://umengacs.m.taobao.com id:421
D/awcn.DefaultHeartbeatImpl( 2877): |[seq:umeng:56aadbf567e58e38d4000976.AWCN1_1] heartbeat session:Session@[umeng:56aadbf567e58e38d4000976.AWCN1_1|spdy_0rtt_acs]
D/awcn.TnetSpdySession( 2877): |[seq:umeng:56aadbf567e58e38d4000976.AWCN1_1] ping host:https://umengacs.m.taobao.com thread:AWCN Scheduler1
D/awcn.TnetSpdySession( 2877): |[seq:umeng:56aadbf567e58e38d4000976.AWCN1_1] https://umengacs.m.taobao.com submit ping ms:45054 force:true
D/awcn.DefaultHeartbeatImpl( 2877): |[seq:umeng:56aadbf567e58e38d4000976.AWCN1_1] reSchedule session:Session@[umeng:56aadbf567e58e38d4000976.AWCN1_1|spdy_0rtt_acs] delay:45054
I/awcn.TnetSpdySession( 2877): |[seq:umeng:56aadbf567e58e38d4000976.AWCN1_1] ping receive Host:https://umengacs.m.taobao.com id:423
D/awcn.DefaultHeartbeatImpl( 2877): |[seq:umeng:56aadbf567e58e38d4000976.AWCN1_1] heartbeat session:Session@[umeng:56aadbf567e58e38d4000976.AWCN1_1|spdy_0rtt_acs]
D/awcn.TnetSpdySession( 2877): |[seq:umeng:56aadbf567e58e38d4000976.AWCN1_1] ping host:https://umengacs.m.taobao.com thread:AWCN Scheduler1
D/awcn.TnetSpdySession( 2877): |[seq:umeng:56aadbf567e58e38d4000976.AWCN1_1] https://umengacs.m.taobao.com submit ping ms:45052 force:true
D/awcn.DefaultHeartbeatImpl( 2877): |[seq:umeng:56aadbf567e58e38d4000976.AWCN1_1] reSchedule session:Session@[umeng:56aadbf567e58e38d4000976.AWCN1_1|spdy_0rtt_acs] delay:45052
I/awcn.TnetSpdySession( 2877): |[seq:umeng:56aadbf567e58e38d4000976.AWCN1_1] ping receive Host:https://umengacs.m.taobao.com id:425
I/tnet-jni( 1218): 101 - [spdyPingRecvCallback] - 
I/tnet-jni( 1218): 101 - [SpdySessionCallBack.spdyPingRecvCallback] - org.android.spdy.SpdySession@1aadeaa8
D/accs.SpdyConnection( 1218):  spdyPingRecvCallback uniId:174
D/accs.MessageHandler( 1218):  onRcvPing
D/accs.HeartbeatManager( 1218):  onHeartbeatSucc
D/accs.OrangeAdapter( 1218):  isSmartHb result:true
D/accs.HeartbeatManager( 1218):  set 480
I/tnet-jni( 1301): 101 - [spdyPingRecvCallback] - 
I/tnet-jni( 1301): 101 - [SpdySessionCallBack.spdyPingRecvCallback] - org.android.spdy.SpdySession@37b553dc
D/accs.SilenceConn_umeng:56aadbf567e58e38d4000976( 1301):  spdyPingRecvCallback uniId:174
D/accs.MsgRecv_umeng:56aadbf567e58e38d4000976( 1301):  onRcvPing
D/accs.HeartbeatManager( 1301):  onHeartbeatSucc
D/accs.OrangeAdapter( 1301):  isSmartHb result:true
D/accs.HeartbeatManager( 1301):  set 480
D/awcn.DefaultHeartbeatImpl( 2877): |[seq:umeng:56aadbf567e58e38d4000976.AWCN1_1] heartbeat session:Session@[umeng:56aadbf567e58e38d4000976.AWCN1_1|spdy_0rtt_acs]
D/awcn.TnetSpdySession( 2877): |[seq:umeng:56aadbf567e58e38d4000976.AWCN1_1] ping host:https://umengacs.m.taobao.com thread:AWCN Scheduler1
D/awcn.TnetSpdySession( 2877): |[seq:umeng:56aadbf567e58e38d4000976.AWCN1_1] https://umengacs.m.taobao.com submit ping ms:45051 force:true
D/awcn.DefaultHeartbeatImpl( 2877): |[seq:umeng:56aadbf567e58e38d4000976.AWCN1_1] reSchedule session:Session@[umeng:56aadbf567e58e38d4000976.AWCN1_1|spdy_0rtt_acs] delay:45051
I/awcn.TnetSpdySession( 2877): |[seq:umeng:56aadbf567e58e38d4000976.AWCN1_1] ping receive Host:https://umengacs.m.taobao.com id:427
D/awcn.DefaultHeartbeatImpl( 2877): |[seq:umeng:56aadbf567e58e38d4000976.AWCN1_1] heartbeat session:Session@[umeng:56aadbf567e58e38d4000976.AWCN1_1|spdy_0rtt_acs]
D/awcn.TnetSpdySession( 2877): |[seq:umeng:56aadbf567e58e38d4000976.AWCN1_1] ping host:https://umengacs.m.taobao.com thread:AWCN Scheduler1
D/awcn.TnetSpdySession( 2877): |[seq:umeng:56aadbf567e58e38d4000976.AWCN1_1] https://umengacs.m.taobao.com submit ping ms:45051 force:true
D/awcn.DefaultHeartbeatImpl( 2877): |[seq:umeng:56aadbf567e58e38d4000976.AWCN1_1] reSchedule session:Session@[umeng:56aadbf567e58e38d4000976.AWCN1_1|spdy_0rtt_acs] delay:45051
I/awcn.TnetSpdySession( 2877): |[seq:umeng:56aadbf567e58e38d4000976.AWCN1_1] ping receive Host:https://umengacs.m.taobao.com id:429
D/awcn.DefaultHeartbeatImpl( 2877): |[seq:umeng:56aadbf567e58e38d4000976.AWCN1_1] heartbeat session:Session@[umeng:56aadbf567e58e38d4000976.AWCN1_1|spdy_0rtt_acs]
D/awcn.TnetSpdySession( 2877): |[seq:umeng:56aadbf567e58e38d4000976.AWCN1_1] ping host:https://umengacs.m.taobao.com thread:AWCN Scheduler1
D/awcn.TnetSpdySession( 2877): |[seq:umeng:56aadbf567e58e38d4000976.AWCN1_1] https://umengacs.m.taobao.com submit ping ms:45055 force:true
D/awcn.DefaultHeartbeatImpl( 2877): |[seq:umeng:56aadbf567e58e38d4000976.AWCN1_1] reSchedule session:Session@[umeng:56aadbf567e58e38d4000976.AWCN1_1|spdy_0rtt_acs] delay:45055
I/awcn.TnetSpdySession( 2877): |[seq:umeng:56aadbf567e58e38d4000976.AWCN1_1] ping receive Host:https://umengacs.m.taobao.com id:431
D/NetworkMonitor/NetworkAgentInfo [WIFI () - 100](  595): OfflineState{ when=-100ms what=532488 arg2=1 target=com.android.internal.util.StateMachine$SmHandler }
D/NetworkMonitor/NetworkAgentInfo [WIFI () - 100](  595): DefaultState{ when=-100ms what=532488 arg2=1 target=com.android.internal.util.StateMachine$SmHandler }
D/NetworkMonitor/NetworkAgentInfo [WIFI () - 100](  595): Forcing reevaluation
D/NetworkMonitor/NetworkAgentInfo [WIFI () - 100](  595): EvaluatingState{ when=0 what=532486 arg1=35 target=com.android.internal.util.StateMachine$SmHandler }
D/NetworkMonitor/NetworkAgentInfo [WIFI () - 100](  595): Checking http://connectivitycheck.android.com/generate_204 on "WiredSSID"
D/NetworkMonitor/NetworkAgentInfo [WIFI () - 100](  595): Probably not a portal: exception java.net.SocketTimeoutException: failed to connect to connectivitycheck.android.com/216.58.200.46 (port 80) after 10000ms
D/ConnectivityService(  595): setProvNotificationVisibleIntent: E visible=false networkType=0 extraInfo=null
D/awcn.DefaultHeartbeatImpl( 2877): |[seq:umeng:56aadbf567e58e38d4000976.AWCN1_1] heartbeat session:Session@[umeng:56aadbf567e58e38d4000976.AWCN1_1|spdy_0rtt_acs]
D/awcn.TnetSpdySession( 2877): |[seq:umeng:56aadbf567e58e38d4000976.AWCN1_1] ping host:https://umengacs.m.taobao.com thread:AWCN Scheduler1
D/awcn.TnetSpdySession( 2877): |[seq:umeng:56aadbf567e58e38d4000976.AWCN1_1] https://umengacs.m.taobao.com submit ping ms:45053 force:true
D/awcn.DefaultHeartbeatImpl( 2877): |[seq:umeng:56aadbf567e58e38d4000976.AWCN1_1] reSchedule session:Session@[umeng:56aadbf567e58e38d4000976.AWCN1_1|spdy_0rtt_acs] delay:45053
I/awcn.TnetSpdySession( 2877): |[seq:umeng:56aadbf567e58e38d4000976.AWCN1_1] ping receive Host:https://umengacs.m.taobao.com id:433
D/awcn.DefaultHeartbeatImpl( 2877): |[seq:umeng:56aadbf567e58e38d4000976.AWCN1_1] heartbeat session:Session@[umeng:56aadbf567e58e38d4000976.AWCN1_1|spdy_0rtt_acs]
D/awcn.TnetSpdySession( 2877): |[seq:umeng:56aadbf567e58e38d4000976.AWCN1_1] ping host:https://umengacs.m.taobao.com thread:AWCN Scheduler1
D/awcn.TnetSpdySession( 2877): |[seq:umeng:56aadbf567e58e38d4000976.AWCN1_1] https://umengacs.m.taobao.com submit ping ms:45051 force:true
D/awcn.DefaultHeartbeatImpl( 2877): |[seq:umeng:56aadbf567e58e38d4000976.AWCN1_1] reSchedule session:Session@[umeng:56aadbf567e58e38d4000976.AWCN1_1|spdy_0rtt_acs] delay:45051
I/awcn.TnetSpdySession( 2877): |[seq:umeng:56aadbf567e58e38d4000976.AWCN1_1] ping receive Host:https://umengacs.m.taobao.com id:435
I/tnet-jni( 1218): 101 - [spdyPingRecvCallback] - 
I/tnet-jni( 1218): 101 - [SpdySessionCallBack.spdyPingRecvCallback] - org.android.spdy.SpdySession@1aadeaa8
D/accs.SpdyConnection( 1218):  spdyPingRecvCallback uniId:176
D/accs.MessageHandler( 1218):  onRcvPing
D/accs.HeartbeatManager( 1218):  onHeartbeatSucc
D/accs.OrangeAdapter( 1218):  isSmartHb result:true
D/accs.HeartbeatManager( 1218):  set 480
D/accs.UtilityImpl( 1218):  setServiceTime:1512055321871
I/tnet-jni( 1301): 101 - [spdyPingRecvCallback] - 
I/tnet-jni( 1301): 101 - [SpdySessionCallBack.spdyPingRecvCallback] - org.android.spdy.SpdySession@37b553dc
D/accs.SilenceConn_umeng:56aadbf567e58e38d4000976( 1301):  spdyPingRecvCallback uniId:176
D/accs.MsgRecv_umeng:56aadbf567e58e38d4000976( 1301):  onRcvPing
D/accs.HeartbeatManager( 1301):  onHeartbeatSucc
D/accs.OrangeAdapter( 1301):  isSmartHb result:true
D/accs.HeartbeatManager( 1301):  set 480
D/accs.UtilityImpl( 1301):  setServiceTime:1512055322853
D/awcn.DefaultHeartbeatImpl( 2877): |[seq:umeng:56aadbf567e58e38d4000976.AWCN1_1] heartbeat session:Session@[umeng:56aadbf567e58e38d4000976.AWCN1_1|spdy_0rtt_acs]
D/awcn.TnetSpdySession( 2877): |[seq:umeng:56aadbf567e58e38d4000976.AWCN1_1] ping host:https://umengacs.m.taobao.com thread:AWCN Scheduler1
D/awcn.TnetSpdySession( 2877): |[seq:umeng:56aadbf567e58e38d4000976.AWCN1_1] https://umengacs.m.taobao.com submit ping ms:45051 force:true
D/awcn.DefaultHeartbeatImpl( 2877): |[seq:umeng:56aadbf567e58e38d4000976.AWCN1_1] reSchedule session:Session@[umeng:56aadbf567e58e38d4000976.AWCN1_1|spdy_0rtt_acs] delay:45051
I/awcn.TnetSpdySession( 2877): |[seq:umeng:56aadbf567e58e38d4000976.AWCN1_1] ping receive Host:https://umengacs.m.taobao.com id:437
D/awcn.DefaultHeartbeatImpl( 2877): |[seq:umeng:56aadbf567e58e38d4000976.AWCN1_1] heartbeat session:Session@[umeng:56aadbf567e58e38d4000976.AWCN1_1|spdy_0rtt_acs]
D/awcn.TnetSpdySession( 2877): |[seq:umeng:56aadbf567e58e38d4000976.AWCN1_1] ping host:https://umengacs.m.taobao.com thread:AWCN Scheduler1
D/awcn.TnetSpdySession( 2877): |[seq:umeng:56aadbf567e58e38d4000976.AWCN1_1] https://umengacs.m.taobao.com submit ping ms:45050 force:true
D/awcn.DefaultHeartbeatImpl( 2877): |[seq:umeng:56aadbf567e58e38d4000976.AWCN1_1] reSchedule session:Session@[umeng:56aadbf567e58e38d4000976.AWCN1_1|spdy_0rtt_acs] delay:45050
I/awcn.TnetSpdySession( 2877): |[seq:umeng:56aadbf567e58e38d4000976.AWCN1_1] ping receive Host:https://umengacs.m.taobao.com id:439
D/awcn.DefaultHeartbeatImpl( 2877): |[seq:umeng:56aadbf567e58e38d4000976.AWCN1_1] heartbeat session:Session@[umeng:56aadbf567e58e38d4000976.AWCN1_1|spdy_0rtt_acs]
D/awcn.TnetSpdySession( 2877): |[seq:umeng:56aadbf567e58e38d4000976.AWCN1_1] ping host:https://umengacs.m.taobao.com thread:AWCN Scheduler1
D/awcn.TnetSpdySession( 2877): |[seq:umeng:56aadbf567e58e38d4000976.AWCN1_1] https://umengacs.m.taobao.com submit ping ms:45051 force:true
D/awcn.DefaultHeartbeatImpl( 2877): |[seq:umeng:56aadbf567e58e38d4000976.AWCN1_1] reSchedule session:Session@[umeng:56aadbf567e58e38d4000976.AWCN1_1|spdy_0rtt_acs] delay:45051
I/awcn.TnetSpdySession( 2877): |[seq:umeng:56aadbf567e58e38d4000976.AWCN1_1] ping receive Host:https://umengacs.m.taobao.com id:441
D/awcn.DefaultHeartbeatImpl( 2877): |[seq:umeng:56aadbf567e58e38d4000976.AWCN1_1] heartbeat session:Session@[umeng:56aadbf567e58e38d4000976.AWCN1_1|spdy_0rtt_acs]
D/awcn.TnetSpdySession( 2877): |[seq:umeng:56aadbf567e58e38d4000976.AWCN1_1] ping host:https://umengacs.m.taobao.com thread:AWCN Scheduler1
D/awcn.TnetSpdySession( 2877): |[seq:umeng:56aadbf567e58e38d4000976.AWCN1_1] https://umengacs.m.taobao.com submit ping ms:45053 force:true
D/awcn.DefaultHeartbeatImpl( 2877): |[seq:umeng:56aadbf567e58e38d4000976.AWCN1_1] reSchedule session:Session@[umeng:56aadbf567e58e38d4000976.AWCN1_1|spdy_0rtt_acs] delay:45053
I/awcn.TnetSpdySession( 2877): |[seq:umeng:56aadbf567e58e38d4000976.AWCN1_1] ping receive Host:https://umengacs.m.taobao.com id:443
I/tnet-jni( 1218): 101 - [spdyPingRecvCallback] - 
I/tnet-jni( 1218): 101 - [SpdySessionCallBack.spdyPingRecvCallback] - org.android.spdy.SpdySession@1aadeaa8
D/accs.SpdyConnection( 1218):  spdyPingRecvCallback uniId:178
D/accs.MessageHandler( 1218):  onRcvPing
D/accs.HeartbeatManager( 1218):  onHeartbeatSucc
D/accs.OrangeAdapter( 1218):  isSmartHb result:true
D/accs.HeartbeatManager( 1218):  set 480
I/tnet-jni( 1301): 101 - [spdyPingRecvCallback] - 
I/tnet-jni( 1301): 101 - [SpdySessionCallBack.spdyPingRecvCallback] - org.android.spdy.SpdySession@37b553dc
D/accs.SilenceConn_umeng:56aadbf567e58e38d4000976( 1301):  spdyPingRecvCallback uniId:178
D/accs.MsgRecv_umeng:56aadbf567e58e38d4000976( 1301):  onRcvPing
D/accs.HeartbeatManager( 1301):  onHeartbeatSucc
D/accs.OrangeAdapter( 1301):  isSmartHb result:true
D/accs.HeartbeatManager( 1301):  set 480
D/awcn.DefaultHeartbeatImpl( 2877): |[seq:umeng:56aadbf567e58e38d4000976.AWCN1_1] heartbeat session:Session@[umeng:56aadbf567e58e38d4000976.AWCN1_1|spdy_0rtt_acs]
D/awcn.TnetSpdySession( 2877): |[seq:umeng:56aadbf567e58e38d4000976.AWCN1_1] ping host:https://umengacs.m.taobao.com thread:AWCN Scheduler1
D/awcn.TnetSpdySession( 2877): |[seq:umeng:56aadbf567e58e38d4000976.AWCN1_1] https://umengacs.m.taobao.com submit ping ms:45052 force:true
D/awcn.DefaultHeartbeatImpl( 2877): |[seq:umeng:56aadbf567e58e38d4000976.AWCN1_1] reSchedule session:Session@[umeng:56aadbf567e58e38d4000976.AWCN1_1|spdy_0rtt_acs] delay:45052
I/awcn.TnetSpdySession( 2877): |[seq:umeng:56aadbf567e58e38d4000976.AWCN1_1] ping receive Host:https://umengacs.m.taobao.com id:445
I/ProcessStatsService(  595): Prepared write state in 0ms
I/ProcessStatsService(  595): Prepared write state in 1ms
I/ProcessStatsService(  595): Prepared write state in 0ms
D/awcn.DefaultHeartbeatImpl( 2877): |[seq:umeng:56aadbf567e58e38d4000976.AWCN1_1] heartbeat session:Session@[umeng:56aadbf567e58e38d4000976.AWCN1_1|spdy_0rtt_acs]
D/awcn.TnetSpdySession( 2877): |[seq:umeng:56aadbf567e58e38d4000976.AWCN1_1] ping host:https://umengacs.m.taobao.com thread:AWCN Scheduler1
D/awcn.TnetSpdySession( 2877): |[seq:umeng:56aadbf567e58e38d4000976.AWCN1_1] https://umengacs.m.taobao.com submit ping ms:45051 force:true
D/awcn.DefaultHeartbeatImpl( 2877): |[seq:umeng:56aadbf567e58e38d4000976.AWCN1_1] reSchedule session:Session@[umeng:56aadbf567e58e38d4000976.AWCN1_1|spdy_0rtt_acs] delay:45051
I/awcn.TnetSpdySession( 2877): |[seq:umeng:56aadbf567e58e38d4000976.AWCN1_1] ping receive Host:https://umengacs.m.taobao.com id:447
D/awcn.DefaultHeartbeatImpl( 2877): |[seq:umeng:56aadbf567e58e38d4000976.AWCN1_1] heartbeat session:Session@[umeng:56aadbf567e58e38d4000976.AWCN1_1|spdy_0rtt_acs]
D/awcn.TnetSpdySession( 2877): |[seq:umeng:56aadbf567e58e38d4000976.AWCN1_1] ping host:https://umengacs.m.taobao.com thread:AWCN Scheduler1
D/awcn.TnetSpdySession( 2877): |[seq:umeng:56aadbf567e58e38d4000976.AWCN1_1] https://umengacs.m.taobao.com submit ping ms:45051 force:true
D/awcn.DefaultHeartbeatImpl( 2877): |[seq:umeng:56aadbf567e58e38d4000976.AWCN1_1] reSchedule session:Session@[umeng:56aadbf567e58e38d4000976.AWCN1_1|spdy_0rtt_acs] delay:45051
I/awcn.TnetSpdySession( 2877): |[seq:umeng:56aadbf567e58e38d4000976.AWCN1_1] ping receive Host:https://umengacs.m.taobao.com id:449
D/awcn.DefaultHeartbeatImpl( 2877): |[seq:umeng:56aadbf567e58e38d4000976.AWCN1_1] heartbeat session:Session@[umeng:56aadbf567e58e38d4000976.AWCN1_1|spdy_0rtt_acs]
D/awcn.TnetSpdySession( 2877): |[seq:umeng:56aadbf567e58e38d4000976.AWCN1_1] ping host:https://umengacs.m.taobao.com thread:AWCN Scheduler1
D/awcn.TnetSpdySession( 2877): |[seq:umeng:56aadbf567e58e38d4000976.AWCN1_1] https://umengacs.m.taobao.com submit ping ms:45051 force:true
D/awcn.DefaultHeartbeatImpl( 2877): |[seq:umeng:56aadbf567e58e38d4000976.AWCN1_1] reSchedule session:Session@[umeng:56aadbf567e58e38d4000976.AWCN1_1|spdy_0rtt_acs] delay:45051
I/awcn.TnetSpdySession( 2877): |[seq:umeng:56aadbf567e58e38d4000976.AWCN1_1] ping receive Host:https://umengacs.m.taobao.com id:451
D/MDnsDS  (  352): MDnsSdListener::Monitor poll timed out
D/MDnsDS  (  352): Going to poll with pollCount 1
D/awcn.DefaultHeartbeatImpl( 2877): |[seq:umeng:56aadbf567e58e38d4000976.AWCN1_1] heartbeat session:Session@[umeng:56aadbf567e58e38d4000976.AWCN1_1|spdy_0rtt_acs]
D/awcn.TnetSpdySession( 2877): |[seq:umeng:56aadbf567e58e38d4000976.AWCN1_1] ping host:https://umengacs.m.taobao.com thread:AWCN Scheduler1
D/awcn.TnetSpdySession( 2877): |[seq:umeng:56aadbf567e58e38d4000976.AWCN1_1] https://umengacs.m.taobao.com submit ping ms:45052 force:true
D/awcn.DefaultHeartbeatImpl( 2877): |[seq:umeng:56aadbf567e58e38d4000976.AWCN1_1] reSchedule session:Session@[umeng:56aadbf567e58e38d4000976.AWCN1_1|spdy_0rtt_acs] delay:45052
I/awcn.TnetSpdySession( 2877): |[seq:umeng:56aadbf567e58e38d4000976.AWCN1_1] ping receive Host:https://umengacs.m.taobao.com id:453
I/tnet-jni( 1218): 101 - [spdyPingRecvCallback] - 
I/tnet-jni( 1218): 101 - [SpdySessionCallBack.spdyPingRecvCallback] - org.android.spdy.SpdySession@1aadeaa8
D/accs.SpdyConnection( 1218):  spdyPingRecvCallback uniId:180
D/accs.MessageHandler( 1218):  onRcvPing
D/accs.HeartbeatManager( 1218):  onHeartbeatSucc
D/accs.OrangeAdapter( 1218):  isSmartHb result:true
D/accs.HeartbeatManager( 1218):  set 480
D/accs.UtilityImpl( 1218):  setServiceTime:1512055741896
I/tnet-jni( 1301): 101 - [spdyPingRecvCallback] - 
I/tnet-jni( 1301): 101 - [SpdySessionCallBack.spdyPingRecvCallback] - org.android.spdy.SpdySession@37b553dc
D/accs.SilenceConn_umeng:56aadbf567e58e38d4000976( 1301):  spdyPingRecvCallback uniId:180
D/accs.MsgRecv_umeng:56aadbf567e58e38d4000976( 1301):  onRcvPing
D/accs.HeartbeatManager( 1301):  onHeartbeatSucc
D/accs.OrangeAdapter( 1301):  isSmartHb result:true
D/accs.HeartbeatManager( 1301):  set 480
D/accs.UtilityImpl( 1301):  setServiceTime:1512055742871
D/awcn.DefaultHeartbeatImpl( 2877): |[seq:umeng:56aadbf567e58e38d4000976.AWCN1_1] heartbeat session:Session@[umeng:56aadbf567e58e38d4000976.AWCN1_1|spdy_0rtt_acs]
D/awcn.TnetSpdySession( 2877): |[seq:umeng:56aadbf567e58e38d4000976.AWCN1_1] ping host:https://umengacs.m.taobao.com thread:AWCN Scheduler1
D/awcn.TnetSpdySession( 2877): |[seq:umeng:56aadbf567e58e38d4000976.AWCN1_1] https://umengacs.m.taobao.com submit ping ms:45050 force:true
D/awcn.DefaultHeartbeatImpl( 2877): |[seq:umeng:56aadbf567e58e38d4000976.AWCN1_1] reSchedule session:Session@[umeng:56aadbf567e58e38d4000976.AWCN1_1|spdy_0rtt_acs] delay:45050
I/awcn.TnetSpdySession( 2877): |[seq:umeng:56aadbf567e58e38d4000976.AWCN1_1] ping receive Host:https://umengacs.m.taobao.com id:455
D/awcn.DefaultHeartbeatImpl( 2877): |[seq:umeng:56aadbf567e58e38d4000976.AWCN1_1] heartbeat session:Session@[umeng:56aadbf567e58e38d4000976.AWCN1_1|spdy_0rtt_acs]
D/awcn.TnetSpdySession( 2877): |[seq:umeng:56aadbf567e58e38d4000976.AWCN1_1] ping host:https://umengacs.m.taobao.com thread:AWCN Scheduler1
D/awcn.TnetSpdySession( 2877): |[seq:umeng:56aadbf567e58e38d4000976.AWCN1_1] https://umengacs.m.taobao.com submit ping ms:45051 force:true
D/awcn.DefaultHeartbeatImpl( 2877): |[seq:umeng:56aadbf567e58e38d4000976.AWCN1_1] reSchedule session:Session@[umeng:56aadbf567e58e38d4000976.AWCN1_1|spdy_0rtt_acs] delay:45051
I/awcn.TnetSpdySession( 2877): |[seq:umeng:56aadbf567e58e38d4000976.AWCN1_1] ping receive Host:https://umengacs.m.taobao.com id:457
D/NetworkMonitor/NetworkAgentInfo [WIFI () - 100](  595): OfflineState{ when=-19ms what=532488 arg2=1 target=com.android.internal.util.StateMachine$SmHandler }
D/NetworkMonitor/NetworkAgentInfo [WIFI () - 100](  595): DefaultState{ when=-19ms what=532488 arg2=1 target=com.android.internal.util.StateMachine$SmHandler }
D/NetworkMonitor/NetworkAgentInfo [WIFI () - 100](  595): Forcing reevaluation
D/NetworkMonitor/NetworkAgentInfo [WIFI () - 100](  595): EvaluatingState{ when=0 what=532486 arg1=36 target=com.android.internal.util.StateMachine$SmHandler }
D/NetworkMonitor/NetworkAgentInfo [WIFI () - 100](  595): Checking http://connectivitycheck.android.com/generate_204 on "WiredSSID"
D/awcn.DefaultHeartbeatImpl( 2877): |[seq:umeng:56aadbf567e58e38d4000976.AWCN1_1] heartbeat session:Session@[umeng:56aadbf567e58e38d4000976.AWCN1_1|spdy_0rtt_acs]
D/awcn.TnetSpdySession( 2877): |[seq:umeng:56aadbf567e58e38d4000976.AWCN1_1] ping host:https://umengacs.m.taobao.com thread:AWCN Scheduler1
D/awcn.TnetSpdySession( 2877): |[seq:umeng:56aadbf567e58e38d4000976.AWCN1_1] https://umengacs.m.taobao.com submit ping ms:45053 force:true
D/awcn.DefaultHeartbeatImpl( 2877): |[seq:umeng:56aadbf567e58e38d4000976.AWCN1_1] reSchedule session:Session@[umeng:56aadbf567e58e38d4000976.AWCN1_1|spdy_0rtt_acs] delay:45053
I/awcn.TnetSpdySession( 2877): |[seq:umeng:56aadbf567e58e38d4000976.AWCN1_1] ping receive Host:https://umengacs.m.taobao.com id:459
D/NetworkMonitor/NetworkAgentInfo [WIFI () - 100](  595): Probably not a portal: exception java.net.SocketTimeoutException: failed to connect to connectivitycheck.android.com/172.217.24.14 (port 80) after 10000ms
D/ConnectivityService(  595): setProvNotificationVisibleIntent: E visible=false networkType=0 extraInfo=null
D/awcn.DefaultHeartbeatImpl( 2877): |[seq:umeng:56aadbf567e58e38d4000976.AWCN1_1] heartbeat session:Session@[umeng:56aadbf567e58e38d4000976.AWCN1_1|spdy_0rtt_acs]
D/awcn.TnetSpdySession( 2877): |[seq:umeng:56aadbf567e58e38d4000976.AWCN1_1] ping host:https://umengacs.m.taobao.com thread:AWCN Scheduler1
D/awcn.TnetSpdySession( 2877): |[seq:umeng:56aadbf567e58e38d4000976.AWCN1_1] https://umengacs.m.taobao.com submit ping ms:45051 force:true
D/awcn.DefaultHeartbeatImpl( 2877): |[seq:umeng:56aadbf567e58e38d4000976.AWCN1_1] reSchedule session:Session@[umeng:56aadbf567e58e38d4000976.AWCN1_1|spdy_0rtt_acs] delay:45051
I/awcn.TnetSpdySession( 2877): |[seq:umeng:56aadbf567e58e38d4000976.AWCN1_1] ping receive Host:https://umengacs.m.taobao.com id:461
D/awcn.DefaultHeartbeatImpl( 2877): |[seq:umeng:56aadbf567e58e38d4000976.AWCN1_1] heartbeat session:Session@[umeng:56aadbf567e58e38d4000976.AWCN1_1|spdy_0rtt_acs]
D/awcn.TnetSpdySession( 2877): |[seq:umeng:56aadbf567e58e38d4000976.AWCN1_1] ping host:https://umengacs.m.taobao.com thread:AWCN Scheduler1
D/awcn.TnetSpdySession( 2877): |[seq:umeng:56aadbf567e58e38d4000976.AWCN1_1] https://umengacs.m.taobao.com submit ping ms:45051 force:true
D/awcn.DefaultHeartbeatImpl( 2877): |[seq:umeng:56aadbf567e58e38d4000976.AWCN1_1] reSchedule session:Session@[umeng:56aadbf567e58e38d4000976.AWCN1_1|spdy_0rtt_acs] delay:45051
I/awcn.TnetSpdySession( 2877): |[seq:umeng:56aadbf567e58e38d4000976.AWCN1_1] ping receive Host:https://umengacs.m.taobao.com id:463
I/tnet-jni( 1218): 101 - [spdyPingRecvCallback] - 
I/tnet-jni( 1218): 101 - [SpdySessionCallBack.spdyPingRecvCallback] - org.android.spdy.SpdySession@1aadeaa8
D/accs.SpdyConnection( 1218):  spdyPingRecvCallback uniId:182
D/accs.MessageHandler( 1218):  onRcvPing
D/accs.HeartbeatManager( 1218):  onHeartbeatSucc
D/accs.OrangeAdapter( 1218):  isSmartHb result:true
D/accs.HeartbeatManager( 1218):  set 480
I/tnet-jni( 1301): 101 - [spdyPingRecvCallback] - 
I/tnet-jni( 1301): 101 - [SpdySessionCallBack.spdyPingRecvCallback] - org.android.spdy.SpdySession@37b553dc
D/accs.SilenceConn_umeng:56aadbf567e58e38d4000976( 1301):  spdyPingRecvCallback uniId:182
D/accs.MsgRecv_umeng:56aadbf567e58e38d4000976( 1301):  onRcvPing
D/accs.HeartbeatManager( 1301):  onHeartbeatSucc
D/accs.OrangeAdapter( 1301):  isSmartHb result:true
D/accs.HeartbeatManager( 1301):  set 480
D/awcn.DefaultHeartbeatImpl( 2877): |[seq:umeng:56aadbf567e58e38d4000976.AWCN1_1] heartbeat session:Session@[umeng:56aadbf567e58e38d4000976.AWCN1_1|spdy_0rtt_acs]
D/awcn.TnetSpdySession( 2877): |[seq:umeng:56aadbf567e58e38d4000976.AWCN1_1] ping host:https://umengacs.m.taobao.com thread:AWCN Scheduler1
D/awcn.TnetSpdySession( 2877): |[seq:umeng:56aadbf567e58e38d4000976.AWCN1_1] https://umengacs.m.taobao.com submit ping ms:45051 force:true
D/awcn.DefaultHeartbeatImpl( 2877): |[seq:umeng:56aadbf567e58e38d4000976.AWCN1_1] reSchedule session:Session@[umeng:56aadbf567e58e38d4000976.AWCN1_1|spdy_0rtt_acs] delay:45051
I/awcn.TnetSpdySession( 2877): |[seq:umeng:56aadbf567e58e38d4000976.AWCN1_1] ping receive Host:https://umengacs.m.taobao.com id:465
D/awcn.DefaultHeartbeatImpl( 2877): |[seq:umeng:56aadbf567e58e38d4000976.AWCN1_1] heartbeat session:Session@[umeng:56aadbf567e58e38d4000976.AWCN1_1|spdy_0rtt_acs]
D/awcn.TnetSpdySession( 2877): |[seq:umeng:56aadbf567e58e38d4000976.AWCN1_1] ping host:https://umengacs.m.taobao.com thread:AWCN Scheduler1
D/awcn.TnetSpdySession( 2877): |[seq:umeng:56aadbf567e58e38d4000976.AWCN1_1] https://umengacs.m.taobao.com submit ping ms:45051 force:true
D/awcn.DefaultHeartbeatImpl( 2877): |[seq:umeng:56aadbf567e58e38d4000976.AWCN1_1] reSchedule session:Session@[umeng:56aadbf567e58e38d4000976.AWCN1_1|spdy_0rtt_acs] delay:45051
I/awcn.TnetSpdySession( 2877): |[seq:umeng:56aadbf567e58e38d4000976.AWCN1_1] ping receive Host:https://umengacs.m.taobao.com id:467
D/awcn.DefaultHeartbeatImpl( 2877): |[seq:umeng:56aadbf567e58e38d4000976.AWCN1_1] heartbeat session:Session@[umeng:56aadbf567e58e38d4000976.AWCN1_1|spdy_0rtt_acs]
D/awcn.TnetSpdySession( 2877): |[seq:umeng:56aadbf567e58e38d4000976.AWCN1_1] ping host:https://umengacs.m.taobao.com thread:AWCN Scheduler1
D/awcn.TnetSpdySession( 2877): |[seq:umeng:56aadbf567e58e38d4000976.AWCN1_1] https://umengacs.m.taobao.com submit ping ms:45052 force:true
D/awcn.DefaultHeartbeatImpl( 2877): |[seq:umeng:56aadbf567e58e38d4000976.AWCN1_1] reSchedule session:Session@[umeng:56aadbf567e58e38d4000976.AWCN1_1|spdy_0rtt_acs] delay:45052
I/awcn.TnetSpdySession( 2877): |[seq:umeng:56aadbf567e58e38d4000976.AWCN1_1] ping receive Host:https://umengacs.m.taobao.com id:469
D/awcn.DefaultHeartbeatImpl( 2877): |[seq:umeng:56aadbf567e58e38d4000976.AWCN1_1] heartbeat session:Session@[umeng:56aadbf567e58e38d4000976.AWCN1_1|spdy_0rtt_acs]
D/awcn.TnetSpdySession( 2877): |[seq:umeng:56aadbf567e58e38d4000976.AWCN1_1] ping host:https://umengacs.m.taobao.com thread:AWCN Scheduler1
D/awcn.TnetSpdySession( 2877): |[seq:umeng:56aadbf567e58e38d4000976.AWCN1_1] https://umengacs.m.taobao.com submit ping ms:45056 force:true
D/awcn.DefaultHeartbeatImpl( 2877): |[seq:umeng:56aadbf567e58e38d4000976.AWCN1_1] reSchedule session:Session@[umeng:56aadbf567e58e38d4000976.AWCN1_1|spdy_0rtt_acs] delay:45056
I/awcn.TnetSpdySession( 2877): |[seq:umeng:56aadbf567e58e38d4000976.AWCN1_1] ping receive Host:https://umengacs.m.taobao.com id:471
I/tnet-jni( 1218): 101 - [spdyPingRecvCallback] - 
I/tnet-jni( 1218): 101 - [SpdySessionCallBack.spdyPingRecvCallback] - org.android.spdy.SpdySession@1aadeaa8
D/accs.SpdyConnection( 1218):  spdyPingRecvCallback uniId:184
D/accs.MessageHandler( 1218):  onRcvPing
D/accs.HeartbeatManager( 1218):  onHeartbeatSucc
D/accs.OrangeAdapter( 1218):  isSmartHb result:true
D/accs.HeartbeatManager( 1218):  set 480
D/accs.UtilityImpl( 1218):  setServiceTime:1512056161944
I/tnet-jni( 1301): 101 - [spdyPingRecvCallback] - 
I/tnet-jni( 1301): 101 - [SpdySessionCallBack.spdyPingRecvCallback] - org.android.spdy.SpdySession@37b553dc
D/accs.SilenceConn_umeng:56aadbf567e58e38d4000976( 1301):  spdyPingRecvCallback uniId:184
D/accs.MsgRecv_umeng:56aadbf567e58e38d4000976( 1301):  onRcvPing
D/accs.HeartbeatManager( 1301):  onHeartbeatSucc
D/accs.OrangeAdapter( 1301):  isSmartHb result:true
D/accs.HeartbeatManager( 1301):  set 480
D/accs.UtilityImpl( 1301):  setServiceTime:1512056162909
D/awcn.DefaultHeartbeatImpl( 2877): |[seq:umeng:56aadbf567e58e38d4000976.AWCN1_1] heartbeat session:Session@[umeng:56aadbf567e58e38d4000976.AWCN1_1|spdy_0rtt_acs]
D/awcn.TnetSpdySession( 2877): |[seq:umeng:56aadbf567e58e38d4000976.AWCN1_1] ping host:https://umengacs.m.taobao.com thread:AWCN Scheduler1
D/awcn.TnetSpdySession( 2877): |[seq:umeng:56aadbf567e58e38d4000976.AWCN1_1] https://umengacs.m.taobao.com submit ping ms:45051 force:true
D/awcn.DefaultHeartbeatImpl( 2877): |[seq:umeng:56aadbf567e58e38d4000976.AWCN1_1] reSchedule session:Session@[umeng:56aadbf567e58e38d4000976.AWCN1_1|spdy_0rtt_acs] delay:45051
I/awcn.TnetSpdySession( 2877): |[seq:umeng:56aadbf567e58e38d4000976.AWCN1_1] ping receive Host:https://umengacs.m.taobao.com id:473
D/awcn.DefaultHeartbeatImpl( 2877): |[seq:umeng:56aadbf567e58e38d4000976.AWCN1_1] heartbeat session:Session@[umeng:56aadbf567e58e38d4000976.AWCN1_1|spdy_0rtt_acs]
D/awcn.TnetSpdySession( 2877): |[seq:umeng:56aadbf567e58e38d4000976.AWCN1_1] ping host:https://umengacs.m.taobao.com thread:AWCN Scheduler1
D/awcn.TnetSpdySession( 2877): |[seq:umeng:56aadbf567e58e38d4000976.AWCN1_1] https://umengacs.m.taobao.com submit ping ms:45051 force:true
D/awcn.DefaultHeartbeatImpl( 2877): |[seq:umeng:56aadbf567e58e38d4000976.AWCN1_1] reSchedule session:Session@[umeng:56aadbf567e58e38d4000976.AWCN1_1|spdy_0rtt_acs] delay:45051
I/awcn.TnetSpdySession( 2877): |[seq:umeng:56aadbf567e58e38d4000976.AWCN1_1] ping receive Host:https://umengacs.m.taobao.com id:475
D/awcn.DefaultHeartbeatImpl( 2877): |[seq:umeng:56aadbf567e58e38d4000976.AWCN1_1] heartbeat session:Session@[umeng:56aadbf567e58e38d4000976.AWCN1_1|spdy_0rtt_acs]
D/awcn.TnetSpdySession( 2877): |[seq:umeng:56aadbf567e58e38d4000976.AWCN1_1] ping host:https://umengacs.m.taobao.com thread:AWCN Scheduler1
D/awcn.TnetSpdySession( 2877): |[seq:umeng:56aadbf567e58e38d4000976.AWCN1_1] https://umengacs.m.taobao.com submit ping ms:45052 force:true
D/awcn.DefaultHeartbeatImpl( 2877): |[seq:umeng:56aadbf567e58e38d4000976.AWCN1_1] reSchedule session:Session@[umeng:56aadbf567e58e38d4000976.AWCN1_1|spdy_0rtt_acs] delay:45052
I/awcn.TnetSpdySession( 2877): |[seq:umeng:56aadbf567e58e38d4000976.AWCN1_1] ping receive Host:https://umengacs.m.taobao.com id:477
D/awcn.DefaultHeartbeatImpl( 2877): |[seq:umeng:56aadbf567e58e38d4000976.AWCN1_1] heartbeat session:Session@[umeng:56aadbf567e58e38d4000976.AWCN1_1|spdy_0rtt_acs]
D/awcn.TnetSpdySession( 2877): |[seq:umeng:56aadbf567e58e38d4000976.AWCN1_1] ping host:https://umengacs.m.taobao.com thread:AWCN Scheduler1
D/awcn.TnetSpdySession( 2877): |[seq:umeng:56aadbf567e58e38d4000976.AWCN1_1] https://umengacs.m.taobao.com submit ping ms:45052 force:true
D/awcn.DefaultHeartbeatImpl( 2877): |[seq:umeng:56aadbf567e58e38d4000976.AWCN1_1] reSchedule session:Session@[umeng:56aadbf567e58e38d4000976.AWCN1_1|spdy_0rtt_acs] delay:45052
I/awcn.TnetSpdySession( 2877): |[seq:umeng:56aadbf567e58e38d4000976.AWCN1_1] ping receive Host:https://umengacs.m.taobao.com id:479
D/awcn.DefaultHeartbeatImpl( 2877): |[seq:umeng:56aadbf567e58e38d4000976.AWCN1_1] heartbeat session:Session@[umeng:56aadbf567e58e38d4000976.AWCN1_1|spdy_0rtt_acs]
D/awcn.TnetSpdySession( 2877): |[seq:umeng:56aadbf567e58e38d4000976.AWCN1_1] ping host:https://umengacs.m.taobao.com thread:AWCN Scheduler1
D/awcn.TnetSpdySession( 2877): |[seq:umeng:56aadbf567e58e38d4000976.AWCN1_1] https://umengacs.m.taobao.com submit ping ms:45051 force:true
