I/ActivityManager(  595): Waited long enough for: ServiceRecord{1f0b46ff u0 com.android.music/.MediaPlaybackService}
I/ActivityManager(  595): Waited long enough for: ServiceRecord{d6ba9ec u0 com.zzl.falcon.internal/com.taobao.accs.ChannelService}
I/ActivityManager(  595): Waited long enough for: ServiceRecord{26173cef u0 com.android.calendar/.alerts.InitAlarmsService}
D/ConnectivityService(  595): setProvNotificationVisibleIntent: E visible=false networkType=0 extraInfo=null
I/ActivityManager(  595): Killing 1538:com.android.keychain/1000 (adj 15): empty #17
W/libprocessgroup(  595): failed to open /acct/uid_1000/pid_1538/cgroup.procs: No such file or directory
E/libprocessgroup( 1836): failed to make and chown /acct/uid_10009: Read-only file system
I/ActivityManager(  595): Start proc 1836:com.android.musicfx/u0a9 for broadcast com.android.musicfx/.ControlPanelReceiver
I/ActivityManager(  595): Killing 1090:com.android.music/u0a42 (adj 15): empty #17
W/libprocessgroup(  595): failed to open /acct/uid_10042/pid_1090/cgroup.procs: No such file or directory
I/ActivityManager(  595): Killing 893:com.android.printspooler/u0a50 (adj 15): empty #17
W/libprocessgroup(  595): failed to open /acct/uid_10050/pid_893/cgroup.procs: No such file or directory
D/ConnectivityService(  595): setProvNotificationVisibleIntent: E visible=false networkType=0 extraInfo=null
I/UsageStatsService(  595): User[0] Flushing usage stats to disk
D/ConnectivityService(  595): setProvNotificationVisibleIntent: E visible=false networkType=0 extraInfo=null
I/ActivityManager(  595): Killing 1169:com.android.mms/u0a8 (adj 13): empty for 1806s
W/libprocessgroup(  595): failed to open /acct/uid_10008/pid_1169/cgroup.procs: No such file or directory
I/ActivityManager(  595): Killing 1135:android.process.media/u0a5 (adj 13): empty for 1806s
W/libprocessgroup(  595): failed to open /acct/uid_10005/pid_1135/cgroup.procs: No such file or directory
I/ActivityManager(  595): Killing 1629:com.android.managedprovisioning/u0a7 (adj 13): empty for 1806s
W/libprocessgroup(  595): failed to open /acct/uid_10007/pid_1629/cgroup.procs: No such file or directory
I/ActivityManager(  595): Killing 1609:com.google.android.marvin.talkback/u0a72 (adj 13): empty for 1806s
W/libprocessgroup(  595): failed to open /acct/uid_10072/pid_1609/cgroup.procs: No such file or directory
I/ActivityManager(  595): Killing 939:android.process.acore/u0a2 (adj 13): empty for 1806s
W/libprocessgroup(  595): failed to open /acct/uid_10002/pid_939/cgroup.procs: No such file or directory
I/ActivityManager(  595): Killing 1585:com.android.dialer/u0a4 (adj 15): empty for 1806s
W/libprocessgroup(  595): failed to open /acct/uid_10004/pid_1585/cgroup.procs: No such file or directory
I/ActivityManager(  595): Killing 1399:com.zzl.falcon.internal/u0a99 (adj 15): empty for 1808s
W/libprocessgroup(  595): failed to open /acct/uid_10099/pid_1399/cgroup.procs: No such file or directory
I/ProcessStatsService(  595): Prepared write state in 0ms
D/CountryDetector(  595): No listener is left
D/WifiService(  595): Client connection lost with reason: 4
I/ProcessStatsService(  595): Pruning old procstats: /data/system/procstats/state-2017-11-29-02-31-00.bin
D/ConnectivityService(  595): setProvNotificationVisibleIntent: E visible=false networkType=0 extraInfo=null
D/ConnectivityService(  595): setProvNotificationVisibleIntent: E visible=false networkType=0 extraInfo=null
D/ConnectivityService(  595): setProvNotificationVisibleIntent: E visible=false networkType=0 extraInfo=null
I/ProcessStatsService(  595): Prepared write state in 0ms
D/ConnectivityService(  595): setProvNotificationVisibleIntent: E visible=false networkType=0 extraInfo=null
D/ConnectivityService(  595): setProvNotificationVisibleIntent: E visible=false networkType=0 extraInfo=null
D/ConnectivityService(  595): setProvNotificationVisibleIntent: E visible=false networkType=0 extraInfo=null
I/ProcessStatsService(  595): Prepared write state in 1ms
D/ConnectivityService(  595): setProvNotificationVisibleIntent: E visible=false networkType=0 extraInfo=null
D/ConnectivityService(  595): setProvNotificationVisibleIntent: E visible=false networkType=0 extraInfo=null
D/ConnectivityService(  595): setProvNotificationVisibleIntent: E visible=false networkType=0 extraInfo=null
I/ProcessStatsService(  595): Prepared write state in 1ms
D/ConnectivityService(  595): setProvNotificationVisibleIntent: E visible=false networkType=0 extraInfo=null
W/ActivityManager(  595): Unable to start service Intent { act=com.zzl.itoube.intent.action.COCKROACH flg=0x4 (has extras) } U=0: not found
W/ActivityManager(  595): Unable to start service Intent { act=com.zzl.falcon.internal.intent.action.COCKROACH flg=0x4 (has extras) } U=0: not found
D/ConnectivityService(  595): setProvNotificationVisibleIntent: E visible=false networkType=0 extraInfo=null
I/ActivityManager(  595): START u0 {act=android.intent.action.MAIN cat=[android.intent.category.HOME] flg=0x10200000 cmp=com.android.launcher3/.Launcher} from uid 1000 on display 0
D/ConnectivityService(  595): setProvNotificationVisibleIntent: E visible=false networkType=0 extraInfo=null
I/ProcessStatsService(  595): Prepared write state in 0ms
D/ConnectivityService(  595): setProvNotificationVisibleIntent: E visible=false networkType=0 extraInfo=null
D/ConnectivityService(  595): setProvNotificationVisibleIntent: E visible=false networkType=0 extraInfo=null
I/ActivityManager(  595): START u0 {act=android.intent.action.MAIN cat=[android.intent.category.LAUNCHER] flg=0x10200000 cmp=com.zzl.falcon.internal/com.zzl.falcon.EntranceActivity (has extras)} from uid 10039 on display 0
V/WindowManager(  595): addAppToken: AppWindowToken{1c846aa token=Token{26339595 ActivityRecord{7ce714c u0 com.zzl.falcon.internal/com.zzl.falcon.EntranceActivity t178}}} to stack=1 task=178 at 0
E/libprocessgroup( 2877): failed to make and chown /acct/uid_10099: Read-only file system
I/ActivityManager(  595): Start proc 2877:com.zzl.falcon.internal/u0a99 for activity com.zzl.falcon.internal/com.zzl.falcon.EntranceActivity
V/WindowManager(  595): Adding window Window{d2d3d77 u0 com.zzl.falcon.internal/com.zzl.falcon.EntranceActivity} at 2 of 7 (after Window{2534a5a5 u0 com.android.launcher3/com.android.launcher3.Launcher EXITING})
D/WifiService(  595): New client listening to asynchronous messages
I/ActivityManager(  595): START u0 {cmp=com.zzl.falcon.internal/com.zzl.falcon.MainActivity} from uid 10099 on display 0
V/WindowManager(  595): addAppToken: AppWindowToken{3328bd68 token=Token{2190d88b ActivityRecord{27d7ae5a u0 com.zzl.falcon.internal/com.zzl.falcon.MainActivity t178}}} to stack=1 task=178 at 1
V/WindowManager(  595): Adding window Window{a0cf8bd u0 com.zzl.falcon.internal/com.zzl.falcon.MainActivity} at 3 of 8 (after Window{d2d3d77 u0 com.zzl.falcon.internal/com.zzl.falcon.EntranceActivity})
V/WindowManager(  595): not Base app: Adding window Window{3d23d180 u0 com.zzl.falcon.internal/com.zzl.falcon.MainActivity} at 4 of 9
W/ActivityManager(  595): getTasks: caller 10099 does not hold GET_TASKS; limiting output
W/ActivityManager(  595): getTasks: caller 10099 does not hold GET_TASKS; limiting output
D/TaskPersister(  595): removeObsoleteFile: deleting file=176_task.xml
D/ConnectivityService(  595): setProvNotificationVisibleIntent: E visible=false networkType=0 extraInfo=null
I/EntropyMixer(  595): Writing entropy...
I/ProcessStatsService(  595): Prepared write state in 0ms
I/ProcessStatsService(  595): Pruning old procstats: /data/system/procstats/state-2017-11-29-05-32-00.bin
I/UsageStatsService(  595): User[0] Flushing usage stats to disk
D/ConnectivityService(  595): setProvNotificationVisibleIntent: E visible=false networkType=0 extraInfo=null
D/ConnectivityService(  595): setProvNotificationVisibleIntent: E visible=false networkType=0 extraInfo=null
D/ConnectivityService(  595): setProvNotificationVisibleIntent: E visible=false networkType=0 extraInfo=null
I/ProcessStatsService(  595): Prepared write state in 0ms
D/ConnectivityService(  595): setProvNotificationVisibleIntent: E visible=false networkType=0 extraInfo=null
D/ConnectivityService(  595): setProvNotificationVisibleIntent: E visible=false networkType=0 extraInfo=null
D/ConnectivityService(  595): setProvNotificationVisibleIntent: E visible=false networkType=0 extraInfo=null
I/ProcessStatsService(  595): Prepared write state in 0ms
--------- beginning of main
D/awcn.TnetSpdySession( 2877): |[seq:umeng:56aadbf567e58e38d4000976.AWCN1_1] ping host:https://umengacs.m.taobao.com thread:AWCN Scheduler1
D/awcn.TnetSpdySession( 2877): |[seq:umeng:56aadbf567e58e38d4000976.AWCN1_1] https://umengacs.m.taobao.com submit ping ms:45050 force:true
D/awcn.DefaultHeartbeatImpl( 2877): |[seq:umeng:56aadbf567e58e38d4000976.AWCN1_1] reSchedule session:Session@[umeng:56aadbf567e58e38d4000976.AWCN1_1|spdy_0rtt_acs] delay:45050
I/awcn.TnetSpdySession( 2877): |[seq:umeng:56aadbf567e58e38d4000976.AWCN1_1] ping receive Host:https://umengacs.m.taobao.com id:209
D/awcn.DefaultHeartbeatImpl( 2877): |[seq:umeng:56aadbf567e58e38d4000976.AWCN1_1] heartbeat session:Session@[umeng:56aadbf567e58e38d4000976.AWCN1_1|spdy_0rtt_acs]
D/awcn.TnetSpdySession( 2877): |[seq:umeng:56aadbf567e58e38d4000976.AWCN1_1] ping host:https://umengacs.m.taobao.com thread:AWCN Scheduler1
D/awcn.TnetSpdySession( 2877): |[seq:umeng:56aadbf567e58e38d4000976.AWCN1_1] https://umengacs.m.taobao.com submit ping ms:45051 force:true
D/awcn.DefaultHeartbeatImpl( 2877): |[seq:umeng:56aadbf567e58e38d4000976.AWCN1_1] reSchedule session:Session@[umeng:56aadbf567e58e38d4000976.AWCN1_1|spdy_0rtt_acs] delay:45051
I/awcn.TnetSpdySession( 2877): |[seq:umeng:56aadbf567e58e38d4000976.AWCN1_1] ping receive Host:https://umengacs.m.taobao.com id:211
I/tnet-jni( 1218): 101 - [spdyPingRecvCallback] - 
I/tnet-jni( 1218): 101 - [SpdySessionCallBack.spdyPingRecvCallback] - org.android.spdy.SpdySession@1aadeaa8
D/accs.SpdyConnection( 1218):  spdyPingRecvCallback uniId:128
D/accs.MessageHandler( 1218):  onRcvPing
D/accs.HeartbeatManager( 1218):  onHeartbeatSucc
D/accs.OrangeAdapter( 1218):  isSmartHb result:true
D/accs.HeartbeatManager( 1218):  set 360
D/accs.UtilityImpl( 1218):  setServiceTime:1512050281540
I/tnet-jni( 1301): 101 - [spdyPingRecvCallback] - 
I/tnet-jni( 1301): 101 - [SpdySessionCallBack.spdyPingRecvCallback] - org.android.spdy.SpdySession@37b553dc
D/accs.SilenceConn_umeng:56aadbf567e58e38d4000976( 1301):  spdyPingRecvCallback uniId:128
D/accs.MsgRecv_umeng:56aadbf567e58e38d4000976( 1301):  onRcvPing
D/accs.HeartbeatManager( 1301):  onHeartbeatSucc
D/accs.OrangeAdapter( 1301):  isSmartHb result:true
D/accs.HeartbeatManager( 1301):  set 360
D/accs.UtilityImpl( 1301):  setServiceTime:1512050282471
D/awcn.DefaultHeartbeatImpl( 2877): |[seq:umeng:56aadbf567e58e38d4000976.AWCN1_1] heartbeat session:Session@[umeng:56aadbf567e58e38d4000976.AWCN1_1|spdy_0rtt_acs]
D/awcn.TnetSpdySession( 2877): |[seq:umeng:56aadbf567e58e38d4000976.AWCN1_1] ping host:https://umengacs.m.taobao.com thread:AWCN Scheduler1
D/awcn.TnetSpdySession( 2877): |[seq:umeng:56aadbf567e58e38d4000976.AWCN1_1] https://umengacs.m.taobao.com submit ping ms:45050 force:true
D/awcn.DefaultHeartbeatImpl( 2877): |[seq:umeng:56aadbf567e58e38d4000976.AWCN1_1] reSchedule session:Session@[umeng:56aadbf567e58e38d4000976.AWCN1_1|spdy_0rtt_acs] delay:45050
I/awcn.TnetSpdySession( 2877): |[seq:umeng:56aadbf567e58e38d4000976.AWCN1_1] ping receive Host:https://umengacs.m.taobao.com id:213
D/NetworkMonitor/NetworkAgentInfo [WIFI () - 100](  595): OfflineState{ when=-8ms what=532488 arg2=1 target=com.android.internal.util.StateMachine$SmHandler }
D/NetworkMonitor/NetworkAgentInfo [WIFI () - 100](  595): DefaultState{ when=-8ms what=532488 arg2=1 target=com.android.internal.util.StateMachine$SmHandler }
D/NetworkMonitor/NetworkAgentInfo [WIFI () - 100](  595): Forcing reevaluation
D/NetworkMonitor/NetworkAgentInfo [WIFI () - 100](  595): EvaluatingState{ when=0 what=532486 arg1=27 target=com.android.internal.util.StateMachine$SmHandler }
D/NetworkMonitor/NetworkAgentInfo [WIFI () - 100](  595): Checking http://connectivitycheck.android.com/generate_204 on "WiredSSID"
D/awcn.DefaultHeartbeatImpl( 2877): |[seq:umeng:56aadbf567e58e38d4000976.AWCN1_1] heartbeat session:Session@[umeng:56aadbf567e58e38d4000976.AWCN1_1|spdy_0rtt_acs]
D/awcn.TnetSpdySession( 2877): |[seq:umeng:56aadbf567e58e38d4000976.AWCN1_1] ping host:https://umengacs.m.taobao.com thread:AWCN Scheduler1
D/awcn.TnetSpdySession( 2877): |[seq:umeng:56aadbf567e58e38d4000976.AWCN1_1] https://umengacs.m.taobao.com submit ping ms:45051 force:true
D/awcn.DefaultHeartbeatImpl( 2877): |[seq:umeng:56aadbf567e58e38d4000976.AWCN1_1] reSchedule session:Session@[umeng:56aadbf567e58e38d4000976.AWCN1_1|spdy_0rtt_acs] delay:45051
I/awcn.TnetSpdySession( 2877): |[seq:umeng:56aadbf567e58e38d4000976.AWCN1_1] ping receive Host:https://umengacs.m.taobao.com id:215
D/NetworkMonitor/NetworkAgentInfo [WIFI () - 100](  595): Probably not a portal: exception java.net.SocketTimeoutException: failed to connect to connectivitycheck.android.com/172.217.160.110 (port 80) after 10000ms
D/ConnectivityService(  595): setProvNotificationVisibleIntent: E visible=false networkType=0 extraInfo=null
D/awcn.DefaultHeartbeatImpl( 2877): |[seq:umeng:56aadbf567e58e38d4000976.AWCN1_1] heartbeat session:Session@[umeng:56aadbf567e58e38d4000976.AWCN1_1|spdy_0rtt_acs]
D/awcn.TnetSpdySession( 2877): |[seq:umeng:56aadbf567e58e38d4000976.AWCN1_1] ping host:https://umengacs.m.taobao.com thread:AWCN Scheduler1
D/awcn.TnetSpdySession( 2877): |[seq:umeng:56aadbf567e58e38d4000976.AWCN1_1] https://umengacs.m.taobao.com submit ping ms:45051 force:true
D/awcn.DefaultHeartbeatImpl( 2877): |[seq:umeng:56aadbf567e58e38d4000976.AWCN1_1] reSchedule session:Session@[umeng:56aadbf567e58e38d4000976.AWCN1_1|spdy_0rtt_acs] delay:45051
I/awcn.TnetSpdySession( 2877): |[seq:umeng:56aadbf567e58e38d4000976.AWCN1_1] ping receive Host:https://umengacs.m.taobao.com id:217
W/ActivityManager(  595): Unable to start service Intent { act=com.zzl.itoube.intent.action.COCKROACH flg=0x4 (has extras) } U=0: not found
W/ActivityManager(  595): Unable to start service Intent { act=com.zzl.falcon.internal.intent.action.COCKROACH flg=0x4 (has extras) } U=0: not found
D/awcn.DefaultHeartbeatImpl( 2877): |[seq:umeng:56aadbf567e58e38d4000976.AWCN1_1] heartbeat session:Session@[umeng:56aadbf567e58e38d4000976.AWCN1_1|spdy_0rtt_acs]
D/awcn.TnetSpdySession( 2877): |[seq:umeng:56aadbf567e58e38d4000976.AWCN1_1] ping host:https://umengacs.m.taobao.com thread:AWCN Scheduler1
D/awcn.TnetSpdySession( 2877): |[seq:umeng:56aadbf567e58e38d4000976.AWCN1_1] https://umengacs.m.taobao.com submit ping ms:45050 force:true
D/awcn.DefaultHeartbeatImpl( 2877): |[seq:umeng:56aadbf567e58e38d4000976.AWCN1_1] reSchedule session:Session@[umeng:56aadbf567e58e38d4000976.AWCN1_1|spdy_0rtt_acs] delay:45050
I/awcn.TnetSpdySession( 2877): |[seq:umeng:56aadbf567e58e38d4000976.AWCN1_1] ping receive Host:https://umengacs.m.taobao.com id:219
I/tnet-jni( 1218): 101 - [spdyPingRecvCallback] - 
I/tnet-jni( 1218): 101 - [SpdySessionCallBack.spdyPingRecvCallback] - org.android.spdy.SpdySession@1aadeaa8
D/accs.SpdyConnection( 1218):  spdyPingRecvCallback uniId:130
D/accs.MessageHandler( 1218):  onRcvPing
D/accs.HeartbeatManager( 1218):  onHeartbeatSucc
D/accs.OrangeAdapter( 1218):  isSmartHb result:true
D/accs.HeartbeatManager( 1218):  set 360
D/awcn.DefaultHeartbeatImpl( 2877): |[seq:umeng:56aadbf567e58e38d4000976.AWCN1_1] heartbeat session:Session@[umeng:56aadbf567e58e38d4000976.AWCN1_1|spdy_0rtt_acs]
D/awcn.TnetSpdySession( 2877): |[seq:umeng:56aadbf567e58e38d4000976.AWCN1_1] ping host:https://umengacs.m.taobao.com thread:AWCN Scheduler1
D/awcn.TnetSpdySession( 2877): |[seq:umeng:56aadbf567e58e38d4000976.AWCN1_1] https://umengacs.m.taobao.com submit ping ms:45051 force:true
D/awcn.DefaultHeartbeatImpl( 2877): |[seq:umeng:56aadbf567e58e38d4000976.AWCN1_1] reSchedule session:Session@[umeng:56aadbf567e58e38d4000976.AWCN1_1|spdy_0rtt_acs] delay:45051
I/awcn.TnetSpdySession( 2877): |[seq:umeng:56aadbf567e58e38d4000976.AWCN1_1] ping receive Host:https://umengacs.m.taobao.com id:221
I/tnet-jni( 1301): 101 - [spdyPingRecvCallback] - 
I/tnet-jni( 1301): 101 - [SpdySessionCallBack.spdyPingRecvCallback] - org.android.spdy.SpdySession@37b553dc
D/accs.SilenceConn_umeng:56aadbf567e58e38d4000976( 1301):  spdyPingRecvCallback uniId:130
D/accs.MsgRecv_umeng:56aadbf567e58e38d4000976( 1301):  onRcvPing
D/accs.HeartbeatManager( 1301):  onHeartbeatSucc
D/accs.OrangeAdapter( 1301):  isSmartHb result:true
D/accs.HeartbeatManager( 1301):  set 360
D/awcn.DefaultHeartbeatImpl( 2877): |[seq:umeng:56aadbf567e58e38d4000976.AWCN1_1] heartbeat session:Session@[umeng:56aadbf567e58e38d4000976.AWCN1_1|spdy_0rtt_acs]
D/awcn.TnetSpdySession( 2877): |[seq:umeng:56aadbf567e58e38d4000976.AWCN1_1] ping host:https://umengacs.m.taobao.com thread:AWCN Scheduler1
D/awcn.TnetSpdySession( 2877): |[seq:umeng:56aadbf567e58e38d4000976.AWCN1_1] https://umengacs.m.taobao.com submit ping ms:45050 force:true
D/awcn.DefaultHeartbeatImpl( 2877): |[seq:umeng:56aadbf567e58e38d4000976.AWCN1_1] reSchedule session:Session@[umeng:56aadbf567e58e38d4000976.AWCN1_1|spdy_0rtt_acs] delay:45050
I/awcn.TnetSpdySession( 2877): |[seq:umeng:56aadbf567e58e38d4000976.AWCN1_1] ping receive Host:https://umengacs.m.taobao.com id:223
D/awcn.DefaultHeartbeatImpl( 2877): |[seq:umeng:56aadbf567e58e38d4000976.AWCN1_1] heartbeat session:Session@[umeng:56aadbf567e58e38d4000976.AWCN1_1|spdy_0rtt_acs]
D/awcn.TnetSpdySession( 2877): |[seq:umeng:56aadbf567e58e38d4000976.AWCN1_1] ping host:https://umengacs.m.taobao.com thread:AWCN Scheduler1
D/awcn.TnetSpdySession( 2877): |[seq:umeng:56aadbf567e58e38d4000976.AWCN1_1] https://umengacs.m.taobao.com submit ping ms:45051 force:true
D/awcn.DefaultHeartbeatImpl( 2877): |[seq:umeng:56aadbf567e58e38d4000976.AWCN1_1] reSchedule session:Session@[umeng:56aadbf567e58e38d4000976.AWCN1_1|spdy_0rtt_acs] delay:45050
I/awcn.TnetSpdySession( 2877): |[seq:umeng:56aadbf567e58e38d4000976.AWCN1_1] ping receive Host:https://umengacs.m.taobao.com id:225
D/awcn.DefaultHeartbeatImpl( 2877): |[seq:umeng:56aadbf567e58e38d4000976.AWCN1_1] heartbeat session:Session@[umeng:56aadbf567e58e38d4000976.AWCN1_1|spdy_0rtt_acs]
D/awcn.TnetSpdySession( 2877): |[seq:umeng:56aadbf567e58e38d4000976.AWCN1_1] ping host:https://umengacs.m.taobao.com thread:AWCN Scheduler1
D/awcn.TnetSpdySession( 2877): |[seq:umeng:56aadbf567e58e38d4000976.AWCN1_1] https://umengacs.m.taobao.com submit ping ms:45051 force:true
D/awcn.DefaultHeartbeatImpl( 2877): |[seq:umeng:56aadbf567e58e38d4000976.AWCN1_1] reSchedule session:Session@[umeng:56aadbf567e58e38d4000976.AWCN1_1|spdy_0rtt_acs] delay:45051
I/awcn.TnetSpdySession( 2877): |[seq:umeng:56aadbf567e58e38d4000976.AWCN1_1] ping receive Host:https://umengacs.m.taobao.com id:227
D/awcn.DefaultHeartbeatImpl( 2877): |[seq:umeng:56aadbf567e58e38d4000976.AWCN1_1] heartbeat session:Session@[umeng:56aadbf567e58e38d4000976.AWCN1_1|spdy_0rtt_acs]
D/awcn.TnetSpdySession( 2877): |[seq:umeng:56aadbf567e58e38d4000976.AWCN1_1] ping host:https://umengacs.m.taobao.com thread:AWCN Scheduler1
D/awcn.TnetSpdySession( 2877): |[seq:umeng:56aadbf567e58e38d4000976.AWCN1_1] https://umengacs.m.taobao.com submit ping ms:45051 force:true
D/awcn.DefaultHeartbeatImpl( 2877): |[seq:umeng:56aadbf567e58e38d4000976.AWCN1_1] reSchedule session:Session@[umeng:56aadbf567e58e38d4000976.AWCN1_1|spdy_0rtt_acs] delay:45051
I/awcn.TnetSpdySession( 2877): |[seq:umeng:56aadbf567e58e38d4000976.AWCN1_1] ping receive Host:https://umengacs.m.taobao.com id:229
I/tnet-jni( 1218): 101 - [spdyPingRecvCallback] - 
I/tnet-jni( 1218): 101 - [SpdySessionCallBack.spdyPingRecvCallback] - org.android.spdy.SpdySession@1aadeaa8
D/accs.SpdyConnection( 1218):  spdyPingRecvCallback uniId:132
D/accs.MessageHandler( 1218):  onRcvPing
D/accs.HeartbeatManager( 1218):  onHeartbeatSucc
D/accs.OrangeAdapter( 1218):  isSmartHb result:true
D/accs.HeartbeatManager( 1218):  set 360
D/accs.UtilityImpl( 1218):  setServiceTime:1512050701583
I/tnet-jni( 1301): 101 - [spdyPingRecvCallback] - 
I/tnet-jni( 1301): 101 - [SpdySessionCallBack.spdyPingRecvCallback] - org.android.spdy.SpdySession@37b553dc
D/accs.SilenceConn_umeng:56aadbf567e58e38d4000976( 1301):  spdyPingRecvCallback uniId:132
D/accs.MsgRecv_umeng:56aadbf567e58e38d4000976( 1301):  onRcvPing
D/accs.HeartbeatManager( 1301):  onHeartbeatSucc
D/accs.OrangeAdapter( 1301):  isSmartHb result:true
D/accs.HeartbeatManager( 1301):  set 360
D/accs.UtilityImpl( 1301):  setServiceTime:1512050702519
D/awcn.DefaultHeartbeatImpl( 2877): |[seq:umeng:56aadbf567e58e38d4000976.AWCN1_1] heartbeat session:Session@[umeng:56aadbf567e58e38d4000976.AWCN1_1|spdy_0rtt_acs]
D/awcn.TnetSpdySession( 2877): |[seq:umeng:56aadbf567e58e38d4000976.AWCN1_1] ping host:https://umengacs.m.taobao.com thread:AWCN Scheduler1
D/awcn.TnetSpdySession( 2877): |[seq:umeng:56aadbf567e58e38d4000976.AWCN1_1] https://umengacs.m.taobao.com submit ping ms:45050 force:true
D/awcn.DefaultHeartbeatImpl( 2877): |[seq:umeng:56aadbf567e58e38d4000976.AWCN1_1] reSchedule session:Session@[umeng:56aadbf567e58e38d4000976.AWCN1_1|spdy_0rtt_acs] delay:45050
I/awcn.TnetSpdySession( 2877): |[seq:umeng:56aadbf567e58e38d4000976.AWCN1_1] ping receive Host:https://umengacs.m.taobao.com id:231
D/awcn.DefaultHeartbeatImpl( 2877): |[seq:umeng:56aadbf567e58e38d4000976.AWCN1_1] heartbeat session:Session@[umeng:56aadbf567e58e38d4000976.AWCN1_1|spdy_0rtt_acs]
D/awcn.TnetSpdySession( 2877): |[seq:umeng:56aadbf567e58e38d4000976.AWCN1_1] ping host:https://umengacs.m.taobao.com thread:AWCN Scheduler1
D/awcn.TnetSpdySession( 2877): |[seq:umeng:56aadbf567e58e38d4000976.AWCN1_1] https://umengacs.m.taobao.com submit ping ms:45050 force:true
D/awcn.DefaultHeartbeatImpl( 2877): |[seq:umeng:56aadbf567e58e38d4000976.AWCN1_1] reSchedule session:Session@[umeng:56aadbf567e58e38d4000976.AWCN1_1|spdy_0rtt_acs] delay:45050
I/awcn.TnetSpdySession( 2877): |[seq:umeng:56aadbf567e58e38d4000976.AWCN1_1] ping receive Host:https://umengacs.m.taobao.com id:233
D/awcn.DefaultHeartbeatImpl( 2877): |[seq:umeng:56aadbf567e58e38d4000976.AWCN1_1] heartbeat session:Session@[umeng:56aadbf567e58e38d4000976.AWCN1_1|spdy_0rtt_acs]
D/awcn.TnetSpdySession( 2877): |[seq:umeng:56aadbf567e58e38d4000976.AWCN1_1] ping host:https://umengacs.m.taobao.com thread:AWCN Scheduler1
D/awcn.TnetSpdySession( 2877): |[seq:umeng:56aadbf567e58e38d4000976.AWCN1_1] https://umengacs.m.taobao.com submit ping ms:45051 force:true
D/awcn.DefaultHeartbeatImpl( 2877): |[seq:umeng:56aadbf567e58e38d4000976.AWCN1_1] reSchedule session:Session@[umeng:56aadbf567e58e38d4000976.AWCN1_1|spdy_0rtt_acs] delay:45051
I/awcn.TnetSpdySession( 2877): |[seq:umeng:56aadbf567e58e38d4000976.AWCN1_1] ping receive Host:https://umengacs.m.taobao.com id:235
D/awcn.DefaultHeartbeatImpl( 2877): |[seq:umeng:56aadbf567e58e38d4000976.AWCN1_1] heartbeat session:Session@[umeng:56aadbf567e58e38d4000976.AWCN1_1|spdy_0rtt_acs]
D/awcn.TnetSpdySession( 2877): |[seq:umeng:56aadbf567e58e38d4000976.AWCN1_1] ping host:https://umengacs.m.taobao.com thread:AWCN Scheduler1
D/awcn.TnetSpdySession( 2877): |[seq:umeng:56aadbf567e58e38d4000976.AWCN1_1] https://umengacs.m.taobao.com submit ping ms:45051 force:true
D/awcn.DefaultHeartbeatImpl( 2877): |[seq:umeng:56aadbf567e58e38d4000976.AWCN1_1] reSchedule session:Session@[umeng:56aadbf567e58e38d4000976.AWCN1_1|spdy_0rtt_acs] delay:45051
I/awcn.TnetSpdySession( 2877): |[seq:umeng:56aadbf567e58e38d4000976.AWCN1_1] ping receive Host:https://umengacs.m.taobao.com id:237
D/awcn.DefaultHeartbeatImpl( 2877): |[seq:umeng:56aadbf567e58e38d4000976.AWCN1_1] heartbeat session:Session@[umeng:56aadbf567e58e38d4000976.AWCN1_1|spdy_0rtt_acs]
D/awcn.TnetSpdySession( 2877): |[seq:umeng:56aadbf567e58e38d4000976.AWCN1_1] ping host:https://umengacs.m.taobao.com thread:AWCN Scheduler1
D/awcn.TnetSpdySession( 2877): |[seq:umeng:56aadbf567e58e38d4000976.AWCN1_1] https://umengacs.m.taobao.com submit ping ms:45052 force:true
D/awcn.DefaultHeartbeatImpl( 2877): |[seq:umeng:56aadbf567e58e38d4000976.AWCN1_1] reSchedule session:Session@[umeng:56aadbf567e58e38d4000976.AWCN1_1|spdy_0rtt_acs] delay:45052
I/awcn.TnetSpdySession( 2877): |[seq:umeng:56aadbf567e58e38d4000976.AWCN1_1] ping receive Host:https://umengacs.m.taobao.com id:239
I/tnet-jni( 1218): 101 - [spdyPingRecvCallback] - 
I/tnet-jni( 1218): 101 - [SpdySessionCallBack.spdyPingRecvCallback] - org.android.spdy.SpdySession@1aadeaa8
D/accs.SpdyConnection( 1218):  spdyPingRecvCallback uniId:134
D/accs.MessageHandler( 1218):  onRcvPing
D/accs.HeartbeatManager( 1218):  onHeartbeatSucc
D/accs.OrangeAdapter( 1218):  isSmartHb result:true
D/accs.HeartbeatManager( 1218):  set 360
I/tnet-jni( 1301): 101 - [spdyPingRecvCallback] - 
I/tnet-jni( 1301): 101 - [SpdySessionCallBack.spdyPingRecvCallback] - org.android.spdy.SpdySession@37b553dc
D/accs.SilenceConn_umeng:56aadbf567e58e38d4000976( 1301):  spdyPingRecvCallback uniId:134
D/accs.MsgRecv_umeng:56aadbf567e58e38d4000976( 1301):  onRcvPing
D/accs.HeartbeatManager( 1301):  onHeartbeatSucc
D/accs.OrangeAdapter( 1301):  isSmartHb result:true
D/accs.HeartbeatManager( 1301):  set 360
D/awcn.DefaultHeartbeatImpl( 2877): |[seq:umeng:56aadbf567e58e38d4000976.AWCN1_1] heartbeat session:Session@[umeng:56aadbf567e58e38d4000976.AWCN1_1|spdy_0rtt_acs]
D/awcn.TnetSpdySession( 2877): |[seq:umeng:56aadbf567e58e38d4000976.AWCN1_1] ping host:https://umengacs.m.taobao.com thread:AWCN Scheduler1
D/awcn.TnetSpdySession( 2877): |[seq:umeng:56aadbf567e58e38d4000976.AWCN1_1] https://umengacs.m.taobao.com submit ping ms:45050 force:true
D/awcn.DefaultHeartbeatImpl( 2877): |[seq:umeng:56aadbf567e58e38d4000976.AWCN1_1] reSchedule session:Session@[umeng:56aadbf567e58e38d4000976.AWCN1_1|spdy_0rtt_acs] delay:45050
I/awcn.TnetSpdySession( 2877): |[seq:umeng:56aadbf567e58e38d4000976.AWCN1_1] ping receive Host:https://umengacs.m.taobao.com id:241
D/NetworkMonitor/NetworkAgentInfo [WIFI () - 100](  595): OfflineState{ when=-100ms what=532488 arg2=1 target=com.android.internal.util.StateMachine$SmHandler }
D/NetworkMonitor/NetworkAgentInfo [WIFI () - 100](  595): DefaultState{ when=-100ms what=532488 arg2=1 target=com.android.internal.util.StateMachine$SmHandler }
D/NetworkMonitor/NetworkAgentInfo [WIFI () - 100](  595): Forcing reevaluation
D/NetworkMonitor/NetworkAgentInfo [WIFI () - 100](  595): EvaluatingState{ when=0 what=532486 arg1=28 target=com.android.internal.util.StateMachine$SmHandler }
D/NetworkMonitor/NetworkAgentInfo [WIFI () - 100](  595): Checking http://connectivitycheck.android.com/generate_204 on "WiredSSID"
D/NetworkMonitor/NetworkAgentInfo [WIFI () - 100](  595): Probably not a portal: exception java.net.SocketTimeoutException: failed to connect to connectivitycheck.android.com/216.58.200.46 (port 80) after 10000ms
D/ConnectivityService(  595): setProvNotificationVisibleIntent: E visible=false networkType=0 extraInfo=null
D/awcn.DefaultHeartbeatImpl( 2877): |[seq:umeng:56aadbf567e58e38d4000976.AWCN1_1] heartbeat session:Session@[umeng:56aadbf567e58e38d4000976.AWCN1_1|spdy_0rtt_acs]
D/awcn.TnetSpdySession( 2877): |[seq:umeng:56aadbf567e58e38d4000976.AWCN1_1] ping host:https://umengacs.m.taobao.com thread:AWCN Scheduler1
D/awcn.TnetSpdySession( 2877): |[seq:umeng:56aadbf567e58e38d4000976.AWCN1_1] https://umengacs.m.taobao.com submit ping ms:45052 force:true
D/awcn.DefaultHeartbeatImpl( 2877): |[seq:umeng:56aadbf567e58e38d4000976.AWCN1_1] reSchedule session:Session@[umeng:56aadbf567e58e38d4000976.AWCN1_1|spdy_0rtt_acs] delay:45052
I/awcn.TnetSpdySession( 2877): |[seq:umeng:56aadbf567e58e38d4000976.AWCN1_1] ping receive Host:https://umengacs.m.taobao.com id:243
D/awcn.DefaultHeartbeatImpl( 2877): |[seq:umeng:56aadbf567e58e38d4000976.AWCN1_1] heartbeat session:Session@[umeng:56aadbf567e58e38d4000976.AWCN1_1|spdy_0rtt_acs]
D/awcn.TnetSpdySession( 2877): |[seq:umeng:56aadbf567e58e38d4000976.AWCN1_1] ping host:https://umengacs.m.taobao.com thread:AWCN Scheduler1
D/awcn.TnetSpdySession( 2877): |[seq:umeng:56aadbf567e58e38d4000976.AWCN1_1] https://umengacs.m.taobao.com submit ping ms:45050 force:true
D/awcn.DefaultHeartbeatImpl( 2877): |[seq:umeng:56aadbf567e58e38d4000976.AWCN1_1] reSchedule session:Session@[umeng:56aadbf567e58e38d4000976.AWCN1_1|spdy_0rtt_acs] delay:45050
I/awcn.TnetSpdySession( 2877): |[seq:umeng:56aadbf567e58e38d4000976.AWCN1_1] ping receive Host:https://umengacs.m.taobao.com id:245
D/awcn.DefaultHeartbeatImpl( 2877): |[seq:umeng:56aadbf567e58e38d4000976.AWCN1_1] heartbeat session:Session@[umeng:56aadbf567e58e38d4000976.AWCN1_1|spdy_0rtt_acs]
D/awcn.TnetSpdySession( 2877): |[seq:umeng:56aadbf567e58e38d4000976.AWCN1_1] ping host:https://umengacs.m.taobao.com thread:AWCN Scheduler1
D/awcn.TnetSpdySession( 2877): |[seq:umeng:56aadbf567e58e38d4000976.AWCN1_1] https://umengacs.m.taobao.com submit ping ms:45054 force:true
D/awcn.DefaultHeartbeatImpl( 2877): |[seq:umeng:56aadbf567e58e38d4000976.AWCN1_1] reSchedule session:Session@[umeng:56aadbf567e58e38d4000976.AWCN1_1|spdy_0rtt_acs] delay:45054
I/awcn.TnetSpdySession( 2877): |[seq:umeng:56aadbf567e58e38d4000976.AWCN1_1] ping receive Host:https://umengacs.m.taobao.com id:247
I/tnet-jni( 1218): 101 - [spdyPingRecvCallback] - 
I/tnet-jni( 1218): 101 - [SpdySessionCallBack.spdyPingRecvCallback] - org.android.spdy.SpdySession@1aadeaa8
D/accs.SpdyConnection( 1218):  spdyPingRecvCallback uniId:136
D/accs.MessageHandler( 1218):  onRcvPing
D/accs.HeartbeatManager( 1218):  onHeartbeatSucc
D/accs.OrangeAdapter( 1218):  isSmartHb result:true
D/accs.HeartbeatManager( 1218):  set 360
D/accs.UtilityImpl( 1218):  setServiceTime:1512051121610
I/tnet-jni( 1218): 101 - [SpdySessionCallBack.putSSLMeta] - org.android.spdy.SpdySession@1aadeaa8
I/tnet-jni( 1301): 101 - [spdyPingRecvCallback] - 
I/tnet-jni( 1301): 101 - [SpdySessionCallBack.spdyPingRecvCallback] - org.android.spdy.SpdySession@37b553dc
D/accs.SilenceConn_umeng:56aadbf567e58e38d4000976( 1301):  spdyPingRecvCallback uniId:136
D/accs.MsgRecv_umeng:56aadbf567e58e38d4000976( 1301):  onRcvPing
D/accs.HeartbeatManager( 1301):  onHeartbeatSucc
D/accs.OrangeAdapter( 1301):  isSmartHb result:true
D/accs.HeartbeatManager( 1301):  set 360
D/accs.UtilityImpl( 1301):  setServiceTime:1512051122534
I/tnet-jni( 1301): 101 - [SpdySessionCallBack.putSSLMeta] - org.android.spdy.SpdySession@37b553dc
D/awcn.DefaultHeartbeatImpl( 2877): |[seq:umeng:56aadbf567e58e38d4000976.AWCN1_1] heartbeat session:Session@[umeng:56aadbf567e58e38d4000976.AWCN1_1|spdy_0rtt_acs]
D/awcn.TnetSpdySession( 2877): |[seq:umeng:56aadbf567e58e38d4000976.AWCN1_1] ping host:https://umengacs.m.taobao.com thread:AWCN Scheduler1
D/awcn.TnetSpdySession( 2877): |[seq:umeng:56aadbf567e58e38d4000976.AWCN1_1] https://umengacs.m.taobao.com submit ping ms:45050 force:true
D/awcn.DefaultHeartbeatImpl( 2877): |[seq:umeng:56aadbf567e58e38d4000976.AWCN1_1] reSchedule session:Session@[umeng:56aadbf567e58e38d4000976.AWCN1_1|spdy_0rtt_acs] delay:45050
I/awcn.TnetSpdySession( 2877): |[seq:umeng:56aadbf567e58e38d4000976.AWCN1_1] ping receive Host:https://umengacs.m.taobao.com id:249
D/awcn.DefaultHeartbeatImpl( 2877): |[seq:umeng:56aadbf567e58e38d4000976.AWCN1_1] heartbeat session:Session@[umeng:56aadbf567e58e38d4000976.AWCN1_1|spdy_0rtt_acs]
D/awcn.TnetSpdySession( 2877): |[seq:umeng:56aadbf567e58e38d4000976.AWCN1_1] ping host:https://umengacs.m.taobao.com thread:AWCN Scheduler1
D/awcn.TnetSpdySession( 2877): |[seq:umeng:56aadbf567e58e38d4000976.AWCN1_1] https://umengacs.m.taobao.com submit ping ms:45056 force:true
D/awcn.DefaultHeartbeatImpl( 2877): |[seq:umeng:56aadbf567e58e38d4000976.AWCN1_1] reSchedule session:Session@[umeng:56aadbf567e58e38d4000976.AWCN1_1|spdy_0rtt_acs] delay:45056
I/awcn.TnetSpdySession( 2877): |[seq:umeng:56aadbf567e58e38d4000976.AWCN1_1] ping receive Host:https://umengacs.m.taobao.com id:251
D/awcn.DefaultHeartbeatImpl( 2877): |[seq:umeng:56aadbf567e58e38d4000976.AWCN1_1] heartbeat session:Session@[umeng:56aadbf567e58e38d4000976.AWCN1_1|spdy_0rtt_acs]
D/awcn.TnetSpdySession( 2877): |[seq:umeng:56aadbf567e58e38d4000976.AWCN1_1] ping host:https://umengacs.m.taobao.com thread:AWCN Scheduler1
D/awcn.TnetSpdySession( 2877): |[seq:umeng:56aadbf567e58e38d4000976.AWCN1_1] https://umengacs.m.taobao.com submit ping ms:45050 force:true
D/awcn.DefaultHeartbeatImpl( 2877): |[seq:umeng:56aadbf567e58e38d4000976.AWCN1_1] reSchedule session:Session@[umeng:56aadbf567e58e38d4000976.AWCN1_1|spdy_0rtt_acs] delay:45050
I/awcn.TnetSpdySession( 2877): |[seq:umeng:56aadbf567e58e38d4000976.AWCN1_1] ping receive Host:https://umengacs.m.taobao.com id:253
D/awcn.DefaultHeartbeatImpl( 2877): |[seq:umeng:56aadbf567e58e38d4000976.AWCN1_1] heartbeat session:Session@[umeng:56aadbf567e58e38d4000976.AWCN1_1|spdy_0rtt_acs]
D/awcn.TnetSpdySession( 2877): |[seq:umeng:56aadbf567e58e38d4000976.AWCN1_1] ping host:https://umengacs.m.taobao.com thread:AWCN Scheduler1
D/awcn.TnetSpdySession( 2877): |[seq:umeng:56aadbf567e58e38d4000976.AWCN1_1] https://umengacs.m.taobao.com submit ping ms:45056 force:true
D/awcn.DefaultHeartbeatImpl( 2877): |[seq:umeng:56aadbf567e58e38d4000976.AWCN1_1] reSchedule session:Session@[umeng:56aadbf567e58e38d4000976.AWCN1_1|spdy_0rtt_acs] delay:45056
I/awcn.TnetSpdySession( 2877): |[seq:umeng:56aadbf567e58e38d4000976.AWCN1_1] ping receive Host:https://umengacs.m.taobao.com id:255
D/awcn.DefaultHeartbeatImpl( 2877): |[seq:umeng:56aadbf567e58e38d4000976.AWCN1_1] heartbeat session:Session@[umeng:56aadbf567e58e38d4000976.AWCN1_1|spdy_0rtt_acs]
D/awcn.TnetSpdySession( 2877): |[seq:umeng:56aadbf567e58e38d4000976.AWCN1_1] ping host:https://umengacs.m.taobao.com thread:AWCN Scheduler1
D/awcn.TnetSpdySession( 2877): |[seq:umeng:56aadbf567e58e38d4000976.AWCN1_1] https://umengacs.m.taobao.com submit ping ms:45052 force:true
D/awcn.DefaultHeartbeatImpl( 2877): |[seq:umeng:56aadbf567e58e38d4000976.AWCN1_1] reSchedule session:Session@[umeng:56aadbf567e58e38d4000976.AWCN1_1|spdy_0rtt_acs] delay:45052
I/awcn.TnetSpdySession( 2877): |[seq:umeng:56aadbf567e58e38d4000976.AWCN1_1] ping receive Host:https://umengacs.m.taobao.com id:257
I/tnet-jni( 1218): 101 - [spdyPingRecvCallback] - 
I/tnet-jni( 1218): 101 - [SpdySessionCallBack.spdyPingRecvCallback] - org.android.spdy.SpdySession@1aadeaa8
D/accs.SpdyConnection( 1218):  spdyPingRecvCallback uniId:138
D/accs.MessageHandler( 1218):  onRcvPing
D/accs.HeartbeatManager( 1218):  onHeartbeatSucc
D/accs.OrangeAdapter( 1218):  isSmartHb result:true
D/accs.HeartbeatManager( 1218):  set 360
I/tnet-jni( 1301): 101 - [spdyPingRecvCallback] - 
I/tnet-jni( 1301): 101 - [SpdySessionCallBack.spdyPingRecvCallback] - org.android.spdy.SpdySession@37b553dc
D/accs.SilenceConn_umeng:56aadbf567e58e38d4000976( 1301):  spdyPingRecvCallback uniId:138
D/accs.MsgRecv_umeng:56aadbf567e58e38d4000976( 1301):  onRcvPing
D/accs.HeartbeatManager( 1301):  onHeartbeatSucc
D/accs.OrangeAdapter( 1301):  isSmartHb result:true
D/accs.HeartbeatManager( 1301):  set 360
D/awcn.DefaultHeartbeatImpl( 2877): |[seq:umeng:56aadbf567e58e38d4000976.AWCN1_1] heartbeat session:Session@[umeng:56aadbf567e58e38d4000976.AWCN1_1|spdy_0rtt_acs]
D/awcn.TnetSpdySession( 2877): |[seq:umeng:56aadbf567e58e38d4000976.AWCN1_1] ping host:https://umengacs.m.taobao.com thread:AWCN Scheduler1
D/awcn.TnetSpdySession( 2877): |[seq:umeng:56aadbf567e58e38d4000976.AWCN1_1] https://umengacs.m.taobao.com submit ping ms:45056 force:true
D/awcn.DefaultHeartbeatImpl( 2877): |[seq:umeng:56aadbf567e58e38d4000976.AWCN1_1] reSchedule session:Session@[umeng:56aadbf567e58e38d4000976.AWCN1_1|spdy_0rtt_acs] delay:45056
I/awcn.TnetSpdySession( 2877): |[seq:umeng:56aadbf567e58e38d4000976.AWCN1_1] ping receive Host:https://umengacs.m.taobao.com id:259
D/awcn.DefaultHeartbeatImpl( 2877): |[seq:umeng:56aadbf567e58e38d4000976.AWCN1_1] heartbeat session:Session@[umeng:56aadbf567e58e38d4000976.AWCN1_1|spdy_0rtt_acs]
D/awcn.TnetSpdySession( 2877): |[seq:umeng:56aadbf567e58e38d4000976.AWCN1_1] ping host:https://umengacs.m.taobao.com thread:AWCN Scheduler1
D/awcn.TnetSpdySession( 2877): |[seq:umeng:56aadbf567e58e38d4000976.AWCN1_1] https://umengacs.m.taobao.com submit ping ms:45051 force:true
D/awcn.DefaultHeartbeatImpl( 2877): |[seq:umeng:56aadbf567e58e38d4000976.AWCN1_1] reSchedule session:Session@[umeng:56aadbf567e58e38d4000976.AWCN1_1|spdy_0rtt_acs] delay:45051
I/awcn.TnetSpdySession( 2877): |[seq:umeng:56aadbf567e58e38d4000976.AWCN1_1] ping receive Host:https://umengacs.m.taobao.com id:261
D/awcn.DefaultHeartbeatImpl( 2877): |[seq:umeng:56aadbf567e58e38d4000976.AWCN1_1] heartbeat session:Session@[umeng:56aadbf567e58e38d4000976.AWCN1_1|spdy_0rtt_acs]
D/awcn.TnetSpdySession( 2877): |[seq:umeng:56aadbf567e58e38d4000976.AWCN1_1] ping host:https://umengacs.m.taobao.com thread:AWCN Scheduler1
D/awcn.TnetSpdySession( 2877): |[seq:umeng:56aadbf567e58e38d4000976.AWCN1_1] https://umengacs.m.taobao.com submit ping ms:45050 force:true
D/awcn.DefaultHeartbeatImpl( 2877): |[seq:umeng:56aadbf567e58e38d4000976.AWCN1_1] reSchedule session:Session@[umeng:56aadbf567e58e38d4000976.AWCN1_1|spdy_0rtt_acs] delay:45050
I/awcn.TnetSpdySession( 2877): |[seq:umeng:56aadbf567e58e38d4000976.AWCN1_1] ping receive Host:https://umengacs.m.taobao.com id:263
D/awcn.DefaultHeartbeatImpl( 2877): |[seq:umeng:56aadbf567e58e38d4000976.AWCN1_1] heartbeat session:Session@[umeng:56aadbf567e58e38d4000976.AWCN1_1|spdy_0rtt_acs]
D/awcn.TnetSpdySession( 2877): |[seq:umeng:56aadbf567e58e38d4000976.AWCN1_1] ping host:https://umengacs.m.taobao.com thread:AWCN Scheduler1
D/awcn.TnetSpdySession( 2877): |[seq:umeng:56aadbf567e58e38d4000976.AWCN1_1] https://umengacs.m.taobao.com submit ping ms:45051 force:true
D/awcn.DefaultHeartbeatImpl( 2877): |[seq:umeng:56aadbf567e58e38d4000976.AWCN1_1] reSchedule session:Session@[umeng:56aadbf567e58e38d4000976.AWCN1_1|spdy_0rtt_acs] delay:45051
I/awcn.TnetSpdySession( 2877): |[seq:umeng:56aadbf567e58e38d4000976.AWCN1_1] ping receive Host:https://umengacs.m.taobao.com id:265
D/awcn.DefaultHeartbeatImpl( 2877): |[seq:umeng:56aadbf567e58e38d4000976.AWCN1_1] heartbeat session:Session@[umeng:56aadbf567e58e38d4000976.AWCN1_1|spdy_0rtt_acs]
D/awcn.TnetSpdySession( 2877): |[seq:umeng:56aadbf567e58e38d4000976.AWCN1_1] ping host:https://umengacs.m.taobao.com thread:AWCN Scheduler1
D/awcn.TnetSpdySession( 2877): |[seq:umeng:56aadbf567e58e38d4000976.AWCN1_1] https://umengacs.m.taobao.com submit ping ms:45051 force:true
D/awcn.DefaultHeartbeatImpl( 2877): |[seq:umeng:56aadbf567e58e38d4000976.AWCN1_1] reSchedule session:Session@[umeng:56aadbf567e58e38d4000976.AWCN1_1|spdy_0rtt_acs] delay:45050
I/awcn.TnetSpdySession( 2877): |[seq:umeng:56aadbf567e58e38d4000976.AWCN1_1] ping receive Host:https://umengacs.m.taobao.com id:267
I/tnet-jni( 1218): 101 - [spdyPingRecvCallback] - 
I/tnet-jni( 1218): 101 - [SpdySessionCallBack.spdyPingRecvCallback] - org.android.spdy.SpdySession@1aadeaa8
D/accs.SpdyConnection( 1218):  spdyPingRecvCallback uniId:140
D/accs.MessageHandler( 1218):  onRcvPing
D/accs.HeartbeatManager( 1218):  onHeartbeatSucc
D/accs.HeartbeatManager( 1218):  upgrade
D/accs.OrangeAdapter( 1218):  isSmartHb result:true
D/accs.HeartbeatManager( 1218):  set 480
D/accs.UtilityImpl( 1218):  setServiceTime:1512051541640
I/tnet-jni( 1301): 101 - [spdyPingRecvCallback] - 
I/tnet-jni( 1301): 101 - [SpdySessionCallBack.spdyPingRecvCallback] - org.android.spdy.SpdySession@37b553dc
D/accs.SilenceConn_umeng:56aadbf567e58e38d4000976( 1301):  spdyPingRecvCallback uniId:140
D/accs.MsgRecv_umeng:56aadbf567e58e38d4000976( 1301):  onRcvPing
D/accs.HeartbeatManager( 1301):  onHeartbeatSucc
D/accs.HeartbeatManager( 1301):  upgrade
D/accs.OrangeAdapter( 1301):  isSmartHb result:true
D/accs.HeartbeatManager( 1301):  set 480
D/accs.UtilityImpl( 1301):  setServiceTime:1512051542568
D/awcn.DefaultHeartbeatImpl( 2877): |[seq:umeng:56aadbf567e58e38d4000976.AWCN1_1] heartbeat session:Session@[umeng:56aadbf567e58e38d4000976.AWCN1_1|spdy_0rtt_acs]
D/awcn.TnetSpdySession( 2877): |[seq:umeng:56aadbf567e58e38d4000976.AWCN1_1] ping host:https://umengacs.m.taobao.com thread:AWCN Scheduler1
D/awcn.TnetSpdySession( 2877): |[seq:umeng:56aadbf567e58e38d4000976.AWCN1_1] https://umengacs.m.taobao.com submit ping ms:45050 force:true
D/awcn.DefaultHeartbeatImpl( 2877): |[seq:umeng:56aadbf567e58e38d4000976.AWCN1_1] reSchedule session:Session@[umeng:56aadbf567e58e38d4000976.AWCN1_1|spdy_0rtt_acs] delay:45051
I/awcn.TnetSpdySession( 2877): |[seq:umeng:56aadbf567e58e38d4000976.AWCN1_1] ping receive Host:https://umengacs.m.taobao.com id:269
D/NetworkMonitor/NetworkAgentInfo [WIFI () - 100](  595): OfflineState{ when=-101ms what=532488 arg2=1 target=com.android.internal.util.StateMachine$SmHandler }
D/NetworkMonitor/NetworkAgentInfo [WIFI () - 100](  595): DefaultState{ when=-101ms what=532488 arg2=1 target=com.android.internal.util.StateMachine$SmHandler }
D/NetworkMonitor/NetworkAgentInfo [WIFI () - 100](  595): Forcing reevaluation
D/NetworkMonitor/NetworkAgentInfo [WIFI () - 100](  595): EvaluatingState{ when=0 what=532486 arg1=29 target=com.android.internal.util.StateMachine$SmHandler }
D/NetworkMonitor/NetworkAgentInfo [WIFI () - 100](  595): Checking http://connectivitycheck.android.com/generate_204 on "WiredSSID"
D/NetworkMonitor/NetworkAgentInfo [WIFI () - 100](  595): Probably not a portal: exception java.net.SocketTimeoutException: failed to connect to connectivitycheck.android.com/172.217.24.14 (port 80) after 10000ms
D/ConnectivityService(  595): setProvNotificationVisibleIntent: E visible=false networkType=0 extraInfo=null
D/awcn.DefaultHeartbeatImpl( 2877): |[seq:umeng:56aadbf567e58e38d4000976.AWCN1_1] heartbeat session:Session@[umeng:56aadbf567e58e38d4000976.AWCN1_1|spdy_0rtt_acs]
D/awcn.TnetSpdySession( 2877): |[seq:umeng:56aadbf567e58e38d4000976.AWCN1_1] ping host:https://umengacs.m.taobao.com thread:AWCN Scheduler1
D/awcn.TnetSpdySession( 2877): |[seq:umeng:56aadbf567e58e38d4000976.AWCN1_1] https://umengacs.m.taobao.com submit ping ms:45050 force:true
D/awcn.DefaultHeartbeatImpl( 2877): |[seq:umeng:56aadbf567e58e38d4000976.AWCN1_1] reSchedule session:Session@[umeng:56aadbf567e58e38d4000976.AWCN1_1|spdy_0rtt_acs] delay:45050
I/awcn.TnetSpdySession( 2877): |[seq:umeng:56aadbf567e58e38d4000976.AWCN1_1] ping receive Host:https://umengacs.m.taobao.com id:271
D/awcn.DefaultHeartbeatImpl( 2877): |[seq:umeng:56aadbf567e58e38d4000976.AWCN1_1] heartbeat session:Session@[umeng:56aadbf567e58e38d4000976.AWCN1_1|spdy_0rtt_acs]
D/awcn.TnetSpdySession( 2877): |[seq:umeng:56aadbf567e58e38d4000976.AWCN1_1] ping host:https://umengacs.m.taobao.com thread:AWCN Scheduler1
D/awcn.TnetSpdySession( 2877): |[seq:umeng:56aadbf567e58e38d4000976.AWCN1_1] https://umengacs.m.taobao.com submit ping ms:45051 force:true
D/awcn.DefaultHeartbeatImpl( 2877): |[seq:umeng:56aadbf567e58e38d4000976.AWCN1_1] reSchedule session:Session@[umeng:56aadbf567e58e38d4000976.AWCN1_1|spdy_0rtt_acs] delay:45050
I/awcn.TnetSpdySession( 2877): |[seq:umeng:56aadbf567e58e38d4000976.AWCN1_1] ping receive Host:https://umengacs.m.taobao.com id:273
D/awcn.DefaultHeartbeatImpl( 2877): |[seq:umeng:56aadbf567e58e38d4000976.AWCN1_1] heartbeat session:Session@[umeng:56aadbf567e58e38d4000976.AWCN1_1|spdy_0rtt_acs]
D/awcn.TnetSpdySession( 2877): |[seq:umeng:56aadbf567e58e38d4000976.AWCN1_1] ping host:https://umengacs.m.taobao.com thread:AWCN Scheduler1
D/awcn.TnetSpdySession( 2877): |[seq:umeng:56aadbf567e58e38d4000976.AWCN1_1] https://umengacs.m.taobao.com submit ping ms:45050 force:true
D/awcn.DefaultHeartbeatImpl( 2877): |[seq:umeng:56aadbf567e58e38d4000976.AWCN1_1] reSchedule session:Session@[umeng:56aadbf567e58e38d4000976.AWCN1_1|spdy_0rtt_acs] delay:45050
I/awcn.TnetSpdySession( 2877): |[seq:umeng:56aadbf567e58e38d4000976.AWCN1_1] ping receive Host:https://umengacs.m.taobao.com id:275
I/tnet-jni( 1218): 101 - [spdyPingRecvCallback] - 
I/tnet-jni( 1218): 101 - [SpdySessionCallBack.spdyPingRecvCallback] - org.android.spdy.SpdySession@1aadeaa8
D/accs.SpdyConnection( 1218):  spdyPingRecvCallback uniId:142
D/accs.MessageHandler( 1218):  onRcvPing
D/accs.HeartbeatManager( 1218):  onHeartbeatSucc
D/accs.OrangeAdapter( 1218):  isSmartHb result:true
D/accs.HeartbeatManager( 1218):  set 480
I/tnet-jni( 1301): 101 - [spdyPingRecvCallback] - 
I/tnet-jni( 1301): 101 - [SpdySessionCallBack.spdyPingRecvCallback] - org.android.spdy.SpdySession@37b553dc
D/accs.SilenceConn_umeng:56aadbf567e58e38d4000976( 1301):  spdyPingRecvCallback uniId:142
D/accs.MsgRecv_umeng:56aadbf567e58e38d4000976( 1301):  onRcvPing
D/accs.HeartbeatManager( 1301):  onHeartbeatSucc
D/accs.OrangeAdapter( 1301):  isSmartHb result:true
D/accs.HeartbeatManager( 1301):  set 480
D/awcn.DefaultHeartbeatImpl( 2877): |[seq:umeng:56aadbf567e58e38d4000976.AWCN1_1] heartbeat session:Session@[umeng:56aadbf567e58e38d4000976.AWCN1_1|spdy_0rtt_acs]
D/awcn.TnetSpdySession( 2877): |[seq:umeng:56aadbf567e58e38d4000976.AWCN1_1] ping host:https://umengacs.m.taobao.com thread:AWCN Scheduler1
D/awcn.TnetSpdySession( 2877): |[seq:umeng:56aadbf567e58e38d4000976.AWCN1_1] https://umengacs.m.taobao.com submit ping ms:45051 force:true
D/awcn.DefaultHeartbeatImpl( 2877): |[seq:umeng:56aadbf567e58e38d4000976.AWCN1_1] reSchedule session:Session@[umeng:56aadbf567e58e38d4000976.AWCN1_1|spdy_0rtt_acs] delay:45051
I/awcn.TnetSpdySession( 2877): |[seq:umeng:56aadbf567e58e38d4000976.AWCN1_1] ping receive Host:https://umengacs.m.taobao.com id:277
D/awcn.DefaultHeartbeatImpl( 2877): |[seq:umeng:56aadbf567e58e38d4000976.AWCN1_1] heartbeat session:Session@[umeng:56aadbf567e58e38d4000976.AWCN1_1|spdy_0rtt_acs]
D/awcn.TnetSpdySession( 2877): |[seq:umeng:56aadbf567e58e38d4000976.AWCN1_1] ping host:https://umengacs.m.taobao.com thread:AWCN Scheduler1
D/awcn.TnetSpdySession( 2877): |[seq:umeng:56aadbf567e58e38d4000976.AWCN1_1] https://umengacs.m.taobao.com submit ping ms:45053 force:true
D/awcn.DefaultHeartbeatImpl( 2877): |[seq:umeng:56aadbf567e58e38d4000976.AWCN1_1] reSchedule session:Session@[umeng:56aadbf567e58e38d4000976.AWCN1_1|spdy_0rtt_acs] delay:45053
I/awcn.TnetSpdySession( 2877): |[seq:umeng:56aadbf567e58e38d4000976.AWCN1_1] ping receive Host:https://umengacs.m.taobao.com id:279
D/awcn.DefaultHeartbeatImpl( 2877): |[seq:umeng:56aadbf567e58e38d4000976.AWCN1_1] heartbeat session:Session@[umeng:56aadbf567e58e38d4000976.AWCN1_1|spdy_0rtt_acs]
D/awcn.TnetSpdySession( 2877): |[seq:umeng:56aadbf567e58e38d4000976.AWCN1_1] ping host:https://umengacs.m.taobao.com thread:AWCN Scheduler1
D/awcn.TnetSpdySession( 2877): |[seq:umeng:56aadbf567e58e38d4000976.AWCN1_1] https://umengacs.m.taobao.com submit ping ms:45050 force:true
D/awcn.DefaultHeartbeatImpl( 2877): |[seq:umeng:56aadbf567e58e38d4000976.AWCN1_1] reSchedule session:Session@[umeng:56aadbf567e58e38d4000976.AWCN1_1|spdy_0rtt_acs] delay:45050
I/awcn.TnetSpdySession( 2877): |[seq:umeng:56aadbf567e58e38d4000976.AWCN1_1] ping receive Host:https://umengacs.m.taobao.com id:281
D/awcn.DefaultHeartbeatImpl( 2877): |[seq:umeng:56aadbf567e58e38d4000976.AWCN1_1] heartbeat session:Session@[umeng:56aadbf567e58e38d4000976.AWCN1_1|spdy_0rtt_acs]
D/awcn.TnetSpdySession( 2877): |[seq:umeng:56aadbf567e58e38d4000976.AWCN1_1] ping host:https://umengacs.m.taobao.com thread:AWCN Scheduler1
D/awcn.TnetSpdySession( 2877): |[seq:umeng:56aadbf567e58e38d4000976.AWCN1_1] https://umengacs.m.taobao.com submit ping ms:45051 force:true
D/awcn.DefaultHeartbeatImpl( 2877): |[seq:umeng:56aadbf567e58e38d4000976.AWCN1_1] reSchedule session:Session@[umeng:56aadbf567e58e38d4000976.AWCN1_1|spdy_0rtt_acs] delay:45051
I/awcn.TnetSpdySession( 2877): |[seq:umeng:56aadbf567e58e38d4000976.AWCN1_1] ping receive Host:https://umengacs.m.taobao.com id:283
D/awcn.DefaultHeartbeatImpl( 2877): |[seq:umeng:56aadbf567e58e38d4000976.AWCN1_1] heartbeat session:Session@[umeng:56aadbf567e58e38d4000976.AWCN1_1|spdy_0rtt_acs]
D/awcn.TnetSpdySession( 2877): |[seq:umeng:56aadbf567e58e38d4000976.AWCN1_1] ping host:https://umengacs.m.taobao.com thread:AWCN Scheduler1
D/awcn.TnetSpdySession( 2877): |[seq:umeng:56aadbf567e58e38d4000976.AWCN1_1] https://umengacs.m.taobao.com submit ping ms:45050 force:true
D/awcn.DefaultHeartbeatImpl( 2877): |[seq:umeng:56aadbf567e58e38d4000976.AWCN1_1] reSchedule session:Session@[umeng:56aadbf567e58e38d4000976.AWCN1_1|spdy_0rtt_acs] delay:45050
I/awcn.TnetSpdySession( 2877): |[seq:umeng:56aadbf567e58e38d4000976.AWCN1_1] ping receive Host:https://umengacs.m.taobao.com id:285
I/ProcessStatsService(  595): Prepared write state in 1ms
I/tnet-jni( 1218): 101 - [spdyPingRecvCallback] - 
I/tnet-jni( 1218): 101 - [SpdySessionCallBack.spdyPingRecvCallback] - org.android.spdy.SpdySession@1aadeaa8
D/accs.SpdyConnection( 1218):  spdyPingRecvCallback uniId:144
D/accs.MessageHandler( 1218):  onRcvPing
D/accs.HeartbeatManager( 1218):  onHeartbeatSucc
D/accs.OrangeAdapter( 1218):  isSmartHb result:true
D/accs.HeartbeatManager( 1218):  set 480
D/accs.UtilityImpl( 1218):  setServiceTime:1512051961660
I/tnet-jni( 1301): 101 - [spdyPingRecvCallback] - 
I/tnet-jni( 1301): 101 - [SpdySessionCallBack.spdyPingRecvCallback] - org.android.spdy.SpdySession@37b553dc
D/accs.SilenceConn_umeng:56aadbf567e58e38d4000976( 1301):  spdyPingRecvCallback uniId:144
D/accs.MsgRecv_umeng:56aadbf567e58e38d4000976( 1301):  onRcvPing
D/accs.HeartbeatManager( 1301):  onHeartbeatSucc
D/accs.OrangeAdapter( 1301):  isSmartHb result:true
D/accs.HeartbeatManager( 1301):  set 480
D/accs.UtilityImpl( 1301):  setServiceTime:1512051962613
