D/accs.HeartbeatManager( 1218):  onHeartbeatSucc
D/accs.OrangeAdapter( 1218):  isSmartHb result:true
D/accs.HeartbeatManager( 1218):  set 480
I/tnet-jni( 1301): 101 - [spdyPingRecvCallback] - 
I/tnet-jni( 1301): 101 - [SpdySessionCallBack.spdyPingRecvCallback] - org.android.spdy.SpdySession@37b553dc
D/accs.SilenceConn_umeng:56aadbf567e58e38d4000976( 1301):  spdyPingRecvCallback uniId:206
D/accs.MsgRecv_umeng:56aadbf567e58e38d4000976( 1301):  onRcvPing
D/accs.HeartbeatManager( 1301):  onHeartbeatSucc
D/accs.OrangeAdapter( 1301):  isSmartHb result:true
D/accs.HeartbeatManager( 1301):  set 480
D/awcn.DefaultHeartbeatImpl( 2877): |[seq:umeng:56aadbf567e58e38d4000976.AWCN1_1] heartbeat session:Session@[umeng:56aadbf567e58e38d4000976.AWCN1_1|spdy_0rtt_acs]
D/awcn.TnetSpdySession( 2877): |[seq:umeng:56aadbf567e58e38d4000976.AWCN1_1] ping host:https://umengacs.m.taobao.com thread:AWCN Scheduler1
D/awcn.TnetSpdySession( 2877): |[seq:umeng:56aadbf567e58e38d4000976.AWCN1_1] https://umengacs.m.taobao.com submit ping ms:45050 force:true
D/awcn.DefaultHeartbeatImpl( 2877): |[seq:umeng:56aadbf567e58e38d4000976.AWCN1_1] reSchedule session:Session@[umeng:56aadbf567e58e38d4000976.AWCN1_1|spdy_0rtt_acs] delay:45050
I/awcn.TnetSpdySession( 2877): |[seq:umeng:56aadbf567e58e38d4000976.AWCN1_1] ping receive Host:https://umengacs.m.taobao.com id:577
D/awcn.DefaultHeartbeatImpl( 2877): |[seq:umeng:56aadbf567e58e38d4000976.AWCN1_1] heartbeat session:Session@[umeng:56aadbf567e58e38d4000976.AWCN1_1|spdy_0rtt_acs]
D/awcn.TnetSpdySession( 2877): |[seq:umeng:56aadbf567e58e38d4000976.AWCN1_1] ping host:https://umengacs.m.taobao.com thread:AWCN Scheduler1
D/awcn.TnetSpdySession( 2877): |[seq:umeng:56aadbf567e58e38d4000976.AWCN1_1] https://umengacs.m.taobao.com submit ping ms:45053 force:true
D/awcn.DefaultHeartbeatImpl( 2877): |[seq:umeng:56aadbf567e58e38d4000976.AWCN1_1] reSchedule session:Session@[umeng:56aadbf567e58e38d4000976.AWCN1_1|spdy_0rtt_acs] delay:45053
I/awcn.TnetSpdySession( 2877): |[seq:umeng:56aadbf567e58e38d4000976.AWCN1_1] ping receive Host:https://umengacs.m.taobao.com id:579
D/awcn.DefaultHeartbeatImpl( 2877): |[seq:umeng:56aadbf567e58e38d4000976.AWCN1_1] heartbeat session:Session@[umeng:56aadbf567e58e38d4000976.AWCN1_1|spdy_0rtt_acs]
D/awcn.TnetSpdySession( 2877): |[seq:umeng:56aadbf567e58e38d4000976.AWCN1_1] ping host:https://umengacs.m.taobao.com thread:AWCN Scheduler1
D/awcn.TnetSpdySession( 2877): |[seq:umeng:56aadbf567e58e38d4000976.AWCN1_1] https://umengacs.m.taobao.com submit ping ms:45051 force:true
D/awcn.DefaultHeartbeatImpl( 2877): |[seq:umeng:56aadbf567e58e38d4000976.AWCN1_1] reSchedule session:Session@[umeng:56aadbf567e58e38d4000976.AWCN1_1|spdy_0rtt_acs] delay:45051
I/awcn.TnetSpdySession( 2877): |[seq:umeng:56aadbf567e58e38d4000976.AWCN1_1] ping receive Host:https://umengacs.m.taobao.com id:581
D/awcn.DefaultHeartbeatImpl( 2877): |[seq:umeng:56aadbf567e58e38d4000976.AWCN1_1] heartbeat session:Session@[umeng:56aadbf567e58e38d4000976.AWCN1_1|spdy_0rtt_acs]
D/awcn.TnetSpdySession( 2877): |[seq:umeng:56aadbf567e58e38d4000976.AWCN1_1] ping host:https://umengacs.m.taobao.com thread:AWCN Scheduler1
D/awcn.TnetSpdySession( 2877): |[seq:umeng:56aadbf567e58e38d4000976.AWCN1_1] https://umengacs.m.taobao.com submit ping ms:45054 force:true
D/awcn.DefaultHeartbeatImpl( 2877): |[seq:umeng:56aadbf567e58e38d4000976.AWCN1_1] reSchedule session:Session@[umeng:56aadbf567e58e38d4000976.AWCN1_1|spdy_0rtt_acs] delay:45054
I/awcn.TnetSpdySession( 2877): |[seq:umeng:56aadbf567e58e38d4000976.AWCN1_1] ping receive Host:https://umengacs.m.taobao.com id:583
I/tnet-jni( 1218): 101 - [spdyPingRecvCallback] - 
I/tnet-jni( 1218): 101 - [SpdySessionCallBack.spdyPingRecvCallback] - org.android.spdy.SpdySession@1aadeaa8
D/accs.SpdyConnection( 1218):  spdyPingRecvCallback uniId:208
D/accs.MessageHandler( 1218):  onRcvPing
D/accs.HeartbeatManager( 1218):  onHeartbeatSucc
D/accs.OrangeAdapter( 1218):  isSmartHb result:true
D/accs.HeartbeatManager( 1218):  set 480
D/accs.UtilityImpl( 1218):  setServiceTime:1512058682254
I/tnet-jni( 1301): 101 - [spdyPingRecvCallback] - 
I/tnet-jni( 1301): 101 - [SpdySessionCallBack.spdyPingRecvCallback] - org.android.spdy.SpdySession@37b553dc
D/accs.SilenceConn_umeng:56aadbf567e58e38d4000976( 1301):  spdyPingRecvCallback uniId:208
D/accs.MsgRecv_umeng:56aadbf567e58e38d4000976( 1301):  onRcvPing
D/accs.HeartbeatManager( 1301):  onHeartbeatSucc
D/accs.OrangeAdapter( 1301):  isSmartHb result:true
D/accs.HeartbeatManager( 1301):  set 480
D/accs.UtilityImpl( 1301):  setServiceTime:1512058683182
D/awcn.DefaultHeartbeatImpl( 2877): |[seq:umeng:56aadbf567e58e38d4000976.AWCN1_1] heartbeat session:Session@[umeng:56aadbf567e58e38d4000976.AWCN1_1|spdy_0rtt_acs]
D/awcn.TnetSpdySession( 2877): |[seq:umeng:56aadbf567e58e38d4000976.AWCN1_1] ping host:https://umengacs.m.taobao.com thread:AWCN Scheduler1
D/awcn.TnetSpdySession( 2877): |[seq:umeng:56aadbf567e58e38d4000976.AWCN1_1] https://umengacs.m.taobao.com submit ping ms:45052 force:true
D/awcn.DefaultHeartbeatImpl( 2877): |[seq:umeng:56aadbf567e58e38d4000976.AWCN1_1] reSchedule session:Session@[umeng:56aadbf567e58e38d4000976.AWCN1_1|spdy_0rtt_acs] delay:45052
I/awcn.TnetSpdySession( 2877): |[seq:umeng:56aadbf567e58e38d4000976.AWCN1_1] ping receive Host:https://umengacs.m.taobao.com id:585
D/awcn.DefaultHeartbeatImpl( 2877): |[seq:umeng:56aadbf567e58e38d4000976.AWCN1_1] heartbeat session:Session@[umeng:56aadbf567e58e38d4000976.AWCN1_1|spdy_0rtt_acs]
D/awcn.TnetSpdySession( 2877): |[seq:umeng:56aadbf567e58e38d4000976.AWCN1_1] ping host:https://umengacs.m.taobao.com thread:AWCN Scheduler1
D/awcn.TnetSpdySession( 2877): |[seq:umeng:56aadbf567e58e38d4000976.AWCN1_1] https://umengacs.m.taobao.com submit ping ms:45055 force:true
D/awcn.DefaultHeartbeatImpl( 2877): |[seq:umeng:56aadbf567e58e38d4000976.AWCN1_1] reSchedule session:Session@[umeng:56aadbf567e58e38d4000976.AWCN1_1|spdy_0rtt_acs] delay:45055
I/awcn.TnetSpdySession( 2877): |[seq:umeng:56aadbf567e58e38d4000976.AWCN1_1] ping receive Host:https://umengacs.m.taobao.com id:587
D/awcn.DefaultHeartbeatImpl( 2877): |[seq:umeng:56aadbf567e58e38d4000976.AWCN1_1] heartbeat session:Session@[umeng:56aadbf567e58e38d4000976.AWCN1_1|spdy_0rtt_acs]
D/awcn.TnetSpdySession( 2877): |[seq:umeng:56aadbf567e58e38d4000976.AWCN1_1] ping host:https://umengacs.m.taobao.com thread:AWCN Scheduler1
D/awcn.TnetSpdySession( 2877): |[seq:umeng:56aadbf567e58e38d4000976.AWCN1_1] https://umengacs.m.taobao.com submit ping ms:45052 force:true
D/awcn.DefaultHeartbeatImpl( 2877): |[seq:umeng:56aadbf567e58e38d4000976.AWCN1_1] reSchedule session:Session@[umeng:56aadbf567e58e38d4000976.AWCN1_1|spdy_0rtt_acs] delay:45052
I/awcn.TnetSpdySession( 2877): |[seq:umeng:56aadbf567e58e38d4000976.AWCN1_1] ping receive Host:https://umengacs.m.taobao.com id:589
D/awcn.DefaultHeartbeatImpl( 2877): |[seq:umeng:56aadbf567e58e38d4000976.AWCN1_1] heartbeat session:Session@[umeng:56aadbf567e58e38d4000976.AWCN1_1|spdy_0rtt_acs]
D/awcn.TnetSpdySession( 2877): |[seq:umeng:56aadbf567e58e38d4000976.AWCN1_1] ping host:https://umengacs.m.taobao.com thread:AWCN Scheduler1
D/awcn.TnetSpdySession( 2877): |[seq:umeng:56aadbf567e58e38d4000976.AWCN1_1] https://umengacs.m.taobao.com submit ping ms:45050 force:true
D/awcn.DefaultHeartbeatImpl( 2877): |[seq:umeng:56aadbf567e58e38d4000976.AWCN1_1] reSchedule session:Session@[umeng:56aadbf567e58e38d4000976.AWCN1_1|spdy_0rtt_acs] delay:45050
I/awcn.TnetSpdySession( 2877): |[seq:umeng:56aadbf567e58e38d4000976.AWCN1_1] ping receive Host:https://umengacs.m.taobao.com id:591
D/awcn.DefaultHeartbeatImpl( 2877): |[seq:umeng:56aadbf567e58e38d4000976.AWCN1_1] heartbeat session:Session@[umeng:56aadbf567e58e38d4000976.AWCN1_1|spdy_0rtt_acs]
D/awcn.TnetSpdySession( 2877): |[seq:umeng:56aadbf567e58e38d4000976.AWCN1_1] ping host:https://umengacs.m.taobao.com thread:AWCN Scheduler1
D/awcn.TnetSpdySession( 2877): |[seq:umeng:56aadbf567e58e38d4000976.AWCN1_1] https://umengacs.m.taobao.com submit ping ms:45052 force:true
D/awcn.DefaultHeartbeatImpl( 2877): |[seq:umeng:56aadbf567e58e38d4000976.AWCN1_1] reSchedule session:Session@[umeng:56aadbf567e58e38d4000976.AWCN1_1|spdy_0rtt_acs] delay:45052
I/awcn.TnetSpdySession( 2877): |[seq:umeng:56aadbf567e58e38d4000976.AWCN1_1] ping receive Host:https://umengacs.m.taobao.com id:593
I/tnet-jni( 1218): 101 - [spdyPingRecvCallback] - 
I/tnet-jni( 1218): 101 - [SpdySessionCallBack.spdyPingRecvCallback] - org.android.spdy.SpdySession@1aadeaa8
D/accs.SpdyConnection( 1218):  spdyPingRecvCallback uniId:210
D/accs.MessageHandler( 1218):  onRcvPing
D/accs.HeartbeatManager( 1218):  onHeartbeatSucc
D/accs.OrangeAdapter( 1218):  isSmartHb result:true
D/accs.HeartbeatManager( 1218):  set 480
I/tnet-jni( 1301): 101 - [spdyPingRecvCallback] - 
I/tnet-jni( 1301): 101 - [SpdySessionCallBack.spdyPingRecvCallback] - org.android.spdy.SpdySession@37b553dc
D/accs.SilenceConn_umeng:56aadbf567e58e38d4000976( 1301):  spdyPingRecvCallback uniId:210
D/accs.MsgRecv_umeng:56aadbf567e58e38d4000976( 1301):  onRcvPing
D/accs.HeartbeatManager( 1301):  onHeartbeatSucc
D/accs.OrangeAdapter( 1301):  isSmartHb result:true
D/accs.HeartbeatManager( 1301):  set 480
D/NetworkMonitor/NetworkAgentInfo [WIFI () - 100](  595): OfflineState{ when=-67ms what=532488 arg2=1 target=com.android.internal.util.StateMachine$SmHandler }
D/NetworkMonitor/NetworkAgentInfo [WIFI () - 100](  595): DefaultState{ when=-67ms what=532488 arg2=1 target=com.android.internal.util.StateMachine$SmHandler }
D/NetworkMonitor/NetworkAgentInfo [WIFI () - 100](  595): Forcing reevaluation
D/NetworkMonitor/NetworkAgentInfo [WIFI () - 100](  595): EvaluatingState{ when=0 what=532486 arg1=41 target=com.android.internal.util.StateMachine$SmHandler }
D/NetworkMonitor/NetworkAgentInfo [WIFI () - 100](  595): Checking http://connectivitycheck.android.com/generate_204 on "WiredSSID"
D/NetworkMonitor/NetworkAgentInfo [WIFI () - 100](  595): Probably not a portal: exception java.net.SocketTimeoutException: failed to connect to connectivitycheck.android.com/172.217.27.142 (port 80) after 10000ms
D/ConnectivityService(  595): setProvNotificationVisibleIntent: E visible=false networkType=0 extraInfo=null
D/awcn.DefaultHeartbeatImpl( 2877): |[seq:umeng:56aadbf567e58e38d4000976.AWCN1_1] heartbeat session:Session@[umeng:56aadbf567e58e38d4000976.AWCN1_1|spdy_0rtt_acs]
D/awcn.TnetSpdySession( 2877): |[seq:umeng:56aadbf567e58e38d4000976.AWCN1_1] ping host:https://umengacs.m.taobao.com thread:AWCN Scheduler1
D/awcn.TnetSpdySession( 2877): |[seq:umeng:56aadbf567e58e38d4000976.AWCN1_1] https://umengacs.m.taobao.com submit ping ms:45051 force:true
D/awcn.DefaultHeartbeatImpl( 2877): |[seq:umeng:56aadbf567e58e38d4000976.AWCN1_1] reSchedule session:Session@[umeng:56aadbf567e58e38d4000976.AWCN1_1|spdy_0rtt_acs] delay:45051
I/awcn.TnetSpdySession( 2877): |[seq:umeng:56aadbf567e58e38d4000976.AWCN1_1] ping receive Host:https://umengacs.m.taobao.com id:595
D/awcn.DefaultHeartbeatImpl( 2877): |[seq:umeng:56aadbf567e58e38d4000976.AWCN1_1] heartbeat session:Session@[umeng:56aadbf567e58e38d4000976.AWCN1_1|spdy_0rtt_acs]
D/awcn.TnetSpdySession( 2877): |[seq:umeng:56aadbf567e58e38d4000976.AWCN1_1] ping host:https://umengacs.m.taobao.com thread:AWCN Scheduler1
D/awcn.TnetSpdySession( 2877): |[seq:umeng:56aadbf567e58e38d4000976.AWCN1_1] https://umengacs.m.taobao.com submit ping ms:45051 force:true
D/awcn.DefaultHeartbeatImpl( 2877): |[seq:umeng:56aadbf567e58e38d4000976.AWCN1_1] reSchedule session:Session@[umeng:56aadbf567e58e38d4000976.AWCN1_1|spdy_0rtt_acs] delay:45051
I/awcn.TnetSpdySession( 2877): |[seq:umeng:56aadbf567e58e38d4000976.AWCN1_1] ping receive Host:https://umengacs.m.taobao.com id:597
D/awcn.DefaultHeartbeatImpl( 2877): |[seq:umeng:56aadbf567e58e38d4000976.AWCN1_1] heartbeat session:Session@[umeng:56aadbf567e58e38d4000976.AWCN1_1|spdy_0rtt_acs]
D/awcn.TnetSpdySession( 2877): |[seq:umeng:56aadbf567e58e38d4000976.AWCN1_1] ping host:https://umengacs.m.taobao.com thread:AWCN Scheduler1
D/awcn.TnetSpdySession( 2877): |[seq:umeng:56aadbf567e58e38d4000976.AWCN1_1] https://umengacs.m.taobao.com submit ping ms:45051 force:true
D/awcn.DefaultHeartbeatImpl( 2877): |[seq:umeng:56aadbf567e58e38d4000976.AWCN1_1] reSchedule session:Session@[umeng:56aadbf567e58e38d4000976.AWCN1_1|spdy_0rtt_acs] delay:45052
I/awcn.TnetSpdySession( 2877): |[seq:umeng:56aadbf567e58e38d4000976.AWCN1_1] ping receive Host:https://umengacs.m.taobao.com id:599
D/awcn.DefaultHeartbeatImpl( 2877): |[seq:umeng:56aadbf567e58e38d4000976.AWCN1_1] heartbeat session:Session@[umeng:56aadbf567e58e38d4000976.AWCN1_1|spdy_0rtt_acs]
D/awcn.TnetSpdySession( 2877): |[seq:umeng:56aadbf567e58e38d4000976.AWCN1_1] ping host:https://umengacs.m.taobao.com thread:AWCN Scheduler1
D/awcn.TnetSpdySession( 2877): |[seq:umeng:56aadbf567e58e38d4000976.AWCN1_1] https://umengacs.m.taobao.com submit ping ms:45051 force:true
D/awcn.DefaultHeartbeatImpl( 2877): |[seq:umeng:56aadbf567e58e38d4000976.AWCN1_1] reSchedule session:Session@[umeng:56aadbf567e58e38d4000976.AWCN1_1|spdy_0rtt_acs] delay:45051
I/awcn.TnetSpdySession( 2877): |[seq:umeng:56aadbf567e58e38d4000976.AWCN1_1] ping receive Host:https://umengacs.m.taobao.com id:601
D/awcn.DefaultHeartbeatImpl( 2877): |[seq:umeng:56aadbf567e58e38d4000976.AWCN1_1] heartbeat session:Session@[umeng:56aadbf567e58e38d4000976.AWCN1_1|spdy_0rtt_acs]
D/awcn.TnetSpdySession( 2877): |[seq:umeng:56aadbf567e58e38d4000976.AWCN1_1] ping host:https://umengacs.m.taobao.com thread:AWCN Scheduler1
D/awcn.TnetSpdySession( 2877): |[seq:umeng:56aadbf567e58e38d4000976.AWCN1_1] https://umengacs.m.taobao.com submit ping ms:45050 force:true
D/awcn.DefaultHeartbeatImpl( 2877): |[seq:umeng:56aadbf567e58e38d4000976.AWCN1_1] reSchedule session:Session@[umeng:56aadbf567e58e38d4000976.AWCN1_1|spdy_0rtt_acs] delay:45050
I/awcn.TnetSpdySession( 2877): |[seq:umeng:56aadbf567e58e38d4000976.AWCN1_1] ping receive Host:https://umengacs.m.taobao.com id:603
I/tnet-jni( 1218): 101 - [spdyPingRecvCallback] - 
I/tnet-jni( 1218): 101 - [SpdySessionCallBack.spdyPingRecvCallback] - org.android.spdy.SpdySession@1aadeaa8
D/accs.SpdyConnection( 1218):  spdyPingRecvCallback uniId:212
D/accs.MessageHandler( 1218):  onRcvPing
D/accs.HeartbeatManager( 1218):  onHeartbeatSucc
D/accs.OrangeAdapter( 1218):  isSmartHb result:true
D/accs.HeartbeatManager( 1218):  set 480
D/accs.UtilityImpl( 1218):  setServiceTime:1512059102294
I/tnet-jni( 1301): 101 - [spdyPingRecvCallback] - 
I/tnet-jni( 1301): 101 - [SpdySessionCallBack.spdyPingRecvCallback] - org.android.spdy.SpdySession@37b553dc
D/accs.SilenceConn_umeng:56aadbf567e58e38d4000976( 1301):  spdyPingRecvCallback uniId:212
D/accs.MsgRecv_umeng:56aadbf567e58e38d4000976( 1301):  onRcvPing
D/accs.HeartbeatManager( 1301):  onHeartbeatSucc
D/accs.OrangeAdapter( 1301):  isSmartHb result:true
D/accs.HeartbeatManager( 1301):  set 480
D/accs.UtilityImpl( 1301):  setServiceTime:1512059103243
D/awcn.DefaultHeartbeatImpl( 2877): |[seq:umeng:56aadbf567e58e38d4000976.AWCN1_1] heartbeat session:Session@[umeng:56aadbf567e58e38d4000976.AWCN1_1|spdy_0rtt_acs]
D/awcn.TnetSpdySession( 2877): |[seq:umeng:56aadbf567e58e38d4000976.AWCN1_1] ping host:https://umengacs.m.taobao.com thread:AWCN Scheduler1
D/awcn.TnetSpdySession( 2877): |[seq:umeng:56aadbf567e58e38d4000976.AWCN1_1] https://umengacs.m.taobao.com submit ping ms:45052 force:true
D/awcn.DefaultHeartbeatImpl( 2877): |[seq:umeng:56aadbf567e58e38d4000976.AWCN1_1] reSchedule session:Session@[umeng:56aadbf567e58e38d4000976.AWCN1_1|spdy_0rtt_acs] delay:45052
I/awcn.TnetSpdySession( 2877): |[seq:umeng:56aadbf567e58e38d4000976.AWCN1_1] ping receive Host:https://umengacs.m.taobao.com id:605
D/awcn.DefaultHeartbeatImpl( 2877): |[seq:umeng:56aadbf567e58e38d4000976.AWCN1_1] heartbeat session:Session@[umeng:56aadbf567e58e38d4000976.AWCN1_1|spdy_0rtt_acs]
D/awcn.TnetSpdySession( 2877): |[seq:umeng:56aadbf567e58e38d4000976.AWCN1_1] ping host:https://umengacs.m.taobao.com thread:AWCN Scheduler1
D/awcn.TnetSpdySession( 2877): |[seq:umeng:56aadbf567e58e38d4000976.AWCN1_1] https://umengacs.m.taobao.com submit ping ms:45050 force:true
D/awcn.DefaultHeartbeatImpl( 2877): |[seq:umeng:56aadbf567e58e38d4000976.AWCN1_1] reSchedule session:Session@[umeng:56aadbf567e58e38d4000976.AWCN1_1|spdy_0rtt_acs] delay:45050
I/awcn.TnetSpdySession( 2877): |[seq:umeng:56aadbf567e58e38d4000976.AWCN1_1] ping receive Host:https://umengacs.m.taobao.com id:607
I/ProcessStatsService(  595): Prepared write state in 0ms
D/awcn.DefaultHeartbeatImpl( 2877): |[seq:umeng:56aadbf567e58e38d4000976.AWCN1_1] heartbeat session:Session@[umeng:56aadbf567e58e38d4000976.AWCN1_1|spdy_0rtt_acs]
D/awcn.TnetSpdySession( 2877): |[seq:umeng:56aadbf567e58e38d4000976.AWCN1_1] ping host:https://umengacs.m.taobao.com thread:AWCN Scheduler1
D/awcn.TnetSpdySession( 2877): |[seq:umeng:56aadbf567e58e38d4000976.AWCN1_1] https://umengacs.m.taobao.com submit ping ms:45050 force:true
D/awcn.DefaultHeartbeatImpl( 2877): |[seq:umeng:56aadbf567e58e38d4000976.AWCN1_1] reSchedule session:Session@[umeng:56aadbf567e58e38d4000976.AWCN1_1|spdy_0rtt_acs] delay:45050
I/awcn.TnetSpdySession( 2877): |[seq:umeng:56aadbf567e58e38d4000976.AWCN1_1] ping receive Host:https://umengacs.m.taobao.com id:609
D/awcn.DefaultHeartbeatImpl( 2877): |[seq:umeng:56aadbf567e58e38d4000976.AWCN1_1] heartbeat session:Session@[umeng:56aadbf567e58e38d4000976.AWCN1_1|spdy_0rtt_acs]
D/awcn.TnetSpdySession( 2877): |[seq:umeng:56aadbf567e58e38d4000976.AWCN1_1] ping host:https://umengacs.m.taobao.com thread:AWCN Scheduler1
D/awcn.TnetSpdySession( 2877): |[seq:umeng:56aadbf567e58e38d4000976.AWCN1_1] https://umengacs.m.taobao.com submit ping ms:45051 force:true
D/awcn.DefaultHeartbeatImpl( 2877): |[seq:umeng:56aadbf567e58e38d4000976.AWCN1_1] reSchedule session:Session@[umeng:56aadbf567e58e38d4000976.AWCN1_1|spdy_0rtt_acs] delay:45051
I/awcn.TnetSpdySession( 2877): |[seq:umeng:56aadbf567e58e38d4000976.AWCN1_1] ping receive Host:https://umengacs.m.taobao.com id:611
I/tnet-jni( 1218): 101 - [spdyPingRecvCallback] - 
I/tnet-jni( 1218): 101 - [SpdySessionCallBack.spdyPingRecvCallback] - org.android.spdy.SpdySession@1aadeaa8
D/accs.SpdyConnection( 1218):  spdyPingRecvCallback uniId:214
D/accs.MessageHandler( 1218):  onRcvPing
D/accs.HeartbeatManager( 1218):  onHeartbeatSucc
D/accs.OrangeAdapter( 1218):  isSmartHb result:true
D/accs.HeartbeatManager( 1218):  set 480
I/tnet-jni( 1301): 101 - [spdyPingRecvCallback] - 
I/tnet-jni( 1301): 101 - [SpdySessionCallBack.spdyPingRecvCallback] - org.android.spdy.SpdySession@37b553dc
D/accs.SilenceConn_umeng:56aadbf567e58e38d4000976( 1301):  spdyPingRecvCallback uniId:214
D/accs.MsgRecv_umeng:56aadbf567e58e38d4000976( 1301):  onRcvPing
D/accs.HeartbeatManager( 1301):  onHeartbeatSucc
D/accs.OrangeAdapter( 1301):  isSmartHb result:true
D/accs.HeartbeatManager( 1301):  set 480
D/awcn.DefaultHeartbeatImpl( 2877): |[seq:umeng:56aadbf567e58e38d4000976.AWCN1_1] heartbeat session:Session@[umeng:56aadbf567e58e38d4000976.AWCN1_1|spdy_0rtt_acs]
D/awcn.TnetSpdySession( 2877): |[seq:umeng:56aadbf567e58e38d4000976.AWCN1_1] ping host:https://umengacs.m.taobao.com thread:AWCN Scheduler1
D/awcn.TnetSpdySession( 2877): |[seq:umeng:56aadbf567e58e38d4000976.AWCN1_1] https://umengacs.m.taobao.com submit ping ms:45050 force:true
D/awcn.DefaultHeartbeatImpl( 2877): |[seq:umeng:56aadbf567e58e38d4000976.AWCN1_1] reSchedule session:Session@[umeng:56aadbf567e58e38d4000976.AWCN1_1|spdy_0rtt_acs] delay:45050
I/awcn.TnetSpdySession( 2877): |[seq:umeng:56aadbf567e58e38d4000976.AWCN1_1] ping receive Host:https://umengacs.m.taobao.com id:613
D/awcn.DefaultHeartbeatImpl( 2877): |[seq:umeng:56aadbf567e58e38d4000976.AWCN1_1] heartbeat session:Session@[umeng:56aadbf567e58e38d4000976.AWCN1_1|spdy_0rtt_acs]
D/awcn.TnetSpdySession( 2877): |[seq:umeng:56aadbf567e58e38d4000976.AWCN1_1] ping host:https://umengacs.m.taobao.com thread:AWCN Scheduler1
D/awcn.TnetSpdySession( 2877): |[seq:umeng:56aadbf567e58e38d4000976.AWCN1_1] https://umengacs.m.taobao.com submit ping ms:45051 force:true
D/awcn.DefaultHeartbeatImpl( 2877): |[seq:umeng:56aadbf567e58e38d4000976.AWCN1_1] reSchedule session:Session@[umeng:56aadbf567e58e38d4000976.AWCN1_1|spdy_0rtt_acs] delay:45051
I/awcn.TnetSpdySession( 2877): |[seq:umeng:56aadbf567e58e38d4000976.AWCN1_1] ping receive Host:https://umengacs.m.taobao.com id:615
D/awcn.DefaultHeartbeatImpl( 2877): |[seq:umeng:56aadbf567e58e38d4000976.AWCN1_1] heartbeat session:Session@[umeng:56aadbf567e58e38d4000976.AWCN1_1|spdy_0rtt_acs]
D/awcn.TnetSpdySession( 2877): |[seq:umeng:56aadbf567e58e38d4000976.AWCN1_1] ping host:https://umengacs.m.taobao.com thread:AWCN Scheduler1
D/awcn.TnetSpdySession( 2877): |[seq:umeng:56aadbf567e58e38d4000976.AWCN1_1] https://umengacs.m.taobao.com submit ping ms:45052 force:true
D/awcn.DefaultHeartbeatImpl( 2877): |[seq:umeng:56aadbf567e58e38d4000976.AWCN1_1] reSchedule session:Session@[umeng:56aadbf567e58e38d4000976.AWCN1_1|spdy_0rtt_acs] delay:45052
I/awcn.TnetSpdySession( 2877): |[seq:umeng:56aadbf567e58e38d4000976.AWCN1_1] ping receive Host:https://umengacs.m.taobao.com id:617
D/awcn.DefaultHeartbeatImpl( 2877): |[seq:umeng:56aadbf567e58e38d4000976.AWCN1_1] heartbeat session:Session@[umeng:56aadbf567e58e38d4000976.AWCN1_1|spdy_0rtt_acs]
D/awcn.TnetSpdySession( 2877): |[seq:umeng:56aadbf567e58e38d4000976.AWCN1_1] ping host:https://umengacs.m.taobao.com thread:AWCN Scheduler1
D/awcn.TnetSpdySession( 2877): |[seq:umeng:56aadbf567e58e38d4000976.AWCN1_1] https://umengacs.m.taobao.com submit ping ms:45051 force:true
D/awcn.DefaultHeartbeatImpl( 2877): |[seq:umeng:56aadbf567e58e38d4000976.AWCN1_1] reSchedule session:Session@[umeng:56aadbf567e58e38d4000976.AWCN1_1|spdy_0rtt_acs] delay:45051
I/awcn.TnetSpdySession( 2877): |[seq:umeng:56aadbf567e58e38d4000976.AWCN1_1] ping receive Host:https://umengacs.m.taobao.com id:619
D/awcn.DefaultHeartbeatImpl( 2877): |[seq:umeng:56aadbf567e58e38d4000976.AWCN1_1] heartbeat session:Session@[umeng:56aadbf567e58e38d4000976.AWCN1_1|spdy_0rtt_acs]
D/awcn.TnetSpdySession( 2877): |[seq:umeng:56aadbf567e58e38d4000976.AWCN1_1] ping host:https://umengacs.m.taobao.com thread:AWCN Scheduler1
D/awcn.TnetSpdySession( 2877): |[seq:umeng:56aadbf567e58e38d4000976.AWCN1_1] https://umengacs.m.taobao.com submit ping ms:45052 force:true
D/awcn.DefaultHeartbeatImpl( 2877): |[seq:umeng:56aadbf567e58e38d4000976.AWCN1_1] reSchedule session:Session@[umeng:56aadbf567e58e38d4000976.AWCN1_1|spdy_0rtt_acs] delay:45052
I/awcn.TnetSpdySession( 2877): |[seq:umeng:56aadbf567e58e38d4000976.AWCN1_1] ping receive Host:https://umengacs.m.taobao.com id:621
D/NetworkMonitor/NetworkAgentInfo [WIFI () - 100](  595): OfflineState{ when=-83ms what=532488 arg2=1 target=com.android.internal.util.StateMachine$SmHandler }
D/NetworkMonitor/NetworkAgentInfo [WIFI () - 100](  595): DefaultState{ when=-83ms what=532488 arg2=1 target=com.android.internal.util.StateMachine$SmHandler }
D/NetworkMonitor/NetworkAgentInfo [WIFI () - 100](  595): Forcing reevaluation
D/NetworkMonitor/NetworkAgentInfo [WIFI () - 100](  595): EvaluatingState{ when=0 what=532486 arg1=42 target=com.android.internal.util.StateMachine$SmHandler }
D/NetworkMonitor/NetworkAgentInfo [WIFI () - 100](  595): Checking http://connectivitycheck.android.com/generate_204 on "WiredSSID"
D/NetworkMonitor/NetworkAgentInfo [WIFI () - 100](  595): Probably not a portal: exception java.net.SocketTimeoutException: failed to connect to connectivitycheck.android.com/172.217.24.14 (port 80) after 10000ms
D/ConnectivityService(  595): setProvNotificationVisibleIntent: E visible=false networkType=0 extraInfo=null
I/tnet-jni( 1218): 101 - [spdyPingRecvCallback] - 
I/tnet-jni( 1218): 101 - [SpdySessionCallBack.spdyPingRecvCallback] - org.android.spdy.SpdySession@1aadeaa8
D/accs.SpdyConnection( 1218):  spdyPingRecvCallback uniId:216
D/accs.MessageHandler( 1218):  onRcvPing
D/accs.HeartbeatManager( 1218):  onHeartbeatSucc
D/accs.OrangeAdapter( 1218):  isSmartHb result:true
D/accs.HeartbeatManager( 1218):  set 480
D/accs.UtilityImpl( 1218):  setServiceTime:1512059522344
I/tnet-jni( 1301): 101 - [spdyPingRecvCallback] - 
I/tnet-jni( 1301): 101 - [SpdySessionCallBack.spdyPingRecvCallback] - org.android.spdy.SpdySession@37b553dc
D/accs.SilenceConn_umeng:56aadbf567e58e38d4000976( 1301):  spdyPingRecvCallback uniId:216
D/accs.MsgRecv_umeng:56aadbf567e58e38d4000976( 1301):  onRcvPing
D/accs.HeartbeatManager( 1301):  onHeartbeatSucc
D/accs.OrangeAdapter( 1301):  isSmartHb result:true
D/accs.HeartbeatManager( 1301):  set 480
D/accs.UtilityImpl( 1301):  setServiceTime:1512059523281
D/awcn.DefaultHeartbeatImpl( 2877): |[seq:umeng:56aadbf567e58e38d4000976.AWCN1_1] heartbeat session:Session@[umeng:56aadbf567e58e38d4000976.AWCN1_1|spdy_0rtt_acs]
D/awcn.TnetSpdySession( 2877): |[seq:umeng:56aadbf567e58e38d4000976.AWCN1_1] ping host:https://umengacs.m.taobao.com thread:AWCN Scheduler1
D/awcn.TnetSpdySession( 2877): |[seq:umeng:56aadbf567e58e38d4000976.AWCN1_1] https://umengacs.m.taobao.com submit ping ms:45050 force:true
D/awcn.DefaultHeartbeatImpl( 2877): |[seq:umeng:56aadbf567e58e38d4000976.AWCN1_1] reSchedule session:Session@[umeng:56aadbf567e58e38d4000976.AWCN1_1|spdy_0rtt_acs] delay:45050
I/awcn.TnetSpdySession( 2877): |[seq:umeng:56aadbf567e58e38d4000976.AWCN1_1] ping receive Host:https://umengacs.m.taobao.com id:623
D/awcn.DefaultHeartbeatImpl( 2877): |[seq:umeng:56aadbf567e58e38d4000976.AWCN1_1] heartbeat session:Session@[umeng:56aadbf567e58e38d4000976.AWCN1_1|spdy_0rtt_acs]
D/awcn.TnetSpdySession( 2877): |[seq:umeng:56aadbf567e58e38d4000976.AWCN1_1] ping host:https://umengacs.m.taobao.com thread:AWCN Scheduler1
D/awcn.TnetSpdySession( 2877): |[seq:umeng:56aadbf567e58e38d4000976.AWCN1_1] https://umengacs.m.taobao.com submit ping ms:45050 force:true
D/awcn.DefaultHeartbeatImpl( 2877): |[seq:umeng:56aadbf567e58e38d4000976.AWCN1_1] reSchedule session:Session@[umeng:56aadbf567e58e38d4000976.AWCN1_1|spdy_0rtt_acs] delay:45050
I/awcn.TnetSpdySession( 2877): |[seq:umeng:56aadbf567e58e38d4000976.AWCN1_1] ping receive Host:https://umengacs.m.taobao.com id:625
D/awcn.DefaultHeartbeatImpl( 2877): |[seq:umeng:56aadbf567e58e38d4000976.AWCN1_1] heartbeat session:Session@[umeng:56aadbf567e58e38d4000976.AWCN1_1|spdy_0rtt_acs]
D/awcn.TnetSpdySession( 2877): |[seq:umeng:56aadbf567e58e38d4000976.AWCN1_1] ping host:https://umengacs.m.taobao.com thread:AWCN Scheduler1
D/awcn.TnetSpdySession( 2877): |[seq:umeng:56aadbf567e58e38d4000976.AWCN1_1] https://umengacs.m.taobao.com submit ping ms:45050 force:true
D/awcn.DefaultHeartbeatImpl( 2877): |[seq:umeng:56aadbf567e58e38d4000976.AWCN1_1] reSchedule session:Session@[umeng:56aadbf567e58e38d4000976.AWCN1_1|spdy_0rtt_acs] delay:45050
I/awcn.TnetSpdySession( 2877): |[seq:umeng:56aadbf567e58e38d4000976.AWCN1_1] ping receive Host:https://umengacs.m.taobao.com id:627
D/awcn.DefaultHeartbeatImpl( 2877): |[seq:umeng:56aadbf567e58e38d4000976.AWCN1_1] heartbeat session:Session@[umeng:56aadbf567e58e38d4000976.AWCN1_1|spdy_0rtt_acs]
D/awcn.TnetSpdySession( 2877): |[seq:umeng:56aadbf567e58e38d4000976.AWCN1_1] ping host:https://umengacs.m.taobao.com thread:AWCN Scheduler1
D/awcn.TnetSpdySession( 2877): |[seq:umeng:56aadbf567e58e38d4000976.AWCN1_1] https://umengacs.m.taobao.com submit ping ms:45051 force:true
D/awcn.DefaultHeartbeatImpl( 2877): |[seq:umeng:56aadbf567e58e38d4000976.AWCN1_1] reSchedule session:Session@[umeng:56aadbf567e58e38d4000976.AWCN1_1|spdy_0rtt_acs] delay:45052
I/awcn.TnetSpdySession( 2877): |[seq:umeng:56aadbf567e58e38d4000976.AWCN1_1] ping receive Host:https://umengacs.m.taobao.com id:629
D/awcn.DefaultHeartbeatImpl( 2877): |[seq:umeng:56aadbf567e58e38d4000976.AWCN1_1] heartbeat session:Session@[umeng:56aadbf567e58e38d4000976.AWCN1_1|spdy_0rtt_acs]
D/awcn.TnetSpdySession( 2877): |[seq:umeng:56aadbf567e58e38d4000976.AWCN1_1] ping host:https://umengacs.m.taobao.com thread:AWCN Scheduler1
D/awcn.TnetSpdySession( 2877): |[seq:umeng:56aadbf567e58e38d4000976.AWCN1_1] https://umengacs.m.taobao.com submit ping ms:45050 force:true
D/awcn.DefaultHeartbeatImpl( 2877): |[seq:umeng:56aadbf567e58e38d4000976.AWCN1_1] reSchedule session:Session@[umeng:56aadbf567e58e38d4000976.AWCN1_1|spdy_0rtt_acs] delay:45050
I/awcn.TnetSpdySession( 2877): |[seq:umeng:56aadbf567e58e38d4000976.AWCN1_1] ping receive Host:https://umengacs.m.taobao.com id:631
I/tnet-jni( 1218): 101 - [spdyPingRecvCallback] - 
I/tnet-jni( 1218): 101 - [SpdySessionCallBack.spdyPingRecvCallback] - org.android.spdy.SpdySession@1aadeaa8
D/accs.SpdyConnection( 1218):  spdyPingRecvCallback uniId:218
D/accs.MessageHandler( 1218):  onRcvPing
D/accs.HeartbeatManager( 1218):  onHeartbeatSucc
D/accs.OrangeAdapter( 1218):  isSmartHb result:true
D/accs.HeartbeatManager( 1218):  set 480
I/tnet-jni( 1301): 101 - [spdyPingRecvCallback] - 
I/tnet-jni( 1301): 101 - [SpdySessionCallBack.spdyPingRecvCallback] - org.android.spdy.SpdySession@37b553dc
D/accs.SilenceConn_umeng:56aadbf567e58e38d4000976( 1301):  spdyPingRecvCallback uniId:218
D/accs.MsgRecv_umeng:56aadbf567e58e38d4000976( 1301):  onRcvPing
D/accs.HeartbeatManager( 1301):  onHeartbeatSucc
D/accs.OrangeAdapter( 1301):  isSmartHb result:true
D/accs.HeartbeatManager( 1301):  set 480
D/awcn.DefaultHeartbeatImpl( 2877): |[seq:umeng:56aadbf567e58e38d4000976.AWCN1_1] heartbeat session:Session@[umeng:56aadbf567e58e38d4000976.AWCN1_1|spdy_0rtt_acs]
D/awcn.TnetSpdySession( 2877): |[seq:umeng:56aadbf567e58e38d4000976.AWCN1_1] ping host:https://umengacs.m.taobao.com thread:AWCN Scheduler1
D/awcn.TnetSpdySession( 2877): |[seq:umeng:56aadbf567e58e38d4000976.AWCN1_1] https://umengacs.m.taobao.com submit ping ms:45050 force:true
D/awcn.DefaultHeartbeatImpl( 2877): |[seq:umeng:56aadbf567e58e38d4000976.AWCN1_1] reSchedule session:Session@[umeng:56aadbf567e58e38d4000976.AWCN1_1|spdy_0rtt_acs] delay:45050
I/awcn.TnetSpdySession( 2877): |[seq:umeng:56aadbf567e58e38d4000976.AWCN1_1] ping receive Host:https://umengacs.m.taobao.com id:633
D/awcn.DefaultHeartbeatImpl( 2877): |[seq:umeng:56aadbf567e58e38d4000976.AWCN1_1] heartbeat session:Session@[umeng:56aadbf567e58e38d4000976.AWCN1_1|spdy_0rtt_acs]
D/awcn.TnetSpdySession( 2877): |[seq:umeng:56aadbf567e58e38d4000976.AWCN1_1] ping host:https://umengacs.m.taobao.com thread:AWCN Scheduler1
D/awcn.TnetSpdySession( 2877): |[seq:umeng:56aadbf567e58e38d4000976.AWCN1_1] https://umengacs.m.taobao.com submit ping ms:45054 force:true
D/awcn.DefaultHeartbeatImpl( 2877): |[seq:umeng:56aadbf567e58e38d4000976.AWCN1_1] reSchedule session:Session@[umeng:56aadbf567e58e38d4000976.AWCN1_1|spdy_0rtt_acs] delay:45054
I/awcn.TnetSpdySession( 2877): |[seq:umeng:56aadbf567e58e38d4000976.AWCN1_1] ping receive Host:https://umengacs.m.taobao.com id:635
D/awcn.DefaultHeartbeatImpl( 2877): |[seq:umeng:56aadbf567e58e38d4000976.AWCN1_1] heartbeat session:Session@[umeng:56aadbf567e58e38d4000976.AWCN1_1|spdy_0rtt_acs]
D/awcn.TnetSpdySession( 2877): |[seq:umeng:56aadbf567e58e38d4000976.AWCN1_1] ping host:https://umengacs.m.taobao.com thread:AWCN Scheduler1
D/awcn.TnetSpdySession( 2877): |[seq:umeng:56aadbf567e58e38d4000976.AWCN1_1] https://umengacs.m.taobao.com submit ping ms:45050 force:true
D/awcn.DefaultHeartbeatImpl( 2877): |[seq:umeng:56aadbf567e58e38d4000976.AWCN1_1] reSchedule session:Session@[umeng:56aadbf567e58e38d4000976.AWCN1_1|spdy_0rtt_acs] delay:45050
I/awcn.TnetSpdySession( 2877): |[seq:umeng:56aadbf567e58e38d4000976.AWCN1_1] ping receive Host:https://umengacs.m.taobao.com id:637
D/awcn.DefaultHeartbeatImpl( 2877): |[seq:umeng:56aadbf567e58e38d4000976.AWCN1_1] heartbeat session:Session@[umeng:56aadbf567e58e38d4000976.AWCN1_1|spdy_0rtt_acs]
D/awcn.TnetSpdySession( 2877): |[seq:umeng:56aadbf567e58e38d4000976.AWCN1_1] ping host:https://umengacs.m.taobao.com thread:AWCN Scheduler1
D/awcn.TnetSpdySession( 2877): |[seq:umeng:56aadbf567e58e38d4000976.AWCN1_1] https://umengacs.m.taobao.com submit ping ms:45051 force:true
D/awcn.DefaultHeartbeatImpl( 2877): |[seq:umeng:56aadbf567e58e38d4000976.AWCN1_1] reSchedule session:Session@[umeng:56aadbf567e58e38d4000976.AWCN1_1|spdy_0rtt_acs] delay:45051
I/awcn.TnetSpdySession( 2877): |[seq:umeng:56aadbf567e58e38d4000976.AWCN1_1] ping receive Host:https://umengacs.m.taobao.com id:639
I/tnet-jni( 1218): 101 - [spdyPingRecvCallback] - 
I/tnet-jni( 1218): 101 - [SpdySessionCallBack.spdyPingRecvCallback] - org.android.spdy.SpdySession@1aadeaa8
D/accs.SpdyConnection( 1218):  spdyPingRecvCallback uniId:220
D/accs.MessageHandler( 1218):  onRcvPing
D/accs.HeartbeatManager( 1218):  onHeartbeatSucc
D/accs.OrangeAdapter( 1218):  isSmartHb result:true
D/accs.HeartbeatManager( 1218):  set 480
D/accs.UtilityImpl( 1218):  setServiceTime:1512059942415
I/tnet-jni( 1301): 101 - [spdyPingRecvCallback] - 
I/tnet-jni( 1301): 101 - [SpdySessionCallBack.spdyPingRecvCallback] - org.android.spdy.SpdySession@37b553dc
D/accs.SilenceConn_umeng:56aadbf567e58e38d4000976( 1301):  spdyPingRecvCallback uniId:220
D/accs.MsgRecv_umeng:56aadbf567e58e38d4000976( 1301):  onRcvPing
D/accs.HeartbeatManager( 1301):  onHeartbeatSucc
D/accs.OrangeAdapter( 1301):  isSmartHb result:true
D/accs.HeartbeatManager( 1301):  set 480
D/accs.UtilityImpl( 1301):  setServiceTime:1512059943341
D/awcn.DefaultHeartbeatImpl( 2877): |[seq:umeng:56aadbf567e58e38d4000976.AWCN1_1] heartbeat session:Session@[umeng:56aadbf567e58e38d4000976.AWCN1_1|spdy_0rtt_acs]
D/awcn.TnetSpdySession( 2877): |[seq:umeng:56aadbf567e58e38d4000976.AWCN1_1] ping host:https://umengacs.m.taobao.com thread:AWCN Scheduler1
D/awcn.TnetSpdySession( 2877): |[seq:umeng:56aadbf567e58e38d4000976.AWCN1_1] https://umengacs.m.taobao.com submit ping ms:45050 force:true
D/awcn.DefaultHeartbeatImpl( 2877): |[seq:umeng:56aadbf567e58e38d4000976.AWCN1_1] reSchedule session:Session@[umeng:56aadbf567e58e38d4000976.AWCN1_1|spdy_0rtt_acs] delay:45050
I/awcn.TnetSpdySession( 2877): |[seq:umeng:56aadbf567e58e38d4000976.AWCN1_1] ping receive Host:https://umengacs.m.taobao.com id:641
D/awcn.DefaultHeartbeatImpl( 2877): |[seq:umeng:56aadbf567e58e38d4000976.AWCN1_1] heartbeat session:Session@[umeng:56aadbf567e58e38d4000976.AWCN1_1|spdy_0rtt_acs]
D/awcn.TnetSpdySession( 2877): |[seq:umeng:56aadbf567e58e38d4000976.AWCN1_1] ping host:https://umengacs.m.taobao.com thread:AWCN Scheduler1
D/awcn.TnetSpdySession( 2877): |[seq:umeng:56aadbf567e58e38d4000976.AWCN1_1] https://umengacs.m.taobao.com submit ping ms:45051 force:true
D/awcn.DefaultHeartbeatImpl( 2877): |[seq:umeng:56aadbf567e58e38d4000976.AWCN1_1] reSchedule session:Session@[umeng:56aadbf567e58e38d4000976.AWCN1_1|spdy_0rtt_acs] delay:45051
I/awcn.TnetSpdySession( 2877): |[seq:umeng:56aadbf567e58e38d4000976.AWCN1_1] ping receive Host:https://umengacs.m.taobao.com id:643
D/awcn.DefaultHeartbeatImpl( 2877): |[seq:umeng:56aadbf567e58e38d4000976.AWCN1_1] heartbeat session:Session@[umeng:56aadbf567e58e38d4000976.AWCN1_1|spdy_0rtt_acs]
D/awcn.TnetSpdySession( 2877): |[seq:umeng:56aadbf567e58e38d4000976.AWCN1_1] ping host:https://umengacs.m.taobao.com thread:AWCN Scheduler1
D/awcn.TnetSpdySession( 2877): |[seq:umeng:56aadbf567e58e38d4000976.AWCN1_1] https://umengacs.m.taobao.com submit ping ms:45051 force:true
D/awcn.DefaultHeartbeatImpl( 2877): |[seq:umeng:56aadbf567e58e38d4000976.AWCN1_1] reSchedule session:Session@[umeng:56aadbf567e58e38d4000976.AWCN1_1|spdy_0rtt_acs] delay:45051
I/awcn.TnetSpdySession( 2877): |[seq:umeng:56aadbf567e58e38d4000976.AWCN1_1] ping receive Host:https://umengacs.m.taobao.com id:645
D/awcn.DefaultHeartbeatImpl( 2877): |[seq:umeng:56aadbf567e58e38d4000976.AWCN1_1] heartbeat session:Session@[umeng:56aadbf567e58e38d4000976.AWCN1_1|spdy_0rtt_acs]
D/awcn.TnetSpdySession( 2877): |[seq:umeng:56aadbf567e58e38d4000976.AWCN1_1] ping host:https://umengacs.m.taobao.com thread:AWCN Scheduler1
D/awcn.TnetSpdySession( 2877): |[seq:umeng:56aadbf567e58e38d4000976.AWCN1_1] https://umengacs.m.taobao.com submit ping ms:45051 force:true
D/awcn.DefaultHeartbeatImpl( 2877): |[seq:umeng:56aadbf567e58e38d4000976.AWCN1_1] reSchedule session:Session@[umeng:56aadbf567e58e38d4000976.AWCN1_1|spdy_0rtt_acs] delay:45051
I/awcn.TnetSpdySession( 2877): |[seq:umeng:56aadbf567e58e38d4000976.AWCN1_1] ping receive Host:https://umengacs.m.taobao.com id:647
D/NetworkMonitor/NetworkAgentInfo [WIFI () - 100](  595): OfflineState{ when=-100ms what=532488 arg2=1 target=com.android.internal.util.StateMachine$SmHandler }
D/NetworkMonitor/NetworkAgentInfo [WIFI () - 100](  595): DefaultState{ when=-100ms what=532488 arg2=1 target=com.android.internal.util.StateMachine$SmHandler }
D/NetworkMonitor/NetworkAgentInfo [WIFI () - 100](  595): Forcing reevaluation
D/NetworkMonitor/NetworkAgentInfo [WIFI () - 100](  595): EvaluatingState{ when=0 what=532486 arg1=43 target=com.android.internal.util.StateMachine$SmHandler }
D/NetworkMonitor/NetworkAgentInfo [WIFI () - 100](  595): Checking http://connectivitycheck.android.com/generate_204 on "WiredSSID"
D/NetworkMonitor/NetworkAgentInfo [WIFI () - 100](  595): Probably not a portal: exception java.net.SocketTimeoutException: failed to connect to connectivitycheck.android.com/172.217.24.14 (port 80) after 10000ms
D/ConnectivityService(  595): setProvNotificationVisibleIntent: E visible=false networkType=0 extraInfo=null
D/awcn.DefaultHeartbeatImpl( 2877): |[seq:umeng:56aadbf567e58e38d4000976.AWCN1_1] heartbeat session:Session@[umeng:56aadbf567e58e38d4000976.AWCN1_1|spdy_0rtt_acs]
D/awcn.TnetSpdySession( 2877): |[seq:umeng:56aadbf567e58e38d4000976.AWCN1_1] ping host:https://umengacs.m.taobao.com thread:AWCN Scheduler1
D/awcn.TnetSpdySession( 2877): |[seq:umeng:56aadbf567e58e38d4000976.AWCN1_1] https://umengacs.m.taobao.com submit ping ms:45050 force:true
D/awcn.DefaultHeartbeatImpl( 2877): |[seq:umeng:56aadbf567e58e38d4000976.AWCN1_1] reSchedule session:Session@[umeng:56aadbf567e58e38d4000976.AWCN1_1|spdy_0rtt_acs] delay:45050
I/awcn.TnetSpdySession( 2877): |[seq:umeng:56aadbf567e58e38d4000976.AWCN1_1] ping receive Host:https://umengacs.m.taobao.com id:649
I/tnet-jni( 1218): 101 - [spdyPingRecvCallback] - 
I/tnet-jni( 1218): 101 - [SpdySessionCallBack.spdyPingRecvCallback] - org.android.spdy.SpdySession@1aadeaa8
D/accs.SpdyConnection( 1218):  spdyPingRecvCallback uniId:222
D/accs.MessageHandler( 1218):  onRcvPing
D/accs.HeartbeatManager( 1218):  onHeartbeatSucc
D/accs.OrangeAdapter( 1218):  isSmartHb result:true
D/accs.HeartbeatManager( 1218):  set 480
I/tnet-jni( 1301): 101 - [spdyPingRecvCallback] - 
I/tnet-jni( 1301): 101 - [SpdySessionCallBack.spdyPingRecvCallback] - org.android.spdy.SpdySession@37b553dc
D/accs.SilenceConn_umeng:56aadbf567e58e38d4000976( 1301):  spdyPingRecvCallback uniId:222
D/accs.MsgRecv_umeng:56aadbf567e58e38d4000976( 1301):  onRcvPing
D/accs.HeartbeatManager( 1301):  onHeartbeatSucc
D/accs.OrangeAdapter( 1301):  isSmartHb result:true
D/accs.HeartbeatManager( 1301):  set 480
D/awcn.DefaultHeartbeatImpl( 2877): |[seq:umeng:56aadbf567e58e38d4000976.AWCN1_1] heartbeat session:Session@[umeng:56aadbf567e58e38d4000976.AWCN1_1|spdy_0rtt_acs]
D/awcn.TnetSpdySession( 2877): |[seq:umeng:56aadbf567e58e38d4000976.AWCN1_1] ping host:https://umengacs.m.taobao.com thread:AWCN Scheduler1
D/awcn.TnetSpdySession( 2877): |[seq:umeng:56aadbf567e58e38d4000976.AWCN1_1] https://umengacs.m.taobao.com submit ping ms:45052 force:true
D/awcn.DefaultHeartbeatImpl( 2877): |[seq:umeng:56aadbf567e58e38d4000976.AWCN1_1] reSchedule session:Session@[umeng:56aadbf567e58e38d4000976.AWCN1_1|spdy_0rtt_acs] delay:45052
I/awcn.TnetSpdySession( 2877): |[seq:umeng:56aadbf567e58e38d4000976.AWCN1_1] ping receive Host:https://umengacs.m.taobao.com id:651
D/awcn.DefaultHeartbeatImpl( 2877): |[seq:umeng:56aadbf567e58e38d4000976.AWCN1_1] heartbeat session:Session@[umeng:56aadbf567e58e38d4000976.AWCN1_1|spdy_0rtt_acs]
D/awcn.TnetSpdySession( 2877): |[seq:umeng:56aadbf567e58e38d4000976.AWCN1_1] ping host:https://umengacs.m.taobao.com thread:AWCN Scheduler1
D/awcn.TnetSpdySession( 2877): |[seq:umeng:56aadbf567e58e38d4000976.AWCN1_1] https://umengacs.m.taobao.com submit ping ms:45050 force:true
D/awcn.DefaultHeartbeatImpl( 2877): |[seq:umeng:56aadbf567e58e38d4000976.AWCN1_1] reSchedule session:Session@[umeng:56aadbf567e58e38d4000976.AWCN1_1|spdy_0rtt_acs] delay:45050
I/awcn.TnetSpdySession( 2877): |[seq:umeng:56aadbf567e58e38d4000976.AWCN1_1] ping receive Host:https://umengacs.m.taobao.com id:653
D/awcn.DefaultHeartbeatImpl( 2877): |[seq:umeng:56aadbf567e58e38d4000976.AWCN1_1] heartbeat session:Session@[umeng:56aadbf567e58e38d4000976.AWCN1_1|spdy_0rtt_acs]
D/awcn.TnetSpdySession( 2877): |[seq:umeng:56aadbf567e58e38d4000976.AWCN1_1] ping host:https://umengacs.m.taobao.com thread:AWCN Scheduler1
D/awcn.TnetSpdySession( 2877): |[seq:umeng:56aadbf567e58e38d4000976.AWCN1_1] https://umengacs.m.taobao.com submit ping ms:45051 force:true
D/awcn.DefaultHeartbeatImpl( 2877): |[seq:umeng:56aadbf567e58e38d4000976.AWCN1_1] reSchedule session:Session@[umeng:56aadbf567e58e38d4000976.AWCN1_1|spdy_0rtt_acs] delay:45051
I/awcn.TnetSpdySession( 2877): |[seq:umeng:56aadbf567e58e38d4000976.AWCN1_1] ping receive Host:https://umengacs.m.taobao.com id:655
D/awcn.DefaultHeartbeatImpl( 2877): |[seq:umeng:56aadbf567e58e38d4000976.AWCN1_1] heartbeat session:Session@[umeng:56aadbf567e58e38d4000976.AWCN1_1|spdy_0rtt_acs]
D/awcn.TnetSpdySession( 2877): |[seq:umeng:56aadbf567e58e38d4000976.AWCN1_1] ping host:https://umengacs.m.taobao.com thread:AWCN Scheduler1
D/awcn.TnetSpdySession( 2877): |[seq:umeng:56aadbf567e58e38d4000976.AWCN1_1] https://umengacs.m.taobao.com submit ping ms:45050 force:true
D/awcn.DefaultHeartbeatImpl( 2877): |[seq:umeng:56aadbf567e58e38d4000976.AWCN1_1] reSchedule session:Session@[umeng:56aadbf567e58e38d4000976.AWCN1_1|spdy_0rtt_acs] delay:45050
I/awcn.TnetSpdySession( 2877): |[seq:umeng:56aadbf567e58e38d4000976.AWCN1_1] ping receive Host:https://umengacs.m.taobao.com id:657
D/awcn.DefaultHeartbeatImpl( 2877): |[seq:umeng:56aadbf567e58e38d4000976.AWCN1_1] heartbeat session:Session@[umeng:56aadbf567e58e38d4000976.AWCN1_1|spdy_0rtt_acs]
D/awcn.TnetSpdySession( 2877): |[seq:umeng:56aadbf567e58e38d4000976.AWCN1_1] ping host:https://umengacs.m.taobao.com thread:AWCN Scheduler1
D/awcn.TnetSpdySession( 2877): |[seq:umeng:56aadbf567e58e38d4000976.AWCN1_1] https://umengacs.m.taobao.com submit ping ms:45055 force:true
D/awcn.DefaultHeartbeatImpl( 2877): |[seq:umeng:56aadbf567e58e38d4000976.AWCN1_1] reSchedule session:Session@[umeng:56aadbf567e58e38d4000976.AWCN1_1|spdy_0rtt_acs] delay:45055
I/awcn.TnetSpdySession( 2877): |[seq:umeng:56aadbf567e58e38d4000976.AWCN1_1] ping receive Host:https://umengacs.m.taobao.com id:659
I/tnet-jni( 1218): 101 - [spdyPingRecvCallback] - 
I/tnet-jni( 1218): 101 - [SpdySessionCallBack.spdyPingRecvCallback] - org.android.spdy.SpdySession@1aadeaa8
D/accs.SpdyConnection( 1218):  spdyPingRecvCallback uniId:224
D/accs.MessageHandler( 1218):  onRcvPing
D/accs.HeartbeatManager( 1218):  onHeartbeatSucc
D/accs.OrangeAdapter( 1218):  isSmartHb result:true
D/accs.HeartbeatManager( 1218):  set 480
D/accs.UtilityImpl( 1218):  setServiceTime:1512060362441
I/tnet-jni( 1301): 101 - [spdyPingRecvCallback] - 
I/tnet-jni( 1301): 101 - [SpdySessionCallBack.spdyPingRecvCallback] - org.android.spdy.SpdySession@37b553dc
D/accs.SilenceConn_umeng:56aadbf567e58e38d4000976( 1301):  spdyPingRecvCallback uniId:224
D/accs.MsgRecv_umeng:56aadbf567e58e38d4000976( 1301):  onRcvPing
D/accs.HeartbeatManager( 1301):  onHeartbeatSucc
D/accs.OrangeAdapter( 1301):  isSmartHb result:true
D/accs.HeartbeatManager( 1301):  set 480
D/accs.UtilityImpl( 1301):  setServiceTime:1512060363373
D/awcn.DefaultHeartbeatImpl( 2877): |[seq:umeng:56aadbf567e58e38d4000976.AWCN1_1] heartbeat session:Session@[umeng:56aadbf567e58e38d4000976.AWCN1_1|spdy_0rtt_acs]
D/awcn.TnetSpdySession( 2877): |[seq:umeng:56aadbf567e58e38d4000976.AWCN1_1] ping host:https://umengacs.m.taobao.com thread:AWCN Scheduler1
D/awcn.TnetSpdySession( 2877): |[seq:umeng:56aadbf567e58e38d4000976.AWCN1_1] https://umengacs.m.taobao.com submit ping ms:45052 force:true
D/awcn.DefaultHeartbeatImpl( 2877): |[seq:umeng:56aadbf567e58e38d4000976.AWCN1_1] reSchedule session:Session@[umeng:56aadbf567e58e38d4000976.AWCN1_1|spdy_0rtt_acs] delay:45052
I/awcn.TnetSpdySession( 2877): |[seq:umeng:56aadbf567e58e38d4000976.AWCN1_1] ping receive Host:https://umengacs.m.taobao.com id:661
D/awcn.DefaultHeartbeatImpl( 2877): |[seq:umeng:56aadbf567e58e38d4000976.AWCN1_1] heartbeat session:Session@[umeng:56aadbf567e58e38d4000976.AWCN1_1|spdy_0rtt_acs]
D/awcn.TnetSpdySession( 2877): |[seq:umeng:56aadbf567e58e38d4000976.AWCN1_1] ping host:https://umengacs.m.taobao.com thread:AWCN Scheduler1
D/awcn.TnetSpdySession( 2877): |[seq:umeng:56aadbf567e58e38d4000976.AWCN1_1] https://umengacs.m.taobao.com submit ping ms:45055 force:true
D/awcn.DefaultHeartbeatImpl( 2877): |[seq:umeng:56aadbf567e58e38d4000976.AWCN1_1] reSchedule session:Session@[umeng:56aadbf567e58e38d4000976.AWCN1_1|spdy_0rtt_acs] delay:45055
I/awcn.TnetSpdySession( 2877): |[seq:umeng:56aadbf567e58e38d4000976.AWCN1_1] ping receive Host:https://umengacs.m.taobao.com id:663
D/awcn.DefaultHeartbeatImpl( 2877): |[seq:umeng:56aadbf567e58e38d4000976.AWCN1_1] heartbeat session:Session@[umeng:56aadbf567e58e38d4000976.AWCN1_1|spdy_0rtt_acs]
D/awcn.TnetSpdySession( 2877): |[seq:umeng:56aadbf567e58e38d4000976.AWCN1_1] ping host:https://umengacs.m.taobao.com thread:AWCN Scheduler1
D/awcn.TnetSpdySession( 2877): |[seq:umeng:56aadbf567e58e38d4000976.AWCN1_1] https://umengacs.m.taobao.com submit ping ms:45050 force:true
D/awcn.DefaultHeartbeatImpl( 2877): |[seq:umeng:56aadbf567e58e38d4000976.AWCN1_1] reSchedule session:Session@[umeng:56aadbf567e58e38d4000976.AWCN1_1|spdy_0rtt_acs] delay:45050
I/awcn.TnetSpdySession( 2877): |[seq:umeng:56aadbf567e58e38d4000976.AWCN1_1] ping receive Host:https://umengacs.m.taobao.com id:665
D/awcn.DefaultHeartbeatImpl( 2877): |[seq:umeng:56aadbf567e58e38d4000976.AWCN1_1] heartbeat session:Session@[umeng:56aadbf567e58e38d4000976.AWCN1_1|spdy_0rtt_acs]
D/awcn.TnetSpdySession( 2877): |[seq:umeng:56aadbf567e58e38d4000976.AWCN1_1] ping host:https://umengacs.m.taobao.com thread:AWCN Scheduler1
D/awcn.TnetSpdySession( 2877): |[seq:umeng:56aadbf567e58e38d4000976.AWCN1_1] https://umengacs.m.taobao.com submit ping ms:45052 force:true
D/awcn.DefaultHeartbeatImpl( 2877): |[seq:umeng:56aadbf567e58e38d4000976.AWCN1_1] reSchedule session:Session@[umeng:56aadbf567e58e38d4000976.AWCN1_1|spdy_0rtt_acs] delay:45052
I/awcn.TnetSpdySession( 2877): |[seq:umeng:56aadbf567e58e38d4000976.AWCN1_1] ping receive Host:https://umengacs.m.taobao.com id:667
I/tnet-jni( 1218): 101 - [spdyPingRecvCallback] - 
I/tnet-jni( 1218): 101 - [SpdySessionCallBack.spdyPingRecvCallback] - org.android.spdy.SpdySession@1aadeaa8
D/accs.SpdyConnection( 1218):  spdyPingRecvCallback uniId:226
D/accs.MessageHandler( 1218):  onRcvPing
D/accs.HeartbeatManager( 1218):  onHeartbeatSucc
D/accs.OrangeAdapter( 1218):  isSmartHb result:true
D/accs.HeartbeatManager( 1218):  set 480
I/tnet-jni( 1301): 101 - [spdyPingRecvCallback] - 
I/tnet-jni( 1301): 101 - [SpdySessionCallBack.spdyPingRecvCallback] - org.android.spdy.SpdySession@37b553dc
D/accs.SilenceConn_umeng:56aadbf567e58e38d4000976( 1301):  spdyPingRecvCallback uniId:226
D/accs.MsgRecv_umeng:56aadbf567e58e38d4000976( 1301):  onRcvPing
D/accs.HeartbeatManager( 1301):  onHeartbeatSucc
D/accs.OrangeAdapter( 1301):  isSmartHb result:true
D/accs.HeartbeatManager( 1301):  set 480
D/awcn.DefaultHeartbeatImpl( 2877): |[seq:umeng:56aadbf567e58e38d4000976.AWCN1_1] heartbeat session:Session@[umeng:56aadbf567e58e38d4000976.AWCN1_1|spdy_0rtt_acs]
D/awcn.TnetSpdySession( 2877): |[seq:umeng:56aadbf567e58e38d4000976.AWCN1_1] ping host:https://umengacs.m.taobao.com thread:AWCN Scheduler1
D/awcn.TnetSpdySession( 2877): |[seq:umeng:56aadbf567e58e38d4000976.AWCN1_1] https://umengacs.m.taobao.com submit ping ms:45051 force:true
D/awcn.DefaultHeartbeatImpl( 2877): |[seq:umeng:56aadbf567e58e38d4000976.AWCN1_1] reSchedule session:Session@[umeng:56aadbf567e58e38d4000976.AWCN1_1|spdy_0rtt_acs] delay:45051
I/awcn.TnetSpdySession( 2877): |[seq:umeng:56aadbf567e58e38d4000976.AWCN1_1] ping receive Host:https://umengacs.m.taobao.com id:669
D/awcn.DefaultHeartbeatImpl( 2877): |[seq:umeng:56aadbf567e58e38d4000976.AWCN1_1] heartbeat session:Session@[umeng:56aadbf567e58e38d4000976.AWCN1_1|spdy_0rtt_acs]
D/awcn.TnetSpdySession( 2877): |[seq:umeng:56aadbf567e58e38d4000976.AWCN1_1] ping host:https://umengacs.m.taobao.com thread:AWCN Scheduler1
D/awcn.TnetSpdySession( 2877): |[seq:umeng:56aadbf567e58e38d4000976.AWCN1_1] https://umengacs.m.taobao.com submit ping ms:45051 force:true
D/awcn.DefaultHeartbeatImpl( 2877): |[seq:umeng:56aadbf567e58e38d4000976.AWCN1_1] reSchedule session:Session@[umeng:56aadbf567e58e38d4000976.AWCN1_1|spdy_0rtt_acs] delay:45051
I/awcn.TnetSpdySession( 2877): |[seq:umeng:56aadbf567e58e38d4000976.AWCN1_1] ping receive Host:https://umengacs.m.taobao.com id:671
D/awcn.DefaultHeartbeatImpl( 2877): |[seq:umeng:56aadbf567e58e38d4000976.AWCN1_1] heartbeat session:Session@[umeng:56aadbf567e58e38d4000976.AWCN1_1|spdy_0rtt_acs]
D/awcn.TnetSpdySession( 2877): |[seq:umeng:56aadbf567e58e38d4000976.AWCN1_1] ping host:https://umengacs.m.taobao.com thread:AWCN Scheduler1
D/awcn.TnetSpdySession( 2877): |[seq:umeng:56aadbf567e58e38d4000976.AWCN1_1] https://umengacs.m.taobao.com submit ping ms:45051 force:true
D/awcn.DefaultHeartbeatImpl( 2877): |[seq:umeng:56aadbf567e58e38d4000976.AWCN1_1] reSchedule session:Session@[umeng:56aadbf567e58e38d4000976.AWCN1_1|spdy_0rtt_acs] delay:45052
