I/awcn.TnetSpdySession( 2877): |[seq:umeng:56aadbf567e58e38d4000976.AWCN1_1] ping receive Host:https://umengacs.m.taobao.com id:673
D/awcn.DefaultHeartbeatImpl( 2877): |[seq:umeng:56aadbf567e58e38d4000976.AWCN1_1] heartbeat session:Session@[umeng:56aadbf567e58e38d4000976.AWCN1_1|spdy_0rtt_acs]
D/awcn.TnetSpdySession( 2877): |[seq:umeng:56aadbf567e58e38d4000976.AWCN1_1] ping host:https://umengacs.m.taobao.com thread:AWCN Scheduler1
D/awcn.TnetSpdySession( 2877): |[seq:umeng:56aadbf567e58e38d4000976.AWCN1_1] https://umengacs.m.taobao.com submit ping ms:45050 force:true
D/awcn.DefaultHeartbeatImpl( 2877): |[seq:umeng:56aadbf567e58e38d4000976.AWCN1_1] reSchedule session:Session@[umeng:56aadbf567e58e38d4000976.AWCN1_1|spdy_0rtt_acs] delay:45050
I/awcn.TnetSpdySession( 2877): |[seq:umeng:56aadbf567e58e38d4000976.AWCN1_1] ping receive Host:https://umengacs.m.taobao.com id:675
D/NetworkMonitor/NetworkAgentInfo [WIFI () - 100](  595): OfflineState{ when=-58ms what=532488 arg2=1 target=com.android.internal.util.StateMachine$SmHandler }
D/NetworkMonitor/NetworkAgentInfo [WIFI () - 100](  595): DefaultState{ when=-59ms what=532488 arg2=1 target=com.android.internal.util.StateMachine$SmHandler }
D/NetworkMonitor/NetworkAgentInfo [WIFI () - 100](  595): Forcing reevaluation
D/NetworkMonitor/NetworkAgentInfo [WIFI () - 100](  595): EvaluatingState{ when=0 what=532486 arg1=44 target=com.android.internal.util.StateMachine$SmHandler }
D/NetworkMonitor/NetworkAgentInfo [WIFI () - 100](  595): Checking http://connectivitycheck.android.com/generate_204 on "WiredSSID"
D/NetworkMonitor/NetworkAgentInfo [WIFI () - 100](  595): Probably not a portal: exception java.net.SocketTimeoutException: failed to connect to connectivitycheck.android.com/172.217.160.110 (port 80) after 10000ms
D/ConnectivityService(  595): setProvNotificationVisibleIntent: E visible=false networkType=0 extraInfo=null
D/awcn.DefaultHeartbeatImpl( 2877): |[seq:umeng:56aadbf567e58e38d4000976.AWCN1_1] heartbeat session:Session@[umeng:56aadbf567e58e38d4000976.AWCN1_1|spdy_0rtt_acs]
D/awcn.TnetSpdySession( 2877): |[seq:umeng:56aadbf567e58e38d4000976.AWCN1_1] ping host:https://umengacs.m.taobao.com thread:AWCN Scheduler1
D/awcn.TnetSpdySession( 2877): |[seq:umeng:56aadbf567e58e38d4000976.AWCN1_1] https://umengacs.m.taobao.com submit ping ms:45051 force:true
D/awcn.DefaultHeartbeatImpl( 2877): |[seq:umeng:56aadbf567e58e38d4000976.AWCN1_1] reSchedule session:Session@[umeng:56aadbf567e58e38d4000976.AWCN1_1|spdy_0rtt_acs] delay:45051
I/awcn.TnetSpdySession( 2877): |[seq:umeng:56aadbf567e58e38d4000976.AWCN1_1] ping receive Host:https://umengacs.m.taobao.com id:677
I/tnet-jni( 1218): 101 - [spdyPingRecvCallback] - 
I/tnet-jni( 1218): 101 - [SpdySessionCallBack.spdyPingRecvCallback] - org.android.spdy.SpdySession@1aadeaa8
D/accs.SpdyConnection( 1218):  spdyPingRecvCallback uniId:228
D/accs.MessageHandler( 1218):  onRcvPing
D/accs.HeartbeatManager( 1218):  onHeartbeatSucc
D/accs.OrangeAdapter( 1218):  isSmartHb result:true
D/accs.HeartbeatManager( 1218):  set 480
D/accs.UtilityImpl( 1218):  setServiceTime:1512060782478
I/tnet-jni( 1301): 101 - [spdyPingRecvCallback] - 
I/tnet-jni( 1301): 101 - [SpdySessionCallBack.spdyPingRecvCallback] - org.android.spdy.SpdySession@37b553dc
D/accs.SilenceConn_umeng:56aadbf567e58e38d4000976( 1301):  spdyPingRecvCallback uniId:228
D/accs.MsgRecv_umeng:56aadbf567e58e38d4000976( 1301):  onRcvPing
D/accs.HeartbeatManager( 1301):  onHeartbeatSucc
D/accs.OrangeAdapter( 1301):  isSmartHb result:true
D/accs.HeartbeatManager( 1301):  set 480
D/accs.UtilityImpl( 1301):  setServiceTime:1512060783436
D/awcn.DefaultHeartbeatImpl( 2877): |[seq:umeng:56aadbf567e58e38d4000976.AWCN1_1] heartbeat session:Session@[umeng:56aadbf567e58e38d4000976.AWCN1_1|spdy_0rtt_acs]
D/awcn.TnetSpdySession( 2877): |[seq:umeng:56aadbf567e58e38d4000976.AWCN1_1] ping host:https://umengacs.m.taobao.com thread:AWCN Scheduler1
D/awcn.TnetSpdySession( 2877): |[seq:umeng:56aadbf567e58e38d4000976.AWCN1_1] https://umengacs.m.taobao.com submit ping ms:45051 force:true
D/awcn.DefaultHeartbeatImpl( 2877): |[seq:umeng:56aadbf567e58e38d4000976.AWCN1_1] reSchedule session:Session@[umeng:56aadbf567e58e38d4000976.AWCN1_1|spdy_0rtt_acs] delay:45051
I/awcn.TnetSpdySession( 2877): |[seq:umeng:56aadbf567e58e38d4000976.AWCN1_1] ping receive Host:https://umengacs.m.taobao.com id:679
D/awcn.DefaultHeartbeatImpl( 2877): |[seq:umeng:56aadbf567e58e38d4000976.AWCN1_1] heartbeat session:Session@[umeng:56aadbf567e58e38d4000976.AWCN1_1|spdy_0rtt_acs]
D/awcn.TnetSpdySession( 2877): |[seq:umeng:56aadbf567e58e38d4000976.AWCN1_1] ping host:https://umengacs.m.taobao.com thread:AWCN Scheduler1
D/awcn.TnetSpdySession( 2877): |[seq:umeng:56aadbf567e58e38d4000976.AWCN1_1] https://umengacs.m.taobao.com submit ping ms:45052 force:true
D/awcn.DefaultHeartbeatImpl( 2877): |[seq:umeng:56aadbf567e58e38d4000976.AWCN1_1] reSchedule session:Session@[umeng:56aadbf567e58e38d4000976.AWCN1_1|spdy_0rtt_acs] delay:45052
I/awcn.TnetSpdySession( 2877): |[seq:umeng:56aadbf567e58e38d4000976.AWCN1_1] ping receive Host:https://umengacs.m.taobao.com id:681
D/awcn.DefaultHeartbeatImpl( 2877): |[seq:umeng:56aadbf567e58e38d4000976.AWCN1_1] heartbeat session:Session@[umeng:56aadbf567e58e38d4000976.AWCN1_1|spdy_0rtt_acs]
D/awcn.TnetSpdySession( 2877): |[seq:umeng:56aadbf567e58e38d4000976.AWCN1_1] ping host:https://umengacs.m.taobao.com thread:AWCN Scheduler1
D/awcn.TnetSpdySession( 2877): |[seq:umeng:56aadbf567e58e38d4000976.AWCN1_1] https://umengacs.m.taobao.com submit ping ms:45050 force:true
D/awcn.DefaultHeartbeatImpl( 2877): |[seq:umeng:56aadbf567e58e38d4000976.AWCN1_1] reSchedule session:Session@[umeng:56aadbf567e58e38d4000976.AWCN1_1|spdy_0rtt_acs] delay:45050
I/awcn.TnetSpdySession( 2877): |[seq:umeng:56aadbf567e58e38d4000976.AWCN1_1] ping receive Host:https://umengacs.m.taobao.com id:683
D/awcn.DefaultHeartbeatImpl( 2877): |[seq:umeng:56aadbf567e58e38d4000976.AWCN1_1] heartbeat session:Session@[umeng:56aadbf567e58e38d4000976.AWCN1_1|spdy_0rtt_acs]
D/awcn.TnetSpdySession( 2877): |[seq:umeng:56aadbf567e58e38d4000976.AWCN1_1] ping host:https://umengacs.m.taobao.com thread:AWCN Scheduler1
D/awcn.TnetSpdySession( 2877): |[seq:umeng:56aadbf567e58e38d4000976.AWCN1_1] https://umengacs.m.taobao.com submit ping ms:45050 force:true
D/awcn.DefaultHeartbeatImpl( 2877): |[seq:umeng:56aadbf567e58e38d4000976.AWCN1_1] reSchedule session:Session@[umeng:56aadbf567e58e38d4000976.AWCN1_1|spdy_0rtt_acs] delay:45050
I/awcn.TnetSpdySession( 2877): |[seq:umeng:56aadbf567e58e38d4000976.AWCN1_1] ping receive Host:https://umengacs.m.taobao.com id:685
D/awcn.DefaultHeartbeatImpl( 2877): |[seq:umeng:56aadbf567e58e38d4000976.AWCN1_1] heartbeat session:Session@[umeng:56aadbf567e58e38d4000976.AWCN1_1|spdy_0rtt_acs]
D/awcn.TnetSpdySession( 2877): |[seq:umeng:56aadbf567e58e38d4000976.AWCN1_1] ping host:https://umengacs.m.taobao.com thread:AWCN Scheduler1
D/awcn.TnetSpdySession( 2877): |[seq:umeng:56aadbf567e58e38d4000976.AWCN1_1] https://umengacs.m.taobao.com submit ping ms:45051 force:true
D/awcn.DefaultHeartbeatImpl( 2877): |[seq:umeng:56aadbf567e58e38d4000976.AWCN1_1] reSchedule session:Session@[umeng:56aadbf567e58e38d4000976.AWCN1_1|spdy_0rtt_acs] delay:45051
I/awcn.TnetSpdySession( 2877): |[seq:umeng:56aadbf567e58e38d4000976.AWCN1_1] ping receive Host:https://umengacs.m.taobao.com id:687
I/tnet-jni( 1218): 101 - [spdyPingRecvCallback] - 
I/tnet-jni( 1218): 101 - [SpdySessionCallBack.spdyPingRecvCallback] - org.android.spdy.SpdySession@1aadeaa8
D/accs.SpdyConnection( 1218):  spdyPingRecvCallback uniId:230
D/accs.MessageHandler( 1218):  onRcvPing
D/accs.HeartbeatManager( 1218):  onHeartbeatSucc
D/accs.OrangeAdapter( 1218):  isSmartHb result:true
D/accs.HeartbeatManager( 1218):  set 480
I/tnet-jni( 1301): 101 - [spdyPingRecvCallback] - 
I/tnet-jni( 1301): 101 - [SpdySessionCallBack.spdyPingRecvCallback] - org.android.spdy.SpdySession@37b553dc
D/accs.SilenceConn_umeng:56aadbf567e58e38d4000976( 1301):  spdyPingRecvCallback uniId:230
D/accs.MsgRecv_umeng:56aadbf567e58e38d4000976( 1301):  onRcvPing
D/accs.HeartbeatManager( 1301):  onHeartbeatSucc
D/accs.OrangeAdapter( 1301):  isSmartHb result:true
D/accs.HeartbeatManager( 1301):  set 480
I/ProcessStatsService(  595): Prepared write state in 0ms
D/awcn.DefaultHeartbeatImpl( 2877): |[seq:umeng:56aadbf567e58e38d4000976.AWCN1_1] heartbeat session:Session@[umeng:56aadbf567e58e38d4000976.AWCN1_1|spdy_0rtt_acs]
D/awcn.TnetSpdySession( 2877): |[seq:umeng:56aadbf567e58e38d4000976.AWCN1_1] ping host:https://umengacs.m.taobao.com thread:AWCN Scheduler1
D/awcn.TnetSpdySession( 2877): |[seq:umeng:56aadbf567e58e38d4000976.AWCN1_1] https://umengacs.m.taobao.com submit ping ms:45050 force:true
D/awcn.DefaultHeartbeatImpl( 2877): |[seq:umeng:56aadbf567e58e38d4000976.AWCN1_1] reSchedule session:Session@[umeng:56aadbf567e58e38d4000976.AWCN1_1|spdy_0rtt_acs] delay:45050
I/awcn.TnetSpdySession( 2877): |[seq:umeng:56aadbf567e58e38d4000976.AWCN1_1] ping receive Host:https://umengacs.m.taobao.com id:689
D/AndroidRuntime( 4003): >>>>>> START com.android.internal.os.RuntimeInit uid 0 <<<<<<
D/AndroidRuntime( 4003): CheckJNI is OFF
E/memtrack( 4003): Couldn't load memtrack module (No such file or directory)
E/android.os.Debug( 4003): failed to load memtrack module: -2
D/AndroidRuntime( 4003): Calling main entry com.android.commands.wm.Wm
D/AndroidRuntime( 4003): Shutting down VM
D/AndroidRuntime( 4025): >>>>>> START com.android.internal.os.RuntimeInit uid 0 <<<<<<
D/AndroidRuntime( 4025): CheckJNI is OFF
E/memtrack( 4025): Couldn't load memtrack module (No such file or directory)
E/android.os.Debug( 4025): failed to load memtrack module: -2
D/AndroidRuntime( 4025): Calling main entry com.android.commands.monkey.Monkey
I/art     ( 4025): System.exit called, status: -1
I/AndroidRuntime( 4025): VM exiting with result code -1.
D/awcn.DefaultHeartbeatImpl( 2877): |[seq:umeng:56aadbf567e58e38d4000976.AWCN1_1] heartbeat session:Session@[umeng:56aadbf567e58e38d4000976.AWCN1_1|spdy_0rtt_acs]
D/awcn.TnetSpdySession( 2877): |[seq:umeng:56aadbf567e58e38d4000976.AWCN1_1] ping host:https://umengacs.m.taobao.com thread:AWCN Scheduler1
D/awcn.TnetSpdySession( 2877): |[seq:umeng:56aadbf567e58e38d4000976.AWCN1_1] https://umengacs.m.taobao.com submit ping ms:45051 force:true
D/awcn.DefaultHeartbeatImpl( 2877): |[seq:umeng:56aadbf567e58e38d4000976.AWCN1_1] reSchedule session:Session@[umeng:56aadbf567e58e38d4000976.AWCN1_1|spdy_0rtt_acs] delay:45051
I/awcn.TnetSpdySession( 2877): |[seq:umeng:56aadbf567e58e38d4000976.AWCN1_1] ping receive Host:https://umengacs.m.taobao.com id:691
D/awcn.DefaultHeartbeatImpl( 2877): |[seq:umeng:56aadbf567e58e38d4000976.AWCN1_1] heartbeat session:Session@[umeng:56aadbf567e58e38d4000976.AWCN1_1|spdy_0rtt_acs]
D/awcn.TnetSpdySession( 2877): |[seq:umeng:56aadbf567e58e38d4000976.AWCN1_1] ping host:https://umengacs.m.taobao.com thread:AWCN Scheduler1
D/awcn.TnetSpdySession( 2877): |[seq:umeng:56aadbf567e58e38d4000976.AWCN1_1] https://umengacs.m.taobao.com submit ping ms:45050 force:true
D/awcn.DefaultHeartbeatImpl( 2877): |[seq:umeng:56aadbf567e58e38d4000976.AWCN1_1] reSchedule session:Session@[umeng:56aadbf567e58e38d4000976.AWCN1_1|spdy_0rtt_acs] delay:45050
I/awcn.TnetSpdySession( 2877): |[seq:umeng:56aadbf567e58e38d4000976.AWCN1_1] ping receive Host:https://umengacs.m.taobao.com id:693
D/awcn.DefaultHeartbeatImpl( 2877): |[seq:umeng:56aadbf567e58e38d4000976.AWCN1_1] heartbeat session:Session@[umeng:56aadbf567e58e38d4000976.AWCN1_1|spdy_0rtt_acs]
D/awcn.TnetSpdySession( 2877): |[seq:umeng:56aadbf567e58e38d4000976.AWCN1_1] ping host:https://umengacs.m.taobao.com thread:AWCN Scheduler1
D/awcn.TnetSpdySession( 2877): |[seq:umeng:56aadbf567e58e38d4000976.AWCN1_1] https://umengacs.m.taobao.com submit ping ms:45050 force:true
D/awcn.DefaultHeartbeatImpl( 2877): |[seq:umeng:56aadbf567e58e38d4000976.AWCN1_1] reSchedule session:Session@[umeng:56aadbf567e58e38d4000976.AWCN1_1|spdy_0rtt_acs] delay:45050
I/awcn.TnetSpdySession( 2877): |[seq:umeng:56aadbf567e58e38d4000976.AWCN1_1] ping receive Host:https://umengacs.m.taobao.com id:695
I/tnet-jni( 1218): 101 - [spdyPingRecvCallback] - 
I/tnet-jni( 1218): 101 - [SpdySessionCallBack.spdyPingRecvCallback] - org.android.spdy.SpdySession@1aadeaa8
D/accs.SpdyConnection( 1218):  spdyPingRecvCallback uniId:232
D/accs.MessageHandler( 1218):  onRcvPing
D/accs.HeartbeatManager( 1218):  onHeartbeatSucc
D/accs.OrangeAdapter( 1218):  isSmartHb result:true
D/accs.HeartbeatManager( 1218):  set 480
D/accs.UtilityImpl( 1218):  setServiceTime:1512061202500
I/tnet-jni( 1301): 101 - [spdyPingRecvCallback] - 
I/tnet-jni( 1301): 101 - [SpdySessionCallBack.spdyPingRecvCallback] - org.android.spdy.SpdySession@37b553dc
D/accs.SilenceConn_umeng:56aadbf567e58e38d4000976( 1301):  spdyPingRecvCallback uniId:232
D/accs.MsgRecv_umeng:56aadbf567e58e38d4000976( 1301):  onRcvPing
D/accs.HeartbeatManager( 1301):  onHeartbeatSucc
D/accs.OrangeAdapter( 1301):  isSmartHb result:true
D/accs.HeartbeatManager( 1301):  set 480
D/accs.UtilityImpl( 1301):  setServiceTime:1512061203472
D/awcn.DefaultHeartbeatImpl( 2877): |[seq:umeng:56aadbf567e58e38d4000976.AWCN1_1] heartbeat session:Session@[umeng:56aadbf567e58e38d4000976.AWCN1_1|spdy_0rtt_acs]
D/awcn.TnetSpdySession( 2877): |[seq:umeng:56aadbf567e58e38d4000976.AWCN1_1] ping host:https://umengacs.m.taobao.com thread:AWCN Scheduler1
D/awcn.TnetSpdySession( 2877): |[seq:umeng:56aadbf567e58e38d4000976.AWCN1_1] https://umengacs.m.taobao.com submit ping ms:45051 force:true
D/awcn.DefaultHeartbeatImpl( 2877): |[seq:umeng:56aadbf567e58e38d4000976.AWCN1_1] reSchedule session:Session@[umeng:56aadbf567e58e38d4000976.AWCN1_1|spdy_0rtt_acs] delay:45051
I/awcn.TnetSpdySession( 2877): |[seq:umeng:56aadbf567e58e38d4000976.AWCN1_1] ping receive Host:https://umengacs.m.taobao.com id:697
D/awcn.DefaultHeartbeatImpl( 2877): |[seq:umeng:56aadbf567e58e38d4000976.AWCN1_1] heartbeat session:Session@[umeng:56aadbf567e58e38d4000976.AWCN1_1|spdy_0rtt_acs]
D/awcn.TnetSpdySession( 2877): |[seq:umeng:56aadbf567e58e38d4000976.AWCN1_1] ping host:https://umengacs.m.taobao.com thread:AWCN Scheduler1
D/awcn.TnetSpdySession( 2877): |[seq:umeng:56aadbf567e58e38d4000976.AWCN1_1] https://umengacs.m.taobao.com submit ping ms:45050 force:true
D/awcn.DefaultHeartbeatImpl( 2877): |[seq:umeng:56aadbf567e58e38d4000976.AWCN1_1] reSchedule session:Session@[umeng:56aadbf567e58e38d4000976.AWCN1_1|spdy_0rtt_acs] delay:45050
I/awcn.TnetSpdySession( 2877): |[seq:umeng:56aadbf567e58e38d4000976.AWCN1_1] ping receive Host:https://umengacs.m.taobao.com id:699
D/AndroidRuntime( 4075): >>>>>> START com.android.internal.os.RuntimeInit uid 0 <<<<<<
D/AndroidRuntime( 4075): CheckJNI is OFF
E/memtrack( 4075): Couldn't load memtrack module (No such file or directory)
E/android.os.Debug( 4075): failed to load memtrack module: -2
D/AndroidRuntime( 4075): Calling main entry com.android.commands.wm.Wm
D/AndroidRuntime( 4075): Shutting down VM
D/AndroidRuntime( 4096): >>>>>> START com.android.internal.os.RuntimeInit uid 0 <<<<<<
D/AndroidRuntime( 4096): CheckJNI is OFF
E/memtrack( 4096): Couldn't load memtrack module (No such file or directory)
E/android.os.Debug( 4096): failed to load memtrack module: -2
D/AndroidRuntime( 4096): Calling main entry com.android.commands.monkey.Monkey
I/art     ( 4096): System.exit called, status: -1
I/AndroidRuntime( 4096): VM exiting with result code -1.
D/awcn.DefaultHeartbeatImpl( 2877): |[seq:umeng:56aadbf567e58e38d4000976.AWCN1_1] heartbeat session:Session@[umeng:56aadbf567e58e38d4000976.AWCN1_1|spdy_0rtt_acs]
D/awcn.TnetSpdySession( 2877): |[seq:umeng:56aadbf567e58e38d4000976.AWCN1_1] ping host:https://umengacs.m.taobao.com thread:AWCN Scheduler1
D/awcn.TnetSpdySession( 2877): |[seq:umeng:56aadbf567e58e38d4000976.AWCN1_1] https://umengacs.m.taobao.com submit ping ms:45051 force:true
D/awcn.DefaultHeartbeatImpl( 2877): |[seq:umeng:56aadbf567e58e38d4000976.AWCN1_1] reSchedule session:Session@[umeng:56aadbf567e58e38d4000976.AWCN1_1|spdy_0rtt_acs] delay:45051
I/awcn.TnetSpdySession( 2877): |[seq:umeng:56aadbf567e58e38d4000976.AWCN1_1] ping receive Host:https://umengacs.m.taobao.com id:701
D/NetworkMonitor/NetworkAgentInfo [WIFI () - 100](  595): OfflineState{ when=-81ms what=532488 arg2=1 target=com.android.internal.util.StateMachine$SmHandler }
D/NetworkMonitor/NetworkAgentInfo [WIFI () - 100](  595): DefaultState{ when=-81ms what=532488 arg2=1 target=com.android.internal.util.StateMachine$SmHandler }
D/NetworkMonitor/NetworkAgentInfo [WIFI () - 100](  595): Forcing reevaluation
D/NetworkMonitor/NetworkAgentInfo [WIFI () - 100](  595): EvaluatingState{ when=0 what=532486 arg1=45 target=com.android.internal.util.StateMachine$SmHandler }
D/NetworkMonitor/NetworkAgentInfo [WIFI () - 100](  595): Checking http://connectivitycheck.android.com/generate_204 on "WiredSSID"
D/NetworkMonitor/NetworkAgentInfo [WIFI () - 100](  595): Probably not a portal: exception java.net.SocketTimeoutException: failed to connect to connectivitycheck.android.com/216.58.200.238 (port 80) after 10000ms
D/ConnectivityService(  595): setProvNotificationVisibleIntent: E visible=false networkType=0 extraInfo=null
D/awcn.DefaultHeartbeatImpl( 2877): |[seq:umeng:56aadbf567e58e38d4000976.AWCN1_1] heartbeat session:Session@[umeng:56aadbf567e58e38d4000976.AWCN1_1|spdy_0rtt_acs]
D/awcn.TnetSpdySession( 2877): |[seq:umeng:56aadbf567e58e38d4000976.AWCN1_1] ping host:https://umengacs.m.taobao.com thread:AWCN Scheduler1
D/awcn.TnetSpdySession( 2877): |[seq:umeng:56aadbf567e58e38d4000976.AWCN1_1] https://umengacs.m.taobao.com submit ping ms:45051 force:true
D/awcn.DefaultHeartbeatImpl( 2877): |[seq:umeng:56aadbf567e58e38d4000976.AWCN1_1] reSchedule session:Session@[umeng:56aadbf567e58e38d4000976.AWCN1_1|spdy_0rtt_acs] delay:45051
I/awcn.TnetSpdySession( 2877): |[seq:umeng:56aadbf567e58e38d4000976.AWCN1_1] ping receive Host:https://umengacs.m.taobao.com id:703
D/AndroidRuntime( 4172): >>>>>> START com.android.internal.os.RuntimeInit uid 0 <<<<<<
D/AndroidRuntime( 4172): CheckJNI is OFF
E/memtrack( 4172): Couldn't load memtrack module (No such file or directory)
E/android.os.Debug( 4172): failed to load memtrack module: -2
D/AndroidRuntime( 4172): Calling main entry com.android.commands.wm.Wm
D/AndroidRuntime( 4172): Shutting down VM
D/AndroidRuntime( 4193): >>>>>> START com.android.internal.os.RuntimeInit uid 0 <<<<<<
D/AndroidRuntime( 4193): CheckJNI is OFF
E/memtrack( 4193): Couldn't load memtrack module (No such file or directory)
E/android.os.Debug( 4193): failed to load memtrack module: -2
D/AndroidRuntime( 4193): Calling main entry com.android.commands.monkey.Monkey
I/art     ( 4193): System.exit called, status: -1
I/AndroidRuntime( 4193): VM exiting with result code -1.
D/awcn.DefaultHeartbeatImpl( 2877): |[seq:umeng:56aadbf567e58e38d4000976.AWCN1_1] heartbeat session:Session@[umeng:56aadbf567e58e38d4000976.AWCN1_1|spdy_0rtt_acs]
D/awcn.TnetSpdySession( 2877): |[seq:umeng:56aadbf567e58e38d4000976.AWCN1_1] ping host:https://umengacs.m.taobao.com thread:AWCN Scheduler1
D/awcn.TnetSpdySession( 2877): |[seq:umeng:56aadbf567e58e38d4000976.AWCN1_1] https://umengacs.m.taobao.com submit ping ms:45051 force:true
D/awcn.DefaultHeartbeatImpl( 2877): |[seq:umeng:56aadbf567e58e38d4000976.AWCN1_1] reSchedule session:Session@[umeng:56aadbf567e58e38d4000976.AWCN1_1|spdy_0rtt_acs] delay:45051
I/awcn.TnetSpdySession( 2877): |[seq:umeng:56aadbf567e58e38d4000976.AWCN1_1] ping receive Host:https://umengacs.m.taobao.com id:705
I/tnet-jni( 1218): 101 - [spdyPingRecvCallback] - 
I/tnet-jni( 1218): 101 - [SpdySessionCallBack.spdyPingRecvCallback] - org.android.spdy.SpdySession@1aadeaa8
D/accs.SpdyConnection( 1218):  spdyPingRecvCallback uniId:234
D/accs.MessageHandler( 1218):  onRcvPing
D/accs.HeartbeatManager( 1218):  onHeartbeatSucc
D/accs.OrangeAdapter( 1218):  isSmartHb result:true
D/accs.HeartbeatManager( 1218):  set 480
I/tnet-jni( 1301): 101 - [spdyPingRecvCallback] - 
I/tnet-jni( 1301): 101 - [SpdySessionCallBack.spdyPingRecvCallback] - org.android.spdy.SpdySession@37b553dc
D/accs.SilenceConn_umeng:56aadbf567e58e38d4000976( 1301):  spdyPingRecvCallback uniId:234
D/accs.MsgRecv_umeng:56aadbf567e58e38d4000976( 1301):  onRcvPing
D/accs.HeartbeatManager( 1301):  onHeartbeatSucc
D/accs.OrangeAdapter( 1301):  isSmartHb result:true
D/accs.HeartbeatManager( 1301):  set 480
D/awcn.DefaultHeartbeatImpl( 2877): |[seq:umeng:56aadbf567e58e38d4000976.AWCN1_1] heartbeat session:Session@[umeng:56aadbf567e58e38d4000976.AWCN1_1|spdy_0rtt_acs]
D/awcn.TnetSpdySession( 2877): |[seq:umeng:56aadbf567e58e38d4000976.AWCN1_1] ping host:https://umengacs.m.taobao.com thread:AWCN Scheduler1
D/awcn.TnetSpdySession( 2877): |[seq:umeng:56aadbf567e58e38d4000976.AWCN1_1] https://umengacs.m.taobao.com submit ping ms:45051 force:true
D/awcn.DefaultHeartbeatImpl( 2877): |[seq:umeng:56aadbf567e58e38d4000976.AWCN1_1] reSchedule session:Session@[umeng:56aadbf567e58e38d4000976.AWCN1_1|spdy_0rtt_acs] delay:45051
I/awcn.TnetSpdySession( 2877): |[seq:umeng:56aadbf567e58e38d4000976.AWCN1_1] ping receive Host:https://umengacs.m.taobao.com id:707
D/awcn.DefaultHeartbeatImpl( 2877): |[seq:umeng:56aadbf567e58e38d4000976.AWCN1_1] heartbeat session:Session@[umeng:56aadbf567e58e38d4000976.AWCN1_1|spdy_0rtt_acs]
D/awcn.TnetSpdySession( 2877): |[seq:umeng:56aadbf567e58e38d4000976.AWCN1_1] ping host:https://umengacs.m.taobao.com thread:AWCN Scheduler1
D/awcn.TnetSpdySession( 2877): |[seq:umeng:56aadbf567e58e38d4000976.AWCN1_1] https://umengacs.m.taobao.com submit ping ms:45050 force:true
D/awcn.DefaultHeartbeatImpl( 2877): |[seq:umeng:56aadbf567e58e38d4000976.AWCN1_1] reSchedule session:Session@[umeng:56aadbf567e58e38d4000976.AWCN1_1|spdy_0rtt_acs] delay:45050
I/awcn.TnetSpdySession( 2877): |[seq:umeng:56aadbf567e58e38d4000976.AWCN1_1] ping receive Host:https://umengacs.m.taobao.com id:709
D/awcn.DefaultHeartbeatImpl( 2877): |[seq:umeng:56aadbf567e58e38d4000976.AWCN1_1] heartbeat session:Session@[umeng:56aadbf567e58e38d4000976.AWCN1_1|spdy_0rtt_acs]
D/awcn.TnetSpdySession( 2877): |[seq:umeng:56aadbf567e58e38d4000976.AWCN1_1] ping host:https://umengacs.m.taobao.com thread:AWCN Scheduler1
D/awcn.TnetSpdySession( 2877): |[seq:umeng:56aadbf567e58e38d4000976.AWCN1_1] https://umengacs.m.taobao.com submit ping ms:45052 force:true
D/awcn.DefaultHeartbeatImpl( 2877): |[seq:umeng:56aadbf567e58e38d4000976.AWCN1_1] reSchedule session:Session@[umeng:56aadbf567e58e38d4000976.AWCN1_1|spdy_0rtt_acs] delay:45052
I/awcn.TnetSpdySession( 2877): |[seq:umeng:56aadbf567e58e38d4000976.AWCN1_1] ping receive Host:https://umengacs.m.taobao.com id:711
D/awcn.DefaultHeartbeatImpl( 2877): |[seq:umeng:56aadbf567e58e38d4000976.AWCN1_1] heartbeat session:Session@[umeng:56aadbf567e58e38d4000976.AWCN1_1|spdy_0rtt_acs]
D/awcn.TnetSpdySession( 2877): |[seq:umeng:56aadbf567e58e38d4000976.AWCN1_1] ping host:https://umengacs.m.taobao.com thread:AWCN Scheduler1
D/awcn.TnetSpdySession( 2877): |[seq:umeng:56aadbf567e58e38d4000976.AWCN1_1] https://umengacs.m.taobao.com submit ping ms:45050 force:true
D/awcn.DefaultHeartbeatImpl( 2877): |[seq:umeng:56aadbf567e58e38d4000976.AWCN1_1] reSchedule session:Session@[umeng:56aadbf567e58e38d4000976.AWCN1_1|spdy_0rtt_acs] delay:45051
I/awcn.TnetSpdySession( 2877): |[seq:umeng:56aadbf567e58e38d4000976.AWCN1_1] ping receive Host:https://umengacs.m.taobao.com id:713
D/awcn.DefaultHeartbeatImpl( 2877): |[seq:umeng:56aadbf567e58e38d4000976.AWCN1_1] heartbeat session:Session@[umeng:56aadbf567e58e38d4000976.AWCN1_1|spdy_0rtt_acs]
D/awcn.TnetSpdySession( 2877): |[seq:umeng:56aadbf567e58e38d4000976.AWCN1_1] ping host:https://umengacs.m.taobao.com thread:AWCN Scheduler1
D/awcn.TnetSpdySession( 2877): |[seq:umeng:56aadbf567e58e38d4000976.AWCN1_1] https://umengacs.m.taobao.com submit ping ms:45051 force:true
D/awcn.DefaultHeartbeatImpl( 2877): |[seq:umeng:56aadbf567e58e38d4000976.AWCN1_1] reSchedule session:Session@[umeng:56aadbf567e58e38d4000976.AWCN1_1|spdy_0rtt_acs] delay:45051
I/awcn.TnetSpdySession( 2877): |[seq:umeng:56aadbf567e58e38d4000976.AWCN1_1] ping receive Host:https://umengacs.m.taobao.com id:715
I/tnet-jni( 1218): 101 - [spdyPingRecvCallback] - 
I/tnet-jni( 1218): 101 - [SpdySessionCallBack.spdyPingRecvCallback] - org.android.spdy.SpdySession@1aadeaa8
D/accs.SpdyConnection( 1218):  spdyPingRecvCallback uniId:236
D/accs.MessageHandler( 1218):  onRcvPing
D/accs.HeartbeatManager( 1218):  onHeartbeatSucc
D/accs.OrangeAdapter( 1218):  isSmartHb result:true
D/accs.HeartbeatManager( 1218):  set 480
D/accs.UtilityImpl( 1218):  setServiceTime:1512061622529
I/tnet-jni( 1301): 101 - [spdyPingRecvCallback] - 
I/tnet-jni( 1301): 101 - [SpdySessionCallBack.spdyPingRecvCallback] - org.android.spdy.SpdySession@37b553dc
D/accs.SilenceConn_umeng:56aadbf567e58e38d4000976( 1301):  spdyPingRecvCallback uniId:236
D/accs.MsgRecv_umeng:56aadbf567e58e38d4000976( 1301):  onRcvPing
D/accs.HeartbeatManager( 1301):  onHeartbeatSucc
D/accs.OrangeAdapter( 1301):  isSmartHb result:true
D/accs.HeartbeatManager( 1301):  set 480
D/accs.UtilityImpl( 1301):  setServiceTime:1512061623501
D/AndroidRuntime( 4887): >>>>>> START com.android.internal.os.RuntimeInit uid 0 <<<<<<
D/AndroidRuntime( 4887): CheckJNI is OFF
E/memtrack( 4887): Couldn't load memtrack module (No such file or directory)
E/android.os.Debug( 4887): failed to load memtrack module: -2
D/AndroidRuntime( 4887): Calling main entry com.android.commands.wm.Wm
D/AndroidRuntime( 4887): Shutting down VM
D/AndroidRuntime( 4908): >>>>>> START com.android.internal.os.RuntimeInit uid 0 <<<<<<
D/AndroidRuntime( 4908): CheckJNI is OFF
E/memtrack( 4908): Couldn't load memtrack module (No such file or directory)
E/android.os.Debug( 4908): failed to load memtrack module: -2
D/AndroidRuntime( 4908): Calling main entry com.android.commands.monkey.Monkey
W/BroadcastQueue(  595): Skipping deliver [background] BroadcastRecord{e408bef u-1 android.net.conn.CONNECTIVITY_CHANGE} to ReceiverList{25f896fc 4908 (unknown name)/0/u-1 remote:1f2e51c9}: process crashing
I/art     ( 4908): System.exit called, status: -4
I/AndroidRuntime( 4908): VM exiting with result code -4.
