I/art     (  774): Explicit concurrent mark sweep GC freed 6802(273KB) AllocSpace objects, 0(0B) LOS objects, 33% free, 9MB/14MB, paused 684us total 15.964ms
I/art     (  877): Explicit concurrent mark sweep GC freed 3622(188KB) AllocSpace objects, 0(0B) LOS objects, 39% free, 9MB/15MB, paused 251us total 9.397ms
I/art     (  774): Explicit concurrent mark sweep GC freed 6452(258KB) AllocSpace objects, 0(0B) LOS objects, 33% free, 9MB/14MB, paused 303us total 15.642ms
I/art     (  877): Explicit concurrent mark sweep GC freed 3621(188KB) AllocSpace objects, 0(0B) LOS objects, 39% free, 9MB/15MB, paused 509us total 10.541ms
I/art     (  774): Explicit concurrent mark sweep GC freed 6431(256KB) AllocSpace objects, 0(0B) LOS objects, 33% free, 9MB/14MB, paused 435us total 16.523ms
I/art     (  877): Explicit concurrent mark sweep GC freed 3612(188KB) AllocSpace objects, 0(0B) LOS objects, 39% free, 9MB/15MB, paused 277us total 9.104ms
I/art     (  774): Explicit concurrent mark sweep GC freed 6314(251KB) AllocSpace objects, 0(0B) LOS objects, 33% free, 9MB/14MB, paused 250us total 16.622ms
I/art     (  877): Explicit concurrent mark sweep GC freed 3621(188KB) AllocSpace objects, 0(0B) LOS objects, 39% free, 9MB/15MB, paused 213us total 9.298ms
I/art     (  774): Explicit concurrent mark sweep GC freed 6424(256KB) AllocSpace objects, 0(0B) LOS objects, 33% free, 9MB/14MB, paused 473us total 18.312ms
I/art     (  877): Explicit concurrent mark sweep GC freed 3622(188KB) AllocSpace objects, 0(0B) LOS objects, 39% free, 9MB/15MB, paused 196us total 9.827ms
I/art     (  774): Explicit concurrent mark sweep GC freed 6452(258KB) AllocSpace objects, 0(0B) LOS objects, 33% free, 9MB/14MB, paused 250us total 16.198ms
D/Genyd   (  117): Received Set Clipboard
D/Genymotion(  117): Received Set Clipboard
I/art     (  877): Explicit concurrent mark sweep GC freed 3621(188KB) AllocSpace objects, 0(0B) LOS objects, 39% free, 9MB/15MB, paused 248us total 8.920ms
D/awcn.DefaultHeartbeatImpl( 1574): |[seq:umeng:56aadbf567e58e38d4000976.AWCN1_1] heartbeat session:Session@[umeng:56aadbf567e58e38d4000976.AWCN1_1|http2_0rtt_acs]
D/awcn.TnetSpdySession( 1574): |[seq:umeng:56aadbf567e58e38d4000976.AWCN1_1] ping host:https://umengacs.m.taobao.com thread:AWCN Scheduler1
D/awcn.TnetSpdySession( 1574): |[seq:umeng:56aadbf567e58e38d4000976.AWCN1_1] https://umengacs.m.taobao.com submit ping ms:45051 force:true
D/awcn.DefaultHeartbeatImpl( 1574): |[seq:umeng:56aadbf567e58e38d4000976.AWCN1_1] reSchedule session:Session@[umeng:56aadbf567e58e38d4000976.AWCN1_1|http2_0rtt_acs] delay:45051
I/awcn.TnetSpdySession( 1574): |[seq:umeng:56aadbf567e58e38d4000976.AWCN1_1] ping receive Host:https://umengacs.m.taobao.com id:369
I/art     (  774): Explicit concurrent mark sweep GC freed 6718(288KB) AllocSpace objects, 0(0B) LOS objects, 33% free, 9MB/14MB, paused 269us total 15.563ms
I/art     (  877): Explicit concurrent mark sweep GC freed 3612(188KB) AllocSpace objects, 0(0B) LOS objects, 40% free, 9MB/15MB, paused 175us total 8.610ms
I/art     (  774): Explicit concurrent mark sweep GC freed 6318(251KB) AllocSpace objects, 0(0B) LOS objects, 33% free, 9MB/14MB, paused 465us total 16.631ms
I/tnet-jni( 1419): 101 - [spdyPingRecvCallback] - 
I/tnet-jni( 1419): 101 - [SpdySessionCallBack.spdyPingRecvCallback] - org.android.spdy.SpdySession@15ea5a37
D/accs.SpdyConnection( 1419):  spdyPingRecvCallback uniId:80
D/accs.MessageHandler( 1419):  onRcvPing
D/accs.HeartbeatManager( 1419):  onHeartbeatSucc
D/accs.OrangeAdapter( 1419):  isSmartHb result:true
D/accs.HeartbeatManager( 1419):  set 360
D/accs.UtilityImpl( 1419):  setServiceTime:1512203572593
D/Genyd   (  117): Received Set Clipboard
D/Genymotion(  117): Received Set Clipboard
I/art     (  877): Explicit concurrent mark sweep GC freed 3621(188KB) AllocSpace objects, 0(0B) LOS objects, 40% free, 9MB/15MB, paused 191us total 11.016ms
I/art     (  774): Explicit concurrent mark sweep GC freed 6550(262KB) AllocSpace objects, 0(0B) LOS objects, 33% free, 9MB/14MB, paused 408us total 16.518ms
I/art     (  877): Explicit concurrent mark sweep GC freed 3622(188KB) AllocSpace objects, 0(0B) LOS objects, 40% free, 9MB/15MB, paused 364us total 11.585ms
I/art     (  774): Explicit concurrent mark sweep GC freed 6452(258KB) AllocSpace objects, 0(0B) LOS objects, 33% free, 9MB/14MB, paused 426us total 21.496ms
I/tnet-jni( 1467): 104 - [spdyPingRecvCallback] - 
I/tnet-jni( 1467): 104 - [SpdySessionCallBack.spdyPingRecvCallback] - org.android.spdy.SpdySession@26860312
D/accs.SilenceConn_umeng:56aadbf567e58e38d4000976( 1467):  spdyPingRecvCallback uniId:80
D/accs.MsgRecv_umeng:56aadbf567e58e38d4000976( 1467):  onRcvPing
D/accs.HeartbeatManager( 1467):  onHeartbeatSucc
D/accs.OrangeAdapter( 1467):  isSmartHb result:true
D/accs.HeartbeatManager( 1467):  set 360
D/accs.UtilityImpl( 1467):  setServiceTime:1512203583471
I/art     (  877): Explicit concurrent mark sweep GC freed 3946(201KB) AllocSpace objects, 0(0B) LOS objects, 40% free, 9MB/15MB, paused 685us total 13.714ms
I/art     (  774): Explicit concurrent mark sweep GC freed 6797(276KB) AllocSpace objects, 0(0B) LOS objects, 33% free, 9MB/14MB, paused 600us total 17.496ms
I/art     (  877): Explicit concurrent mark sweep GC freed 3632(188KB) AllocSpace objects, 0(0B) LOS objects, 39% free, 9MB/15MB, paused 354us total 10.524ms
I/art     (  774): Explicit concurrent mark sweep GC freed 6822(274KB) AllocSpace objects, 0(0B) LOS objects, 33% free, 9MB/14MB, paused 396us total 16.571ms
I/art     (  877): Explicit concurrent mark sweep GC freed 3622(188KB) AllocSpace objects, 0(0B) LOS objects, 39% free, 9MB/15MB, paused 214us total 10.594ms
I/art     (  774): Explicit concurrent mark sweep GC freed 5964(236KB) AllocSpace objects, 0(0B) LOS objects, 33% free, 9MB/14MB, paused 249us total 15.641ms
I/art     (  877): Explicit concurrent mark sweep GC freed 3621(188KB) AllocSpace objects, 0(0B) LOS objects, 39% free, 9MB/15MB, paused 172us total 10.845ms
I/art     (  774): Explicit concurrent mark sweep GC freed 6422(256KB) AllocSpace objects, 0(0B) LOS objects, 33% free, 9MB/14MB, paused 316us total 18.643ms
I/art     (  877): Explicit concurrent mark sweep GC freed 3612(188KB) AllocSpace objects, 0(0B) LOS objects, 39% free, 9MB/15MB, paused 692us total 32.257ms
I/art     (  774): Explicit concurrent mark sweep GC freed 6757(283KB) AllocSpace objects, 1(16KB) LOS objects, 33% free, 9MB/14MB, paused 436us total 17.114ms
D/awcn.DefaultHeartbeatImpl( 1574): |[seq:umeng:56aadbf567e58e38d4000976.AWCN1_1] heartbeat session:Session@[umeng:56aadbf567e58e38d4000976.AWCN1_1|http2_0rtt_acs]
D/awcn.TnetSpdySession( 1574): |[seq:umeng:56aadbf567e58e38d4000976.AWCN1_1] ping host:https://umengacs.m.taobao.com thread:AWCN Scheduler1
D/awcn.TnetSpdySession( 1574): |[seq:umeng:56aadbf567e58e38d4000976.AWCN1_1] https://umengacs.m.taobao.com submit ping ms:45051 force:true
D/awcn.DefaultHeartbeatImpl( 1574): |[seq:umeng:56aadbf567e58e38d4000976.AWCN1_1] reSchedule session:Session@[umeng:56aadbf567e58e38d4000976.AWCN1_1|http2_0rtt_acs] delay:45051
I/awcn.TnetSpdySession( 1574): |[seq:umeng:56aadbf567e58e38d4000976.AWCN1_1] ping receive Host:https://umengacs.m.taobao.com id:371
I/art     (  877): Explicit concurrent mark sweep GC freed 3621(188KB) AllocSpace objects, 0(0B) LOS objects, 39% free, 9MB/15MB, paused 275us total 10.327ms
I/art     (  774): Explicit concurrent mark sweep GC freed 6813(274KB) AllocSpace objects, 0(0B) LOS objects, 33% free, 9MB/14MB, paused 681us total 35.433ms
I/art     (  877): Explicit concurrent mark sweep GC freed 3622(188KB) AllocSpace objects, 0(0B) LOS objects, 39% free, 9MB/15MB, paused 202us total 10.364ms
I/art     (  774): Explicit concurrent mark sweep GC freed 6452(258KB) AllocSpace objects, 0(0B) LOS objects, 33% free, 9MB/14MB, paused 831us total 24.655ms
I/art     (  877): Explicit concurrent mark sweep GC freed 3621(188KB) AllocSpace objects, 0(0B) LOS objects, 39% free, 9MB/15MB, paused 362us total 10.473ms
I/art     (  774): Explicit concurrent mark sweep GC freed 6156(262KB) AllocSpace objects, 0(0B) LOS objects, 33% free, 9MB/14MB, paused 897us total 21.492ms
I/art     (  877): Explicit concurrent mark sweep GC freed 3612(188KB) AllocSpace objects, 0(0B) LOS objects, 40% free, 9MB/15MB, paused 240us total 10.783ms
I/art     (  774): Explicit concurrent mark sweep GC freed 6800(274KB) AllocSpace objects, 0(0B) LOS objects, 33% free, 9MB/14MB, paused 362us total 16.670ms
I/art     (  877): Explicit concurrent mark sweep GC freed 3621(188KB) AllocSpace objects, 0(0B) LOS objects, 40% free, 9MB/15MB, paused 218us total 9.285ms
I/art     (  774): Explicit concurrent mark sweep GC freed 6433(255KB) AllocSpace objects, 0(0B) LOS objects, 33% free, 9MB/14MB, paused 781us total 17.377ms
I/art     (  877): Explicit concurrent mark sweep GC freed 3622(188KB) AllocSpace objects, 0(0B) LOS objects, 40% free, 9MB/15MB, paused 190us total 9.448ms
I/art     (  774): Explicit concurrent mark sweep GC freed 6452(258KB) AllocSpace objects, 0(0B) LOS objects, 33% free, 9MB/14MB, paused 315us total 17.031ms
I/art     (  877): Explicit concurrent mark sweep GC freed 3946(201KB) AllocSpace objects, 0(0B) LOS objects, 40% free, 9MB/15MB, paused 269us total 11.184ms
I/art     (  774): Explicit concurrent mark sweep GC freed 6519(260KB) AllocSpace objects, 0(0B) LOS objects, 33% free, 9MB/14MB, paused 433us total 21.519ms
D/Genyd   (  117): Received Set Clipboard
D/Genymotion(  117): Received Set Clipboard
I/art     (  877): Explicit concurrent mark sweep GC freed 3632(188KB) AllocSpace objects, 0(0B) LOS objects, 39% free, 9MB/15MB, paused 176us total 11.117ms
I/art     (  774): Explicit concurrent mark sweep GC freed 6690(269KB) AllocSpace objects, 0(0B) LOS objects, 33% free, 9MB/14MB, paused 517us total 20.982ms
D/awcn.DefaultHeartbeatImpl( 1574): |[seq:umeng:56aadbf567e58e38d4000976.AWCN1_1] heartbeat session:Session@[umeng:56aadbf567e58e38d4000976.AWCN1_1|http2_0rtt_acs]
D/awcn.TnetSpdySession( 1574): |[seq:umeng:56aadbf567e58e38d4000976.AWCN1_1] ping host:https://umengacs.m.taobao.com thread:AWCN Scheduler1
D/awcn.TnetSpdySession( 1574): |[seq:umeng:56aadbf567e58e38d4000976.AWCN1_1] https://umengacs.m.taobao.com submit ping ms:45050 force:true
D/awcn.DefaultHeartbeatImpl( 1574): |[seq:umeng:56aadbf567e58e38d4000976.AWCN1_1] reSchedule session:Session@[umeng:56aadbf567e58e38d4000976.AWCN1_1|http2_0rtt_acs] delay:45050
I/awcn.TnetSpdySession( 1574): |[seq:umeng:56aadbf567e58e38d4000976.AWCN1_1] ping receive Host:https://umengacs.m.taobao.com id:373
I/art     (  877): Explicit concurrent mark sweep GC freed 3621(188KB) AllocSpace objects, 0(0B) LOS objects, 39% free, 9MB/15MB, paused 421us total 11.680ms
I/art     (  774): Explicit concurrent mark sweep GC freed 6447(257KB) AllocSpace objects, 0(0B) LOS objects, 33% free, 9MB/14MB, paused 457us total 22.492ms
I/art     (  877): Explicit concurrent mark sweep GC freed 3622(188KB) AllocSpace objects, 0(0B) LOS objects, 39% free, 9MB/15MB, paused 401us total 10.467ms
I/art     (  774): Explicit concurrent mark sweep GC freed 6431(256KB) AllocSpace objects, 0(0B) LOS objects, 33% free, 9MB/14MB, paused 588us total 21.608ms
I/art     (  877): Explicit concurrent mark sweep GC freed 3612(188KB) AllocSpace objects, 0(0B) LOS objects, 39% free, 9MB/15MB, paused 287us total 10.350ms
I/art     (  774): Explicit concurrent mark sweep GC freed 6436(257KB) AllocSpace objects, 0(0B) LOS objects, 33% free, 9MB/14MB, paused 288us total 16.009ms
I/art     (  877): Explicit concurrent mark sweep GC freed 3621(188KB) AllocSpace objects, 0(0B) LOS objects, 39% free, 9MB/15MB, paused 182us total 9.271ms
I/art     (  774): Explicit concurrent mark sweep GC freed 6805(273KB) AllocSpace objects, 0(0B) LOS objects, 33% free, 9MB/14MB, paused 759us total 25.051ms
I/art     (  877): Explicit concurrent mark sweep GC freed 3622(188KB) AllocSpace objects, 0(0B) LOS objects, 39% free, 9MB/15MB, paused 333us total 10.219ms
I/art     (  774): Explicit concurrent mark sweep GC freed 5961(235KB) AllocSpace objects, 0(0B) LOS objects, 33% free, 9MB/14MB, paused 304us total 16.167ms
I/art     (  877): Explicit concurrent mark sweep GC freed 3621(188KB) AllocSpace objects, 0(0B) LOS objects, 39% free, 9MB/15MB, paused 352us total 17.230ms
I/art     (  774): Explicit concurrent mark sweep GC freed 6638(285KB) AllocSpace objects, 0(0B) LOS objects, 33% free, 9MB/14MB, paused 285us total 16.863ms
I/art     (  877): Explicit concurrent mark sweep GC freed 3612(188KB) AllocSpace objects, 0(0B) LOS objects, 40% free, 9MB/15MB, paused 169us total 11.031ms
I/art     (  774): Explicit concurrent mark sweep GC freed 6809(274KB) AllocSpace objects, 0(0B) LOS objects, 33% free, 9MB/14MB, paused 459us total 17.571ms
I/art     (  877): Explicit concurrent mark sweep GC freed 3621(188KB) AllocSpace objects, 0(0B) LOS objects, 40% free, 9MB/15MB, paused 189us total 10.674ms
I/art     (  774): Explicit concurrent mark sweep GC freed 6433(256KB) AllocSpace objects, 0(0B) LOS objects, 33% free, 9MB/14MB, paused 320us total 16.014ms
I/art     (  877): Explicit concurrent mark sweep GC freed 3622(188KB) AllocSpace objects, 0(0B) LOS objects, 40% free, 9MB/15MB, paused 248us total 9.934ms
I/art     (  774): Explicit concurrent mark sweep GC freed 5961(235KB) AllocSpace objects, 0(0B) LOS objects, 33% free, 9MB/14MB, paused 282us total 15.616ms
D/awcn.DefaultHeartbeatImpl( 1574): |[seq:umeng:56aadbf567e58e38d4000976.AWCN1_1] heartbeat session:Session@[umeng:56aadbf567e58e38d4000976.AWCN1_1|http2_0rtt_acs]
D/awcn.TnetSpdySession( 1574): |[seq:umeng:56aadbf567e58e38d4000976.AWCN1_1] ping host:https://umengacs.m.taobao.com thread:AWCN Scheduler1
D/awcn.TnetSpdySession( 1574): |[seq:umeng:56aadbf567e58e38d4000976.AWCN1_1] https://umengacs.m.taobao.com submit ping ms:45051 force:true
D/awcn.DefaultHeartbeatImpl( 1574): |[seq:umeng:56aadbf567e58e38d4000976.AWCN1_1] reSchedule session:Session@[umeng:56aadbf567e58e38d4000976.AWCN1_1|http2_0rtt_acs] delay:45051
I/awcn.TnetSpdySession( 1574): |[seq:umeng:56aadbf567e58e38d4000976.AWCN1_1] ping receive Host:https://umengacs.m.taobao.com id:375
I/art     (  877): Explicit concurrent mark sweep GC freed 3946(201KB) AllocSpace objects, 0(0B) LOS objects, 40% free, 9MB/15MB, paused 410us total 13.925ms
I/art     (  774): Explicit concurrent mark sweep GC freed 6543(260KB) AllocSpace objects, 0(0B) LOS objects, 33% free, 9MB/14MB, paused 644us total 25.177ms
I/art     (  877): Explicit concurrent mark sweep GC freed 3632(188KB) AllocSpace objects, 0(0B) LOS objects, 39% free, 9MB/15MB, paused 321us total 12.754ms
I/art     (  774): Explicit concurrent mark sweep GC freed 6858(277KB) AllocSpace objects, 0(0B) LOS objects, 33% free, 9MB/14MB, paused 346us total 20.918ms
I/art     (  877): Explicit concurrent mark sweep GC freed 3621(188KB) AllocSpace objects, 0(0B) LOS objects, 39% free, 9MB/15MB, paused 346us total 13.069ms
I/art     (  774): Explicit concurrent mark sweep GC freed 6437(256KB) AllocSpace objects, 0(0B) LOS objects, 33% free, 9MB/14MB, paused 300us total 17.243ms
I/art     (  877): Explicit concurrent mark sweep GC freed 3622(188KB) AllocSpace objects, 0(0B) LOS objects, 39% free, 9MB/15MB, paused 998us total 15.412ms
I/art     (  774): Explicit concurrent mark sweep GC freed 6452(258KB) AllocSpace objects, 0(0B) LOS objects, 33% free, 9MB/14MB, paused 259us total 17.619ms
I/art     (  877): Explicit concurrent mark sweep GC freed 3621(188KB) AllocSpace objects, 0(0B) LOS objects, 39% free, 9MB/15MB, paused 1.131ms total 16.905ms
I/art     (  774): Explicit concurrent mark sweep GC freed 5940(234KB) AllocSpace objects, 0(0B) LOS objects, 33% free, 9MB/14MB, paused 296us total 14.875ms
I/art     (  877): Explicit concurrent mark sweep GC freed 3612(188KB) AllocSpace objects, 0(0B) LOS objects, 39% free, 9MB/15MB, paused 525us total 13.445ms
I/art     (  774): Explicit concurrent mark sweep GC freed 6796(273KB) AllocSpace objects, 0(0B) LOS objects, 33% free, 9MB/14MB, paused 448us total 17.713ms
I/art     (  877): Explicit concurrent mark sweep GC freed 3622(188KB) AllocSpace objects, 0(0B) LOS objects, 39% free, 9MB/15MB, paused 438us total 14.916ms
I/art     (  774): Explicit concurrent mark sweep GC freed 6455(258KB) AllocSpace objects, 0(0B) LOS objects, 33% free, 9MB/14MB, paused 487us total 17.240ms
D/NetworkMonitor/NetworkAgentInfo [WIFI () - 100](  774): OfflineState{ when=-67ms what=532488 arg2=1 target=com.android.internal.util.StateMachine$SmHandler }
D/NetworkMonitor/NetworkAgentInfo [WIFI () - 100](  774): DefaultState{ when=-67ms what=532488 arg2=1 target=com.android.internal.util.StateMachine$SmHandler }
D/NetworkMonitor/NetworkAgentInfo [WIFI () - 100](  774): Forcing reevaluation
D/NetworkMonitor/NetworkAgentInfo [WIFI () - 100](  774): EvaluatingState{ when=0 what=532486 arg1=17 target=com.android.internal.util.StateMachine$SmHandler }
D/NetworkMonitor/NetworkAgentInfo [WIFI () - 100](  774): Checking http://connectivitycheck.android.com/generate_204 on "WiredSSID"
I/art     (  877): Explicit concurrent mark sweep GC freed 3621(188KB) AllocSpace objects, 0(0B) LOS objects, 39% free, 9MB/15MB, paused 297us total 13.857ms
I/art     (  774): Explicit concurrent mark sweep GC freed 6609(266KB) AllocSpace objects, 0(0B) LOS objects, 33% free, 9MB/14MB, paused 302us total 21.226ms
D/awcn.DefaultHeartbeatImpl( 1574): |[seq:umeng:56aadbf567e58e38d4000976.AWCN1_1] heartbeat session:Session@[umeng:56aadbf567e58e38d4000976.AWCN1_1|http2_0rtt_acs]
D/awcn.TnetSpdySession( 1574): |[seq:umeng:56aadbf567e58e38d4000976.AWCN1_1] ping host:https://umengacs.m.taobao.com thread:AWCN Scheduler1
D/awcn.TnetSpdySession( 1574): |[seq:umeng:56aadbf567e58e38d4000976.AWCN1_1] https://umengacs.m.taobao.com submit ping ms:45051 force:true
D/awcn.DefaultHeartbeatImpl( 1574): |[seq:umeng:56aadbf567e58e38d4000976.AWCN1_1] reSchedule session:Session@[umeng:56aadbf567e58e38d4000976.AWCN1_1|http2_0rtt_acs] delay:45051
I/awcn.TnetSpdySession( 1574): |[seq:umeng:56aadbf567e58e38d4000976.AWCN1_1] ping receive Host:https://umengacs.m.taobao.com id:377
I/art     (  877): Explicit concurrent mark sweep GC freed 3612(188KB) AllocSpace objects, 0(0B) LOS objects, 40% free, 9MB/15MB, paused 529us total 14.704ms
I/art     (  774): Explicit concurrent mark sweep GC freed 6649(285KB) AllocSpace objects, 0(0B) LOS objects, 33% free, 9MB/14MB, paused 309us total 19.974ms
D/NetworkMonitor/NetworkAgentInfo [WIFI () - 100](  774): Probably not a portal: exception java.net.SocketTimeoutException: failed to connect to connectivitycheck.android.com/172.217.24.14 (port 80) after 10000ms
D/ConnectivityService(  774): setProvNotificationVisibleIntent: E visible=false networkType=0 extraInfo=null
I/art     (  877): Explicit concurrent mark sweep GC freed 3621(188KB) AllocSpace objects, 0(0B) LOS objects, 40% free, 9MB/15MB, paused 393us total 14.189ms
I/art     (  774): Explicit concurrent mark sweep GC freed 6694(271KB) AllocSpace objects, 0(0B) LOS objects, 33% free, 9MB/14MB, paused 437us total 16.144ms
I/art     (  877): Explicit concurrent mark sweep GC freed 3622(188KB) AllocSpace objects, 0(0B) LOS objects, 40% free, 9MB/15MB, paused 527us total 13.997ms
I/art     (  774): Explicit concurrent mark sweep GC freed 6465(259KB) AllocSpace objects, 0(0B) LOS objects, 33% free, 9MB/14MB, paused 430us total 16.573ms
I/art     (  877): Explicit concurrent mark sweep GC freed 3946(201KB) AllocSpace objects, 0(0B) LOS objects, 40% free, 9MB/15MB, paused 312us total 16.238ms
I/art     (  774): Explicit concurrent mark sweep GC freed 6518(260KB) AllocSpace objects, 0(0B) LOS objects, 33% free, 9MB/14MB, paused 749us total 18.006ms
I/art     (  877): Explicit concurrent mark sweep GC freed 3632(188KB) AllocSpace objects, 0(0B) LOS objects, 39% free, 9MB/15MB, paused 609us total 14.112ms
I/art     (  774): Explicit concurrent mark sweep GC freed 6847(276KB) AllocSpace objects, 0(0B) LOS objects, 33% free, 9MB/14MB, paused 486us total 16.707ms
I/art     (  877): Explicit concurrent mark sweep GC freed 3621(188KB) AllocSpace objects, 0(0B) LOS objects, 39% free, 9MB/15MB, paused 376us total 14.108ms
I/art     (  774): Explicit concurrent mark sweep GC freed 6437(257KB) AllocSpace objects, 0(0B) LOS objects, 33% free, 9MB/14MB, paused 264us total 19.191ms
I/art     (  877): Explicit concurrent mark sweep GC freed 3622(188KB) AllocSpace objects, 0(0B) LOS objects, 39% free, 9MB/15MB, paused 351us total 15.137ms
I/art     (  774): Explicit concurrent mark sweep GC freed 5961(235KB) AllocSpace objects, 0(0B) LOS objects, 33% free, 9MB/14MB, paused 461us total 16.122ms
I/tnet-jni( 1419): 101 - [spdyPingRecvCallback] - 
I/tnet-jni( 1419): 101 - [SpdySessionCallBack.spdyPingRecvCallback] - org.android.spdy.SpdySession@15ea5a37
D/accs.SpdyConnection( 1419):  spdyPingRecvCallback uniId:82
D/accs.MessageHandler( 1419):  onRcvPing
D/accs.HeartbeatManager( 1419):  onHeartbeatSucc
D/accs.OrangeAdapter( 1419):  isSmartHb result:true
D/accs.HeartbeatManager( 1419):  set 360
I/art     (  877): Explicit concurrent mark sweep GC freed 3621(188KB) AllocSpace objects, 0(0B) LOS objects, 39% free, 9MB/15MB, paused 180us total 9.814ms
I/art     (  774): Explicit concurrent mark sweep GC freed 6473(259KB) AllocSpace objects, 0(0B) LOS objects, 33% free, 9MB/14MB, paused 308us total 15.811ms
D/awcn.DefaultHeartbeatImpl( 1574): |[seq:umeng:56aadbf567e58e38d4000976.AWCN1_1] heartbeat session:Session@[umeng:56aadbf567e58e38d4000976.AWCN1_1|http2_0rtt_acs]
D/awcn.TnetSpdySession( 1574): |[seq:umeng:56aadbf567e58e38d4000976.AWCN1_1] ping host:https://umengacs.m.taobao.com thread:AWCN Scheduler1
D/awcn.TnetSpdySession( 1574): |[seq:umeng:56aadbf567e58e38d4000976.AWCN1_1] https://umengacs.m.taobao.com submit ping ms:45051 force:true
D/awcn.DefaultHeartbeatImpl( 1574): |[seq:umeng:56aadbf567e58e38d4000976.AWCN1_1] reSchedule session:Session@[umeng:56aadbf567e58e38d4000976.AWCN1_1|http2_0rtt_acs] delay:45051
I/awcn.TnetSpdySession( 1574): |[seq:umeng:56aadbf567e58e38d4000976.AWCN1_1] ping receive Host:https://umengacs.m.taobao.com id:379
I/art     (  877): Explicit concurrent mark sweep GC freed 3612(188KB) AllocSpace objects, 0(0B) LOS objects, 39% free, 9MB/15MB, paused 178us total 10.203ms
I/art     (  774): Explicit concurrent mark sweep GC freed 6805(273KB) AllocSpace objects, 0(0B) LOS objects, 33% free, 9MB/14MB, paused 445us total 16.378ms
I/tnet-jni( 1467): 104 - [spdyPingRecvCallback] - 
I/tnet-jni( 1467): 104 - [SpdySessionCallBack.spdyPingRecvCallback] - org.android.spdy.SpdySession@26860312
D/accs.SilenceConn_umeng:56aadbf567e58e38d4000976( 1467):  spdyPingRecvCallback uniId:82
D/accs.MsgRecv_umeng:56aadbf567e58e38d4000976( 1467):  onRcvPing
D/accs.HeartbeatManager( 1467):  onHeartbeatSucc
D/accs.OrangeAdapter( 1467):  isSmartHb result:true
D/accs.HeartbeatManager( 1467):  set 360
I/art     (  877): Explicit concurrent mark sweep GC freed 3621(188KB) AllocSpace objects, 0(0B) LOS objects, 39% free, 9MB/15MB, paused 216us total 9.922ms
I/art     (  774): Explicit concurrent mark sweep GC freed 6703(273KB) AllocSpace objects, 0(0B) LOS objects, 33% free, 9MB/14MB, paused 425us total 16.236ms
I/art     (  877): Explicit concurrent mark sweep GC freed 3622(188KB) AllocSpace objects, 0(0B) LOS objects, 39% free, 9MB/15MB, paused 338us total 9.741ms
I/art     (  774): Explicit concurrent mark sweep GC freed 5949(234KB) AllocSpace objects, 0(0B) LOS objects, 33% free, 9MB/14MB, paused 805us total 27.313ms
I/art     (  877): Explicit concurrent mark sweep GC freed 3612(188KB) AllocSpace objects, 0(0B) LOS objects, 40% free, 9MB/15MB, paused 227us total 10.672ms
I/art     (  774): Explicit concurrent mark sweep GC freed 6640(285KB) AllocSpace objects, 0(0B) LOS objects, 33% free, 9MB/14MB, paused 450us total 30.163ms
I/art     (  877): Explicit concurrent mark sweep GC freed 3621(188KB) AllocSpace objects, 0(0B) LOS objects, 40% free, 9MB/15MB, paused 338us total 12.064ms
I/art     (  774): Explicit concurrent mark sweep GC freed 7741(315KB) AllocSpace objects, 0(0B) LOS objects, 33% free, 9MB/14MB, paused 604us total 26.104ms
I/art     (  877): Explicit concurrent mark sweep GC freed 3622(188KB) AllocSpace objects, 0(0B) LOS objects, 40% free, 9MB/15MB, paused 528us total 12.609ms
I/art     (  774): Explicit concurrent mark sweep GC freed 6482(260KB) AllocSpace objects, 0(0B) LOS objects, 33% free, 9MB/14MB, paused 548us total 26.306ms
I/art     (  877): Explicit concurrent mark sweep GC freed 3947(201KB) AllocSpace objects, 0(0B) LOS objects, 40% free, 9MB/15MB, paused 382us total 9.520ms
I/art     (  774): Explicit concurrent mark sweep GC freed 6518(260KB) AllocSpace objects, 0(0B) LOS objects, 33% free, 9MB/14MB, paused 245us total 19.196ms
I/art     (  877): Explicit concurrent mark sweep GC freed 3632(188KB) AllocSpace objects, 0(0B) LOS objects, 39% free, 9MB/15MB, paused 262us total 8.933ms
I/art     (  774): Explicit concurrent mark sweep GC freed 6354(253KB) AllocSpace objects, 0(0B) LOS objects, 33% free, 9MB/14MB, paused 273us total 16.623ms
I/art     (  877): Explicit concurrent mark sweep GC freed 3621(188KB) AllocSpace objects, 0(0B) LOS objects, 39% free, 9MB/15MB, paused 322us total 14.516ms
I/art     (  774): Explicit concurrent mark sweep GC freed 6430(256KB) AllocSpace objects, 0(0B) LOS objects, 33% free, 9MB/14MB, paused 285us total 16.350ms
D/awcn.DefaultHeartbeatImpl( 1574): |[seq:umeng:56aadbf567e58e38d4000976.AWCN1_1] heartbeat session:Session@[umeng:56aadbf567e58e38d4000976.AWCN1_1|http2_0rtt_acs]
D/awcn.TnetSpdySession( 1574): |[seq:umeng:56aadbf567e58e38d4000976.AWCN1_1] ping host:https://umengacs.m.taobao.com thread:AWCN Scheduler1
D/awcn.TnetSpdySession( 1574): |[seq:umeng:56aadbf567e58e38d4000976.AWCN1_1] https://umengacs.m.taobao.com submit ping ms:45051 force:true
D/awcn.DefaultHeartbeatImpl( 1574): |[seq:umeng:56aadbf567e58e38d4000976.AWCN1_1] reSchedule session:Session@[umeng:56aadbf567e58e38d4000976.AWCN1_1|http2_0rtt_acs] delay:45051
I/awcn.TnetSpdySession( 1574): |[seq:umeng:56aadbf567e58e38d4000976.AWCN1_1] ping receive Host:https://umengacs.m.taobao.com id:381
I/art     (  877): Explicit concurrent mark sweep GC freed 3622(188KB) AllocSpace objects, 0(0B) LOS objects, 39% free, 9MB/15MB, paused 317us total 14.869ms
I/art     (  774): Explicit concurrent mark sweep GC freed 6452(258KB) AllocSpace objects, 0(0B) LOS objects, 33% free, 9MB/14MB, paused 251us total 15.614ms
I/art     (  877): Explicit concurrent mark sweep GC freed 3621(188KB) AllocSpace objects, 0(0B) LOS objects, 39% free, 9MB/15MB, paused 177us total 9.610ms
I/art     (  774): Explicit concurrent mark sweep GC freed 6431(256KB) AllocSpace objects, 0(0B) LOS objects, 33% free, 9MB/14MB, paused 271us total 15.868ms
I/art     (  877): Explicit concurrent mark sweep GC freed 3612(188KB) AllocSpace objects, 0(0B) LOS objects, 39% free, 9MB/15MB, paused 180us total 9.746ms
I/art     (  774): Explicit concurrent mark sweep GC freed 6800(272KB) AllocSpace objects, 0(0B) LOS objects, 33% free, 9MB/14MB, paused 526us total 18.473ms
I/art     (  877): Explicit concurrent mark sweep GC freed 3621(188KB) AllocSpace objects, 0(0B) LOS objects, 39% free, 9MB/15MB, paused 624us total 14.815ms
I/art     (  774): Explicit concurrent mark sweep GC freed 5947(235KB) AllocSpace objects, 0(0B) LOS objects, 33% free, 9MB/14MB, paused 534us total 27.137ms
I/art     (  877): Explicit concurrent mark sweep GC freed 3622(188KB) AllocSpace objects, 0(0B) LOS objects, 39% free, 9MB/15MB, paused 331us total 9.921ms
I/art     (  774): Explicit concurrent mark sweep GC freed 6443(258KB) AllocSpace objects, 0(0B) LOS objects, 33% free, 9MB/14MB, paused 274us total 16.157ms
I/art     (  877): Explicit concurrent mark sweep GC freed 3621(188KB) AllocSpace objects, 0(0B) LOS objects, 39% free, 9MB/15MB, paused 195us total 11.993ms
I/art     (  774): Explicit concurrent mark sweep GC freed 6647(285KB) AllocSpace objects, 0(0B) LOS objects, 33% free, 9MB/14MB, paused 364us total 33.094ms
I/art     (  877): Explicit concurrent mark sweep GC freed 3612(188KB) AllocSpace objects, 0(0B) LOS objects, 40% free, 9MB/15MB, paused 192us total 9.987ms
I/art     (  774): Explicit concurrent mark sweep GC freed 6809(273KB) AllocSpace objects, 0(0B) LOS objects, 33% free, 9MB/14MB, paused 441us total 15.994ms
D/Genyd   (  117): Received Set Clipboard
D/Genymotion(  117): Received Set Clipboard
I/art     (  877): Explicit concurrent mark sweep GC freed 3621(188KB) AllocSpace objects, 0(0B) LOS objects, 40% free, 9MB/15MB, paused 407us total 9.997ms
I/art     (  774): Explicit concurrent mark sweep GC freed 6038(239KB) AllocSpace objects, 0(0B) LOS objects, 33% free, 9MB/14MB, paused 1.827ms total 203.971ms
D/awcn.DefaultHeartbeatImpl( 1574): |[seq:umeng:56aadbf567e58e38d4000976.AWCN1_1] heartbeat session:Session@[umeng:56aadbf567e58e38d4000976.AWCN1_1|http2_0rtt_acs]
D/awcn.TnetSpdySession( 1574): |[seq:umeng:56aadbf567e58e38d4000976.AWCN1_1] ping host:https://umengacs.m.taobao.com thread:AWCN Scheduler1
D/awcn.TnetSpdySession( 1574): |[seq:umeng:56aadbf567e58e38d4000976.AWCN1_1] https://umengacs.m.taobao.com submit ping ms:45051 force:true
D/awcn.DefaultHeartbeatImpl( 1574): |[seq:umeng:56aadbf567e58e38d4000976.AWCN1_1] reSchedule session:Session@[umeng:56aadbf567e58e38d4000976.AWCN1_1|http2_0rtt_acs] delay:45051
I/awcn.TnetSpdySession( 1574): |[seq:umeng:56aadbf567e58e38d4000976.AWCN1_1] ping receive Host:https://umengacs.m.taobao.com id:383
I/art     (  877): Explicit concurrent mark sweep GC freed 3947(201KB) AllocSpace objects, 0(0B) LOS objects, 40% free, 9MB/15MB, paused 606us total 16.007ms
I/art     (  774): Explicit concurrent mark sweep GC freed 6512(259KB) AllocSpace objects, 0(0B) LOS objects, 33% free, 9MB/14MB, paused 527us total 18.474ms
I/art     (  877): Explicit concurrent mark sweep GC freed 3632(188KB) AllocSpace objects, 0(0B) LOS objects, 39% free, 9MB/15MB, paused 414us total 12.950ms
I/art     (  774): Explicit concurrent mark sweep GC freed 6471(259KB) AllocSpace objects, 0(0B) LOS objects, 33% free, 9MB/14MB, paused 397us total 15.208ms
I/art     (  877): Explicit concurrent mark sweep GC freed 3621(188KB) AllocSpace objects, 0(0B) LOS objects, 39% free, 9MB/15MB, paused 330us total 15.180ms
I/art     (  774): Explicit concurrent mark sweep GC freed 6813(273KB) AllocSpace objects, 0(0B) LOS objects, 33% free, 9MB/14MB, paused 306us total 29.025ms
I/art     (  877): Explicit concurrent mark sweep GC freed 3622(188KB) AllocSpace objects, 0(0B) LOS objects, 39% free, 9MB/15MB, paused 191us total 8.674ms
I/art     (  774): Explicit concurrent mark sweep GC freed 6452(258KB) AllocSpace objects, 0(0B) LOS objects, 33% free, 9MB/14MB, paused 498us total 17.444ms
I/art     (  877): Explicit concurrent mark sweep GC freed 3621(188KB) AllocSpace objects, 0(0B) LOS objects, 39% free, 9MB/15MB, paused 236us total 9.811ms
I/art     (  774): Explicit concurrent mark sweep GC freed 5940(234KB) AllocSpace objects, 0(0B) LOS objects, 33% free, 9MB/14MB, paused 407us total 21.021ms
I/art     (  877): Explicit concurrent mark sweep GC freed 3612(188KB) AllocSpace objects, 0(0B) LOS objects, 39% free, 9MB/15MB, paused 322us total 16.182ms
I/art     (  774): Explicit concurrent mark sweep GC freed 6796(273KB) AllocSpace objects, 0(0B) LOS objects, 33% free, 9MB/14MB, paused 319us total 23.025ms
I/art     (  877): Explicit concurrent mark sweep GC freed 3621(188KB) AllocSpace objects, 0(0B) LOS objects, 39% free, 9MB/15MB, paused 176us total 9.671ms
I/art     (  774): Explicit concurrent mark sweep GC freed 6433(257KB) AllocSpace objects, 0(0B) LOS objects, 33% free, 9MB/14MB, paused 257us total 15.996ms
I/art     (  877): Explicit concurrent mark sweep GC freed 3622(188KB) AllocSpace objects, 0(0B) LOS objects, 39% free, 9MB/15MB, paused 182us total 9.578ms
I/art     (  774): Explicit concurrent mark sweep GC freed 6516(261KB) AllocSpace objects, 0(0B) LOS objects, 33% free, 9MB/14MB, paused 594us total 16.117ms
I/art     (  877): Explicit concurrent mark sweep GC freed 3621(188KB) AllocSpace objects, 0(0B) LOS objects, 39% free, 9MB/15MB, paused 215us total 10.226ms
D/awcn.DefaultHeartbeatImpl( 1574): |[seq:umeng:56aadbf567e58e38d4000976.AWCN1_1] heartbeat session:Session@[umeng:56aadbf567e58e38d4000976.AWCN1_1|http2_0rtt_acs]
D/awcn.TnetSpdySession( 1574): |[seq:umeng:56aadbf567e58e38d4000976.AWCN1_1] ping host:https://umengacs.m.taobao.com thread:AWCN Scheduler1
D/awcn.TnetSpdySession( 1574): |[seq:umeng:56aadbf567e58e38d4000976.AWCN1_1] https://umengacs.m.taobao.com submit ping ms:45051 force:true
D/awcn.DefaultHeartbeatImpl( 1574): |[seq:umeng:56aadbf567e58e38d4000976.AWCN1_1] reSchedule session:Session@[umeng:56aadbf567e58e38d4000976.AWCN1_1|http2_0rtt_acs] delay:45051
I/awcn.TnetSpdySession( 1574): |[seq:umeng:56aadbf567e58e38d4000976.AWCN1_1] ping receive Host:https://umengacs.m.taobao.com id:385
I/art     (  774): Explicit concurrent mark sweep GC freed 6662(286KB) AllocSpace objects, 0(0B) LOS objects, 33% free, 9MB/14MB, paused 482us total 23.971ms
I/art     (  877): Explicit concurrent mark sweep GC freed 3612(188KB) AllocSpace objects, 0(0B) LOS objects, 40% free, 9MB/15MB, paused 282us total 14.517ms
I/art     (  774): Explicit concurrent mark sweep GC freed 6318(251KB) AllocSpace objects, 0(0B) LOS objects, 33% free, 9MB/14MB, paused 371us total 17.500ms
I/art     (  877): Explicit concurrent mark sweep GC freed 3621(188KB) AllocSpace objects, 0(0B) LOS objects, 40% free, 9MB/15MB, paused 194us total 11.423ms
I/art     (  774): Explicit concurrent mark sweep GC freed 6443(258KB) AllocSpace objects, 0(0B) LOS objects, 33% free, 9MB/14MB, paused 428us total 21.993ms
I/art     (  877): Explicit concurrent mark sweep GC freed 3622(188KB) AllocSpace objects, 0(0B) LOS objects, 40% free, 9MB/15MB, paused 320us total 10.505ms
D/Genyd   (  117): Received Set Clipboard
D/Genymotion(  117): Received Set Clipboard
I/art     (  774): Explicit concurrent mark sweep GC freed 6590(263KB) AllocSpace objects, 0(0B) LOS objects, 33% free, 9MB/14MB, paused 287us total 16.870ms
I/art     (  877): Explicit concurrent mark sweep GC freed 3938(200KB) AllocSpace objects, 0(0B) LOS objects, 39% free, 9MB/15MB, paused 327us total 50.417ms
I/art     (  774): Explicit concurrent mark sweep GC freed 6474(259KB) AllocSpace objects, 0(0B) LOS objects, 33% free, 9MB/14MB, paused 269us total 15.645ms
I/art     (  877): Explicit concurrent mark sweep GC freed 3641(189KB) AllocSpace objects, 0(0B) LOS objects, 39% free, 9MB/15MB, paused 179us total 9.213ms
I/art     (  774): Explicit concurrent mark sweep GC freed 6813(273KB) AllocSpace objects, 0(0B) LOS objects, 33% free, 9MB/14MB, paused 477us total 23.898ms
I/art     (  877): Explicit concurrent mark sweep GC freed 3622(188KB) AllocSpace objects, 0(0B) LOS objects, 39% free, 9MB/15MB, paused 332us total 10.322ms
D/Genyd   (  117): Received Set Clipboard
D/Genymotion(  117): Received Set Clipboard
I/art     (  774): Explicit concurrent mark sweep GC freed 6034(239KB) AllocSpace objects, 0(0B) LOS objects, 33% free, 9MB/14MB, paused 762us total 18.241ms
I/art     (  877): Explicit concurrent mark sweep GC freed 3621(188KB) AllocSpace objects, 0(0B) LOS objects, 39% free, 9MB/15MB, paused 238us total 9.267ms
I/art     (  774): Explicit concurrent mark sweep GC freed 6422(256KB) AllocSpace objects, 0(0B) LOS objects, 33% free, 9MB/14MB, paused 302us total 17.711ms
I/art     (  877): Explicit concurrent mark sweep GC freed 3612(188KB) AllocSpace objects, 0(0B) LOS objects, 39% free, 9MB/15MB, paused 491us total 16.012ms
I/art     (  774): Explicit concurrent mark sweep GC freed 6805(273KB) AllocSpace objects, 0(0B) LOS objects, 33% free, 9MB/14MB, paused 263us total 15.865ms
D/awcn.DefaultHeartbeatImpl( 1574): |[seq:umeng:56aadbf567e58e38d4000976.AWCN1_1] heartbeat session:Session@[umeng:56aadbf567e58e38d4000976.AWCN1_1|http2_0rtt_acs]
D/awcn.TnetSpdySession( 1574): |[seq:umeng:56aadbf567e58e38d4000976.AWCN1_1] ping host:https://umengacs.m.taobao.com thread:AWCN Scheduler1
D/awcn.TnetSpdySession( 1574): |[seq:umeng:56aadbf567e58e38d4000976.AWCN1_1] https://umengacs.m.taobao.com submit ping ms:45052 force:true
D/awcn.DefaultHeartbeatImpl( 1574): |[seq:umeng:56aadbf567e58e38d4000976.AWCN1_1] reSchedule session:Session@[umeng:56aadbf567e58e38d4000976.AWCN1_1|http2_0rtt_acs] delay:45052
I/awcn.TnetSpdySession( 1574): |[seq:umeng:56aadbf567e58e38d4000976.AWCN1_1] ping receive Host:https://umengacs.m.taobao.com id:387
I/art     (  877): Explicit concurrent mark sweep GC freed 3621(188KB) AllocSpace objects, 0(0B) LOS objects, 39% free, 9MB/15MB, paused 285us total 15.558ms
I/art     (  774): Explicit concurrent mark sweep GC freed 6433(257KB) AllocSpace objects, 0(0B) LOS objects, 33% free, 9MB/14MB, paused 611us total 16.135ms
I/art     (  877): Explicit concurrent mark sweep GC freed 3622(188KB) AllocSpace objects, 0(0B) LOS objects, 39% free, 9MB/15MB, paused 355us total 17.265ms
I/art     (  774): Explicit concurrent mark sweep GC freed 6452(258KB) AllocSpace objects, 0(0B) LOS objects, 33% free, 9MB/14MB, paused 512us total 20.794ms
I/art     (  877): Explicit concurrent mark sweep GC freed 3621(188KB) AllocSpace objects, 0(0B) LOS objects, 39% free, 9MB/15MB, paused 227us total 13.648ms
I/art     (  774): Explicit concurrent mark sweep GC freed 6156(262KB) AllocSpace objects, 0(0B) LOS objects, 33% free, 9MB/14MB, paused 589us total 25.762ms
I/art     (  877): Explicit concurrent mark sweep GC freed 3612(188KB) AllocSpace objects, 0(0B) LOS objects, 40% free, 9MB/15MB, paused 307us total 15.565ms
I/art     (  774): Explicit concurrent mark sweep GC freed 6799(273KB) AllocSpace objects, 0(0B) LOS objects, 33% free, 9MB/14MB, paused 771us total 28.435ms
I/tnet-jni( 1419): 101 - [spdyPingRecvCallback] - 
I/tnet-jni( 1419): 101 - [SpdySessionCallBack.spdyPingRecvCallback] - org.android.spdy.SpdySession@15ea5a37
D/accs.SpdyConnection( 1419):  spdyPingRecvCallback uniId:84
D/accs.MessageHandler( 1419):  onRcvPing
D/accs.HeartbeatManager( 1419):  onHeartbeatSucc
D/accs.OrangeAdapter( 1419):  isSmartHb result:true
D/accs.HeartbeatManager( 1419):  set 360
D/accs.UtilityImpl( 1419):  setServiceTime:1512203992605
I/art     (  877): Explicit concurrent mark sweep GC freed 3621(188KB) AllocSpace objects, 0(0B) LOS objects, 40% free, 9MB/15MB, paused 332us total 9.997ms
I/art     (  774): Explicit concurrent mark sweep GC freed 6484(259KB) AllocSpace objects, 0(0B) LOS objects, 33% free, 9MB/14MB, paused 883us total 26.650ms
I/art     (  877): Explicit concurrent mark sweep GC freed 3622(188KB) AllocSpace objects, 0(0B) LOS objects, 40% free, 9MB/15MB, paused 518us total 15.752ms
I/art     (  774): Explicit concurrent mark sweep GC freed 6452(258KB) AllocSpace objects, 0(0B) LOS objects, 33% free, 9MB/14MB, paused 252us total 16.690ms
I/tnet-jni( 1467): 104 - [spdyPingRecvCallback] - 
I/tnet-jni( 1467): 104 - [SpdySessionCallBack.spdyPingRecvCallback] - org.android.spdy.SpdySession@26860312
D/accs.SilenceConn_umeng:56aadbf567e58e38d4000976( 1467):  spdyPingRecvCallback uniId:84
D/accs.MsgRecv_umeng:56aadbf567e58e38d4000976( 1467):  onRcvPing
D/accs.HeartbeatManager( 1467):  onHeartbeatSucc
D/accs.OrangeAdapter( 1467):  isSmartHb result:true
D/accs.HeartbeatManager( 1467):  set 360
D/accs.UtilityImpl( 1467):  setServiceTime:1512204003489
I/art     (  877): Explicit concurrent mark sweep GC freed 3948(201KB) AllocSpace objects, 0(0B) LOS objects, 40% free, 9MB/15MB, paused 312us total 13.202ms
I/art     (  774): Explicit concurrent mark sweep GC freed 6508(273KB) AllocSpace objects, 1(16KB) LOS objects, 33% free, 9MB/14MB, paused 387us total 17.028ms
I/art     (  877): Explicit concurrent mark sweep GC freed 3632(188KB) AllocSpace objects, 0(0B) LOS objects, 39% free, 9MB/15MB, paused 460us total 13.261ms
I/art     (  774): Explicit concurrent mark sweep GC freed 6987(284KB) AllocSpace objects, 0(0B) LOS objects, 33% free, 9MB/14MB, paused 366us total 17.095ms
D/awcn.DefaultHeartbeatImpl( 1574): |[seq:umeng:56aadbf567e58e38d4000976.AWCN1_1] heartbeat session:Session@[umeng:56aadbf567e58e38d4000976.AWCN1_1|http2_0rtt_acs]
D/awcn.TnetSpdySession( 1574): |[seq:umeng:56aadbf567e58e38d4000976.AWCN1_1] ping host:https://umengacs.m.taobao.com thread:AWCN Scheduler1
D/awcn.TnetSpdySession( 1574): |[seq:umeng:56aadbf567e58e38d4000976.AWCN1_1] https://umengacs.m.taobao.com submit ping ms:45051 force:true
D/awcn.DefaultHeartbeatImpl( 1574): |[seq:umeng:56aadbf567e58e38d4000976.AWCN1_1] reSchedule session:Session@[umeng:56aadbf567e58e38d4000976.AWCN1_1|http2_0rtt_acs] delay:45051
I/awcn.TnetSpdySession( 1574): |[seq:umeng:56aadbf567e58e38d4000976.AWCN1_1] ping receive Host:https://umengacs.m.taobao.com id:389
I/art     (  877): Explicit concurrent mark sweep GC freed 3621(188KB) AllocSpace objects, 0(0B) LOS objects, 39% free, 9MB/15MB, paused 236us total 12.341ms
I/art     (  774): Explicit concurrent mark sweep GC freed 6464(258KB) AllocSpace objects, 0(0B) LOS objects, 33% free, 9MB/14MB, paused 416us total 16.526ms
D/Genyd   (  117): Received Set Clipboard
D/Genymotion(  117): Received Set Clipboard
I/art     (  877): Explicit concurrent mark sweep GC freed 3622(188KB) AllocSpace objects, 0(0B) LOS objects, 39% free, 9MB/15MB, paused 716us total 18.873ms
I/art     (  774): Explicit concurrent mark sweep GC freed 6510(260KB) AllocSpace objects, 0(0B) LOS objects, 33% free, 9MB/14MB, paused 326us total 16.292ms
I/art     (  877): Explicit concurrent mark sweep GC freed 3612(188KB) AllocSpace objects, 0(0B) LOS objects, 39% free, 9MB/15MB, paused 687us total 17.139ms
I/art     (  774): Explicit concurrent mark sweep GC freed 6436(257KB) AllocSpace objects, 0(0B) LOS objects, 33% free, 9MB/14MB, paused 607us total 26.418ms
I/art     (  877): Explicit concurrent mark sweep GC freed 3621(188KB) AllocSpace objects, 0(0B) LOS objects, 39% free, 9MB/15MB, paused 412us total 9.572ms
I/art     (  774): Explicit concurrent mark sweep GC freed 6314(251KB) AllocSpace objects, 0(0B) LOS objects, 33% free, 9MB/14MB, paused 300us total 19.763ms
I/art     (  877): Explicit concurrent mark sweep GC freed 3622(188KB) AllocSpace objects, 0(0B) LOS objects, 39% free, 9MB/15MB, paused 398us total 10.450ms
I/art     (  774): Explicit concurrent mark sweep GC freed 6443(258KB) AllocSpace objects, 0(0B) LOS objects, 33% free, 9MB/14MB, paused 269us total 15.748ms
I/art     (  877): Explicit concurrent mark sweep GC freed 3621(188KB) AllocSpace objects, 0(0B) LOS objects, 39% free, 9MB/15MB, paused 388us total 19.491ms
I/art     (  774): Explicit concurrent mark sweep GC freed 6647(285KB) AllocSpace objects, 0(0B) LOS objects, 33% free, 9MB/14MB, paused 372us total 16.766ms
I/art     (  877): Explicit concurrent mark sweep GC freed 3612(188KB) AllocSpace objects, 0(0B) LOS objects, 40% free, 9MB/15MB, paused 207us total 11.809ms
I/art     (  774): Explicit concurrent mark sweep GC freed 6808(274KB) AllocSpace objects, 0(0B) LOS objects, 33% free, 9MB/14MB, paused 247us total 16.308ms
I/art     (  877): Explicit concurrent mark sweep GC freed 3621(188KB) AllocSpace objects, 0(0B) LOS objects, 40% free, 9MB/15MB, paused 204us total 9.667ms
I/art     (  774): Explicit concurrent mark sweep GC freed 6433(256KB) AllocSpace objects, 0(0B) LOS objects, 33% free, 9MB/14MB, paused 321us total 15.469ms
I/art     (  877): Explicit concurrent mark sweep GC freed 3622(188KB) AllocSpace objects, 0(0B) LOS objects, 40% free, 9MB/15MB, paused 173us total 9.440ms
I/art     (  774): Explicit concurrent mark sweep GC freed 5961(235KB) AllocSpace objects, 0(0B) LOS objects, 33% free, 9MB/14MB, paused 252us total 15.034ms
D/awcn.DefaultHeartbeatImpl( 1574): |[seq:umeng:56aadbf567e58e38d4000976.AWCN1_1] heartbeat session:Session@[umeng:56aadbf567e58e38d4000976.AWCN1_1|http2_0rtt_acs]
D/awcn.TnetSpdySession( 1574): |[seq:umeng:56aadbf567e58e38d4000976.AWCN1_1] ping host:https://umengacs.m.taobao.com thread:AWCN Scheduler1
D/awcn.TnetSpdySession( 1574): |[seq:umeng:56aadbf567e58e38d4000976.AWCN1_1] https://umengacs.m.taobao.com submit ping ms:45051 force:true
D/awcn.DefaultHeartbeatImpl( 1574): |[seq:umeng:56aadbf567e58e38d4000976.AWCN1_1] reSchedule session:Session@[umeng:56aadbf567e58e38d4000976.AWCN1_1|http2_0rtt_acs] delay:45051
I/awcn.TnetSpdySession( 1574): |[seq:umeng:56aadbf567e58e38d4000976.AWCN1_1] ping receive Host:https://umengacs.m.taobao.com id:391
I/art     (  877): Explicit concurrent mark sweep GC freed 3946(201KB) AllocSpace objects, 0(0B) LOS objects, 40% free, 9MB/15MB, paused 273us total 10.328ms
I/art     (  774): Explicit concurrent mark sweep GC freed 6508(259KB) AllocSpace objects, 0(0B) LOS objects, 33% free, 9MB/14MB, paused 363us total 15.790ms
I/art     (  877): Explicit concurrent mark sweep GC freed 3958(201KB) AllocSpace objects, 0(0B) LOS objects, 39% free, 9MB/15MB, paused 385us total 11.007ms
I/art     (  774): Explicit concurrent mark sweep GC freed 6933(279KB) AllocSpace objects, 0(0B) LOS objects, 33% free, 9MB/14MB, paused 324us total 17.298ms
I/art     (  877): Explicit concurrent mark sweep GC freed 3641(189KB) AllocSpace objects, 0(0B) LOS objects, 39% free, 9MB/15MB, paused 266us total 10.671ms
I/art     (  774): Explicit concurrent mark sweep GC freed 6479(259KB) AllocSpace objects, 0(0B) LOS objects, 33% free, 9MB/14MB, paused 436us total 19.583ms
I/art     (  877): Explicit concurrent mark sweep GC freed 3622(188KB) AllocSpace objects, 0(0B) LOS objects, 39% free, 9MB/15MB, paused 457us total 11.498ms
I/art     (  774): Explicit concurrent mark sweep GC freed 5965(236KB) AllocSpace objects, 0(0B) LOS objects, 33% free, 9MB/14MB, paused 290us total 16.234ms
I/art     (  877): Explicit concurrent mark sweep GC freed 3621(188KB) AllocSpace objects, 0(0B) LOS objects, 39% free, 9MB/15MB, paused 420us total 11.814ms
I/art     (  774): Explicit concurrent mark sweep GC freed 6422(256KB) AllocSpace objects, 0(0B) LOS objects, 33% free, 9MB/14MB, paused 464us total 16.974ms
I/art     (  877): Explicit concurrent mark sweep GC freed 3612(188KB) AllocSpace objects, 0(0B) LOS objects, 39% free, 9MB/15MB, paused 304us total 11.798ms
I/art     (  774): Explicit concurrent mark sweep GC freed 6805(273KB) AllocSpace objects, 0(0B) LOS objects, 33% free, 9MB/14MB, paused 350us total 15.510ms
D/Genyd   (  117): Received Set Clipboard
D/Genymotion(  117): Received Set Clipboard
I/art     (  877): Explicit concurrent mark sweep GC freed 3621(188KB) AllocSpace objects, 0(0B) LOS objects, 40% free, 9MB/15MB, paused 186us total 11.949ms
I/art     (  774): Explicit concurrent mark sweep GC freed 6524(261KB) AllocSpace objects, 0(0B) LOS objects, 33% free, 9MB/14MB, paused 327us total 15.497ms
I/art     (  877): Explicit concurrent mark sweep GC freed 3622(188KB) AllocSpace objects, 0(0B) LOS objects, 39% free, 9MB/15MB, paused 266us total 10.137ms
I/art     (  774): Explicit concurrent mark sweep GC freed 6434(256KB) AllocSpace objects, 0(0B) LOS objects, 33% free, 9MB/14MB, paused 261us total 15.691ms
D/awcn.DefaultHeartbeatImpl( 1574): |[seq:umeng:56aadbf567e58e38d4000976.AWCN1_1] heartbeat session:Session@[umeng:56aadbf567e58e38d4000976.AWCN1_1|http2_0rtt_acs]
D/awcn.TnetSpdySession( 1574): |[seq:umeng:56aadbf567e58e38d4000976.AWCN1_1] ping host:https://umengacs.m.taobao.com thread:AWCN Scheduler1
D/awcn.TnetSpdySession( 1574): |[seq:umeng:56aadbf567e58e38d4000976.AWCN1_1] https://umengacs.m.taobao.com submit ping ms:45050 force:true
D/awcn.DefaultHeartbeatImpl( 1574): |[seq:umeng:56aadbf567e58e38d4000976.AWCN1_1] reSchedule session:Session@[umeng:56aadbf567e58e38d4000976.AWCN1_1|http2_0rtt_acs] delay:45050
I/awcn.TnetSpdySession( 1574): |[seq:umeng:56aadbf567e58e38d4000976.AWCN1_1] ping receive Host:https://umengacs.m.taobao.com id:393
I/art     (  877): Explicit concurrent mark sweep GC freed 3612(188KB) AllocSpace objects, 0(0B) LOS objects, 40% free, 9MB/15MB, paused 541us total 14.968ms
I/art     (  774): Explicit concurrent mark sweep GC freed 6158(262KB) AllocSpace objects, 0(0B) LOS objects, 33% free, 9MB/14MB, paused 254us total 16.667ms
I/art     (  877): Explicit concurrent mark sweep GC freed 3621(188KB) AllocSpace objects, 0(0B) LOS objects, 40% free, 9MB/15MB, paused 272us total 12.836ms
I/art     (  774): Explicit concurrent mark sweep GC freed 6799(273KB) AllocSpace objects, 0(0B) LOS objects, 33% free, 9MB/14MB, paused 242us total 16.769ms
I/art     (  877): Explicit concurrent mark sweep GC freed 3622(188KB) AllocSpace objects, 0(0B) LOS objects, 40% free, 9MB/15MB, paused 212us total 9.649ms
I/art     (  774): Explicit concurrent mark sweep GC freed 6452(258KB) AllocSpace objects, 0(0B) LOS objects, 33% free, 9MB/14MB, paused 271us total 16.757ms
I/art     (  877): Explicit concurrent mark sweep GC freed 3946(201KB) AllocSpace objects, 0(0B) LOS objects, 40% free, 9MB/15MB, paused 354us total 9.922ms
I/art     (  774): Explicit concurrent mark sweep GC freed 6518(260KB) AllocSpace objects, 0(0B) LOS objects, 33% free, 9MB/14MB, paused 285us total 19.917ms
I/art     (  877): Explicit concurrent mark sweep GC freed 3632(188KB) AllocSpace objects, 0(0B) LOS objects, 39% free, 9MB/15MB, paused 304us total 12.577ms
I/art     (  774): Explicit concurrent mark sweep GC freed 6389(255KB) AllocSpace objects, 0(0B) LOS objects, 33% free, 9MB/14MB, paused 266us total 16.977ms
