--------- beginning of crash
F/libc    (  373): Fatal signal 6 (SIGABRT), code -6 in tid 373 (surfaceflinger)
I/DEBUG   (  120): *** *** *** *** *** *** *** *** *** *** *** *** *** *** *** ***
I/DEBUG   (  120): Build fingerprint: 'generic/vbox86p/vbox86p:5.1/LMY47D/genymotion03202140:userdebug/test-keys'
I/DEBUG   (  120): Revision: '0'
I/DEBUG   (  120): ABI: 'x86'
I/DEBUG   (  120): pid: 373, tid: 373, name: surfaceflinger  >>> /system/bin/surfaceflinger <<<
I/DEBUG   (  120): signal 6 (SIGABRT), code -6 (SI_TKILL), fault addr --------
I/DEBUG   (  120):     eax 00000000  ebx 00000175  ecx 00000175  edx 00000006
I/DEBUG   (  120):     esi f77ccc48  edi 00000002
I/DEBUG   (  120):     xcs 00000023  xds 0000002b  xes 0000002b  xfs 00000003  xss 0000002b
I/DEBUG   (  120):     eip f76e5f06  ebp 00000175  esp ffafce60  flags 00000282
I/DEBUG   (  120): 
I/DEBUG   (  120): backtrace:
I/DEBUG   (  120):     #00 pc 00074f06  /system/lib/libc.so (tgkill+22)
I/DEBUG   (  120):     #01 pc 000221ab  /system/lib/libc.so (pthread_kill+155)
I/DEBUG   (  120):     #02 pc 00023a24  /system/lib/libc.so (raise+36)
I/DEBUG   (  120):     #03 pc 0001be24  /system/lib/libc.so (abort+84)
I/DEBUG   (  120):     #04 pc 00031b25  /system/lib/libsurfaceflinger.so
I/DEBUG   (  120):     #05 pc 00020717  /system/lib/libsurfaceflinger.so (android::SurfaceFlinger::init()+199)
I/DEBUG   (  120):     #06 pc 00000b51  /system/bin/surfaceflinger
I/DEBUG   (  120):     #07 pc 00012fc4  /system/lib/libc.so (__libc_init+100)
I/DEBUG   (  120):     #08 pc 00000cd6  /system/bin/surfaceflinger
--------- beginning of system
W/ViewRootImpl(  877): Cancelling event due to no window focus: KeyEvent { action=ACTION_UP, keyCode=KEYCODE_DPAD_UP, scanCode=0, metaState=0, flags=0x28, repeatCount=0, eventTime=5004428, downTime=5004428, deviceId=-1, source=0x101 }
W/ViewRootImpl(  877): Cancelling event due to no window focus: KeyEvent { action=ACTION_UP, keyCode=KEYCODE_DPAD_UP, scanCode=0, metaState=0, flags=0x28, repeatCount=0, eventTime=5004428, downTime=5004428, deviceId=-1, source=0x101 }
W/ViewRootImpl(  877): Cancelling event due to no window focus: KeyEvent { action=ACTION_UP, keyCode=KEYCODE_DPAD_UP, scanCode=0, metaState=0, flags=0x28, repeatCount=0, eventTime=5004428, downTime=5004428, deviceId=-1, source=0x101 }
W/ViewRootImpl(  877): Cancelling event due to no window focus: KeyEvent { action=ACTION_UP, keyCode=KEYCODE_DPAD_UP, scanCode=0, metaState=0, flags=0x28, repeatCount=0, eventTime=5004428, downTime=5004428, deviceId=-1, source=0x101 }
W/WindowManager(  774): Force-removing child win Window{19e06ac4 u0 AtchDlg:com.zzl.falcon.internal/com.zzl.falcon.account.help.HelpActivity} from container Window{2a44d28 u0 com.zzl.falcon.internal/com.zzl.falcon.account.help.HelpActivity}
W/ViewRootImpl( 1574): Dropping event due to no window focus: KeyEvent { action=ACTION_DOWN, keyCode=KEYCODE_INFO, scanCode=0, metaState=0, flags=0x8, repeatCount=0, eventTime=5004486, downTime=5004486, deviceId=-1, source=0x101 }
W/WindowManager(  774): Failed looking up window
W/WindowManager(  774): java.lang.IllegalArgumentException: Requested window android.os.BinderProxy@13a7b1d7 does not exist
W/WindowManager(  774): 	at com.android.server.wm.WindowManagerService.windowForClientLocked(WindowManagerService.java:8539)
W/WindowManager(  774): 	at com.android.server.wm.WindowManagerService.windowForClientLocked(WindowManagerService.java:8530)
W/WindowManager(  774): 	at com.android.server.wm.WindowManagerService.removeWindow(WindowManagerService.java:2593)
W/WindowManager(  774): 	at com.android.server.wm.Session.remove(Session.java:187)
W/WindowManager(  774): 	at android.view.IWindowSession$Stub.onTransact(IWindowSession.java:233)
W/WindowManager(  774): 	at com.android.server.wm.Session.onTransact(Session.java:130)
W/WindowManager(  774): 	at android.os.Binder.execTransact(Binder.java:500)
W/ViewRootImpl( 1574): Cancelling event due to no window focus: KeyEvent { action=ACTION_UP, keyCode=KEYCODE_INFO, scanCode=0, metaState=0, flags=0x28, repeatCount=0, eventTime=5004535, downTime=5004535, deviceId=-1, source=0x101 }
W/ViewRootImpl( 1574): Cancelling event due to no window focus: KeyEvent { action=ACTION_UP, keyCode=KEYCODE_INFO, scanCode=0, metaState=0, flags=0x28, repeatCount=0, eventTime=5004535, downTime=5004535, deviceId=-1, source=0x101 }
W/ViewRootImpl( 1574): Cancelling event due to no window focus: KeyEvent { action=ACTION_UP, keyCode=KEYCODE_INFO, scanCode=0, metaState=0, flags=0x28, repeatCount=0, eventTime=5004535, downTime=5004535, deviceId=-1, source=0x101 }
W/InputMethodManagerService(  774): Window already focused, ignoring focus gain of: com.android.internal.view.IInputMethodClient$Stub$Proxy@1618fdea attribute=null, token = android.os.BinderProxy@25699565
W/InputManager(  774): Input event injection from pid 2769 failed.
W/InputManager(  774): Input event injection from pid 2769 failed.
W/InputManager(  774): Input event injection from pid 2769 failed.
W/InputManager(  774): Input event injection from pid 2769 failed.
W/InputManager(  774): Input event injection from pid 2769 failed.
W/InputManager(  774): Input event injection from pid 2769 failed.
W/InputManager(  774): Input event injection from pid 2769 failed.
W/ViewRootImpl( 1574): Cancelling event due to no window focus: KeyEvent { action=ACTION_UP, keyCode=KEYCODE_DPAD_RIGHT, scanCode=0, metaState=0, flags=0x28, repeatCount=0, eventTime=5005549, downTime=5005549, deviceId=-1, source=0x101 }
W/ViewRootImpl( 1574): Cancelling event due to no window focus: KeyEvent { action=ACTION_UP, keyCode=KEYCODE_DPAD_RIGHT, scanCode=0, metaState=0, flags=0x28, repeatCount=0, eventTime=5005549, downTime=5005549, deviceId=-1, source=0x101 }
W/ViewRootImpl( 1574): Cancelling event due to no window focus: KeyEvent { action=ACTION_UP, keyCode=KEYCODE_DPAD_RIGHT, scanCode=0, metaState=0, flags=0x28, repeatCount=0, eventTime=5005549, downTime=5005549, deviceId=-1, source=0x101 }
W/ViewRootImpl(  877): Dropping event due to no window focus: KeyEvent { action=ACTION_DOWN, keyCode=KEYCODE_DPAD_DOWN, scanCode=0, metaState=0, flags=0x8, repeatCount=0, eventTime=5005571, downTime=5005571, deviceId=-1, source=0x101 }
W/ViewRootImpl(  877): Cancelling event due to no window focus: KeyEvent { action=ACTION_UP, keyCode=KEYCODE_DPAD_DOWN, scanCode=0, metaState=0, flags=0x28, repeatCount=0, eventTime=5005743, downTime=5005743, deviceId=-1, source=0x101 }
W/ViewRootImpl(  877): Cancelling event due to no window focus: KeyEvent { action=ACTION_UP, keyCode=KEYCODE_DPAD_DOWN, scanCode=0, metaState=0, flags=0x28, repeatCount=0, eventTime=5005743, downTime=5005743, deviceId=-1, source=0x101 }
W/ViewRootImpl(  877): Cancelling event due to no window focus: KeyEvent { action=ACTION_UP, keyCode=KEYCODE_DPAD_DOWN, scanCode=0, metaState=0, flags=0x28, repeatCount=0, eventTime=5005743, downTime=5005743, deviceId=-1, source=0x101 }
W/ViewRootImpl(  877): Cancelling event due to no window focus: KeyEvent { action=ACTION_UP, keyCode=KEYCODE_DPAD_DOWN, scanCode=0, metaState=0, flags=0x28, repeatCount=0, eventTime=5005743, downTime=5005743, deviceId=-1, source=0x101 }
W/ViewRootImpl(  877): Cancelling event due to no window focus: KeyEvent { action=ACTION_UP, keyCode=KEYCODE_DPAD_DOWN, scanCode=0, metaState=0, flags=0x28, repeatCount=0, eventTime=5005743, downTime=5005743, deviceId=-1, source=0x101 }
W/ViewRootImpl(  877): Cancelling event due to no window focus: KeyEvent { action=ACTION_UP, keyCode=KEYCODE_DPAD_DOWN, scanCode=0, metaState=0, flags=0x28, repeatCount=0, eventTime=5005743, downTime=5005743, deviceId=-1, source=0x101 }
W/ViewRootImpl(  877): Cancelling event due to no window focus: KeyEvent { action=ACTION_UP, keyCode=KEYCODE_DPAD_DOWN, scanCode=0, metaState=0, flags=0x28, repeatCount=0, eventTime=5005743, downTime=5005743, deviceId=-1, source=0x101 }
W/ViewRootImpl(  877): Cancelling event due to no window focus: KeyEvent { action=ACTION_UP, keyCode=KEYCODE_DPAD_DOWN, scanCode=0, metaState=0, flags=0x28, repeatCount=0, eventTime=5005743, downTime=5005743, deviceId=-1, source=0x101 }
W/ViewRootImpl(  877): Cancelling event due to no window focus: KeyEvent { action=ACTION_UP, keyCode=KEYCODE_DPAD_DOWN, scanCode=0, metaState=0, flags=0x28, repeatCount=0, eventTime=5005743, downTime=5005743, deviceId=-1, source=0x101 }
W/ViewRootImpl(  877): Dropping event due to no window focus: KeyEvent { action=ACTION_DOWN, keyCode=KEYCODE_MENU, scanCode=0, metaState=0, flags=0x8, repeatCount=0, eventTime=5005800, downTime=5005800, deviceId=-1, source=0x101 }
W/ViewRootImpl(  877): Cancelling event due to no window focus: KeyEvent { action=ACTION_UP, keyCode=KEYCODE_MENU, scanCode=0, metaState=0, flags=0x28, repeatCount=0, eventTime=5005801, downTime=5005801, deviceId=-1, source=0x101 }
W/ViewRootImpl(  877): Cancelling event due to no window focus: KeyEvent { action=ACTION_UP, keyCode=KEYCODE_MENU, scanCode=0, metaState=0, flags=0x28, repeatCount=0, eventTime=5005801, downTime=5005801, deviceId=-1, source=0x101 }
W/ViewRootImpl(  877): Cancelling event due to no window focus: KeyEvent { action=ACTION_UP, keyCode=KEYCODE_MENU, scanCode=0, metaState=0, flags=0x28, repeatCount=0, eventTime=5005801, downTime=5005801, deviceId=-1, source=0x101 }
W/ViewRootImpl(  877): Cancelling event due to no window focus: KeyEvent { action=ACTION_UP, keyCode=KEYCODE_MENU, scanCode=0, metaState=0, flags=0x28, repeatCount=0, eventTime=5005801, downTime=5005801, deviceId=-1, source=0x101 }
W/ViewRootImpl(  877): Cancelling event due to no window focus: KeyEvent { action=ACTION_UP, keyCode=KEYCODE_MENU, scanCode=0, metaState=0, flags=0x28, repeatCount=0, eventTime=5005801, downTime=5005801, deviceId=-1, source=0x101 }
W/ViewRootImpl(  877): Cancelling event due to no window focus: KeyEvent { action=ACTION_UP, keyCode=KEYCODE_MENU, scanCode=0, metaState=0, flags=0x28, repeatCount=0, eventTime=5005801, downTime=5005801, deviceId=-1, source=0x101 }
W/ViewRootImpl(  877): Cancelling event due to no window focus: KeyEvent { action=ACTION_UP, keyCode=KEYCODE_MENU, scanCode=0, metaState=0, flags=0x28, repeatCount=0, eventTime=5005801, downTime=5005801, deviceId=-1, source=0x101 }
W/ViewRootImpl(  877): Cancelling event due to no window focus: KeyEvent { action=ACTION_UP, keyCode=KEYCODE_MENU, scanCode=0, metaState=0, flags=0x28, repeatCount=0, eventTime=5005801, downTime=5005801, deviceId=-1, source=0x101 }
W/ViewRootImpl(  877): Cancelling event due to no window focus: KeyEvent { action=ACTION_UP, keyCode=KEYCODE_MENU, scanCode=0, metaState=0, flags=0x28, repeatCount=0, eventTime=5005801, downTime=5005801, deviceId=-1, source=0x101 }
W/ViewRootImpl(  877): Dropping event due to no window focus: KeyEvent { action=ACTION_DOWN, keyCode=KEYCODE_DPAD_UP, scanCode=0, metaState=0, flags=0x8, repeatCount=0, eventTime=5005997, downTime=5005997, deviceId=-1, source=0x101 }
I/ActivityManager(  774): Killing 1892:com.android.exchange/u0a32 (adj 15): empty for 4988s
W/libprocessgroup(  774): failed to open /acct/uid_10032/pid_1892/cgroup.procs: No such file or directory
D/Genyd   (  117): Received Set Clipboard
D/Genymotion(  117): Received Set Clipboard
W/BroadcastQueue(  774): Skipping deliver [background] BroadcastRecord{37dd36a8 u-1 android.net.conn.CONNECTIVITY_CHANGE} to ReceiverList{1dc7a5c1 2921 (unknown name)/0/u-1 remote:1664b59a}: process crashing
I/ActivityManager(  774): START u0 {act=android.intent.action.MAIN cat=[android.intent.category.LAUNCHER] flg=0x10200000 cmp=com.zzl.falcon.internal/com.zzl.falcon.EntranceActivity} from uid 0 on display 0
I/ActivityManager(  774): START u0 {act=android.intent.action.MAIN cat=[android.intent.category.LAUNCHER] flg=0x10200000 cmp=com.zzl.falcon.internal/com.zzl.falcon.EntranceActivity} from uid 0 on display 0
W/ViewRootImpl( 1574): Cancelling event due to no window focus: KeyEvent { action=ACTION_UP, keyCode=KEYCODE_DPAD_RIGHT, scanCode=0, metaState=0, flags=0x28, repeatCount=0, eventTime=5196028, downTime=5196028, deviceId=-1, source=0x101 }
W/ViewRootImpl( 1574): Cancelling event due to no window focus: KeyEvent { action=ACTION_UP, keyCode=KEYCODE_DPAD_RIGHT, scanCode=0, metaState=0, flags=0x28, repeatCount=0, eventTime=5196028, downTime=5196028, deviceId=-1, source=0x101 }
W/ViewRootImpl( 1574): Cancelling event due to no window focus: KeyEvent { action=ACTION_UP, keyCode=KEYCODE_DPAD_RIGHT, scanCode=0, metaState=0, flags=0x28, repeatCount=0, eventTime=5196028, downTime=5196028, deviceId=-1, source=0x101 }
W/ViewRootImpl( 1574): Cancelling event due to no window focus: KeyEvent { action=ACTION_UP, keyCode=KEYCODE_DPAD_RIGHT, scanCode=0, metaState=0, flags=0x28, repeatCount=0, eventTime=5196028, downTime=5196028, deviceId=-1, source=0x101 }
W/ViewRootImpl( 1574): Cancelling event due to no window focus: KeyEvent { action=ACTION_UP, keyCode=KEYCODE_DPAD_RIGHT, scanCode=0, metaState=0, flags=0x28, repeatCount=0, eventTime=5196028, downTime=5196028, deviceId=-1, source=0x101 }
W/ViewRootImpl( 1574): Cancelling event due to no window focus: KeyEvent { action=ACTION_UP, keyCode=KEYCODE_DPAD_RIGHT, scanCode=0, metaState=0, flags=0x28, repeatCount=0, eventTime=5196028, downTime=5196028, deviceId=-1, source=0x101 }
W/ViewRootImpl( 1574): Cancelling event due to no window focus: KeyEvent { action=ACTION_UP, keyCode=KEYCODE_DPAD_RIGHT, scanCode=0, metaState=0, flags=0x28, repeatCount=0, eventTime=5196028, downTime=5196028, deviceId=-1, source=0x101 }
W/ViewRootImpl( 1574): Cancelling event due to no window focus: KeyEvent { action=ACTION_UP, keyCode=KEYCODE_DPAD_RIGHT, scanCode=0, metaState=0, flags=0x28, repeatCount=0, eventTime=5196028, downTime=5196028, deviceId=-1, source=0x101 }
W/ViewRootImpl( 1574): Cancelling event due to no window focus: KeyEvent { action=ACTION_UP, keyCode=KEYCODE_DPAD_RIGHT, scanCode=0, metaState=0, flags=0x28, repeatCount=0, eventTime=5196028, downTime=5196028, deviceId=-1, source=0x101 }
W/InputMethodManagerService(  774): Window already focused, ignoring focus gain of: com.android.internal.view.IInputMethodClient$Stub$Proxy@36c89166 attribute=android.view.inputmethod.EditorInfo@a972ca7, token = android.os.BinderProxy@187af503
I/ActivityManager(  774): START u0 {act=android.intent.action.MAIN cat=[android.intent.category.LAUNCHER] flg=0x10200000 cmp=com.zzl.falcon.internal/com.zzl.falcon.EntranceActivity} from uid 0 on display 0
I/ActivityManager(  774): START u0 {cmp=com.zzl.falcon.internal/com.zzl.falcon.WebViewActivity (has extras)} from uid 10099 on display 0
V/WindowManager(  774): addAppToken: AppWindowToken{12ae673e token=Token{33da4bf9 ActivityRecord{3a4632c0 u0 com.zzl.falcon.internal/com.zzl.falcon.WebViewActivity t189}}} to stack=1 task=189 at 1
W/ViewRootImpl( 1574): Dropping event due to no window focus: KeyEvent { action=ACTION_DOWN, keyCode=KEYCODE_DPAD_UP, scanCode=0, metaState=0, flags=0x400, repeatCount=0, eventTime=5197303, downTime=5197303, deviceId=-1, source=0x101 }
W/ViewRootImpl( 1574): Cancelling event due to no window focus: KeyEvent { action=ACTION_UP, keyCode=KEYCODE_DPAD_UP, scanCode=0, metaState=0, flags=0x420, repeatCount=0, eventTime=5197303, downTime=5197303, deviceId=-1, source=0x101 }
W/ViewRootImpl( 1574): Cancelling event due to no window focus: KeyEvent { action=ACTION_UP, keyCode=KEYCODE_DPAD_UP, scanCode=0, metaState=0, flags=0x420, repeatCount=0, eventTime=5197303, downTime=5197303, deviceId=-1, source=0x101 }
W/ViewRootImpl( 1574): Cancelling event due to no window focus: KeyEvent { action=ACTION_UP, keyCode=KEYCODE_DPAD_UP, scanCode=0, metaState=0, flags=0x420, repeatCount=0, eventTime=5197303, downTime=5197303, deviceId=-1, source=0x101 }
W/ViewRootImpl( 1574): Dropping event due to no window focus: KeyEvent { action=ACTION_DOWN, keyCode=KEYCODE_DPAD_UP, scanCode=0, metaState=0, flags=0x400, repeatCount=0, eventTime=5197303, downTime=5197303, deviceId=-1, source=0x101 }
W/ViewRootImpl( 1574): Cancelling event due to no window focus: KeyEvent { action=ACTION_UP, keyCode=KEYCODE_DPAD_UP, scanCode=0, metaState=0, flags=0x420, repeatCount=0, eventTime=5197303, downTime=5197303, deviceId=-1, source=0x101 }
W/ViewRootImpl( 1574): Cancelling event due to no window focus: KeyEvent { action=ACTION_UP, keyCode=KEYCODE_DPAD_UP, scanCode=0, metaState=0, flags=0x420, repeatCount=0, eventTime=5197303, downTime=5197303, deviceId=-1, source=0x101 }
W/ViewRootImpl( 1574): Cancelling event due to no window focus: KeyEvent { action=ACTION_UP, keyCode=KEYCODE_DPAD_UP, scanCode=0, metaState=0, flags=0x420, repeatCount=0, eventTime=5197303, downTime=5197303, deviceId=-1, source=0x101 }
W/ViewRootImpl( 1574): Dropping event due to no window focus: KeyEvent { action=ACTION_DOWN, keyCode=KEYCODE_DPAD_UP, scanCode=0, metaState=0, flags=0x400, repeatCount=0, eventTime=5197303, downTime=5197303, deviceId=-1, source=0x101 }
W/ViewRootImpl( 1574): Cancelling event due to no window focus: KeyEvent { action=ACTION_UP, keyCode=KEYCODE_DPAD_UP, scanCode=0, metaState=0, flags=0x420, repeatCount=0, eventTime=5197303, downTime=5197303, deviceId=-1, source=0x101 }
W/ViewRootImpl( 1574): Cancelling event due to no window focus: KeyEvent { action=ACTION_UP, keyCode=KEYCODE_DPAD_UP, scanCode=0, metaState=0, flags=0x420, repeatCount=0, eventTime=5197303, downTime=5197303, deviceId=-1, source=0x101 }
W/ViewRootImpl( 1574): Cancelling event due to no window focus: KeyEvent { action=ACTION_UP, keyCode=KEYCODE_DPAD_UP, scanCode=0, metaState=0, flags=0x420, repeatCount=0, eventTime=5197303, downTime=5197303, deviceId=-1, source=0x101 }
W/ViewRootImpl( 1574): Dropping event due to no window focus: KeyEvent { action=ACTION_DOWN, keyCode=KEYCODE_DPAD_UP, scanCode=0, metaState=0, flags=0x400, repeatCount=0, eventTime=5197303, downTime=5197303, deviceId=-1, source=0x101 }
W/ViewRootImpl( 1574): Cancelling event due to no window focus: KeyEvent { action=ACTION_UP, keyCode=KEYCODE_DPAD_UP, scanCode=0, metaState=0, flags=0x420, repeatCount=0, eventTime=5197303, downTime=5197303, deviceId=-1, source=0x101 }
W/ViewRootImpl( 1574): Cancelling event due to no window focus: KeyEvent { action=ACTION_UP, keyCode=KEYCODE_DPAD_UP, scanCode=0, metaState=0, flags=0x420, repeatCount=0, eventTime=5197303, downTime=5197303, deviceId=-1, source=0x101 }
W/ViewRootImpl( 1574): Cancelling event due to no window focus: KeyEvent { action=ACTION_UP, keyCode=KEYCODE_DPAD_UP, scanCode=0, metaState=0, flags=0x420, repeatCount=0, eventTime=5197303, downTime=5197303, deviceId=-1, source=0x101 }
W/ViewRootImpl( 1574): Cancelling event due to no window focus: KeyEvent { action=ACTION_UP, keyCode=KEYCODE_DPAD_UP, scanCode=0, metaState=0, flags=0x420, repeatCount=0, eventTime=5197303, downTime=5197303, deviceId=-1, source=0x101 }
W/ViewRootImpl( 1574): Cancelling event due to no window focus: KeyEvent { action=ACTION_UP, keyCode=KEYCODE_DPAD_UP, scanCode=0, metaState=0, flags=0x420, repeatCount=0, eventTime=5197303, downTime=5197303, deviceId=-1, source=0x101 }
W/ViewRootImpl( 1574): Cancelling event due to no window focus: KeyEvent { action=ACTION_UP, keyCode=KEYCODE_DPAD_UP, scanCode=0, metaState=0, flags=0x420, repeatCount=0, eventTime=5197303, downTime=5197303, deviceId=-1, source=0x101 }
W/ViewRootImpl( 1574): Cancelling event due to no window focus: KeyEvent { action=ACTION_UP, keyCode=KEYCODE_DPAD_UP, scanCode=0, metaState=0, flags=0x420, repeatCount=0, eventTime=5197303, downTime=5197303, deviceId=-1, source=0x101 }
W/ViewRootImpl( 1574): Cancelling event due to no window focus: KeyEvent { action=ACTION_UP, keyCode=KEYCODE_DPAD_UP, scanCode=0, metaState=0, flags=0x420, repeatCount=0, eventTime=5197303, downTime=5197303, deviceId=-1, source=0x101 }
W/ViewRootImpl( 1574): Cancelling event due to no window focus: KeyEvent { action=ACTION_UP, keyCode=KEYCODE_DPAD_UP, scanCode=0, metaState=0, flags=0x420, repeatCount=0, eventTime=5197303, downTime=5197303, deviceId=-1, source=0x101 }
W/ViewRootImpl( 1574): Cancelling event due to no window focus: KeyEvent { action=ACTION_UP, keyCode=KEYCODE_DPAD_UP, scanCode=0, metaState=0, flags=0x420, repeatCount=0, eventTime=5197303, downTime=5197303, deviceId=-1, source=0x101 }
W/ViewRootImpl( 1574): Cancelling event due to no window focus: KeyEvent { action=ACTION_UP, keyCode=KEYCODE_DPAD_UP, scanCode=0, metaState=0, flags=0x420, repeatCount=0, eventTime=5197303, downTime=5197303, deviceId=-1, source=0x101 }
W/ViewRootImpl( 1574): Cancelling event due to no window focus: KeyEvent { action=ACTION_UP, keyCode=KEYCODE_DPAD_UP, scanCode=0, metaState=0, flags=0x420, repeatCount=0, eventTime=5197303, downTime=5197303, deviceId=-1, source=0x101 }
W/ViewRootImpl( 1574): Cancelling event due to no window focus: KeyEvent { action=ACTION_UP, keyCode=KEYCODE_DPAD_UP, scanCode=0, metaState=0, flags=0x420, repeatCount=0, eventTime=5197303, downTime=5197303, deviceId=-1, source=0x101 }
W/ViewRootImpl( 1574): Cancelling event due to no window focus: KeyEvent { action=ACTION_UP, keyCode=KEYCODE_DPAD_UP, scanCode=0, metaState=0, flags=0x420, repeatCount=0, eventTime=5197303, downTime=5197303, deviceId=-1, source=0x101 }
W/ViewRootImpl( 1574): Cancelling event due to no window focus: KeyEvent { action=ACTION_UP, keyCode=KEYCODE_DPAD_UP, scanCode=0, metaState=0, flags=0x420, repeatCount=0, eventTime=5197303, downTime=5197303, deviceId=-1, source=0x101 }
W/ViewRootImpl( 1574): Cancelling event due to no window focus: KeyEvent { action=ACTION_UP, keyCode=KEYCODE_DPAD_UP, scanCode=0, metaState=0, flags=0x420, repeatCount=0, eventTime=5197303, downTime=5197303, deviceId=-1, source=0x101 }
W/ViewRootImpl( 1574): Cancelling event due to no window focus: KeyEvent { action=ACTION_UP, keyCode=KEYCODE_DPAD_UP, scanCode=0, metaState=0, flags=0x420, repeatCount=0, eventTime=5197303, downTime=5197303, deviceId=-1, source=0x101 }
W/ViewRootImpl( 1574): Cancelling event due to no window focus: KeyEvent { action=ACTION_UP, keyCode=KEYCODE_DPAD_UP, scanCode=0, metaState=0, flags=0x420, repeatCount=0, eventTime=5197303, downTime=5197303, deviceId=-1, source=0x101 }
W/ViewRootImpl( 1574): Cancelling event due to no window focus: KeyEvent { action=ACTION_UP, keyCode=KEYCODE_DPAD_UP, scanCode=0, metaState=0, flags=0x420, repeatCount=0, eventTime=5197303, downTime=5197303, deviceId=-1, source=0x101 }
W/ViewRootImpl( 1574): Cancelling event due to no window focus: KeyEvent { action=ACTION_UP, keyCode=KEYCODE_DPAD_UP, scanCode=0, metaState=0, flags=0x420, repeatCount=0, eventTime=5197303, downTime=5197303, deviceId=-1, source=0x101 }
W/ViewRootImpl( 1574): Cancelling event due to no window focus: KeyEvent { action=ACTION_UP, keyCode=KEYCODE_DPAD_UP, scanCode=0, metaState=0, flags=0x420, repeatCount=0, eventTime=5197303, downTime=5197303, deviceId=-1, source=0x101 }
V/WindowManager(  774): Adding window Window{38bbbaec u0 com.zzl.falcon.internal/com.zzl.falcon.WebViewActivity} at 3 of 9 (after Window{26536c80 u0 com.zzl.falcon.internal/com.zzl.falcon.MainActivity})
W/ViewRootImpl( 1574): Cancelling event due to no window focus: KeyEvent { action=ACTION_UP, keyCode=KEYCODE_DPAD_UP, scanCode=0, metaState=0, flags=0x420, repeatCount=0, eventTime=5197303, downTime=5197303, deviceId=-1, source=0x101 }
W/ViewRootImpl( 1574): Cancelling event due to no window focus: KeyEvent { action=ACTION_UP, keyCode=KEYCODE_DPAD_UP, scanCode=0, metaState=0, flags=0x420, repeatCount=0, eventTime=5197303, downTime=5197303, deviceId=-1, source=0x101 }
W/ViewRootImpl( 1574): Cancelling event due to no window focus: KeyEvent { action=ACTION_UP, keyCode=KEYCODE_DPAD_UP, scanCode=0, metaState=0, flags=0x420, repeatCount=0, eventTime=5197303, downTime=5197303, deviceId=-1, source=0x101 }
W/ViewRootImpl( 1574): Cancelling event due to no window focus: KeyEvent { action=ACTION_UP, keyCode=KEYCODE_DPAD_UP, scanCode=0, metaState=0, flags=0x420, repeatCount=0, eventTime=5197303, downTime=5197303, deviceId=-1, source=0x101 }
W/ViewRootImpl( 1574): Cancelling event due to no window focus: KeyEvent { action=ACTION_UP, keyCode=KEYCODE_DPAD_UP, scanCode=0, metaState=0, flags=0x420, repeatCount=0, eventTime=5197303, downTime=5197303, deviceId=-1, source=0x101 }
W/ViewRootImpl( 1574): Cancelling event due to no window focus: KeyEvent { action=ACTION_UP, keyCode=KEYCODE_DPAD_UP, scanCode=0, metaState=0, flags=0x420, repeatCount=0, eventTime=5197303, downTime=5197303, deviceId=-1, source=0x101 }
W/ViewRootImpl( 1574): Dropping event due to no window focus: KeyEvent { action=ACTION_DOWN, keyCode=KEYCODE_NUMPAD_DOT, scanCode=0, metaState=0, flags=0x8, repeatCount=0, eventTime=5197293, downTime=5197293, deviceId=-1, source=0x101 }
W/ViewRootImpl( 1574): Dropping event due to no window focus: KeyEvent { action=ACTION_DOWN, keyCode=KEYCODE_FORWARD_DEL, scanCode=0, metaState=0, flags=0x8, repeatCount=0, eventTime=5197293, downTime=5197293, deviceId=-1, source=0x101 }
W/ViewRootImpl( 1574): Cancelling event due to no window focus: KeyEvent { action=ACTION_UP, keyCode=KEYCODE_NUMPAD_DOT, scanCode=0, metaState=0, flags=0x28, repeatCount=0, eventTime=5197397, downTime=5197397, deviceId=-1, source=0x101 }
W/ViewRootImpl( 1574): Cancelling event due to no window focus: KeyEvent { action=ACTION_UP, keyCode=KEYCODE_NUMPAD_DOT, scanCode=0, metaState=0, flags=0x28, repeatCount=0, eventTime=5197397, downTime=5197397, deviceId=-1, source=0x101 }
W/ViewRootImpl( 1574): Cancelling event due to no window focus: KeyEvent { action=ACTION_UP, keyCode=KEYCODE_NUMPAD_DOT, scanCode=0, metaState=0, flags=0x28, repeatCount=0, eventTime=5197397, downTime=5197397, deviceId=-1, source=0x101 }
W/ViewRootImpl( 1574): Cancelling event due to no window focus: KeyEvent { action=ACTION_UP, keyCode=KEYCODE_NUMPAD_DOT, scanCode=0, metaState=0, flags=0x28, repeatCount=0, eventTime=5197397, downTime=5197397, deviceId=-1, source=0x101 }
W/ViewRootImpl( 1574): Cancelling event due to no window focus: KeyEvent { action=ACTION_UP, keyCode=KEYCODE_NUMPAD_DOT, scanCode=0, metaState=0, flags=0x28, repeatCount=0, eventTime=5197397, downTime=5197397, deviceId=-1, source=0x101 }
W/ViewRootImpl( 1574): Cancelling event due to no window focus: KeyEvent { action=ACTION_UP, keyCode=KEYCODE_NUMPAD_DOT, scanCode=0, metaState=0, flags=0x28, repeatCount=0, eventTime=5197397, downTime=5197397, deviceId=-1, source=0x101 }
W/ViewRootImpl( 1574): Dropping event due to no window focus: KeyEvent { action=ACTION_DOWN, keyCode=KEYCODE_DPAD_DOWN, scanCode=0, metaState=0, flags=0x8, repeatCount=0, eventTime=5197476, downTime=5197476, deviceId=-1, source=0x101 }
W/ViewRootImpl( 1574): Cancelling event due to no window focus: KeyEvent { action=ACTION_UP, keyCode=KEYCODE_DPAD_DOWN, scanCode=0, metaState=0, flags=0x28, repeatCount=0, eventTime=5197478, downTime=5197478, deviceId=-1, source=0x101 }
W/ViewRootImpl( 1574): Cancelling event due to no window focus: KeyEvent { action=ACTION_UP, keyCode=KEYCODE_DPAD_DOWN, scanCode=0, metaState=0, flags=0x28, repeatCount=0, eventTime=5197478, downTime=5197478, deviceId=-1, source=0x101 }
W/ViewRootImpl( 1574): Cancelling event due to no window focus: KeyEvent { action=ACTION_UP, keyCode=KEYCODE_DPAD_DOWN, scanCode=0, metaState=0, flags=0x28, repeatCount=0, eventTime=5197478, downTime=5197478, deviceId=-1, source=0x101 }
W/ViewRootImpl( 1574): Cancelling event due to no window focus: KeyEvent { action=ACTION_UP, keyCode=KEYCODE_DPAD_DOWN, scanCode=0, metaState=0, flags=0x28, repeatCount=0, eventTime=5197478, downTime=5197478, deviceId=-1, source=0x101 }
W/ViewRootImpl( 1574): Cancelling event due to no window focus: KeyEvent { action=ACTION_UP, keyCode=KEYCODE_DPAD_DOWN, scanCode=0, metaState=0, flags=0x28, repeatCount=0, eventTime=5197478, downTime=5197478, deviceId=-1, source=0x101 }
W/ViewRootImpl( 1574): Cancelling event due to no window focus: KeyEvent { action=ACTION_UP, keyCode=KEYCODE_DPAD_DOWN, scanCode=0, metaState=0, flags=0x28, repeatCount=0, eventTime=5197478, downTime=5197478, deviceId=-1, source=0x101 }
W/ViewRootImpl( 1574): Dropping event due to no window focus: KeyEvent { action=ACTION_DOWN, keyCode=KEYCODE_DPAD_UP, scanCode=0, metaState=0, flags=0x8, repeatCount=0, eventTime=5197480, downTime=5197480, deviceId=-1, source=0x101 }
W/ViewRootImpl( 1574): Cancelling event due to no window focus: KeyEvent { action=ACTION_UP, keyCode=KEYCODE_DPAD_UP, scanCode=0, metaState=0, flags=0x28, repeatCount=0, eventTime=5197482, downTime=5197482, deviceId=-1, source=0x101 }
W/ViewRootImpl( 1574): Cancelling event due to no window focus: KeyEvent { action=ACTION_UP, keyCode=KEYCODE_DPAD_UP, scanCode=0, metaState=0, flags=0x28, repeatCount=0, eventTime=5197482, downTime=5197482, deviceId=-1, source=0x101 }
W/ViewRootImpl( 1574): Cancelling event due to no window focus: KeyEvent { action=ACTION_UP, keyCode=KEYCODE_DPAD_UP, scanCode=0, metaState=0, flags=0x28, repeatCount=0, eventTime=5197482, downTime=5197482, deviceId=-1, source=0x101 }
W/ViewRootImpl( 1574): Cancelling event due to no window focus: KeyEvent { action=ACTION_UP, keyCode=KEYCODE_DPAD_UP, scanCode=0, metaState=0, flags=0x28, repeatCount=0, eventTime=5197482, downTime=5197482, deviceId=-1, source=0x101 }
W/ViewRootImpl( 1574): Cancelling event due to no window focus: KeyEvent { action=ACTION_UP, keyCode=KEYCODE_DPAD_UP, scanCode=0, metaState=0, flags=0x28, repeatCount=0, eventTime=5197482, downTime=5197482, deviceId=-1, source=0x101 }
W/ViewRootImpl( 1574): Cancelling event due to no window focus: KeyEvent { action=ACTION_UP, keyCode=KEYCODE_DPAD_UP, scanCode=0, metaState=0, flags=0x28, repeatCount=0, eventTime=5197482, downTime=5197482, deviceId=-1, source=0x101 }
V/WindowManager(  774): Adding window Window{ece8d97 u0 SubPanel:com.zzl.falcon.internal/com.zzl.falcon.WebViewActivity} at 4 of 10 (after Window{38bbbaec u0 com.zzl.falcon.internal/com.zzl.falcon.WebViewActivity})
W/ViewRootImpl( 1574): Dropping event due to no window focus: KeyEvent { action=ACTION_DOWN, keyCode=KEYCODE_DPAD_RIGHT, scanCode=0, metaState=0, flags=0x8, repeatCount=0, eventTime=5198056, downTime=5198056, deviceId=-1, source=0x101 }
W/ViewRootImpl( 1574): Cancelling event due to no window focus: KeyEvent { action=ACTION_UP, keyCode=KEYCODE_DPAD_RIGHT, scanCode=0, metaState=0, flags=0x28, repeatCount=0, eventTime=5198261, downTime=5198261, deviceId=-1, source=0x101 }
W/ViewRootImpl( 1574): Cancelling event due to no window focus: KeyEvent { action=ACTION_UP, keyCode=KEYCODE_DPAD_RIGHT, scanCode=0, metaState=0, flags=0x28, repeatCount=0, eventTime=5198261, downTime=5198261, deviceId=-1, source=0x101 }
W/ViewRootImpl( 1574): Cancelling event due to no window focus: KeyEvent { action=ACTION_UP, keyCode=KEYCODE_DPAD_RIGHT, scanCode=0, metaState=0, flags=0x28, repeatCount=0, eventTime=5198261, downTime=5198261, deviceId=-1, source=0x101 }
W/ViewRootImpl( 1574): Cancelling event due to no window focus: KeyEvent { action=ACTION_UP, keyCode=KEYCODE_DPAD_RIGHT, scanCode=0, metaState=0, flags=0x28, repeatCount=0, eventTime=5198261, downTime=5198261, deviceId=-1, source=0x101 }
W/ViewRootImpl( 1574): Cancelling event due to no window focus: KeyEvent { action=ACTION_UP, keyCode=KEYCODE_DPAD_RIGHT, scanCode=0, metaState=0, flags=0x28, repeatCount=0, eventTime=5198261, downTime=5198261, deviceId=-1, source=0x101 }
W/ViewRootImpl( 1574): Cancelling event due to no window focus: KeyEvent { action=ACTION_UP, keyCode=KEYCODE_DPAD_RIGHT, scanCode=0, metaState=0, flags=0x28, repeatCount=0, eventTime=5198261, downTime=5198261, deviceId=-1, source=0x101 }
W/ViewRootImpl( 1574): Cancelling event due to no window focus: KeyEvent { action=ACTION_UP, keyCode=KEYCODE_DPAD_RIGHT, scanCode=0, metaState=0, flags=0x28, repeatCount=0, eventTime=5198261, downTime=5198261, deviceId=-1, source=0x101 }
W/ViewRootImpl( 1574): Cancelling event due to no window focus: KeyEvent { action=ACTION_UP, keyCode=KEYCODE_DPAD_RIGHT, scanCode=0, metaState=0, flags=0x28, repeatCount=0, eventTime=5198261, downTime=5198261, deviceId=-1, source=0x101 }
W/ViewRootImpl( 1574): Cancelling event due to no window focus: KeyEvent { action=ACTION_UP, keyCode=KEYCODE_DPAD_RIGHT, scanCode=0, metaState=0, flags=0x28, repeatCount=0, eventTime=5198261, downTime=5198261, deviceId=-1, source=0x101 }
W/ViewRootImpl( 1574): Dropping event due to no window focus: KeyEvent { action=ACTION_DOWN, keyCode=KEYCODE_DPAD_RIGHT, scanCode=0, metaState=0, flags=0x8, repeatCount=0, eventTime=5198272, downTime=5198272, deviceId=-1, source=0x101 }
W/ViewRootImpl( 1574): Cancelling event due to no window focus: KeyEvent { action=ACTION_UP, keyCode=KEYCODE_DPAD_RIGHT, scanCode=0, metaState=0, flags=0x28, repeatCount=0, eventTime=5198272, downTime=5198272, deviceId=-1, source=0x101 }
W/ViewRootImpl( 1574): Cancelling event due to no window focus: KeyEvent { action=ACTION_UP, keyCode=KEYCODE_DPAD_RIGHT, scanCode=0, metaState=0, flags=0x28, repeatCount=0, eventTime=5198272, downTime=5198272, deviceId=-1, source=0x101 }
W/ViewRootImpl( 1574): Cancelling event due to no window focus: KeyEvent { action=ACTION_UP, keyCode=KEYCODE_DPAD_RIGHT, scanCode=0, metaState=0, flags=0x28, repeatCount=0, eventTime=5198272, downTime=5198272, deviceId=-1, source=0x101 }
W/ViewRootImpl( 1574): Cancelling event due to no window focus: KeyEvent { action=ACTION_UP, keyCode=KEYCODE_DPAD_RIGHT, scanCode=0, metaState=0, flags=0x28, repeatCount=0, eventTime=5198272, downTime=5198272, deviceId=-1, source=0x101 }
W/ViewRootImpl( 1574): Cancelling event due to no window focus: KeyEvent { action=ACTION_UP, keyCode=KEYCODE_DPAD_RIGHT, scanCode=0, metaState=0, flags=0x28, repeatCount=0, eventTime=5198272, downTime=5198272, deviceId=-1, source=0x101 }
W/ViewRootImpl( 1574): Cancelling event due to no window focus: KeyEvent { action=ACTION_UP, keyCode=KEYCODE_DPAD_RIGHT, scanCode=0, metaState=0, flags=0x28, repeatCount=0, eventTime=5198272, downTime=5198272, deviceId=-1, source=0x101 }
W/ViewRootImpl( 1574): Cancelling event due to no window focus: KeyEvent { action=ACTION_UP, keyCode=KEYCODE_DPAD_RIGHT, scanCode=0, metaState=0, flags=0x28, repeatCount=0, eventTime=5198272, downTime=5198272, deviceId=-1, source=0x101 }
W/ViewRootImpl( 1574): Cancelling event due to no window focus: KeyEvent { action=ACTION_UP, keyCode=KEYCODE_DPAD_RIGHT, scanCode=0, metaState=0, flags=0x28, repeatCount=0, eventTime=5198272, downTime=5198272, deviceId=-1, source=0x101 }
W/ViewRootImpl( 1574): Cancelling event due to no window focus: KeyEvent { action=ACTION_UP, keyCode=KEYCODE_DPAD_RIGHT, scanCode=0, metaState=0, flags=0x28, repeatCount=0, eventTime=5198272, downTime=5198272, deviceId=-1, source=0x101 }
W/ViewRootImpl( 1574): Cancelling event due to no window focus: KeyEvent { action=ACTION_UP, keyCode=KEYCODE_DPAD_RIGHT, scanCode=0, metaState=0, flags=0x28, repeatCount=0, eventTime=5198841, downTime=5198841, deviceId=-1, source=0x101 }
W/ViewRootImpl( 1574): Cancelling event due to no window focus: KeyEvent { action=ACTION_UP, keyCode=KEYCODE_DPAD_RIGHT, scanCode=0, metaState=0, flags=0x28, repeatCount=0, eventTime=5198841, downTime=5198841, deviceId=-1, source=0x101 }
W/ViewRootImpl( 1574): Cancelling event due to no window focus: KeyEvent { action=ACTION_UP, keyCode=KEYCODE_DPAD_RIGHT, scanCode=0, metaState=0, flags=0x28, repeatCount=0, eventTime=5198841, downTime=5198841, deviceId=-1, source=0x101 }
W/ViewRootImpl( 1574): Cancelling event due to no window focus: KeyEvent { action=ACTION_UP, keyCode=KEYCODE_DPAD_RIGHT, scanCode=0, metaState=0, flags=0x28, repeatCount=0, eventTime=5198841, downTime=5198841, deviceId=-1, source=0x101 }
W/ViewRootImpl( 1574): Cancelling event due to no window focus: KeyEvent { action=ACTION_UP, keyCode=KEYCODE_DPAD_RIGHT, scanCode=0, metaState=0, flags=0x28, repeatCount=0, eventTime=5198841, downTime=5198841, deviceId=-1, source=0x101 }
W/ViewRootImpl( 1574): Cancelling event due to no window focus: KeyEvent { action=ACTION_UP, keyCode=KEYCODE_DPAD_RIGHT, scanCode=0, metaState=0, flags=0x28, repeatCount=0, eventTime=5198841, downTime=5198841, deviceId=-1, source=0x101 }
W/ViewRootImpl( 1574): Dropping event due to no window focus: KeyEvent { action=ACTION_DOWN, keyCode=KEYCODE_VOLUME_DOWN, scanCode=0, metaState=0, flags=0x8, repeatCount=0, eventTime=5198863, downTime=5198863, deviceId=-1, source=0x101 }
W/ViewRootImpl( 1574): Cancelling event due to no window focus: KeyEvent { action=ACTION_UP, keyCode=KEYCODE_VOLUME_DOWN, scanCode=0, metaState=0, flags=0x28, repeatCount=0, eventTime=5199216, downTime=5199216, deviceId=-1, source=0x101 }
W/ViewRootImpl( 1574): Cancelling event due to no window focus: KeyEvent { action=ACTION_UP, keyCode=KEYCODE_VOLUME_DOWN, scanCode=0, metaState=0, flags=0x28, repeatCount=0, eventTime=5199216, downTime=5199216, deviceId=-1, source=0x101 }
W/ViewRootImpl( 1574): Cancelling event due to no window focus: KeyEvent { action=ACTION_UP, keyCode=KEYCODE_VOLUME_DOWN, scanCode=0, metaState=0, flags=0x28, repeatCount=0, eventTime=5199216, downTime=5199216, deviceId=-1, source=0x101 }
W/ViewRootImpl( 1574): Cancelling event due to no window focus: KeyEvent { action=ACTION_UP, keyCode=KEYCODE_VOLUME_DOWN, scanCode=0, metaState=0, flags=0x28, repeatCount=0, eventTime=5199216, downTime=5199216, deviceId=-1, source=0x101 }
W/ViewRootImpl( 1574): Cancelling event due to no window focus: KeyEvent { action=ACTION_UP, keyCode=KEYCODE_VOLUME_DOWN, scanCode=0, metaState=0, flags=0x28, repeatCount=0, eventTime=5199216, downTime=5199216, deviceId=-1, source=0x101 }
W/ViewRootImpl( 1574): Cancelling event due to no window focus: KeyEvent { action=ACTION_UP, keyCode=KEYCODE_VOLUME_DOWN, scanCode=0, metaState=0, flags=0x28, repeatCount=0, eventTime=5199216, downTime=5199216, deviceId=-1, source=0x101 }
W/ViewRootImpl( 1574): Dropping event due to no window focus: KeyEvent { action=ACTION_DOWN, keyCode=KEYCODE_MENU, scanCode=0, metaState=0, flags=0x8, repeatCount=0, eventTime=5199231, downTime=5199231, deviceId=-1, source=0x101 }
W/InputMethodManagerService(  774): Window already focused, ignoring focus gain of: com.android.internal.view.IInputMethodClient$Stub$Proxy@376f988f attribute=null, token = android.os.BinderProxy@2fab099f
W/ViewRootImpl( 1574): Cancelling event due to no window focus: KeyEvent { action=ACTION_UP, keyCode=KEYCODE_TV_INPUT_COMPONENT_2, scanCode=0, metaState=0, flags=0x28, repeatCount=0, eventTime=5200699, downTime=5200699, deviceId=-1, source=0x101 }
W/ViewRootImpl( 1574): Cancelling event due to no window focus: KeyEvent { action=ACTION_UP, keyCode=KEYCODE_TV_INPUT_COMPONENT_2, scanCode=0, metaState=0, flags=0x28, repeatCount=0, eventTime=5200699, downTime=5200699, deviceId=-1, source=0x101 }
W/ViewRootImpl( 1574): Cancelling event due to no window focus: KeyEvent { action=ACTION_UP, keyCode=KEYCODE_TV_INPUT_COMPONENT_2, scanCode=0, metaState=0, flags=0x28, repeatCount=0, eventTime=5200699, downTime=5200699, deviceId=-1, source=0x101 }
W/ViewRootImpl( 1574): Cancelling event due to no window focus: KeyEvent { action=ACTION_UP, keyCode=KEYCODE_TV_INPUT_COMPONENT_2, scanCode=0, metaState=0, flags=0x28, repeatCount=0, eventTime=5200699, downTime=5200699, deviceId=-1, source=0x101 }
W/ViewRootImpl( 1574): Cancelling event due to no window focus: KeyEvent { action=ACTION_UP, keyCode=KEYCODE_TV_INPUT_COMPONENT_2, scanCode=0, metaState=0, flags=0x28, repeatCount=0, eventTime=5200699, downTime=5200699, deviceId=-1, source=0x101 }
W/ViewRootImpl( 1574): Cancelling event due to no window focus: KeyEvent { action=ACTION_UP, keyCode=KEYCODE_TV_INPUT_COMPONENT_2, scanCode=0, metaState=0, flags=0x28, repeatCount=0, eventTime=5200699, downTime=5200699, deviceId=-1, source=0x101 }
W/ViewRootImpl( 1574): Cancelling event due to no window focus: KeyEvent { action=ACTION_UP, keyCode=KEYCODE_TV_INPUT_COMPONENT_2, scanCode=0, metaState=0, flags=0x28, repeatCount=0, eventTime=5200699, downTime=5200699, deviceId=-1, source=0x101 }
W/ViewRootImpl( 1574): Cancelling event due to no window focus: KeyEvent { action=ACTION_UP, keyCode=KEYCODE_TV_INPUT_COMPONENT_2, scanCode=0, metaState=0, flags=0x28, repeatCount=0, eventTime=5200699, downTime=5200699, deviceId=-1, source=0x101 }
W/ViewRootImpl( 1574): Cancelling event due to no window focus: KeyEvent { action=ACTION_UP, keyCode=KEYCODE_TV_INPUT_COMPONENT_2, scanCode=0, metaState=0, flags=0x28, repeatCount=0, eventTime=5200699, downTime=5200699, deviceId=-1, source=0x101 }
W/ViewRootImpl( 1574): Dropping event due to no window focus: KeyEvent { action=ACTION_DOWN, keyCode=KEYCODE_DPAD_LEFT, scanCode=0, metaState=0, flags=0x8, repeatCount=0, eventTime=5200892, downTime=5200892, deviceId=-1, source=0x101 }
I/ActivityManager(  774): START u0 {cmp=com.zzl.falcon.internal/com.zzl.falcon.WebViewActivity (has extras)} from uid 10099 on display 0
V/WindowManager(  774): addAppToken: AppWindowToken{269bcdb4 token=Token{3cd80a87 ActivityRecord{2cecbac6 u0 com.zzl.falcon.internal/com.zzl.falcon.WebViewActivity t189}}} to stack=1 task=189 at 1
V/WindowManager(  774): Adding window Window{3769bd52 u0 com.zzl.falcon.internal/com.zzl.falcon.WebViewActivity} at 3 of 8 (after Window{26536c80 u0 com.zzl.falcon.internal/com.zzl.falcon.MainActivity})
W/ViewRootImpl( 1574): Dropping event due to no window focus: KeyEvent { action=ACTION_DOWN, keyCode=KEYCODE_DPAD_UP, scanCode=0, metaState=0, flags=0x8, repeatCount=0, eventTime=5202587, downTime=5202587, deviceId=-1, source=0x101 }
W/ViewRootImpl( 1574): Cancelling event due to no window focus: KeyEvent { action=ACTION_UP, keyCode=KEYCODE_DPAD_UP, scanCode=0, metaState=0, flags=0x28, repeatCount=0, eventTime=5202667, downTime=5202667, deviceId=-1, source=0x101 }
W/ViewRootImpl( 1574): Cancelling event due to no window focus: KeyEvent { action=ACTION_UP, keyCode=KEYCODE_DPAD_UP, scanCode=0, metaState=0, flags=0x28, repeatCount=0, eventTime=5202667, downTime=5202667, deviceId=-1, source=0x101 }
W/ViewRootImpl( 1574): Cancelling event due to no window focus: KeyEvent { action=ACTION_UP, keyCode=KEYCODE_DPAD_UP, scanCode=0, metaState=0, flags=0x28, repeatCount=0, eventTime=5202667, downTime=5202667, deviceId=-1, source=0x101 }
W/ViewRootImpl( 1574): Cancelling event due to no window focus: KeyEvent { action=ACTION_UP, keyCode=KEYCODE_DPAD_UP, scanCode=0, metaState=0, flags=0x28, repeatCount=0, eventTime=5202667, downTime=5202667, deviceId=-1, source=0x101 }
W/ViewRootImpl( 1574): Cancelling event due to no window focus: KeyEvent { action=ACTION_UP, keyCode=KEYCODE_DPAD_UP, scanCode=0, metaState=0, flags=0x28, repeatCount=0, eventTime=5202667, downTime=5202667, deviceId=-1, source=0x101 }
W/ViewRootImpl( 1574): Cancelling event due to no window focus: KeyEvent { action=ACTION_UP, keyCode=KEYCODE_DPAD_UP, scanCode=0, metaState=0, flags=0x28, repeatCount=0, eventTime=5202667, downTime=5202667, deviceId=-1, source=0x101 }
W/ViewRootImpl(  877): Cancelling event due to no window focus: KeyEvent { action=ACTION_UP, keyCode=KEYCODE_T, scanCode=0, metaState=0, flags=0x28, repeatCount=0, eventTime=5203846, downTime=5203846, deviceId=-1, source=0x101 }
W/ViewRootImpl(  877): Cancelling event due to no window focus: KeyEvent { action=ACTION_UP, keyCode=KEYCODE_T, scanCode=0, metaState=0, flags=0x28, repeatCount=0, eventTime=5203846, downTime=5203846, deviceId=-1, source=0x101 }
W/ViewRootImpl(  877): Cancelling event due to no window focus: KeyEvent { action=ACTION_UP, keyCode=KEYCODE_T, scanCode=0, metaState=0, flags=0x28, repeatCount=0, eventTime=5203846, downTime=5203846, deviceId=-1, source=0x101 }
W/ViewRootImpl(  877): Cancelling event due to no window focus: KeyEvent { action=ACTION_UP, keyCode=KEYCODE_T, scanCode=0, metaState=0, flags=0x28, repeatCount=0, eventTime=5203846, downTime=5203846, deviceId=-1, source=0x101 }
W/ViewRootImpl(  877): Cancelling event due to no window focus: KeyEvent { action=ACTION_UP, keyCode=KEYCODE_T, scanCode=0, metaState=0, flags=0x28, repeatCount=0, eventTime=5203846, downTime=5203846, deviceId=-1, source=0x101 }
W/ViewRootImpl(  877): Cancelling event due to no window focus: KeyEvent { action=ACTION_UP, keyCode=KEYCODE_T, scanCode=0, metaState=0, flags=0x28, repeatCount=0, eventTime=5203846, downTime=5203846, deviceId=-1, source=0x101 }
W/ViewRootImpl(  877): Cancelling event due to no window focus: KeyEvent { action=ACTION_UP, keyCode=KEYCODE_T, scanCode=0, metaState=0, flags=0x28, repeatCount=0, eventTime=5203846, downTime=5203846, deviceId=-1, source=0x101 }
W/ViewRootImpl(  877): Cancelling event due to no window focus: KeyEvent { action=ACTION_UP, keyCode=KEYCODE_T, scanCode=0, metaState=0, flags=0x28, repeatCount=0, eventTime=5203846, downTime=5203846, deviceId=-1, source=0x101 }
W/ViewRootImpl(  877): Cancelling event due to no window focus: KeyEvent { action=ACTION_UP, keyCode=KEYCODE_T, scanCode=0, metaState=0, flags=0x28, repeatCount=0, eventTime=5203846, downTime=5203846, deviceId=-1, source=0x101 }
W/ViewRootImpl(  877): Dropping event due to no window focus: MotionEvent { action=ACTION_MOVE, id[0]=0, x[0]=-3.0, y[0]=-2.0, toolType[0]=TOOL_TYPE_UNKNOWN, buttonState=0, metaState=0, flags=0x0, edgeFlags=0x0, pointerCount=1, historySize=19, eventTime=5203910, downTime=-1, deviceId=0, source=0x10004 }
W/ViewRootImpl(  877): Dropping event due to no window focus: KeyEvent { action=ACTION_DOWN, keyCode=KEYCODE_DPAD_RIGHT, scanCode=0, metaState=0, flags=0x8, repeatCount=0, eventTime=5203917, downTime=5203917, deviceId=-1, source=0x101 }
W/ViewRootImpl(  877): Cancelling event due to no window focus: KeyEvent { action=ACTION_UP, keyCode=KEYCODE_DPAD_RIGHT, scanCode=0, metaState=0, flags=0x28, repeatCount=0, eventTime=5203985, downTime=5203985, deviceId=-1, source=0x101 }
W/ViewRootImpl(  877): Cancelling event due to no window focus: KeyEvent { action=ACTION_UP, keyCode=KEYCODE_DPAD_RIGHT, scanCode=0, metaState=0, flags=0x28, repeatCount=0, eventTime=5203985, downTime=5203985, deviceId=-1, source=0x101 }
W/ViewRootImpl(  877): Cancelling event due to no window focus: KeyEvent { action=ACTION_UP, keyCode=KEYCODE_DPAD_RIGHT, scanCode=0, metaState=0, flags=0x28, repeatCount=0, eventTime=5203985, downTime=5203985, deviceId=-1, source=0x101 }
W/ViewRootImpl(  877): Cancelling event due to no window focus: KeyEvent { action=ACTION_UP, keyCode=KEYCODE_DPAD_RIGHT, scanCode=0, metaState=0, flags=0x28, repeatCount=0, eventTime=5203985, downTime=5203985, deviceId=-1, source=0x101 }
W/ViewRootImpl(  877): Cancelling event due to no window focus: KeyEvent { action=ACTION_UP, keyCode=KEYCODE_DPAD_RIGHT, scanCode=0, metaState=0, flags=0x28, repeatCount=0, eventTime=5203985, downTime=5203985, deviceId=-1, source=0x101 }
W/ViewRootImpl(  877): Cancelling event due to no window focus: KeyEvent { action=ACTION_UP, keyCode=KEYCODE_DPAD_RIGHT, scanCode=0, metaState=0, flags=0x28, repeatCount=0, eventTime=5203985, downTime=5203985, deviceId=-1, source=0x101 }
W/ViewRootImpl(  877): Cancelling event due to no window focus: KeyEvent { action=ACTION_UP, keyCode=KEYCODE_DPAD_RIGHT, scanCode=0, metaState=0, flags=0x28, repeatCount=0, eventTime=5203985, downTime=5203985, deviceId=-1, source=0x101 }
W/ViewRootImpl(  877): Cancelling event due to no window focus: KeyEvent { action=ACTION_UP, keyCode=KEYCODE_DPAD_RIGHT, scanCode=0, metaState=0, flags=0x28, repeatCount=0, eventTime=5203985, downTime=5203985, deviceId=-1, source=0x101 }
W/ViewRootImpl(  877): Cancelling event due to no window focus: KeyEvent { action=ACTION_UP, keyCode=KEYCODE_DPAD_RIGHT, scanCode=0, metaState=0, flags=0x28, repeatCount=0, eventTime=5203985, downTime=5203985, deviceId=-1, source=0x101 }
W/ViewRootImpl(  877): Dropping event due to no window focus: KeyEvent { action=ACTION_DOWN, keyCode=KEYCODE_SOFT_LEFT, scanCode=0, metaState=0, flags=0x8, repeatCount=0, eventTime=5203986, downTime=5203986, deviceId=-1, source=0x101 }
W/ViewRootImpl(  877): Cancelling event due to no window focus: KeyEvent { action=ACTION_UP, keyCode=KEYCODE_SOFT_LEFT, scanCode=0, metaState=0, flags=0x28, repeatCount=0, eventTime=5203987, downTime=5203987, deviceId=-1, source=0x101 }
W/ViewRootImpl(  877): Cancelling event due to no window focus: KeyEvent { action=ACTION_UP, keyCode=KEYCODE_SOFT_LEFT, scanCode=0, metaState=0, flags=0x28, repeatCount=0, eventTime=5203987, downTime=5203987, deviceId=-1, source=0x101 }
W/ViewRootImpl(  877): Cancelling event due to no window focus: KeyEvent { action=ACTION_UP, keyCode=KEYCODE_SOFT_LEFT, scanCode=0, metaState=0, flags=0x28, repeatCount=0, eventTime=5203987, downTime=5203987, deviceId=-1, source=0x101 }
W/ViewRootImpl(  877): Cancelling event due to no window focus: KeyEvent { action=ACTION_UP, keyCode=KEYCODE_SOFT_LEFT, scanCode=0, metaState=0, flags=0x28, repeatCount=0, eventTime=5203987, downTime=5203987, deviceId=-1, source=0x101 }
W/ViewRootImpl(  877): Cancelling event due to no window focus: KeyEvent { action=ACTION_UP, keyCode=KEYCODE_SOFT_LEFT, scanCode=0, metaState=0, flags=0x28, repeatCount=0, eventTime=5203987, downTime=5203987, deviceId=-1, source=0x101 }
W/ViewRootImpl(  877): Cancelling event due to no window focus: KeyEvent { action=ACTION_UP, keyCode=KEYCODE_SOFT_LEFT, scanCode=0, metaState=0, flags=0x28, repeatCount=0, eventTime=5203987, downTime=5203987, deviceId=-1, source=0x101 }
W/ViewRootImpl(  877): Cancelling event due to no window focus: KeyEvent { action=ACTION_UP, keyCode=KEYCODE_SOFT_LEFT, scanCode=0, metaState=0, flags=0x28, repeatCount=0, eventTime=5203987, downTime=5203987, deviceId=-1, source=0x101 }
W/ViewRootImpl(  877): Cancelling event due to no window focus: KeyEvent { action=ACTION_UP, keyCode=KEYCODE_SOFT_LEFT, scanCode=0, metaState=0, flags=0x28, repeatCount=0, eventTime=5203987, downTime=5203987, deviceId=-1, source=0x101 }
