--------- beginning of main
V/NearbySettings( 2406): DMSUtil.isNetworkConnected - flag-null, state-null
I/NearbySettings( 2406): DMSUtil.isNetworkConnected - WIFI: DISCONNECTED
I/NearbySettings( 2406): MountReceiver.onReceive - Set preference state off
V/NearbySettings( 2406): MountReceiver.mPrefHandler - 7002
V/        (  290): QcRouteController
E/SignOutReceiver( 8688): NETWORK_STATE_CHANGED_ACTION
V/        (  290): QcRouteController
V/        (  290): QcRouteController
I/Hs20UtilService( 2406): Starting #48
I/Hs20UtilService( 2406): Message received 5007
W/NetworkManagementService( 1036): route cmd failed: 
W/NetworkManagementService( 1036): com.android.server.NativeDaemonConnector$NativeDaemonFailureException: command '443 route replace src v6 wlan0 fe80::c2bd:d1ff:fe57:adbd 2 ::' failed with '400 443 -6 route replace default via :: dev wlan0 scope global table 2: RTNETLINK answers: Invalid argument
W/NetworkManagementService( 1036): '
W/NetworkManagementService( 1036): 	at com.android.server.NativeDaemonConnector.execute(NativeDaemonConnector.java:453)
W/NetworkManagementService( 1036): 	at com.android.server.NativeDaemonConnector.executeForList(NativeDaemonConnector.java:377)
W/NetworkManagementService( 1036): 	at com.android.server.NativeDaemonConnector.execute(NativeDaemonConnector.java:342)
W/NetworkManagementService( 1036): 	at com.android.server.NativeDaemonConnector.execute(NativeDaemonConnector.java:327)
W/NetworkManagementService( 1036): 	at com.android.server.NetworkManagementService.replaceSrcRoute(NetworkManagementService.java:2844)
W/NetworkManagementService( 1036): 	at com.android.server.ConnectivityService.updateSourceRoutes(ConnectivityService.java:5669)
W/NetworkManagementService( 1036): 	at com.android.server.ConnectivityService.updateLinkProperties(ConnectivityService.java:5475)
W/NetworkManagementService( 1036): 	at com.android.server.ConnectivityService.updateNetworkInfo(ConnectivityService.java:6257)
W/NetworkManagementService( 1036): 	at com.android.server.ConnectivityService.access$2500(ConnectivityService.java:230)
W/NetworkManagementService( 1036): 	at com.android.server.ConnectivityService$NetworkStateTrackerHandler.handleMessage(ConnectivityService.java:2406)
W/NetworkManagementService( 1036): 	at android.os.Handler.dispatchMessage(Handler.java:102)
W/NetworkManagementService( 1036): 	at android.os.Looper.loop(Looper.java:145)
W/NetworkManagementService( 1036): 	at android.os.HandlerThread.run(HandlerThread.java:61)
D/NtpTrustedTime( 1036): currentTimeMillis() cache hit
D/NearbySettings( 2406): MountReceiver.onReceive - ACTION: android.net.wifi.STATE_CHANGE
I/NearbySettings( 2406): MountReceiver.onReceive - Keep current state
D/NetworkStatsFactory( 1036): UpdateStatsForKnox
D/NtpTrustedTime( 1036): currentTimeMillis() cache hit
D/WifiStateMachine( 1036): SEC_COMMAND_ID_GET_FWS_OPEN_AP_CHECK : 0
D/NtpTrustedTime( 1036): currentTimeMillis() cache hit
E/ConnectivityService( 1036): updateNetworkInfo()
E/ConnectivityService( 1036): updateNetworkInfo()
D/NtpTrustedTime( 1036): currentTimeMillis() cache hit
D/NtpTrustedTime( 1036): currentTimeMillis() cache hit
D/NetworkStatsFactory( 1036): UpdateStatsForKnox
D/NtpTrustedTime( 1036): currentTimeMillis() cache hit
D/NtpTrustedTime( 1036): currentTimeMillis() cache hit
D/NetworkMonitorNetworkAgentInfo [WIFI () - null]( 1036): DefaultState{ when=0 what=532481 target=com.android.internal.util.StateMachine$SmHandler }
D/NetworkMonitorNetworkAgentInfo [WIFI () - null]( 1036): Connected
D/NetworkMonitorNetworkAgentInfo [WIFI () - null]( 1036): EvaluatingState{ when=0 what=532486 arg1=1 target=com.android.internal.util.StateMachine$SmHandler }
D/NetworkMonitorNetworkAgentInfo [WIFI () - null]( 1036): Checking http://clients3.google.com/generate_204 on "ZZL-309"
I/System.out( 1036): (HTTPLog)-Static: isSBSettingEnabled false
D/NtpTrustedTime( 1036): currentTimeMillis() cache hit
D/TelephonyNetworkFactory( 1787): Cellular releasing Network for NetworkRequest [ id=1, legacyType=-1, [ Capabilities: INTERNET&NOT_RESTRICTED&TRUSTED&NOT_VPN] ]
D/TelephonyNetworkFactory( 1787): Cellular releasing Network for NetworkRequest [ id=1, legacyType=-1, [ Capabilities: INTERNET&NOT_RESTRICTED&TRUSTED&NOT_VPN] ]
D/EnterpriseController(  290): mIsMarkChainAdded is 0 mIsBlockChainAdded is 0 netId is 0
D/Netd    (  290): getNetworkForDns: using netid 511 for uid 1000
E/CSLegacyTypeTracker( 1036): add() : Adding agent NetworkAgentInfo{ ni{[type: WIFI[] - WIFI, state: CONNECTED/CONNECTED, reason: (unspecified), extra: "ZZL-309", roaming: false, failover: false, isAvailable: true, isConnectedToProvisioningNetwork: false]}  network{511}  lp{{InterfaceName: wlan0 LinkAddresses: [192.168.23.92/24,fe80::c2bd:d1ff:fe57:adbd/64,]  Routes: [fe80::/64 -> :: wlan0,192.168.23.0/24 -> 0.0.0.0 wlan0,0.0.0.0/0 -> 192.168.23.1 wlan0,] DnsAddresses: [172.16.10.220,202.96.209.5,] Domains: null MTU: 0 TcpBufferSizes: 524288,1048576,4525824,524288,1048576,4525824}}  nc{[ Transports: WIFI Capabilities: INTERNET&NOT_RESTRICTED&TRUSTED&NOT_VPN LinkUpBandwidth>=1048576Kbps LinkDnBandwidth>=1048576Kbps]}  Score{100} validated{false} created{true} explicitlySelected{true} } for legacy network type 1
I/System.out(19650): (HTTPLog)-Static: isSBSettingEnabled false
D/Tethering( 1036): MasterInitialState.processMessage what=3
D/NtpTrustedTime( 1036): currentTimeMillis() cache hit
D/ConnectivityManager.CallbackHandler( 1505): CM callback handler got msg 524290
D/ConnectivityManager.CallbackHandler(19431): CM callback handler got msg 524290
D/NetworkStatsFactory( 1036): UpdateStatsForKnox
D/ConnectivityManager.CallbackHandler(19520): CM callback handler got msg 524290
D/ConnectivityManager.CallbackHandler(19650): CM callback handler got msg 524290
D/ConnectivityManager.CallbackHandler(19778): CM callback handler got msg 524290
D/EnterpriseController(  290): mIsMarkChainAdded is 0 mIsBlockChainAdded is 0 netId is 0
D/Netd    (  290): getNetworkForDns: using netid 511 for uid 10683
D/NtpTrustedTime( 1036): currentTimeMillis() cache hit
D/ConnectivityManager.CallbackHandler(20042): CM callback handler got msg 524290
D/NtpTrustedTime( 1036): currentTimeMillis() cache hit
D/ConnectivityManager.CallbackHandler(28063): CM callback handler got msg 524290
D/ConnectivityManager.CallbackHandler(29777): CM callback handler got msg 524290
D/ConnectivityManager.CallbackHandler(29777): CM callback handler got msg 524290
D/ConnectivityManager.CallbackHandler(28063): CM callback handler got msg 524290
I/SurfaceFlinger(  263): id=451 createSurf (1x1),1 flag=4, Uoast
E/SignOutReceiver( 8688): NETWORK_STATE_CHANGED_ACTION
D/NtpTrustedTime( 1036): currentTimeMillis() cache hit
D/NtpTrustedTime( 1036): currentTimeMillis() cache hit
D/NtpTrustedTime( 1036): currentTimeMillis() cache hit
D/NtpTrustedTime( 1036): currentTimeMillis() cache hit
D/NtpTrustedTime( 1036): currentTimeMillis() cache hit
D/StatusBar.MSimNetworkController( 1505): getUpdateDataNetType(): 0
D/StatusBar.MSimNetworkController( 1505): Nothing final, mRoamingIconId = 0 phoneId : 0
D/StatusBar.MSimNetworkController( 1505): getNumberOfActiveSim:0
D/StatusBar.MSimNetworkController( 1505): getPhoneSignalIconList: mMaxLevelOfSignalStrengthIndicator = 4 inetCondition = 0
D/StatusBar.MSimNetworkController( 1505): updateTelephonySignalStrength: iconLevel=4
D/StatusBar.MSimNetworkController( 1505): getUpdateDataNetType(): 0
D/StatusBar.MSimNetworkController( 1505): NoService, mRoamingIconId = 0phoneId : 1
D/STATUSBAR-WifiQuickSettingButton( 1505): onWifiSignalChanged enabled=true enabledDesc:"ZZL-309"
D/StatusBar.MSimNetworkController( 1505): applyCU
D/StatusBar.MSimNetworkController( 1505): applyCU
D/StatusBar.MSimNetworkController( 1505): applyCU
D/StatusBar.MSimNetworkController( 1505): applyCU
D/StatusBar.MSimNetworkController( 1505): getNumberOfActiveSim:0
D/STATUSBAR-WifiQuickSettingButton( 1505): onWifiSignalChanged enabled=true enabledDesc:"ZZL-309"
D/StatusBar.MSimNetworkController( 1505): getNumberOfActiveSim:0
D/AccessSchedulerTrigger( 5555): Network changed
I/DownloaderApn( 5555): updateApn
I/fgf     ( 5555): updateApn
D/GpsLocationProvider( 1036): receive broadcast intent, action: android.net.conn.CONNECTIVITY_CHANGE
I/DownloaderApn( 5555): showApnInfo... Apn:wifi_"ZZL-309"_ec:26:ca:3c:19:e2,sIsNetworkOk:true,sNetType:1,sIsProxy:false,sProxyAddress:
I/fgf     ( 5555): showApnInfo... Apn:,sIsNetworkOk:true,sNetType:1,sIsProxy:false,sProxyAddress:
D/AccessSchedulerTrigger( 5555): onAccessSchedulerTriggered by network change
I/AccessSchedulerImpl( 5555): onAccessSchedulerTriggered... try to addTask
I/AccessSchedulerImpl( 5555): addTask...
D/AccessSchedulerImpl( 5555): before add, queue size:0
D/AccessSchedulerImpl( 5555): addTask ret:true
D/AccessSchedulerImpl( 5555): after add, queue size:1
D/AccessSchedulerImpl( 5555): task taked, try scheduler...
I/AccessSchedulerImpl( 5555): scheduler...begin
D/awcn.NetworkStatusMonitor(12044):  receiver:android.net.conn.CONNECTIVITY_CHANGE
D/awcn.NetworkStatusMonitor(12044):  [checkNetworkStatus]
I/awcn.NetworkStatusMonitor(12044):  checkNetworkStatus info.isConnected:true info.isAvailable:true
I/DataAccessDBImpl( 5555): updateApnUseTime... for apn:ssid_"ZZL-309"ec:26:ca:3c:19:e2,updateRet:1
I/AccessSchedulerStorageManager( 5555): updateApnUseTime... apnName:ssid_"ZZL-309"ec:26:ca:3c:19:e2
I/AccessSchedulerStorageManager( 5555): isNeedScheduler... 
D/AccessSchedulerStorageManager( 5555): try updateCacheInfo...currentApn:ssid_"ZZL-309"ec:26:ca:3c:19:e2
D/AccessSchedulerStorageManager( 5555): cache succ for current apn:ssid_"ZZL-309"ec:26:ca:3c:19:e2
I/AccessSchedulerImpl( 5555): scheduler...no need scheduler. return
D/AccessSchedulerImpl( 5555): try take a task...
D/awcn.NetworkStatusMonitor(12214):  receiver:android.net.conn.CONNECTIVITY_CHANGE
D/awcn.NetworkStatusMonitor(12214):  [checkNetworkStatus]
I/awcn.NetworkStatusHelper(12044):  
I/awcn.NetworkStatusHelper(12044): Network detail*******************************
I/awcn.NetworkStatusHelper(12044): Status: WIFI
I/awcn.NetworkStatusHelper(12044): Subtype: wifi
I/awcn.NetworkStatusHelper(12044): BSSID: ec:26:ca:3c:19:e2
I/awcn.NetworkStatusHelper(12044): SSID: "ZZL-309"
I/awcn.NetworkStatusHelper(12044): *********************************************
E/awcn.SessionCenter(12044): |[seq:[default]] onNetworkStatusChanged. reCreateSession networkStatus:WIFI
I/awcn.NetworkStatusMonitor(12214):  checkNetworkStatus info.isConnected:true info.isAvailable:true
I/awcn.SessionCenter(12044): |[seq:[default]] recreate session failed: infos is empty
D/awcn.AccsSessionManager(12044): |[seq:[default]] app is background not need check accs session, return bg:true
E/awcn.SessionCenter(12044): |[seq:umeng:56aadbf567e58e38d4000976] onNetworkStatusChanged. reCreateSession networkStatus:WIFI
I/awcn.SessionCenter(12044): |[seq:umeng:56aadbf567e58e38d4000976] recreate session failed: infos is empty
D/awcn.StrategyCenter(12044):  getSchemeByHost host:umengacs.m.taobao.com scheme:https
D/awcn.AccsSessionManager(12044): |[seq:umeng:56aadbf567e58e38d4000976] app is background not need check accs session, return bg:true
I/awcn.BandWidthSampler(12044):  [startNetworkMeter] NetworkStatus:WIFI
I/awcn.NetworkStatusHelper(12214):  
I/awcn.NetworkStatusHelper(12214): Network detail*******************************
I/awcn.NetworkStatusHelper(12214): Status: WIFI
I/awcn.NetworkStatusHelper(12214): Subtype: wifi
I/awcn.NetworkStatusHelper(12214): BSSID: ec:26:ca:3c:19:e2
I/awcn.NetworkStatusHelper(12214): SSID: "ZZL-309"
I/awcn.NetworkStatusHelper(12214): *********************************************
E/awcn.SessionCenter(12214): |[seq:[default]] onNetworkStatusChanged. reCreateSession networkStatus:WIFI
I/awcn.SessionCenter(12214): |[seq:[default]] recreate session failed: infos is empty
E/awcn.SessionCenter(12214): |[seq:0] onNetworkStatusChanged. reCreateSession networkStatus:WIFI
I/awcn.SessionCenter(12214): |[seq:0] recreate session failed: infos is empty
D/STATUSBAR-WifiQuickSettingButton( 1505): onWifiSignalChanged enabled=true enabledDesc:"ZZL-309"
D/com.qq.connect(17928): android.net.conn.CONNECTIVITY_CHANGE
E/SQLiteLog(17928): (10) POSIX Error : 11 SQLite Error : 3850
D/StatusBar.MSimNetworkController( 1505): getNumberOfActiveSim:0
D/com.qq.connect(17651): looper ip --> 14.17.41.155
D/awcn.NetworkStatusMonitor(26257):  receiver:android.net.conn.CONNECTIVITY_CHANGE
D/EnterpriseController(  290): mIsMarkChainAdded is 0 mIsBlockChainAdded is 0 netId is 0
D/Netd    (  290): getNetworkForDns: using netid 511 for uid 10073
D/awcn.NetworkStatusMonitor(26257):  [checkNetworkStatus]
E/SQLiteLog(17675): (10) POSIX Error : 11 SQLite Error : 3850
E/SQLiteLog(17928): (10) POSIX Error : 11 SQLite Error : 3850
I/awcn.NetworkStatusMonitor(26257):  checkNetworkStatus info.isConnected:true info.isAvailable:true
E/SQLiteLog(18001): (10) POSIX Error : 11 SQLite Error : 3850
D/EnterpriseController(  290): mIsMarkChainAdded is 0 mIsBlockChainAdded is 0 netId is 0
D/Netd    (  290): getNetworkForDns: using netid 511 for uid 10199
I/System.out(26390): (HTTPLog)-Static: isSBSettingEnabled false
I/System.out(26390): KnoxVpnUidStorageknoxVpnSupported API value returned is false
I/awcn.NetworkStatusMonitor(26257):  Network Status Change NO ===>>> WIFI
I/awcn.NetworkStatusHelper(26257):  
I/awcn.NetworkStatusHelper(26257): 
I/awcn.NetworkStatusHelper(26257): Network detail***********************
I/awcn.NetworkStatusHelper(26257): status: WIFI
I/awcn.NetworkStatusHelper(26257):  BSSID: ec:26:ca:3c:19:e2
I/awcn.NetworkStatusHelper(26257):  SSID: "ZZL-309"
I/awcn.NetworkStatusHelper(26257): ******************************************
D/awcn.SessionCenter(26257):  onNetworkStatusChanged networkStatus:WIFI
D/awcn.SessionCenter(26257):  [reCreateSession]
I/awcn.SessionCenter(26257):  recreate session failed: infos is empty
E/SQLiteLog(17928): (10) POSIX Error : 11 SQLite Error : 3850
I/System.out(29777): pool-2-thread-1 calls detatch()
E/art     (19431): No implementation found for int com.UCMobile.Apollo.MediaPlayer._nativeSetGlobalOption(java.lang.String, java.lang.String) (tried Java_com_UCMobile_Apollo_MediaPlayer__1nativeSetGlobalOption and Java_com_UCMobile_Apollo_MediaPlayer__1nativeSetGlobalOption__Ljava_lang_String_2Ljava_lang_String_2)
E/art     (19520): No implementation found for int com.UCMobile.Apollo.MediaPlayer._nativeSetGlobalOption(java.lang.String, java.lang.String) (tried Java_com_UCMobile_Apollo_MediaPlayer__1nativeSetGlobalOption and Java_com_UCMobile_Apollo_MediaPlayer__1nativeSetGlobalOption__Ljava_lang_String_2Ljava_lang_String_2)
D/EnterpriseController(  290): mIsMarkChainAdded is 0 mIsBlockChainAdded is 0 netId is 0
D/Netd    (  290): getNetworkForDns: using netid 511 for uid 10199
E/SQLiteLog(17675): (10) POSIX Error : 11 SQLite Error : 3850
E/SQLiteLog(17651): (10) POSIX Error : 11 SQLite Error : 3850
W/Settings( 2434): Setting airplane_mode_on has moved from android.provider.Settings.System to android.provider.Settings.Global, returning read-only value.
I/PCWCLIENTTRACE_PushUtil(11765): SPPPushClient is installed : true
I/PCWCLIENTTRACE_PushUtil(11765): sales region : cn
I/PCWCLIENTTRACE_PushUtil(11765): getPushTypeList : [SPP]
I/PCWCLIENTTRACE_SYSTEMReceiver(11765): [onReceive] - android.net.conn.CONNECTIVITY_CHANGE
I/System.out(28063): pool-2-thread-3 calls detatch()
D/com.qq.connect(17651): ret len: 78
D/com.qq.connect(17651): response: 1014
D/com.qq.connect(17651): getIPList: success
E/SQLiteLog(17651): (10) POSIX Error : 11 SQLite Error : 3850
D/EnterpriseController(  290): mIsMarkChainAdded is 0 mIsBlockChainAdded is 0 netId is 0
D/Netd    (  290): getNetworkForDns: using netid 511 for uid 10011
E/art     (19431): No implementation found for int com.UCMobile.Apollo.MediaPlayer._nativeSetGlobalOption(java.lang.String, java.lang.String) (tried Java_com_UCMobile_Apollo_MediaPlayer__1nativeSetGlobalOption and Java_com_UCMobile_Apollo_MediaPlayer__1nativeSetGlobalOption__Ljava_lang_String_2Ljava_lang_String_2)
E/art     (19520): No implementation found for int com.UCMobile.Apollo.MediaPlayer._nativeSetGlobalOption(java.lang.String, java.lang.String) (tried Java_com_UCMobile_Apollo_MediaPlayer__1nativeSetGlobalOption and Java_com_UCMobile_Apollo_MediaPlayer__1nativeSetGlobalOption__Ljava_lang_String_2Ljava_lang_String_2)
I/SA      (29280): [OR] onReceive log=[SA = 2.1.0142 V = 21 HWD = 1920X1080 3.0 dpi = 480  SIZE = 2 LOCALE = zh_CN CSC = CHU MCC = 0 MNC 0 T = user DEVICE = hlte P = h3gduoszn I = LRX21V M = SM-N9002 OKLEFT false DIS LRX21V.N9002ZNSGQA1 PSS = 5.701607447389803  ]
I/SA      (29280): [OR] onReceive Intent=[ conn.CONNECTIVITY_CHANGE. networkInfo:[type: WIFI[] - WIFI, state: CONNECTED/CONNECTED, reason: (unspecified), extra: "ZZL-309", roaming: false, failover: false, isAvailable: true, isConnectedToProvisioningNetwork: false] networkType:1 inetCondition:0 extraInfo:? isDefault:true ]
I/SA      (29280): [OR] == ACTION_CONNECTIVITY_CHANGE ==
I/SA      (29280): [TPMU]  strSIMState 	:SIM_STATE_ABSENT
I/SA      (29280): [OR] == isSIMCardReady false ==
I/SA      (29280): [SCU] == networkStateCheck == true
I/SA      (29280): [DM] getCountryCodeFromCSC : CN
I/SA      (29280): isChinaCountryCode : true
I/SA      (29280): [SCU] isHaveSA() - false
I/SA      (29280): [SCU] is ChinestModel Data Restricted   : true
I/SA      (29280): [OR] Do not use data in Chinese Model
I/SA      (29280): [OR] onReceive END
I/System.out(17928): beacon-thread-2 calls detatch()
I/FOTA_Client(29299): [com.sec.android.fotaclient.FotaRegisterReceiver(113/onReceive)] Already device registered...
I/art     (19650): Rejecting re-init on previously-failed class java.lang.Class<com.taobao.accs.utl.OrangeAdapter$OrangeListener>
I/FOTA_Client(29299): [com.sec.android.fotaclient.FotaUpdaterReceiver(103/onReceive)] Auto update settings is activated
I/FOTA_Client(29299): [IIIllIIllIlIllIlllII(197/lllIlIlIIIllIIlIllIl)] Polling time is vaild
I/FOTA_Client(29299): [com.sec.android.fotaclient.FotaUpdaterReceiver(126/onReceive)] Heartbeat settings is activated.
I/FOTA_Client(29299): [lIlIIllIIlIIlIlllIll(125/llIlIIIIlIIIIIlIlIII)] heartbeat time is vaild
I/SCloudBackupReceiver(29316): Other Intent
E/SQLiteLog(17651): (10) POSIX Error : 11 SQLite Error : 3850
D/EnterpriseController(  290): mIsMarkChainAdded is 0 mIsBlockChainAdded is 0 netId is 0
D/Netd    (  290): getNetworkForDns: using netid 511 for uid 10011
E/SQLiteLog(17651): (10) POSIX Error : 11 SQLite Error : 3850
E/Zygote  ( 6647): MountEmulatedStorage()
E/Zygote  ( 6647): v2
I/SELinux ( 6647): Function: selinux_compare_spd_ram , priority [2] , priority version is VE=SEPF_SM-N9002_5.0-1_0039
E/SELinux ( 6647): [DEBUG] get_category: variable seinfo: platform sensitivity: NULL, cateogry: NULL
E/SQLiteLog(17651): (10) POSIX Error : 11 SQLite Error : 3850
D/TimaKeyStoreProvider( 6647): TimaSignature is unavailable
D/ActivityThread( 6647): Added TimaKeyStore provider
I/System.out(17675): beacon-thread-3 calls detatch()
D/ResourcesManager( 6647): creating new AssetManager and set to /system/priv-app/CloudAgent_CHN/CloudAgent_CHN.apk
I/PushServiceReceiver( 6647): start PushSerevice for ACTION_BOOT_COMPLETED or CONNECTIVITY_ACTION
I/DIAGMON_AGENT(29422): [lIIllllllllIlIlIllll(17/llIIIIlllllIIllIIllI)] Receive broadcast: android.net.conn.CONNECTIVITY_CHANGE
I/DIAGMON_AGENT(29422): [lIIllllllllIlIlIllll(28/llIIIIlllllIIllIIllI)] Running with RegistrationReceiver<China>
I/DIAGMON_AGENT(29422): [llIlIlIllllIlIIllIII(18/llIIIIlllllIIllIIllI)] timeToActivate is not set. Do not anything.
E/SQLiteLog(17651): (10) POSIX Error : 11 SQLite Error : 3850
I/System.out(17675): pool-3-protocalManager-thread-6 calls detatch()
I/KLMS-2.4.521: ( 8148): KLMSAbstractReciever(): onReceive(): Intent { act=android.net.conn.CONNECTIVITY_CHANGE flg=0x4000010 cmp=com.samsung.klmsagent/.listner.MainReciver (has extras) } | timestamp: Mon Dec 04 15:51:42 GMT+08:00 2017
I/KLMS-2.4.521: ( 8148): KLMSAbstractReciever(): onReceive().END.
I/Process ( 6647): Sending signal. PID: 6647 SIG: 9
I/KLMS-2.4.521: ( 8148): KLMSIntentService(): onCreate()
I/KLMS-2.4.521: ( 8148): KLMSSystemProperties(): getBoolean(): ro.product_ship = true
I/KLMS-2.4.521: ( 8148): KLMSUtility(): isTestMode(): product_ship: true | testApk: false
I/KLMS-2.4.521: ( 8148): KLMSIntentService(): onHandleIntent().START: Intent { act=android.net.conn.CONNECTIVITY_CHANGE flg=0x4000010 cmp=com.samsung.klmsagent/.services.KLMSIntentService (has extras) }
I/KLMS-2.4.521: ( 8148): KLMSIntentService(): NETWORK_STATE_CHANGED_ACTION
I/SO_AGENT(29481): [com.sec.android.soagent.RegisterReceiver(104/onReceive)] Get Accessory List
I/KLMS-2.4.521: ( 8148): KLMSUtility(): isNetworkAvailable() - WIFI : true| MOBILE : false
I/KLMS-2.4.521: ( 8148): StateImplV2(): networkChangeListener().START
I/KLMS-2.4.521: ( 8148): NetworkChangeOperations(): uploadRequestLog().START 
I/KLMS-2.4.521: ( 8148): NetworkChangeOperations(): uploadRequestLog().END 
I/KLMS-2.4.521: ( 8148): StateImplV2(): networkChangeListener().END
I/DBG_POLICYDM(29513): [com.policydm.db.llllllIllIlIlllIIlIl(574/IlIIIllllIIlIIIIIlII)] Initiated Type: 0
I/KLMS-2.4.521: ( 8148): KLMSIntentService(): onDestroy()
I/DBG_POLICYDM(29513): [com.policydm.db.llllllIllIlIlllIIlIl(442/IIIlIIllIlIIllIlllII)] xdbGetFUMOStatus : 0
I/DBG_POLICYDM(29513): [com.policydm.XDMService(585/llIlIllllllllllllllI)] get NotibarState : 7
I/DBG_POLICYDM(29513): [lIllIlIlIIIIIIlIlIII(87/llllIIIllIlIIIIllllI)] WiFi Network is connected
I/DBG_POLICYDM(29513): [com.policydm.XDMService(372/lllIlIlIIIllIIlIllIl)] a previous network is 0, current network is 2
E/DBG_POLICYDM(29513): [com.policydm.XDMService(374/lllIlIlIIIllIIlIllIl)] network changed.... 
E/DBG_POLICYDM(29513): [com.policydm.XDMBroadcastReceiver(418/llllIIIllIlIIIIllllI)] bNetworkChange : true
I/DBG_POLICYDM(29513): [com.sec.android.policyagent.RegistrationReceiver(51/onReceive)] RegistrationReceiver onReceive! action = android.net.conn.CONNECTIVITY_CHANGE
I/DBG_POLICYDM(29513): [com.sec.android.policyagent.db.llllIIIllIlIIIIllllI(86/llIIIIlllllIIllIIllI)] get SalesCode from FotaFeature
I/DBG_POLICYDM(29513): [com.sec.android.policyagent.db.IIIIllIlIIlIIIIlllIl(87/llllIIIllIlIIIIllllI)] device register flag at setting DB : true
I/DBG_POLICYDM(29513): [com.policydm.XDMBroadcastReceiver(263/lllIlIlIIIllIIlIllIl)] 
I/DBG_POLICYDM(29513): [com.sec.android.policyagent.RegistrationReceiver(96/onReceive)] Already device registered...
I/DBG_POLICYDM(29513): [com.policydm.db.IllIlIIIIlIIlIIIllIl(63/llIIIIlllllIIllIIllI)] doesn't exist target file: /data/security/sepolicy
I/DBG_POLICYDM(29513): [com.sec.android.policyagent.db.IIIIllIlIIlIIIIlllIl(87/llllIIIllIlIIIIllllI)] device register flag at setting DB : true
I/DBG_POLICYDM(29513): [com.policydm.db.IllIlIIIIlIIlIIIllIl(63/llIIIIlllllIIllIIllI)] doesn't exist target file: /data/security/seapp_contexts
I/DBG_POLICYDM(29513): [com.policydm.db.IllIlIIIIlIIlIIIllIl(63/llIIIIlllllIIllIIllI)] doesn't exist target file: /data/security/property_contexts
I/DBG_POLICYDM(29513): [com.policydm.db.IllIlIIIIlIIlIIIllIl(63/llIIIIlllllIIllIIllI)] doesn't exist target file: /data/security/file_contexts
I/DBG_POLICYDM(29513): [com.policydm.db.IllIlIIIIlIIlIIIllIl(63/llIIIIlllllIIllIIllI)] doesn't exist target file: /data/security/service_contexts
I/DBG_POLICYDM(29513): [com.policydm.db.IllIlIIIIlIIlIIIllIl(63/llIIIIlllllIIllIIllI)] doesn't exist target file: /data/security/mac_permissions.xml
I/DBG_POLICYDM(29513): [com.sec.android.policyagent.RegistrationReceiver(342/lllIlIlIIIllIIlIllIl)] OMC not Supported model
I/DBG_POLICYDM(29513): [IIIIlllIIIlIlllllIll(111/llIlIIIIlIIIIIlIlIII)] Polling time is vaild
I/DBG_POLICYDM(29513): [com.sec.android.policyagent.RegistrationReceiver(281/llIIIIlllllIIllIIllI)] Heartbeat settings is activated.
I/DBG_POLICYDM(29513): [IIlllIIllIllIllIIlll(52/llllIIIllIlIIIIllllI)] Next heartbeat time:2017/12/18/16:38:11
I/DBG_POLICYDM(29513): [IIlllIIllIllIllIIlll(55/llllIIIllIlIIIIllllI)] heartbeat time is vaild
I/DBG_POLICYDM(29513): [com.sec.android.policyagent.db.IIIIllIlIIlIIIIlllIl(87/llllIIIllIlIIIIllllI)] device register flag at setting DB : true
I/DBG_POLICYDM(29513): [com.policydm.XDMBroadcastReceiver(291/lllIlIlIIIllIIlIllIl)] Start resumecase for INIT
D/com.peel.receiver.ConnectivityActionReceiver( 8738): ConnectivityActionReceiver onReceive
D/com.peel.receiver.ConnectivityActionReceiver( 8738): 
D/com.peel.receiver.ConnectivityActionReceiver( 8738): 
D/com.peel.receiver.ConnectivityActionReceiver( 8738): country_code: China -- rom region: CN
D/com.peel.receiver.ConnectivityActionReceiver( 8738): 
D/com.peel.receiver.ConnectivityActionReceiver( 8738): 
D/com.peel.receiver.ConnectivityActionReceiver( 8738): 
D/com.peel.receiver.ConnectivityActionReceiver( 8738):  network type WIFI path... network offline: false
D/com.peel.receiver.ConnectivityActionReceiver( 8738): 
D/com.peel.receiver.ConnectivityActionReceiver( 8738): 
D/com.peel.receiver.ConnectivityActionReceiver( 8738): 
D/com.peel.receiver.ConnectivityActionReceiver( 8738): user needs to agree to dialog popups
D/com.peel.receiver.ConnectivityActionReceiver( 8738): 
D/com.peel.receiver.ConnectivityActionReceiver( 8738): 
D/com.peel.receiver.ConnectivityActionReceiver( 8738): 
D/com.peel.receiver.ConnectivityActionReceiver( 8738): last run: 1512367736283 -- System.currentTimeMillis()-last_run: 6166729
D/com.peel.receiver.ConnectivityActionReceiver( 8738): ... skip 
I/DBG_POLICYDM(29513): [lIllIlIlIIIIIIlIlIII(87/llllIIIllIlIIIIllllI)] WiFi Network is connected
I/DBG_POLICYDM(29513): [com.policydm.db.llllllIllIlIlllIIlIl(574/IlIIIllllIIlIIIIIlII)] Initiated Type: 0
I/DBG_POLICYDM(29513): [com.policydm.db.llllllIllIlIlllIIlIl(442/IIIlIIllIlIIllIlllII)] xdbGetFUMOStatus : 0
E/DBG_POLICYDM(29513): [com.policydm.XDMBroadcastReceiver(418/llllIIIllIlIIIIllllI)] bNetworkChange : false
I/KnoxUsageLogPro( 9142): KnoxUsageReceiver onReceive :android.net.conn.CONNECTIVITY_CHANGE myUserId=0
I/KnoxUsageLogPro( 9142): premStatus:2
I/KnoxUsageLogPro( 9142): isEulaShown : false
I/KnoxUsageLogPro( 9142): KnoxUsageReceiver onReceive : not Processible, just return
I/System.out(17675): pool-3-protocalManager-thread-8 calls detatch()
E/        (29635): 广播类型：android.net.conn.CONNECTIVITY_CHANGE
I/NetChangeReceiver(29635):  onReceive()::android.net.conn.CONNECTIVITY_CHANGE
E/        (29635): 网络可用，15000毫秒后重新连接
I/NetChangeReceiver(29635):  reconnection()::触发时间：15194
I/WoMail  (29635): Committing preference changes
I/WoMail  (29635): Preferences commit took 9ms
I/System.out(17675): pool-3-protocalManager-thread-10 calls detatch()
I/System.out(17675): pool-3-protocalManager-thread-9 calls detatch()
D/QuickConnect(29658): PeriphStartReceiver.onReceive - android.net.conn.CONNECTIVITY_CHANGE
I/QuickConnect(29658): PeriphStartReceiver.onReceive - USER_OWNER care CONNECTIVITY_ACTION. run P service
I/QuickConnect(29658): PeriphStartReceiver.onReceive - no need to start
D/RCPManagerService( 1036): exchangeData() failure , invalid userId
E/SPPClientService( 8483): [SystemStateMoniter] Action Name : android.net.conn.CONNECTIVITY_CHANGE
E/SPPClientService( 8483): [SystemStateMoniter] Current Time : 6293876
E/SPPClientService( 8483): [SystemStateMoniter] No Connect : false
D/WaitQueueForNetworkActivate( 6306): notifyNetworkActivated
D/[SAUI]  ( 6306): NetworkStateReceiver::connected::recovered?true
D/[SAUI]  ( 6306): AutoUpdateService::onStartCommand
D/[SAUI]  ( 6306): AutoUpdateService::runAutoUpdateManager
D/[SAUI]  ( 6306): AutoUpdateManager:INITCHECK:AutoUpdateManager::execute : false false true state: INITCHECK
W/art     ( 5473): Native thread exiting without having called DetachCurrentThread (maybe it's going to use a pthread_key_create destructor?): Thread[23,tid=6415,Native,Thread*=0xaed98400,peer=0x130b3140,"default"]
D/accs.BaseReceiver(12214):  onReceive
D/accs.ReceiverImpl(12214):  ReceiverImpl onReceive begin......
D/accs.AdapterGlobalClientInfo(12214):  getAgooCustomServiceName name:com.umeng.message.UmengIntentService
D/accs.AdapterGlobalClientInfo(12214):  getAgooCustomServiceName name:com.umeng.message.UmengIntentService
I/accs.ElectionServiceImpl(12214):  onStartCommand begin action:android.net.conn.CONNECTIVITY_CHANGE
I/accs.OrangeAdapter(12214):  isElectionEnable result:false
I/accs.OrangeAdapter(12214):  isElectionEnable result:false
I/accs.ElectionServiceImpl(12214):  deliver to channelservice host pkg:
I/accs.ServiceImpl(12214):  onHostStartCommand:Intent { act=android.net.conn.CONNECTIVITY_CHANGE flg=0x4000010 cmp=com.zzl.falcon.internal/com.taobao.accs.ChannelService (has extras) }
D/accs.ServiceImpl(12214):  key networkInfo: value [type: WIFI[] - WIFI, state: CONNECTED/CONNECTED, reason: (unspecified), extra: "ZZL-309", roaming: false, failover: false, isAvailable: true, isConnectedToProvisioningNetwork: false]
D/accs.ServiceImpl(12214):  key networkType: value 1
D/accs.ServiceImpl(12214):  key inetCondition: value 0
D/accs.ServiceImpl(12214):  key extraInfo: value "ZZL-309"
D/accs.ServiceImpl(12214):  key isDefault: value true
I/accs.LoadSoFailUtil(12214):  getSoFailTimes times:0
D/accs.SilenceConn_umeng:56aadbf567e58e38d4000976(12214):  try ping, force:false
D/accs.SilenceConn_umeng:56aadbf567e58e38d4000976(12214):  send message, PING delay:0 dataId:66
D/accs.SilenceConn_umeng:56aadbf567e58e38d4000976(12214):  clearRepeatControlCommand message:201/
I/accs.ServiceImpl(12214):  tryConnect appkey:0 configTag:umeng:56aadbf567e58e38d4000976|0
I/accs.ServiceImpl(12214):  network change:unknown to wifi
D/accs.SilenceConn_umeng:56aadbf567e58e38d4000976(12214):  try ping, force:true
D/accs.SilenceConn_umeng:56aadbf567e58e38d4000976(12214):  send message, PING delay:0 dataId:67
D/accs.SilenceConn_umeng:56aadbf567e58e38d4000976(12214):  clearRepeatControlCommand message:201/
I/accs.ServiceImpl(12214):  ping connection appkey:0
D/accs.UtilityImpl(12214):  getProxy:null:-1
D/accs.UTMini(12214):  commitEvent fail java.lang.NoClassDefFoundError: Failed resolution of: Lcom/ut/mini/internal/UTOriginalCustomHitBuilder;
I/ReconnectionReceiver(29635):  onReceive()::开启重连
I/ControlParamService(29635):  getPhoneNumber(boolean)::!!!!!getPhoneNumber[]
I/WoPushPlatformManager(29635):  getInstance::initial WoPushPlatformManager
I/accs.BaseIntentService(12214):  onHandleIntent,action=android.net.conn.CONNECTIVITY_CHANGE,agooCommand=com.zzl.falcon.internal.intent.action.COMMAND,mipushCommand=com.zzl.falcon.internal.intent.thirdPush.action.COMMAND
I/accs.BaseIntentService(12214):  is report cache msg,Config.isReportCacheMsg(mContext)=false
D/accs.isClearTime(12214):  now=1512373903647,now - lastTime=3404754,istrue=false
I/accs.BaseIntentService(12214):  is clear all msg=false
D/accs.isClearTime(12214):  now=1512373903647,now - lastTime=3404754,istrue=false
I/WoPushPlatformManager(29635):  start()::stop execute service because phoneNumber is null
D/EnterpriseController(  290): mIsMarkChainAdded is 0 mIsBlockChainAdded is 0 netId is 0
D/Netd    (  290): getNetworkForDns: using netid 511 for uid 10683
I/accs.SilenceConn_umeng:56aadbf567e58e38d4000976(12214):  0 getChannelHost:accscdn.m.taobao.com
D/awcn.LocalDnsStrategyTable(12214):  try resolve ip with local dns host:accscdn.m.taobao.com
D/getConnStrategyListByHost(12214): |[seq:host] accscdn.m.taobao.com:result [{140.205.195.50 80 http}, {140.205.195.50 443 https}]
I/accs.SilenceConn_umeng:56aadbf567e58e38d4000976(12214):  0 getChannelHost:accscdn.m.taobao.com
I/accs.SilenceConn_umeng:56aadbf567e58e38d4000976(12214):  0 get ip from amdc fail!!
E/accs.SilenceConn_umeng:56aadbf567e58e38d4000976(12214):  0 connect URL:https://accscdn.m.taobao.com:80/accs/
E/accs.SilenceConn_umeng:56aadbf567e58e38d4000976(12214):  0 connect normal
I/accs.SilenceConn_umeng:56aadbf567e58e38d4000976(12214):  0 getChannelHost:accscdn.m.taobao.com
D/EnterpriseController(  290): mIsMarkChainAdded is 0 mIsBlockChainAdded is 0 netId is 0
D/Netd    (  290): getNetworkForDns: using netid 511 for uid 10684
I/System.out(17675): pool-3-protocalManager-thread-1 calls detatch()
D/ResourcesManager(17675): creating new AssetManager and set to /data/app/com.kingroot.kinguser-1/base.apk
D/PersonaManager( 1505): isKioskContainerExistOnDevice
D/PersonaManager( 1505): isKioskContainerExistOnDevice
D/SecContentProvider2( 1036): uri = 14 selection = getSealedState
D/SecContentProvider2( 1036): mCursor = null
D/ApplicationPolicy( 1036): isStatusBarNotificationAllowedAsUser: packageName = com.tencent.android.qqdownloader,userId = 0
V/ApplicationPolicy( 1036): isApplicationStateBlocked userId 0 pkgname com.tencent.android.qqdownloader
W/art     ( 5473): Native thread exiting without having called DetachCurrentThread (maybe it's going to use a pthread_key_create destructor?): Thread[25,tid=6678,Native,Thread*=0xafb43400,peer=0x131010e0,"default"]
D/SecContentProvider2( 1036): uri = 14 selection = getSealedState
D/SecContentProvider2( 1036): mCursor = null
I/dhcpcd  ( 6500): wlan0: sending IPv6 Router Solicitation
D/StatusBar( 1505): getNumberOfActiveSim:0
D/PanelView( 1505): There is/are notification(s) 
D/SecContentProvider2( 1036): uri = 14 selection = getSealedState
D/SecContentProvider2( 1036): mCursor = null
D/PanelView( 1505): There is/are notification(s) 
D/PersonaManager( 1505): isKioskContainerExistOnDevice
D/StatusBar( 1505): getNumberOfActiveSim:0
D/PanelView( 1505): There is/are notification(s) 
D/ApplicationPolicy( 1036): isStatusBarNotificationAllowedAsUser: packageName = com.tencent.android.qqdownloader,userId = 0
V/ApplicationPolicy( 1036): isApplicationStateBlocked userId 0 pkgname com.tencent.android.qqdownloader
D/KnoxNotification( 1505): ----- inflateViews : modified publicViewLocal -----
I/art     ( 1036): Background partial concurrent mark sweep GC freed 188875(9MB) AllocSpace objects, 1(16KB) LOS objects, 22% free, 53MB/69MB, paused 1.638ms total 157.676ms
D/KnoxNotification( 1505): ----- inflateViews : modified KnoxViewLocal -----
D/PersonaManager( 1505): PersonaID is invalid or persona doesn't exists. : 0
D/PersonaManager( 1505): isKioskContainerExistOnDevice
D/PersonaManager( 1505): isKioskContainerExistOnDevice
D/StatusBar( 1505): getNumberOfActiveSim:0
D/PanelView( 1505): There is/are notification(s) 
D/ApplicationPolicy( 1036): isStatusBarNotificationAllowedAsUser: packageName = com.tencent.android.qqdownloader,userId = 0
V/ApplicationPolicy( 1036): isApplicationStateBlocked userId 0 pkgname com.tencent.android.qqdownloader
D/PanelView( 1505): There is/are notification(s) 
D/PersonaManager( 1505): isKioskContainerExistOnDevice
D/StatusBar( 1505): getNumberOfActiveSim:0
D/PanelView( 1505): There is/are notification(s) 
I/System.out(17675): pool-3-protocalManager-thread-2 calls detatch()
I/System.out(17675): pool-3-protocalManager-thread-3 calls detatch()
D/KnoxNotification( 1505): ----- inflateViews : modified publicViewLocal -----
D/KnoxNotification( 1505): ----- inflateViews : modified KnoxViewLocal -----
D/PersonaManager( 1505): PersonaID is invalid or persona doesn't exists. : 0
D/PersonaManager( 1505): isKioskContainerExistOnDevice
D/PersonaManager( 1505): isKioskContainerExistOnDevice
D/StatusBar( 1505): getNumberOfActiveSim:0
D/PanelView( 1505): There is/are notification(s) 
D/PanelView( 1505): There is/are notification(s) 
D/PersonaManager( 1505): isKioskContainerExistOnDevice
D/StatusBar( 1505): getNumberOfActiveSim:0
D/PanelView( 1505): There is/are notification(s) 
D/StatusBar( 1505): ----- contentsUnchanged : true, bigContentsUnchanged - true, headsUpContentsUnchanged - true , publicUnchanged true
D/PersonaManager( 1505): isKioskContainerExistOnDevice
D/PersonaManager( 1505): isKioskContainerExistOnDevice
D/StatusBar( 1505): getNumberOfActiveSim:0
D/PanelView( 1505): There is/are notification(s) 
D/PanelView( 1505): There is/are notification(s) 
D/PersonaManager( 1505): isKioskContainerExistOnDevice
D/StatusBar( 1505): getNumberOfActiveSim:0
D/PanelView( 1505): There is/are notification(s) 
D/EnterpriseController(  290): mIsMarkChainAdded is 0 mIsBlockChainAdded is 0 netId is 0
D/Netd    (  290): getNetworkForDns: using netid 511 for uid 10011
D/cell strength( 1726): ===== cell singal strength changed : 11
W/MessageQueue( 3701): Handler (android.telephony.PhoneStateListener$2) {2562ad9f} sending message to a Handler on a dead thread
W/MessageQueue( 3701): java.lang.IllegalStateException: Handler (android.telephony.PhoneStateListener$2) {2562ad9f} sending message to a Handler on a dead thread
W/MessageQueue( 3701): 	at android.os.MessageQueue.enqueueMessage(MessageQueue.java:325)
W/MessageQueue( 3701): 	at android.os.Handler.enqueueMessage(Handler.java:631)
W/MessageQueue( 3701): 	at android.os.Handler.sendMessageAtTime(Handler.java:600)
W/MessageQueue( 3701): 	at android.os.Handler.sendMessageDelayed(Handler.java:570)
W/MessageQueue( 3701): 	at android.os.Handler.sendMessage(Handler.java:507)
W/MessageQueue( 3701): 	at android.os.Message.sendToTarget(Message.java:416)
W/MessageQueue( 3701): 	at android.telephony.PhoneStateListener$3.onSignalStrengthsChanged(PhoneStateListener.java:657)
W/MessageQueue( 3701): 	at com.android.internal.telephony.IPhoneStateListener$Stub.onTransact(IPhoneStateListener.java:133)
W/MessageQueue( 3701): 	at android.os.Binder.execTransact(Binder.java:446)
W/MessageQueue( 3701): Handler (android.telephony.PhoneStateListener$2) {2562ad9f} sending message to a Handler on a dead thread
W/MessageQueue( 3701): java.lang.IllegalStateException: Handler (android.telephony.PhoneStateListener$2) {2562ad9f} sending message to a Handler on a dead thread
W/MessageQueue( 3701): 	at android.os.MessageQueue.enqueueMessage(MessageQueue.java:325)
W/MessageQueue( 3701): 	at android.os.Handler.enqueueMessage(Handler.java:631)
W/MessageQueue( 3701): 	at android.os.Handler.sendMessageAtTime(Handler.java:600)
W/MessageQueue( 3701): 	at android.os.Handler.sendMessageDelayed(Handler.java:570)
W/MessageQueue( 3701): 	at android.os.Handler.sendMessage(Handler.java:507)
W/MessageQueue( 3701): 	at android.os.Message.sendToTarget(Message.java:416)
W/MessageQueue( 3701): 	at android.telephony.PhoneStateListener$3.onSignalStrengthsChanged(PhoneStateListener.java:657)
W/MessageQueue( 3701): 	at com.android.internal.telephony.IPhoneStateListener$Stub.onTransact(IPhoneStateListener.java:133)
W/MessageQueue( 3701): 	at android.os.Binder.execTransact(Binder.java:446)
I/System.out(17675): beacon-thread-2 calls detatch()
D/cell strength( 1726): ===== cell singal strength changed : 11
D/StatusBar.MSimNetworkController( 1505): getNumberOfActiveSim:0
D/StatusBar.MSimNetworkController( 1505): getPhoneSignalIconList: mMaxLevelOfSignalStrengthIndicator = 4 inetCondition = 0
D/StatusBar.MSimNetworkController( 1505): updateTelephonySignalStrength: iconLevel=3
D/STATUSBAR-WifiQuickSettingButton( 1505): onWifiSignalChanged enabled=true enabledDesc:"ZZL-309"
D/StatusBar.MSimNetworkController( 1505): applyCU
D/StatusBar.MSimNetworkController( 1505): applyCU
D/StatusBar.MSimNetworkController( 1505): applyCU
D/StatusBar.MSimNetworkController( 1505): applyCU
D/StatusBar.MSimNetworkController( 1505): getNumberOfActiveSim:0
D/StatusBar.MSimNetworkController( 1505): getNumberOfActiveSim:0
D/StatusBar.MSimNetworkController( 1505): getPhoneSignalIconList: mMaxLevelOfSignalStrengthIndicator = 4 inetCondition = 0
D/StatusBar.MSimNetworkController( 1505): updateTelephonySignalStrength: iconLevel=3
D/STATUSBAR-WifiQuickSettingButton( 1505): onWifiSignalChanged enabled=true enabledDesc:"ZZL-309"
D/StatusBar.MSimNetworkController( 1505): applyCU
D/StatusBar.MSimNetworkController( 1505): applyCU
D/StatusBar.MSimNetworkController( 1505): applyCU
D/StatusBar.MSimNetworkController( 1505): applyCU
D/StatusBar.MSimNetworkController( 1505): getNumberOfActiveSim:0
D/StatusBar.MSimNetworkController( 1505): getNumberOfActiveSim:0
D/StatusBar.MSimNetworkController( 1505): getPhoneSignalIconList: mMaxLevelOfSignalStrengthIndicator = 4 inetCondition = 0
D/StatusBar.MSimNetworkController( 1505): updateTelephonySignalStrength: iconLevel=3
D/STATUSBAR-WifiQuickSettingButton( 1505): onWifiSignalChanged enabled=true enabledDesc:"ZZL-309"
D/StatusBar.MSimNetworkController( 1505): applyCU
D/StatusBar.MSimNetworkController( 1505): applyCU
D/StatusBar.MSimNetworkController( 1505): applyCU
D/StatusBar.MSimNetworkController( 1505): applyCU
D/StatusBar.MSimNetworkController( 1505): getNumberOfActiveSim:0
D/StatusBar.MSimNetworkController( 1505): getNumberOfActiveSim:0
D/StatusBar.MSimNetworkController( 1505): getPhoneSignalIconList: mMaxLevelOfSignalStrengthIndicator = 4 inetCondition = 0
D/StatusBar.MSimNetworkController( 1505): updateTelephonySignalStrength: iconLevel=3
D/STATUSBAR-WifiQuickSettingButton( 1505): onWifiSignalChanged enabled=true enabledDesc:"ZZL-309"
D/StatusBar.MSimNetworkController( 1505): applyCU
D/StatusBar.MSimNetworkController( 1505): applyCU
D/StatusBar.MSimNetworkController( 1505): applyCU
D/StatusBar.MSimNetworkController( 1505): applyCU
D/StatusBar.MSimNetworkController( 1505): getNumberOfActiveSim:0
D/Sensorhubs(  310): readContextData: 1, 1, 7, 3
D/SensorHubManager( 1036): onGetSensorHubDataLocked: library(4) = 1, 1, 7, 3
D/CAE     ( 1036): onGetSensorHubData(SensorHubParserProvider.java:87) - onGetSensorHubData Event [event buffer len :4], AP_WAKEUP
I/CAE     ( 1036): parse(SensorHubParserProvider.java:166) - buffer size = 4
I/CAE     ( 1036): parse(SensorHubParserProvider.java:177) - 1, 1, 7, 3,
D/CAE     ( 1036): display(ContextProvider.java:365) - ================= AUTO_ROTATION =================
I/CAE     ( 1036): display(ContextProvider.java:381) - Angle=[3]
D/SContextService( 1036): updateSContext() : event = Auto Rotation
V/WindowOrientationListener( 1036): mSContextAutoRotationListener.onSContextChanged, Rotation: 3
D/Sensorhubs(  310): readContextData: 1, 1, 7, -1
D/SensorHubManager( 1036): onGetSensorHubDataLocked: library(4) = 1, 1, 7, -1
V/WindowOrientationListener( 1036): mSContextAutoRotationListener.getProposedRotation, mbResultFaceDectection: false
V/WindowOrientationListener( 1036): mSContextAutoRotationListener.getProposedRotation, Rotation: 3
V/WindowOrientationListener( 1036): mSContextAutoRotationListener.getProposedRotation, mbResultFaceDectection: false
V/WindowOrientationListener( 1036): mSContextAutoRotationListener.getProposedRotation, Rotation: 3
D/CAE     ( 1036): onGetSensorHubData(SensorHubParserProvider.java:87) - onGetSensorHubData Event [event buffer len :4], AP_WAKEUP
I/CAE     ( 1036): parse(SensorHubParserProvider.java:166) - buffer size = 4
I/CAE     ( 1036): parse(SensorHubParserProvider.java:177) - 1, 1, 7, -1,
D/CAE     ( 1036): display(ContextProvider.java:365) - ================= AUTO_ROTATION =================
I/CAE     ( 1036): display(ContextProvider.java:381) - Angle=[-1]
D/SContextService( 1036): updateSContext() : event = Auto Rotation
V/WindowOrientationListener( 1036): mSContextAutoRotationListener.onSContextChanged, Rotation: -1
D/EnterpriseController(  290): mIsMarkChainAdded is 0 mIsBlockChainAdded is 0 netId is 0
D/Netd    (  290): getNetworkForDns: using netid 511 for uid 10188
D/Sensorhubs(  310): readContextData: 1, 1, 7, 3
D/SensorHubManager( 1036): onGetSensorHubDataLocked: library(4) = 1, 1, 7, 3
D/CAE     ( 1036): onGetSensorHubData(SensorHubParserProvider.java:87) - onGetSensorHubData Event [event buffer len :4], AP_WAKEUP
I/CAE     ( 1036): parse(SensorHubParserProvider.java:166) - buffer size = 4
I/CAE     ( 1036): parse(SensorHubParserProvider.java:177) - 1, 1, 7, 3,
D/CAE     ( 1036): display(ContextProvider.java:365) - ================= AUTO_ROTATION =================
I/CAE     ( 1036): display(ContextProvider.java:381) - Angle=[3]
D/SContextService( 1036): updateSContext() : event = Auto Rotation
V/WindowOrientationListener( 1036): mSContextAutoRotationListener.onSContextChanged, Rotation: 3
V/WindowOrientationListener( 1036): mSContextAutoRotationListener.getProposedRotation, mbResultFaceDectection: false
V/WindowOrientationListener( 1036): mSContextAutoRotationListener.getProposedRotation, Rotation: 3
V/WindowOrientationListener( 1036): mSContextAutoRotationListener.getProposedRotation, mbResultFaceDectection: false
V/WindowOrientationListener( 1036): mSContextAutoRotationListener.getProposedRotation, Rotation: 3
I/SurfaceFlinger(  263): id=451 Removed Uoast (10/10)
I/SurfaceFlinger(  263): id=451 Removed Uoast (-2/10)
D/Sensorhubs(  310): readContextData: 1, 1, 7, -1
D/SensorHubManager( 1036): onGetSensorHubDataLocked: library(4) = 1, 1, 7, -1
D/CAE     ( 1036): onGetSensorHubData(SensorHubParserProvider.java:87) - onGetSensorHubData Event [event buffer len :4], AP_WAKEUP
I/CAE     ( 1036): parse(SensorHubParserProvider.java:166) - buffer size = 4
I/CAE     ( 1036): parse(SensorHubParserProvider.java:177) - 1, 1, 7, -1,
D/CAE     ( 1036): display(ContextProvider.java:365) - ================= AUTO_ROTATION =================
I/CAE     ( 1036): display(ContextProvider.java:381) - Angle=[-1]
D/SContextService( 1036): updateSContext() : event = Auto Rotation
V/WindowOrientationListener( 1036): mSContextAutoRotationListener.onSContextChanged, Rotation: -1
E/SPPClientService( 8483): [[PushClientService]] SPPC Ver : 1.9.01, Server Ver : 1, Platform Ver : 21
E/SPPClientService( 8483): [[PushClientService]] reqType : 0
E/SPPClientService( 8483): [[PushClientService]] F:false, D:false, E:false, T:false, S:false, R:false
E/SPPClientService( 8483): [a] [ConnectionManager] Connection is already disconnected.
I/System.out( 1036): KnoxVpnUidStorageknoxVpnSupported API value returned is false
I/System.out(19650): KnoxVpnUidStorageknoxVpnSupported API value returned is false
E/SPPClientService( 8483): [b] __InitReply__
E/SPPClientService( 8483): [a] onConnected Time : 6297548
I/System.out( 5555): (HTTPLog)-Static: isSBSettingEnabled false
D/EnterpriseController(  290): mIsMarkChainAdded is 0 mIsBlockChainAdded is 0 netId is 0
D/Netd    (  290): getNetworkForDns: using netid 511 for uid 10090
I/System.out( 5555): KnoxVpnUidStorageknoxVpnSupported API value returned is false
I/PCWCLIENTTRACE_SYSTEMReceiver(11765): mConnectivityHandler : connected
W/PCWCLIENTTRACE_AccountUtil(11765): [hasSamungAccount] - No Samsung Account
I/PCWCLIENTTRACE_SecurePreferencesJNI(11765): [GetString-S]
W/PCWCLIENTTRACE_SecurePreferencesJNI(11765): GetString : secure API is not supported!!
I/PCWCLIENTTRACE_PushUtil(11765): SPPPushClient is installed : true
I/PCWCLIENTTRACE_PushUtil(11765): sales region : cn
I/PCWCLIENTTRACE_PushUtil(11765): getPushTypeList : [SPP]
E/PCWCLIENTTRACE_PCWHandler(11765): [ensureRegistration] - No Samsung account
I/dhcpcd  ( 6500): wlan0: sending IPv6 Router Solicitation
I/tnet-jni(12214): 1972 -  create new session: accscdn.m.taobao.com:80
E/accs.SilenceConn_umeng:56aadbf567e58e38d4000976(12214):  0 notifyStatus:CONNECTING
I/accs.SilenceConn_umeng:56aadbf567e58e38d4000976(12214):  0 notifyStatus:CONNECTING handled
I/tnet-jni(12214): 1965 - [spdySessionFailedError] - 
I/tnet-jni(12214): 1965 - [SpdySessionCallBack.spdySessionFailedError] - org.android.spdy.SpdySession@f5d4be2
D/tnet-jni(12214): 1965 - [SpdySession.cleanUp] - 
E/accs.SilenceConn_umeng:56aadbf567e58e38d4000976(12214):  0 spdySessionFailedError, retryTimes:0 errorId:-3530
E/accs.SilenceConn_umeng:56aadbf567e58e38d4000976(12214):  0 notifyStatus:DISCONNECTED
D/accs.OrangeAdapter(12214):  isSmartHb result:true
D/accs.HeartbeatManager(12214):  set 270
D/accs.HeartbeatManager(12214):  onNetworkFail
D/accs.SilenceConn_umeng:56aadbf567e58e38d4000976(12214):  try ping, force:false
D/accs.SilenceConn_umeng:56aadbf567e58e38d4000976(12214):  send message, PING delay:274 dataId:68
I/accs.SilenceConn_umeng:56aadbf567e58e38d4000976(12214):  0 notifyStatus:DISCONNECTED handled
E/accs.NetworkThread_umeng:56aadbf567e58e38d4000976(12214):  0 try connect fail, ready for reconnect
D/accs.UTMini(12214):  commitEvent fail java.lang.NoClassDefFoundError: Failed resolution of: Lcom/ut/mini/internal/UTOriginalCustomHitBuilder;
D/tnet-jni(12214): 1965 - [SpdySession.clearAllStreamCb] - 
D/tnet-jni(12214): 1965 - [SpdySession.cleanUp] - 
E/accs.NetworkThread_umeng:56aadbf567e58e38d4000976(12214):  0 try connect, force = false failTimes = 1
I/accs.NetworkThread_umeng:56aadbf567e58e38d4000976(12214):  0 try connect, need sleep
D/accs.SilenceConn_umeng:56aadbf567e58e38d4000976(12214):  clearRepeatControlCommand message:201/
D/lights  ( 1036): lcd : 112 +
D/lights  ( 1036): lcd : 112 -
D/lights  ( 1036): lcd : 104 +
D/lights  ( 1036): lcd : 104 -
D/lights  ( 1036): lcd : 96 +
D/lights  ( 1036): lcd : 96 -
D/lights  ( 1036): lcd : 87 +
D/lights  ( 1036): lcd : 87 -
D/lights  ( 1036): lcd : 79 +
D/lights  ( 1036): lcd : 79 -
D/lights  ( 1036): lcd : 71 +
D/lights  ( 1036): lcd : 71 -
D/lights  ( 1036): lcd : 62 +
D/lights  ( 1036): lcd : 62 -
D/lights  ( 1036): lcd : 54 +
D/lights  ( 1036): lcd : 54 -
D/lights  ( 1036): lcd : 38 +
D/lights  ( 1036): lcd : 38 -
D/lights  ( 1036): lcd : 29 +
D/lights  ( 1036): lcd : 29 -
D/lights  ( 1036): lcd : 21 +
D/lights  ( 1036): lcd : 21 -
D/lights  ( 1036): lcd : 13 +
D/lights  ( 1036): lcd : 13 -
D/lights  ( 1036): lcd : 11 +
D/lights  ( 1036): lcd : 11 -
I/dhcpcd  ( 6500): wlan0: sending IPv6 Router Solicitation
I/dhcpcd  ( 6500): wlan0: no IPv6 Routers available
