E/BargeInRecognizer( 2406): make new BargeInRecognizer
E/BargeInRecognizer( 2406): stringLanguage : zh
E/BargeInRecognizer( 2406): stringCountry : CN
E/BargeInRecognizer( 2406): sVoiceLanguage : zh-CN
E/BargeInRecognizer( 2406): isEnableBargeIn : true
E/BargeInRecognizer( 2406): uselanguage : 2
E/BargeInRecognizer( 2406): isEnableChineseBargeIn : true
E/BargeInRecognizer( 2406): isEnableJapaneseBargeIn : false
E/BargeInRecognizer( 2406): isEnableRussianBargeIn : false
E/BargeInRecognizer( 2406): mState : 0
W/ResourceType( 5030): For resource 0x7f020a19, entry index(2585) is beyond type entryCount(795)
W/ResourceType( 5030): Failure getting entry for 0x7f020a19 (t=1 e=2585) (error -75)
W/ResourceType( 5030): For resource 0x7f020a19, entry index(2585) is beyond type entryCount(795)
W/ResourceType( 5030): Failure getting entry for 0x7f020a19 (t=1 e=2585) (error -75)
W/ResourceType( 5030): For resource 0x7f020a19, entry index(2585) is beyond type entryCount(795)
W/ResourceType( 5030): Failure getting entry for 0x7f020a19 (t=1 e=2585) (error -75)
D/SecContentProvider2( 1036): uri = 11 selection = getMyKnoxAdmin
D/SecContentProvider2( 1036): mCursor = null
D/Launcher.Model( 1802): reloadBadges entered.
D/BadgeProvider(26769): sendNotify entered. [uri] : content://com.sec.badge/apps/1
D/BadgeProvider(26769): sendNotify, [notify] : null
D/BadgeProvider(26769): update, [uri] : content://com.sec.badge/apps/1
D/BadgeProvider(26769): update, [BadgeCount] : badgecount=0
D/BadgeProvider(26769): update, [UpdateCount] : 1
E/BargeInRecognizer( 2406): make new BargeInRecognizer
E/BargeInRecognizer( 2406): stringLanguage : zh
E/BargeInRecognizer( 2406): stringCountry : CN
E/BargeInRecognizer( 2406): sVoiceLanguage : zh-CN
E/BargeInRecognizer( 2406): isEnableBargeIn : true
E/BargeInRecognizer( 2406): uselanguage : 2
E/BargeInRecognizer( 2406): isEnableChineseBargeIn : true
E/BargeInRecognizer( 2406): isEnableJapaneseBargeIn : false
E/BargeInRecognizer( 2406): isEnableRussianBargeIn : false
E/BargeInRecognizer( 2406): mState : 0
I/System.out(27140): kys start query LDAP_DIRECTORIES 
I/System.out(27140): kys end query LDAP_DIRECTORIES 
E/ResourceType(26257): DynamicRefTable(0x25): No mapping for build-time package ID 0x25.
E/ResourceType(26257): e[0x01] -> 0x01
E/ResourceType(26257): e[0x02] -> 0x02
E/ResourceType(26257): e[0x7f] -> 0x7f
E/ResourceType(26257): Failed resolving bag parent id 0x250b0055
W/ResourceType(26257): Attempt to retrieve bag 0x250b0049 which is invalid or in a cycle.
W/ResourceType(26257): Attempt to retrieve bag 0x250b0049 which is invalid or in a cycle.
W/ResourceType(26257): Attempt to retrieve bag 0x250b0049 which is invalid or in a cycle.
W/ResourceType(26257): Attempt to retrieve bag 0x250b0049 which is invalid or in a cycle.
W/ResourceType(26257): Attempt to retrieve bag 0x250b0049 which is invalid or in a cycle.
W/ResourceType(26257): Attempt to retrieve bag 0x250b0049 which is invalid or in a cycle.
W/ResourceType(26257): Attempt to retrieve bag 0x250b0049 which is invalid or in a cycle.
W/ResourceType(26257): Attempt to retrieve bag 0x250b0049 which is invalid or in a cycle.
W/ResourceType(26257): Attempt to retrieve bag 0x250b0049 which is invalid or in a cycle.
W/ResourceType(26257): Attempt to retrieve bag 0x250b0049 which is invalid or in a cycle.
W/ResourceType(26257): Attempt to retrieve bag 0x250b0049 which is invalid or in a cycle.
W/ResourceType(26257): Attempt to retrieve bag 0x250b0049 which is invalid or in a cycle.
W/ResourceType(26257): Attempt to retrieve bag 0x250b0049 which is invalid or in a cycle.
W/ResourceType(26257): Attempt to retrieve bag 0x250b0049 which is invalid or in a cycle.
W/ResourceType(26257): Attempt to retrieve bag 0x250b0049 which is invalid or in a cycle.
W/ResourceType(26257): Attempt to retrieve bag 0x250b0049 which is invalid or in a cycle.
W/ResourceType(26257): Attempt to retrieve bag 0x250b0049 which is invalid or in a cycle.
W/ResourceType(26257): Attempt to retrieve bag 0x250b0049 which is invalid or in a cycle.
W/ResourceType(26257): Attempt to retrieve bag 0x250b0049 which is invalid or in a cycle.
W/ResourceType(26257): Attempt to retrieve bag 0x250b0049 which is invalid or in a cycle.
W/ResourceType(26257): Attempt to retrieve bag 0x250b0049 which is invalid or in a cycle.
W/ResourceType(26257): Attempt to retrieve bag 0x250b0049 which is invalid or in a cycle.
W/ResourceType(26257): Attempt to retrieve bag 0x250b0049 which is invalid or in a cycle.
W/ResourceType(26257): No known package when getting value for resource number 0x73080010
W/ResourceType(26257): No known package when getting value for resource number 0x73080010
W/ResourceType( 5030): For resource 0x7f020f01, entry index(3841) is beyond type entryCount(795)
W/ResourceType( 5030): Failure getting entry for 0x7f020f01 (t=1 e=3841) (error -75)
W/ResourceType( 5030): For resource 0x7f020f00, entry index(3840) is beyond type entryCount(795)
W/ResourceType( 5030): Failure getting entry for 0x7f020f00 (t=1 e=3840) (error -75)
D/Mms/Contact( 7933): sContactsObserver.onChange(),selfUpdate=false
D/Mms/ContactsCache( 7933): [start]    invalidate() consume time = 323.27802
D/Mms/ContactsCache( 7933): [end]    invalidate() consume time = 0.133125
W/art     (26257): Suspending all threads took: 9.493ms
I/art     (26257): Background partial concurrent mark sweep GC freed 62362(8MB) AllocSpace objects, 54(2MB) LOS objects, 17% free, 77MB/93MB, paused 13.937ms total 329.082ms
D/Mms/Contact( 7933): sContactsObserver.onChange(),selfUpdate=false
D/Mms/ContactsCache( 7933): [start]    invalidate() consume time = 95.347605
D/Mms/ContactsCache( 7933): [end]    invalidate() consume time = 0.107291
W/ResourceType( 5030): For resource 0x7f020a19, entry index(2585) is beyond type entryCount(795)
W/ResourceType( 5030): Failure getting entry for 0x7f020a19 (t=1 e=2585) (error -75)
W/ResourceType( 5030): For resource 0x7f020a19, entry index(2585) is beyond type entryCount(795)
W/ResourceType( 5030): Failure getting entry for 0x7f020a19 (t=1 e=2585) (error -75)
W/ResourceType( 5030): For resource 0x7f020a19, entry index(2585) is beyond type entryCount(795)
W/ResourceType( 5030): Failure getting entry for 0x7f020a19 (t=1 e=2585) (error -75)
D/SecContentProvider2( 1036): uri = 11 selection = getMyKnoxAdmin
D/SecContentProvider2( 1036): mCursor = null
D/Activity(26257): performCreate Call secproduct feature valuefalse
D/Activity(26257): performCreate Call debug elastic valuetrue
I/art     (26257): Background sticky concurrent mark sweep GC freed 3654(342KB) AllocSpace objects, 4(273KB) LOS objects, 9% free, 78MB/86MB, paused 6.153ms total 65.518ms
D/ActivityManager( 1036): post active user change for 0
D/KnoxTimeoutHandler( 1036): postActiveUserChange for user 0
D/KnoxTimeoutHandler( 1036): handleActiveUserChange for user 0
I/SurfaceFlinger(  263): id=455 createSurf (1x1),1 flag=404, BlipayUserL
E/WifiStateMachine( 1036): WifiStateMachine CMD_START_SCAN source 10073 txSuccessRate=7.96 rxSuccessRate=20.98 targetRoamBSSID=ec:26:ca:3c:19:e2 RSSI=-54
I/wpa_supplicant( 1566): wlan0: Setting scan request: 0 sec 0 usec
I/wpa_supplicant( 1566): P2P: Current p2p state = IDLE
I/wpa_supplicant( 1566): Scan requested (ret=0) - scan timeout 30 seconds
D/PointerIcon( 1036): setMouseIconStyle1 pointerType: 1001iconType:101 flag:0
D/PointerIcon( 1036): setMouseCustomIcon IconType is same.101
D/PointerIcon( 1036): setHoveringSpenIconStyle1 pointerType: 10001iconType:1 flag:0
D/PointerIcon( 1036): setHoveringSpenCustomIcon IconType is same.1
D/Mms/Contact( 7933): sContactsObserver.onChange(),selfUpdate=false
D/Mms/ContactsCache( 7933): [start]    invalidate() consume time = 93.459427
D/Mms/ContactsCache( 7933): [end]    invalidate() consume time = 0.123646
D/HOOK    (26257): AssetManager isUpToDate:true
I/System.out(26257): (HTTPLog)-Static: isSBSettingEnabled false
I/qtaguid (26257): Tagging socket 388 with tag a00500000000{40965,0} uid -1, pid: 26257, getuid(): 10073
I/qtaguid (26257): Untagging socket 388
I/System.out(26257): (HTTPLog)-Static: isSBSettingEnabled false
I/System.out(26257): KnoxVpnUidStorageknoxVpnSupported API value returned is false
I/qtaguid (26257): Tagging socket 456 with tag a00400000000{40964,0} uid -1, pid: 26257, getuid(): 10073
I/System.out(26257): (HTTPLog)-Static: isSBSettingEnabled false
I/System.out(26257): KnoxVpnUidStorageknoxVpnSupported API value returned is false
I/qtaguid (26257): Tagging socket 436 with tag a00500000000{40965,0} uid -1, pid: 26257, getuid(): 10073
D/ResourcesManager( 5030): creating new AssetManager and set to /data/app/com.tencent.mobileqq-1/base.apk
W/ResourceType( 5030): For resource 0x7f020f01, entry index(3841) is beyond type entryCount(795)
W/ResourceType( 5030): Failure getting entry for 0x7f020f01 (t=1 e=3841) (error -75)
W/ResourceType( 5030): For resource 0x7f020f00, entry index(3840) is beyond type entryCount(795)
W/ResourceType( 5030): Failure getting entry for 0x7f020f00 (t=1 e=3840) (error -75)
D/InputMethodManagerService( 1036): windowGainedFocus mCurrentFocusedUserId - 0 and mSecureKeypadEnabled-false
D/ResourcesManager( 5030): creating new AssetManager and set to /data/app/com.tencent.mm-1/base.apk
D/ResourcesManager( 5030): creating new AssetManager and set to /system/app/ChatON_MARKET/ChatON_MARKET.apk
I/ActivityManager( 1036): Displayed com.eg.android.AlipayGphone/com.alipay.mobile.security.login.ui.AlipayUserLoginActivity: +809ms
I/qtaguid (26257): Untagging socket 456
I/qtaguid (26257): Untagging socket 436
I/Timeline(26257): Timeline: Activity_idle id: android.os.BinderProxy@355335ce time:4892632
I/System.out(27140): kys start query LDAP_DIRECTORIES 
I/System.out(27140): kys end query LDAP_DIRECTORIES 
I/System.out(26257): (HTTPLog)-Static: isSBSettingEnabled false
I/System.out(26257): KnoxVpnUidStorageknoxVpnSupported API value returned is false
I/qtaguid (26257): Tagging socket 388 with tag a00400000000{40964,0} uid -1, pid: 26257, getuid(): 10073
D/ResourcesManager( 5030): creating new AssetManager and set to /data/app/com.sina.weibo-1/base.apk
W/ResourceType( 5030): For resource 0x7f020a19, entry index(2585) is beyond type entryCount(795)
W/ResourceType( 5030): Failure getting entry for 0x7f020a19 (t=1 e=2585) (error -75)
W/ResourceType( 5030): For resource 0x7f020a19, entry index(2585) is beyond type entryCount(795)
W/ResourceType( 5030): Failure getting entry for 0x7f020a19 (t=1 e=2585) (error -75)
W/ResourceType( 5030): For resource 0x7f020a19, entry index(2585) is beyond type entryCount(795)
W/ResourceType( 5030): Failure getting entry for 0x7f020a19 (t=1 e=2585) (error -75)
D/SecContentProvider2( 1036): uri = 11 selection = getMyKnoxAdmin
D/SecContentProvider2( 1036): mCursor = null
D/Mms/Contact( 7933): sContactsObserver.onChange(),selfUpdate=false
D/Mms/ContactsCache( 7933): [start]    invalidate() consume time = 310.243646
D/Mms/ContactsCache( 7933): [end]    invalidate() consume time = 0.099114
I/SurfaceFlinger(  263): id=453 Removed VserSetting (5/10)
I/SurfaceFlinger(  263): id=453 Removed VserSetting (-2/10)
I/qtaguid (26257): Untagging socket 388
W/SurfaceFlinger(  263): couldn't log to binary event log: overflow.
I/CalendarProvider2(27105): Sending notification intent: Intent { act=android.intent.action.PROVIDER_CHANGED dat=content://com.android.calendar }
I/Timeline( 1036): Timeline: Activity_windows_visible id: ActivityRecord{5b75b37 u0 com.eg.android.AlipayGphone/com.alipay.mobile.security.login.ui.AlipayUserLoginActivity t31} time:4892923
D/Mms/Contact( 7933): performUpdate:widgetCount=0
D/awcn.ThreadPoolExecutorFactory(26257):  submit priority task priority:0
D/getConnStrategyListByHost(26257): |[seq:host] amdc.m.taobao.com:result [{106.11.42.21:{80 http C}}, {106.11.42.21:{443 https N}}, {106.11.42.83:{80 http C}}, {106.11.42.83:{443 https N}}]
I/awcn.HttpConnector(26257):   request URL:http://106.11.42.21:80/amdc/mobileDispatch?platform=android&v=3.1&deviceId=V0vgk5fCc0gDALWkwwZeEwDv&appkey=23067836
I/awcn.HttpConnector(26257):   request headers:{Content-Type=application/x-www-form-urlencoded; charset=UTF-8, Connection=close, Accept-Encoding=gzip}
I/System.out(26257): (HTTPLog)-Static: isSBSettingEnabled false
I/System.out(26257): KnoxVpnUidStorageknoxVpnSupported API value returned is false
I/awcn.HttpConnector(26257):   response headers:{null=[HTTP/1.1 200 OK], Cache-Control=[no-cache], x-am-id=[amdc011178191085.unzbyun.na61_1512374043713_50000141], Vary=[Accept-Encoding], pragma=[no-cache], X-Android-Response-Source=[NETWORK 200], Connection=[close], X-Android-Sent-Millis=[1512374044339], Content-Type=[application/json;charset=UTF-8], Date=[Mon, 04 Dec 2017 07:54:03 GMT], x-am-sign=[28a22e7dfd24bedad4b3053888b299307934b754], Server=[Tengine], Transfer-Encoding=[chunked], x-am-code=[1000], Content-Encoding=[gzip], X-Android-Received-Millis=[1512374044529]}
D/awcn.ByteArrayPool(26257):  ByteArray Pool retrieve retrieve:2048 reused:3072
D/awcn.ByteArrayPool(26257):  ByteArray Pool refund refund:2048 total:2048
D/awcn.DispatchCore(26257):  amdc response. code: 200 
D/awcn.DispatchCore(26257): headers:{null=[HTTP/1.1 200 OK], Cache-Control=[no-cache], x-am-id=[amdc011178191085.unzbyun.na61_1512374043713_50000141], Vary=[Accept-Encoding], pragma=[no-cache], X-Android-Response-Source=[NETWORK 200], Connection=[close], X-Android-Sent-Millis=[1512374044339], Content-Type=[application/json;charset=UTF-8], Date=[Mon, 04 Dec 2017 07:54:03 GMT], Content-Length=[3360], x-am-sign=[28a22e7dfd24bedad4b3053888b299307934b754], Server=[Tengine], Transfer-Encoding=[chunked], x-am-code=[1000], X-Android-Received-Millis=[1512374044529]}
D/awcn.ByteArrayPool(26257):  ByteArray Pool retrieve retrieve:1024 reused:4096
D/awcn.ByteArrayPool(26257):  ByteArray Pool refund refund:2048 total:2048
D/awcn.DispatchCore(26257):  amdc response body 
D/awcn.DispatchCore(26257): body:{"code":1000,"cv":1,"dns":[{"aisles":[{"cto":10000,"heartbeat":0,"port":443,"protocol":"https","retry":1,"rto":10000},{"cto":10000,"heartbeat":0,"port":80,"protocol":"http","retry":1,"rto":10000}],"host":"api.m.yao.95095.com","idc":false,"ips":["106.11.52.97"],"isHot":1,"ttl":300},{"aisles":[{"cto":10000,"heartbeat":0,"port":443,"protocol":"https","retry":1,"rto":10000},{"cto":10000,"heartbeat":0,"port":80,"protocol":"http","retry":1,"rto":10000}],"host":"unszapi.m.yao.95095.com","idc":false,"ips":["106.11.133.9"],"isHot":1,"ttl":300},{"aisles":[{"auth":1,"cto":10000,"heartbeat":45000,"port":443,"protocol":"http2","publickey":"acs","retry":1,"rto":10000,"rtt":"0rtt"},{"auth":1,"cto":10000,"heartbeat":45000,"port":80,"protocol":"http2","publickey":"acs","retry":1,"rto":10000,"rtt":"0rtt"},{"auth":1,"cto":10000,"heartbeat":45000,"port":443,"protocol":"spdy","publickey":"acs","retry":1,"rto":10000,"rtt":"0rtt"},{"auth":1,"cto":10000,"heartbeat":45000,"port":80,"protocol":"spdy","publickey":"acs","retry":1,"rto":10000,"rtt":"0rtt"},{"cto":10000,"heartbeat":0,"port":443,"protocol":"https","retry":1,"rto":10000}],"host":"unzbyunacs.m.taobao.com","hrIntervalTime":86400000,"hrNum":2,"hrStrategy":"serialConn","hrUrlPath":"status.taobao","idc":true,"ips":["106.11.42.47","106.11.42.43"],"isHot":1,"parallelConNum":2,"safeAisles":"https","ttl":300},{"aisles":[{"auth":1,"cto":10000,"heartbeat":45000,"port":443,"protocol":"http2","publickey":"acs","retry":1,"rto":10000,"rtt":"0rtt"},{"auth":1,"cto":10000,"heartbeat":45000,"port":80,"protocol":"http2","publickey":"acs","retry":1,"rto":10000,"rtt":"0rtt"},{"auth":1,"cto":10000,"heartbeat":45000,"port":443,"protocol":"spdy","publickey":"acs","retry":1,"rto":10000,"rtt":"0rtt"},{"auth":1,"cto":10000,"heartbeat":45000,"port":80,"protocol":"spdy","publickey":"acs","retry":1,"rto":10000,"rtt":"0rtt"},{"cto":10000,"heartbeat":0,"port":443,"protocol":"https","retry":1,"rto":10000}],"host":"acs.m.taobao.com","hrIntervalTime":86400000,"hrNum":2,"hrStrategy":"serialConn","hrUrlPath":"status.taobao","idc":true,"ips":["140.205.36.29"],"isHot":1,"parallelConNum":2,"safeAisles":"https","ttl":300},{"aisles":[{"cto":10000,"heartbeat":0,"port":443,"protocol":"https","retry":1,"rto":10000},{"cto":10000,"heartbeat":0,"port":80,"protocol":"http","retry":1,"rto":10000}],"host":"amdc.m.taobao.com","idc":true,"ips":["140.205.160.63","106.11.42.21"],"isHot":1,"safeAisles":"http","ttl":300}],"ip":"116.228.34.130","unit":"unzbyun","utdid":"V0vgk5fCc0gDALWkwwZeEwDv"}
D/awcn.StrategyCenter(26257):  receive DNS event
I/awcn.StrategyTable(26257):  update strategyTable with httpDns response
D/awcn.StrategyTable(26257):  
D/awcn.StrategyTable(26257): uniqueId : WIFI$ec:26:ca:3c:19:e2
D/awcn.StrategyTable(26257): --------hot domains:------------------------------------
D/awcn.StrategyTable(26257): api.m.yao.95095.com = 
D/awcn.StrategyTable(26257): StrategyList = 1512374344546[{106.11.52.97:{443 https N}}, {106.11.52.97:{80 http N}}]
D/awcn.StrategyTable(26257): unszapi.m.yao.95095.com = 
D/awcn.StrategyTable(26257): StrategyList = 1512374344546[{106.11.133.9:{443 https N}}, {106.11.133.9:{80 http N}}]
D/awcn.StrategyTable(26257): unzbyunacs.m.taobao.com = 
D/awcn.StrategyTable(26257): StrategyList = 1512374344546[106.11.42.47, 106.11.42.43] [{443 http2_0rtt_acs N}, {80 http2_0rtt_acs N}, {443 spdy_0rtt_acs N}, {80 spdy_0rtt_acs N}, {443 https N}]
D/awcn.StrategyTable(26257): acs.m.taobao.com = 
D/awcn.StrategyTable(26257): StrategyList = 1512374344546[140.205.36.29] [{443 http2_0rtt_acs A}, {80 http2_0rtt_acs N}, {443 spdy_0rtt_acs N}, {80 spdy_0rtt_acs N}, {443 https N}]
D/awcn.StrategyTable(26257): amdc.m.taobao.com = 
D/awcn.StrategyTable(26257): StrategyList = 1512374344546[140.205.160.63, 106.11.42.21] [{80 http C}, {443 https N}]
D/awcn.StrategyTable(26257): --------cold domains:------------------------------------
D/awcn.SafeAislesMap(26257):  SafeAislesMap: {gw.alicdn.com=https, h5.m.taobao.com=https, api.m.yao.95095.com=No_Result, unszapi.m.yao.95095.com=No_Result, unzbyunacs.m.taobao.com=https, acs.m.taobao.com=https, amdc.m.taobao.com=http}
D/awcn.UnitMap(26257):  UnitMap : UnitMap: {V0vgk5fCc0gDALWkwwZeEwDv=unzbyun}
D/awcn.StrategyTable(26257):  [notifyConnEvent] Host:amdc.m.taobao.com IConnStrategy:{106.11.42.21:{80 http C}} eventType:CONNECTED
D/InputReader( 1036): Input event: value=1
D/lights  ( 1036): button : 1 +
I/InputDispatcher( 1036): Delivering key to (26257): action: 0x0 (0)
I/InputDispatcher( 1036): Delivering key to (26257): action: 0x1 (0)
D/PointerIcon( 1036): setMouseIconStyle1 pointerType: 1001iconType:101 flag:0
D/PointerIcon( 1036): setMouseCustomIcon IconType is same.101
D/PointerIcon( 1036): setHoveringSpenIconStyle1 pointerType: 10001iconType:1 flag:0
D/PointerIcon( 1036): setHoveringSpenCustomIcon IconType is same.1
D/lights  ( 1036): button : 1 -
D/Sensorhubs(  310): readContextData: 1, 1, 7, -1
D/SensorHubManager( 1036): onGetSensorHubDataLocked: library(4) = 1, 1, 7, -1
D/CAE     ( 1036): onGetSensorHubData(SensorHubParserProvider.java:87) - onGetSensorHubData Event [event buffer len :4], AP_WAKEUP
I/CAE     ( 1036): parse(SensorHubParserProvider.java:166) - buffer size = 4
I/CAE     ( 1036): parse(SensorHubParserProvider.java:177) - 1, 1, 7, -1,
D/CAE     ( 1036): display(ContextProvider.java:365) - ================= AUTO_ROTATION =================
I/CAE     ( 1036): display(ContextProvider.java:381) - Angle=[-1]
D/SContextService( 1036): updateSContext() : event = Auto Rotation
V/WindowOrientationListener( 1036): mSContextAutoRotationListener.onSContextChanged, Rotation: -1
D/Launcher( 1802): onRestart, Launcher: 424732104
D/Launcher( 1802): onStart, Launcher: 424732104
D/Launcher.HomeView( 1802): onStart
D/Launcher( 1802): onResume, Launcher: 424732104
D/SettingsProvider( 1036): name = kids_home_mode
D/SettingsProvider( 1036): edmUri: content://com.sec.knox.provider/RestrictionPolicy3
D/SettingsProvider( 1036): projectionArgs: isSettingsChangesAllowed
D/SettingsProvider( 1036): selectionArgs: false
D/SettingsProvider( 1036): selectionArgs: 10008
D/SecContentProvider( 1036): uri = 17 selection = isSettingsChangesAllowed
D/SettingsProvider( 1036): ret = -1
D/Launcher.HomeView( 1802): onResume
D/Launcher( 1802): Launcher::setSystemUiTransparency(): getSystemUiVisibility() after setting  = 8000
D/MenuAppsGridFragment( 1802): onResume
D/ActivityManager( 1036): handle home activity for 0
I/WallpaperManagerService( 1036): switchPersonaWallpaper is called for personaId-0
D/KnoxTimeoutHandler( 1036): post home show event for user 0
D/ActivityManager( 1036): post active user change for 0
D/KnoxTimeoutHandler( 1036): postActiveUserChange for user 0
D/WallpaperManagerService( 1036):  force update = false; persona id = 0; current user =0; current persona = 0
D/KnoxTimeoutHandler( 1036): handleHomeShow for 0 and current 0
D/KnoxTimeoutHandler( 1036): handleActiveUserChange for user 0
I/MultiWindowTrayService(32233): mHomeResumeReceiver : onReceive
I/Sally Service(32233): removeWindow window
I/SurfaceFlinger(  263): id=456 createSurf (1080x1920),1 flag=4, Mauncher
D/GalleryCacheReady(27337): Receive : home resume
D/PointerIcon( 1036): setMouseIconStyle1 pointerType: 1001iconType:101 flag:0
D/PointerIcon( 1036): setMouseCustomIcon IconType is same.101
D/PointerIcon( 1036): setHoveringSpenIconStyle1 pointerType: 10001iconType:1 flag:0
D/PointerIcon( 1036): setHoveringSpenCustomIcon IconType is same.1
D/Launcher( 1802): Launcher::setSystemUiTransparency(): getSystemUiVisibility() after setting  = 8000
D/InputMethodManagerService( 1036): windowGainedFocus mCurrentFocusedUserId - 0 and mSecureKeypadEnabled-false
D/InputReader( 1036): Input event: value=0
D/Mms/UIEventReceiver( 7933): ui event
I/InputDispatcher( 1036): Delivering key to (1802): action: 0x1 (0)
W/Settings( 2434): Setting airplane_mode_on has moved from android.provider.Settings.System to android.provider.Settings.Global, returning read-only value.
D/EnterpriseController(  290): mIsMarkChainAdded is 0 mIsBlockChainAdded is 0 netId is 0
D/Netd    (  290): getNetworkForDns: using netid 511 for uid 10073
D/PushAndAttach( 8688): mAssignedMemoMap.size() :0
V/TaskCloserActivity(27433): TaskCloserActivity onReceive() - com.sec.android.intent.action.HOME_RESUME
I/Timeline( 1802): Timeline: Activity_idle id: android.os.BinderProxy@278e47aa time:4894740
I/System.out(26304): IntentService[LogServiceInTools] calls detatch()
I/wpa_supplicant( 1566): nl80211: Received scan results (11 BSSes)
I/wifiscan( 1726): wifi=3c950978a3f3SSID: llll, BSSID: 3c:95:09:78:a3:f3, HESSID: <none>, capabilities: [WPA2-PSK-CCMP][ESS], level: -43, frequency: 2437, timestamp: 6435574762, distance: ?(cm), distanceSd: ?(cm)ec26ca3c19e2SSID: ZZL-309, BSSID: ec:26:ca:3c:19:e2, HESSID: <none>, capabilities: [WPA-PSK-CCMP][WPA2-PSK-CCMP][ESS], level: -51, frequency: 2412, timestamp: 6435574757, distance: ?(cm), distanceSd: ?(cm)8863dfcd22e9SSID: yuhui, BSSID: 88:63:df:cd:22:e9, HESSID: <none>, capabilities: [WPA2-PSK-CCMP][ESS], level: -56, frequency: 2462, timestamp: 6435574767, distance: ?(cm), distanceSd: ?(cm)ec26ca3c2adcSSID: ZZL-208, BSSID: ec:26:ca:3c:2a:dc, HESSID: <none>, capabilities: [WPA-PSK-CCMP][WPA2-PSK-CCMP][ESS], level: -80, frequency: 2437, timestamp: 6435574764, distance: ?(cm), distanceSd: ?(cm)ca50e92a54ceSSID: ChinaNet-6NpC, BSSID: ca:50:e9:2a:54:ce, HESSID: <none>, capabilities: [WPA-PSK-CCMP+TKIP][WPA2-PSK-CCMP+TKIP][ESS], level: -87, frequency: 2412, timestamp: 6435574759, distance: ?(cm), distanceSd: ?(cm)0611b52631e9SSID: CMCC, BSSID: 06:11:b5:26:31:e9, HESSID: <none>, capabilities: [WPA-EAP-CCMP+TKIP][WPA2-EAP-CCMP+TKIP][ESS], level: -88, frequency: 2412, timestamp: 6435574753, distance: ?(cm), distanceSd: ?(cm)7cd1c386f704SSID: MacBook-Pro, BSSID: 7c:d1:c3:86:f7:04, HESSID: <none>, capabilities: [WPA2-PSK-CCMP][ESS], level: -91, frequency: 2462, timestamp: 6435574778, distance: ?(cm), distanceSd: ?(cm)78312b264138SSID: ChinaNet-Szj6, BSSID: 78:31:2b:26:41:38, HESSID: <none>, capabilities: [WPA-PSK-CCMP][WPA2-PSK-CCMP][WPS][ESS], level: -91, frequency: 2462, timestamp: 6435574780, distance: ?(cm), distanceSd: ?(cm)ec26ca3c2ab2SSID: ZZL-311ap02, BSSID: ec:26:ca:3c:2a:b2, HESSID: <none>, capabilities: [WPA-PSK-CCMP][WPA2-PSK-CCMP][ESS], level: -91, frequency: 2462, timestamp: 6435574775, distance: ?(cm), distanceSd: ?(cm)d8ae9006d1b0SSID: , BSSID: d8:ae:90:06:d1:b0, HESSID: <none>, capabilities: [ESS], level: -91, frequency: 2462, timestamp: 6435574770, distance: ?(cm), distanceSd: ?(cm)d8ae9006d1b1SSID: ChinaNet-b6e0, BSSID: d8:ae:90:06:d1:b1, HESSID: <none>, capabilities: [WPA-PSK-CCMP+TKIP][WPA2-PSK-CCMP+TKIP][ESS], level: -92, frequency: 2462, timestamp: 6435574772, distance: ?(cm), distanceSd: ?(cm)
D/baidu_location_service( 1726): wifi manager receive new wifi...
D/wifiscan( 1726): wifi manager receive new wifi...
D/baidu_location_service( 1726): on broadcast new Wifi received...
I/Timeline( 1036): Timeline: Activity_windows_visible id: ActivityRecord{3190856e u0 com.sec.android.app.launcher/com.android.launcher2.Launcher t1} time:4895017
D/InputReader( 1036): Input event: value=1
I/InputDispatcher( 1036): Delivering key to (1802): action: 0x0 (0)
I/awcn.ComponentCallbacks2(26257):  onTrimMemory level:20
I/awcn.SessionCenter(26257):  [enterBackground]
D/awcn.SessionCenter(26257):  horse serial ride start
I/awcn.StrategyCenter(26257):  saveData
D/awcn.ThreadPoolExecutorFactory(26257):  submit priority task priority:8
I/awcn.SerializeHelper(26257):  persist end. file:/storage/emulated/0/Android/data/com.eg.android.AlipayGphone/files/awcn_strategy/8d5ea2be523e7a2ffe368ce83ed4f28e cost:23
I/awcn.SerializeHelper(26257):  persist end. file:/storage/emulated/0/Android/data/com.eg.android.AlipayGphone/files/awcn_strategy/be248a837af00cb3aa6076bdf68846a1 cost:3
I/awcn.SerializeHelper(26257):  persist end. file:/storage/emulated/0/Android/data/com.eg.android.AlipayGphone/files/awcn_strategy/config cost:8
D/InputReader( 1036): Input event: value=0
I/InputDispatcher( 1036): Delivering key to (1802): action: 0x1 (0)
I/SurfaceFlinger(  263): id=455 Removed BlipayUserL (8/10)
I/SurfaceFlinger(  263): id=455 Removed BlipayUserL (-2/10)
W/SurfaceFlinger(  263): couldn't log to binary event log: overflow.
D/Sensorhubs(  310): readContextData: 1, 1, 7, 0
D/SensorHubManager( 1036): onGetSensorHubDataLocked: library(4) = 1, 1, 7, 0
D/CAE     ( 1036): onGetSensorHubData(SensorHubParserProvider.java:87) - onGetSensorHubData Event [event buffer len :4], AP_WAKEUP
I/CAE     ( 1036): parse(SensorHubParserProvider.java:166) - buffer size = 4
I/CAE     ( 1036): parse(SensorHubParserProvider.java:177) - 1, 1, 7, 0,
D/CAE     ( 1036): display(ContextProvider.java:365) - ================= AUTO_ROTATION =================
I/CAE     ( 1036): display(ContextProvider.java:381) - Angle=[0]
D/SContextService( 1036): updateSContext() : event = Auto Rotation
V/WindowOrientationListener( 1036): mSContextAutoRotationListener.onSContextChanged, Rotation: 0
D/Sensorhubs(  310): readContextData: 1, 1, 7, -1
D/SensorHubManager( 1036): onGetSensorHubDataLocked: library(4) = 1, 1, 7, -1
D/CAE     ( 1036): onGetSensorHubData(SensorHubParserProvider.java:87) - onGetSensorHubData Event [event buffer len :4], AP_WAKEUP
I/CAE     ( 1036): parse(SensorHubParserProvider.java:166) - buffer size = 4
I/CAE     ( 1036): parse(SensorHubParserProvider.java:177) - 1, 1, 7, -1,
D/CAE     ( 1036): display(ContextProvider.java:365) - ================= AUTO_ROTATION =================
I/CAE     ( 1036): display(ContextProvider.java:381) - Angle=[-1]
D/SContextService( 1036): updateSContext() : event = Auto Rotation
V/WindowOrientationListener( 1036): mSContextAutoRotationListener.onSContextChanged, Rotation: -1
D/InputReader( 1036): Input event: value=1
I/InputReader( 1036): Touch event's action is 0x0 (deviceType=0) [pCnt=1, s=0.2180 ] when=4896213406000
I/InputDispatcher( 1036): Delivering touch to (1505): action: 0x4, toolType: 1
I/InputDispatcher( 1036): Delivering touch to (32233): action: 0x4, toolType: 1
D/ViewRootImpl( 1802): ViewPostImeInputStage ACTION_DOWN
I/InputDispatcher( 1036): Delivering touch to (1802): action: 0x0, toolType: 1
I/InputDispatcher( 1036): Delivering touch to (1657): action: 0x0, toolType: 1
D/InputReader( 1036): Input event: value=1
D/InputReader( 1036): Skip touch key when being pressed TSP
D/InputReader( 1036): Input event: value=0
I/InputReader( 1036): Touch event's action is 0x1 (deviceType=0) [pCnt=1, s=] when=4896271484000
I/InputDispatcher( 1036): Delivering touch to (1802): action: 0x1, toolType: 1
I/InputDispatcher( 1036): Delivering touch to (1657): action: 0x1, toolType: 1
D/InputReader( 1036): Input event: value=0
I/InputReader( 1036): Dropping key up from device because the key was not down.
D/Sensorhubs(  310): readContextData: 1, 1, 7, 0
D/SensorHubManager( 1036): onGetSensorHubDataLocked: library(4) = 1, 1, 7, 0
D/CAE     ( 1036): onGetSensorHubData(SensorHubParserProvider.java:87) - onGetSensorHubData Event [event buffer len :4], AP_WAKEUP
I/CAE     ( 1036): parse(SensorHubParserProvider.java:166) - buffer size = 4
I/CAE     ( 1036): parse(SensorHubParserProvider.java:177) - 1, 1, 7, 0,
D/CAE     ( 1036): display(ContextProvider.java:365) - ================= AUTO_ROTATION =================
I/CAE     ( 1036): display(ContextProvider.java:381) - Angle=[0]
D/lights  ( 1036): button : 0 +
D/SContextService( 1036): updateSContext() : event = Auto Rotation
V/WindowOrientationListener( 1036): mSContextAutoRotationListener.onSContextChanged, Rotation: 0
D/lights  ( 1036): button : 0 -
D/STATUSBAR-WifiQuickSettingButton( 1505): onWifiSignalChanged enabled=true enabledDesc:"ZZL-309"
D/StatusBar.MSimNetworkController( 1505): applyCU
D/StatusBar.MSimNetworkController( 1505): applyCU
D/StatusBar.MSimNetworkController( 1505): applyCU
D/StatusBar.MSimNetworkController( 1505): applyCU
D/StatusBar.MSimNetworkController( 1505): getNumberOfActiveSim:0
D/InputReader( 1036): Input event: value=1
D/InputReader( 1036): !@notifyKey(116), action=0
D/InputManager-JNI( 1036): !@interceptKeyBeforeQueueing(116), action=0
D/InputManager-JNI( 1036): !@handleInterceptActions(116), action=0, wmActions=0
W/CalendarProvider2(27105): Unexpected event outside window: null
W/CalendarProvider2(27105): Unexpected event outside window: null
W/CalendarProvider2(27105): Unexpected event outside window: null
W/CalendarProvider2(27105): Unexpected event outside window: null
W/CalendarProvider2(27105): Unexpected event outside window: null
W/CalendarProvider2(27105): Unexpected event outside window: null
W/CalendarProvider2(27105): Unexpected event outside window: null
W/CalendarProvider2(27105): Unexpected event outside window: null
W/CalendarProvider2(27105): Unexpected event outside window: null
W/CalendarProvider2(27105): Unexpected event outside window: null
W/CalendarProvider2(27105): Unexpected event outside window: null
W/CalendarProvider2(27105): Unexpected event outside window: null
W/CalendarProvider2(27105): Unexpected event outside window: null
W/CalendarProvider2(27105): Unexpected event outside window: null
W/CalendarProvider2(27105): Unexpected event outside window: null
W/CalendarProvider2(27105): Unexpected event outside window: null
W/CalendarProvider2(27105): Unexpected event outside window: null
W/CalendarProvider2(27105): Unexpected event outside window: null
W/CalendarProvider2(27105): Unexpected event outside window: null
W/CalendarProvider2(27105): Unexpected event outside window: null
W/CalendarProvider2(27105): Unexpected event outside window: null
W/CalendarProvider2(27105): Unexpected event outside window: null
W/CalendarProvider2(27105): Unexpected event outside window: null
W/CalendarProvider2(27105): Unexpected event outside window: null
W/CalendarProvider2(27105): Unexpected event outside window: null
W/CalendarProvider2(27105): Unexpected event outside window: null
W/CalendarProvider2(27105): Unexpected event outside window: null
W/CalendarProvider2(27105): Unexpected event outside window: null
W/CalendarProvider2(27105): Unexpected event outside window: null
W/CalendarProvider2(27105): Unexpected event outside window: null
W/CalendarProvider2(27105): Unexpected event outside window: null
W/CalendarProvider2(27105): Unexpected event outside window: null
W/CalendarProvider2(27105): Unexpected event outside window: null
W/CalendarProvider2(27105): Unexpected event outside window: null
W/CalendarProvider2(27105): Unexpected event outside window: null
W/CalendarProvider2(27105): Unexpected event outside window: null
W/CalendarProvider2(27105): Unexpected event outside window: null
W/CalendarProvider2(27105): Unexpected event outside window: null
W/CalendarProvider2(27105): Unexpected event outside window: null
W/CalendarProvider2(27105): Unexpected event outside window: null
W/CalendarProvider2(27105): Unexpected event outside window: null
W/CalendarProvider2(27105): Unexpected event outside window: null
W/CalendarProvider2(27105): Unexpected event outside window: null
W/CalendarProvider2(27105): Unexpected event outside window: null
W/CalendarProvider2(27105): Unexpected event outside window: null
W/CalendarProvider2(27105): Unexpected event outside window: null
W/CalendarProvider2(27105): Unexpected event outside window: null
W/CalendarProvider2(27105): Unexpected event outside window: null
W/CalendarProvider2(27105): Unexpected event outside window: null
W/CalendarProvider2(27105): Unexpected event outside window: null
W/CalendarProvider2(27105): Unexpected event outside window: null
W/CalendarProvider2(27105): Unexpected event outside window: null
W/CalendarProvider2(27105): Unexpected event outside window: null
W/CalendarProvider2(27105): Unexpected event outside window: null
W/CalendarProvider2(27105): Unexpected event outside window: null
W/CalendarProvider2(27105): Unexpected event outside window: null
W/CalendarProvider2(27105): Unexpected event outside window: null
W/CalendarProvider2(27105): Unexpected event outside window: null
W/CalendarProvider2(27105): Unexpected event outside window: null
W/CalendarProvider2(27105): Unexpected event outside window: null
W/CalendarProvider2(27105): Unexpected event outside window: null
W/CalendarProvider2(27105): Unexpected event outside window: null
W/CalendarProvider2(27105): Unexpected event outside window: null
W/CalendarProvider2(27105): Unexpected event outside window: null
W/CalendarProvider2(27105): Unexpected event outside window: null
W/CalendarProvider2(27105): Unexpected event outside window: null
W/CalendarProvider2(27105): Unexpected event outside window: null
W/CalendarProvider2(27105): Unexpected event outside window: null
W/CalendarProvider2(27105): Unexpected event outside window: null
W/CalendarProvider2(27105): Unexpected event outside window: null
W/CalendarProvider2(27105): Unexpected event outside window: null
W/CalendarProvider2(27105): Unexpected event outside window: null
W/CalendarProvider2(27105): Unexpected event outside window: null
W/CalendarProvider2(27105): Unexpected event outside window: null
W/CalendarProvider2(27105): Unexpected event outside window: null
W/CalendarProvider2(27105): Unexpected event outside window: null
W/CalendarProvider2(27105): Unexpected event outside window: null
W/CalendarProvider2(27105): Unexpected event outside window: null
W/CalendarProvider2(27105): Unexpected event outside window: null
W/CalendarProvider2(27105): Unexpected event outside window: null
W/CalendarProvider2(27105): Unexpected event outside window: null
W/CalendarProvider2(27105): Unexpected event outside window: null
W/CalendarProvider2(27105): Unexpected event outside window: null
W/CalendarProvider2(27105): Unexpected event outside window: null
W/CalendarProvider2(27105): Unexpected event outside window: null
W/CalendarProvider2(27105): Unexpected event outside window: null
W/CalendarProvider2(27105): Unexpected event outside window: null
W/CalendarProvider2(27105): Unexpected event outside window: null
W/CalendarProvider2(27105): Unexpected event outside window: null
W/CalendarProvider2(27105): Unexpected event outside window: null
W/CalendarProvider2(27105): Unexpected event outside window: null
W/CalendarProvider2(27105): Unexpected event outside window: null
W/CalendarProvider2(27105): Unexpected event outside window: null
W/CalendarProvider2(27105): Unexpected event outside window: null
W/CalendarProvider2(27105): Unexpected event outside window: null
W/CalendarProvider2(27105): Unexpected event outside window: null
W/CalendarProvider2(27105): Unexpected event outside window: null
W/CalendarProvider2(27105): Unexpected event outside window: null
W/CalendarProvider2(27105): Unexpected event outside window: null
W/CalendarProvider2(27105): Unexpected event outside window: null
W/CalendarProvider2(27105): Unexpected event outside window: null
W/CalendarProvider2(27105): Unexpected event outside window: null
W/CalendarProvider2(27105): Unexpected event outside window: null
W/CalendarProvider2(27105): Unexpected event outside window: null
W/CalendarProvider2(27105): Unexpected event outside window: null
W/CalendarProvider2(27105): Unexpected event outside window: null
W/CalendarProvider2(27105): Unexpected event outside window: null
W/CalendarProvider2(27105): Unexpected event outside window: null
W/CalendarProvider2(27105): Unexpected event outside window: null
W/CalendarProvider2(27105): Unexpected event outside window: null
W/CalendarProvider2(27105): Unexpected event outside window: null
W/CalendarProvider2(27105): Unexpected event outside window: null
W/CalendarProvider2(27105): Unexpected event outside window: null
W/CalendarProvider2(27105): Unexpected event outside window: null
W/CalendarProvider2(27105): Unexpected event outside window: null
W/CalendarProvider2(27105): Unexpected event outside window: null
W/CalendarProvider2(27105): Unexpected event outside window: null
W/CalendarProvider2(27105): Unexpected event outside window: null
W/CalendarProvider2(27105): Unexpected event outside window: null
W/CalendarProvider2(27105): Unexpected event outside window: null
W/CalendarProvider2(27105): Unexpected event outside window: null
W/CalendarProvider2(27105): Unexpected event outside window: null
W/CalendarProvider2(27105): Unexpected event outside window: null
W/CalendarProvider2(27105): Unexpected event outside window: null
W/CalendarProvider2(27105): Unexpected event outside window: null
W/CalendarProvider2(27105): Unexpected event outside window: null
W/CalendarProvider2(27105): Unexpected event outside window: null
W/CalendarProvider2(27105): Unexpected event outside window: null
W/CalendarProvider2(27105): Unexpected event outside window: null
W/CalendarProvider2(27105): Unexpected event outside window: null
W/CalendarProvider2(27105): Unexpected event outside window: null
W/CalendarProvider2(27105): Unexpected event outside window: null
W/CalendarProvider2(27105): Unexpected event outside window: null
W/CalendarProvider2(27105): Unexpected event outside window: null
W/CalendarProvider2(27105): Unexpected event outside window: null
W/CalendarProvider2(27105): Unexpected event outside window: null
W/CalendarProvider2(27105): Unexpected event outside window: null
W/CalendarProvider2(27105): Unexpected event outside window: null
W/CalendarProvider2(27105): Unexpected event outside window: null
W/CalendarProvider2(27105): Unexpected event outside window: null
W/CalendarProvider2(27105): Unexpected event outside window: null
W/CalendarProvider2(27105): Unexpected event outside window: null
W/CalendarProvider2(27105): Unexpected event outside window: null
W/CalendarProvider2(27105): Unexpected event outside window: null
W/CalendarProvider2(27105): Unexpected event outside window: null
W/CalendarProvider2(27105): Unexpected event outside window: null
W/CalendarProvider2(27105): Unexpected event outside window: null
W/CalendarProvider2(27105): Unexpected event outside window: null
W/CalendarProvider2(27105): Unexpected event outside window: null
W/CalendarProvider2(27105): Unexpected event outside window: null
W/CalendarProvider2(27105): Unexpected event outside window: null
W/CalendarProvider2(27105): Unexpected event outside window: null
W/CalendarProvider2(27105): Unexpected event outside window: null
W/CalendarProvider2(27105): Unexpected event outside window: null
W/CalendarProvider2(27105): Unexpected event outside window: null
W/CalendarProvider2(27105): Unexpected event outside window: null
W/CalendarProvider2(27105): Unexpected event outside window: null
W/CalendarProvider2(27105): Unexpected event outside window: null
W/CalendarProvider2(27105): Unexpected event outside window: null
W/CalendarProvider2(27105): Unexpected event outside window: null
W/CalendarProvider2(27105): Unexpected event outside window: null
W/CalendarProvider2(27105): Unexpected event outside window: null
W/CalendarProvider2(27105): Unexpected event outside window: null
W/CalendarProvider2(27105): Unexpected event outside window: null
W/CalendarProvider2(27105): Unexpected event outside window: null
W/CalendarProvider2(27105): Unexpected event outside window: null
W/CalendarProvider2(27105): Unexpected event outside window: null
W/CalendarProvider2(27105): Unexpected event outside window: null
W/CalendarProvider2(27105): Unexpected event outside window: null
W/CalendarProvider2(27105): Unexpected event outside window: null
W/CalendarProvider2(27105): Unexpected event outside window: null
W/CalendarProvider2(27105): Unexpected event outside window: null
W/CalendarProvider2(27105): Unexpected event outside window: null
W/CalendarProvider2(27105): Unexpected event outside window: null
W/CalendarProvider2(27105): Unexpected event outside window: null
W/CalendarProvider2(27105): Unexpected event outside window: null
W/CalendarProvider2(27105): Unexpected event outside window: null
W/CalendarProvider2(27105): Unexpected event outside window: null
W/CalendarProvider2(27105): Unexpected event outside window: null
W/CalendarProvider2(27105): Unexpected event outside window: null
W/CalendarProvider2(27105): Unexpected event outside window: null
W/CalendarProvider2(27105): Unexpected event outside window: null
W/CalendarProvider2(27105): Unexpected event outside window: null
W/CalendarProvider2(27105): Unexpected event outside window: null
W/CalendarProvider2(27105): Unexpected event outside window: null
W/CalendarProvider2(27105): Unexpected event outside window: null
W/CalendarProvider2(27105): Unexpected event outside window: null
W/CalendarProvider2(27105): Unexpected event outside window: null
W/CalendarProvider2(27105): Unexpected event outside window: null
W/CalendarProvider2(27105): Unexpected event outside window: null
W/CalendarProvider2(27105): Unexpected event outside window: null
W/CalendarProvider2(27105): Unexpected event outside window: null
W/CalendarProvider2(27105): Unexpected event outside window: null
W/CalendarProvider2(27105): Unexpected event outside window: null
W/CalendarProvider2(27105): Unexpected event outside window: null
W/CalendarProvider2(27105): Unexpected event outside window: null
W/CalendarProvider2(27105): Unexpected event outside window: null
W/CalendarProvider2(27105): Unexpected event outside window: null
W/CalendarProvider2(27105): Unexpected event outside window: null
W/CalendarProvider2(27105): Unexpected event outside window: null
W/CalendarProvider2(27105): Unexpected event outside window: null
W/CalendarProvider2(27105): Unexpected event outside window: null
W/CalendarProvider2(27105): Unexpected event outside window: null
W/CalendarProvider2(27105): Unexpected event outside window: null
W/CalendarProvider2(27105): Unexpected event outside window: null
W/CalendarProvider2(27105): Unexpected event outside window: null
W/CalendarProvider2(27105): Unexpected event outside window: null
W/CalendarProvider2(27105): Unexpected event outside window: null
W/CalendarProvider2(27105): Unexpected event outside window: null
W/CalendarProvider2(27105): Unexpected event outside window: null
W/CalendarProvider2(27105): Unexpected event outside window: null
W/CalendarProvider2(27105): Unexpected event outside window: null
W/CalendarProvider2(27105): Unexpected event outside window: null
W/CalendarProvider2(27105): Unexpected event outside window: null
W/CalendarProvider2(27105): Unexpected event outside window: null
W/CalendarProvider2(27105): Unexpected event outside window: null
W/CalendarProvider2(27105): Unexpected event outside window: null
W/CalendarProvider2(27105): Unexpected event outside window: null
W/CalendarProvider2(27105): Unexpected event outside window: null
W/CalendarProvider2(27105): Unexpected event outside window: null
W/CalendarProvider2(27105): Unexpected event outside window: null
W/CalendarProvider2(27105): Unexpected event outside window: null
W/CalendarProvider2(27105): Unexpected event outside window: null
W/CalendarProvider2(27105): Unexpected event outside window: null
W/CalendarProvider2(27105): Unexpected event outside window: null
W/CalendarProvider2(27105): Unexpected event outside window: null
W/CalendarProvider2(27105): Unexpected event outside window: null
W/CalendarProvider2(27105): Unexpected event outside window: null
W/CalendarProvider2(27105): Unexpected event outside window: null
W/CalendarProvider2(27105): Unexpected event outside window: null
W/CalendarProvider2(27105): Unexpected event outside window: null
W/CalendarProvider2(27105): Unexpected event outside window: null
W/CalendarProvider2(27105): Unexpected event outside window: null
W/CalendarProvider2(27105): Unexpected event outside window: null
W/CalendarProvider2(27105): Unexpected event outside window: null
W/CalendarProvider2(27105): Unexpected event outside window: null
W/CalendarProvider2(27105): Unexpected event outside window: null
W/CalendarProvider2(27105): Unexpected event outside window: null
W/CalendarProvider2(27105): Unexpected event outside window: null
W/CalendarProvider2(27105): Unexpected event outside window: null
W/CalendarProvider2(27105): Unexpected event outside window: null
W/CalendarProvider2(27105): Unexpected event outside window: null
W/CalendarProvider2(27105): Unexpected event outside window: null
W/CalendarProvider2(27105): Unexpected event outside window: null
W/CalendarProvider2(27105): Unexpected event outside window: null
W/CalendarProvider2(27105): Unexpected event outside window: null
W/CalendarProvider2(27105): Unexpected event outside window: null
W/CalendarProvider2(27105): Unexpected event outside window: null
W/CalendarProvider2(27105): Unexpected event outside window: null
W/CalendarProvider2(27105): Unexpected event outside window: null
W/CalendarProvider2(27105): Unexpected event outside window: null
W/CalendarProvider2(27105): Unexpected event outside window: null
W/CalendarProvider2(27105): Unexpected event outside window: null
W/CalendarProvider2(27105): Unexpected event outside window: null
W/CalendarProvider2(27105): Unexpected event outside window: null
W/CalendarProvider2(27105): Unexpected event outside window: null
W/CalendarProvider2(27105): Unexpected event outside window: null
W/CalendarProvider2(27105): Unexpected event outside window: null
W/CalendarProvider2(27105): Unexpected event outside window: null
W/CalendarProvider2(27105): Unexpected event outside window: null
W/CalendarProvider2(27105): Unexpected event outside window: null
W/CalendarProvider2(27105): Unexpected event outside window: null
W/CalendarProvider2(27105): Unexpected event outside window: null
W/CalendarProvider2(27105): Unexpected event outside window: null
W/CalendarProvider2(27105): Unexpected event outside window: null
W/CalendarProvider2(27105): Unexpected event outside window: null
W/CalendarProvider2(27105): Unexpected event outside window: null
W/CalendarProvider2(27105): Unexpected event outside window: null
W/CalendarProvider2(27105): Unexpected event outside window: null
W/CalendarProvider2(27105): Unexpected event outside window: null
W/CalendarProvider2(27105): Unexpected event outside window: null
W/CalendarProvider2(27105): Unexpected event outside window: null
W/CalendarProvider2(27105): Unexpected event outside window: null
W/CalendarProvider2(27105): Unexpected event outside window: null
W/CalendarProvider2(27105): Unexpected event outside window: null
W/CalendarProvider2(27105): Unexpected event outside window: null
W/CalendarProvider2(27105): Unexpected event outside window: null
W/CalendarProvider2(27105): Unexpected event outside window: null
W/CalendarProvider2(27105): Unexpected event outside window: null
W/CalendarProvider2(27105): Unexpected event outside window: null
W/CalendarProvider2(27105): Unexpected event outside window: null
W/CalendarProvider2(27105): Unexpected event outside window: null
W/CalendarProvider2(27105): Unexpected event outside window: null
W/CalendarProvider2(27105): Unexpected event outside window: null
W/CalendarProvider2(27105): Unexpected event outside window: null
W/CalendarProvider2(27105): Unexpected event outside window: null
W/CalendarProvider2(27105): Unexpected event outside window: null
W/CalendarProvider2(27105): Unexpected event outside window: null
W/CalendarProvider2(27105): Unexpected event outside window: null
W/CalendarProvider2(27105): Unexpected event outside window: null
W/CalendarProvider2(27105): Unexpected event outside window: null
