D/InputReader( 1036): Input event: value=1
I/InputReader( 1036): Touch event's action is 0x0 (deviceType=0) [pCnt=1, s=0.2155 ] when=4762225087000
I/InputDispatcher( 1036): Delivering touch to (1505): action: 0x4, toolType: 1
I/InputDispatcher( 1036): Delivering touch to (32233): action: 0x4, toolType: 1
I/InputDispatcher( 1036): Delivering touch to (1802): action: 0x0, toolType: 1
I/InputDispatcher( 1036): Delivering touch to (1657): action: 0x0, toolType: 1
D/ViewRootImpl( 1802): ViewPostImeInputStage ACTION_DOWN
D/InputReader( 1036): Input event: value=0
I/InputReader( 1036): Touch event's action is 0x1 (deviceType=0) [pCnt=1, s=] when=4762291545000
I/InputDispatcher( 1036): Delivering touch to (1802): action: 0x1, toolType: 1
I/InputDispatcher( 1036): Delivering touch to (1657): action: 0x1, toolType: 1
D/InputReader( 1036): Input event: value=1
I/InputReader( 1036): Touch event's action is 0x0 (deviceType=0) [pCnt=1, s=0.2156 ] when=4762360100000
I/InputDispatcher( 1036): Delivering touch to (1505): action: 0x4, toolType: 1
I/InputDispatcher( 1036): Delivering touch to (32233): action: 0x4, toolType: 1
I/InputDispatcher( 1036): Delivering touch to (1802): action: 0x0, toolType: 1
I/InputDispatcher( 1036): Delivering touch to (1657): action: 0x0, toolType: 1
D/ViewRootImpl( 1802): ViewPostImeInputStage ACTION_DOWN
D/InputReader( 1036): Input event: value=0
I/InputReader( 1036): Touch event's action is 0x1 (deviceType=0) [pCnt=1, s=] when=4762371112000
I/InputDispatcher( 1036): Delivering touch to (1802): action: 0x1, toolType: 1
I/InputDispatcher( 1036): Delivering touch to (1657): action: 0x1, toolType: 1
D/InputReader( 1036): Input event: value=1
I/InputReader( 1036): Touch event's action is 0x0 (deviceType=0) [pCnt=1, s=0.2157 ] when=4762830783000
I/InputDispatcher( 1036): Delivering touch to (1505): action: 0x4, toolType: 1
I/InputDispatcher( 1036): Delivering touch to (32233): action: 0x4, toolType: 1
I/InputDispatcher( 1036): Delivering touch to (1802): action: 0x0, toolType: 1
I/InputDispatcher( 1036): Delivering touch to (1657): action: 0x0, toolType: 1
D/ViewRootImpl( 1802): ViewPostImeInputStage ACTION_DOWN
I/InputReader( 1036): Touch event's action (MT) is 0x105 (deviceType=0) [pCnt=2, s=0.2157 1.2158 ] when=4762990992000
I/InputDispatcher( 1036): Delivering touch to (1802): action: 0x105, toolType: 1
I/InputDispatcher( 1036): Delivering touch to (1657): action: 0x105, toolType: 1
I/InputReader( 1036): Touch event's action (MT) is 0x106 (deviceType=0) [pCnt=2, s=0.2157 ] when=4763069881000
I/InputDispatcher( 1036): Delivering touch to (1802): action: 0x106, toolType: 1
I/InputDispatcher( 1036): Delivering touch to (1657): action: 0x106, toolType: 1
D/PreloadUpdateManagerStateMachine( 6306): execute::IDLE:EXECUTE
D/PreloadUpdateManagerStateMachine( 6306): exit::IDLE
D/PreloadUpdateManagerStateMachine( 6306): entry::CHECK_TIMEOUT_FOR_UPDATE
D/STATUSBAR-WifiQuickSettingButton( 1505): onWifiSignalChanged enabled=true enabledDesc:"ZZL-309"
D/[SAUI]  ( 6306): AutoUpdateTriggerManager:IDLE:notifyNextTime
D/PreloadUpdateManagerStateMachine( 6306): execute::CHECK_TIMEOUT_FOR_UPDATE:NO_TIMED_OUT
D/StatusBar.MSimNetworkController( 1505): applyCU
D/PreloadUpdateManagerStateMachine( 6306): exit::CHECK_TIMEOUT_FOR_UPDATE
D/PreloadUpdateManagerStateMachine( 6306): entry::IDLE
D/StatusBar.MSimNetworkController( 1505): applyCU
D/StatusBar.MSimNetworkController( 1505): applyCU
D/StatusBar.MSimNetworkController( 1505): applyCU
D/StatusBar.MSimNetworkController( 1505): getNumberOfActiveSim:0
I/accs.SilenceConn_umeng:56aadbf567e58e38d4000976(12214):  0 getChannelHost:accscdn.m.taobao.com
D/awcn.LocalDnsStrategyTable(12214):  try resolve ip with local dns host:accscdn.m.taobao.com
D/getConnStrategyListByHost(12214): |[seq:host] accscdn.m.taobao.com:result [{140.205.195.50 80 http}, {140.205.195.50 443 https}]
I/accs.SilenceConn_umeng:56aadbf567e58e38d4000976(12214):  0 getChannelHost:accscdn.m.taobao.com
I/accs.SilenceConn_umeng:56aadbf567e58e38d4000976(12214):  0 get ip from amdc fail!!
E/accs.SilenceConn_umeng:56aadbf567e58e38d4000976(12214):  0 connect URL:https://accscdn.m.taobao.com:443/accs/
E/accs.SilenceConn_umeng:56aadbf567e58e38d4000976(12214):  0 connect normal
I/accs.SilenceConn_umeng:56aadbf567e58e38d4000976(12214):  0 getChannelHost:accscdn.m.taobao.com
D/EnterpriseController(  290): mIsMarkChainAdded is 0 mIsBlockChainAdded is 0 netId is 0
D/Netd    (  290): getNetworkForDns: using netid 511 for uid 10684
I/tnet-jni(12214): 1972 -  create new session: accscdn.m.taobao.com:443
E/accs.SilenceConn_umeng:56aadbf567e58e38d4000976(12214):  0 notifyStatus:CONNECTING
I/accs.SilenceConn_umeng:56aadbf567e58e38d4000976(12214):  0 notifyStatus:CONNECTING handled
I/tnet-jni(12214): 1965 - [spdySessionFailedError] - 
I/tnet-jni(12214): 1965 - [SpdySessionCallBack.spdySessionFailedError] - org.android.spdy.SpdySession@aa45b73
D/tnet-jni(12214): 1965 - [SpdySession.cleanUp] - 
E/accs.SilenceConn_umeng:56aadbf567e58e38d4000976(12214):  0 spdySessionFailedError, retryTimes:1 errorId:-3530
E/accs.SilenceConn_umeng:56aadbf567e58e38d4000976(12214):  0 notifyStatus:DISCONNECTED
D/accs.OrangeAdapter(12214):  isSmartHb result:true
D/accs.HeartbeatManager(12214):  set 270
D/accs.HeartbeatManager(12214):  onNetworkFail
D/accs.SilenceConn_umeng:56aadbf567e58e38d4000976(12214):  try ping, force:false
E/accs.NetworkThread_umeng:56aadbf567e58e38d4000976(12214):  0 try connect fail, ready for reconnect
D/accs.SilenceConn_umeng:56aadbf567e58e38d4000976(12214):  send message, PING delay:5835 dataId:69
E/accs.NetworkThread_umeng:56aadbf567e58e38d4000976(12214):  0 try connect, force = false failTimes = 2
I/accs.NetworkThread_umeng:56aadbf567e58e38d4000976(12214):  0 try connect, need sleep
I/accs.SilenceConn_umeng:56aadbf567e58e38d4000976(12214):  0 notifyStatus:DISCONNECTED handled
D/accs.UTMini(12214):  commitEvent fail java.lang.NoClassDefFoundError: Failed resolution of: Lcom/ut/mini/internal/UTOriginalCustomHitBuilder;
D/tnet-jni(12214): 1965 - [SpdySession.clearAllStreamCb] - 
D/tnet-jni(12214): 1965 - [SpdySession.cleanUp] - 
D/InputReader( 1036): Input event: value=0
I/InputReader( 1036): Touch event's action is 0x1 (deviceType=0) [pCnt=1, s=] when=4763792792000
I/InputDispatcher( 1036): Delivering touch to (1802): action: 0x1, toolType: 1
I/InputDispatcher( 1036): Delivering touch to (1657): action: 0x1, toolType: 1
D/STATUSBAR-WifiQuickSettingButton( 1505): onWifiSignalChanged enabled=true enabledDesc:"ZZL-309"
D/StatusBar.MSimNetworkController( 1505): applyCU
D/StatusBar.MSimNetworkController( 1505): applyCU
D/StatusBar.MSimNetworkController( 1505): applyCU
D/StatusBar.MSimNetworkController( 1505): applyCU
D/StatusBar.MSimNetworkController( 1505): getNumberOfActiveSim:0
D/lights  ( 1036): lcd : 12 +
D/lights  ( 1036): lcd : 12 -
D/Sensorhubs(  310): readContextData: 1, 1, 7, 0
D/SensorHubManager( 1036): onGetSensorHubDataLocked: library(4) = 1, 1, 7, 0
D/CAE     ( 1036): onGetSensorHubData(SensorHubParserProvider.java:87) - onGetSensorHubData Event [event buffer len :4], AP_WAKEUP
I/CAE     ( 1036): parse(SensorHubParserProvider.java:166) - buffer size = 4
I/CAE     ( 1036): parse(SensorHubParserProvider.java:177) - 1, 1, 7, 0,
D/CAE     ( 1036): display(ContextProvider.java:365) - ================= AUTO_ROTATION =================
I/CAE     ( 1036): display(ContextProvider.java:381) - Angle=[0]
D/SContextService( 1036): updateSContext() : event = Auto Rotation
V/WindowOrientationListener( 1036): mSContextAutoRotationListener.onSContextChanged, Rotation: 0
D/lights  ( 1036): lcd : 20 +
D/lights  ( 1036): lcd : 20 -
D/lights  ( 1036): lcd : 28 +
D/lights  ( 1036): lcd : 28 -
D/lights  ( 1036): lcd : 37 +
D/lights  ( 1036): lcd : 37 -
D/lights  ( 1036): lcd : 45 +
D/lights  ( 1036): lcd : 45 -
D/lights  ( 1036): lcd : 53 +
D/lights  ( 1036): lcd : 53 -
D/lights  ( 1036): lcd : 61 +
D/lights  ( 1036): lcd : 61 -
D/lights  ( 1036): lcd : 70 +
D/lights  ( 1036): lcd : 70 -
D/lights  ( 1036): lcd : 78 +
D/lights  ( 1036): lcd : 78 -
D/lights  ( 1036): lcd : 86 +
D/lights  ( 1036): lcd : 86 -
D/lights  ( 1036): lcd : 103 +
D/lights  ( 1036): lcd : 103 -
D/lights  ( 1036): lcd : 111 +
D/lights  ( 1036): lcd : 111 -
D/lights  ( 1036): lcd : 123 +
D/InputReader( 1036): Input event: value=1
I/InputReader( 1036): Touch event's action is 0x0 (deviceType=0) [pCnt=1, s=0.2159 ] when=4764687154000
I/InputDispatcher( 1036): Delivering touch to (1505): action: 0x4, toolType: 1
I/InputDispatcher( 1036): Delivering touch to (32233): action: 0x4, toolType: 1
I/InputDispatcher( 1036): Delivering touch to (1802): action: 0x0, toolType: 1
D/ViewRootImpl( 1802): ViewPostImeInputStage ACTION_DOWN
I/InputDispatcher( 1036): Delivering touch to (1657): action: 0x0, toolType: 1
D/lights  ( 1036): lcd : 123 -
D/InputReader( 1036): Input event: value=0
I/InputReader( 1036): Touch event's action is 0x1 (deviceType=0) [pCnt=1, s=] when=4764734745000
I/InputDispatcher( 1036): Delivering touch to (1802): action: 0x1, toolType: 1
I/InputDispatcher( 1036): Delivering touch to (1657): action: 0x1, toolType: 1
D/Sensorhubs(  310): readContextData: 1, 1, 7, -1
D/SensorHubManager( 1036): onGetSensorHubDataLocked: library(4) = 1, 1, 7, -1
D/CAE     ( 1036): onGetSensorHubData(SensorHubParserProvider.java:87) - onGetSensorHubData Event [event buffer len :4], AP_WAKEUP
I/CAE     ( 1036): parse(SensorHubParserProvider.java:166) - buffer size = 4
I/CAE     ( 1036): parse(SensorHubParserProvider.java:177) - 1, 1, 7, -1,
D/CAE     ( 1036): display(ContextProvider.java:365) - ================= AUTO_ROTATION =================
I/CAE     ( 1036): display(ContextProvider.java:381) - Angle=[-1]
D/SContextService( 1036): updateSContext() : event = Auto Rotation
V/WindowOrientationListener( 1036): mSContextAutoRotationListener.onSContextChanged, Rotation: -1
D/STATUSBAR-WifiQuickSettingButton( 1505): onWifiSignalChanged enabled=true enabledDesc:"ZZL-309"
D/StatusBar.MSimNetworkController( 1505): applyCU
D/StatusBar.MSimNetworkController( 1505): applyCU
D/StatusBar.MSimNetworkController( 1505): applyCU
D/StatusBar.MSimNetworkController( 1505): applyCU
D/StatusBar.MSimNetworkController( 1505): getNumberOfActiveSim:0
D/InputReader( 1036): Input event: value=1
I/InputReader( 1036): Touch event's action is 0x0 (deviceType=0) [pCnt=1, s=0.2160 1.2161 ] when=4765791805000
I/InputReader( 1036): Touch event's action (MT) is 0x105 (deviceType=0) [pCnt=2, s=0.2160 1.2161 ] when=4765791805000
I/InputDispatcher( 1036): Delivering touch to (1505): action: 0x4, toolType: 1
I/InputDispatcher( 1036): Delivering touch to (32233): action: 0x4, toolType: 1
I/InputDispatcher( 1036): Delivering touch to (1802): action: 0x0, toolType: 1
D/ViewRootImpl( 1802): ViewPostImeInputStage ACTION_DOWN
I/InputDispatcher( 1036): Delivering touch to (1657): action: 0x0, toolType: 1
I/InputDispatcher( 1036): Delivering touch to (1802): action: 0x105, toolType: 1
I/InputDispatcher( 1036): Delivering touch to (1657): action: 0x105, toolType: 1
I/InputReader( 1036): Touch event's action (MT) is 0x205 (deviceType=0) [pCnt=3, s=0.2160 1.2161 2.2162 ] when=4765806547000
I/InputDispatcher( 1036): Delivering touch to (1802): action: 0x205, toolType: 1
I/InputDispatcher( 1036): Delivering touch to (1657): action: 0x205, toolType: 1
I/InputReader( 1036): Touch event's action (MT) is 0x106 (deviceType=0) [pCnt=3, s=0.2160 2.2162 ] when=4765951879000
I/InputDispatcher( 1036): Delivering touch to (1802): action: 0x106, toolType: 1
I/InputDispatcher( 1036): Delivering touch to (1657): action: 0x106, toolType: 1
D/Sensorhubs(  310): readContextData: 1, 1, 7, 0
D/SensorHubManager( 1036): onGetSensorHubDataLocked: library(4) = 1, 1, 7, 0
D/CAE     ( 1036): onGetSensorHubData(SensorHubParserProvider.java:87) - onGetSensorHubData Event [event buffer len :4], AP_WAKEUP
I/CAE     ( 1036): parse(SensorHubParserProvider.java:166) - buffer size = 4
I/CAE     ( 1036): parse(SensorHubParserProvider.java:177) - 1, 1, 7, 0,
D/CAE     ( 1036): display(ContextProvider.java:365) - ================= AUTO_ROTATION =================
I/CAE     ( 1036): display(ContextProvider.java:381) - Angle=[0]
D/SContextService( 1036): updateSContext() : event = Auto Rotation
V/WindowOrientationListener( 1036): mSContextAutoRotationListener.onSContextChanged, Rotation: 0
D/KeyguardUpdateMonitor( 1505): received broadcast android.intent.action.BATTERY_CHANGED
D/KeyguardUpdateMonitor( 1505): handleBatteryUpdate
I/System.out( 1036): (HTTPLog)-Static: isSBSettingEnabled false
I/System.out( 1036): KnoxVpnUidStorageknoxVpnSupported API value returned is false
I/InputReader( 1036): Touch event's action (MT) is 0x105 (deviceType=0) [pCnt=3, s=0.2160 1.2163 2.2162 ] when=4767075742000
I/InputDispatcher( 1036): Delivering touch to (1802): action: 0x105, toolType: 1
I/InputDispatcher( 1036): Delivering touch to (1657): action: 0x105, toolType: 1
D/STATUSBAR-WifiQuickSettingButton( 1505): onWifiSignalChanged enabled=true enabledDesc:"ZZL-309"
D/StatusBar.MSimNetworkController( 1505): applyCU
D/StatusBar.MSimNetworkController( 1505): applyCU
D/StatusBar.MSimNetworkController( 1505): applyCU
D/StatusBar.MSimNetworkController( 1505): applyCU
D/StatusBar.MSimNetworkController( 1505): getNumberOfActiveSim:0
I/InputReader( 1036): Touch event's action (MT) is 0x305 (deviceType=0) [pCnt=4, s=0.2160 1.2163 2.2162 3.2164 ] when=4767607699000
I/InputDispatcher( 1036): Delivering touch to (1657): action: 0x305, toolType: 1
I/InputDispatcher( 1036): Delivering touch to (1505): action: 0x0, toolType: 1
D/ViewRootImpl( 1505): ViewPostImeInputStage ACTION_DOWN
I/InputReader( 1036): Touch event's action (MT) is 0x405 (deviceType=0) [pCnt=5, s=0.2160 1.2163 2.2162 3.2164 4.2165 ] when=4767630162000
I/InputDispatcher( 1036): Delivering touch to (1657): action: 0x405, toolType: 1
I/InputDispatcher( 1036): Delivering touch to (1505): action: 0x105, toolType: 1
D/PhoneStatusBar( 1505): makeExpandedVisible:false
D/StatusBar-Window( 1505): fnf=false sanc=false, kni=false, sbf=true
D/CoverUI ( 1505): applyFocusableFlag() : Remove SAMSUNG_FLAG_SVIEW_COVER
V/Vibrator( 1036): Called cancel() API - PUID: 1000, PackageName: android
D/SecContentProvider2( 1036): uri = 14 selection = getSealedState
D/SecContentProvider2( 1036): mCursor = null
D/PhoneStatusBar( 1505): disable: < expand icons alerts system_info back home recent clock search >
D/SecContentProvider2( 1036): uri = 14 selection = getSealedState
D/SecContentProvider2( 1036): mCursor = null
D/SecContentProvider2( 1036): uri = 14 selection = getSealedState
D/SecContentProvider2( 1036): mCursor = null
D/SecContentProvider2( 1036): uri = 14 selection = getSealedState
D/SecContentProvider2( 1036): mCursor = null
D/PhoneStatusBar( 1505): flipToSettings
D/StatusBar-QSPanel( 1505): setSingleLine:false
D/StatusBar-QSPanel( 1505): updateButtonInfo mButtonWidth : 206 mColumns:5 orien: 1 displayWidth:1032
D/StatusBar-QSPanel( 1505): setSingleLine height:1296
D/StatusBar( 1505): getNumberOfActiveSim:0
D/PhoneStatusBar( 1505): updateQSpanelHeight: 1605 height:1605
D/PanelView( 1505): flingSettings mQsMin:1821 mQsMax:1821 mQsEx:1821.0mQsPeek:279
D/PhoneStatusBar( 1505): flipToSettings in EXPAND_SETTING_ACTION
D/PointerIcon( 1036): setMouseIconStyle1 pointerType: 1001iconType:101 flag:0
D/PointerIcon( 1036): setMouseCustomIcon IconType is same.101
D/PointerIcon( 1036): setHoveringSpenIconStyle1 pointerType: 10001iconType:1 flag:0
D/PointerIcon( 1036): setHoveringSpenCustomIcon IconType is same.1
D/QSpanel ( 1505): label top:23
D/StatusBar-QSPanel( 1505): onLayout left:0 top:12 record.row:0
D/QSpanel ( 1505): label top:23
D/StatusBar-QSPanel( 1505): onLayout left:206 top:12 record.row:0
D/QSpanel ( 1505): label top:23
D/StatusBar-QSPanel( 1505): onLayout left:412 top:12 record.row:0
D/QSpanel ( 1505): label top:0
D/StatusBar-QSPanel( 1505): onLayout left:618 top:12 record.row:0
D/QSpanel ( 1505): label top:23
D/StatusBar-QSPanel( 1505): onLayout left:824 top:12 record.row:0
D/QSpanel ( 1505): label top:0
D/StatusBar-QSPanel( 1505): onLayout left:0 top:333 record.row:1
D/QSpanel ( 1505): label top:0
D/StatusBar-QSPanel( 1505): onLayout left:206 top:333 record.row:1
D/QSpanel ( 1505): label top:0
D/StatusBar-QSPanel( 1505): onLayout left:412 top:333 record.row:1
D/QSpanel ( 1505): label top:0
D/StatusBar-QSPanel( 1505): onLayout left:618 top:333 record.row:1
D/QSpanel ( 1505): label top:23
D/StatusBar-QSPanel( 1505): onLayout left:824 top:333 record.row:1
D/QSpanel ( 1505): label top:0
D/StatusBar-QSPanel( 1505): onLayout left:0 top:654 record.row:2
D/QSpanel ( 1505): label top:0
D/StatusBar-QSPanel( 1505): onLayout left:206 top:654 record.row:2
D/QSpanel ( 1505): label top:23
D/StatusBar-QSPanel( 1505): onLayout left:412 top:654 record.row:2
D/QSpanel ( 1505): label top:23
D/StatusBar-QSPanel( 1505): onLayout left:618 top:654 record.row:2
D/QSpanel ( 1505): label top:0
D/StatusBar-QSPanel( 1505): onLayout left:824 top:654 record.row:2
D/QSpanel ( 1505): label top:0
D/StatusBar-QSPanel( 1505): onLayout left:0 top:975 record.row:3
D/QSpanel ( 1505): label top:0
D/StatusBar-QSPanel( 1505): onLayout left:206 top:975 record.row:3
D/QSpanel ( 1505): label top:0
D/StatusBar-QSPanel( 1505): onLayout left:412 top:975 record.row:3
D/QSpanel ( 1505): label top:0
D/StatusBar-QSPanel( 1505): onLayout left:618 top:975 record.row:3
D/QSpanel ( 1505): label top:23
D/StatusBar-QSPanel( 1505): onLayout left:824 top:975 record.row:3
D/QSpanel ( 1505): label top:0
D/StatusBar-QSPanel( 1505): onLayout left:0 top:1296 record.row:4
D/RippleInk_KeyguardEffect( 1505): onWindowFocusChanged hasWindowFocus = true
I/InputReader( 1036): Touch event's action (MT) is 0x306 (deviceType=0) [pCnt=5, s=0.2160 1.2163 2.2162 4.2165 ] when=4767879175000
I/InputDispatcher( 1036): Delivering touch to (1657): action: 0x306, toolType: 1
I/InputDispatcher( 1036): Delivering touch to (1505): action: 0x6, toolType: 1
I/InputReader( 1036): Touch event's action (MT) is 0x305 (deviceType=0) [pCnt=5, s=0.2160 1.2163 2.2162 3.2166 4.2165 ] when=4767901756000
I/InputDispatcher( 1036): Delivering touch to (1657): action: 0x305, toolType: 1
I/InputDispatcher( 1036): Delivering touch to (1505): action: 0x5, toolType: 1
D/PhoneStatusBar( 1505): flipToSettings
D/StatusBar-QSPanel( 1505): setSingleLine:false
D/StatusBar-QSPanel( 1505): updateButtonInfo mButtonWidth : 206 mColumns:5 orien: 1 displayWidth:1032
D/StatusBar-QSPanel( 1505): setSingleLine height:1296
D/StatusBar( 1505): getNumberOfActiveSim:0
D/PhoneStatusBar( 1505): updateQSpanelHeight: 1605 height:1605
D/PanelView( 1505): flingSettings mQsMin:1821 mQsMax:1821 mQsEx:1821.0mQsPeek:279
D/PhoneStatusBar( 1505): flipToSettings in EXPAND_SETTING_ACTION
D/QSpanel ( 1505): label top:23
D/StatusBar-QSPanel( 1505): onLayout left:0 top:12 record.row:0
D/QSpanel ( 1505): label top:23
D/StatusBar-QSPanel( 1505): onLayout left:206 top:12 record.row:0
D/QSpanel ( 1505): label top:23
D/StatusBar-QSPanel( 1505): onLayout left:412 top:12 record.row:0
D/QSpanel ( 1505): label top:0
D/StatusBar-QSPanel( 1505): onLayout left:618 top:12 record.row:0
D/QSpanel ( 1505): label top:23
D/StatusBar-QSPanel( 1505): onLayout left:824 top:12 record.row:0
D/QSpanel ( 1505): label top:0
D/StatusBar-QSPanel( 1505): onLayout left:0 top:333 record.row:1
D/QSpanel ( 1505): label top:0
D/StatusBar-QSPanel( 1505): onLayout left:206 top:333 record.row:1
D/QSpanel ( 1505): label top:0
D/StatusBar-QSPanel( 1505): onLayout left:412 top:333 record.row:1
D/QSpanel ( 1505): label top:0
D/StatusBar-QSPanel( 1505): onLayout left:618 top:333 record.row:1
D/QSpanel ( 1505): label top:23
D/StatusBar-QSPanel( 1505): onLayout left:824 top:333 record.row:1
D/QSpanel ( 1505): label top:0
D/StatusBar-QSPanel( 1505): onLayout left:0 top:654 record.row:2
D/QSpanel ( 1505): label top:0
D/StatusBar-QSPanel( 1505): onLayout left:206 top:654 record.row:2
D/QSpanel ( 1505): label top:23
D/StatusBar-QSPanel( 1505): onLayout left:412 top:654 record.row:2
D/QSpanel ( 1505): label top:23
D/StatusBar-QSPanel( 1505): onLayout left:618 top:654 record.row:2
D/QSpanel ( 1505): label top:0
D/StatusBar-QSPanel( 1505): onLayout left:824 top:654 record.row:2
D/QSpanel ( 1505): label top:0
D/StatusBar-QSPanel( 1505): onLayout left:0 top:975 record.row:3
D/QSpanel ( 1505): label top:0
D/StatusBar-QSPanel( 1505): onLayout left:206 top:975 record.row:3
D/QSpanel ( 1505): label top:0
D/StatusBar-QSPanel( 1505): onLayout left:412 top:975 record.row:3
D/QSpanel ( 1505): label top:0
D/StatusBar-QSPanel( 1505): onLayout left:618 top:975 record.row:3
D/QSpanel ( 1505): label top:23
D/StatusBar-QSPanel( 1505): onLayout left:824 top:975 record.row:3
D/QSpanel ( 1505): label top:0
D/StatusBar-QSPanel( 1505): onLayout left:0 top:1296 record.row:4
I/InputReader( 1036): Touch event's action (MT) is 0x206 (deviceType=0) [pCnt=5, s=0.2160 1.2163 3.2166 4.2165 ] when=4768014472000
I/InputDispatcher( 1036): Delivering touch to (1802): action: 0x206, toolType: 1
I/InputDispatcher( 1036): Delivering touch to (1657): action: 0x206, toolType: 1
I/InputReader( 1036): Touch event's action (MT) is 0x106 (deviceType=0) [pCnt=4, s=0.2160 3.2166 4.2165 ] when=4768025746000
I/InputDispatcher( 1036): Delivering touch to (1802): action: 0x106, toolType: 1
I/InputDispatcher( 1036): Delivering touch to (1657): action: 0x106, toolType: 1
D/FactoryTest( 1036): User mode
D/Sensorhubs(  310): readContextData: 1, 1, 7, -1
D/SensorHubManager( 1036): onGetSensorHubDataLocked: library(4) = 1, 1, 7, -1
D/CAE     ( 1036): onGetSensorHubData(SensorHubParserProvider.java:87) - onGetSensorHubData Event [event buffer len :4], AP_WAKEUP
I/CAE     ( 1036): parse(SensorHubParserProvider.java:166) - buffer size = 4
I/CAE     ( 1036): parse(SensorHubParserProvider.java:177) - 1, 1, 7, -1,
D/CAE     ( 1036): display(ContextProvider.java:365) - ================= AUTO_ROTATION =================
I/CAE     ( 1036): display(ContextProvider.java:381) - Angle=[-1]
D/SContextService( 1036): updateSContext() : event = Auto Rotation
V/WindowOrientationListener( 1036): mSContextAutoRotationListener.onSContextChanged, Rotation: -1
I/InputReader( 1036): Touch event's action (MT) is 0x106 (deviceType=0) [pCnt=3, s=0.2160 4.2165 ] when=4768082626000
I/InputDispatcher( 1036): Delivering touch to (1657): action: 0x106, toolType: 1
I/InputDispatcher( 1036): Delivering touch to (1505): action: 0x6, toolType: 1
I/InputReader( 1036): Touch event's action (MT) is 0x6 (deviceType=0) [pCnt=2, s=4.2165 ] when=4768354263000
I/InputDispatcher( 1036): Delivering touch to (1802): action: 0x1, toolType: 1
I/InputDispatcher( 1036): Delivering touch to (1657): action: 0x6, toolType: 1
I/accs.SilenceConn_umeng:56aadbf567e58e38d4000976(12214):  0 getChannelHost:accscdn.m.taobao.com
D/awcn.LocalDnsStrategyTable(12214):  try resolve ip with local dns host:accscdn.m.taobao.com
D/getConnStrategyListByHost(12214): |[seq:host] accscdn.m.taobao.com:result [{140.205.195.50 80 http}, {140.205.195.50 443 https}]
I/accs.SilenceConn_umeng:56aadbf567e58e38d4000976(12214):  0 getChannelHost:accscdn.m.taobao.com
I/accs.SilenceConn_umeng:56aadbf567e58e38d4000976(12214):  0 get ip from amdc fail!!
E/accs.SilenceConn_umeng:56aadbf567e58e38d4000976(12214):  0 connect URL:https://accscdn.m.taobao.com:80/accs/
E/accs.SilenceConn_umeng:56aadbf567e58e38d4000976(12214):  0 connect normal
I/accs.SilenceConn_umeng:56aadbf567e58e38d4000976(12214):  0 getChannelHost:accscdn.m.taobao.com
D/EnterpriseController(  290): mIsMarkChainAdded is 0 mIsBlockChainAdded is 0 netId is 0
D/Netd    (  290): getNetworkForDns: using netid 511 for uid 10684
I/tnet-jni(12214): 1972 -  create new session: accscdn.m.taobao.com:80
E/accs.SilenceConn_umeng:56aadbf567e58e38d4000976(12214):  0 notifyStatus:CONNECTING
I/accs.SilenceConn_umeng:56aadbf567e58e38d4000976(12214):  0 notifyStatus:CONNECTING handled
I/tnet-jni(12214): 1965 - [spdySessionFailedError] - 
I/tnet-jni(12214): 1965 - [SpdySessionCallBack.spdySessionFailedError] - org.android.spdy.SpdySession@9ca2a30
D/tnet-jni(12214): 1965 - [SpdySession.cleanUp] - 
E/accs.SilenceConn_umeng:56aadbf567e58e38d4000976(12214):  0 spdySessionFailedError, retryTimes:2 errorId:-3530
E/accs.SilenceConn_umeng:56aadbf567e58e38d4000976(12214):  0 notifyStatus:DISCONNECTED
D/accs.OrangeAdapter(12214):  isSmartHb result:true
D/accs.HeartbeatManager(12214):  set 270
D/accs.HeartbeatManager(12214):  onNetworkFail
D/accs.SilenceConn_umeng:56aadbf567e58e38d4000976(12214):  try ping, force:false
D/accs.SilenceConn_umeng:56aadbf567e58e38d4000976(12214):  send message, PING delay:7036 dataId:70
I/accs.SilenceConn_umeng:56aadbf567e58e38d4000976(12214):  0 notifyStatus:DISCONNECTED handled
D/accs.UTMini(12214):  commitEvent fail java.lang.NoClassDefFoundError: Failed resolution of: Lcom/ut/mini/internal/UTOriginalCustomHitBuilder;
D/tnet-jni(12214): 1965 - [SpdySession.clearAllStreamCb] - 
D/tnet-jni(12214): 1965 - [SpdySession.cleanUp] - 
E/accs.NetworkThread_umeng:56aadbf567e58e38d4000976(12214):  0 try connect fail, ready for reconnect
E/accs.NetworkThread_umeng:56aadbf567e58e38d4000976(12214):  0 try connect, force = false failTimes = 3
I/accs.NetworkThread_umeng:56aadbf567e58e38d4000976(12214):  0 try connect, need sleep
D/InputReader( 1036): Input event: value=0
I/InputReader( 1036): Touch event's action is 0x1 (deviceType=0) [pCnt=1, s=] when=4769200630000
I/InputDispatcher( 1036): Delivering touch to (1657): action: 0x1, toolType: 1
I/InputDispatcher( 1036): Delivering touch to (1505): action: 0x1, toolType: 1
D/tv.peel.samsung.widget.NotiRemoteService( 8738): action com.peel.widget.notification.HIDE_UI
D/PhoneStatusBar( 1505): makeExpandedInvisible: mExpandedVisible=true mExpandedVisible=true
D/StatusBar-QSPanel( 1505): setSingleLine:true
D/StatusBar-QSPanel( 1505): updateButtonInfo mButtonWidth : 206 mColumns:5 orien: 1 displayWidth:1032
D/StatusBar-QSPanel( 1505): setSingleLine height:0
D/StatusBar( 1505): getNumberOfActiveSim:0
D/PhoneStatusBar( 1505): updateQSpanelHeight: 279 height:279
D/PanelView( 1505): flingSettings mQsMin:393 mQsMax:393 mQsEx:393.0mQsPeek:279
D/StatusBar( 1505): getNumberOfActiveSim:0
D/PanelView( 1505): There is/are notification(s) 
D/StatusBar-Window( 1505): fnf=true sanc=false, kni=false, sbf=false
D/CoverUI ( 1505): applyFocusableFlag() : Remove SAMSUNG_FLAG_SVIEW_COVER
D/SecContentProvider2( 1036): uri = 14 selection = getSealedState
D/SecContentProvider2( 1036): mCursor = null
D/PhoneStatusBar( 1505): disable: < expand icons alerts system_info back home recent clock search >
D/SecContentProvider2( 1036): uri = 14 selection = getSealedState
D/SecContentProvider2( 1036): mCursor = null
D/SecContentProvider2( 1036): uri = 14 selection = getSealedState
D/SecContentProvider2( 1036): mCursor = null
D/SecContentProvider2( 1036): uri = 14 selection = getSealedState
D/SecContentProvider2( 1036): mCursor = null
D/PointerIcon( 1036): setMouseIconStyle1 pointerType: 1001iconType:101 flag:0
D/PointerIcon( 1036): setMouseCustomIcon IconType is same.101
D/PointerIcon( 1036): setHoveringSpenIconStyle1 pointerType: 10001iconType:1 flag:0
D/PointerIcon( 1036): setHoveringSpenCustomIcon IconType is same.1
D/Launcher( 1802): Launcher::setSystemUiTransparency(): getSystemUiVisibility() after setting  = 8000
D/InputMethodManagerService( 1036): windowGainedFocus mCurrentFocusedUserId - 0 and mSecureKeypadEnabled-false
D/RippleInk_KeyguardEffect( 1505): onWindowFocusChanged hasWindowFocus = false
D/accs.SilenceConn_umeng:56aadbf567e58e38d4000976(12214):  clearRepeatControlCommand message:201/
D/Sensorhubs(  310): readContextData: 1, 1, 7, 0
D/SensorHubManager( 1036): onGetSensorHubDataLocked: library(4) = 1, 1, 7, 0
D/CAE     ( 1036): onGetSensorHubData(SensorHubParserProvider.java:87) - onGetSensorHubData Event [event buffer len :4], AP_WAKEUP
I/CAE     ( 1036): parse(SensorHubParserProvider.java:166) - buffer size = 4
I/CAE     ( 1036): parse(SensorHubParserProvider.java:177) - 1, 1, 7, 0,
D/CAE     ( 1036): display(ContextProvider.java:365) - ================= AUTO_ROTATION =================
I/CAE     ( 1036): display(ContextProvider.java:381) - Angle=[0]
D/SContextService( 1036): updateSContext() : event = Auto Rotation
V/WindowOrientationListener( 1036): mSContextAutoRotationListener.onSContextChanged, Rotation: 0
D/KeyguardUpdateMonitor( 1505): received broadcast android.intent.action.TIME_TICK
D/KeyguardUpdateMonitor( 1505): handleTimeUpdate
D/KeyguardEffectViewController( 1505): onReceive action : android.intent.action.TIME_TICK
I/KeyguardEffectViewController( 1505): *** don't update sliding image ***
D/DateView( 1505): regionalDateFormat = 3333/11/22 isRTLlanguage = false returnDateFormat = MMMM d日, E
D/DateView( 1505): regionalDateFormat = 3333/11/22 isRTLlanguage = false returnDateFormat = MMMM d日, E
D/StatusBar.MSimNetworkController( 1505): getNumberOfActiveSim:0
D/StatusBar.MSimNetworkController( 1505): getPhoneSignalIconList: mMaxLevelOfSignalStrengthIndicator = 4 inetCondition = 0
D/StatusBar.MSimNetworkController( 1505): updateTelephonySignalStrength: iconLevel=3
D/STATUSBAR-WifiQuickSettingButton( 1505): onWifiSignalChanged enabled=true enabledDesc:"ZZL-309"
D/cell strength( 1726): ===== cell singal strength changed : 9
W/MessageQueue( 3701): Handler (android.telephony.PhoneStateListener$2) {2562ad9f} sending message to a Handler on a dead thread
W/MessageQueue( 3701): java.lang.IllegalStateException: Handler (android.telephony.PhoneStateListener$2) {2562ad9f} sending message to a Handler on a dead thread
W/MessageQueue( 3701): 	at android.os.MessageQueue.enqueueMessage(MessageQueue.java:325)
W/MessageQueue( 3701): 	at android.os.Handler.enqueueMessage(Handler.java:631)
W/MessageQueue( 3701): 	at android.os.Handler.sendMessageAtTime(Handler.java:600)
W/MessageQueue( 3701): 	at android.os.Handler.sendMessageDelayed(Handler.java:570)
W/MessageQueue( 3701): 	at android.os.Handler.sendMessage(Handler.java:507)
W/MessageQueue( 3701): 	at android.os.Message.sendToTarget(Message.java:416)
W/MessageQueue( 3701): 	at android.telephony.PhoneStateListener$3.onSignalStrengthsChanged(PhoneStateListener.java:657)
W/MessageQueue( 3701): 	at com.android.internal.telephony.IPhoneStateListener$Stub.onTransact(IPhoneStateListener.java:133)
W/MessageQueue( 3701): 	at android.os.Binder.execTransact(Binder.java:446)
D/StatusBar.MSimNetworkController( 1505): applyCU
D/StatusBar.MSimNetworkController( 1505): applyCU
D/StatusBar.MSimNetworkController( 1505): applyCU
D/StatusBar.MSimNetworkController( 1505): applyCU
D/StatusBar.MSimNetworkController( 1505): getNumberOfActiveSim:0
D/StatusBar.MSimNetworkController( 1505): getNumberOfActiveSim:0
D/StatusBar.MSimNetworkController( 1505): getPhoneSignalIconList: mMaxLevelOfSignalStrengthIndicator = 4 inetCondition = 0
D/StatusBar.MSimNetworkController( 1505): updateTelephonySignalStrength: iconLevel=3
D/STATUSBAR-WifiQuickSettingButton( 1505): onWifiSignalChanged enabled=true enabledDesc:"ZZL-309"
D/StatusBar.MSimNetworkController( 1505): applyCU
D/StatusBar.MSimNetworkController( 1505): applyCU
D/StatusBar.MSimNetworkController( 1505): applyCU
D/StatusBar.MSimNetworkController( 1505): applyCU
D/StatusBar.MSimNetworkController( 1505): getNumberOfActiveSim:0
D/Sensorhubs(  310): readContextData: 1, 1, 7, 1
D/SensorHubManager( 1036): onGetSensorHubDataLocked: library(4) = 1, 1, 7, 1
D/CAE     ( 1036): onGetSensorHubData(SensorHubParserProvider.java:87) - onGetSensorHubData Event [event buffer len :4], AP_WAKEUP
I/CAE     ( 1036): parse(SensorHubParserProvider.java:166) - buffer size = 4
I/CAE     ( 1036): parse(SensorHubParserProvider.java:177) - 1, 1, 7, 1,
D/CAE     ( 1036): display(ContextProvider.java:365) - ================= AUTO_ROTATION =================
I/CAE     ( 1036): display(ContextProvider.java:381) - Angle=[1]
D/SContextService( 1036): updateSContext() : event = Auto Rotation
V/WindowOrientationListener( 1036): mSContextAutoRotationListener.onSContextChanged, Rotation: 1
V/WindowOrientationListener( 1036): mSContextAutoRotationListener.getProposedRotation, mbResultFaceDectection: false
V/WindowOrientationListener( 1036): mSContextAutoRotationListener.getProposedRotation, Rotation: 1
V/WindowOrientationListener( 1036): mSContextAutoRotationListener.getProposedRotation, mbResultFaceDectection: false
V/WindowOrientationListener( 1036): mSContextAutoRotationListener.getProposedRotation, Rotation: 1
D/Sensorhubs(  310): readContextData: 1, 1, 7, -1
D/SensorHubManager( 1036): onGetSensorHubDataLocked: library(4) = 1, 1, 7, -1
D/CAE     ( 1036): onGetSensorHubData(SensorHubParserProvider.java:87) - onGetSensorHubData Event [event buffer len :4], AP_WAKEUP
I/CAE     ( 1036): parse(SensorHubParserProvider.java:166) - buffer size = 4
I/CAE     ( 1036): parse(SensorHubParserProvider.java:177) - 1, 1, 7, -1,
D/CAE     ( 1036): display(ContextProvider.java:365) - ================= AUTO_ROTATION =================
I/CAE     ( 1036): display(ContextProvider.java:381) - Angle=[-1]
D/SContextService( 1036): updateSContext() : event = Auto Rotation
V/WindowOrientationListener( 1036): mSContextAutoRotationListener.onSContextChanged, Rotation: -1
D/STATUSBAR-WifiQuickSettingButton( 1505): onWifiSignalChanged enabled=true enabledDesc:"ZZL-309"
D/StatusBar.MSimNetworkController( 1505): applyCU
D/StatusBar.MSimNetworkController( 1505): applyCU
D/StatusBar.MSimNetworkController( 1505): applyCU
D/StatusBar.MSimNetworkController( 1505): applyCU
D/StatusBar.MSimNetworkController( 1505): getNumberOfActiveSim:0
D/Sensorhubs(  310): readContextData: 1, 1, 7, 1
D/SensorHubManager( 1036): onGetSensorHubDataLocked: library(4) = 1, 1, 7, 1
D/CAE     ( 1036): onGetSensorHubData(SensorHubParserProvider.java:87) - onGetSensorHubData Event [event buffer len :4], AP_WAKEUP
I/CAE     ( 1036): parse(SensorHubParserProvider.java:166) - buffer size = 4
I/CAE     ( 1036): parse(SensorHubParserProvider.java:177) - 1, 1, 7, 1,
D/CAE     ( 1036): display(ContextProvider.java:365) - ================= AUTO_ROTATION =================
I/CAE     ( 1036): display(ContextProvider.java:381) - Angle=[1]
D/SContextService( 1036): updateSContext() : event = Auto Rotation
V/WindowOrientationListener( 1036): mSContextAutoRotationListener.onSContextChanged, Rotation: 1
V/WindowOrientationListener( 1036): mSContextAutoRotationListener.getProposedRotation, mbResultFaceDectection: false
V/WindowOrientationListener( 1036): mSContextAutoRotationListener.getProposedRotation, Rotation: 1
V/WindowOrientationListener( 1036): mSContextAutoRotationListener.getProposedRotation, mbResultFaceDectection: false
V/WindowOrientationListener( 1036): mSContextAutoRotationListener.getProposedRotation, Rotation: 1
I/Sensors ( 1036): StepCounterSensor - 971
I/Sensors ( 1036): StepCounterSensor - 972
D/STATUSBAR-WifiQuickSettingButton( 1505): onWifiSignalChanged enabled=true enabledDesc:"ZZL-309"
D/StatusBar.MSimNetworkController( 1505): applyCU
D/StatusBar.MSimNetworkController( 1505): applyCU
D/StatusBar.MSimNetworkController( 1505): applyCU
D/StatusBar.MSimNetworkController( 1505): applyCU
D/StatusBar.MSimNetworkController( 1505): getNumberOfActiveSim:0
I/accs.SilenceConn_umeng:56aadbf567e58e38d4000976(12214):  0 getChannelHost:accscdn.m.taobao.com
I/awcn.StrategyCenter(12214):  force refresh strategy host:accscdn.m.taobao.com
I/awcn.HttpDispatcher(12214):  sendAmdcRequest hosts:[accscdn.m.taobao.com]
I/awcn.AmdcThreadPoolExecutor(12214):  merge amdc request delay:3000
I/awcn.AmdcThreadPoolExecutor(12214):  thread created! name:AMDC12
I/accs.SilenceConn_umeng:56aadbf567e58e38d4000976(12214):  0 getChannelHost:accscdn.m.taobao.com
D/awcn.LocalDnsStrategyTable(12214):  try resolve ip with local dns host:accscdn.m.taobao.com
D/getConnStrategyListByHost(12214): |[seq:host] accscdn.m.taobao.com:result [{140.205.195.50 80 http}, {140.205.195.50 443 https}]
I/accs.SilenceConn_umeng:56aadbf567e58e38d4000976(12214):  0 getChannelHost:accscdn.m.taobao.com
I/accs.SilenceConn_umeng:56aadbf567e58e38d4000976(12214):  0 get ip from amdc fail!!
E/accs.SilenceConn_umeng:56aadbf567e58e38d4000976(12214):  0 connect URL:https://accscdn.m.taobao.com:80/accs/
E/accs.SilenceConn_umeng:56aadbf567e58e38d4000976(12214):  0 connect normal
I/accs.SilenceConn_umeng:56aadbf567e58e38d4000976(12214):  0 getChannelHost:accscdn.m.taobao.com
D/EnterpriseController(  290): mIsMarkChainAdded is 0 mIsBlockChainAdded is 0 netId is 0
D/Netd    (  290): getNetworkForDns: using netid 511 for uid 10684
I/tnet-jni(12214): 1972 -  create new session: accscdn.m.taobao.com:80
E/accs.SilenceConn_umeng:56aadbf567e58e38d4000976(12214):  0 notifyStatus:CONNECTING
I/accs.SilenceConn_umeng:56aadbf567e58e38d4000976(12214):  0 notifyStatus:CONNECTING handled
I/tnet-jni(12214): 1965 - [spdySessionFailedError] - 
I/tnet-jni(12214): 1965 - [SpdySessionCallBack.spdySessionFailedError] - org.android.spdy.SpdySession@788442e
D/tnet-jni(12214): 1965 - [SpdySession.cleanUp] - 
E/accs.SilenceConn_umeng:56aadbf567e58e38d4000976(12214):  0 spdySessionFailedError, retryTimes:3 errorId:-3530
E/accs.SilenceConn_umeng:56aadbf567e58e38d4000976(12214):  0 notifyStatus:DISCONNECTED
D/accs.OrangeAdapter(12214):  isSmartHb result:true
D/accs.HeartbeatManager(12214):  set 270
D/accs.HeartbeatManager(12214):  onNetworkFail
E/accs.NetworkThread_umeng:56aadbf567e58e38d4000976(12214):  0 try connect fail, ready for reconnect
D/accs.SilenceConn_umeng:56aadbf567e58e38d4000976(12214):  try ping, force:false
D/accs.SilenceConn_umeng:56aadbf567e58e38d4000976(12214):  send message, PING delay:7086 dataId:71
I/accs.SilenceConn_umeng:56aadbf567e58e38d4000976(12214):  0 notifyStatus:DISCONNECTED handled
E/accs.NetworkThread_umeng:56aadbf567e58e38d4000976(12214):  0 try connect, force = false failTimes = 4
E/accs.NetworkThread_umeng:56aadbf567e58e38d4000976(12214):  0 try connect fail 4 times
D/accs.OrangeAdapter(12214):  isSmartHb result:true
D/accs.HeartbeatManager(12214):  set 270
D/accs.UTMini(12214):  commitEvent fail java.lang.NoClassDefFoundError: Failed resolution of: Lcom/ut/mini/internal/UTOriginalCustomHitBuilder;
D/tnet-jni(12214): 1965 - [SpdySession.clearAllStreamCb] - 
D/tnet-jni(12214): 1965 - [SpdySession.cleanUp] - 
E/accs.SilenceConn_umeng:56aadbf567e58e38d4000976(12214):  0 force close!
D/tnet-jni(12214): 1972 - [SpdySession.closeSession] - 
E/accs.SilenceConn_umeng:56aadbf567e58e38d4000976(12214):  0 notifyStatus:DISCONNECTED
I/accs.SilenceConn_umeng:56aadbf567e58e38d4000976(12214):  0 ignore notifyStatus
D/accs.MsgRecv_umeng:56aadbf567e58e38d4000976(12214):  onError, skip ping/ack
E/accs.NetworkThread_umeng:56aadbf567e58e38d4000976(12214):  0 network disconnected, wait
D/cell strength( 1726): ===== cell singal strength changed : 9
W/MessageQueue( 3701): Handler (android.telephony.PhoneStateListener$2) {2562ad9f} sending message to a Handler on a dead thread
W/MessageQueue( 3701): java.lang.IllegalStateException: Handler (android.telephony.PhoneStateListener$2) {2562ad9f} sending message to a Handler on a dead thread
W/MessageQueue( 3701): 	at android.os.MessageQueue.enqueueMessage(MessageQueue.java:325)
W/MessageQueue( 3701): 	at android.os.Handler.enqueueMessage(Handler.java:631)
W/MessageQueue( 3701): 	at android.os.Handler.sendMessageAtTime(Handler.java:600)
W/MessageQueue( 3701): 	at android.os.Handler.sendMessageDelayed(Handler.java:570)
W/MessageQueue( 3701): 	at android.os.Handler.sendMessage(Handler.java:507)
W/MessageQueue( 3701): 	at android.os.Message.sendToTarget(Message.java:416)
W/MessageQueue( 3701): 	at android.telephony.PhoneStateListener$3.onSignalStrengthsChanged(PhoneStateListener.java:657)
W/MessageQueue( 3701): 	at com.android.internal.telephony.IPhoneStateListener$Stub.onTransact(IPhoneStateListener.java:133)
W/MessageQueue( 3701): 	at android.os.Binder.execTransact(Binder.java:446)
D/StatusBar.MSimNetworkController( 1505): getNumberOfActiveSim:0
D/StatusBar.MSimNetworkController( 1505): getPhoneSignalIconList: mMaxLevelOfSignalStrengthIndicator = 4 inetCondition = 0
D/StatusBar.MSimNetworkController( 1505): updateTelephonySignalStrength: iconLevel=3
D/STATUSBAR-WifiQuickSettingButton( 1505): onWifiSignalChanged enabled=true enabledDesc:"ZZL-309"
D/StatusBar.MSimNetworkController( 1505): applyCU
D/StatusBar.MSimNetworkController( 1505): applyCU
D/StatusBar.MSimNetworkController( 1505): applyCU
D/StatusBar.MSimNetworkController( 1505): applyCU
D/StatusBar.MSimNetworkController( 1505): getNumberOfActiveSim:0
D/StatusBar.MSimNetworkController( 1505): getNumberOfActiveSim:0
D/StatusBar.MSimNetworkController( 1505): getPhoneSignalIconList: mMaxLevelOfSignalStrengthIndicator = 4 inetCondition = 0
D/StatusBar.MSimNetworkController( 1505): updateTelephonySignalStrength: iconLevel=3
D/STATUSBAR-WifiQuickSettingButton( 1505): onWifiSignalChanged enabled=true enabledDesc:"ZZL-309"
D/StatusBar.MSimNetworkController( 1505): applyCU
D/StatusBar.MSimNetworkController( 1505): applyCU
D/StatusBar.MSimNetworkController( 1505): applyCU
D/StatusBar.MSimNetworkController( 1505): applyCU
D/StatusBar.MSimNetworkController( 1505): getNumberOfActiveSim:0
D/SecContentProvider2( 1036): uri = 14 selection = getSealedState
D/SecContentProvider2( 1036): mCursor = null
D/ApplicationPolicy( 1036): isStatusBarNotificationAllowedAsUser: packageName = com.tencent.android.qqdownloader,userId = 0
V/ApplicationPolicy( 1036): isApplicationStateBlocked userId 0 pkgname com.tencent.android.qqdownloader
D/StatusBar( 1505): ----- contentsUnchanged : true, bigContentsUnchanged - true, headsUpContentsUnchanged - true , publicUnchanged true
D/PersonaManager( 1505): isKioskContainerExistOnDevice
D/PersonaManager( 1505): isKioskContainerExistOnDevice
D/StatusBar( 1505): getNumberOfActiveSim:0
D/PanelView( 1505): There is/are notification(s) 
D/PanelView( 1505): There is/are notification(s) 
D/PersonaManager( 1505): isKioskContainerExistOnDevice
D/StatusBar( 1505): getNumberOfActiveSim:0
D/PanelView( 1505): There is/are notification(s) 
D/STATUSBAR-WifiQuickSettingButton( 1505): onWifiSignalChanged enabled=true enabledDesc:"ZZL-309"
D/StatusBar.MSimNetworkController( 1505): applyCU
D/StatusBar.MSimNetworkController( 1505): applyCU
D/StatusBar.MSimNetworkController( 1505): applyCU
D/StatusBar.MSimNetworkController( 1505): applyCU
D/StatusBar.MSimNetworkController( 1505): getNumberOfActiveSim:0
D/accs.NetworkThread_umeng:56aadbf567e58e38d4000976(12214):  ready to get message
D/accs.NetworkThread_umeng:56aadbf567e58e38d4000976(12214):  try get message
D/accs.NetworkThread_umeng:56aadbf567e58e38d4000976(12214):  send message not null
I/accs.NetworkThread_umeng:56aadbf567e58e38d4000976(12214):  0 send:PING status:3
D/accs.OrangeAdapter(12214):  isSmartHb result:true
E/accs.NetworkThread_umeng:56aadbf567e58e38d4000976(12214):  0 try connect, force = false failTimes = 4
E/accs.NetworkThread_umeng:56aadbf567e58e38d4000976(12214):  0 try connect fail 4 times
D/accs.OrangeAdapter(12214):  isSmartHb result:true
D/accs.HeartbeatManager(12214):  set 270
D/accs.NetworkThread_umeng:56aadbf567e58e38d4000976(12214):  send succ, remove it
D/accs.NetworkThread_umeng:56aadbf567e58e38d4000976(12214):  ready to get message
D/accs.NetworkThread_umeng:56aadbf567e58e38d4000976(12214):  no message, wait
I/System.out( 1036): (HTTPLog)-Static: isSBSettingEnabled false
I/System.out( 1036): KnoxVpnUidStorageknoxVpnSupported API value returned is false
E/awcn.DispatchCore(12214):  amdc request's parameter invalid!
D/STATUSBAR-WifiQuickSettingButton( 1505): onWifiSignalChanged enabled=true enabledDesc:"ZZL-309"
D/StatusBar.MSimNetworkController( 1505): applyCU
D/StatusBar.MSimNetworkController( 1505): applyCU
D/StatusBar.MSimNetworkController( 1505): applyCU
D/StatusBar.MSimNetworkController( 1505): applyCU
D/StatusBar.MSimNetworkController( 1505): getNumberOfActiveSim:0
D/STATUSBAR-WifiQuickSettingButton( 1505): onWifiSignalChanged enabled=true enabledDesc:"ZZL-309"
D/StatusBar.MSimNetworkController( 1505): applyCU
D/StatusBar.MSimNetworkController( 1505): applyCU
D/StatusBar.MSimNetworkController( 1505): applyCU
D/StatusBar.MSimNetworkController( 1505): applyCU
D/StatusBar.MSimNetworkController( 1505): getNumberOfActiveSim:0
D/accs.NetworkThread_umeng:56aadbf567e58e38d4000976(12214):  try get message
D/accs.NetworkThread_umeng:56aadbf567e58e38d4000976(12214):  send message not null
I/accs.NetworkThread_umeng:56aadbf567e58e38d4000976(12214):  0 send:PING status:3
D/accs.OrangeAdapter(12214):  isSmartHb result:true
E/accs.NetworkThread_umeng:56aadbf567e58e38d4000976(12214):  0 try connect, force = false failTimes = 4
E/accs.NetworkThread_umeng:56aadbf567e58e38d4000976(12214):  0 try connect fail 4 times
D/accs.OrangeAdapter(12214):  isSmartHb result:true
D/accs.HeartbeatManager(12214):  set 270
D/accs.NetworkThread_umeng:56aadbf567e58e38d4000976(12214):  send succ, remove it
D/accs.NetworkThread_umeng:56aadbf567e58e38d4000976(12214):  ready to get message
D/accs.NetworkThread_umeng:56aadbf567e58e38d4000976(12214):  no message, wait
D/STATUSBAR-WifiQuickSettingButton( 1505): onWifiSignalChanged enabled=true enabledDesc:"ZZL-309"
D/StatusBar.MSimNetworkController( 1505): applyCU
D/StatusBar.MSimNetworkController( 1505): applyCU
D/StatusBar.MSimNetworkController( 1505): applyCU
D/StatusBar.MSimNetworkController( 1505): applyCU
D/StatusBar.MSimNetworkController( 1505): getNumberOfActiveSim:0
D/STATUSBAR-WifiQuickSettingButton( 1505): onWifiSignalChanged enabled=true enabledDesc:"ZZL-309"
D/StatusBar.MSimNetworkController( 1505): applyCU
D/StatusBar.MSimNetworkController( 1505): applyCU
D/StatusBar.MSimNetworkController( 1505): applyCU
D/StatusBar.MSimNetworkController( 1505): applyCU
D/StatusBar.MSimNetworkController( 1505): getNumberOfActiveSim:0
D/EnterpriseController(  290): mIsMarkChainAdded is 0 mIsBlockChainAdded is 0 netId is 0
D/Netd    (  290): getNetworkForDns: using netid 511 for uid 10192
D/cell strength( 1726): ===== cell singal strength changed : 12
W/MessageQueue( 3701): Handler (android.telephony.PhoneStateListener$2) {2562ad9f} sending message to a Handler on a dead thread
W/MessageQueue( 3701): java.lang.IllegalStateException: Handler (android.telephony.PhoneStateListener$2) {2562ad9f} sending message to a Handler on a dead thread
W/MessageQueue( 3701): 	at android.os.MessageQueue.enqueueMessage(MessageQueue.java:325)
W/MessageQueue( 3701): 	at android.os.Handler.enqueueMessage(Handler.java:631)
W/MessageQueue( 3701): 	at android.os.Handler.sendMessageAtTime(Handler.java:600)
W/MessageQueue( 3701): 	at android.os.Handler.sendMessageDelayed(Handler.java:570)
W/MessageQueue( 3701): 	at android.os.Handler.sendMessage(Handler.java:507)
W/MessageQueue( 3701): 	at android.os.Message.sendToTarget(Message.java:416)
W/MessageQueue( 3701): 	at android.telephony.PhoneStateListener$3.onSignalStrengthsChanged(PhoneStateListener.java:657)
W/MessageQueue( 3701): 	at com.android.internal.telephony.IPhoneStateListener$Stub.onTransact(IPhoneStateListener.java:133)
W/MessageQueue( 3701): 	at android.os.Binder.execTransact(Binder.java:446)
D/StatusBar.MSimNetworkController( 1505): getNumberOfActiveSim:0
D/StatusBar.MSimNetworkController( 1505): getPhoneSignalIconList: mMaxLevelOfSignalStrengthIndicator = 4 inetCondition = 0
D/StatusBar.MSimNetworkController( 1505): updateTelephonySignalStrength: iconLevel=3
D/STATUSBAR-WifiQuickSettingButton( 1505): onWifiSignalChanged enabled=true enabledDesc:"ZZL-309"
D/StatusBar.MSimNetworkController( 1505): applyCU
D/StatusBar.MSimNetworkController( 1505): applyCU
D/StatusBar.MSimNetworkController( 1505): applyCU
D/StatusBar.MSimNetworkController( 1505): applyCU
D/StatusBar.MSimNetworkController( 1505): getNumberOfActiveSim:0
D/StatusBar.MSimNetworkController( 1505): getNumberOfActiveSim:0
D/StatusBar.MSimNetworkController( 1505): getPhoneSignalIconList: mMaxLevelOfSignalStrengthIndicator = 4 inetCondition = 0
D/StatusBar.MSimNetworkController( 1505): updateTelephonySignalStrength: iconLevel=3
D/STATUSBAR-WifiQuickSettingButton( 1505): onWifiSignalChanged enabled=true enabledDesc:"ZZL-309"
D/StatusBar.MSimNetworkController( 1505): applyCU
D/StatusBar.MSimNetworkController( 1505): applyCU
D/StatusBar.MSimNetworkController( 1505): applyCU
D/StatusBar.MSimNetworkController( 1505): applyCU
D/StatusBar.MSimNetworkController( 1505): getNumberOfActiveSim:0
D/STATUSBAR-WifiQuickSettingButton( 1505): onWifiSignalChanged enabled=true enabledDesc:"ZZL-309"
D/StatusBar.MSimNetworkController( 1505): applyCU
D/StatusBar.MSimNetworkController( 1505): applyCU
D/StatusBar.MSimNetworkController( 1505): applyCU
D/StatusBar.MSimNetworkController( 1505): applyCU
D/StatusBar.MSimNetworkController( 1505): getNumberOfActiveSim:0
I/System.out( 1036): (HTTPLog)-Static: isSBSettingEnabled false
I/System.out( 1036): KnoxVpnUidStorageknoxVpnSupported API value returned is false
D/STATUSBAR-WifiQuickSettingButton( 1505): onWifiSignalChanged enabled=true enabledDesc:"ZZL-309"
D/StatusBar.MSimNetworkController( 1505): applyCU
D/StatusBar.MSimNetworkController( 1505): applyCU
D/StatusBar.MSimNetworkController( 1505): applyCU
D/StatusBar.MSimNetworkController( 1505): applyCU
D/StatusBar.MSimNetworkController( 1505): getNumberOfActiveSim:0
