D/FileCheckUtils( 8610): st.getAvailableBlocks()=1315728,st.getAvailableBlocks() * blockSize=5389221888
D/accs.DBHelper( 8610):  resotre traffics from db bid:1000 serviceid:accsSelf host:https://umengacs.m.taobao.com size:1416
D/accs.DBHelper( 8610):  resotre traffics from db bid:515 serviceid:agooSend host:https://umengacs.m.taobao.com size:5682
D/accs.TrafficsMonitor( 8610):  addTrafficInfo count:0 date:2017-12-04 bizId:1000 serviceId:accsSelf host:https://umengacs.m.taobao.com isBackground:true size:1416
D/accs.TrafficsMonitor( 8610):  addTrafficInfo count:1 date:2017-12-04 bizId:515 serviceId:agooSend host:https://umengacs.m.taobao.com isBackground:true size:5682
I/art     ( 1036): Explicit concurrent mark sweep GC freed 146983(9MB) AllocSpace objects, 36(2MB) LOS objects, 22% free, 53MB/69MB, paused 2.005ms total 219.280ms
D/awcn.NetworkStatusMonitor( 8610):  [checkNetworkStatus]
I/awcn.NetworkStatusMonitor( 8610):  checkNetworkStatus info.isConnected:true info.isAvailable:true
I/awcn.NetworkStatusMonitor( 8610):  Network Status Change NONE ===>>> WIFI
I/awcn.StrategyCenter( 8610):  StrategyCenter initialize finished.
W/awcn.DefaultAppMonitor( 8610):  no appmonitor sdk
D/awcn.SessionCenter( 8610):  init start
I/accs.InAppConnection( 8610):  init awcn success
I/awcn.SessionCenter( 8610):  setDataReceiveCb AccsFrameCb:com.taobao.accs.net.i@257761a6
I/awcn.SessionCenter( 8610):  sessions:0
I/awcn.SessionCenter( 8610):  sessions:0
I/awcn.SessionCenter( 8610):  sessions:0
I/awcn.SessionCenter( 8610):  sessions:0
W/accs.OrangeAdapter( 8610):  no orange sdk
I/accs.OrangeAdapter( 8610):  isTnetLogOff result:false
W/ContextImpl( 8610): Failed to ensure directory: /storage/extSdCard/Android/data/com.supercleaner/files/tnetlogs
D/accs.UtilityImpl( 8610):  getTnetLogFilePath :/storage/emulated/0/Android/data/com.supercleaner/files/tnetlogs
D/accs.InAppConnection( 8610):  config tnet log path:/storage/emulated/0/Android/data/com.supercleaner/files/tnetlogs/inapp
I/awcn.SessionCenter( 8610):  setDataReceiveCb AccsFrameCb:com.taobao.accs.net.i@257761a6
I/awcn.SessionCenter( 8610):  sessions:0
I/awcn.SessionCenter( 8610):  sessions:0
I/awcn.SessionCenter( 8610):  sessions:0
I/awcn.SessionCenter( 8610):  sessions:0
D/accs.InAppConnection( 8610):  1 start
I/accs.ClientManager( 8610):  restoreClients mBindStatus restore={com.pp.assistant=4, com.supercleaner=2}
I/accs.ClientManager( 8610):  isAppBinded begin..appStatus=2,mBindStatus={com.pp.assistant=4, com.supercleaner=2}
I/accs.ACCSManagerImpl( 8610):  com.supercleaner isAppBinded
D/accs.MessageHandler( 8610):  onResult command:1 erorcode:200
D/accs.MessageHandler( 8610):  prepare send broadcast
D/accs.MsgDistribute( 8610):  action:com.taobao.accs.intent.action.RECEIVE
I/accs.MsgDistribute( 8610):  command:1 serviceId:null dataId:null
I/accs.TaobaoRegister( 8610):  onBindApp errorCode:200
I/art     ( 8610): Rejecting re-init on previously-failed class java.lang.Class<com.taobao.accs.utl.i>
I/art     ( 8610): Rejecting re-init on previously-failed class java.lang.Class<com.taobao.accs.utl.i>
D/accs.accs.BindAppStatistic( 8610):  eventId=66001;arg1=V0vgk5fCc0gDALWkwwZeEwDv;arg2=null;arg3=212;args={push_token=, fail_reasons=null, device_id=V0vgk5fCc0gDALWkwwZeEwDv, ret=y, bind_date=1512374526465}
D/accs.UTMini( 8610):  commitEvent fail java.lang.NoClassDefFoundError: Failed resolution of: Lcom/ut/mini/internal/UTOriginalCustomHitBuilder;
I/art     ( 8610): Rejecting re-init on previously-failed class java.lang.Class<com.taobao.accs.utl.h$a>
W/accs.ACCSManagerImpl( 8610):  no orange sdk
D/com.umeng.fb.push.FeedbackPush( 8610): service not found: com.umeng.message.UmengService
I/accs.ClientManager( 8610):  restoreAgooClients mAgooBindStatus restore = {com.supercleaner=2}
I/accs.ClientManager( 8610):  isAgooRegistered begin..appStatus=2,mAgooBindStatus={com.supercleaner=2}
I/accs.TaobaoRegister( 8610):  agoo aready Registered return 
I/push    ( 8610): tag v:true
I/accs.Config( 8610):  getDeviceToken token:AlDMfc3x6lnHUcQg1GKXXpCVEx0BTGgjO7CjHRRscX76
I/com.umeng.message.PushAgent( 8610): register-->onSuccess:AlDMfc3x6lnHUcQg1GKXXpCVEx0BTGgjO7CjHRRscX76
I/accs.MsgDistribute( 8610):  start election by bindapp....
I/Core Utils( 8610): main:com.plusive.K - API valid
I/accs.MsgDistribute( 8610):  distribMessage serviceId is null!! command:1
D/accs.BaseService( 8567):  onCreate
I/accs.ElectionServiceImpl( 8567):  onCreate, sdkv:212
I/accs.ClientManager( 8567):  restoreClients mBindStatus restore={com.pp.assistant=4, com.supercleaner=2}
D/FileCheckUtils( 8567): st.getAvailableBlocks()=1315727,st.getAvailableBlocks() * blockSize=5389217792
D/accs.DBHelper( 8567):  resotre traffics from db bid:1000 serviceid:accsSelf host:https://umengacs.m.taobao.com size:1416
D/accs.DBHelper( 8567):  resotre traffics from db bid:515 serviceid:agooSend host:https://umengacs.m.taobao.com size:5682
D/accs.TrafficsMonitor( 8567):  addTrafficInfo count:0 date:2017-12-04 bizId:1000 serviceId:accsSelf host:https://umengacs.m.taobao.com isBackground:true size:1416
D/accs.TrafficsMonitor( 8567):  addTrafficInfo count:1 date:2017-12-04 bizId:515 serviceId:agooSend host:https://umengacs.m.taobao.com isBackground:true size:5682
D/accs.com.taobao.accs.b.a( 8567):  pid path:/data/data/com.supercleaner/files/agoo.pid
D/com.taobao.accs.b.a( 8567): start handler init
D/accs.AdapterUtilityImpl( 8567):  getAppkey APPKEY:umeng:53fd7e4cfd98c55a9901576a
D/com.taobao.accs.b.a( 8567): start SoManager
I/accs.ServiceImpl( 8567):  ServiceImpl onCreate ClassLoader:dalvik.system.PathClassLoader[DexPathList[[zip file "/data/app/com.supercleaner-1/base.apk"],nativeLibraryDirectories=[/data/app/com.supercleaner-1/lib/arm, /vendor/lib, /system/lib]]] sdkv:212 procStart:0
D/accs.com.taobao.accs.b.a( 8567):  api level is:21
I/accs.ElectionServiceImpl( 8567):  onStartCommand begin action:com.taobao.accs.intent.action.OPENELECTION
I/accs.ElectionServiceImpl( 8567):  operate is receive operate:TRY_ELECTION
I/accs.ElectionServiceUtil( 8567):  path=/storage/emulated/0/Download/accs/OPEN/1
W/accs.com.taobao.accs.b.a( 8567):  time is daytime, wakeup cpu for keeping connecntion
D/accs.ServiceImpl( 8567):  ippConnection [bind]
I/accs.ElectionServiceUtil( 8567):  getElectionResult host:com.supercleaner retry:0
I/accs.ElectionServiceImpl( 8567):  tryElection begin isFirstStart:false currentPack:com.supercleaner currentElectionPack:com.supercleaner
I/accs.ElectionServiceImpl( 8567):  curr is host, no need election
I/accs.ServiceImpl( 8567):  startConnect
D/accs.AdapterUtilityImpl( 8567):  getAppkey APPKEY:umeng:53fd7e4cfd98c55a9901576a
I/awcn.GlobalAppRuntimeInfo( 8567):  setAppSecret secret:ba13da2c8d26d64e93ac0fb2ab65d1d4
I/awcn.StrategyCenter( 8567):  StrategyCenter initialize started.
I/art     ( 8567): Rejecting re-init on previously-failed class java.lang.Class<com.taobao.accs.utl.i>
I/art     ( 8567): Rejecting re-init on previously-failed class java.lang.Class<com.taobao.accs.utl.i>
D/accs.UTMini( 8567):  commitEvent fail java.lang.NoClassDefFoundError: Failed resolution of: Lcom/ut/mini/internal/UTOriginalCustomHitBuilder;
D/accs.UtilityImpl( 8567):  getProxy:null:-1
D/accs.UTMini( 8567):  commitEvent fail java.lang.NoClassDefFoundError: Failed resolution of: Lcom/ut/mini/internal/UTOriginalCustomHitBuilder;
W/ContextImpl( 8567): Failed to ensure directory: /storage/extSdCard/Android/data/com.supercleaner/files
D/awcn.NetworkStatusMonitor( 8567):  [checkNetworkStatus]
I/awcn.NetworkStatusMonitor( 8567):  checkNetworkStatus info.isConnected:true info.isAvailable:true
W/GooglePlayServicesUtil( 8610): Google Play Store is missing.
D/accs.ServiceImpl( 8567):  getServiceAliveTime aliveTime:-1512367772097
I/awcn.NetworkStatusMonitor( 8567):  Network Status Change NONE ===>>> WIFI
D/accs.UtilityImpl( 8567):  setServiceTime:1512374526625
D/JobProxy14( 8610): Scheduled alarm, request{id=2, tag=JOB_TAG_INITIALIZE}, delay 00:00:10, exact true, reschedule count 0
I/awcn.NetworkStatusHelper( 8567):  
I/awcn.NetworkStatusHelper( 8567): 
I/awcn.NetworkStatusHelper( 8567): Network detail***********************
I/awcn.NetworkStatusHelper( 8567): status: WIFI
I/awcn.NetworkStatusHelper( 8567):  BSSID: ec:26:ca:3c:19:e2
I/awcn.NetworkStatusHelper( 8567):  SSID: "ZZL-309"
I/awcn.NetworkStatusHelper( 8567): ******************************************
D/OTTO    ( 8610): register AdService
I/awcn.StrategyCenter( 8567):  StrategyCenter initialize finished.
W/awcn.DefaultAppMonitor( 8567):  no appmonitor sdk
D/awcn.SessionCenter( 8567):  init start
I/accs.SpdyConnection( 8567):  init awcn success
D/JobRescheduleService( 8610): Reschedule service started
I/accs.LoadSoFailUtil( 8567):  getSoFailTimes times:0
I/tnet-jni( 8567): 1 - [setAccsSslCallback] - class com.taobao.accs.net.o
I/accs.OrangeAdapter( 8567):  isTnetLogOff result:false
D/accs.SpdyConnection( 8567):  into--[setTnetLogPath]
W/ContextImpl( 8567): Failed to ensure directory: /storage/extSdCard/Android/data/com.supercleaner/files/tnetlogs
D/accs.UtilityImpl( 8567):  getTnetLogFilePath :/storage/emulated/0/Android/data/com.supercleaner/files/tnetlogs
D/accs.SpdyConnection( 8567):  config tnet log path:/storage/emulated/0/Android/data/com.supercleaner/files/tnetlogs/service
I/accs.SpdyConnection( 8567):  0 start thread
D/accs.SpdyConnection( 8567):  try ping, force:false
D/accs.SpdyConnection( 8567):  send message, PING delay:0 dataId:2
I/accs.NetworkThread( 8567):  0 NetworkThread run
D/accs.NetworkThread( 8567):  ready to get message
D/accs.NetworkThread( 8567):  no message, wait
D/awcn.NetworkStatusMonitor( 8610):  receiver:android.net.conn.CONNECTIVITY_CHANGE
D/awcn.NetworkStatusMonitor( 8610):  [checkNetworkStatus]
I/awcn.NetworkStatusMonitor( 8610):  checkNetworkStatus info.isConnected:true info.isAvailable:true
I/accs.BaseIntentService( 8610):  onHandleIntent,action=org.agoo.android.intent.action.RECEIVE,agooCommand=com.supercleaner.intent.action.COMMAND,mipushCommand=com.supercleaner.intent.thirdPush.action.COMMAND
D/accs.SpdyConnection( 8567):  try ping, force:false
D/accs.NetworkThread( 8567):  try get message
D/accs.NetworkThread( 8567):  send message not null
I/accs.NetworkThread( 8567):  0 send:PING status:3
D/accs.SpdyConnection( 8567):  send message, PING delay:0 dataId:3
D/accs.OrangeAdapter( 8567):  isSmartHb result:true
D/accs.OrangeAdapter( 8567):  isSmartHb result:true
D/accs.SpdyConnection( 8567):  clearRepeatControlCommand message:201/
D/accs.NetworkThread( 8567):  ms:1512374526717 force:false
E/accs.NetworkThread( 8567):  0 try connect, force = true failTimes = 0
I/accs.NetworkThread( 8567):  0 try connect, need sleep
I/accs.BaseIntentService( 8610):  handleRemoteMessage message:97aqQfVTxTUUtaEYDEkxScNKDkIk2plBDuztnWANza4y93TtiVg89FA7F80kjMiUKKgioYE5cTNl
I/accs.BaseIntentService( 8610): 9GegxdgfsXFZdZTjDv9adW36TM4EvAv15788U9HnN-yPgD9Ax1NQ_p4kqlmukmOJtqaN3WdJaYFK
I/accs.BaseIntentService( 8610): WE82xTNyANEL9iAEgQ3_opGxhghnfjx1efk7akK4eugkBVmZWWVHQjt0vDszb85j1wUrZtBwCOZ6
I/accs.BaseIntentService( 8610): b2f62R_2F1VtHg_qsOvXcgRjBd1nntyf8wR9i4FCr7hvRNNgcNaJeK8UvbD2VTO30xs7TPsAiap_
I/accs.BaseIntentService( 8610): A8Phji4i8h2p-rk-MSbnlo7uPSsqbQfKWNoOCE6dqc8pE_absKPj2IEgO_1TPytIQELRAtG8aBvE
I/accs.BaseIntentService( 8610): xl50-vX3vTqQROT8v3Elc5LosngG-bWKgKJfo8dWQPhT0p-6AEWoWHsPAdvJtTaBu2qfU96VhXPr
I/accs.BaseIntentService( 8610): 6VIhvSiTtiG4WkFPtXvDdGyHStur655dm9A9zAlhZp32PxEW3jfAT5hrLOxEkFbF4ZCrv9TJCoKJ
I/accs.BaseIntentService( 8610): MSJjQkZVbtm6A_B1_ch5IR79rkil3U6AD56K-fRrrCDfRc7iMLmBIWai540BWMUMIQmA2LzkWgyz
I/accs.BaseIntentService( 8610): z4-i0KiDki00kkIdY-Tf2RCIFhPkJaCq source:accs msgId:f__-n-BkW5B3W1Ue&&20171204113941681lPR&&V0vgk5fCc0gDALWkwwZeEwDv&&01&& utdid:V0vgk5fCc0gDALWkwwZeEwDv fromPkg:oldsdk fromAppkey:
I/accs.BaseIntentService( 8610):  message is encrypted, attemp to decrypt msg
D/accs.AdapterUtilityImpl( 8610):  getAppkey APPKEY:umeng:53fd7e4cfd98c55a9901576a
D/accs.AdapterUtilityImpl( 8610):  getAppkey APPKEY:umeng:53fd7e4cfd98c55a9901576a
D/accs.AdapterUtilityImpl( 8610):  getAppkey APPKEY:umeng:53fd7e4cfd98c55a9901576a
D/accs.AdapterUtilityImpl( 8610):  getAppkey APPKEY:umeng:53fd7e4cfd98c55a9901576a
I/accs.SpdyConnection( 8610):  getChannelHost:umengjmacs.m.taobao.com
W/accs.ACCSManagerImpl( 8610):  response.host null, set channel host default
I/accs.SpdyConnection( 8610):  getChannelHost:umengjmacs.m.taobao.com
I/accs.ACCSManagerImpl( 8610):  sendPushResponse sendbyInapp:false host:https://umengjmacs.m.taobao.com pkg:com.taobao.taobao dataId:1
D/com.umeng.message.UmengMessageCallbackHandlerService( 8610): processName=com.supercleaner
D/com.umeng.message.UmengMessageCallbackHandlerService( 8610): enable(): register-->:AlDMfc3x6lnHUcQg1GKXXpCVEx0BTGgjO7CjHRRscX76,status:true
I/accs.ACCSManagerImpl( 8610):  sendPushResponse channel by app:com.taobao.taobao
D/awcn.NetworkStatusMonitor( 8567):  receiver:android.net.conn.CONNECTIVITY_CHANGE
D/awcn.NetworkStatusMonitor( 8567):  [checkNetworkStatus]
I/awcn.NetworkStatusMonitor( 8567):  checkNetworkStatus info.isConnected:true info.isAvailable:true
I/accs.NotifManager( 8610):  report,endRequest,dataId=null,status=4
W/Settings( 8610): Setting android_id has moved from android.provider.Settings.System to android.provider.Settings.Secure, returning read-only value.
D/KnoxNotification( 1505): ----- inflateViews : modified publicViewLocal -----
D/KnoxNotification( 1505): ----- inflateViews : modified KnoxViewLocal -----
I/accs.BaseIntentService( 8610):  handleMessage--->[{"msg_id":"us43044151237440031710","random_min":1,"display_type":"notification","body":{"title":"您有一个待拆的红包，价值200元","ticker":"您有一个待拆的红包，价值200元","text":"红包通知","url":"https://engine.lvehaisen.com/index/activity?appKey=3XF19oe1y1zoVshukiavBhBMJrbf&adslotId=3379","after_open":"go_url","play_vibrate":"true","play_sound":"true","play_lights":"true","img":"http://oss.message.umeng.com/9f1f2cdb2d416015d6da328990a8a66f.png"}}],[accs]
D/accs.MessageService( 8610):  add sqlite3--->[f__-n-BkW5B3W1Ue&&20171204113941681lPR&&V0vgk5fCc0gDALWkwwZeEwDv&&01&&]
I/accs.MessageService( 8610):  addMessage,messageId=f__-n-BkW5B3W1Ue&&20171204113941681lPR&&V0vgk5fCc0gDALWkwwZeEwDv&&01&&,messageStores＝{f__-n-BkW5B3W1Ue&&20171204113941681lPR&&V0vgk5fCc0gDALWkwwZeEwDv&&01&&=1053322243}
D/PersonaManager( 1505): PersonaID is invalid or persona doesn't exists. : 0
D/PersonaManager( 1505): isKioskContainerExistOnDevice
D/PersonaManager( 1505): isKioskContainerExistOnDevice
D/FileCheckUtils( 8610): st.getAvailableBlocks()=1315725,st.getAvailableBlocks() * blockSize=5389209600
D/StatusBar( 1505): getNumberOfActiveSim:0
D/PanelView( 1505): There is/are notification(s) 
D/PanelView( 1505): There is/are notification(s) 
D/PersonaManager( 1505): isKioskContainerExistOnDevice
W/Settings( 8610): Setting android_id has moved from android.provider.Settings.System to android.provider.Settings.Secure, returning read-only value.
D/StatusBar( 1505): getNumberOfActiveSim:0
D/PanelView( 1505): There is/are notification(s) 
D/StatusBar( 1505): ----- contentsUnchanged : true, bigContentsUnchanged - true, headsUpContentsUnchanged - true , publicUnchanged true
D/PersonaManager( 1505): isKioskContainerExistOnDevice
D/PersonaManager( 1505): isKioskContainerExistOnDevice
D/StatusBar( 1505): getNumberOfActiveSim:0
D/PanelView( 1505): There is/are notification(s) 
D/PanelView( 1505): There is/are notification(s) 
I/com.umeng.message.UmengBaseIntentService( 8610): App is launched by push message
D/com.umeng.message.UmengBaseIntentService( 8610): onMessage():[{"msg_id":"us43044151237440031710","random_min":1,"display_type":"notification","body":{"title":"您有一个待拆的红包，价值200元","ticker":"您有一个待拆的红包，价值200元","text":"红包通知","url":"https://engine.lvehaisen.com/index/activity?appKey=3XF19oe1y1zoVshukiavBhBMJrbf&adslotId=3379","after_open":"go_url","play_vibrate":"true","play_sound":"true","play_lights":"true","img":"http://oss.message.umeng.com/9f1f2cdb2d416015d6da328990a8a66f.png"}}]
D/PersonaManager( 1505): isKioskContainerExistOnDevice
D/StatusBar( 1505): getNumberOfActiveSim:0
D/PanelView( 1505): There is/are notification(s) 
D/PersonaManager( 1505): isKioskContainerExistOnDevice
D/PersonaManager( 1505): isKioskContainerExistOnDevice
D/StatusBar( 1505): getNumberOfActiveSim:0
D/PanelView( 1505): There is/are notification(s) 
D/PanelView( 1505): There is/are notification(s) 
D/com.umeng.message.UTrack( 8610): trackMsgLog(msgId=us43044151237440031710, actionType=0, random=60000, delay=281)
D/PersonaManager( 1505): isKioskContainerExistOnDevice
D/StatusBar( 1505): getNumberOfActiveSim:0
D/PanelView( 1505): There is/are notification(s) 
D/com.umeng.message.UmengMessageCallbackHandlerService( 8610): processName=com.supercleaner
D/com.umeng.message.UmengMessageCallbackHandlerService( 8610): messageHandler=com.umeng.message.UmengMessageHandler@3028cbfd
D/com.umeng.message.UmengMessageHandler( 8610): notify: {"msg_id":"us43044151237440031710","random_min":1,"display_type":"notification","body":{"title":"您有一个待拆的红包，价值200元","ticker":"您有一个待拆的红包，价值200元","text":"红包通知","url":"https:\/\/engine.lvehaisen.com\/index\/activity?appKey=3XF19oe1y1zoVshukiavBhBMJrbf&adslotId=3379","after_open":"go_url","play_vibrate":"true","play_sound":"true","play_lights":"true","img":"http:\/\/oss.message.umeng.com\/9f1f2cdb2d416015d6da328990a8a66f.png"}}
I/UmengDownloadResourceService( 8610): Start Download Resource
I/UmengDownloadResourceService( 8610): setAlarm
I/UmengDownloadResourceService( 8610): PendingIntent: msgId:us43044151237440031710,requestCode:-205070756,retryTime:2
I/System.out( 8610): (HTTPLog)-Static: isSBSettingEnabled false
D/EnterpriseController(  290): mIsMarkChainAdded is 0 mIsBlockChainAdded is 0 netId is 0
D/Netd    (  290): getNetworkForDns: using netid 511 for uid 10070
I/System.out( 8610): KnoxVpnUidStorageknoxVpnSupported API value returned is false
I/UmengDownloadResourceService( 8610): deleteAlarm
I/UmengDownloadResourceService( 8610): PendingIntent: msgId:us43044151237440031710,requestCode:-205070756,retryTime:2
I/UmengDownloadResourceService( 8610): Show Notification After Downloaded Resource
D/com.umeng.message.UmengMessageHandler( 8610): notify: {"msg_id":"us43044151237440031710","random_min":1,"display_type":"notification","body":{"title":"您有一个待拆的红包，价值200元","ticker":"您有一个待拆的红包，价值200元","text":"红包通知","url":"https:\/\/engine.lvehaisen.com\/index\/activity?appKey=3XF19oe1y1zoVshukiavBhBMJrbf&adslotId=3379","after_open":"go_url","play_vibrate":"true","play_sound":"true","play_lights":"true","img":"http:\/\/oss.message.umeng.com\/9f1f2cdb2d416015d6da328990a8a66f.png"}}
D/com.umeng.message.common.c( 8610): packageName=com.supercleaner
I/System.out( 8610): (HTTPLog)-Static: isSBSettingEnabled false
D/EnterpriseController(  290): mIsMarkChainAdded is 0 mIsBlockChainAdded is 0 netId is 0
D/Netd    (  290): getNetworkForDns: using netid 511 for uid 10070
I/System.out( 8610): KnoxVpnUidStorageknoxVpnSupported API value returned is false
E/com.umeng.message.common.c( 8610): getRes(com.supercleaner.R$drawable, umeng_push_notification_default_small_icon)
E/com.umeng.message.common.c( 8610): Error getting resource. Make sure you have copied all resources (res/) from SDK to your project. 
E/com.umeng.message.common.c( 8610): umeng_push_notification_default_small_icon
D/com.umeng.message.UmengMessageHandler( 8610): no custom notificaiton icon, fail back to app icon.
D/JUtrack ( 8610): sendRequest() url=https://msg.umengcloud.com/push_logs
D/JUtrack ( 8610):  request = {"header":{"appkey":"53fd7e4cfd98c55a9901576a","channel":"2096","device_model":"SM-N9002","os":"Android","os_version":"5.0","app_version":"2.9.3","version_code":"293","sdk_type":"Android","sdk_version":"3.0.3","access":"Wi-Fi","access_subtype":"Unknown","carrier":""},"utdid":"V0vgk5fCc0gDALWkwwZeEwDv","device_token":"AlDMfc3x6lnHUcQg1GKXXpCVEx0BTGgjO7CjHRRscX76","msg_id":"us43044151237440031710","action_type":0,"ts":1512374526851}
D/JUtrack ( 8610):  response = {"success":"ok","interval":0}
D/com.umeng.message.UmengMessageHandler( 8610): playVibrate:0
D/com.umeng.message.UmengMessageHandler( 8610): playLights:0
D/com.umeng.message.UmengMessageHandler( 8610): playSound:0
E/com.umeng.message.common.c( 8610): getRes(com.supercleaner.R$raw, umeng_push_notification_default_sound)
E/com.umeng.message.common.c( 8610): Error getting resource. Make sure you have copied all resources (res/) from SDK to your project. 
E/com.umeng.message.common.c( 8610): umeng_push_notification_default_sound
D/SecContentProvider2( 1036): uri = 14 selection = getSealedState
D/SecContentProvider2( 1036): mCursor = null
D/ApplicationPolicy( 1036): isStatusBarNotificationAllowedAsUser: packageName = com.supercleaner,userId = 0
V/ApplicationPolicy( 1036): isApplicationStateBlocked userId 0 pkgname com.supercleaner
D/ResourcesManager( 1637): creating new AssetManager and set to /data/app/com.supercleaner-1/base.apk
D/KnoxNotification( 1505): ----- inflateViews : modified publicViewLocal -----
D/KnoxNotification( 1505): ----- inflateViews : modified KnoxViewLocal -----
D/PersonaManager( 1505): PersonaID is invalid or persona doesn't exists. : 0
D/PersonaManager( 1505): isKioskContainerExistOnDevice
D/PersonaManager( 1505): isKioskContainerExistOnDevice
D/StatusBar( 1505): getNumberOfActiveSim:0
D/PanelView( 1505): There is/are notification(s) 
D/PanelView( 1505): There is/are notification(s) 
D/PersonaManager( 1505): isKioskContainerExistOnDevice
D/StatusBar( 1505): getNumberOfActiveSim:0
D/PanelView( 1505): There is/are notification(s) 
D/ResourcesManager( 8610): creating new AssetManager and set to /data/app/com.qihoo.appstore-2/base.apk
D/ResourcesManager( 8610): creating new AssetManager and set to /data/app/com.tencent.mobileqq-1/base.apk
D/ResourcesManager( 8610): creating new AssetManager and set to /data/app/com.ddm.fileexplorer-1/base.apk
D/ResourcesManager( 8610): creating new AssetManager and set to /data/app/xy.xinyi.vvlive.android-1/base.apk
D/ResourcesManager( 8610): creating new AssetManager and set to /data/app/com.shuame.sprite-1/base.apk
D/ResourcesManager( 8610): creating new AssetManager and set to /data/app/com.eg.android.AlipayGphone-1/base.apk
D/ResourcesManager( 8610): creating new AssetManager and set to /data/app/com.origintech.uexplorer-1/base.apk
D/ResourcesManager( 8610): creating new AssetManager and set to /data/app/com.mgyun.shua.protector-1/base.apk
D/ResourcesManager( 8610): creating new AssetManager and set to /data/app/com.mgyapp.android-1/base.apk
D/ResourcesManager( 8610): creating new AssetManager and set to /data/app/com.sohu.inputmethod.sogou-1/base.apk
D/ResourcesManager( 8610): creating new AssetManager and set to /data/app/com.tencent.tmgp.sgame-1/base.apk
D/ResourcesManager( 8610): creating new AssetManager and set to /data/app/com.zhiwang.rapidfinance-1/base.apk
D/ResourcesManager( 8610): creating new AssetManager and set to /data/app/com.tencent.android.qqdownloader-1/base.apk
I/System.out( 8610): (HTTPLog)-Static: isSBSettingEnabled false
I/accs.SpdyConnection( 8567):  0 getDefaultHost:umengjmacs.m.taobao.com
I/awcn.StrategyTable( 8567):  sendAmdcRequest hosts::[umengjmacs.m.taobao.com, amdc.m.taobao.com]
D/getConnStrategyListByHost( 8567): |[seq:host] umengjmacs.m.taobao.com:result [{140.205.163.94:{80 spdy_0rtt_acs N}}, {140.205.163.94:{443 spdy_0rtt_acs N}}]
I/accs.SpdyConnection( 8567):  0 getDefaultHost:umengjmacs.m.taobao.com
D/getConnStrategyListByHost( 8567): |[seq:host] umengjmacs.m.taobao.com:result [{140.205.163.94:{80 spdy_0rtt_acs N}}, {140.205.163.94:{443 spdy_0rtt_acs N}}]
E/accs.SpdyConnection( 8567):  0 connect strategys ip:140.205.163.94 port:80
E/accs.SpdyConnection( 8567):  0 connect strategys ip:140.205.163.94 port:443
E/accs.SpdyConnection( 8567):  0 get ip from amdc succ:140.205.163.94:80 originPos:0
E/accs.SpdyConnection( 8567):  0 connect URL:https://140.205.163.94:80/accs/
E/accs.SpdyConnection( 8567):  0 connect normal
I/accs.SpdyConnection( 8567):  0 getDefaultHost:umengjmacs.m.taobao.com
I/tnet-jni( 8567): 2268 -  create new session: 140.205.163.94:80
E/accs.SpdyConnection( 8567):  0 notifyStatus:CONNECTING
I/accs.SpdyConnection( 8567):  0 notifyStatus:CONNECTING handled
I/tnet-jni( 8567): 2267 - [SpdySessionCallBack.getSSLMeta] - org.android.spdy.SpdySession@211fb945
I/tnet-jni( 8567): 2267 - [spdySessionConnectCB] - 
I/tnet-jni( 8567): 2267 - [SpdySessionCallBack.spdySessionConnectCB] - org.android.spdy.SpdySession@211fb945
E/accs.SpdyConnection( 8567):  0 spdySessionConnectCB sessionConnectInterval:33 sslTime:12 reuse:0
D/accs.AdapterUtilityImpl( 8567):  getAppkey APPKEY:umeng:53fd7e4cfd98c55a9901576a
I/awcn.HMacUtil( 8567):  hmacSha1Hex result:c8309c5142fdad777ed111cc6827c1089349d84c12778112ebecc9a046af9fde
D/accs.AdapterUtilityImpl( 8567):  getAppkey APPKEY:umeng:53fd7e4cfd98c55a9901576a
E/accs.SpdyConnection( 8567):  0 auth URL:https://140.205.163.94:80/accs/auth?1=V0vgk5fCc0gDALWkwwZeEwDv&2=c8309c5142fdad777ed111cc6827c1089349d84c12778112ebecc9a046af9fde&3=umeng:53fd7e4cfd98c55a9901576a&5=0&6=wifi&7=null&8=212&9=1512374531823&10=1&11=21&12=com.supercleaner&13=2.9.3&14=android@umeng&15=SM-N9002&16=samsung&17=212&19=0
I/accs.SpdyConnection( 8567):  0 getDefaultHost:umengjmacs.m.taobao.com
I/accs.SpdyConnection( 8567):  0 getDefaultHost:umengjmacs.m.taobao.com
I/tnet-jni( 8567): 2267 - index=1  starttime=1512374531836
I/tnet-jni( 8567): 2267 - index=1   calltime=1512374531837
D/accs.UTMini( 8567):  commitEvent fail java.lang.NoClassDefFoundError: Failed resolution of: Lcom/ut/mini/internal/UTOriginalCustomHitBuilder;
I/tnet-jni( 8567): 2267 - [SpdySessionCallBack.putSSLMeta] - org.android.spdy.SpdySession@211fb945
I/tnet-jni( 8567): 2267 - [spdyStreamResponseRecv] - 
I/tnet-jni( 8567): 2267 - [SpdySessionCallBack.spdyOnStreamResponse] - org.android.spdy.SpdySession@211fb945
I/accs.SpdyConnection( 8567):  	header::version value:HTTP/1.1
I/accs.SpdyConnection( 8567):  	header:x-at value:V0vgk5fCc0gDALWkwwZeEwDvumeng:53fd7e4cfd98c55a9901576a1512388931
I/accs.SpdyConnection( 8567):  	header:date value:Mon, 04 Dec 2017 08:02:11 GMT
I/accs.SpdyConnection( 8567):  	header:server value:Tengine/Aserver/3.0.169_1337936
I/accs.SpdyConnection( 8567):  	header:content-length value:0
I/accs.SpdyConnection( 8567):  	header:x-workerid value:4872445139508789257
I/accs.SpdyConnection( 8567):  	header::status value:200
E/accs.SpdyConnection( 8567):  0 spdyOnStreamResponse httpStatusCode: 200
E/accs.SpdyConnection( 8567):  0 notifyStatus:CONNECTED
D/accs.HeartbeatManager( 8567):  resetLevel
D/accs.OrangeAdapter( 8567):  isSmartHb result:true
D/accs.HeartbeatManager( 8567):  set 270
I/accs.SpdyConnection( 8567):  0 notifyStatus:CONNECTED handled
D/accs.UTMini( 8567):  commitEvent fail java.lang.NoClassDefFoundError: Failed resolution of: Lcom/ut/mini/internal/UTOriginalCustomHitBuilder;
D/accs.SpdyConnection( 8567):  spdyOnStreamResponse
I/tnet-jni( 8567): 2267 - [spdyStreamCloseCallback] - 
I/tnet-jni( 8567): 2267 - [SpdySessionCallBack.spdyStreamCloseCallback] - org.android.spdy.SpdySession@211fb945
I/tnet-jni( 8567): 2267 - index=1    endtime=1512374531887
D/accs.SpdyConnection( 8567):  spdyStreamCloseCallback
D/accs.OrangeAdapter( 8567):  isSmartHb result:true
D/accs.OrangeAdapter( 8567):  isSmartHb result:true
D/accs.HeartbeatManager( 8567):  set 270
D/accs.NetworkThread( 8567):  send succ, remove it
D/accs.NetworkThread( 8567):  ready to get message
D/accs.NetworkThread( 8567):  no message, wait
I/awcn.HMacUtil( 8567):  hmacSha1Hex result:9244dd14d485250f533f5860170d0b1c927fea8f44d8f0a45ed25dc670f77e04
D/getConnStrategyListByHost( 8567): |[seq:host] amdc.m.taobao.com:result [{106.11.42.153:{80 http C}}, {106.11.42.153:{443 https N}}, {106.11.42.152:{80 http C}}, {106.11.42.152:{443 https N}}]
I/awcn.HttpConnector( 8567):   request URL:http://106.11.42.153:80/amdc/mobileDispatch?platform=android&v=3.1&deviceId=&appkey=umeng%3A53fd7e4cfd98c55a9901576a
I/awcn.HttpConnector( 8567):   request headers:{Content-Type=application/x-www-form-urlencoded; charset=UTF-8, Connection=close, Accept-Encoding=gzip}
I/System.out( 8567): (HTTPLog)-Static: isSBSettingEnabled false
I/System.out( 8567): (HTTPLog)-Static: isShipBuild true
I/System.out( 8567): (HTTPLog)-Thread-2270-355586472: SmartBonding Enabling is false, SHIP_BUILD is true, log to file is false, DBG is false
I/System.out( 8567): (HTTPLog)-Static: isSBSettingEnabled false
I/System.out( 8567): KnoxVpnUidStorageknoxVpnSupported API value returned is false
I/awcn.HttpConnector( 8567):  heads:{null=[HTTP/1.1 200 OK], Cache-Control=[no-cache], x-am-id=[amdc011133042186.unzbyun.na61_1512374533750_50076868], Vary=[Accept-Encoding], pragma=[no-cache], X-Android-Response-Source=[NETWORK 200], Connection=[close], X-Android-Sent-Millis=[1512374534378], Content-Type=[application/json;charset=UTF-8], Date=[Mon, 04 Dec 2017 08:02:13 GMT], x-am-sign=[7542f26b8b02b511d07671bcd88cbc8243532fb5deb160d944148f366cf5a33e], Server=[Tengine], Transfer-Encoding=[chunked], x-am-code=[1000], Content-Encoding=[gzip], X-Android-Received-Millis=[1512374534436]}
D/awcn.ByteArrayPool( 8567):  ByteArray Pool refund refund:2048 total:2048
D/awcn.DispatchCore( 8567):  amdc response. code: 200 
D/awcn.DispatchCore( 8567): headers:{null=[HTTP/1.1 200 OK], Cache-Control=[no-cache], x-am-id=[amdc011133042186.unzbyun.na61_1512374533750_50076868], Vary=[Accept-Encoding], pragma=[no-cache], X-Android-Response-Source=[NETWORK 200], Connection=[close], X-Android-Sent-Millis=[1512374534378], Content-Type=[application/json;charset=UTF-8], Date=[Mon, 04 Dec 2017 08:02:13 GMT], Content-Length=[1112], x-am-sign=[7542f26b8b02b511d07671bcd88cbc8243532fb5deb160d944148f366cf5a33e], Server=[Tengine], Transfer-Encoding=[chunked], x-am-code=[1000], X-Android-Received-Millis=[1512374534436]}
D/awcn.ByteArrayPool( 8567):  ByteArray Pool retrieve retrieve:1024 reused:1024
D/awcn.ByteArrayPool( 8567):  ByteArray Pool refund refund:2048 total:2048
D/awcn.DispatchCore( 8567):  amdc response body 
D/awcn.DispatchCore( 8567): body:{"code":1000,"cv":-1,"dns":[{"aisles":[{"auth":1,"cto":10000,"heartbeat":45000,"port":80,"protocol":"spdy","publickey":"acs","retry":1,"rto":10000,"rtt":"0rtt"},{"auth":1,"cto":10000,"heartbeat":45000,"port":443,"protocol":"spdy","publickey":"acs","retry":1,"rto":10000,"rtt":"0rtt"}],"host":"umengjmacs.m.taobao.com","hrIntervalTime":86400000,"hrNum":2,"hrStrategy":"serialConn","hrUrlPath":"status.taobao","idc":true,"ips":["140.205.60.10","106.11.61.109"],"isHot":1,"parallelConNum":2,"safeAisles":"https","ttl":300},{"aisles":[{"cto":10000,"heartbeat":0,"port":443,"protocol":"https","retry":1,"rto":10000},{"cto":10000,"heartbeat":0,"port":80,"protocol":"http","retry":1,"rto":10000}],"host":"amdc.m.taobao.com","idc":true,"ips":["140.205.160.63","106.11.11.95"],"isHot":1,"safeAisles":"http","ttl":300}],"ip":"116.228.34.130"}
I/awcn.HMacUtil( 8567):  hmacSha1Hex result:7542f26b8b02b511d07671bcd88cbc8243532fb5deb160d944148f366cf5a33e
D/awcn.StrategyCenter( 8567):  receive DNS event
I/awcn.StrategyTable( 8567):  update strategyTable with httpDns response
D/awcn.StrategyTable( 8567):  
D/awcn.StrategyTable( 8567): uniqueId : WIFI$ec:26:ca:3c:19:e2
D/awcn.StrategyTable( 8567): --------hot domains:------------------------------------
D/awcn.StrategyTable( 8567): umengjmacs.m.taobao.com = 
D/awcn.StrategyTable( 8567): StrategyList = 1512374834478[{140.205.60.10:{80 spdy_0rtt_acs N}}, {140.205.60.10:{443 spdy_0rtt_acs N}}, {106.11.61.109:{80 spdy_0rtt_acs N}}, {106.11.61.109:{443 spdy_0rtt_acs N}}]
D/awcn.StrategyTable( 8567): amdc.m.taobao.com = 
D/awcn.StrategyTable( 8567): StrategyList = 1512374834480[140.205.160.63, 106.11.11.95] [{80 http C}, {443 https N}]
D/awcn.StrategyTable( 8567): --------cold domains:------------------------------------
D/awcn.SafeAislesMap( 8567):  SafeAislesMap: {umengacs.m.taobao.com=https, umengjmacs.m.taobao.com=https, amdc.m.taobao.com=http}
D/awcn.UnitMap( 8567):  UnitMap : UnitMap: {}
I/awcn.AccsSessionManager( 8567):  call back is null
D/awcn.StrategyTable( 8567):  [notifyConnEvent] Host:amdc.m.taobao.com IConnStrategy:{106.11.42.153:{80 http C}} eventType:CONNECTED
W/ContextImpl( 8567): Failed to ensure directory: /storage/extSdCard/Android/data/com.supercleaner/cache
I/awcn.SerializeHelper( 8567):  persist end. file:/storage/emulated/0/Android/data/com.supercleaner/files/awcn_strategy/channel/ff92ea8f5054460d7358c499f2038019 cost:24
W/ContextImpl( 8567): Failed to ensure directory: /storage/extSdCard/Android/data/com.supercleaner/cache
I/awcn.SerializeHelper( 8567):  persist end. file:/storage/emulated/0/Android/data/com.supercleaner/files/awcn_strategy/channel/8d5ea2be523e7a2ffe368ce83ed4f28e cost:21
W/ContextImpl( 8567): Failed to ensure directory: /storage/extSdCard/Android/data/com.supercleaner/cache
I/awcn.SerializeHelper( 8567):  persist end. file:/storage/emulated/0/Android/data/com.supercleaner/files/awcn_strategy/channel/be248a837af00cb3aa6076bdf68846a1 cost:5
W/ContextImpl( 8567): Failed to ensure directory: /storage/extSdCard/Android/data/com.supercleaner/cache
I/awcn.SerializeHelper( 8567):  persist end. file:/storage/emulated/0/Android/data/com.supercleaner/files/awcn_strategy/channel/config cost:9
D/PlatformAlarmService( 8610): Run job, request{id=1, tag=JOB_TAG_INITIALIZE}, waited 00:00:10, delay 00:00:10
I/JobExecutor( 8610): Executing request{id=1, tag=JOB_TAG_INITIALIZE}, context PlatformAlarmService
I/JobManager( 8610): Found pending job request{id=1, tag=JOB_TAG_INITIALIZE}, canceling
I/JobManager( 8610): Found pending job request{id=2, tag=JOB_TAG_INITIALIZE}, canceling
I/JobManager( 8610): Cancel running job{id=1, finished=false, result=FAILURE, canceled=false, periodic=false, class=d, tag=JOB_TAG_INITIALIZE}
I/JobExecutor( 8610): Finished job{id=1, finished=true, result=FAILURE, canceled=true, periodic=false, class=d, tag=JOB_TAG_INITIALIZE}
D/PlatformAlarmService( 8610): Finished job, request{id=1, tag=JOB_TAG_INITIALIZE} FAILURE
D/accs.AdapterUtilityImpl( 8610):  getAppkey APPKEY:umeng:53fd7e4cfd98c55a9901576a
D/accs.AdapterGlobalClientInfo( 8610):  getAgooCustomServiceName name:com.umeng.message.UmengIntentService
W/ContextImpl( 8567): Failed to ensure directory: /storage/extSdCard/Android/data/com.supercleaner/cache
I/accs.ElectionServiceImpl( 8567):  onStartCommand begin action:com.taobao.accs.intent.action.START_SERVICE
I/accs.ElectionServiceImpl( 8567):  try to setAppInfo appkey:umeng:53fd7e4cfd98c55a9901576a appSecret:ba13da2c8d26d64e93ac0fb2ab65d1d4 ttid:android@umeng pkg:com.supercleaner
I/accs.BaseIntentService( 8610):  onHandleIntent,action=org.agoo.android.intent.action.REPORT,agooCommand=com.supercleaner.intent.action.COMMAND,mipushCommand=com.supercleaner.intent.thirdPush.action.COMMAND
I/accs.BaseIntentService( 8610):  is report cache msg,Config.isReportCacheMsg(mContext)=false
D/accs.isClearTime( 8610):  now=1512374536526,now - lastTime=6754709,istrue=false
I/accs.BaseIntentService( 8610):  is clear all msg=false
D/accs.isClearTime( 8610):  now=1512374536526,now - lastTime=6754709,istrue=false
I/awcn.SerializeHelper( 8567):  persist end. file:/storage/emulated/0/Android/data/com.supercleaner/files/awcn_strategy/channel/ff92ea8f5054460d7358c499f2038019 cost:18
W/ContextImpl( 8567): Failed to ensure directory: /storage/extSdCard/Android/data/com.supercleaner/cache
I/awcn.SerializeHelper( 8567):  persist end. file:/storage/emulated/0/Android/data/com.supercleaner/files/awcn_strategy/channel/8d5ea2be523e7a2ffe368ce83ed4f28e cost:14
W/ContextImpl( 8567): Failed to ensure directory: /storage/extSdCard/Android/data/com.supercleaner/cache
I/awcn.SerializeHelper( 8567):  persist end. file:/storage/emulated/0/Android/data/com.supercleaner/files/awcn_strategy/channel/be248a837af00cb3aa6076bdf68846a1 cost:3
W/ContextImpl( 8567): Failed to ensure directory: /storage/extSdCard/Android/data/com.supercleaner/cache
I/awcn.SerializeHelper( 8567):  persist end. file:/storage/emulated/0/Android/data/com.supercleaner/files/awcn_strategy/channel/config cost:9
D/JobRescheduleService( 8610): Reschedule 0 jobs of 0 jobs
D/JobRescheduleService( 8610): Reschedule service started
D/com.umeng.message.proguard.k( 8610): appLaunchAt=0
D/com.umeng.message.UTrack( 8610): trackAppLaunch start, set appLaunchSending flag
D/com.umeng.message.UTrack( 8610): trackAppLaunch(delay=10000)
D/com.umeng.message.UTrack( 8610): sendCachedMsgLog start, set cacheLogSending flag
D/com.umeng.message.UTrack( 8610): sendCachedMsgLog(delay=1550)
D/PersonaManager( 1505): isKioskContainerExistOnDevice
D/PersonaManager( 1505): isKioskContainerExistOnDevice
D/StatusBar( 1505): getNumberOfActiveSim:0
D/PanelView( 1505): There is/are notification(s) 
D/PanelView( 1505): There is/are notification(s) 
I/System.out( 8610): (HTTPLog)-Static: isSBSettingEnabled false
D/com.umeng.message.UTrack( 8610): sendCachedMsgLog finished, clear cacheLogSending flag
W/art     ( 5473): Native thread exiting without having called DetachCurrentThread (maybe it's going to use a pthread_key_create destructor?): Thread[25,tid=8925,Native,Thread*=0x9ade3400,peer=0x131010e0,"default"]
W/art     ( 5473): Native thread exiting without having called DetachCurrentThread (maybe it's going to use a pthread_key_create destructor?): Thread[25,tid=8924,Native,Thread*=0xafb3f400,peer=0x13101380,"default"]
W/art     ( 5473): Native thread exiting without having called DetachCurrentThread (maybe it's going to use a pthread_key_create destructor?): Thread[29,tid=8926,Native,Thread*=0x9ade3400,peer=0x13124080,"default"]
D/JobRescheduleService( 8610): Reschedule 0 jobs of 0 jobs
I/System.out( 8610): (HTTPLog)-Static: isSBSettingEnabled false
D/JUtrack ( 8610): sendRequest() url=https://msg.umengcloud.com/launch
D/JUtrack ( 8610):  request = {"header":{"appkey":"53fd7e4cfd98c55a9901576a","device_id":"JV1GbIL0MdGBkgj2Xs\/kug==","idmd5":"BDF8B648168246B53CAE45FC244467FA","channel":"2096","mc":"C0:BD:D1:57:AD:BD","android_id":"f1fd2df66f4f1dac","serial_number":"711141e6","device_model":"SM-N9002","os":"Android","os_version":"5.0","resolution":"1080*1920","cpu":"ARMv7 Processor rev 0 (v7l)","app_version":"2.9.3","version_code":"293","package_name":"com.supercleaner","sdk_type":"Android","sdk_version":"3.0.3","timezone":8,"country":"CN","language":"zh","access":"Wi-Fi","access_subtype":"Unknown","carrier":""},"utdid":"V0vgk5fCc0gDALWkwwZeEwDv","device_token":"AlDMfc3x6lnHUcQg1GKXXpCVEx0BTGgjO7CjHRRscX76"}
D/JUtrack ( 8610):  response = {"success":"ok","interval":0,"launch_policy":"0","tag_policy":"0"}
D/JUtrack ( 8610): launch_policy:0
D/JUtrack ( 8610): tag_policy:0
W/System.err( 8610): java.lang.NullPointerException: Attempt to get length of null array
W/System.err( 8610): 	at java.lang.String.<init>(String.java:206)
W/System.err( 8610): 	at com.umeng.message.proguard.b.b(AesHelper.java:77)
W/System.err( 8610): 	at com.umeng.message.common.impl.json.JUtrack.trackAppLaunch(JUtrack.java:102)
W/System.err( 8610): 	at com.umeng.message.UTrack$7.run(UTrack.java:424)
W/System.err( 8610): 	at java.util.concurrent.Executors$RunnableAdapter.call(Executors.java:422)
W/System.err( 8610): 	at java.util.concurrent.FutureTask.run(FutureTask.java:237)
W/System.err( 8610): 	at java.util.concurrent.ScheduledThreadPoolExecutor$ScheduledFutureTask.access$201(ScheduledThreadPoolExecutor.java:152)
W/System.err( 8610): 	at java.util.concurrent.ScheduledThreadPoolExecutor$ScheduledFutureTask.run(ScheduledThreadPoolExecutor.java:265)
W/System.err( 8610): 	at java.util.concurrent.ThreadPoolExecutor.runWorker(ThreadPoolExecutor.java:1112)
W/System.err( 8610): 	at java.util.concurrent.ThreadPoolExecutor$Worker.run(ThreadPoolExecutor.java:587)
W/System.err( 8610): 	at java.lang.Thread.run(Thread.java:818)
D/com.umeng.message.UTrack( 8610): java.lang.NullPointerException: Attempt to get length of null array
W/art     ( 5473): Native thread exiting without having called DetachCurrentThread (maybe it's going to use a pthread_key_create destructor?): Thread[25,tid=8927,Native,Thread*=0xafb37400,peer=0x131241a0,"default"]
D/KeyguardUpdateMonitor( 1505): received broadcast android.intent.action.BATTERY_CHANGED
D/KeyguardUpdateMonitor( 1505): handleBatteryUpdate
D/AndroidRuntime( 8935): 
D/AndroidRuntime( 8935): >>>>>> AndroidRuntime START com.android.internal.os.RuntimeInit <<<<<<
D/AndroidRuntime( 8935): CheckJNI is OFF
D/AndroidRuntime( 8935): readGMSProperty: start
D/AndroidRuntime( 8935): readGMSProperty: already setted!!
D/AndroidRuntime( 8935): readGMSProperty: could not set the property(default)!!
D/AndroidRuntime( 8935): readGMSProperty: end
D/AndroidRuntime( 8935): addProductProperty: start
E/AffinityControl( 8935): AffinityControl: registerfunction enter
D/AndroidRuntime( 8935): Calling main entry com.android.commands.am.Am
D/AndroidRuntime( 8935): Shutting down VM
W/System.err(10701): org.json.JSONException: Value [{"key":"from","value":"weibo","service":"com.igexin.sdk.PushService","type":"String"},{"key":"intent_come_from","value":"com.sina.weibo","service":"com.sina.news.push.GuardPushService","type":"String"},{"key":"CAMERA_FROM","value":"weibo","service":"com.sina.weibocamera.controller.service.CameraService","type":"String"},{"key":"","value":"","service":"com.yx.service.ConnectionService","type":""},{"key":"from","value":"weibo","service":"com.sina.app.weiboheadline.services.PushService","type":"String"}] of type org.json.JSONArray cannot be converted to JSONObject
W/System.err(10701): 	at org.json.JSON.typeMismatch(JSON.java:111)
W/System.err(10701): 	at org.json.JSONObject.<init>(JSONObject.java:160)
W/System.err(10701): 	at org.json.JSONObject.<init>(JSONObject.java:173)
W/System.err(10701): 	at com.sina.weibo.models.JsonDataObject.initFromJsonString(JsonDataObject.java:34)
W/System.err(10701): 	at com.sina.weibo.models.JsonDataObject.<init>(JsonDataObject.java:24)
W/System.err(10701): 	at com.sina.weibo.guardunion.g.<init>(JsonGuardUnionMap.java:33)
W/System.err(10701): 	at com.sina.weibo.guardunion.e.a(GuardUtils.java:62)
W/System.err(10701): 	at com.sina.weibo.guardunion.a.b(GuardAlipayManager.java:168)
W/System.err(10701): 	at com.sina.weibo.guardunion.a$a.a(GuardAlipayManager.java:80)
W/System.err(10701): 	at com.sina.weibo.guardunion.a$a.doInBackground(GuardAlipayManager.java:53)
W/System.err(10701): 	at com.sina.weibo.ad.d$2.call(ExtendedAsyncTask.java:88)
W/System.err(10701): 	at java.util.concurrent.FutureTask.run(FutureTask.java:237)
W/System.err(10701): 	at java.util.concurrent.ThreadPoolExecutor.runWorker(ThreadPoolExecutor.java:1112)
W/System.err(10701): 	at java.util.concurrent.ThreadPoolExecutor$Worker.run(ThreadPoolExecutor.java:587)
W/System.err(10701): 	at java.lang.Thread.run(Thread.java:818)
W/art     ( 8935): ConditionVariable::~ConditionVariable for GC request condition variable called with 1 waiters.
I/TemperatureHumiditySensor( 1036): Accuracy has been changed to 3
D/KeyguardUpdateMonitor( 1505): received broadcast android.intent.action.TIME_TICK
D/KeyguardUpdateMonitor( 1505): handleTimeUpdate
D/KeyguardEffectViewController( 1505): onReceive action : android.intent.action.TIME_TICK
I/KeyguardEffectViewController( 1505): *** don't update sliding image ***
D/KeyguardUpdateMonitor( 1505): received broadcast android.intent.action.BATTERY_CHANGED
D/KeyguardUpdateMonitor( 1505): handleBatteryUpdate
D/DateView( 1505): regionalDateFormat = 3333/11/22 isRTLlanguage = false returnDateFormat = MMMM d日, E
D/DateView( 1505): regionalDateFormat = 3333/11/22 isRTLlanguage = false returnDateFormat = MMMM d日, E
D/HOOK    (26257): AssetManager isUpToDate:true
D/KeyguardUpdateMonitor( 1505): received broadcast android.intent.action.BATTERY_CHANGED
D/KeyguardUpdateMonitor( 1505): handleBatteryUpdate
D/accs.AdapterUtilityImpl( 8610):  getAppkey APPKEY:umeng:53fd7e4cfd98c55a9901576a
I/accs.InAppConnection( 8610):  mTryStartServiceRunable bindapp
D/accs.ACCSManagerImpl( 8610):  bindApp APPKEY:umeng:53fd7e4cfd98c55a9901576a
D/accs.AdapterUtilityImpl( 8610):  getAppkey APPKEY:umeng:53fd7e4cfd98c55a9901576a
D/accs.UtilityImpl( 8610):  enableService,comptName=ComponentInfo{com.supercleaner/com.taobao.accs.ChannelService}
I/awcn.HMacUtil( 8610):  hmacSha1Hex result:c8309c5142fdad777ed111cc6827c1089349d84c12778112ebecc9a046af9fde
I/awcn.SessionCenter( 8610):  setDataReceiveCb AccsFrameCb:com.taobao.accs.net.i@257761a6
I/awcn.SessionCenter( 8610):  sessions:0
I/awcn.SessionCenter( 8610):  sessions:0
I/awcn.SessionCenter( 8610):  sessions:0
I/awcn.SessionCenter( 8610):  sessions:0
D/accs.InAppConnection( 8610):  1 start
I/accs.ClientManager( 8610):  isAppBinded begin..appStatus=2,mBindStatus={com.pp.assistant=4, com.supercleaner=2}
I/accs.ACCSManagerImpl( 8610):  com.supercleaner isAppBinded
D/accs.MessageHandler( 8610):  onResult command:1 erorcode:200
D/accs.MessageHandler( 8610):  prepare send broadcast
D/accs.accs.BindAppStatistic( 8610):  eventId=66001;arg1=V0vgk5fCc0gDALWkwwZeEwDv;arg2=null;arg3=212;args={push_token=, fail_reasons=null, device_id=V0vgk5fCc0gDALWkwwZeEwDv, ret=y, bind_date=1512374646542}
D/accs.UTMini( 8610):  commitEvent fail java.lang.NoClassDefFoundError: Failed resolution of: Lcom/ut/mini/internal/UTOriginalCustomHitBuilder;
I/art     ( 8610): Rejecting re-init on previously-failed class java.lang.Class<com.taobao.accs.utl.h$a>
W/accs.ACCSManagerImpl( 8610):  no orange sdk
D/accs.MsgDistribute( 8610):  action:com.taobao.accs.intent.action.RECEIVE
I/accs.MsgDistribute( 8610):  command:1 serviceId:null dataId:null
I/accs.TaobaoRegister( 8610):  onBindApp errorCode:200
I/accs.ClientManager( 8610):  isAgooRegistered begin..appStatus=2,mAgooBindStatus={com.supercleaner=2}
I/accs.TaobaoRegister( 8610):  agoo aready Registered return 
I/accs.Config( 8610):  getDeviceToken token:AlDMfc3x6lnHUcQg1GKXXpCVEx0BTGgjO7CjHRRscX76
I/com.umeng.message.PushAgent( 8610): register-->onSuccess:AlDMfc3x6lnHUcQg1GKXXpCVEx0BTGgjO7CjHRRscX76
I/accs.MsgDistribute( 8610):  start election by bindapp....
I/accs.ElectionServiceImpl( 8567):  onStartCommand begin action:com.taobao.accs.intent.action.OPENELECTION
I/accs.ElectionServiceImpl( 8567):  operate is receive operate:TRY_ELECTION
I/accs.ElectionServiceUtil( 8567):  getElectionResult from mem host:com.supercleaner retry:0
I/accs.ElectionServiceImpl( 8567):  tryElection begin isFirstStart:false currentPack:com.supercleaner currentElectionPack:com.supercleaner
I/accs.ElectionServiceImpl( 8567):  curr is host, no need election
I/accs.ServiceImpl( 8567):  startConnect
D/accs.SpdyConnection( 8567):  try ping, force:false
D/accs.SpdyConnection( 8567):  send message, PING delay:0 dataId:4
D/accs.SpdyConnection( 8567):  try ping, force:false
D/accs.SpdyConnection( 8567):  send message, PING delay:0 dataId:5
D/accs.SpdyConnection( 8567):  clearRepeatControlCommand message:201/
I/accs.MsgDistribute( 8610):  distribMessage serviceId is null!! command:1
D/com.umeng.message.UmengMessageCallbackHandlerService( 8610): processName=com.supercleaner
D/com.umeng.message.UmengMessageCallbackHandlerService( 8610): enable(): register-->:AlDMfc3x6lnHUcQg1GKXXpCVEx0BTGgjO7CjHRRscX76,status:true
I/art     ( 1036): Explicit concurrent mark sweep GC freed 42754(2MB) AllocSpace objects, 38(608KB) LOS objects, 23% free, 53MB/69MB, paused 3.489ms total 204.765ms
D/accs.AdapterUtilityImpl( 8610):  getAppkey APPKEY:umeng:53fd7e4cfd98c55a9901576a
I/accs.ElectionServiceImpl( 8567):  onStartCommand begin action:com.taobao.accs.intent.action.START_SERVICE
I/accs.ElectionServiceImpl( 8567):  try to setAppInfo appkey:umeng:53fd7e4cfd98c55a9901576a appSecret:ba13da2c8d26d64e93ac0fb2ab65d1d4 ttid:android@umeng pkg:com.supercleaner
D/accs.AdapterGlobalClientInfo( 8610):  getAgooCustomServiceName name:com.umeng.message.UmengIntentService
I/accs.BaseIntentService( 8610):  onHandleIntent,action=org.agoo.android.intent.action.REPORT,agooCommand=com.supercleaner.intent.action.COMMAND,mipushCommand=com.supercleaner.intent.thirdPush.action.COMMAND
I/accs.BaseIntentService( 8610):  is report cache msg,Config.isReportCacheMsg(mContext)=false
D/accs.isClearTime( 8610):  now=1512374656628,now - lastTime=6874811,istrue=false
I/accs.BaseIntentService( 8610):  is clear all msg=false
D/accs.isClearTime( 8610):  now=1512374656628,now - lastTime=6874811,istrue=false
D/KeyguardUpdateMonitor( 1505): received broadcast android.intent.action.BATTERY_CHANGED
D/KeyguardUpdateMonitor( 1505): handleBatteryUpdate
D/com.umeng.message.proguard.k( 8610): appLaunchAt=0
D/com.umeng.message.UTrack( 8610): trackAppLaunch start, set appLaunchSending flag
D/com.umeng.message.UTrack( 8610): trackAppLaunch(delay=10000)
D/com.umeng.message.UTrack( 8610): sendCachedMsgLog start, set cacheLogSending flag
D/com.umeng.message.UTrack( 8610): sendCachedMsgLog(delay=256351)
I/System.out( 8610): (HTTPLog)-Static: isSBSettingEnabled false
D/EnterpriseController(  290): mIsMarkChainAdded is 0 mIsBlockChainAdded is 0 netId is 0
D/Netd    (  290): getNetworkForDns: using netid 511 for uid 10070
I/System.out( 8610): KnoxVpnUidStorageknoxVpnSupported API value returned is false
D/JUtrack ( 8610): sendRequest() url=https://msg.umengcloud.com/launch
