D/VolumePanel.3f5f287d( 1505): forceTimeout delay=0 callers=com.android.systemui.volume.VolumePanel.access$200:122 com.android.systemui.volume.VolumePanel$2.onTouchEvent:736 android.app.Dialog.dispatchTouchEvent:866 
D/VolumePanel.3f5f287d( 1505): forceTimeout delay=0 callers=com.android.systemui.volume.VolumePanel.access$200:122 com.android.systemui.volume.VolumePanel$2.onTouchEvent:736 android.app.Dialog.dispatchTouchEvent:866 
D/SoundAliveResampler(  303): [SoundAliveResampler] Init+++
D/PersonaManager( 1505): isKioskContainerExistOnDevice
D/PointerIcon( 1036): setMouseIconStyle1 pointerType: 1001iconType:101 flag:0
D/PointerIcon( 1036): setMouseCustomIcon IconType is same.101
D/PointerIcon( 1036): setHoveringSpenIconStyle1 pointerType: 10001iconType:1 flag:0
D/PointerIcon( 1036): setHoveringSpenCustomIcon IconType is same.1
E/ViewRootImpl(12668): sendUserActionEvent() mView == null
I/SurfaceFlinger(  263): id=495 Removed NainActivit (5/12)
I/SurfaceFlinger(  263): id=495 Removed NainActivit (-2/12)
D/InputMethodManagerService( 1036): windowGainedFocus mCurrentFocusedUserId - 0 and mSecureKeypadEnabled-false
D/StatusBar( 1505): getNumberOfActiveSim:0
D/PanelView( 1505): There is/are notification(s) 
I/Choreographer( 1505): Skipped 32 frames!  The application may be doing too much work on its main thread.
D/MotionEngine( 1036): [MotionEngine] -> PR_MOVE -> Move Recognition Lv(2)
D/MotionEngine( 1036): [@@@ Motion Engine @@@] Event num	71	Occured
I/art     ( 1505): Background sticky concurrent mark sweep GC freed 189453(9MB) AllocSpace objects, 14(2MB) LOS objects, 13% free, 53MB/61MB, paused 537us total 148.084ms
I/Timeline(12668): Timeline: Activity_idle id: android.os.BinderProxy@20e51ef0 time:5497994
I/Timeline(12668): Timeline: Activity_idle id: android.os.BinderProxy@3ebfb086 time:5497995
D/MotionEngine( 1036): [@@@ Motion Engine @@@] GetMotionScenarioId -0.784700 4.596867 8.436568 0.000000 0.000000 0.000000 51 20
I/SurfaceFlinger(  263): id=496 Removed JnvestmentD (7/11)
I/SurfaceFlinger(  263): id=496 Removed JnvestmentD (-2/11)
I/Timeline( 1036): Timeline: Activity_windows_visible id: ActivityRecord{1d13ebc2 u0 com.zzl.falcon.internal/com.zzl.falcon.invest.InvestmentDetailActivity t35} time:5498066
V/AudioPolicyManager(  303): stopOutput() output 2, stream 2, session 247
V/AudioPolicyManager(  303): changeRefCount() stream 2, count 0
V/AudioPolicyManager(  303): getNewOutputDevice() selected device 0
V/AudioPolicyManager(  303): setOutputDevice() output 2 device 0000 delayMs 160
V/AudioPolicyManager(  303): setOutputDevice() prevDevice 0002
V/AudioPolicyManager(  303): setOutputDevice() setting same device 0000 or null device for output 2
V/AudioPolicyManager(  303): getNewOutputDevice() selected device 2
V/AudioPolicyManager(  303): setOutputDevice() output 246 device 0002 delayMs 160
V/AudioPolicyManager(  303): setOutputDevice() prevDevice 0002
V/AudioPolicyManager(  303): setOutputDevice() changing device
V/AudioPolicyManager(  303): DeviceVector::refreshTypes() mDeviceTypes 00000002
V/AudioPolicyManager(  303): DeviceVector::getDevicesFromType() for type 2 found 0xb315de40
V/AudioPolicyManager(  303): setOutputDevice() createAudioPatch returned 0 patchHandle 0num_sources 1 num_sinks 1
V/AudioPolicyManager(  303): addAudioPatch() handle 12 af handle 0 num_sources 1 num_sinks 1 source handle 11sink handle 2
V/AudioPolicyManager(  303): checkAndSetVolume() cannot set stream 6 volume with force use = 0 for comm
V/AudioPolicyManager(  303): computeVolume : Camera Shutter Sound volume 1.000000
D/StatusBar( 1505): ----- contentsUnchanged : true, bigContentsUnchanged - true, headsUpContentsUnchanged - true , publicUnchanged true
D/PersonaManager( 1505): isKioskContainerExistOnDevice
D/PersonaManager( 1505): isKioskContainerExistOnDevice
D/StatusBar( 1505): getNumberOfActiveSim:0
D/PanelView( 1505): There is/are notification(s) 
D/PanelView( 1505): There is/are notification(s) 
D/PersonaManager( 1505): isKioskContainerExistOnDevice
D/AudioSAEffectOffload(  303): update offload effect: SA,0,0,0,0,0,0,0,0,0,0,0,0,0,0,0,2,2,0,1
D/audio_hw_primary(  303): out_set_parameters: enter: usecase(3: compress-offload-playback) kvpairs: routing=2
V/audio_hw_primary(  303): select_devices: ENTER
V/audio_hw_primary(  303): select_devices: usecase(normal)
V/audio_hw_primary(  303): select_devices: usecase(PCM_PLAYBACK)
V/msm8974_platform(  303): platform_get_output_snd_device: enter: output devices(0x2)
V/msm8974_platform(  303): get_OUTPUT_snd_device: for Normal Playback
V/msm8974_platform(  303): platform_get_output_snd_device: exit: snd_device(speaker)
V/audio_hw_primary(  303): parse_compress_metadata: Not gapless meta data params
V/audio_hw_primary(  303): out_set_parameters: exit: code(0)
D/StatusBar( 1505): getNumberOfActiveSim:0
D/PanelView( 1505): There is/are notification(s) 
D/VolumePanel( 1505): handleMessage : call mDialog.dismiss()
D/PhoneStatusBar( 1505): updateIcon slot=ime index=2 viewIndex=0 old=StatusBarIcon(pkg=com.sohu.inputmethod.sogouuser=0 id=0x7f020129 level=0 visible=false num=0 ) icon=StatusBarIcon(pkg=com.sohu.inputmethod.sogouuser=0 id=0x7f020129 level=0 visible=false num=0 )
D/VolumePanel.3f5f287d( 1505): setZenPanelVisible false mZenPanel=com.android.systemui.volume.ZenModePanel{33294d96 G.E..... ......I. 0,0-0,0 #7f0d039a app:id/zen_mode_panel}
D/ZenModePanel( 1505): mZenSubhead.getWidth() = 0, mZenSubhead.getPaddingLeft() - 24, mZenSubhead.getPaddingRight() = 48, mMoreSettings.getWidth() = 0
D/PhoneStatusBar( 1505): updateIcon slot=ime index=2 viewIndex=0 old=StatusBarIcon(pkg=com.sohu.inputmethod.sogouuser=0 id=0x7f020129 level=0 visible=false num=0 ) icon=StatusBarIcon(pkg=com.sohu.inputmethod.sogouuser=0 id=0x7f020129 level=0 visible=true num=0 )
I/SurfaceFlinger(  263): id=494 Removed WolumePanel (10/10)
I/SurfaceFlinger(  263): id=494 Removed WolumePanel (-2/10)
V/audio_hw_primary(  303): offload_thread_loop RUNNING
I/AudioPlayer(  303): fillBuffer() offload, delay (1879291), fillBuffer internal return (29577), request_size (32768), return size (32768)
D/MotionEngine( 1036): [@@@ Motion Engine @@@] GetMotionScenarioId -0.790087 4.618415 8.405443 0.000000 0.000000 0.000000 51 20
D/MotionEngine( 1036): [MotionEngine] -> PR_MOVE -> Move Recognition Lv(1)
D/MotionEngine( 1036): [MotionEngine] -> Add2MotionEventQueue(LCD UP Steady(99))
D/MotionEngine( 1036): [@@@ Motion Engine @@@] Event num	99	Occured
I/art     (12668): Explicit concurrent mark sweep GC freed 40666(2MB) AllocSpace objects, 19(395KB) LOS objects, 36% free, 28MB/44MB, paused 636us total 49.829ms
D/SensorService( 1036): [SO] -0.789 4.618 8.450
D/STATUSBAR-WifiQuickSettingButton( 1505): onWifiSignalChanged enabled=true enabledDesc:"ZZL-309"
D/StatusBar.MSimNetworkController( 1505): applyCU
D/StatusBar.MSimNetworkController( 1505): applyCU
D/StatusBar.MSimNetworkController( 1505): applyCU
D/StatusBar.MSimNetworkController( 1505): applyCU
D/StatusBar.MSimNetworkController( 1505): getNumberOfActiveSim:0
D/MotionEngine( 1036): [@@@ Motion Engine @@@] GetMotionScenarioId -0.798466 4.616021 8.459313 0.000000 0.000000 0.000000 51 20
V/audio_hw_primary(  303): out_standby: enter: usecase(0: deep-buffer-playback)
D/STATUSBAR-WifiQuickSettingButton( 1505): onWifiSignalChanged enabled=true enabledDesc:"ZZL-309"
D/StatusBar.MSimNetworkController( 1505): applyCU
D/StatusBar.MSimNetworkController( 1505): applyCU
D/StatusBar.MSimNetworkController( 1505): applyCU
D/StatusBar.MSimNetworkController( 1505): applyCU
D/StatusBar.MSimNetworkController( 1505): getNumberOfActiveSim:0
V/audio_hw_primary(  303): offload_thread_loop RUNNING
I/AudioPlayer(  303): fillBuffer() offload, delay (2045117), fillBuffer internal return (21259), request_size (32768), return size (32768)
V/audio_hw_primary(  303): stop_output_stream: enter: usecase(0: deep-buffer-playback)
V/audio_hw_primary(  303): disable_audio_route: enter: usecase(0)
V/audio_hw_primary(  303): disable_audio_route: reset mixer path: deep-buffer-playback
D/audio_route(  303): ++++ audio_route_update_mixer ==============
D/audio_route(  303): Setting mixer control: SLIMBUS_0_RX Audio Mixer MultiMedia1
D/audio_route(  303): Setting mixer control: value: 0
D/audio_route(  303): ------ audio_route_update_mixer ==============
V/audio_hw_primary(  303): disable_audio_route: exit
V/audio_hw_primary(  303): disable_snd_device: speaker ref cnt 1
V/audio_hw_primary(  303): stop_output_stream: exit: status(0)
V/audio_hw_primary(  303): out_standby: exit
D/MotionEngine( 1036): [@@@ Motion Engine @@@] GetMotionScenarioId -0.794875 4.622605 8.432379 0.000000 0.000000 0.000000 51 20
D/MotionEngine( 1036): [MotionEngine] -> PR_MOVE -> Move Recognition Lv(1)
D/MotionEngine( 1036): [@@@ Motion Engine @@@] GetMotionScenarioId -0.791284 4.599860 8.420407 0.000000 0.000000 0.000000 51 20
I/System.out(11064): pool-3-protocalManager-thread-4 calls detatch()
V/audio_hw_primary(  303): offload_thread_loop RUNNING
I/AudioPlayer(  303): fillBuffer() offload, delay (2069232), fillBuffer internal return (30130), request_size (32768), return size (32768)
D/MotionEngine( 1036): [@@@ Motion Engine @@@] GetMotionScenarioId -0.788889 4.601655 8.420407 0.000000 0.000000 0.000000 51 20
D/MotionEngine( 1036): [MotionEngine] -> PR_MOVE -> Move Recognition Lv(1)
D/MotionEngine( 1036): [@@@ Motion Engine @@@] GetMotionScenarioId -0.791284 4.596269 8.434772 0.000000 0.000000 0.000000 51 20
D/MusicService(12247): mSystemReceiver - batteryLevel: 75 batteryStatus: 2
D/KeyguardUpdateMonitor( 1505): received broadcast android.intent.action.BATTERY_CHANGED
D/KeyguardUpdateMonitor( 1505): handleBatteryUpdate
V/audio_hw_primary(  303): offload_thread_loop RUNNING
I/AudioPlayer(  303): fillBuffer() offload, delay (2024816), fillBuffer internal return (29433), request_size (32768), return size (32768)
D/MotionEngine( 1036): [@@@ Motion Engine @@@] GetMotionScenarioId -0.785298 4.633977 8.400057 0.000000 0.000000 0.000000 51 20
I/art     (12668): Explicit concurrent mark sweep GC freed 18521(1364KB) AllocSpace objects, 0(0B) LOS objects, 37% free, 26MB/42MB, paused 574us total 42.735ms
I/art     (12668): Explicit concurrent mark sweep GC freed 3(96B) AllocSpace objects, 0(0B) LOS objects, 37% free, 26MB/42MB, paused 735us total 46.351ms
I/art     (12668): Explicit concurrent mark sweep GC freed 3(96B) AllocSpace objects, 0(0B) LOS objects, 37% free, 26MB/42MB, paused 533us total 37.698ms
I/art     (12668): Explicit concurrent mark sweep GC freed 3(96B) AllocSpace objects, 0(0B) LOS objects, 37% free, 26MB/42MB, paused 517us total 38.379ms
D/MotionEngine( 1036): [@@@ Motion Engine @@@] GetMotionScenarioId -0.783503 4.594473 8.455123 0.000000 0.000000 0.000000 51 20
I/art     (12668): Explicit concurrent mark sweep GC freed 3(96B) AllocSpace objects, 0(0B) LOS objects, 37% free, 26MB/42MB, paused 530us total 37.099ms
D/MotionEngine( 1036): [MotionEngine] -> PR_MOVE -> Move Recognition Lv(1)
V/audio_hw_primary(  303): offload_thread_loop RUNNING
I/AudioPlayer(  303): fillBuffer() offload, delay (2043622), fillBuffer internal return (31995), request_size (32768), return size (32768)
D/MotionEngine( 1036): [@@@ Motion Engine @@@] GetMotionScenarioId -0.773327 4.613028 8.497022 0.000000 0.000000 0.000000 51 20
D/SecContentProvider2( 1036): uri = 14 selection = getSealedState
D/SecContentProvider2( 1036): mCursor = null
D/ApplicationPolicy( 1036): isStatusBarNotificationAllowedAsUser: packageName = com.tencent.android.qqdownloader,userId = 0
V/ApplicationPolicy( 1036): isApplicationStateBlocked userId 0 pkgname com.tencent.android.qqdownloader
D/StatusBar( 1505): ----- contentsUnchanged : true, bigContentsUnchanged - true, headsUpContentsUnchanged - true , publicUnchanged true
D/PersonaManager( 1505): isKioskContainerExistOnDevice
D/PersonaManager( 1505): isKioskContainerExistOnDevice
D/StatusBar( 1505): getNumberOfActiveSim:0
D/PanelView( 1505): There is/are notification(s) 
D/MotionEngine( 1036): [@@@ Motion Engine @@@] GetMotionScenarioId -0.770933 4.639364 8.482059 0.000000 0.000000 0.000000 51 20
D/PanelView( 1505): There is/are notification(s) 
D/PersonaManager( 1505): isKioskContainerExistOnDevice
D/StatusBar( 1505): getNumberOfActiveSim:0
D/PanelView( 1505): There is/are notification(s) 
D/MotionEngine( 1036): [MotionEngine] -> PR_MOVE -> Move Recognition Lv(1)
D/SensorService( 1036): [SO] -0.794 4.635 8.437
V/audio_hw_primary(  303): offload_thread_loop RUNNING
I/AudioPlayer(  303): fillBuffer() offload, delay (2058371), fillBuffer internal return (31459), request_size (32768), return size (32768)
D/MotionEngine( 1036): [@@@ Motion Engine @@@] GetMotionScenarioId -0.755371 4.633379 8.456321 0.000000 0.000000 0.000000 51 20
D/MotionEngine( 1036): [@@@ Motion Engine @@@] GetMotionScenarioId -0.780510 4.630386 8.401853 0.000000 0.000000 0.000000 51 20
D/MotionEngine( 1036): [MotionEngine] -> PR_MOVE -> Move Recognition Lv(1)
V/audio_hw_primary(  303): offload_thread_loop RUNNING
I/AudioPlayer(  303): fillBuffer() offload, delay (2039008), fillBuffer internal return (31418), request_size (32768), return size (32768)
D/MotionEngine( 1036): [@@@ Motion Engine @@@] GetMotionScenarioId -0.787692 4.598064 8.497621 0.000000 0.000000 0.000000 51 20
D/STATUSBAR-WifiQuickSettingButton( 1505): onWifiSignalChanged enabled=true enabledDesc:"ZZL-309"
D/StatusBar.MSimNetworkController( 1505): applyCU
D/StatusBar.MSimNetworkController( 1505): applyCU
D/StatusBar.MSimNetworkController( 1505): applyCU
D/StatusBar.MSimNetworkController( 1505): applyCU
D/StatusBar.MSimNetworkController( 1505): getNumberOfActiveSim:0
D/MotionEngine( 1036): [@@@ Motion Engine @@@] GetMotionScenarioId -0.780510 4.622006 8.436568 0.000000 0.000000 0.000000 51 20
V/audio_hw_primary(  303): offload_thread_loop RUNNING
I/AudioPlayer(  303): fillBuffer() offload, delay (2071377), fillBuffer internal return (30821), request_size (32768), return size (32768)
D/MotionEngine( 1036): [MotionEngine] -> PR_MOVE -> Move Recognition Lv(1)
D/MotionEngine( 1036): [@@@ Motion Engine @@@] GetMotionScenarioId -0.779313 4.612430 8.458116 0.000000 0.000000 0.000000 51 20
I/TLC_TIMA_PKM_measure_kernel( 1036): TIMA: response_id = 3
I/TLC_TIMA_PKM_measure_kernel( 1036): TIMA: response ret = 0, result_ondemand = MSG=Kernel Verification Success;
D/MotionEngine( 1036): [@@@ Motion Engine @@@] GetMotionScenarioId -0.774524 4.640562 8.441956 0.000000 0.000000 0.000000 51 20
D/KeyguardUpdateMonitor( 1505): received broadcast android.intent.action.TIME_TICK
D/KeyguardUpdateMonitor( 1505): handleTimeUpdate
D/KeyguardEffectViewController( 1505): onReceive action : android.intent.action.TIME_TICK
I/KeyguardEffectViewController( 1505): *** don't update sliding image ***
D/KeyguardUpdateMonitor( 1505): received broadcast android.intent.action.BATTERY_CHANGED
D/KeyguardUpdateMonitor( 1505): handleBatteryUpdate
D/MusicService(12247): mSystemReceiver - batteryLevel: 75 batteryStatus: 2
D/DateView( 1505): regionalDateFormat = 3333/11/22 isRTLlanguage = false returnDateFormat = MMMM d, E
D/DateView( 1505): regionalDateFormat = 3333/11/22 isRTLlanguage = false returnDateFormat = MMMM d, E
I/wpa_supplicant( 1566): wlan0: State: COMPLETED -> GROUP_HANDSHAKE
I/wpa_supplicant( 1566): CTRL-EVENT-STATE-CHANGE id=31 state=8 BSSID=EC.19.E2 SSID=5A5A4C2D333039
I/wpa_supplicant( 1566): wlan0: WPA: Group rekeying completed with ec:26:ca:3c:19:e2 [GTK=CCMP]
I/wpa_supplicant( 1566): wlan0: State: GROUP_HANDSHAKE -> COMPLETED
I/wpa_supplicant( 1566): Blacklist: Clear (temp) 
I/wpa_supplicant( 1566): CTRL-EVENT-STATE-CHANGE id=31 state=9 BSSID=EC.19.E2 SSID=5A5A4C2D333039
D/SecContentProvider2( 1036): uri = 20 selection = getPromptCredentialsEnabled
D/SecContentProvider2( 1036): mCursor = null
D/SecContentProvider2( 1036): uri = 20 selection = getPromptCredentialsEnabled
D/SecContentProvider2( 1036): mCursor = null
V/audio_hw_primary(  303): offload_thread_loop RUNNING
I/AudioPlayer(  303): fillBuffer() offload, delay (2028716), fillBuffer internal return (33262), request_size (32768), return size (32768)
D/MotionEngine( 1036): [@@@ Motion Engine @@@] GetMotionScenarioId -0.778116 4.648941 8.485051 0.000000 0.000000 0.000000 51 20
D/MotionEngine( 1036): [MotionEngine] -> PR_MOVE -> Move Recognition Lv(1)
D/STATUSBAR-WifiQuickSettingButton( 1505): onWifiSignalChanged enabled=true enabledDesc:"ZZL-309"
D/StatusBar.MSimNetworkController( 1505): applyCU
D/StatusBar.MSimNetworkController( 1505): applyCU
D/StatusBar.MSimNetworkController( 1505): applyCU
D/StatusBar.MSimNetworkController( 1505): applyCU
D/StatusBar.MSimNetworkController( 1505): getNumberOfActiveSim:0
D/MotionEngine( 1036): [@@@ Motion Engine @@@] GetMotionScenarioId -0.780510 4.610035 8.389283 0.000000 0.000000 0.000000 51 20
D/STATUSBAR-WifiQuickSettingButton( 1505): onWifiSignalChanged enabled=true enabledDesc:"ZZL-309"
D/StatusBar.MSimNetworkController( 1505): applyCU
D/StatusBar.MSimNetworkController( 1505): applyCU
D/StatusBar.MSimNetworkController( 1505): applyCU
D/StatusBar.MSimNetworkController( 1505): applyCU
D/StatusBar.MSimNetworkController( 1505): getNumberOfActiveSim:0
V/audio_hw_primary(  303): offload_thread_loop RUNNING
I/AudioPlayer(  303): fillBuffer() offload, delay (2044169), fillBuffer internal return (31033), request_size (32768), return size (32768)
D/MotionEngine( 1036): [@@@ Motion Engine @@@] GetMotionScenarioId -0.770334 4.523844 8.266580 0.000000 0.000000 0.000000 51 20
D/SensorService( 1036): [SO] -0.768 4.560 8.610
D/MotionEngine( 1036): [MotionEngine] -> PR_MOVE -> Move Recognition Lv(1)
D/STATUSBAR-WifiQuickSettingButton( 1505): onWifiSignalChanged enabled=true enabledDesc:"ZZL-309"
D/StatusBar.MSimNetworkController( 1505): applyCU
D/StatusBar.MSimNetworkController( 1505): applyCU
D/StatusBar.MSimNetworkController( 1505): applyCU
D/StatusBar.MSimNetworkController( 1505): applyCU
D/StatusBar.MSimNetworkController( 1505): getNumberOfActiveSim:0
I/wpa_supplicant( 1566): wlan0: State: COMPLETED -> GROUP_HANDSHAKE
I/wpa_supplicant( 1566): CTRL-EVENT-STATE-CHANGE id=31 state=8 BSSID=EC.19.E2 SSID=5A5A4C2D333039
I/wpa_supplicant( 1566): wlan0: WPA: Group rekeying completed with ec:26:ca:3c:19:e2 [GTK=CCMP]
I/wpa_supplicant( 1566): wlan0: State: GROUP_HANDSHAKE -> COMPLETED
I/wpa_supplicant( 1566): Blacklist: Clear (temp) 
I/wpa_supplicant( 1566): CTRL-EVENT-STATE-CHANGE id=31 state=9 BSSID=EC.19.E2 SSID=5A5A4C2D333039
D/SecContentProvider2( 1036): uri = 20 selection = getPromptCredentialsEnabled
D/SecContentProvider2( 1036): mCursor = null
D/SecContentProvider2( 1036): uri = 20 selection = getPromptCredentialsEnabled
D/SecContentProvider2( 1036): mCursor = null
D/MotionEngine( 1036): [@@@ Motion Engine @@@] GetMotionScenarioId -0.787692 4.626196 8.427590 0.000000 0.000000 0.000000 51 20
V/audio_hw_primary(  303): offload_thread_loop RUNNING
I/AudioPlayer(  303): fillBuffer() offload, delay (2056935), fillBuffer internal return (31888), request_size (32768), return size (32768)
D/MotionEngine( 1036): [@@@ Motion Engine @@@] GetMotionScenarioId -0.764349 4.568736 8.459911 0.000000 0.000000 0.000000 51 20
D/STATUSBAR-WifiQuickSettingButton( 1505): onWifiSignalChanged enabled=true enabledDesc:"ZZL-309"
D/StatusBar.MSimNetworkController( 1505): applyCU
D/StatusBar.MSimNetworkController( 1505): applyCU
D/StatusBar.MSimNetworkController( 1505): applyCU
D/StatusBar.MSimNetworkController( 1505): applyCU
D/StatusBar.MSimNetworkController( 1505): getNumberOfActiveSim:0
D/MotionEngine( 1036): [MotionEngine] -> PR_MOVE -> Move Recognition Lv(1)
D/MotionEngine( 1036): [@@@ Motion Engine @@@] GetMotionScenarioId -0.791284 4.622605 8.455722 0.000000 0.000000 0.000000 51 20
V/audio_hw_primary(  303): offload_thread_loop RUNNING
I/AudioPlayer(  303): fillBuffer() offload, delay (2039686), fillBuffer internal return (37101), request_size (32768), return size (32768)
D/MotionEngine( 1036): [@@@ Motion Engine @@@] GetMotionScenarioId -0.787692 4.607641 8.439561 0.000000 0.000000 0.000000 51 20
D/STATUSBAR-WifiQuickSettingButton( 1505): onWifiSignalChanged enabled=true enabledDesc:"ZZL-309"
D/StatusBar.MSimNetworkController( 1505): applyCU
D/StatusBar.MSimNetworkController( 1505): applyCU
D/StatusBar.MSimNetworkController( 1505): applyCU
D/StatusBar.MSimNetworkController( 1505): applyCU
D/StatusBar.MSimNetworkController( 1505): getNumberOfActiveSim:0
D/MotionEngine( 1036): [MotionEngine] -> PR_MOVE -> Move Recognition Lv(1)
D/MotionEngine( 1036): [@@@ Motion Engine @@@] GetMotionScenarioId -0.779313 4.642357 8.467094 0.000000 0.000000 0.000000 51 20
D/Sensorhubs(  310): readContextData: 1, 1, 7, 0
D/SensorHubManager( 1036): onGetSensorHubDataLocked: library(4) = 1, 1, 7, 0
D/CAE     ( 1036): onGetSensorHubData(SensorHubParserProvider.java:87) - onGetSensorHubData Event [event buffer len :4], AP_WAKEUP
I/CAE     ( 1036): parse(SensorHubParserProvider.java:166) - buffer size = 4
I/CAE     ( 1036): parse(SensorHubParserProvider.java:177) - 1, 1, 7, 0,
D/CAE     ( 1036): display(ContextProvider.java:365) - ================= AUTO_ROTATION =================
I/CAE     ( 1036): display(ContextProvider.java:381) - Angle=[0]
D/SContextService( 1036): updateSContext() : event = Auto Rotation
V/WindowOrientationListener( 1036): mSContextAutoRotationListener.onSContextChanged, Rotation: 0
D/SensorService( 1036): [SO] -0.792 4.646 8.269
D/SensorService( 1036): [SO] [255 -> 0]
D/SensorService( 1036): [SO] -0.794 4.605 8.351
D/SensorService( 1036): [SO] [0 -> 255]
D/STATUSBAR-WifiQuickSettingButton( 1505): onWifiSignalChanged enabled=true enabledDesc:"ZZL-309"
D/StatusBar.MSimNetworkController( 1505): applyCU
D/StatusBar.MSimNetworkController( 1505): applyCU
D/StatusBar.MSimNetworkController( 1505): applyCU
D/StatusBar.MSimNetworkController( 1505): applyCU
D/StatusBar.MSimNetworkController( 1505): getNumberOfActiveSim:0
V/audio_hw_primary(  303): offload_thread_loop RUNNING
I/AudioPlayer(  303): fillBuffer() offload, delay (2071230), fillBuffer internal return (31013), request_size (32768), return size (32768)
D/MotionEngine( 1036): [@@@ Motion Engine @@@] GetMotionScenarioId -0.784700 4.610035 8.510190 0.000000 0.000000 0.000000 51 20
D/MotionEngine( 1036): [MotionEngine] -> PR_MOVE -> Move Recognition Lv(1)
D/MotionEngine( 1036): [@@@ Motion Engine @@@] GetMotionScenarioId -0.775123 4.610035 8.446145 0.000000 0.000000 0.000000 51 20
V/audio_hw_primary(  303): offload_thread_loop RUNNING
I/AudioPlayer(  303): fillBuffer() offload, delay (2030205), fillBuffer internal return (31926), request_size (32768), return size (32768)
D/MotionEngine( 1036): [@@@ Motion Engine @@@] GetMotionScenarioId -0.777517 4.628591 8.435371 0.000000 0.000000 0.000000 51 20
D/SensorService( 1036): [SO] -0.797 4.624 8.426
D/MotionEngine( 1036): [@@@ Motion Engine @@@] GetMotionScenarioId -0.779911 4.631583 8.412626 0.000000 0.000000 0.000000 51 20
D/MotionEngine( 1036): [MotionEngine] -> PR_MOVE -> Move Recognition Lv(1)
V/audio_hw_primary(  303): offload_thread_loop RUNNING
I/AudioPlayer(  303): fillBuffer() offload, delay (2038830), fillBuffer internal return (30994), request_size (32768), return size (32768)
D/MotionEngine( 1036): [@@@ Motion Engine @@@] GetMotionScenarioId -0.794875 4.627393 8.459911 0.000000 0.000000 0.000000 51 20
D/MotionEngine( 1036): [@@@ Motion Engine @@@] GetMotionScenarioId -0.787094 4.625597 8.447941 0.000000 0.000000 0.000000 51 20
D/SecContentProvider2( 1036): uri = 14 selection = getSealedState
D/SecContentProvider2( 1036): mCursor = null
D/ApplicationPolicy( 1036): isStatusBarNotificationAllowedAsUser: packageName = com.tencent.android.qqdownloader,userId = 0
V/ApplicationPolicy( 1036): isApplicationStateBlocked userId 0 pkgname com.tencent.android.qqdownloader
D/StatusBar( 1505): ----- contentsUnchanged : true, bigContentsUnchanged - true, headsUpContentsUnchanged - true , publicUnchanged true
D/PersonaManager( 1505): isKioskContainerExistOnDevice
D/PersonaManager( 1505): isKioskContainerExistOnDevice
D/StatusBar( 1505): getNumberOfActiveSim:0
D/PanelView( 1505): There is/are notification(s) 
D/PanelView( 1505): There is/are notification(s) 
D/PersonaManager( 1505): isKioskContainerExistOnDevice
D/StatusBar( 1505): getNumberOfActiveSim:0
D/PanelView( 1505): There is/are notification(s) 
D/MotionEngine( 1036): [MotionEngine] -> PR_MOVE -> Move Recognition Lv(1)
V/audio_hw_primary(  303): offload_thread_loop RUNNING
I/AudioPlayer(  303): fillBuffer() offload, delay (2059461), fillBuffer internal return (32095), request_size (32768), return size (32768)
D/MotionEngine( 1036): [@@@ Motion Engine @@@] GetMotionScenarioId -0.767342 4.615422 8.431780 0.000000 0.000000 0.000000 51 20
E/Zygote  (15335): MountEmulatedStorage()
E/Zygote  (15335): v2
I/SELinux (15335): Function: selinux_compare_spd_ram , priority [2] , priority version is VE=SEPF_SM-N9002_5.0-1_0039
E/SELinux (15335): [DEBUG] get_category: variable seinfo: default sensitivity: NULL, cateogry: NULL
D/STATUSBAR-WifiQuickSettingButton( 1505): onWifiSignalChanged enabled=true enabledDesc:"ZZL-309"
D/StatusBar.MSimNetworkController( 1505): applyCU
D/StatusBar.MSimNetworkController( 1505): applyCU
D/MusicService(12247): mSystemReceiver - batteryLevel: 75 batteryStatus: 2
D/StatusBar.MSimNetworkController( 1505): applyCU
D/StatusBar.MSimNetworkController( 1505): applyCU
D/StatusBar.MSimNetworkController( 1505): getNumberOfActiveSim:0
D/KeyguardUpdateMonitor( 1505): received broadcast android.intent.action.BATTERY_CHANGED
D/KeyguardUpdateMonitor( 1505): handleBatteryUpdate
D/TimaKeyStoreProvider(15335): TimaSignature is unavailable
D/ActivityThread(15335): Added TimaKeyStore provider
D/ResourcesManager(15335): creating new AssetManager and set to /data/app/com.qihoo.appstore-2/base.apk
D/MotionEngine( 1036): [@@@ Motion Engine @@@] GetMotionScenarioId -0.790685 4.632182 8.426393 0.000000 0.000000 0.000000 51 20
D/STATUSBAR-WifiQuickSettingButton( 1505): onWifiSignalChanged enabled=true enabledDesc:"ZZL-309"
D/StatusBar.MSimNetworkController( 1505): applyCU
D/StatusBar.MSimNetworkController( 1505): applyCU
D/StatusBar.MSimNetworkController( 1505): applyCU
D/StatusBar.MSimNetworkController( 1505): applyCU
D/StatusBar.MSimNetworkController( 1505): getNumberOfActiveSim:0
I/MultiDex(15335): VM with version 2.1.0 has multidex support
I/MultiDex(15335): install
I/MultiDex(15335): VM has multidex support, MultiDex support library is disabled.
D/EnterpriseController(  290): mIsMarkChainAdded is 0 mIsBlockChainAdded is 0 netId is 0
D/Netd    (  290): getNetworkForDns: using netid 511 for uid 10614
D/DnsProxyListener(  290): DnsProxyListener::GetHostByNameHandler::run, mName : s.appjiagu.com, mAf: 2 
D/MotionEngine( 1036): [MotionEngine] -> PR_MOVE -> Move Recognition Lv(1)
V/audio_hw_primary(  303): offload_thread_loop RUNNING
I/AudioPlayer(  303): fillBuffer() offload, delay (2039362), fillBuffer internal return (30368), request_size (32768), return size (32768)
W/Settings(15335): Setting android_id has moved from android.provider.Settings.System to android.provider.Settings.Secure, returning read-only value.
W/Settings(15335): Setting android_id has moved from android.provider.Settings.System to android.provider.Settings.Secure, returning read-only value.
D/MotionEngine( 1036): [@@@ Motion Engine @@@] GetMotionScenarioId -0.773926 4.617218 8.434174 0.000000 0.000000 0.000000 51 20
W/ContextImpl(15335): Implicit intents with startService are not safe: Intent { act=com.qihoo.appstore.ACTION_EVENT_STAT (has extras) } android.content.ContextWrapper.startService:533 com.qihoo.core.CoreService.a:746 com.qihoo.core.CoreService.onStartCommand:305 
E/Zygote  (15399): MountEmulatedStorage()
E/Zygote  (15399): v2
I/SELinux (15399): Function: selinux_compare_spd_ram , priority [2] , priority version is VE=SEPF_SM-N9002_5.0-1_0039
E/SELinux (15399): [DEBUG] get_category: variable seinfo: default sensitivity: NULL, cateogry: NULL
D/TimaKeyStoreProvider(15399): TimaSignature is unavailable
D/ActivityThread(15399): Added TimaKeyStore provider
D/ResourcesManager(15399): creating new AssetManager and set to /data/app/com.qihoo.appstore-2/base.apk
D/STATUSBAR-WifiQuickSettingButton( 1505): onWifiSignalChanged enabled=true enabledDesc:"ZZL-309"
D/StatusBar.MSimNetworkController( 1505): applyCU
D/StatusBar.MSimNetworkController( 1505): applyCU
D/StatusBar.MSimNetworkController( 1505): applyCU
D/StatusBar.MSimNetworkController( 1505): applyCU
D/StatusBar.MSimNetworkController( 1505): getNumberOfActiveSim:0
I/System.out(15335): (HTTPLog)-Static: isSBSettingEnabled false
I/System.out(15335): (HTTPLog)-Static: isShipBuild true
I/System.out(15335): (HTTPLog)-Thread-2422-666806621: SmartBonding Enabling is false, SHIP_BUILD is true, log to file is false, DBG is false
I/System.out(15335): (HTTPLog)-Static: isSBSettingEnabled false
D/EnterpriseController(  290): mIsMarkChainAdded is 0 mIsBlockChainAdded is 0 netId is 0
D/Netd    (  290): getNetworkForDns: using netid 511 for uid 10614
I/System.out(15335): KnoxVpnUidStorageknoxVpnSupported API value returned is false
I/MultiDex(15399): VM with version 2.1.0 has multidex support
I/MultiDex(15399): install
I/MultiDex(15399): VM has multidex support, MultiDex support library is disabled.
D/MotionEngine( 1036): [@@@ Motion Engine @@@] GetMotionScenarioId -0.775721 4.621408 8.450335 0.000000 0.000000 0.000000 51 20
I/dex2oat (15473): ----------------------------------------------------
I/dex2oat (15473): <SS>: S T A R T I N G . . .
I/dex2oat (15473): <SS>: Zip is absent. Canceled.
I/dex2oat (15473): /system/bin/dex2oat --runtime-arg -classpath --runtime-arg  --instruction-set=arm --instruction-set-features=div --runtime-arg -Xrelocate --boot-image=/system/framework/boot.art --dex-file=/data/data/com.qihoo.appstore/files/sllak/core/finalcore.jar --oat-fd=50 --art-fd=-1 --oat-location=/data/data/com.qihoo.appstore/files/sllak/opt/15399/finalcore.dex --runtime-arg -Xms64m --runtime-arg -Xmx512m
W/System.err(11064): android.content.pm.PackageManager$NameNotFoundException: com.qihoo.daemon
W/System.err(11064): 	at android.app.ApplicationPackageManager.getApplicationInfo(ApplicationPackageManager.java:304)
W/System.err(11064): 	at com.tencent.nucleus.manager.usagestats.UsagestatsSTManager.a(ProGuard:746)
W/System.err(11064): 	at com.tencent.nucleus.manager.floatingwindow.manager.t.handleMessage(ProGuard:374)
W/System.err(11064): 	at android.os.Handler.dispatchMessage(Handler.java:102)
W/System.err(11064): 	at android.os.Looper.loop(Looper.java:145)
W/System.err(11064): 	at android.os.HandlerThread.run(HandlerThread.java:61)
V/audio_hw_primary(  303): offload_thread_loop RUNNING
I/AudioPlayer(  303): fillBuffer() offload, delay (2068425), fillBuffer internal return (29872), request_size (32768), return size (32768)
I/art     ( 1036): Explicit concurrent mark sweep GC freed 68028(3MB) AllocSpace objects, 45(3MB) LOS objects, 22% free, 55MB/71MB, paused 1.673ms total 163.458ms
I/dex2oat (15473): dex2oat took 271.439ms (threads: 4)
E/File    (15399): fail readDirectory() errno=2
D/LocationManagerService( 1036): getProviders()=[passive, gps, network]
D/MotionEngine( 1036): [MotionEngine] -> PR_MOVE -> Move Recognition Lv(1)
E/File    (15399): fail readDirectory() errno=2
W/Settings(15399): Setting android_id has moved from android.provider.Settings.System to android.provider.Settings.Secure, returning read-only value.
D/LocationManagerService( 1036): request 35a42df4 network Request[POWER_LOW network requested=+10s0ms fastest=+10s0ms] from com.qihoo.appstore(10614)
D/LocationManagerService( 1036): provider request: network ProviderRequest[ON interval=+10s0ms]
D/FusedLocationReceiver( 1733): BroadcastReceiver : LOCATION_REQUEST
D/FusedDetector( 1733): manageLocationRequest, new request from com.qihoo.appstore
D/baidu_location_Client( 1726): request location ...
D/baidu_location_Client( 1726): onSetOption...
D/baidu_location_Client( 1726): change option ...
D/baidu_location_Client( 1726): send request to server...
I/wifiscan( 1726): android.os.Build.VERSION.SDK_INT =21
I/wifiscan( 1726): mOption.scanSpan =10000
D/baidu_location_service( 1726): check open gps...
D/baidu_location_service( 1726): check open gps:false
D/baidu_location_service( 1726): on request location ...
D/wifiscan service( 1726): wifimanager start scan ...
I/System.out(15399): (HTTPLog)-Static: isSBSettingEnabled false
I/System.out(15399): (HTTPLog)-Static: isShipBuild true
I/System.out(15399): (HTTPLog)-Thread-2438-430588851: SmartBonding Enabling is false, SHIP_BUILD is true, log to file is false, DBG is false
I/System.out(15399): (HTTPLog)-Static: isSBSettingEnabled false
E/WifiStateMachine( 1036): WifiStateMachine CMD_START_SCAN source 10023 txSuccessRate=9.43 rxSuccessRate=46.72 targetRoamBSSID=ec:26:ca:3c:19:e2 RSSI=-44
I/wpa_supplicant( 1566): wlan0: Setting scan request: 0 sec 0 usec
I/wpa_supplicant( 1566): P2P: Current p2p state = IDLE
D/EnterpriseController(  290): mIsMarkChainAdded is 0 mIsBlockChainAdded is 0 netId is 0
D/Netd    (  290): getNetworkForDns: using netid 511 for uid 10614
I/wpa_supplicant( 1566): Scan requested (ret=0) - scan timeout 30 seconds
I/System.out(15399): Thread-2445(ApacheHTTPLog):Reading from variable values from setDefaultValuesToVariables
I/System.out(15399): Thread-2445(ApacheHTTPLog):isShipBuild true
I/System.out(15399): Thread-2445(ApacheHTTPLog):SmartBonding Enabling is true, SHIP_BUILD is true, log to file is false, DBG is false
D/EnterpriseController(  290): mIsMarkChainAdded is 0 mIsBlockChainAdded is 0 netId is 0
D/Netd    (  290): getNetworkForDns: using netid 511 for uid 10614
W/Settings(15399): Setting android_id has moved from android.provider.Settings.System to android.provider.Settings.Secure, returning read-only value.
W/ContextImpl(15399): Implicit intents with startService are not safe: Intent { act=com.qihoo.appstore.floatwin.FloatWindowService (has extras) } android.content.ContextWrapper.startService:533 com.qihoo.appstore.floatwin.FloatWindowService.a:49 com.qihoo.appstore.base.AppStoreApplication.a:486 
I/art     (11034): Explicit concurrent mark sweep GC freed 19116(1011KB) AllocSpace objects, 1(16KB) LOS objects, 39% free, 24MB/40MB, paused 6.442ms total 94.290ms
W/System.err(15399): java.lang.InstantiationException: class com.qihoo.l.a has no zero argument constructor
W/System.err(15399): 	at java.lang.Class.newInstance(Class.java:1641)
W/System.err(15399): 	at com.qihoo.sdk.report.common.d.a(AppStore:1123)
W/System.err(15399): 	at com.qihoo.sdk.report.b.a$1.run(AppStore:65)
W/System.err(15399): 	at java.util.concurrent.ThreadPoolExecutor.runWorker(ThreadPoolExecutor.java:1112)
W/System.err(15399): 	at java.util.concurrent.ThreadPoolExecutor$Worker.run(ThreadPoolExecutor.java:587)
W/System.err(15399): 	at java.lang.Thread.run(Thread.java:818)
W/System.err(15399): Caused by: java.lang.NoSuchMethodException: <init> []
W/System.err(15399): 	at java.lang.Class.getConstructor(Class.java:531)
W/System.err(15399): 	at java.lang.Class.getDeclaredConstructor(Class.java:510)
W/System.err(15399): 	at java.lang.Class.newInstance(Class.java:1639)
W/System.err(15399): 	... 5 more
D/AndroidRuntime(15482): 
D/AndroidRuntime(15482): >>>>>> AndroidRuntime START com.android.internal.os.RuntimeInit <<<<<<
D/AndroidRuntime(15482): CheckJNI is OFF
D/AndroidRuntime(15482): readGMSProperty: start
D/AndroidRuntime(15482): readGMSProperty: already setted!!
I/System.out(15399): KnoxVpnUidStorageknoxVpnSupported API value returned is false
D/AndroidRuntime(15482): readGMSProperty: could not set the property(default)!!
D/AndroidRuntime(15482): readGMSProperty: end
D/AndroidRuntime(15482): addProductProperty: start
D/MotionEngine( 1036): [@@@ Motion Engine @@@] GetMotionScenarioId -0.791882 4.624401 8.415619 0.000000 0.000000 0.000000 51 20
E/AffinityControl(15482): AffinityControl: registerfunction enter
D/AndroidRuntime(15482): Calling main entry com.android.commands.pm.Pm
I/System.out(15399): pool-8-thread-1 calls detatch()
I/art     (15399): Explicit concurrent mark sweep GC freed 62965(3MB) AllocSpace objects, 35(1350KB) LOS objects, 24% free, 19MB/26MB, paused 2.603ms total 62.035ms
W/ContextImpl(15399): Failed to ensure directory: /storage/extSdCard/Android/data/com.qihoo.appstore/files/dcsdk
D/AndroidRuntime(15482): Shutting down VM
W/ContextImpl(15335): Failed to ensure directory: /storage/extSdCard/Android/data/com.qihoo.appstore/files/dcsdk
I/System.out(15335): (HTTPLog)-Static: isSBSettingEnabled false
D/EnterpriseController(  290): mIsMarkChainAdded is 0 mIsBlockChainAdded is 0 netId is 0
D/Netd    (  290): getNetworkForDns: using netid 511 for uid 10614
D/LocationManagerService( 1036): getLastLocation: Request[POWER_LOW network requested=0 fastest=0 num=1]
D/LocationManagerService( 1036): getLastLocation: Request[POWER_LOW network requested=0 fastest=0 num=1]
I/System.out(15399): (HTTPLog)-Static: isSBSettingEnabled false
W/art     (15482): ConditionVariable::~ConditionVariable for GC request condition variable called with 1 waiters.
I/System.out(15335): KnoxVpnUidStorageknoxVpnSupported API value returned is false
D/LocationManagerService( 1036): getLastLocation: Request[POWER_LOW network requested=0 fastest=0 num=1]
D/LocationManagerService( 1036): getLastLocation: Request[POWER_LOW network requested=0 fastest=0 num=1]
E/AKAD    (15399): 6
I/System.out(15399): (HTTPLog)-Static: isSBSettingEnabled false
D/EnterpriseController(  290): mIsMarkChainAdded is 0 mIsBlockChainAdded is 0 netId is 0
D/Netd    (  290): getNetworkForDns: using netid 511 for uid 10614
I/System.out(15399): KnoxVpnUidStorageknoxVpnSupported API value returned is false
E/Zygote  (15539): MountEmulatedStorage()
E/Zygote  (15539): v2
I/SELinux (15539): Function: selinux_compare_spd_ram , priority [2] , priority version is VE=SEPF_SM-N9002_5.0-1_0039
E/SELinux (15539): [DEBUG] get_category: variable seinfo: platform sensitivity: NULL, cateogry: NULL
D/TimaKeyStoreProvider(15539): TimaSignature is unavailable
D/ActivityThread(15539): Added TimaKeyStore provider
D/ResourcesManager(15539): creating new AssetManager and set to /system/priv-app/DefaultContainerService/DefaultContainerService.apk
E/installd(  306): system dir 0 : /system/app/
E/installd(  306): system dir 0 : /system/app/
E/installd(  306): system dir 0 : /system/app/
E/installd(  306): system dir 0 : /system/app/
E/installd(  306): system dir 0 : /system/app/
E/installd(  306): system dir 0 : /system/app/
E/installd(  306): system dir 1 : /system/priv-app/
E/installd(  306): system dir 0 : /system/app/
E/installd(  306): system dir 1 : /system/priv-app/
D/MotionEngine( 1036): [@@@ Motion Engine @@@] GetMotionScenarioId -0.779313 4.612430 8.411429 0.000000 0.000000 0.000000 51 20
E/installd(  306): system dir 0 : /system/app/
E/installd(  306): system dir 1 : /system/priv-app/
E/installd(  306): system dir 0 : /system/app/
E/installd(  306): system dir 0 : /system/app/
E/installd(  306): system dir 0 : /system/app/
E/installd(  306): system dir 0 : /system/app/
E/installd(  306): system dir 0 : /system/app/
E/installd(  306): system dir 1 : /system/priv-app/
E/installd(  306): system dir 0 : /system/app/
E/installd(  306): system dir 0 : /system/app/
E/CoreDaemonUtils(15335): getLibDir/data/app/com.qihoo.appstore-2/lib/arm
E/installd(  306): system dir 0 : /system/app/
E/installd(  306): system dir 0 : /system/app/
E/installd(  306): system dir 0 : /system/app/
E/installd(  306): system dir 0 : /system/app/
E/installd(  306): system dir 1 : /system/priv-app/
E/installd(  306): system dir 0 : /system/app/
E/installd(  306): system dir 0 : /system/app/
E/installd(  306): system dir 0 : /system/app/
W/System.err(15335): java.lang.InstantiationException: class com.qihoo.l.a has no zero argument constructor
W/System.err(15335): 	at java.lang.Class.newInstance(Class.java:1641)
W/System.err(15335): 	at com.qihoo.sdk.report.common.d.a(AppStore:1123)
W/System.err(15335): 	at com.qihoo.sdk.report.b.a$1.run(AppStore:65)
W/System.err(15335): 	at java.util.concurrent.ThreadPoolExecutor.runWorker(ThreadPoolExecutor.java:1112)
W/System.err(15335): 	at java.util.concurrent.ThreadPoolExecutor$Worker.run(ThreadPoolExecutor.java:587)
W/System.err(15335): 	at java.lang.Thread.run(Thread.java:818)
W/System.err(15335): Caused by: java.lang.NoSuchMethodException: <init> []
W/System.err(15335): 	at java.lang.Class.getConstructor(Class.java:531)
W/System.err(15335): 	at java.lang.Class.getDeclaredConstructor(Class.java:510)
W/System.err(15335): 	at java.lang.Class.newInstance(Class.java:1639)
W/System.err(15335): 	... 5 more
E/installd(  306): system dir 0 : /system/app/
E/installd(  306): system dir 0 : /system/app/
E/installd(  306): system dir 1 : /system/priv-app/
E/installd(  306): system dir 0 : /system/app/
E/installd(  306): system dir 1 : /system/priv-app/
E/installd(  306): system dir 2 : /vendor/app/
E/installd(  306): system dir 3 : /oem/app/
D/SensorService( 1036): [SO] -0.795 4.636 8.429
V/audio_hw_primary(  303): offload_thread_loop RUNNING
I/AudioPlayer(  303): fillBuffer() offload, delay (2029334), fillBuffer internal return (30604), request_size (32768), return size (32768)
D/AndroidRuntime(15559): 
D/AndroidRuntime(15559): >>>>>> AndroidRuntime START com.android.internal.os.RuntimeInit <<<<<<
D/AndroidRuntime(15559): CheckJNI is OFF
D/AndroidRuntime(15559): readGMSProperty: start
D/AndroidRuntime(15559): readGMSProperty: already setted!!
D/AndroidRuntime(15559): readGMSProperty: could not set the property(default)!!
D/AndroidRuntime(15559): readGMSProperty: end
D/AndroidRuntime(15559): addProductProperty: start
E/DaemonThread(15335): countProcess => 0
E/installd(  306): system dir 0 : /system/app/
E/installd(  306): system dir 1 : /system/priv-app/
E/installd(  306): system dir 2 : /vendor/app/
E/installd(  306): system dir 3 : /oem/app/
E/installd(  306): system dir 0 : /system/app/
E/installd(  306): system dir 1 : /system/priv-app/
E/installd(  306): system dir 2 : /vendor/app/
E/installd(  306): system dir 3 : /oem/app/
E/installd(  306): system dir 0 : /system/app/
E/AffinityControl(15559): AffinityControl: registerfunction enter
D/AndroidRuntime(15559): Calling main entry com.qihoo.appstore.rootcommand.persistent.CoreDaemon
D/CoreDaemon(15559): CoreDaemon main
E/installd(  306): system dir 0 : /system/app/
E/installd(  306): system dir 1 : /system/priv-app/
D/core_daemon(15559): _native_daemon run
D/core_daemon(15578): _native_keep_processalive run
E/installd(  306): system dir 0 : /system/app/
D/baidu_location_service( 1726): start network locating ...
E/installd(  306): system dir 0 : /system/app/
E/CoreDaemon(15579): getProcessName com.qihoo.appstore_CoreDaemon
E/CoreDaemon(15578): getProcessName com.qihoo.appstore_CoreDaemon
D/baidu_location_service( 1726): set cell info..
D/baidu_location_service( 1726): sim state:1
E/installd(  306): system dir 0 : /system/app/
I/wifiscan( 1726): wifi=8863dfcd22e9SSID: yuhui, BSSID: 88:63:df:cd:22:e9, HESSID: <none>, capabilities: [WPA2-PSK-CCMP][ESS], level: -47, frequency: 2462, timestamp: 9368176523, distance: ?(cm), distanceSd: ?(cm)ec26ca3c19e2SSID: ZZL-309, BSSID: ec:26:ca:3c:19:e2, HESSID: <none>, capabilities: [WPA-PSK-CCMP][WPA2-PSK-CCMP][ESS], level: -47, frequency: 2412, timestamp: 9368176495, distance: ?(cm), distanceSd: ?(cm)3c950978a3f3SSID: llll, BSSID: 3c:95:09:78:a3:f3, HESSID: <none>, capabilities: [WPA2-PSK-CCMP][ESS], level: -57, frequency: 2437, timestamp: 9368176511, distance: ?(cm), distanceSd: ?(cm)ec26ca3c2adcSSID: ZZL-208, BSSID: ec:26:ca:3c:2a:dc, HESSID: <none>, capabilities: [WPA-PSK-CCMP][WPA2-PSK-CCMP][ESS], level: -75, frequency: 2437, timestamp: 9363013216, distance: ?(cm), distanceSd: ?(cm)d8ae9006d1b1SSID: ChinaNet-b6e0, BSSID: d8:ae:90:06:d1:b1, HESSID: <none>, capabilities: [WPA-PSK-CCMP+TKIP][WPA2-PSK-CCMP+TKIP][ESS], level: -83, frequency: 2462, timestamp: 9363013236, distance: ?(cm), distanceSd: ?(cm)dcfe18518085SSID: TP-LINK_8085, BSSID: dc:fe:18:51:80:85, HESSID: <none>, capabilities: [WPA-PSK-CCMP][WPA2-PSK-CCMP][ESS], level: -83, frequency: 2437, timestamp: 9363013224, distance: ?(cm), distanceSd: ?(cm)ca50e92a54ceSSID: ChinaNet-6NpC, BSSID: ca:50:e9:2a:54:ce, HESSID: <none>, capabilities: [WPA-PSK-CCMP+TKIP][WPA2-PSK-CCMP+TKIP][ESS], level: -86, frequency: 2412, timestamp: 9368176505, distance: ?(cm), distanceSd: ?(cm)7cd1c386f704SSID: MacBook-Pro, BSSID: 7c:d1:c3:86:f7:04, HESSID: <none>, capabilities: [WPA2-PSK-CCMP][ESS], level: -87, frequency: 2462, timestamp: 9363013238, distance: ?(cm), distanceSd: ?(cm)78312b261213SSID: ChinaNet-UcMS, BSSID: 78:31:2b:26:12:13, HESSID: <none>, capabilities: [WPA-PSK-CCMP][WPA2-PSK-CCMP][WPS][ESS], level: -87, frequency: 2447, timestamp: 9363013228, distance: ?(cm), distanceSd: ?(cm)0a11b52631e9SSID: i-Shanghai, BSSID: 0a:11:b5:26:31:e9, HESSID: <none>, capabilities: [ESS], level: -87, frequency: 2412, timestamp: 9368176499, distance: ?(cm), distanceSd: ?(cm)ec26ca3c2ab2SSID: ZZL-311ap02, BSSID: ec:26:ca:3c:2a:b2, HESSID: <none>, capabilities: [WPA-PSK-CCMP][WPA2-PSK-CCMP][ESS], level: -88, frequency: 2462, timestamp: 9363013240, distance: ?(cm), distanceSd: ?(cm)a456023902a0SSID: 360WiFi-3902A0, BSSID: a4:56:02:39:02:a0, HESSID: <none>, capabilities: [WPA-PSK-CCMP][WPA2-PSK-CCMP][ESS], level: -89, frequency: 2457, timestamp: 9363013234, distance: ?(cm), distanceSd: ?(cm)0e11b52631e9SSID: and-Business, BSSID: 0e:11:b5:26:31:e9, HESSID: <none>, capabilities: [ESS], level: -89, frequency: 2412, timestamp: 9368176503, distance: ?(cm), distanceSd: ?(cm)0011b52631e9SSID: CMCC-WEB, BSSID: 00:11:b5:26:31:e9, HESSID: <none>, capabilities: [ESS], level: -90, frequency: 2412, timestamp: 9368176508, distance: ?(cm), distanceSd: ?(cm)78312b264138SSID: ChinaNet-Szj6, BSSID: 78:31:2b:26:41:38, HESSID: <none>, capabilities: [WPA-PSK-CCMP][WPA2-PSK-CCMP][WPS][ESS], level: -91, frequency: 2462, timestamp: 9368176525, distance: ?(cm), distanceSd: ?(cm)045fa72d86e4SSID: JCG-2D86E4, BSSID: 04:5f:a7:2d:86:e4, HESSID: <none>, capabilities: [WPA-PSK-CCMP][WPA2-PSK-CCMP][ESS], level: -91, frequency: 2437, timestamp: 9363013221, distance: ?(cm), distanceSd: ?(cm)286c070f237fSSID: Xiaomi_603, BSSID: 28:6c:07:0f:23:7f, HESSID: <none>, capabilities: [WPA-PSK-CCMP+TKIP][WPA2-PSK-CCMP+TKIP][WPS][ESS], level: -92, frequency: 2412, timestamp: 9363013211, distance: ?(cm), distanceSd: ?(cm)08107a25c882SSID: ChinaNet-2.4G-C882, BSSID: 08:10:7a:25:c8:82, HESSID: <none>, capabilities: [WPA-PSK-CCMP][WPA2-PSK-CCMP][WPS][ESS], level: -92, frequency: 2437, timestamp: 9368176514, distance: ?(cm), distanceSd: ?(cm)2cdd95180025SSID: ChinaNet-FVP9, BSSID: 2c:dd:95:18:00:25, HESSID: <none>, capabilities: [WPA-PSK-CCMP+TKIP][WPA2-PSK-CCMP+TKIP][ESS], level: -93, frequency: 2447, timestamp: 9368176519, distance: ?(cm), distanceSd: ?(cm)c4c7554d4190SSID: ChinaNet-gLF6, BSSID: c4:c7:55:4d:41:90, HESSID: <none>, capabilities: [WPA-PSK-CCMP+TKIP][WPA2-PSK-CCMP+TKIP][WPS][ESS], level: -93, frequency: 
D/baidu_location_service( 1726): same 6,total 30.000000,rate 0.500000...
D/baidu_location_service( 1726): generate locdata ...
D/baidu_location_service( 1726): set cell info..
D/baidu_location_service( 1726): sim state:1
E/installd(  306): system dir 0 : /system/app/
E/installd(  306): system dir 1 : /system/priv-app/
D/baidu_location_service( 1726): sim state:1,1
D/baidu_location_service( 1726): ec26ca3c19e22
E/installd(  306): system dir 0 : /system/app/
E/installd(  306): system dir 1 : /system/priv-app/
D/baidu_location_service( 1726): Neighbour:null
D/baidu_location_service( 1726): util format : &nw=g&cl=460|1|43028|11283625&cl_s=14&cl_t=1512367733050&clt=||||9568;&cs=1&wf=8863dfcd22e9;47;|ec26ca3c19e2;47;|3c950978a3f3;57;|ec26ca3c2adc;75;|d8ae9006d1b1;83;|dcfe18518085;83;|ca50e92a54ce;86;|7cd1c386f704;87;|78312b261213;87;|0a11b52631e9;87;|ec26ca3c2ab2;88;|a456023902a0;89;|0e11b52631e9;89;|0011b52631e9;90;|78312b264138;91;|045fa72d86e4;91;&wf_n=2&wf_st=0&wf_et=1512377301203&sdk=3.38&coor=wgs84&cu=6A6981390B03564FC3F057E5B51F5094|641513260422453&mb=SM-N9002&resid=11&os=A21&sv=5.0&cn=32&prod=SDK2.0:com.baidu.map.location|
D/baidu_location_service( 1726): number:534
D/baidu_location_service( 1726): /storage/emulated/0/baidu/tempdata/yoh.dat:get data from sd file...
D/baidu_location_service( 1726): /storage/emulated/0/baidu/tempdata/yom.dat:get data from sd file...
D/baidu_location_service( 1726): /storage/emulated/0/baidu/tempdata/yol.dat:get data from sd file...
D/baidu_location_service( 1726): /storage/emulated/0/baidu/tempdata/yor.dat:get data from sd file...
D/baidu_location_service( 1726): read the old file data...
D/baidu_location_service( 1726): upload man readfile does not exist...
D/baidu_location_service( 1726): upload man readfile does not exist...
D/baidu_location_service( 1726): upload man readfile does not exist...
E/installd(  306): system dir 0 : /system/app/
E/installd(  306): system dir 1 : /system/priv-app/
D/baidu_location_service( 1726): apn type : 3
D/EnterpriseController(  290): mIsMarkChainAdded is 0 mIsBlockChainAdded is 0 netId is 0
D/Netd    (  290): getNetworkForDns: using netid 511 for uid 10023
E/installd(  306): system dir 0 : /system/app/
E/installd(  306): system dir 0 : /system/app/
D/baidu_location_service( 1726): ===status error : 200
I/System.out( 1726): Thread-84 calls detatch()
