D/ZenModePanel( 1505): makeSubheadDescription : ringerMode = 2
D/ZenModePanel( 1505): makeSubheadDescription : subheadDescription = 
D/ZenModePanel( 1505): mZenSubhead.getWidth() = 0, mZenSubhead.getPaddingLeft() - 24, mZenSubhead.getPaddingRight() = 48, mMoreSettings.getWidth() = 0
W/InputMethodManager(14075): Ignoring onBind: cur seq=475, given seq=474
I/Timeline(14075): Timeline: Activity_idle id: android.os.BinderProxy@15d2e90c time:5495535
I/AudioPolicyManager(  303): getAudioPolicyConfig: situation=1;device=0
I/AudioPolicyManager(  303): getSituationVolume: isBTConnected:0 isHeadConnected:0
V/AudioPolicyManager(  303): deviceInt = 0, situationInt = 1, situationVolume = 0.500000
V/AudioPolicyManager(  303): getOutput() device 2, stream 1, samplingRate 0, format 0, channelMask 0, flags 3
V/AudioPolicyManager(  303): getOutputsForDevice device 0002 -> 0002
V/AudioPolicyManager(  303): getOutput() returns output 2
V/AudioPolicyManager(  303): getOutput() device 2, stream 1, samplingRate 0, format 0, channelMask 0, flags 3
V/AudioPolicyManager(  303): getOutputsForDevice device 0002 -> 0002
V/AudioPolicyManager(  303): getOutput() returns output 2
V/AudioPolicyManager(  303): getOutputForAttr() usage=13, content=4, tag= flags=00000000
V/AudioPolicyManager(  303): getOutputForAttr() device 2, samplingRate 48000, format 1, channelMask 1, flags 4
V/AudioPolicyManager(  303): getOutputsForDevice device 0002 -> 0002
V/AudioPolicyManager(  303): getOutput() returns output 2
V/AudioPolicyManager(  303): startOutput() output 2, stream 1, session 238
V/AudioPolicyManager(  303): changeRefCount() stream 1, count 1
V/AudioPolicyManager(  303): getNewOutputDevice() selected device 2
V/AudioPolicyManager(  303): setOutputDevice() output 2 device 0002 delayMs 0
V/AudioPolicyManager(  303): setOutputDevice() prevDevice 0002
V/AudioPolicyManager(  303): setOutputDevice() setting same device 0002 or null device for output 2
V/AudioPolicyManager(  303): releaseOutput() 2
I/SurfaceFlinger(  263): id=491 createSurf (193x193),1 flag=4, WolumePanel
I/InputDispatcher( 1036): Delivering key to (14075): action: 0x0 (0)
D/InputDispatcher( 1036): Waiting for application to become ready for input: xxxx Reason: Waiting to send key event because the focused window has not finished processing all of the input events that were previously delivered to it.  Outbound queue length: 0.  Wait queue length: 1.
D/ForegroundCallbacks(12668): went background
D/VolumePanel.3f5f287d( 1505): onVolumeChanged(streamType: 2, flags: 20)
D/VolumePanel( 1505): phoneIsOffhook : phoneOffhook = false
D/VolumePanel( 1505): Call setMode(ProgressBar.MODE_STANDARD)_#4
D/VolumePanel( 1505): onVolumeChanged : call resetTimeout()
D/VolumePanel.3f5f287d( 1505): resetTimeout at 1512377260574 delay=3000 touchExploration=false
D/VolumePanel( 1505): resetTimeout : call sendEmptyMessageDelayed : MSG_TIMEOUT
V/AudioPolicyManager(  303): getOutput() device 2, stream 2, samplingRate 0, format 0, channelMask 0, flags 3
V/AudioPolicyManager(  303): getOutputsForDevice device 0002 -> 0002
V/AudioPolicyManager(  303): getOutput() returns output 2
V/AudioPolicyManager(  303): getOutput() device 2, stream 2, samplingRate 0, format 0, channelMask 0, flags 3
V/AudioPolicyManager(  303): getOutputsForDevice device 0002 -> 0002
V/AudioPolicyManager(  303): getOutput() returns output 2
V/AudioPolicyManager(  303): getOutputForAttr() usage=6, content=4, tag= flags=00000000
V/AudioPolicyManager(  303): getOutputForAttr() device 2, samplingRate 44100, format 1, channelMask 3, flags 4
V/AudioPolicyManager(  303): getOutputsForDevice device 0002 -> 0002
V/AudioPolicyManager(  303): getOutput() returns output 2
W/AudioTrack( 1505): AUDIO_OUTPUT_FLAG_FAST denied by client
V/AudioPolicyManager(  303): startOutput() output 2, stream 2, session 239
V/AudioPolicyManager(  303): changeRefCount() stream 2, count 1
V/AudioPolicyManager(  303): getNewOutputDevice() selected device 2
V/AudioPolicyManager(  303): setOutputDevice() output 2 device 0002 delayMs 0
V/AudioPolicyManager(  303): setOutputDevice() prevDevice 0002
V/AudioPolicyManager(  303): setOutputDevice() setting same device 0002 or null device for output 2
V/AudioPolicyManager(  303): releaseOutput() 2
D/SoundAliveResampler(  303): [SoundAliveResampler] Init+++
V/AudioPolicyManager(  303): getOutputsForDevice device 0002 -> 0002
V/AudioPolicyManager(  303): getOutputsForDevice device 0002 -> 0002
V/AudioPolicyManager(  303): setStreamVolumeIndex() stream 2, device 0002, index 1
V/AudioPolicyManager(  303): setStreamVolumeIndex() stream 8, device 0002, index 1
D/VolumePanel.3f5f287d( 1505): onVolumeChanged(streamType: 2, flags: 17)
I/InputDispatcher( 1036): Delivering key to (14075): action: 0x1 (0)
D/VolumePanel( 1505): phoneIsOffhook : phoneOffhook = false
D/VolumePanel( 1505): Call setMode(ProgressBar.MODE_STANDARD)_#4
V/AudioPolicyManager(  303): getOutputsForDevice device 0002 -> 0002
I/AudioService( 1036): getStreamVolume 2 index 10
D/VolumePanel.3f5f287d( 1505): onShowVolumeChanged(streamType: 2, flags: 17), index: 1
D/RingtoneManager( 1505): getActualDefaultRingtoneUri  type    :1
D/RingtoneManager( 1505): checkDefaultRingtoneProperUri : InternalMediaAudio uriString not null    type:1
D/VolumePanel( 1505): updateSliderProgress : progress = 1
D/InputDispatcher( 1036): Waiting for application to become ready for input: xxxx Reason: Waiting to send key event because the focused window has not finished processing all of the input events that were previously delivered to it.  Outbound queue length: 0.  Wait queue length: 1.
D/VolumePanel( 1505): mCoverManager.getCoverState() : true
D/VolumePanel( 1505): onVolumeChanged : call resetTimeout()
D/VolumePanel.3f5f287d( 1505): resetTimeout at 1512377260620 delay=3000 touchExploration=false
D/VolumePanel( 1505): resetTimeout : call sendEmptyMessageDelayed : MSG_TIMEOUT
I/SurfaceFlinger(  263): id=489 Removed JnvestmentD (6/12)
D/VolumePanel( 1505): onProgressChanged : call resetTimeout()
D/VolumePanel.3f5f287d( 1505): resetTimeout at 1512377260631 delay=3000 touchExploration=false
D/VolumePanel( 1505): resetTimeout : call sendEmptyMessageDelayed : MSG_TIMEOUT
I/SurfaceFlinger(  263): id=489 Removed JnvestmentD (-2/12)
V/AudioPolicyManager(  303): getOutputsForDevice device 0002 -> 0002
D/VolumePanel.3f5f287d( 1505): onVolumeChanged(streamType: 2, flags: 20)
I/InputDispatcher( 1036): Delivering key to (14075): action: 0x0 (0)
D/VolumePanel( 1505): phoneIsOffhook : phoneOffhook = false
D/VolumePanel( 1505): Call setMode(ProgressBar.MODE_STANDARD)_#4
D/VolumePanel( 1505): onVolumeChanged : call resetTimeout()
D/VolumePanel.3f5f287d( 1505): resetTimeout at 1512377260651 delay=3000 touchExploration=false
D/VolumePanel( 1505): resetTimeout : call sendEmptyMessageDelayed : MSG_TIMEOUT
V/AudioPolicyManager(  303): getOutput() device 2, stream 2, samplingRate 0, format 0, channelMask 0, flags 3
V/AudioPolicyManager(  303): getOutputsForDevice device 0002 -> 0002
V/AudioPolicyManager(  303): getOutput() returns output 2
V/AudioPolicyManager(  303): getOutput() device 2, stream 2, samplingRate 0, format 0, channelMask 0, flags 3
V/AudioPolicyManager(  303): getOutputsForDevice device 0002 -> 0002
V/AudioPolicyManager(  303): getOutput() returns output 2
D/InputDispatcher( 1036): Waiting for application to become ready for input: xxxx Reason: Waiting to send key event because the focused window has not finished processing all of the input events that were previously delivered to it.  Outbound queue length: 0.  Wait queue length: 1.
V/AudioPolicyManager(  303): getOutputForAttr() usage=6, content=4, tag=HS flags=00000000
V/AudioPolicyManager(  303): getOutputForAttr() device 2, samplingRate 44100, format 1, channelMask 3, flags 4
V/AudioPolicyManager(  303): getOutputsForDevice device 0002 -> 0002
V/AudioPolicyManager(  303): getOutput() returns output 2
W/AudioTrack( 1505): AUDIO_OUTPUT_FLAG_FAST denied by client
V/AudioPolicyManager(  303): startOutput() output 2, stream 2, session 240
V/AudioPolicyManager(  303): changeRefCount() stream 2, count 2
I/InputDispatcher( 1036): Delivering key to (14075): action: 0x1 (0)
D/InputDispatcher( 1036): Waiting for application to become ready for input: xxxx Reason: Waiting to send key event because the focused window has not finished processing all of the input events that were previously delivered to it.  Outbound queue length: 0.  Wait queue length: 1.
D/SoundAliveResampler(  303): [SoundAliveResampler] Init+++
I/InputDispatcher( 1036): Delivering key to (14075): action: 0x0 (0)
I/InputDispatcher( 1036): Delivering key to (14075): action: 0x1 (0)
D/SettingsProvider( 1036): name = screen_brightness_mode
D/SettingsProvider( 1036): name = screen_brightness
E/PersonaManagerService( 1036): inState():  stateMachine is null !!
I/PersonaManagerService( 1036): PersonaId don't exist
I/ActivityManager( 1036): do not start freezing screen for locked container getKeyguardshowstate = false
E/LightSensor( 1036): Light old sensor_state 131585, new sensor_state : 131073 en : 0
D/MusicButton(12247): onReceive() intent  : Intent { act=android.intent.action.MEDIA_BUTTON flg=0x10000010 cmp=com.sec.android.app.music/com.samsung.musicplus.service.MediaButtonReceiver (has extras) }
D/AnimatedBrightnessIconView( 1505): setValue : 157
D/AnimatedBrightnessIconView( 1505): setIcon
V/ApplicationPolicy( 1036): isApplicationStateBlocked userId 0 pkgname com.android.systemui
D/AnimatedBrightnessIconView( 1505): setValue : 157
D/AnimatedBrightnessIconView( 1505): setIcon
D/AnimatedBrightnessIconView( 1505): setValue : 182
D/AnimatedBrightnessIconView( 1505): setIcon
D/AnimatedBrightnessIconView( 1505): setValue : 182
D/AnimatedBrightnessIconView( 1505): setIcon
D/AnimatedBrightnessIconView( 1505): setValue : 182
D/AnimatedBrightnessIconView( 1505): setIcon
D/AnimatedBrightnessIconView( 1505): setValue : 182
D/AnimatedBrightnessIconView( 1505): setIcon
D/SensorManager( 1036): unregisterListener ::   
E/Sensors ( 1036): Acc old sensor_state 131073, new sensor_state : 131072 en : 0
D/AnimatedBrightnessIconView( 1505): setValue : 157
D/AnimatedBrightnessIconView( 1505): setIcon
D/AnimatedBrightnessIconView( 1505): setValue : 157
D/AnimatedBrightnessIconView( 1505): setIcon
D/AnimatedBrightnessIconView( 1505): setValue : 182
D/AnimatedBrightnessIconView( 1505): setIcon
D/AnimatedBrightnessIconView( 1505): setValue : 182
D/AnimatedBrightnessIconView( 1505): setIcon
D/SensorManager( 1036): unregisterListener ::   
D/InputDispatcher( 1036): Waiting for application to become ready for input: xxxx Reason: Waiting to send key event because the focused window has not finished processing all of the input events that were previously delivered to it.  Outbound queue length: 0.  Wait queue length: 10.
D/lights  ( 1036): lcd : 118 +
I/InputDispatcher( 1036): Delivering key to (14075): action: 0x0 (0)
D/InputDispatcher( 1036): Waiting for application to become ready for input: xxxx Reason: Waiting to send key event because the focused window has not finished processing all of the input events that were previously delivered to it.  Outbound queue length: 0.  Wait queue length: 1.
I/InputDispatcher( 1036): Delivering key to (14075): action: 0x1 (0)
I/InputDispatcher( 1036): Delivering key to (14075): action: 0x0 (0)
I/InputDispatcher( 1036): Delivering key to (14075): action: 0x0 (0)
I/InputDispatcher( 1036): Delivering key to (14075): action: 0x1 (0)
D/VolumePanel.3f5f287d( 1505): onSliderVisibilityChanged(stream=-200, visi=0)
V/AudioPolicyManager(  303): stopOutput() output 2, stream 2, session 239
V/AudioPolicyManager(  303): changeRefCount() stream 2, count 1
V/AudioPolicyManager(  303): releaseOutput() 2
I/InputDispatcher( 1036): Delivering key to (14075): action: 0x1 (0)
D/InputDispatcher( 1036): Waiting for application to become ready for input: xxxx Reason: Waiting to send key event because the focused window has not finished processing all of the input events that were previously delivered to it.  Outbound queue length: 0.  Wait queue length: 1.
I/AudioPolicyManager(  303): getAudioPolicyConfig: situation=1;device=0
I/AudioPolicyManager(  303): getSituationVolume: isBTConnected:0 isHeadConnected:0
V/AudioPolicyManager(  303): deviceInt = 0, situationInt = 1, situationVolume = 0.500000
V/AudioPolicyManager(  303): getOutput() device 2, stream 1, samplingRate 0, format 0, channelMask 0, flags 3
V/AudioPolicyManager(  303): getOutputsForDevice device 0002 -> 0002
V/AudioPolicyManager(  303): getOutput() returns output 2
V/AudioPolicyManager(  303): getOutput() device 2, stream 1, samplingRate 0, format 0, channelMask 0, flags 3
V/AudioPolicyManager(  303): getOutputsForDevice device 0002 -> 0002
V/AudioPolicyManager(  303): getOutput() returns output 2
V/AudioPolicyManager(  303): getOutputForAttr() usage=13, content=4, tag= flags=00000000
V/AudioPolicyManager(  303): getOutputForAttr() device 2, samplingRate 48000, format 1, channelMask 1, flags 4
V/AudioPolicyManager(  303): getOutputsForDevice device 0002 -> 0002
V/AudioPolicyManager(  303): getOutput() returns output 2
V/AudioPolicyManager(  303): startOutput() output 2, stream 1, session 241
V/AudioPolicyManager(  303): changeRefCount() stream 1, count 2
D/lights  ( 1036): lcd : 118 -
D/lights  ( 1036): lcd : 151 +
V/AudioPolicyManager(  303): releaseOutput() 2
D/VolumePanel.3f5f287d( 1505): onSliderVisibilityChanged(stream=-200, visi=0)
D/lights  ( 1036): lcd : 151 -
D/lights  ( 1036): lcd : 185 +
V/MediaPlayer-JNI(12247): native_setup
V/MediaPlayer(12247): constructor
V/MediaPlayer(12247): setListener
E/MediaPlayer-JNI(12247): QCMediaPlayer mediaplayer NOT present
V/MediaPlayer-JNI(12247): get_session_id()
D/lights  ( 1036): lcd : 185 -
D/lights  ( 1036): lcd : 187 +
D/lights  ( 1036): lcd : 187 -
V/AudioPolicyManager(  303): stopOutput() output 2, stream 1, session 238
V/AudioPolicyManager(  303): changeRefCount() stream 1, count 1
I/InputDispatcher( 1036): Delivering key to (14075): action: 0x0 (0)
E/Zygote  (14872): MountEmulatedStorage()
E/Zygote  (14872): v2
I/SELinux (14872): Function: selinux_compare_spd_ram , priority [2] , priority version is VE=SEPF_SM-N9002_5.0-1_0039
D/InputDispatcher( 1036): Waiting for application to become ready for input: xxxx Reason: Waiting to send key event because the focused window has not finished processing all of the input events that were previously delivered to it.  Outbound queue length: 0.  Wait queue length: 1.
E/SELinux (14872): [DEBUG] get_category: variable seinfo: default sensitivity: NULL, cateogry: NULL
I/InputDispatcher( 1036): Delivering key to (14075): action: 0x1 (0)
I/AudioPolicyManager(  303): getAudioPolicyConfig: situation=1;device=0
I/AudioPolicyManager(  303): getSituationVolume: isBTConnected:0 isHeadConnected:0
V/AudioPolicyManager(  303): deviceInt = 0, situationInt = 1, situationVolume = 0.500000
V/AudioPolicyManager(  303): getOutput() device 2, stream 1, samplingRate 0, format 0, channelMask 0, flags 3
V/AudioPolicyManager(  303): getOutputsForDevice device 0002 -> 0002
V/AudioPolicyManager(  303): getOutput() returns output 2
V/AudioPolicyManager(  303): getOutput() device 2, stream 1, samplingRate 0, format 0, channelMask 0, flags 3
V/AudioPolicyManager(  303): getOutputsForDevice device 0002 -> 0002
V/AudioPolicyManager(  303): getOutput() returns output 2
V/AudioPolicyManager(  303): getOutputForAttr() usage=13, content=4, tag= flags=00000000
V/AudioPolicyManager(  303): getOutputForAttr() device 2, samplingRate 48000, format 1, channelMask 1, flags 4
V/AudioPolicyManager(  303): getOutputsForDevice device 0002 -> 0002
V/AudioPolicyManager(  303): getOutput() returns output 2
D/InputDispatcher( 1036): Waiting for application to become ready for input: xxxx Reason: Waiting to send key event because the focused window has not finished processing all of the input events that were previously delivered to it.  Outbound queue length: 0.  Wait queue length: 1.
V/AudioPolicyManager(  303): startOutput() output 2, stream 1, session 243
V/AudioPolicyManager(  303): changeRefCount() stream 1, count 2
V/AudioPolicyManager(  303): releaseOutput() 2
D/SettingsProvider( 1036): name = volume_ring_speaker
D/MusicListManager(12247): mIsShuffle : 0 setShuffle(): mPlayListLength: 0
D/MusicService(12247): savePreferences key : shuffle value : 0
D/MusicService(12247): savePreferences key : repeat value : 0
I/InputDispatcher( 1036): Delivering key to (14075): action: 0x0 (0)
I/AudioPolicyManager(  303): getAudioPolicyConfig: audioParam;outDevice
V/AudioPolicyManager(  303): getNewOutputDevice() selected device 2
V/AudioPolicyManager(  303): ### curdevice : 2
D/InputDispatcher( 1036): Waiting for application to become ready for input: xxxx Reason: Waiting to send key event because the focused window has not finished processing all of the input events that were previously delivered to it.  Outbound queue length: 0.  Wait queue length: 1.
D/MusicService(12247): canChangeSoundAliveV2 - preset : 0
D/TimaKeyStoreProvider(14872): TimaSignature is unavailable
I/AudioPolicyManager(  303): getAudioPolicyConfig: audioParam;outDevice
V/AudioPolicyManager(  303): getNewOutputDevice() selected device 2
V/AudioPolicyManager(  303): ### curdevice : 2
D/MusicService(12247): canChangeSoundAliveV2 - strength[0]0
D/MusicService(12247): canChangeSoundAliveV2 - strength[1]0
D/MusicService(12247): canChangeSoundAliveV2 - strength[2]0
I/AudioPolicyManager(  303): getAudioPolicyConfig: audioParam;outDevice
V/AudioPolicyManager(  303): getNewOutputDevice() selected device 2
V/AudioPolicyManager(  303): ### curdevice : 2
D/ActivityThread(14872): Added TimaKeyStore provider
D/MusicService(12247): setPlaybackState isPreparing ? false isPlaying ? false position : 0 speed : 1.0
D/ResourcesManager(14872): creating new AssetManager and set to /system/priv-app/Samsungservice2_xxhdpi/Samsungservice2_xxhdpi.apk
V/AudioPolicyManager(  303): stopOutput() output 2, stream 2, session 240
V/AudioPolicyManager(  303): changeRefCount() stream 2, count 0
V/AudioPolicyManager(  303): getNewOutputDevice() selected device 2
V/AudioPolicyManager(  303): setOutputDevice() output 2 device 0002 delayMs 160
V/AudioPolicyManager(  303): setOutputDevice() prevDevice 0002
V/AudioPolicyManager(  303): setOutputDevice() setting same device 0002 or null device for output 2
I/InputDispatcher( 1036): Delivering key to (14075): action: 0x1 (0)
I/InputDispatcher( 1036): Delivering key to (14075): action: 0x0 (0)
I/InputDispatcher( 1036): Delivering key to (14075): action: 0x1 (0)
I/InputDispatcher( 1036): Delivering key to (14075): action: 0x0 (0)
I/InputDispatcher( 1036): Delivering key to (14075): action: 0x1 (0)
I/InputDispatcher( 1036): Delivering touch to (1505): action: 0x4, toolType: 0
I/InputDispatcher( 1036): Delivering touch to (1505): action: 0x4, toolType: 0
I/InputDispatcher( 1036): Delivering touch to (32233): action: 0x4, toolType: 0
I/InputDispatcher( 1036): Delivering touch to (14075): action: 0x0, toolType: 0
D/VolumePanel.3f5f287d( 1505): forceTimeout delay=0 callers=com.android.systemui.volume.VolumePanel.access$200:122 com.android.systemui.volume.VolumePanel$2.onTouchEvent:736 android.app.Dialog.dispatchTouchEvent:866 
I/InputDispatcher( 1036): Delivering touch to (14075): action: 0x105, toolType: 0
D/VolumePanel( 1505): handleMessage : call mDialog.dismiss()
I/InputDispatcher( 1036): Delivering touch to (14075): action: 0x106, toolType: 0
I/InputDispatcher( 1036): Delivering touch to (14075): action: 0x1, toolType: 0
D/SettingsProvider( 1036): name = hearing_musiccheck
D/SettingsProvider( 1036): edmUri: content://com.sec.knox.provider/RestrictionPolicy3
D/SettingsProvider( 1036): projectionArgs: isSettingsChangesAllowed
D/SettingsProvider( 1036): selectionArgs: false
D/SettingsProvider( 1036): selectionArgs: 10135
D/SecContentProvider( 1036): uri = 17 selection = isSettingsChangesAllowed
D/SettingsProvider( 1036): ret = -1
D/InputDispatcher( 1036): Waiting for application to become ready for input: xxxx Reason: Waiting to send key event because the focused window has not finished processing all of the input events that were previously delivered to it.  Outbound queue length: 0.  Wait queue length: 30.
I/SA      (14872): [SSP] onCreated
D/CallStateChecker(12247): isCallIdle() isVoipIdle : true isCommIdle(Such like google talk..) : true
I/MediaFocusControl( 1036):  AudioFocus  requestAudioFocus() from android.media.AudioManager$2fc59412com.samsung.musicplus.service.PlayerService$2$2229b7e3 hint:1
D/MusicService(12247): request audio focus result : 1
I/SA      (14872): [TPM] There is no property file
I/SA      (14872): [SCU] isHaveSA() - false
I/SA      (14872): [TPM] getModelProperty : null
I/SA      (14872): [TPM] getCSCProperty : null
V/AudioPolicyManager(  303): stopOutput() output 2, stream 1, session 241
V/AudioPolicyManager(  303): changeRefCount() stream 1, count 1
D/MusicListManager(12247): getCurrentPosition : 0
D/MusicPlayer(12247): duration() : -1 mCurrentState : 1 mode : 1
D/MusicService(12247): setPlaybackState isPreparing ? false isPlaying ? false position : 0 speed : 1.0
D/MusicPlayer(12247): seek() : 0
D/MusicService(12247): restored queue, currently at seek position 0/-1 (requested 0)
D/MusicService(12247): saveQueue
D/MusicListManager(12247): created queue string in 0 ms
D/MusicListManager(12247): getCurrentPosition : 0
I/SA      (14872): [RS] OnCreate Service
I/SA      (14872): [RS] OnBind
I/SA      (14872): [RS] [InAIDL] Service binded
D/WVMDrmPlugIn(  302): WVMDrmPlugin::onInitialize : 3839
D/WVMDrmPlugIn(  302): WVMDrmPlugin::onSetOnInfoListener : add 3839
D/VolumePanel.3f5f287d( 1505): setZenPanelVisible false mZenPanel=com.android.systemui.volume.ZenModePanel{33294d96 G.E..... ......I. 0,0-0,0 #7f0d039a app:id/zen_mode_panel}
D/ZenModePanel( 1505): mZenSubhead.getWidth() = 0, mZenSubhead.getPaddingLeft() - 24, mZenSubhead.getPaddingRight() = 48, mMoreSettings.getWidth() = 0
D/ViewRootImpl(14075): ViewPostImeInputStage ACTION_DOWN
D/MusicPlayer(12247): reset() state : PREPARING
V/MediaPlayer-JNI(12247): reset
V/MediaPlayer(12247): reset
D/MusicPlayer(12247): reset() completed
V/MediaPlayer-JNI(12247): set_session_id(): 242
V/MediaPlayer(12247): MediaPlayer::setAudioSessionId(242)
V/MediaPlayer-JNI(12247): setDataSourceFD: fd 40
V/MediaPlayer(12247): setDataSource(40, 0, 576460752303423487)
V/MediaPlayerService(  303): Create new client(59) from pid 12247, uid 10135, 
V/MediaPlayerService(  303): setDataSource fd=42, offset=0, length=576460752303423487
V/MediaPlayerService(  303): st_dev  = 20
V/MediaPlayerService(  303): st_mode = 33272
V/MediaPlayerService(  303): st_uid  = 0
V/MediaPlayerService(  303): st_gid  = 1028
V/MediaPlayerService(  303): st_size = 3642135
V/MediaPlayerService(  303): calculated length = 3642135
V/MediaPlayerService(  303): player type = 3
V/AwesomePlayer(  303): setDefault
V/AwesomePlayer(  303): constructor
V/AwesomePlayer(  303): setDefault
V/AwesomePlayer(  303): reset_l()
V/AwesomePlayer(  303): notifyListner_l() msg (8-MEDIA_STOPPED), ext1 (0), ext2 (0)
V/AwesomePlayer(  303): cancelPlayerEvents (keepNotifications=0)
V/AwesomePlayer(  303): mAudioTrackVector clear
V/AwesomePlayer(  303): reset_l() mAudioPlayer successfully deleted
V/AwesomePlayer(  303): mSecCapture clear
V/AwesomePlayer(  303): mSecMediaClock clear
V/StagefrightPlayer(  303): StagefrightPlayer
V/AwesomePlayer(  303): setListener
V/StagefrightPlayer(  303): initCheck
V/AwesomePlayer(  303): AwesomePlayer running on behalf of uid 10135
V/AudioSink(  303): AudioOutput(242)
V/AwesomePlayer(  303): setAudioSink
V/StagefrightPlayer(  303): setDataSource(42, 0, 3642135)
V/AwesomePlayer(  303): reset_l()
V/AwesomePlayer(  303): notifyListner_l() msg (8-MEDIA_STOPPED), ext1 (0), ext2 (0)
V/MediaPlayerService(  303): [59] notify (0xb0da4700, 8, 0, 0)
V/MediaPlayer(12247): message received msg=8, ext1=0, ext2=0
V/AwesomePlayer(  303): cancelPlayerEvents (keepNotifications=0)
V/AwesomePlayer(  303): mAudioTrackVector clear
V/AwesomePlayer(  303): reset_l() mAudioPlayer successfully deleted
V/AwesomePlayer(  303): mSecCapture clear
V/AwesomePlayer(  303): mSecMediaClock clear
I/SurfaceFlinger(  263): id=488 Removed JnvestmentD (4/11)
I/SurfaceFlinger(  263): id=488 Removed JnvestmentD (-2/11)
I/Timeline( 1036): Timeline: Activity_windows_visible id: ActivityRecord{3fa07775 u0 com.zzl.falcon.internal/com.squareup.leakcanary.internal.DisplayLeakActivity t36} time:5496143
I/awcn.ComponentCallbacks2(12668):  onTrimMemory level:20
I/awcn.SessionCenter(12668): |[seq:[default]] [background]
I/awcn.StrategyCenter(12668):  saveData
I/awcn.AmdcThreadPoolExecutor(12668):  thread created! name:AMDC3
I/awcn.SessionCenter(12668): |[seq:umeng:56aadbf567e58e38d4000976] [background]
I/awcn.StrategyCenter(12668):  saveData
I/InputDispatcher( 1036): Delivering key to (14075): action: 0x0 (0)
D/SettingsProvider( 1036): name = volume_ring_speaker
D/InputDispatcher( 1036): Waiting for application to become ready for input: xxxx Reason: Waiting to send key event because the focused window has not finished processing all of the input events that were previously delivered to it.  Outbound queue length: 0.  Wait queue length: 1.
I/InputDispatcher( 1036): Delivering key to (14075): action: 0x1 (0)
V/MediaPlayer(12247): notify(8, 0, 0) callback on disconnected mediaplayer
D/InputDispatcher( 1036): Waiting for application to become ready for input: xxxx Reason: Waiting to send key event because the focused window has not finished processing all of the input events that were previously delivered to it.  Outbound queue length: 0.  Wait queue length: 1.
I/InputDispatcher( 1036): Delivering key to (14075): action: 0x0 (0)
I/InputDispatcher( 1036): Delivering key to (14075): action: 0x1 (0)
I/InputDispatcher( 1036): Delivering key to (14075): action: 0x0 (0)
D/InputDispatcher( 1036): Waiting for application to become ready for input: xxxx Reason: Waiting to send key event because the focused window has not finished processing all of the input events that were previously delivered to it.  Outbound queue length: 0.  Wait queue length: 1.
I/AudioPolicyManager(  303): getAudioPolicyConfig: situation=1;device=0
I/AudioPolicyManager(  303): getSituationVolume: isBTConnected:0 isHeadConnected:0
V/AudioPolicyManager(  303): deviceInt = 0, situationInt = 1, situationVolume = 0.500000
I/InputDispatcher( 1036): Delivering key to (14075): action: 0x1 (0)
V/AudioPolicyManager(  303): getOutput() device 2, stream 1, samplingRate 0, format 0, channelMask 0, flags 3
V/AudioPolicyManager(  303): getOutputsForDevice device 0002 -> 0002
V/AudioPolicyManager(  303): getOutput() returns output 2
V/AudioPolicyManager(  303): getOutput() device 2, stream 1, samplingRate 0, format 0, channelMask 0, flags 3
V/AudioPolicyManager(  303): getOutputsForDevice device 0002 -> 0002
V/AudioPolicyManager(  303): getOutput() returns output 2
V/AudioPolicyManager(  303): getOutputForAttr() usage=13, content=4, tag= flags=00000000
V/AudioPolicyManager(  303): getOutputForAttr() device 2, samplingRate 48000, format 1, channelMask 1, flags 4
V/AudioPolicyManager(  303): getOutputsForDevice device 0002 -> 0002
V/AudioPolicyManager(  303): getOutput() returns output 2
D/InputDispatcher( 1036): Waiting for application to become ready for input: xxxx Reason: Waiting to send key event because the focused window has not finished processing all of the input events that were previously delivered to it.  Outbound queue length: 0.  Wait queue length: 1.
V/AudioPolicyManager(  303): stopOutput() output 2, stream 1, session 243
V/AudioPolicyManager(  303): changeRefCount() stream 1, count 0
V/AudioPolicyManager(  303): getNewOutputDevice() selected device 0
V/AudioPolicyManager(  303): setOutputDevice() output 2 device 0000 delayMs 160
V/AudioPolicyManager(  303): setOutputDevice() prevDevice 0002
V/AudioPolicyManager(  303): setOutputDevice() setting same device 0000 or null device for output 2
V/AudioPolicyManager(  303): startOutput() output 2, stream 1, session 244
V/AudioPolicyManager(  303): changeRefCount() stream 1, count 1
V/AudioPolicyManager(  303): getNewOutputDevice() selected device 2
V/AudioPolicyManager(  303): setOutputDevice() output 2 device 0002 delayMs 0
V/AudioPolicyManager(  303): setOutputDevice() prevDevice 0002
V/AudioPolicyManager(  303): setOutputDevice() setting same device 0002 or null device for output 2
V/AudioPolicyManager(  303): releaseOutput() 2
I/InputDispatcher( 1036): Delivering key to (14075): action: 0x0 (0)
D/InputDispatcher( 1036): Waiting for application to become ready for input: xxxx Reason: Waiting to send key event because the focused window has not finished processing all of the input events that were previously delivered to it.  Outbound queue length: 0.  Wait queue length: 1.
I/InputDispatcher( 1036): Delivering key to (14075): action: 0x1 (0)
D/InputDispatcher( 1036): Waiting for application to become ready for input: xxxx Reason: Waiting to send key event because the focused window has not finished processing all of the input events that were previously delivered to it.  Outbound queue length: 0.  Wait queue length: 1.
I/InputDispatcher( 1036): Delivering key to (14075): action: 0x0 (0)
D/InputDispatcher( 1036): Waiting for application to become ready for input: xxxx Reason: Waiting to send key event because the focused window has not finished processing all of the input events that were previously delivered to it.  Outbound queue length: 0.  Wait queue length: 1.
D/WVMDrmPlugIn(  302): WVMDrmPlugin::onInitialize : 5981
D/WVMDrmPlugIn(  302): WVMDrmPlugin::onSetOnInfoListener : add 5981
I/InputDispatcher( 1036): Delivering key to (14075): action: 0x1 (0)
E/SEC_DRM_PLUGIN_Omafl(  302): OmaPlugin::onOpenDecryptSession(fd)::Drm2IsDrmFileByExtFd::file is NOT DRM by extension
W/SEC_DRM_PLUGIN_Playready(  302): PlayreadyPlugIn: Function[DRM_ASFVerify_Context_Initialize]; Line[4453]; File type[0]
W/SEC_DRM_PLUGIN_Playready(  302): PlayReadyPlugIn: Function[onOpenDecryptSession]; Line[2571]; DRM Result[0x80004005]
I/Timeline(14777): Timeline: Activity_launch_request id:com.zzl.falcon.internal time:5496218
D/WVMDrmPlugIn(  302): WVMDrmPlugin::onTerminate : 5981
E/PersonaManagerService( 1036): inState():  stateMachine is null !!
I/PersonaManagerService( 1036): PersonaId don't exist
I/ActivityManager( 1036): do not start freezing screen for locked container getKeyguardshowstate = false
V/AwesomePlayer(  303): mBitrate = 128000 bits/sec
V/AwesomePlayer(  303): current audio track index (0) is added to vector
V/AwesomePlayer(  303): setDataSource_l: Audio(1), Video(0)
I/AwesomePlayer(  303): checkRightsStatus is not necessary - AwesomePlayer::setDataSource_l
V/MediaPlayerService(  303): [59] setParameter(1604)
V/StagefrightPlayer(  303): setParameter(key=1604)
V/AwesomePlayer(  303): setParameter key (1604)
V/AwesomePlayer(  303): Current Contet PID : 12247
V/MediaPlayerService(  303): [59] getParameter(1700)
V/MediaPlayer-JNI(12247): setAudioStreamType: 3
V/MediaPlayer(12247): MediaPlayer::setAudioStreamType
V/MediaPlayer(12247): setVideoSurfaceTexture
V/MediaPlayerService(  303): [59] setVideoSurfaceTexture(0x0)
V/MediaPlayer(12247): prepareAsync
V/MediaPlayerService(  303): [59] setAudioStreamType(3)
V/MediaPlayerService(  303): [59] prepareAsync
V/AwesomePlayer(  303): prepareAsync
V/AwesomePlayer(  303): onPrepareAsyncEvent
I/SecMediaClock(  303): SecMediaClock constructor
I/SecMediaClock(  303): reset
I/SecVideoCapture(  303): SecVideoCapture constructor
I/SecVideoCapture(  303): reset
V/AwesomePlayer(  303): initAudioDecoder
V/AwesomePlayer(  303): checkOffloadExceptions is true
V/AudioPolicyManager(  303): isOffloadSupported: SR=44100, CM=0x3, Format=0x1000000, StreamType=3, BitRate=128000, duration=178964875 us, has_video=0
V/AudioPolicyManager(  303): isOffloadSupported() profile found
D/MusicPlayer(12247): setVolume() : 1.0
I/OMXCodec(  303): Attempting to allocate OMX node 'OMX.SEC.mp3.dec'
D/InputDispatcher( 1036): Waiting for application to become ready for input: xxxx Reason: Waiting because no window has focus but there is a focused application that may eventually add a window when it finishes starting up.
D/PointerIcon( 1036): setMouseIconStyle1 pointerType: 1001iconType:101 flag:0
D/PointerIcon( 1036): setMouseCustomIcon IconType is same.101
D/PointerIcon( 1036): setHoveringSpenIconStyle1 pointerType: 10001iconType:1 flag:0
D/PointerIcon( 1036): setHoveringSpenCustomIcon IconType is same.1
I/OMXCodec(  303): Successfully allocated OMX node 'OMX.SEC.mp3.dec'
I/OMXCodec(  303): OMXCodec::configureCodec 2 + 44100 ++ 
I/OMXCodec(  303): >>>UHQA OMXCodec::configureCodec : 178964875, 15000000
E/OMXNodeInstance(  303): getParameter(2130771976) ERROR: 0x8000101a
I/OMXCodec(  303): >>>UHQA initOutputFormat 16
V/AwesomePlayer(  303): createAudioPlayer: bypass OMX (offload)
V/AwesomePlayer(  303): finishAsyncPrepare_l
V/AwesomePlayer(  303): notifyListner_l() msg (200-MEDIA_INFO), ext1 (973), ext2 (0)
V/MediaPlayerService(  303): [59] notify (0xb0da4700, 200, 973, 0)
V/AwesomePlayer(  303): notifyListner_l() msg (5-MEDIA_SET_VIDEO_SIZE), ext1 (0), ext2 (0)
V/MediaPlayerService(  303): [59] notify (0xb0da4700, 5, 0, 0)
V/AwesomePlayer(  303): notifyListner_l() msg (1-MEDIA_PREPARED), ext1 (0), ext2 (0)
V/MediaPlayerService(  303): [59] notify (0xb0da4700, 1, 0, 0)
V/MediaPlayer(12247): message received msg=200, ext1=973, ext2=0
W/MediaPlayer(12247): info/warning (973, 0)
V/MediaPlayer(12247): callback application
V/MediaPlayer(12247): back from callback
V/MediaPlayer(12247): message received msg=5, ext1=0, ext2=0
V/MediaPlayer(12247): New video size 0 x 0
V/MediaPlayer(12247): callback application
V/MediaPlayer(12247): back from callback
V/MediaPlayer(12247): message received msg=1, ext1=0, ext2=0
V/MediaPlayer(12247): prepared
V/MediaPlayer(12247): callback application
V/MediaPlayer(12247): back from callback
V/WindowOrientationListener( 1036): mSContextAutoRotationListener.getProposedRotation, mbResultFaceDectection: false
V/WindowOrientationListener( 1036): mSContextAutoRotationListener.getProposedRotation, Rotation: -1
V/WindowOrientationListener( 1036): mSContextAutoRotationListener.getProposedRotation, mbResultFaceDectection: false
V/WindowOrientationListener( 1036): mSContextAutoRotationListener.getProposedRotation, Rotation: -1
I/SurfaceFlinger(  263): id=492 createSurf (1x1),1 flag=4, JnvestmentD
D/ForegroundCallbacks(12668): went foreground
I/awcn.SessionCenter(12668): |[seq:[default]] [forground]
I/awcn.SessionCenter(12668): |[seq:umeng:56aadbf567e58e38d4000976] [forground]
D/awcn.StrategyCenter(12668):  getSchemeByHost host:umengacs.m.taobao.com scheme:https
D/awcn.SessionCenter(12668): |[seq:umeng:56aadbf567e58e38d4000976] getInternal u:https://umengacs.m.taobao.com TypeClass:SPDY timeout:0
D/awcn.StrategyCenter(12668):  getSchemeByHost host:umengacs.m.taobao.com scheme:https
D/awcn.SessionCenter(12668): |[seq:umeng:56aadbf567e58e38d4000976] get internal hit cache session session:Session@[umeng:56aadbf567e58e38d4000976.AWCN1_1|http2_0rtt_acs]
D/ActivityManager( 1036): post active user change for 0
D/KnoxTimeoutHandler( 1036): postActiveUserChange for user 0
D/KnoxTimeoutHandler( 1036): handleActiveUserChange for user 0
I/SurfaceFlinger(  263): id=491 Removed WolumePanel (11/11)
I/SurfaceFlinger(  263): id=491 Removed WolumePanel (-2/11)
D/OpenGLRenderer(14075): endAllStagingAnimators on 0xafe06e00 (ListView) with handle 0xaf00dd30
I/SurfaceFlinger(  263): id=493 createSurf (1080x1920),1 flag=404, JnvestmentD
I/InputDispatcher( 1036): Delivering key to (12668): action: 0x0 (0)
D/InputDispatcher( 1036): Waiting for application to become ready for input: xxxx Reason: Waiting to send key event because the focused window has not finished processing all of the input events that were previously delivered to it.  Outbound queue length: 0.  Wait queue length: 1.
I/InputDispatcher( 1036): Delivering key to (12668): action: 0x1 (0)
D/PointerIcon( 1036): setMouseIconStyle1 pointerType: 1001iconType:101 flag:0
D/PointerIcon( 1036): setMouseCustomIcon IconType is same.101
D/PointerIcon( 1036): setHoveringSpenIconStyle1 pointerType: 10001iconType:1 flag:0
D/PointerIcon( 1036): setHoveringSpenCustomIcon IconType is same.1
D/InputMethodManagerService( 1036): windowGainedFocus mCurrentFocusedUserId - 0 and mSecureKeypadEnabled-false
I/Timeline(12668): Timeline: Activity_idle id: android.os.BinderProxy@1476168d time:5496413
V/AudioPolicyManager(  303): stopOutput() output 2, stream 1, session 244
V/AudioPolicyManager(  303): changeRefCount() stream 1, count 0
V/AudioPolicyManager(  303): getNewOutputDevice() selected device 0
V/AudioPolicyManager(  303): setOutputDevice() output 2 device 0000 delayMs 160
V/AudioPolicyManager(  303): setOutputDevice() prevDevice 0002
V/AudioPolicyManager(  303): setOutputDevice() setting same device 0000 or null device for output 2
I/InputDispatcher( 1036): Delivering key to (12668): action: 0x0 (0)
D/InputDispatcher( 1036): Waiting for application to become ready for input: xxxx Reason: Waiting to send key event because the focused window has not finished processing all of the input events that were previously delivered to it.  Outbound queue length: 0.  Wait queue length: 1.
V/AudioPolicyManager(  303): getOutputsForDevice device 0002 -> 0002
I/AudioService( 1036): setRingerMode is called by pid: 1036, uid=1000
I/SamsungAudioService( 1036): Ringer mode : vibrate
V/AudioPolicyManager(  303): setStreamVolumeIndex() stream 8, device 40000000, index 0
D/ZenModeHelper( 1036): handleRingerModeChanged() called but do nothing
V/AudioPolicyManager(  303): setStreamVolumeIndex() stream 8, device 4000000, index 0
D/KeyguardUpdateMonitor( 1505): received broadcast android.media.RINGER_MODE_CHANGED
D/KeyguardUpdateMonitor( 1505): handleRingerModeChange(1)
V/AudioPolicyManager(  303): setStreamVolumeIndex() stream 8, device 0001, index 0
V/AudioPolicyManager(  303): setStreamVolumeIndex() stream 8, device 0002, index 0
V/AudioPolicyManager(  303): setStreamVolumeIndex() stream 8, device 0004, index 0
V/AudioPolicyManager(  303): setStreamVolumeIndex() stream 7, device 40000000, index 15
V/AudioPolicyManager(  303): computeVolume : Camera Shutter Sound volume 1.000000
V/AudioPolicyManager(  303): setStreamVolumeIndex() stream 5, device 40000000, index 0
D/SettingsProvider( 1036): name = driving_mode_on
D/SettingsProvider( 1036): edmUri: content://com.sec.knox.provider/RestrictionPolicy3
D/SettingsProvider( 1036): projectionArgs: isSettingsChangesAllowed
D/SettingsProvider( 1036): selectionArgs: false
D/SettingsProvider( 1036): selectionArgs: 10033
D/SecContentProvider( 1036): uri = 17 selection = isSettingsChangesAllowed
D/SettingsProvider( 1036): ret = -1
V/AudioPolicyManager(  303): setStreamVolumeIndex() stream 5, device 4000000, index 0
V/AudioPolicyManager(  303): setStreamVolumeIndex() stream 5, device 0002, index 0
V/AudioPolicyManager(  303): setStreamVolumeIndex() stream 2, device 40000000, index 0
V/AudioPolicyManager(  303): setStreamVolumeIndex() stream 2, device 4000000, index 0
D/SettingsProvider( 1036): name = vibrate_in_silent
V/AudioPolicyManager(  303): setStreamVolumeIndex() stream 2, device 0001, index 0
V/AudioPolicyManager(  303): setStreamVolumeIndex() stream 2, device 0002, index 0
V/AudioPolicyManager(  303): setStreamVolumeIndex() stream 2, device 0004, index 0
V/AudioPolicyManager(  303): setStreamVolumeIndex() stream 8, device 40000000, index 0
V/AudioPolicyManager(  303): setStreamVolumeIndex() stream 8, device 4000000, index 0
V/AudioPolicyManager(  303): setStreamVolumeIndex() stream 8, device 0001, index 0
V/AudioPolicyManager(  303): setStreamVolumeIndex() stream 8, device 0002, index 0
V/AudioPolicyManager(  303): setStreamVolumeIndex() stream 8, device 0004, index 0
V/AudioPolicyManager(  303): getOutputsForDevice device 0002 -> 0002
V/AudioPolicyManager(  303): setStreamVolumeIndex() stream 1, device 40000000, index 0
I/InputDispatcher( 1036): Delivering key to (12668): action: 0x1 (0)
V/AudioPolicyManager(  303): setStreamVolumeIndex() stream 1, device 4000000, index 0
D/ApplicationPolicy( 1036): isStatusBarNotificationAllowedAsUser: packageName = com.android.systemui,userId = -1
V/ApplicationPolicy( 1036): isApplicationStateBlocked userId -1 pkgname com.android.systemui
V/AudioPolicyManager(  303): setStreamVolumeIndex() stream 1, device 0002, index 0
D/InputDispatcher( 1036): Waiting for application to become ready for input: xxxx Reason: Waiting to send key event because the focused window has not finished processing all of the input events that were previously delivered to it.  Outbound queue length: 0.  Wait queue length: 1.
V/Vibrator( 1036): Called vibrateImmVibe(int, MagnitudeType) API - PUID: 1000, PackageName: android
V/Vibrator( 1036): vibrateImmVibe - PUID: 1000, PackageName: android, type: 12, mag: 10000
D/VolumePanel.3f5f287d( 1505): onVolumeChanged(streamType: 2, flags: 17)
V/AudioPolicyManager(  303): setStreamVolumeIndex() stream 2, device 0002, index 0
D/VolumePanel( 1505): phoneIsOffhook : phoneOffhook = false
D/VolumePanel( 1505): Call setMode(ProgressBar.MODE_STANDARD)_#4
D/VolumePanel( 1505): onVolumeChanged : call reorderSliders
V/AudioPolicyManager(  303): setStreamVolumeIndex() stream 8, device 0002, index 0
V/AudioPolicyManager(  303): getOutputsForDevice device 0002 -> 0002
D/MusicPlayer(12247): isPlaying() true
I/InputDispatcher( 1036): Delivering key to (12668): action: 0x0 (0)
D/InputDispatcher( 1036): Waiting for application to become ready for input: xxxx Reason: Waiting to send key event because the focused window has not finished processing all of the input events that were previously delivered to it.  Outbound queue length: 0.  Wait queue length: 1.
I/InputDispatcher( 1036): Delivering key to (12668): action: 0x1 (0)
I/InputDispatcher( 1036): Delivering touch to (1505): action: 0x4, toolType: 0
I/InputDispatcher( 1036): Delivering touch to (32233): action: 0x4, toolType: 0
I/InputDispatcher( 1036): Delivering touch to (12668): action: 0x0, toolType: 0
I/InputDispatcher( 1036): Delivering touch to (12668): action: 0x1, toolType: 0
I/InputDispatcher( 1036): Delivering touch to (1505): action: 0x4, toolType: 0
I/InputDispatcher( 1036): Delivering touch to (32233): action: 0x4, toolType: 0
I/InputDispatcher( 1036): Delivering touch to (12668): action: 0x0, toolType: 0
D/ViewRootImpl(12668): ViewPostImeInputStage ACTION_DOWN
D/VolumePanel( 1505): updateSliderProgress : progress = -1
D/ViewRootImpl(12668): ViewPostImeInputStage ACTION_DOWN
V/AudioPolicyManager(  303): getOutputsForDevice device 0002 -> 0002
I/AudioService( 1036): getStreamVolume 2 index 0
I/InputDispatcher( 1036): Delivering touch to (12668): action: 0x1, toolType: 0
D/VolumePanel( 1505): updateSliderIcon : zen = 2
D/VolumePanel( 1505): updateSliderIcon : isZenPriority = false
D/VolumePanel.3f5f287d( 1505): setZenPanelVisible true mZenPanel=com.android.systemui.volume.ZenModePanel{33294d96 G.E..... ......I. 0,0-0,0 #7f0d039a app:id/zen_mode_panel}
I/InputDispatcher( 1036): Delivering touch to (1505): action: 0x4, toolType: 0
I/InputDispatcher( 1036): Delivering touch to (32233): action: 0x4, toolType: 0
I/InputDispatcher( 1036): Delivering touch to (12668): action: 0x0, toolType: 0
D/ZenModePanel( 1505): mZenSubhead.getWidth() = 0, mZenSubhead.getPaddingLeft() - 24, mZenSubhead.getPaddingRight() = 48, mMoreSettings.getWidth() = 0
D/RCPManagerService( 1036): exchangeData() failure , invalid userId
I/InputDispatcher( 1036): Delivering touch to (12668): action: 0x1, toolType: 0
D/VolumePanel( 1505): setZenPanelVisible : call resetTimeout() #1
D/VolumePanel.3f5f287d( 1505): resetTimeout at 1512377261555 delay=3000 touchExploration=false
D/VolumePanel( 1505): resetTimeout : call sendEmptyMessageDelayed : MSG_TIMEOUT
D/VolumePanel( 1505): setZenPanelVisible : call resetTimeout() #2
D/VolumePanel.3f5f287d( 1505): resetTimeout at 1512377261555 delay=3000 touchExploration=false
D/VolumePanel( 1505): resetTimeout : call sendEmptyMessageDelayed : MSG_TIMEOUT
D/VolumePanel( 1505): updateSliderProgress : progress = -1
I/AudioService( 1036): getStreamVolume 3 index 0
D/SecContentProvider2( 1036): uri = 14 selection = getSealedState
D/SecContentProvider2( 1036): mCursor = null
I/InputDispatcher( 1036): Delivering key to (12668): action: 0x0 (0)
D/VolumePanel( 1505): updateSliderIcon : zen = 2
D/VolumePanel( 1505): updateSliderIcon : isZenPriority = false
D/VolumePanel( 1505): addOtherVolumes stream : 3
D/VolumePanel( 1505): updateSliderProgress : progress = -1
V/AudioPolicyManager(  303): getOutputsForDevice device 0002 -> 0002
I/AudioService( 1036): getStreamVolume 5 index 150
D/ViewRootImpl(12668): ViewPostImeInputStage ACTION_DOWN
D/InputDispatcher( 1036): Waiting for application to become ready for input: xxxx Reason: Waiting to send key event because the focused window has not finished processing all of the input events that were previously delivered to it.  Outbound queue length: 0.  Wait queue length: 1.
D/ApplicationPolicy( 1036): isStatusBarNotificationAllowedAsUser: packageName = com.sec.android.app.music,userId = 0
V/ApplicationPolicy( 1036): isApplicationStateBlocked userId 0 pkgname com.sec.android.app.music
D/MusicListManager(12247): getCurrentPosition : 0
D/VolumePanel( 1505): updateSliderIcon : zen = 2
D/VolumePanel( 1505): updateSliderIcon : isZenPriority = false
D/VolumePanel( 1505): addOtherVolumes stream : 5
D/VolumePanel( 1505): updateSliderProgress : progress = -1
I/AudioService( 1036): getStreamVolume 1 index 0
D/VolumePanel( 1505): updateSliderIcon : zen = 2
D/VolumePanel( 1505): updateSliderIcon : isZenPriority = false
D/VolumePanel( 1505): addOtherVolumes stream : STREAM_SYSTEM
I/InputDispatcher( 1036): Delivering key to (12668): action: 0x1 (0)
V/AudioPolicyManager(  303): getOutputsForDevice device 0002 -> 0002
I/AudioService( 1036): getStreamVolume 2 index 0
D/VolumePanel.3f5f287d( 1505): onShowVolumeChanged(streamType: 2, flags: 17), index: 0
D/RingtoneManager( 1505): getActualDefaultRingtoneUri  type    :1
D/InputDispatcher( 1036): Waiting for application to become ready for input: xxxx Reason: Waiting to send key event because the focused window has not finished processing all of the input events that were previously delivered to it.  Outbound queue length: 0.  Wait queue length: 1.
D/RingtoneManager( 1505): checkDefaultRingtoneProperUri : InternalMediaAudio uriString not null    type:1
D/VolumePanel( 1505): updateSliderProgress : progress = 0
D/VolumePanel( 1505): mCoverManager.getCoverState() : true
D/VolumePanel( 1505): mCoverManager.getCoverState() : true
D/VolumePanel( 1505): onShowVolumeChanged: Cover is opened
D/VolumePanel( 1505): ===== Start updateLayout =====
D/VolumePanel( 1505): updateLayout : lp.width = 954, lp.y = 144
D/MusicService(12247): updateNotificationAllInfo notify start 
D/MusicService(12247): updateNotificationAllInfo notify end 
D/MusicButton(12247): onReceive() intent  : Intent { act=android.intent.action.MEDIA_BUTTON flg=0x10000010 cmp=com.sec.android.app.music/com.samsung.musicplus.service.MediaButtonReceiver (has extras) }
D/MusicService(12247): mSystemReceiver - batteryLevel: 75 batteryStatus: 2
D/MusicService(12247):  There are no network : false
D/SecContentProvider2( 1036): uri = 14 selection = getSealedState
D/SecContentProvider2( 1036): mCursor = null
D/ApplicationPolicy( 1036): isStatusBarNotificationAllowedAsUser: packageName = com.sec.android.app.music,userId = 0
V/ApplicationPolicy( 1036): isApplicationStateBlocked userId 0 pkgname com.sec.android.app.music
D/MusicListManager(12247): getCurrentPosition : 0
D/MusicAccount(12247): requestInformation but it is not signed in state
I/InputDispatcher( 1036): Delivering key to (12668): action: 0x0 (0)
I/MediaPlayer(12247): Don't send intent. msg.arg1 = 0, msg.arg2 = 0
E/MediaPlayer(12247): Should have subtitle controller already set
V/MediaPlayer-JNI(12247): get_session_id()
D/MusicPlayer(12247): ------------- onPrepared --------- audiosession id : 242 mIsSupposedToBePlaying : true mSeekPosition : 0
D/MusicPlayer(12247): onPrepared() : NewSoundAlive create
V/MediaPlayer-JNI(12247): get_session_id()
D/MusicPlayer(12247): getAudioSessionId() : 242
D/InputDispatcher( 1036): Waiting for application to become ready for input: xxxx Reason: Waiting to send key event because the focused window has not finished processing all of the input events that were previously delivered to it.  Outbound queue length: 0.  Wait queue length: 1.
I/InputDispatcher( 1036): Delivering key to (12668): action: 0x1 (0)
I/AudioFlinger(  303): addEffectChain_l - set buffer channelCount = 2
I/AudioFlinger(  303): createEffect_l() set channelCount = 2
V/AudioPolicyManager(  303): registerEffect() effect SoundAlive, io 2, strategy 0 session 242 id 245
V/AudioPolicyManager(  303): registerEffect() memory 25, total memory 25
I/InputDispatcher( 1036): Delivering key to (12668): action: 0x0 (0)
D/AudioSAEffectSec(  303): EffectCreate - Allocating SessionNo 0 for SessionId 242
D/AudioSAEffectSec(  303): EffectCreate - This is the first effect in current sessionId 242 sessionNo 0
D/AudioSAEffectSec(  303): AudioSAEffectSec::AudioSAEffectSec ctor
