V/AwesomePlayer(  303): cancelPlayerEvents (keepNotifications=0)
V/AwesomePlayer(  303): mAudioTrackVector clear
V/AwesomePlayer(  303): reset_l() mAudioPlayer successfully deleted
V/AwesomePlayer(  303): mSecCapture clear
V/AwesomePlayer(  303): mSecMediaClock clear
V/MediaPlayer(15602): decode(38, 20437596, 6644)
V/MediaPlayerService(  303): decode(38, 20437596, 6644)
V/MediaPlayerService(  303): player type = 3
V/AwesomePlayer(  303): setDefault
V/AwesomePlayer(  303): constructor
V/AwesomePlayer(  303): setDefault
V/AwesomePlayer(  303): reset_l()
V/AwesomePlayer(  303): notifyListner_l() msg (8-MEDIA_STOPPED), ext1 (0), ext2 (0)
V/AwesomePlayer(  303): cancelPlayerEvents (keepNotifications=0)
V/AwesomePlayer(  303): mAudioTrackVector clear
V/AwesomePlayer(  303): reset_l() mAudioPlayer successfully deleted
V/AwesomePlayer(  303): mSecCapture clear
V/AwesomePlayer(  303): mSecMediaClock clear
V/StagefrightPlayer(  303): StagefrightPlayer
V/AwesomePlayer(  303): setListener
V/StagefrightPlayer(  303): initCheck
V/AwesomePlayer(  303): setAudioSink
V/StagefrightPlayer(  303): setDataSource(38, 20437596, 6644)
V/AwesomePlayer(  303): reset_l()
V/AwesomePlayer(  303): notifyListner_l() msg (8-MEDIA_STOPPED), ext1 (0), ext2 (0)
V/AudioCache(  303): notify(0xb0e13dd0, 8, 0, 0)
V/AudioCache(  303): ignored
V/AwesomePlayer(  303): cancelPlayerEvents (keepNotifications=0)
V/AwesomePlayer(  303): mAudioTrackVector clear
V/AwesomePlayer(  303): reset_l() mAudioPlayer successfully deleted
V/AwesomePlayer(  303): mSecCapture clear
V/AwesomePlayer(  303): mSecMediaClock clear
D/TimaKeyStoreProvider(15653): TimaSignature is unavailable
V/AwesomePlayer(  303): track of type 'audio/vorbis' does not publish bitrate
V/AwesomePlayer(  303): mBitrate = -1 bits/sec
I/OggExtractor(  303): OggSource::OggSource() mExtractor ref count = 4
V/AwesomePlayer(  303): current audio track index (0) is added to vector
V/AwesomePlayer(  303): setDataSource_l: Audio(1), Video(0)
I/AwesomePlayer(  303): checkRightsStatus is not necessary - AwesomePlayer::setDataSource_l
V/MediaPlayerService(  303): prepare
V/AwesomePlayer(  303): prepareAsync
V/MediaPlayerService(  303): wait for prepare
V/AwesomePlayer(  303): onPrepareAsyncEvent
I/SecMediaClock(  303): SecMediaClock constructor
I/SecMediaClock(  303): reset
I/SecVideoCapture(  303): SecVideoCapture constructor
I/SecVideoCapture(  303): reset
V/AwesomePlayer(  303): initAudioDecoder
V/AwesomePlayer(  303): checkOffloadExceptions is true
V/AudioPolicyManager(  303): isOffloadSupported: SR=44100, CM=0x1, Format=0x7000000, StreamType=-1, BitRate=4294967295, duration=213446 us, has_video=0
V/AudioPolicyManager(  303): isOffloadSupported: stream_type != MUSIC, returning false
I/OMXCodec(  303): Attempting to allocate OMX node 'OMX.google.vorbis.decoder'
D/ActivityThread(15653): Added TimaKeyStore provider
I/OMXCodec(  303): Successfully allocated OMX node 'OMX.google.vorbis.decoder'
I/OMXCodec(  303): >>>UHQA initOutputFormat 16
I/AwesomePlayer(  303): Could not offload audio decode, try pcm offload
V/AudioPolicyManager(  303): isOffloadSupported: SR=44100, CM=0x1, Format=0x1c000001, StreamType=-1, BitRate=4294967295, duration=213446 us, has_video=0
V/AudioPolicyManager(  303): isOffloadSupported: stream_type != MUSIC, returning false
I/OMXCodec(  303): [OMX.google.vorbis.decoder] OMXCodec::start mState=1
I/OMXCodec(  303): [OMX.google.vorbis.decoder] allocating 4 buffers of size 8192 on input port
I/OMXCodec(  303): [OMX.google.vorbis.decoder] allocating 4 buffers of size 32768 on output port
D/STATUSBAR-WifiQuickSettingButton( 1505): onWifiSignalChanged enabled=true enabledDesc:"ZZL-309"
I/OMXCodec(  303): [OMX.google.vorbis.decoder] Now Idle. Component sends idle done Event 
V/AwesomePlayer(  303): finishAsyncPrepare_l
V/AwesomePlayer(  303): notifyListner_l() msg (200-MEDIA_INFO), ext1 (973), ext2 (0)
V/AudioCache(  303): notify(0xb0e13dd0, 200, 973, 0)
V/AudioCache(  303): ignored
V/AwesomePlayer(  303): notifyListner_l() msg (5-MEDIA_SET_VIDEO_SIZE), ext1 (0), ext2 (0)
V/AudioCache(  303): notify(0xb0e13dd0, 5, 0, 0)
V/AudioCache(  303): ignored
V/AwesomePlayer(  303): notifyListner_l() msg (1-MEDIA_PREPARED), ext1 (0), ext2 (0)
V/AudioCache(  303): notify(0xb0e13dd0, 1, 0, 0)
V/AudioCache(  303): prepared
V/AudioCache(  303): wait - success
V/MediaPlayerService(  303): start
V/StagefrightPlayer(  303): start
V/AwesomePlayer(  303): play
V/AwesomePlayer(  303): AwesomePlayer::play_l():: This is not a DRM content
V/AwesomePlayer(  303): startAudioPlayer_l, sendErrorNotification (0)
D/AudioPlayer(  303): start of Playback, useOffload 0
D/StatusBar.MSimNetworkController( 1505): applyCU
I/OMXCodec(  303): [OMX.google.vorbis.decoder] 0onCmdComplete  mState =  7
I/OMXCodec(  303): [OMX.google.vorbis.decoder] PORT_DISABLED(1)
I/OMXCodec(  303): >>>UHQA initOutputFormat 16
I/OMXCodec(  303): [OMX.google.vorbis.decoder] allocating 4 buffers of size 32768 on output port
I/AudioPlayer(  303): Audio channels(1)
I/AudioPlayer(  303): Audioplayer kKeyAudioPCMFormat:0, 1, 0
I/AudioPlayer(  303): Audioplayer kKeyAudioPCMFormat read fail(1, 1)
V/AudioCache(  303): open(44100, 1, 0x0, 1, 0)
V/AwesomePlayer(  303): notifyListner_l() msg (6-MEDIA_STARTED), ext1 (0), ext2 (0)
V/AudioCache(  303): notify(0xb0e13dd0, 6, 0, 0)
V/AudioCache(  303): ignored
V/AwesomePlayer(  303): addBatteryData
I/AudioPlayer(  303): First fillBuffer call!!
I/AudioPlayer(  303): >>> setAudioEffect Read mAudioFormat : 1, event : 168430090, value : 151652874
E/AudioPlayer(  303): >>> setAudioEffect Error mAudioFormat : 1, event : 168430090, value : 151652874
V/MediaPlayerService(  303): wait for playback complete
D/StatusBar.MSimNetworkController( 1505): applyCU
D/ResourcesManager(15653): creating new AssetManager and set to /system/app/AllshareFileShareServer/AllshareFileShareServer.apk
D/StatusBar.MSimNetworkController( 1505): applyCU
D/StatusBar.MSimNetworkController( 1505): applyCU
I/OMXCodec(  303): [OMX.google.vorbis.decoder] End Of Stream
V/AwesomePlayer(  303): postAudioEOS delayUs (0)
V/AwesomePlayer(  303): onCheckAudioStatus
V/AwesomePlayer(  303): onCheckAudioStatus() set AUDIO_AT_EOS flag
V/AwesomePlayer(  303): onStreamDone
V/AwesomePlayer(  303): MEDIA_PLAYBACK_COMPLETE
V/AwesomePlayer(  303): notifyListner_l() msg (2-MEDIA_PLAYBACK_COMPLETE), ext1 (0), ext2 (0)
V/AudioCache(  303): notify(0xb0e13dd0, 2, 0, 0)
V/AudioCache(  303): playback complete - thread will wake up later
V/AwesomePlayer(  303): notifyListner_l() msg (7-MEDIA_PAUSED), ext1 (0), ext2 (0)
V/AudioCache(  303): notify(0xb0e13dd0, 7, 0, 0)
V/AudioCache(  303): ignored
V/AwesomePlayer(  303): cancelPlayerEvents (keepNotifications=1)
V/AwesomePlayer(  303): addBatteryData
V/AudioCache(  303): wait - success
V/StagefrightPlayer(  303): reset
V/AwesomePlayer(  303): reset_l()
V/AwesomePlayer(  303): notifyListner_l() msg (8-MEDIA_STOPPED), ext1 (0), ext2 (0)
V/AudioCache(  303): notify(0xb0e13dd0, 8, 0, 0)
V/AudioCache(  303): ignored
V/AwesomePlayer(  303): cancelPlayerEvents (keepNotifications=0)
V/AwesomePlayer(  303): mAudioTrackVector clear
D/AudioPlayer(  303): reset: mPlaying=0 mReachedEOS=1 useOffload=0
I/OMXCodec(  303): [OMX.google.vorbis.decoder] stop mState=4
I/OMXCodec(  303): [OMX.google.vorbis.decoder] stop() sendCommand(0x145, OMX_CommandStateSet, OMX_StateIdle)
I/OMXCodec(  303): [OMX.google.vorbis.decoder] Now Idle. Component sends idle done Event 
D/StatusBar.MSimNetworkController( 1505): getNumberOfActiveSim:0
I/OMXCodec(  303): [OMX.google.vorbis.decoder] stopOmxComponent_l() mstate = 1
I/OggExtractor(  303): OggSource::stop() mExtractor ref count = 1
I/OggExtractor(  303): OggSource::~OggSource() mExtractor !mStarted ref count = 1
I/OggExtractor(  303): ~OggSource --
I/OggExtractor(  303): ~OggExtractor ++
I/OggExtractor(  303): ~MyVorbisExtractor ++ 
I/OggExtractor(  303): ~MyVorbisExtractor --
I/OggExtractor(  303): ~OggExtractor --
I/AudioPlayer(  303): reset out
V/AwesomePlayer(  303): reset_l() mAudioPlayer successfully deleted
I/SecVideoCapture(  303): SecVideoCapture destructor
I/SecVideoCapture(  303): reset
V/AwesomePlayer(  303): mSecCapture clear
I/SecMediaClock(  303): SecMediaClock destructor
V/AwesomePlayer(  303): mSecMediaClock clear
V/StagefrightPlayer(  303): ~StagefrightPlayer
V/StagefrightPlayer(  303): reset
V/AwesomePlayer(  303): reset_l()
V/AwesomePlayer(  303): notifyListner_l() msg (8-MEDIA_STOPPED), ext1 (0), ext2 (0)
V/AwesomePlayer(  303): cancelPlayerEvents (keepNotifications=0)
V/AwesomePlayer(  303): mAudioTrackVector clear
V/AwesomePlayer(  303): reset_l() mAudioPlayer successfully deleted
V/AwesomePlayer(  303): mSecCapture clear
V/AwesomePlayer(  303): mSecMediaClock clear
V/AwesomePlayer(  303): destructor
V/AwesomePlayer(  303): reset_l()
V/AwesomePlayer(  303): notifyListner_l() msg (8-MEDIA_STOPPED), ext1 (0), ext2 (0)
V/AwesomePlayer(  303): cancelPlayerEvents (keepNotifications=0)
V/AwesomePlayer(  303): mAudioTrackVector clear
V/AwesomePlayer(  303): reset_l() mAudioPlayer successfully deleted
V/AwesomePlayer(  303): mSecCapture clear
V/AwesomePlayer(  303): mSecMediaClock clear
V/MediaPlayer(15602): decode(40, 20513864, 23389)
V/MediaPlayerService(  303): decode(38, 20513864, 23389)
V/MediaPlayerService(  303): player type = 3
V/AwesomePlayer(  303): setDefault
V/AwesomePlayer(  303): constructor
V/AwesomePlayer(  303): setDefault
V/AwesomePlayer(  303): reset_l()
V/AwesomePlayer(  303): notifyListner_l() msg (8-MEDIA_STOPPED), ext1 (0), ext2 (0)
V/AwesomePlayer(  303): cancelPlayerEvents (keepNotifications=0)
V/AwesomePlayer(  303): mAudioTrackVector clear
V/AwesomePlayer(  303): reset_l() mAudioPlayer successfully deleted
V/AwesomePlayer(  303): mSecCapture clear
V/AwesomePlayer(  303): mSecMediaClock clear
V/StagefrightPlayer(  303): StagefrightPlayer
V/AwesomePlayer(  303): setListener
V/StagefrightPlayer(  303): initCheck
V/AwesomePlayer(  303): setAudioSink
V/StagefrightPlayer(  303): setDataSource(38, 20513864, 23389)
V/AwesomePlayer(  303): reset_l()
V/AwesomePlayer(  303): notifyListner_l() msg (8-MEDIA_STOPPED), ext1 (0), ext2 (0)
V/AudioCache(  303): notify(0xae504150, 8, 0, 0)
V/AudioCache(  303): ignored
V/AwesomePlayer(  303): cancelPlayerEvents (keepNotifications=0)
V/AwesomePlayer(  303): mAudioTrackVector clear
V/AwesomePlayer(  303): reset_l() mAudioPlayer successfully deleted
V/AwesomePlayer(  303): mSecCapture clear
V/AwesomePlayer(  303): mSecMediaClock clear
V/AwesomePlayer(  303): track of type 'audio/vorbis' does not publish bitrate
V/AwesomePlayer(  303): mBitrate = -1 bits/sec
I/OggExtractor(  303): OggSource::OggSource() mExtractor ref count = 4
V/AwesomePlayer(  303): current audio track index (0) is added to vector
V/AwesomePlayer(  303): setDataSource_l: Audio(1), Video(0)
I/AwesomePlayer(  303): checkRightsStatus is not necessary - AwesomePlayer::setDataSource_l
V/MediaPlayerService(  303): prepare
V/AwesomePlayer(  303): prepareAsync
V/MediaPlayerService(  303): wait for prepare
V/AwesomePlayer(  303): onPrepareAsyncEvent
I/SecMediaClock(  303): SecMediaClock constructor
I/SecMediaClock(  303): reset
I/SecVideoCapture(  303): SecVideoCapture constructor
I/SecVideoCapture(  303): reset
V/AwesomePlayer(  303): initAudioDecoder
V/AwesomePlayer(  303): checkOffloadExceptions is true
V/AudioPolicyManager(  303): isOffloadSupported: SR=44100, CM=0x3, Format=0x7000000, StreamType=-1, BitRate=4294967295, duration=1250000 us, has_video=0
V/AudioPolicyManager(  303): isOffloadSupported: stream_type != MUSIC, returning false
I/OMXCodec(  303): Attempting to allocate OMX node 'OMX.google.vorbis.decoder'
I/OMXCodec(  303): Successfully allocated OMX node 'OMX.google.vorbis.decoder'
I/OMXCodec(  303): >>>UHQA initOutputFormat 16
I/AwesomePlayer(  303): Could not offload audio decode, try pcm offload
V/AudioPolicyManager(  303): isOffloadSupported: SR=44100, CM=0x1, Format=0x1c000001, StreamType=-1, BitRate=4294967295, duration=1250000 us, has_video=0
V/AudioPolicyManager(  303): isOffloadSupported: stream_type != MUSIC, returning false
I/OMXCodec(  303): [OMX.google.vorbis.decoder] OMXCodec::start mState=1
I/OMXCodec(  303): [OMX.google.vorbis.decoder] allocating 4 buffers of size 8192 on input port
I/OMXCodec(  303): [OMX.google.vorbis.decoder] allocating 4 buffers of size 32768 on output port
I/OMXCodec(  303): [OMX.google.vorbis.decoder] Now Idle. Component sends idle done Event 
V/AwesomePlayer(  303): finishAsyncPrepare_l
V/AwesomePlayer(  303): notifyListner_l() msg (200-MEDIA_INFO), ext1 (973), ext2 (0)
V/AudioCache(  303): notify(0xae504150, 200, 973, 0)
V/AudioCache(  303): ignored
V/AwesomePlayer(  303): notifyListner_l() msg (5-MEDIA_SET_VIDEO_SIZE), ext1 (0), ext2 (0)
V/AudioCache(  303): notify(0xae504150, 5, 0, 0)
V/AudioCache(  303): ignored
V/AwesomePlayer(  303): notifyListner_l() msg (1-MEDIA_PREPARED), ext1 (0), ext2 (0)
V/AudioCache(  303): notify(0xae504150, 1, 0, 0)
V/AudioCache(  303): prepared
V/AudioCache(  303): wait - success
V/MediaPlayerService(  303): start
V/StagefrightPlayer(  303): start
V/AwesomePlayer(  303): play
V/AwesomePlayer(  303): AwesomePlayer::play_l():: This is not a DRM content
V/AwesomePlayer(  303): startAudioPlayer_l, sendErrorNotification (0)
D/AudioPlayer(  303): start of Playback, useOffload 0
I/OMXCodec(  303): [OMX.google.vorbis.decoder] 0onCmdComplete  mState =  7
I/OMXCodec(  303): [OMX.google.vorbis.decoder] PORT_DISABLED(1)
I/OMXCodec(  303): >>>UHQA initOutputFormat 16
I/OMXCodec(  303): [OMX.google.vorbis.decoder] allocating 4 buffers of size 32768 on output port
I/AudioPlayer(  303): Audio channels(2)
I/AudioPlayer(  303): Audioplayer kKeyAudioPCMFormat:0, 1, 0
I/AudioPlayer(  303): Audioplayer kKeyAudioPCMFormat read fail(2, 1)
V/AudioCache(  303): open(44100, 2, 0x0, 1, 0)
V/AwesomePlayer(  303): notifyListner_l() msg (6-MEDIA_STARTED), ext1 (0), ext2 (0)
V/AudioCache(  303): notify(0xae504150, 6, 0, 0)
V/AudioCache(  303): ignored
V/AwesomePlayer(  303): addBatteryData
I/AudioPlayer(  303): First fillBuffer call!!
I/AudioPlayer(  303): >>> setAudioEffect Read mAudioFormat : 1, event : 235670794, value : 319688206
E/AudioPlayer(  303): >>> setAudioEffect Error mAudioFormat : 1, event : 235670794, value : 319688206
V/MediaPlayerService(  303): wait for playback complete
D/FileShare-Server(15653): ServerBroadcastReceiver.onReceive - action android.intent.action.PACKAGE_CHANGED // package:com.qihoo.appstore
I/OMXCodec(  303): [OMX.google.vorbis.decoder] End Of Stream
V/AwesomePlayer(  303): postAudioEOS delayUs (0)
V/AwesomePlayer(  303): onCheckAudioStatus
V/AwesomePlayer(  303): onCheckAudioStatus() set AUDIO_AT_EOS flag
V/AwesomePlayer(  303): onStreamDone
V/AwesomePlayer(  303): MEDIA_PLAYBACK_COMPLETE
V/AwesomePlayer(  303): notifyListner_l() msg (2-MEDIA_PLAYBACK_COMPLETE), ext1 (0), ext2 (0)
V/AudioCache(  303): notify(0xae504150, 2, 0, 0)
V/AudioCache(  303): playback complete - thread will wake up later
V/AwesomePlayer(  303): notifyListner_l() msg (7-MEDIA_PAUSED), ext1 (0), ext2 (0)
V/AudioCache(  303): notify(0xae504150, 7, 0, 0)
V/AudioCache(  303): ignored
V/AwesomePlayer(  303): cancelPlayerEvents (keepNotifications=1)
V/AwesomePlayer(  303): addBatteryData
V/AudioCache(  303): wait - success
V/StagefrightPlayer(  303): reset
V/AwesomePlayer(  303): reset_l()
V/AwesomePlayer(  303): notifyListner_l() msg (8-MEDIA_STOPPED), ext1 (0), ext2 (0)
V/AudioCache(  303): notify(0xae504150, 8, 0, 0)
V/AudioCache(  303): ignored
V/AwesomePlayer(  303): cancelPlayerEvents (keepNotifications=0)
V/AwesomePlayer(  303): mAudioTrackVector clear
D/AudioPlayer(  303): reset: mPlaying=0 mReachedEOS=1 useOffload=0
I/OMXCodec(  303): [OMX.google.vorbis.decoder] stop mState=4
I/OMXCodec(  303): [OMX.google.vorbis.decoder] stop() sendCommand(0x146, OMX_CommandStateSet, OMX_StateIdle)
I/OMXCodec(  303): [OMX.google.vorbis.decoder] Now Idle. Component sends idle done Event 
I/OMXCodec(  303): [OMX.google.vorbis.decoder] stopOmxComponent_l() mstate = 1
I/OggExtractor(  303): OggSource::stop() mExtractor ref count = 1
I/OggExtractor(  303): OggSource::~OggSource() mExtractor !mStarted ref count = 1
I/OggExtractor(  303): ~OggSource --
I/OggExtractor(  303): ~OggExtractor ++
I/OggExtractor(  303): ~MyVorbisExtractor ++ 
I/OggExtractor(  303): ~MyVorbisExtractor --
I/OggExtractor(  303): ~OggExtractor --
I/AudioPlayer(  303): reset out
V/AwesomePlayer(  303): reset_l() mAudioPlayer successfully deleted
I/SecVideoCapture(  303): SecVideoCapture destructor
I/SecVideoCapture(  303): reset
V/AwesomePlayer(  303): mSecCapture clear
I/SecMediaClock(  303): SecMediaClock destructor
V/AwesomePlayer(  303): mSecMediaClock clear
V/StagefrightPlayer(  303): ~StagefrightPlayer
V/StagefrightPlayer(  303): reset
V/AwesomePlayer(  303): reset_l()
V/AwesomePlayer(  303): notifyListner_l() msg (8-MEDIA_STOPPED), ext1 (0), ext2 (0)
V/AwesomePlayer(  303): cancelPlayerEvents (keepNotifications=0)
V/AwesomePlayer(  303): mAudioTrackVector clear
V/AwesomePlayer(  303): reset_l() mAudioPlayer successfully deleted
V/AwesomePlayer(  303): mSecCapture clear
V/AwesomePlayer(  303): mSecMediaClock clear
V/AwesomePlayer(  303): destructor
V/AwesomePlayer(  303): reset_l()
V/AwesomePlayer(  303): notifyListner_l() msg (8-MEDIA_STOPPED), ext1 (0), ext2 (0)
V/AwesomePlayer(  303): cancelPlayerEvents (keepNotifications=0)
V/AwesomePlayer(  303): mAudioTrackVector clear
V/AwesomePlayer(  303): reset_l() mAudioPlayer successfully deleted
V/AwesomePlayer(  303): mSecCapture clear
V/AwesomePlayer(  303): mSecMediaClock clear
V/MediaPlayer(15602): decode(42, 20403364, 8154)
V/MediaPlayerService(  303): decode(38, 20403364, 8154)
V/MediaPlayerService(  303): player type = 3
V/AwesomePlayer(  303): setDefault
V/AwesomePlayer(  303): constructor
V/AwesomePlayer(  303): setDefault
V/AwesomePlayer(  303): reset_l()
V/AwesomePlayer(  303): notifyListner_l() msg (8-MEDIA_STOPPED), ext1 (0), ext2 (0)
V/AwesomePlayer(  303): cancelPlayerEvents (keepNotifications=0)
V/AwesomePlayer(  303): mAudioTrackVector clear
V/AwesomePlayer(  303): reset_l() mAudioPlayer successfully deleted
V/AwesomePlayer(  303): mSecCapture clear
V/AwesomePlayer(  303): mSecMediaClock clear
V/StagefrightPlayer(  303): StagefrightPlayer
V/AwesomePlayer(  303): setListener
V/StagefrightPlayer(  303): initCheck
V/AwesomePlayer(  303): setAudioSink
V/StagefrightPlayer(  303): setDataSource(38, 20403364, 8154)
V/AwesomePlayer(  303): reset_l()
V/AwesomePlayer(  303): notifyListner_l() msg (8-MEDIA_STOPPED), ext1 (0), ext2 (0)
V/AudioCache(  303): notify(0xae256150, 8, 0, 0)
V/AudioCache(  303): ignored
V/AwesomePlayer(  303): cancelPlayerEvents (keepNotifications=0)
V/AwesomePlayer(  303): mAudioTrackVector clear
V/AwesomePlayer(  303): reset_l() mAudioPlayer successfully deleted
V/AwesomePlayer(  303): mSecCapture clear
V/AwesomePlayer(  303): mSecMediaClock clear
V/AwesomePlayer(  303): track of type 'audio/vorbis' does not publish bitrate
V/AwesomePlayer(  303): mBitrate = -1 bits/sec
I/OggExtractor(  303): OggSource::OggSource() mExtractor ref count = 4
V/AwesomePlayer(  303): current audio track index (0) is added to vector
V/AwesomePlayer(  303): setDataSource_l: Audio(1), Video(0)
I/AwesomePlayer(  303): checkRightsStatus is not necessary - AwesomePlayer::setDataSource_l
V/MediaPlayerService(  303): prepare
V/AwesomePlayer(  303): prepareAsync
V/MediaPlayerService(  303): wait for prepare
V/AwesomePlayer(  303): onPrepareAsyncEvent
I/SecMediaClock(  303): SecMediaClock constructor
I/SecMediaClock(  303): reset
I/SecVideoCapture(  303): SecVideoCapture constructor
I/SecVideoCapture(  303): reset
V/AwesomePlayer(  303): initAudioDecoder
V/AwesomePlayer(  303): checkOffloadExceptions is true
V/AudioPolicyManager(  303): isOffloadSupported: SR=44100, CM=0x1, Format=0x7000000, StreamType=-1, BitRate=4294967295, duration=405328 us, has_video=0
V/AudioPolicyManager(  303): isOffloadSupported: stream_type != MUSIC, returning false
I/OMXCodec(  303): Attempting to allocate OMX node 'OMX.google.vorbis.decoder'
I/OMXCodec(  303): Successfully allocated OMX node 'OMX.google.vorbis.decoder'
I/OMXCodec(  303): >>>UHQA initOutputFormat 16
I/AwesomePlayer(  303): Could not offload audio decode, try pcm offload
V/AudioPolicyManager(  303): isOffloadSupported: SR=44100, CM=0x1, Format=0x1c000001, StreamType=-1, BitRate=4294967295, duration=405328 us, has_video=0
V/AudioPolicyManager(  303): isOffloadSupported: stream_type != MUSIC, returning false
I/OMXCodec(  303): [OMX.google.vorbis.decoder] OMXCodec::start mState=1
I/OMXCodec(  303): [OMX.google.vorbis.decoder] allocating 4 buffers of size 8192 on input port
I/OMXCodec(  303): [OMX.google.vorbis.decoder] allocating 4 buffers of size 32768 on output port
I/OMXCodec(  303): [OMX.google.vorbis.decoder] Now Idle. Component sends idle done Event 
V/AwesomePlayer(  303): finishAsyncPrepare_l
V/AwesomePlayer(  303): notifyListner_l() msg (200-MEDIA_INFO), ext1 (973), ext2 (0)
V/AudioCache(  303): notify(0xae256150, 200, 973, 0)
V/AudioCache(  303): ignored
V/AwesomePlayer(  303): notifyListner_l() msg (5-MEDIA_SET_VIDEO_SIZE), ext1 (0), ext2 (0)
V/AudioCache(  303): notify(0xae256150, 5, 0, 0)
V/AudioCache(  303): ignored
V/AwesomePlayer(  303): notifyListner_l() msg (1-MEDIA_PREPARED), ext1 (0), ext2 (0)
V/AudioCache(  303): notify(0xae256150, 1, 0, 0)
V/AudioCache(  303): prepared
V/AudioCache(  303): wait - success
V/MediaPlayerService(  303): start
V/StagefrightPlayer(  303): start
V/AwesomePlayer(  303): play
V/AwesomePlayer(  303): AwesomePlayer::play_l():: This is not a DRM content
V/AwesomePlayer(  303): startAudioPlayer_l, sendErrorNotification (0)
D/AudioPlayer(  303): start of Playback, useOffload 0
I/OMXCodec(  303): [OMX.google.vorbis.decoder] 0onCmdComplete  mState =  7
I/OMXCodec(  303): [OMX.google.vorbis.decoder] PORT_DISABLED(1)
I/OMXCodec(  303): >>>UHQA initOutputFormat 16
I/OMXCodec(  303): [OMX.google.vorbis.decoder] allocating 4 buffers of size 32768 on output port
I/AudioPlayer(  303): Audio channels(1)
I/AudioPlayer(  303): Audioplayer kKeyAudioPCMFormat:0, 1, 0
I/AudioPlayer(  303): Audioplayer kKeyAudioPCMFormat read fail(1, 1)
V/AudioCache(  303): open(44100, 1, 0x0, 1, 0)
V/AwesomePlayer(  303): notifyListner_l() msg (6-MEDIA_STARTED), ext1 (0), ext2 (0)
V/AudioCache(  303): notify(0xae256150, 6, 0, 0)
V/AudioCache(  303): ignored
V/AwesomePlayer(  303): addBatteryData
I/AudioPlayer(  303): First fillBuffer call!!
V/MediaPlayerService(  303): wait for playback complete
I/AudioPlayer(  303): >>> setAudioEffect Read mAudioFormat : 1, event : 168430090, value : 151652874
E/AudioPlayer(  303): >>> setAudioEffect Error mAudioFormat : 1, event : 168430090, value : 151652874
E/Zygote  (15684): MountEmulatedStorage()
E/Zygote  (15684): v2
I/OMXCodec(  303): [OMX.google.vorbis.decoder] End Of Stream
V/AwesomePlayer(  303): postAudioEOS delayUs (0)
V/AwesomePlayer(  303): onCheckAudioStatus
V/AwesomePlayer(  303): onCheckAudioStatus() set AUDIO_AT_EOS flag
V/AwesomePlayer(  303): onStreamDone
V/AwesomePlayer(  303): MEDIA_PLAYBACK_COMPLETE
V/AwesomePlayer(  303): notifyListner_l() msg (2-MEDIA_PLAYBACK_COMPLETE), ext1 (0), ext2 (0)
V/AudioCache(  303): notify(0xae256150, 2, 0, 0)
V/AudioCache(  303): playback complete - thread will wake up later
V/AwesomePlayer(  303): notifyListner_l() msg (7-MEDIA_PAUSED), ext1 (0), ext2 (0)
V/AudioCache(  303): notify(0xae256150, 7, 0, 0)
V/AudioCache(  303): ignored
V/AwesomePlayer(  303): cancelPlayerEvents (keepNotifications=1)
V/AwesomePlayer(  303): addBatteryData
V/AudioCache(  303): wait - success
V/StagefrightPlayer(  303): reset
V/AwesomePlayer(  303): reset_l()
V/AwesomePlayer(  303): notifyListner_l() msg (8-MEDIA_STOPPED), ext1 (0), ext2 (0)
V/AudioCache(  303): notify(0xae256150, 8, 0, 0)
V/AudioCache(  303): ignored
V/AwesomePlayer(  303): cancelPlayerEvents (keepNotifications=0)
V/AwesomePlayer(  303): mAudioTrackVector clear
D/AudioPlayer(  303): reset: mPlaying=0 mReachedEOS=1 useOffload=0
I/OMXCodec(  303): [OMX.google.vorbis.decoder] stop mState=4
I/OMXCodec(  303): [OMX.google.vorbis.decoder] stop() sendCommand(0x147, OMX_CommandStateSet, OMX_StateIdle)
I/OMXCodec(  303): [OMX.google.vorbis.decoder] Now Idle. Component sends idle done Event 
I/OMXCodec(  303): [OMX.google.vorbis.decoder] stopOmxComponent_l() mstate = 1
I/OggExtractor(  303): OggSource::stop() mExtractor ref count = 1
I/OggExtractor(  303): OggSource::~OggSource() mExtractor !mStarted ref count = 1
I/OggExtractor(  303): ~OggSource --
I/OggExtractor(  303): ~OggExtractor ++
I/OggExtractor(  303): ~MyVorbisExtractor ++ 
I/OggExtractor(  303): ~MyVorbisExtractor --
I/OggExtractor(  303): ~OggExtractor --
I/AudioPlayer(  303): reset out
V/AwesomePlayer(  303): reset_l() mAudioPlayer successfully deleted
I/SecVideoCapture(  303): SecVideoCapture destructor
I/SecVideoCapture(  303): reset
V/AwesomePlayer(  303): mSecCapture clear
I/SecMediaClock(  303): SecMediaClock destructor
V/AwesomePlayer(  303): mSecMediaClock clear
I/SELinux (15684): Function: selinux_compare_spd_ram , priority [2] , priority version is VE=SEPF_SM-N9002_5.0-1_0039
V/StagefrightPlayer(  303): ~StagefrightPlayer
V/StagefrightPlayer(  303): reset
V/AwesomePlayer(  303): reset_l()
V/AwesomePlayer(  303): notifyListner_l() msg (8-MEDIA_STOPPED), ext1 (0), ext2 (0)
V/AwesomePlayer(  303): cancelPlayerEvents (keepNotifications=0)
V/AwesomePlayer(  303): mAudioTrackVector clear
V/AwesomePlayer(  303): reset_l() mAudioPlayer successfully deleted
V/AwesomePlayer(  303): mSecCapture clear
V/AwesomePlayer(  303): mSecMediaClock clear
V/AwesomePlayer(  303): destructor
V/AwesomePlayer(  303): reset_l()
V/AwesomePlayer(  303): notifyListner_l() msg (8-MEDIA_STOPPED), ext1 (0), ext2 (0)
V/AwesomePlayer(  303): cancelPlayerEvents (keepNotifications=0)
V/AwesomePlayer(  303): mAudioTrackVector clear
V/AwesomePlayer(  303): reset_l() mAudioPlayer successfully deleted
V/AwesomePlayer(  303): mSecCapture clear
V/AwesomePlayer(  303): mSecMediaClock clear
E/SELinux (15684): [DEBUG] get_category: variable seinfo: platform sensitivity: NULL, cateogry: NULL
V/MediaPlayer(15602): decode(41, 20376868, 4804)
V/MediaPlayerService(  303): decode(38, 20376868, 4804)
V/MediaPlayerService(  303): player type = 3
V/AwesomePlayer(  303): setDefault
V/AwesomePlayer(  303): constructor
V/AwesomePlayer(  303): setDefault
V/AwesomePlayer(  303): reset_l()
V/AwesomePlayer(  303): notifyListner_l() msg (8-MEDIA_STOPPED), ext1 (0), ext2 (0)
V/AwesomePlayer(  303): cancelPlayerEvents (keepNotifications=0)
V/AwesomePlayer(  303): mAudioTrackVector clear
V/AwesomePlayer(  303): reset_l() mAudioPlayer successfully deleted
V/AwesomePlayer(  303): mSecCapture clear
V/AwesomePlayer(  303): mSecMediaClock clear
V/StagefrightPlayer(  303): StagefrightPlayer
V/AwesomePlayer(  303): setListener
V/StagefrightPlayer(  303): initCheck
V/AwesomePlayer(  303): setAudioSink
V/StagefrightPlayer(  303): setDataSource(38, 20376868, 4804)
V/AwesomePlayer(  303): reset_l()
V/AwesomePlayer(  303): notifyListner_l() msg (8-MEDIA_STOPPED), ext1 (0), ext2 (0)
V/AudioCache(  303): notify(0xb0e13e20, 8, 0, 0)
V/AudioCache(  303): ignored
V/AwesomePlayer(  303): cancelPlayerEvents (keepNotifications=0)
V/AwesomePlayer(  303): mAudioTrackVector clear
V/AwesomePlayer(  303): reset_l() mAudioPlayer successfully deleted
V/AwesomePlayer(  303): mSecCapture clear
V/AwesomePlayer(  303): mSecMediaClock clear
V/AwesomePlayer(  303): track of type 'audio/vorbis' does not publish bitrate
V/AwesomePlayer(  303): mBitrate = -1 bits/sec
I/OggExtractor(  303): OggSource::OggSource() mExtractor ref count = 4
V/AwesomePlayer(  303): current audio track index (0) is added to vector
V/AwesomePlayer(  303): setDataSource_l: Audio(1), Video(0)
I/AwesomePlayer(  303): checkRightsStatus is not necessary - AwesomePlayer::setDataSource_l
V/MediaPlayerService(  303): prepare
V/AwesomePlayer(  303): prepareAsync
V/MediaPlayerService(  303): wait for prepare
V/AwesomePlayer(  303): onPrepareAsyncEvent
I/SecMediaClock(  303): SecMediaClock constructor
I/SecMediaClock(  303): reset
I/SecVideoCapture(  303): SecVideoCapture constructor
I/SecVideoCapture(  303): reset
V/AwesomePlayer(  303): initAudioDecoder
V/AwesomePlayer(  303): checkOffloadExceptions is true
V/AudioPolicyManager(  303): isOffloadSupported: SR=44100, CM=0x1, Format=0x7000000, StreamType=-1, BitRate=4294967295, duration=110476 us, has_video=0
V/AudioPolicyManager(  303): isOffloadSupported: stream_type != MUSIC, returning false
I/OMXCodec(  303): Attempting to allocate OMX node 'OMX.google.vorbis.decoder'
I/OMXCodec(  303): Successfully allocated OMX node 'OMX.google.vorbis.decoder'
I/OMXCodec(  303): >>>UHQA initOutputFormat 16
I/AwesomePlayer(  303): Could not offload audio decode, try pcm offload
V/AudioPolicyManager(  303): isOffloadSupported: SR=44100, CM=0x1, Format=0x1c000001, StreamType=-1, BitRate=4294967295, duration=110476 us, has_video=0
V/AudioPolicyManager(  303): isOffloadSupported: stream_type != MUSIC, returning false
I/OMXCodec(  303): [OMX.google.vorbis.decoder] OMXCodec::start mState=1
I/OMXCodec(  303): [OMX.google.vorbis.decoder] allocating 4 buffers of size 8192 on input port
I/OMXCodec(  303): [OMX.google.vorbis.decoder] allocating 4 buffers of size 32768 on output port
I/OMXCodec(  303): [OMX.google.vorbis.decoder] Now Idle. Component sends idle done Event 
V/AwesomePlayer(  303): finishAsyncPrepare_l
V/AwesomePlayer(  303): notifyListner_l() msg (200-MEDIA_INFO), ext1 (973), ext2 (0)
V/AudioCache(  303): notify(0xb0e13e20, 200, 973, 0)
V/AudioCache(  303): ignored
V/AwesomePlayer(  303): notifyListner_l() msg (5-MEDIA_SET_VIDEO_SIZE), ext1 (0), ext2 (0)
V/AudioCache(  303): notify(0xb0e13e20, 5, 0, 0)
V/AudioCache(  303): ignored
V/AwesomePlayer(  303): notifyListner_l() msg (1-MEDIA_PREPARED), ext1 (0), ext2 (0)
V/AudioCache(  303): notify(0xb0e13e20, 1, 0, 0)
V/AudioCache(  303): prepared
V/AudioCache(  303): wait - success
V/MediaPlayerService(  303): start
V/StagefrightPlayer(  303): start
V/AwesomePlayer(  303): play
V/AwesomePlayer(  303): AwesomePlayer::play_l():: This is not a DRM content
V/AwesomePlayer(  303): startAudioPlayer_l, sendErrorNotification (0)
D/AudioPlayer(  303): start of Playback, useOffload 0
I/OMXCodec(  303): [OMX.google.vorbis.decoder] 0onCmdComplete  mState =  7
I/OMXCodec(  303): [OMX.google.vorbis.decoder] PORT_DISABLED(1)
I/OMXCodec(  303): >>>UHQA initOutputFormat 16
I/OMXCodec(  303): [OMX.google.vorbis.decoder] allocating 4 buffers of size 32768 on output port
I/AudioPlayer(  303): Audio channels(1)
I/AudioPlayer(  303): Audioplayer kKeyAudioPCMFormat:0, 1, 0
I/AudioPlayer(  303): Audioplayer kKeyAudioPCMFormat read fail(1, 1)
V/AudioCache(  303): open(44100, 1, 0x0, 1, 0)
V/AwesomePlayer(  303): notifyListner_l() msg (6-MEDIA_STARTED), ext1 (0), ext2 (0)
V/AudioCache(  303): notify(0xb0e13e20, 6, 0, 0)
V/AudioCache(  303): ignored
V/AwesomePlayer(  303): addBatteryData
I/AudioPlayer(  303): First fillBuffer call!!
I/AudioPlayer(  303): >>> setAudioEffect Read mAudioFormat : 1, event : 168430090, value : 151652874
E/AudioPlayer(  303): >>> setAudioEffect Error mAudioFormat : 1, event : 168430090, value : 151652874
V/MediaPlayerService(  303): wait for playback complete
D/MotionEngine( 1036): [@@@ Motion Engine @@@] GetMotionScenarioId -0.772729 4.632780 8.410232 0.000000 0.000000 0.000000 51 20
I/OMXCodec(  303): [OMX.google.vorbis.decoder] End Of Stream
V/AwesomePlayer(  303): postAudioEOS delayUs (0)
V/AwesomePlayer(  303): onCheckAudioStatus
V/AwesomePlayer(  303): onCheckAudioStatus() set AUDIO_AT_EOS flag
V/AwesomePlayer(  303): onStreamDone
V/AwesomePlayer(  303): MEDIA_PLAYBACK_COMPLETE
V/AwesomePlayer(  303): notifyListner_l() msg (2-MEDIA_PLAYBACK_COMPLETE), ext1 (0), ext2 (0)
V/AudioCache(  303): notify(0xb0e13e20, 2, 0, 0)
V/AudioCache(  303): playback complete - thread will wake up later
V/AwesomePlayer(  303): notifyListner_l() msg (7-MEDIA_PAUSED), ext1 (0), ext2 (0)
V/AudioCache(  303): notify(0xb0e13e20, 7, 0, 0)
V/AudioCache(  303): ignored
V/AwesomePlayer(  303): cancelPlayerEvents (keepNotifications=1)
V/AwesomePlayer(  303): addBatteryData
V/AudioCache(  303): wait - success
V/StagefrightPlayer(  303): reset
V/AwesomePlayer(  303): reset_l()
V/AwesomePlayer(  303): notifyListner_l() msg (8-MEDIA_STOPPED), ext1 (0), ext2 (0)
V/AudioCache(  303): notify(0xb0e13e20, 8, 0, 0)
V/AudioCache(  303): ignored
V/AwesomePlayer(  303): cancelPlayerEvents (keepNotifications=0)
V/AwesomePlayer(  303): mAudioTrackVector clear
D/AudioPlayer(  303): reset: mPlaying=0 mReachedEOS=1 useOffload=0
I/OMXCodec(  303): [OMX.google.vorbis.decoder] stop mState=4
I/OMXCodec(  303): [OMX.google.vorbis.decoder] stop() sendCommand(0x148, OMX_CommandStateSet, OMX_StateIdle)
I/OMXCodec(  303): [OMX.google.vorbis.decoder] Now Idle. Component sends idle done Event 
I/OMXCodec(  303): [OMX.google.vorbis.decoder] stopOmxComponent_l() mstate = 1
I/OggExtractor(  303): OggSource::stop() mExtractor ref count = 1
I/OggExtractor(  303): OggSource::~OggSource() mExtractor !mStarted ref count = 1
I/OggExtractor(  303): ~OggSource --
I/OggExtractor(  303): ~OggExtractor ++
I/OggExtractor(  303): ~MyVorbisExtractor ++ 
I/OggExtractor(  303): ~MyVorbisExtractor --
I/OggExtractor(  303): ~OggExtractor --
I/AudioPlayer(  303): reset out
V/AwesomePlayer(  303): reset_l() mAudioPlayer successfully deleted
I/SecVideoCapture(  303): SecVideoCapture destructor
I/SecVideoCapture(  303): reset
V/AwesomePlayer(  303): mSecCapture clear
I/SecMediaClock(  303): SecMediaClock destructor
V/AwesomePlayer(  303): mSecMediaClock clear
V/StagefrightPlayer(  303): ~StagefrightPlayer
V/StagefrightPlayer(  303): reset
V/AwesomePlayer(  303): reset_l()
V/AwesomePlayer(  303): notifyListner_l() msg (8-MEDIA_STOPPED), ext1 (0), ext2 (0)
V/AwesomePlayer(  303): cancelPlayerEvents (keepNotifications=0)
V/AwesomePlayer(  303): mAudioTrackVector clear
V/AwesomePlayer(  303): reset_l() mAudioPlayer successfully deleted
V/AwesomePlayer(  303): mSecCapture clear
V/AwesomePlayer(  303): mSecMediaClock clear
V/AwesomePlayer(  303): destructor
V/AwesomePlayer(  303): reset_l()
V/AwesomePlayer(  303): notifyListner_l() msg (8-MEDIA_STOPPED), ext1 (0), ext2 (0)
V/AwesomePlayer(  303): cancelPlayerEvents (keepNotifications=0)
V/AwesomePlayer(  303): mAudioTrackVector clear
V/AwesomePlayer(  303): reset_l() mAudioPlayer successfully deleted
V/AwesomePlayer(  303): mSecCapture clear
V/AwesomePlayer(  303): mSecMediaClock clear
V/MediaPlayer(15602): decode(43, 20346368, 9400)
V/MediaPlayerService(  303): decode(38, 20346368, 9400)
V/MediaPlayerService(  303): player type = 3
V/AwesomePlayer(  303): setDefault
V/AwesomePlayer(  303): constructor
V/AwesomePlayer(  303): setDefault
V/AwesomePlayer(  303): reset_l()
V/AwesomePlayer(  303): notifyListner_l() msg (8-MEDIA_STOPPED), ext1 (0), ext2 (0)
V/AwesomePlayer(  303): cancelPlayerEvents (keepNotifications=0)
V/AwesomePlayer(  303): mAudioTrackVector clear
V/AwesomePlayer(  303): reset_l() mAudioPlayer successfully deleted
V/AwesomePlayer(  303): mSecCapture clear
V/AwesomePlayer(  303): mSecMediaClock clear
V/StagefrightPlayer(  303): StagefrightPlayer
V/AwesomePlayer(  303): setListener
V/StagefrightPlayer(  303): initCheck
V/AwesomePlayer(  303): setAudioSink
V/StagefrightPlayer(  303): setDataSource(38, 20346368, 9400)
V/AwesomePlayer(  303): reset_l()
V/AwesomePlayer(  303): notifyListner_l() msg (8-MEDIA_STOPPED), ext1 (0), ext2 (0)
V/AudioCache(  303): notify(0xb0d0ae20, 8, 0, 0)
V/AudioCache(  303): ignored
V/AwesomePlayer(  303): cancelPlayerEvents (keepNotifications=0)
V/AwesomePlayer(  303): mAudioTrackVector clear
V/AwesomePlayer(  303): reset_l() mAudioPlayer successfully deleted
V/AwesomePlayer(  303): mSecCapture clear
V/AwesomePlayer(  303): mSecMediaClock clear
V/AwesomePlayer(  303): track of type 'audio/vorbis' does not publish bitrate
V/AwesomePlayer(  303): mBitrate = -1 bits/sec
I/OggExtractor(  303): OggSource::OggSource() mExtractor ref count = 4
V/AwesomePlayer(  303): current audio track index (0) is added to vector
V/AwesomePlayer(  303): setDataSource_l: Audio(1), Video(0)
I/AwesomePlayer(  303): checkRightsStatus is not necessary - AwesomePlayer::setDataSource_l
V/MediaPlayerService(  303): prepare
V/AwesomePlayer(  303): prepareAsync
V/MediaPlayerService(  303): wait for prepare
V/AwesomePlayer(  303): onPrepareAsyncEvent
I/SecMediaClock(  303): SecMediaClock constructor
I/SecMediaClock(  303): reset
I/SecVideoCapture(  303): SecVideoCapture constructor
I/SecVideoCapture(  303): reset
V/AwesomePlayer(  303): initAudioDecoder
V/AwesomePlayer(  303): checkOffloadExceptions is true
V/AudioPolicyManager(  303): isOffloadSupported: SR=44100, CM=0x1, Format=0x7000000, StreamType=-1, BitRate=4294967295, duration=731360 us, has_video=0
V/AudioPolicyManager(  303): isOffloadSupported: stream_type != MUSIC, returning false
I/OMXCodec(  303): Attempting to allocate OMX node 'OMX.google.vorbis.decoder'
I/OMXCodec(  303): Successfully allocated OMX node 'OMX.google.vorbis.decoder'
I/OMXCodec(  303): >>>UHQA initOutputFormat 16
I/AwesomePlayer(  303): Could not offload audio decode, try pcm offload
V/AudioPolicyManager(  303): isOffloadSupported: SR=44100, CM=0x1, Format=0x1c000001, StreamType=-1, BitRate=4294967295, duration=731360 us, has_video=0
V/AudioPolicyManager(  303): isOffloadSupported: stream_type != MUSIC, returning false
I/OMXCodec(  303): [OMX.google.vorbis.decoder] OMXCodec::start mState=1
I/OMXCodec(  303): [OMX.google.vorbis.decoder] allocating 4 buffers of size 8192 on input port
I/OMXCodec(  303): [OMX.google.vorbis.decoder] allocating 4 buffers of size 32768 on output port
I/OMXCodec(  303): [OMX.google.vorbis.decoder] Now Idle. Component sends idle done Event 
V/AwesomePlayer(  303): finishAsyncPrepare_l
V/AwesomePlayer(  303): notifyListner_l() msg (200-MEDIA_INFO), ext1 (973), ext2 (0)
V/AudioCache(  303): notify(0xb0d0ae20, 200, 973, 0)
V/AudioCache(  303): ignored
V/AwesomePlayer(  303): notifyListner_l() msg (5-MEDIA_SET_VIDEO_SIZE), ext1 (0), ext2 (0)
V/AudioCache(  303): notify(0xb0d0ae20, 5, 0, 0)
V/AudioCache(  303): ignored
V/AwesomePlayer(  303): notifyListner_l() msg (1-MEDIA_PREPARED), ext1 (0), ext2 (0)
V/AudioCache(  303): notify(0xb0d0ae20, 1, 0, 0)
V/AudioCache(  303): prepared
V/AudioCache(  303): wait - success
V/MediaPlayerService(  303): start
V/StagefrightPlayer(  303): start
V/AwesomePlayer(  303): play
V/AwesomePlayer(  303): AwesomePlayer::play_l():: This is not a DRM content
V/AwesomePlayer(  303): startAudioPlayer_l, sendErrorNotification (0)
D/AudioPlayer(  303): start of Playback, useOffload 0
V/MediaPlayer(15602): decode(49, 20419692, 4112)
V/MediaPlayerService(  303): decode(54, 20419692, 4112)
V/MediaPlayerService(  303): player type = 3
V/AwesomePlayer(  303): setDefault
V/AwesomePlayer(  303): constructor
V/AwesomePlayer(  303): setDefault
V/AwesomePlayer(  303): reset_l()
I/OMXCodec(  303): [OMX.google.vorbis.decoder] 0onCmdComplete  mState =  7
V/AwesomePlayer(  303): notifyListner_l() msg (8-MEDIA_STOPPED), ext1 (0), ext2 (0)
I/OMXCodec(  303): [OMX.google.vorbis.decoder] PORT_DISABLED(1)
V/AwesomePlayer(  303): cancelPlayerEvents (keepNotifications=0)
V/AwesomePlayer(  303): mAudioTrackVector clear
V/AwesomePlayer(  303): reset_l() mAudioPlayer successfully deleted
V/AwesomePlayer(  303): mSecCapture clear
V/AwesomePlayer(  303): mSecMediaClock clear
I/OMXCodec(  303): >>>UHQA initOutputFormat 16
V/StagefrightPlayer(  303): StagefrightPlayer
V/AwesomePlayer(  303): setListener
V/StagefrightPlayer(  303): initCheck
V/AwesomePlayer(  303): setAudioSink
V/StagefrightPlayer(  303): setDataSource(54, 20419692, 4112)
V/AwesomePlayer(  303): reset_l()
V/AwesomePlayer(  303): notifyListner_l() msg (8-MEDIA_STOPPED), ext1 (0), ext2 (0)
V/AudioCache(  303): notify(0xae2561a0, 8, 0, 0)
V/AudioCache(  303): ignored
V/AwesomePlayer(  303): cancelPlayerEvents (keepNotifications=0)
V/AwesomePlayer(  303): mAudioTrackVector clear
V/AwesomePlayer(  303): reset_l() mAudioPlayer successfully deleted
I/OMXCodec(  303): [OMX.google.vorbis.decoder] allocating 4 buffers of size 32768 on output port
V/AwesomePlayer(  303): mSecCapture clear
V/AwesomePlayer(  303): mSecMediaClock clear
I/AudioPlayer(  303): Audio channels(1)
I/AudioPlayer(  303): Audioplayer kKeyAudioPCMFormat:0, 1, 0
I/AudioPlayer(  303): Audioplayer kKeyAudioPCMFormat read fail(1, 1)
V/AudioCache(  303): open(44100, 1, 0x0, 1, 0)
V/AwesomePlayer(  303): notifyListner_l() msg (6-MEDIA_STARTED), ext1 (0), ext2 (0)
V/AudioCache(  303): notify(0xb0d0ae20, 6, 0, 0)
V/AudioCache(  303): ignored
V/AwesomePlayer(  303): addBatteryData
I/AudioPlayer(  303): First fillBuffer call!!
V/MediaPlayerService(  303): wait for playback complete
V/AwesomePlayer(  303): track of type 'audio/vorbis' does not publish bitrate
V/AwesomePlayer(  303): mBitrate = -1 bits/sec
I/OggExtractor(  303): OggSource::OggSource() mExtractor ref count = 4
V/AwesomePlayer(  303): current audio track index (0) is added to vector
V/AwesomePlayer(  303): setDataSource_l: Audio(1), Video(0)
I/AwesomePlayer(  303): checkRightsStatus is not necessary - AwesomePlayer::setDataSource_l
V/MediaPlayerService(  303): prepare
V/AwesomePlayer(  303): prepareAsync
V/MediaPlayerService(  303): wait for prepare
V/AwesomePlayer(  303): onPrepareAsyncEvent
I/SecMediaClock(  303): SecMediaClock constructor
I/SecMediaClock(  303): reset
I/SecVideoCapture(  303): SecVideoCapture constructor
I/SecVideoCapture(  303): reset
V/AwesomePlayer(  303): initAudioDecoder
V/AwesomePlayer(  303): checkOffloadExceptions is true
V/AudioPolicyManager(  303): isOffloadSupported: SR=44100, CM=0x1, Format=0x7000000, StreamType=-1, BitRate=4294967295, duration=4331 us, has_video=0
V/AudioPolicyManager(  303): isOffloadSupported: stream_type != MUSIC, returning false
I/OMXCodec(  303): Attempting to allocate OMX node 'OMX.google.vorbis.decoder'
D/TimaKeyStoreProvider(15684): TimaSignature is unavailable
I/OMXCodec(  303): Successfully allocated OMX node 'OMX.google.vorbis.decoder'
I/OMXCodec(  303): >>>UHQA initOutputFormat 16
I/AwesomePlayer(  303): Could not offload audio decode, try pcm offload
V/AudioPolicyManager(  303): isOffloadSupported: SR=44100, CM=0x1, Format=0x1c000001, StreamType=-1, BitRate=4294967295, duration=4331 us, has_video=0
V/AudioPolicyManager(  303): isOffloadSupported: stream_type != MUSIC, returning false
I/OMXCodec(  303): [OMX.google.vorbis.decoder] OMXCodec::start mState=1
I/OMXCodec(  303): [OMX.google.vorbis.decoder] allocating 4 buffers of size 8192 on input port
D/ActivityThread(15684): Added TimaKeyStore provider
I/OMXCodec(  303): [OMX.google.vorbis.decoder] allocating 4 buffers of size 32768 on output port
I/OMXCodec(  303): [OMX.google.vorbis.decoder] Now Idle. Component sends idle done Event 
V/AwesomePlayer(  303): finishAsyncPrepare_l
V/AwesomePlayer(  303): notifyListner_l() msg (200-MEDIA_INFO), ext1 (973), ext2 (0)
V/AudioCache(  303): notify(0xae2561a0, 200, 973, 0)
V/AudioCache(  303): ignored
V/AwesomePlayer(  303): notifyListner_l() msg (5-MEDIA_SET_VIDEO_SIZE), ext1 (0), ext2 (0)
V/AudioCache(  303): notify(0xae2561a0, 5, 0, 0)
V/AudioCache(  303): ignored
V/AwesomePlayer(  303): notifyListner_l() msg (1-MEDIA_PREPARED), ext1 (0), ext2 (0)
V/AudioCache(  303): notify(0xae2561a0, 1, 0, 0)
V/AudioCache(  303): prepared
V/AudioCache(  303): wait - success
V/MediaPlayerService(  303): start
V/StagefrightPlayer(  303): start
V/AwesomePlayer(  303): play
V/AwesomePlayer(  303): AwesomePlayer::play_l():: This is not a DRM content
V/AwesomePlayer(  303): startAudioPlayer_l, sendErrorNotification (0)
D/AudioPlayer(  303): start of Playback, useOffload 0
I/OMXCodec(  303): [OMX.google.vorbis.decoder] End Of Stream
I/OMXCodec(  303): [OMX.google.vorbis.decoder] 0onCmdComplete  mState =  7
I/OMXCodec(  303): [OMX.google.vorbis.decoder] PORT_DISABLED(1)
I/OMXCodec(  303): >>>UHQA initOutputFormat 16
I/OMXCodec(  303): [OMX.google.vorbis.decoder] allocating 4 buffers of size 32768 on output port
I/AudioPlayer(  303): Audio channels(1)
I/AudioPlayer(  303): Audioplayer kKeyAudioPCMFormat:0, 1, 0
I/AudioPlayer(  303): Audioplayer kKeyAudioPCMFormat read fail(1, 1)
V/AudioCache(  303): open(44100, 1, 0x0, 1, 0)
I/OMXCodec(  303): [OMX.google.vorbis.decoder] End Of Stream
V/AwesomePlayer(  303): notifyListner_l() msg (6-MEDIA_STARTED), ext1 (0), ext2 (0)
V/AudioCache(  303): notify(0xae2561a0, 6, 0, 0)
V/AudioCache(  303): ignored
V/AwesomePlayer(  303): addBatteryData
I/AudioPlayer(  303): First fillBuffer call!!
I/AudioPlayer(  303): >>> setAudioEffect Read mAudioFormat : 1, event : 168430090, value : 151652874
E/AudioPlayer(  303): >>> setAudioEffect Error mAudioFormat : 1, event : 168430090, value : 151652874
V/MediaPlayerService(  303): wait for playback complete
V/AwesomePlayer(  303): postAudioEOS delayUs (0)
V/AwesomePlayer(  303): onCheckAudioStatus
V/AwesomePlayer(  303): postAudioEOS delayUs (0)
V/AwesomePlayer(  303): onCheckAudioStatus() set AUDIO_AT_EOS flag
V/AwesomePlayer(  303): onStreamDone
V/AwesomePlayer(  303): MEDIA_PLAYBACK_COMPLETE
V/AwesomePlayer(  303): notifyListner_l() msg (2-MEDIA_PLAYBACK_COMPLETE), ext1 (0), ext2 (0)
V/AudioCache(  303): notify(0xae2561a0, 2, 0, 0)
V/AudioCache(  303): playback complete - thread will wake up later
V/AwesomePlayer(  303): notifyListner_l() msg (7-MEDIA_PAUSED), ext1 (0), ext2 (0)
V/AudioCache(  303): notify(0xae2561a0, 7, 0, 0)
V/AudioCache(  303): ignored
V/AwesomePlayer(  303): cancelPlayerEvents (keepNotifications=1)
V/AwesomePlayer(  303): addBatteryData
V/AudioCache(  303): wait - success
V/StagefrightPlayer(  303): reset
V/AwesomePlayer(  303): reset_l()
V/AwesomePlayer(  303): notifyListner_l() msg (8-MEDIA_STOPPED), ext1 (0), ext2 (0)
V/AudioCache(  303): notify(0xae2561a0, 8, 0, 0)
V/AwesomePlayer(  303): onCheckAudioStatus
V/AudioCache(  303): ignored
V/AwesomePlayer(  303): onCheckAudioStatus() set AUDIO_AT_EOS flag
V/AwesomePlayer(  303): cancelPlayerEvents (keepNotifications=0)
V/AwesomePlayer(  303): mAudioTrackVector clear
D/AudioPlayer(  303): reset: mPlaying=0 mReachedEOS=1 useOffload=0
V/AwesomePlayer(  303): onStreamDone
V/AwesomePlayer(  303): MEDIA_PLAYBACK_COMPLETE
I/OMXCodec(  303): [OMX.google.vorbis.decoder] stop mState=4
V/AwesomePlayer(  303): notifyListner_l() msg (2-MEDIA_PLAYBACK_COMPLETE), ext1 (0), ext2 (0)
V/AudioCache(  303): notify(0xb0d0ae20, 2, 0, 0)
V/AudioCache(  303): playback complete - thread will wake up later
V/AwesomePlayer(  303): notifyListner_l() msg (7-MEDIA_PAUSED), ext1 (0), ext2 (0)
V/AudioCache(  303): notify(0xb0d0ae20, 7, 0, 0)
V/AudioCache(  303): ignored
V/AwesomePlayer(  303): cancelPlayerEvents (keepNotifications=1)
I/OMXCodec(  303): [OMX.google.vorbis.decoder] stop() sendCommand(0x14a, OMX_CommandStateSet, OMX_StateIdle)
I/OMXCodec(  303): [OMX.google.vorbis.decoder] Now Idle. Component sends idle done Event 
V/AwesomePlayer(  303): addBatteryData
V/AudioCache(  303): wait - success
V/StagefrightPlayer(  303): reset
I/OMXCodec(  303): [OMX.google.vorbis.decoder] stopOmxComponent_l() mstate = 1
V/AwesomePlayer(  303): reset_l()
I/OggExtractor(  303): OggSource::stop() mExtractor ref count = 1
V/AwesomePlayer(  303): notifyListner_l() msg (8-MEDIA_STOPPED), ext1 (0), ext2 (0)
V/AudioCache(  303): notify(0xb0d0ae20, 8, 0, 0)
I/OggExtractor(  303): OggSource::~OggSource() mExtractor !mStarted ref count = 1
V/AudioCache(  303): ignored
I/OggExtractor(  303): ~OggSource --
V/AwesomePlayer(  303): cancelPlayerEvents (keepNotifications=0)
I/OggExtractor(  303): ~OggExtractor ++
I/OggExtractor(  303): ~MyVorbisExtractor ++ 
V/AwesomePlayer(  303): mAudioTrackVector clear
D/AudioPlayer(  303): reset: mPlaying=0 mReachedEOS=1 useOffload=0
I/OMXCodec(  303): [OMX.google.vorbis.decoder] stop mState=4
I/OggExtractor(  303): ~MyVorbisExtractor --
I/OggExtractor(  303): ~OggExtractor --
I/OMXCodec(  303): [OMX.google.vorbis.decoder] stop() sendCommand(0x149, OMX_CommandStateSet, OMX_StateIdle)
I/OMXCodec(  303): [OMX.google.vorbis.decoder] Now Idle. Component sends idle done Event 
I/OMXCodec(  303): [OMX.google.vorbis.decoder] stopOmxComponent_l() mstate = 1
I/OggExtractor(  303): OggSource::stop() mExtractor ref count = 1
I/OggExtractor(  303): OggSource::~OggSource() mExtractor !mStarted ref count = 1
I/OggExtractor(  303): ~OggSource --
I/OggExtractor(  303): ~OggExtractor ++
I/OggExtractor(  303): ~MyVorbisExtractor ++ 
I/OggExtractor(  303): ~MyVorbisExtractor --
I/OggExtractor(  303): ~OggExtractor --
I/AudioPlayer(  303): reset out
V/AwesomePlayer(  303): reset_l() mAudioPlayer successfully deleted
I/SecVideoCapture(  303): SecVideoCapture destructor
I/SecVideoCapture(  303): reset
V/AwesomePlayer(  303): mSecCapture clear
I/SecMediaClock(  303): SecMediaClock destructor
V/AwesomePlayer(  303): mSecMediaClock clear
V/StagefrightPlayer(  303): ~StagefrightPlayer
V/StagefrightPlayer(  303): reset
V/AwesomePlayer(  303): reset_l()
