D/ResourcesManager(11110): creating new AssetManager and set to /system/priv-app/SecVideoPlayer/SecVideoPlayer.apk
D/ResourcesManager(11110): creating new AssetManager and set to /system/app/Evernote/Evernote.apk
E/installd(  306): system dir 0 : /system/app/
E/installd(  306): system dir 1 : /system/priv-app/
D/ResourcesManager(11110): creating new AssetManager and set to /system/app/SecEmail_K/SecEmail_K.apk
D/ResourcesManager(11110): creating new AssetManager and set to /system/priv-app/SamsungLink20/SamsungLink20.apk
E/installd(  306): system dir 0 : /system/app/
D/ResourcesManager(11110): creating new AssetManager and set to /system/app/SNote4.1Preload/SNote4.1Preload.apk
D/SHealthUpgrade(SHealthUpgradeUtil)(15602): isShealthServiceInstalled() : HealthService is Installed.
D/SHealthUpgrade(SHealthUpgradeUtil)(15602): isShealthService2xInstalled() : HEALTH SERVICE is INSTALLED.
D/SHealthUpgrade(SHealthUpgradeUtil)(15602): isShealthService2xInstalled() : HEALTH SERVICE VERSION = 2.x
D/ResourcesManager(11110): creating new AssetManager and set to /system/priv-app/SamsungMusic_20/SamsungMusic_20.apk
D/ResourcesManager(11110): creating new AssetManager and set to /system/priv-app/VoiceNote/VoiceNote.apk
D/SHealthUpgrade(SHealthUpgradeUtil)(15602): checkState()
D/SHealthUpgrade(SHealthUpgradeUtil)(15602): checkState() : APP TYPE = Full
D/SHealthUpgrade(SHealthUpgradeUtil)(15602): isFitnessWithGearInstalled() : Fitness with Gear isn't Installed.
D/SHealthUpgrade(SHealthUpgradeUtil)(15602): isShealthServiceInstalled() : HealthService is Installed.
D/SHealthUpgrade(SHealthUpgradeUtil)(15602): isShealthService1xInstalled() : HEALTH SERVICE is INSTALLED.
D/SHealthUpgrade(SHealthUpgradeUtil)(15602): isShealthService1xInstalled() : HEALTH SERVICE VERSION is NOT 1.x !!!
D/SHealthUpgrade(SHealthUpgradeUtil)(15602): isShealthService0xInstalled() : HEALTH SERVICE is INSTALLED.
D/SHealthUpgrade(SHealthUpgradeUtil)(15602): isShealthService0xInstalled() : HEALTH SERVICE VERSION is NOT 0.x !!!
D/SHealthUpgrade(SHealthUpgradeUtil)(15602): isShealthService2xInstalled() : HEALTH SERVICE is INSTALLED.
D/SHealthUpgrade(SHealthUpgradeUtil)(15602): isShealthService2xInstalled() : HEALTH SERVICE VERSION = 2.x
D/SHealthUpgrade(SHealthUpgradeUtil)(15602): checkState() : =========== UPGRADE_STATE_3_1 =========== migrationState: 3
D/SHealthUpgrade(SHealthUpgradeUtil)(15602): checkState() : For FOTA case,  J / H, and S Health 2.5 base models. INSTALLED PACKAGE =  [S Health, HealthService 2.x, SensorService].
D/SHealthUpgrade(SHealthUpgradeUtil)(15602): checkState() : This case can not go to UPGRADE_STATE_3_1 case natually because health service is updated forcely by FOTA.
D/SHealthUpgrade(SHealthUpgradeUtil)(15602): checkState() : so in this case, call isFromSHealth25 function.
D/SHealthUpgrade(SHealthUpgradeUtil)(15602): checkState() : isFromSHealth25 function looks for shared preference from s health 2.5, and search if gender field is in shared preference file or not.
D/SHealthUpgrade(SHealthUpgradeUtil)(15602): checkState() : if gender filed is existed, we can judge this upgrade is from s health 2.5.
D/SHealthUpgrade(SHealthUpgradeUtil)(15602): isShealthServiceInstalled() : HealthService is Installed.
D/SHealthUpgrade(SHealthUpgradeUtil)(15602): isShealthService2xInstalled() : HEALTH SERVICE is INSTALLED.
D/SHealthUpgrade(SHealthUpgradeUtil)(15602): isShealthService2xInstalled() : HEALTH SERVICE VERSION = 2.x
D/SHealthUpgrade(SHealthUpgradeUtil)(15602): isShealthServiceInstalled() : HealthService is Installed.
D/SHealthUpgrade(SHealthUpgradeUtil)(15602): isShealthService2xInstalled() : HEALTH SERVICE is INSTALLED.
D/SHealthUpgrade(SHealthUpgradeUtil)(15602): isShealthService2xInstalled() : HEALTH SERVICE VERSION = 2.x
D/com.sec.android.service.health.keyManager.KeyManager(15602): XML file is exist in the system dir. So this module would use KeyManager
W/ContextImpl(15602): Implicit intents with startService are not safe: Intent { act=com.sec.android.service.health.keyservice.aidl.IKeyService flg=0x10000000 (has extras) } android.content.ContextWrapper.startService:533 com.sec.android.service.health.keyManager.KeyManager.resetServiceKey:-1 com.sec.android.service.health.keyManager.KeyManager.generateDBkey:-1 
D/MotionEngine( 1036): [MotionEngine] -> PR_MOVE -> Move Recognition Lv(1)
D/BluetoothManager(15602): getConnectedDevices
D/-----SIC-----(15602): ------------------skip HeartRate
D/BluetoothManager(15602): getConnectedDevices
D/-----SIC-----(15602): ------------------skip uv
D/-----SIC-----(15602): ------------------skip SPO2
D/-----SIC-----(15602): ------------------skip stress
W/ContextImpl(15602): Failed to ensure directory: /storage/extSdCard/Android/data/com.sec.android.app.shealth/cache
W/ContextImpl(15602): Failed to ensure directory: /storage/extSdCard/Android/data/com.sec.android.app.shealth/files
V/MediaPlayer(15602): decode(33, 20606832, 4230)
V/MediaPlayerService(  303): decode(38, 20606832, 4230)
V/MediaPlayerService(  303): player type = 3
V/AwesomePlayer(  303): setDefault
V/AwesomePlayer(  303): constructor
V/AwesomePlayer(  303): setDefault
V/AwesomePlayer(  303): reset_l()
V/AwesomePlayer(  303): notifyListner_l() msg (8-MEDIA_STOPPED), ext1 (0), ext2 (0)
V/AwesomePlayer(  303): cancelPlayerEvents (keepNotifications=0)
V/AwesomePlayer(  303): mAudioTrackVector clear
V/AwesomePlayer(  303): reset_l() mAudioPlayer successfully deleted
V/AwesomePlayer(  303): mSecCapture clear
V/AwesomePlayer(  303): mSecMediaClock clear
V/StagefrightPlayer(  303): StagefrightPlayer
V/AwesomePlayer(  303): setListener
V/StagefrightPlayer(  303): initCheck
V/AwesomePlayer(  303): setAudioSink
V/StagefrightPlayer(  303): setDataSource(38, 20606832, 4230)
V/AwesomePlayer(  303): reset_l()
V/AwesomePlayer(  303): notifyListner_l() msg (8-MEDIA_STOPPED), ext1 (0), ext2 (0)
V/AudioCache(  303): notify(0xae256150, 8, 0, 0)
V/AudioCache(  303): ignored
V/AwesomePlayer(  303): cancelPlayerEvents (keepNotifications=0)
V/AwesomePlayer(  303): mAudioTrackVector clear
V/AwesomePlayer(  303): reset_l() mAudioPlayer successfully deleted
V/AwesomePlayer(  303): mSecCapture clear
V/AwesomePlayer(  303): mSecMediaClock clear
V/AwesomePlayer(  303): track of type 'audio/vorbis' does not publish bitrate
V/AwesomePlayer(  303): mBitrate = -1 bits/sec
I/OggExtractor(  303): OggSource::OggSource() mExtractor ref count = 4
V/AwesomePlayer(  303): current audio track index (0) is added to vector
V/AwesomePlayer(  303): setDataSource_l: Audio(1), Video(0)
I/AwesomePlayer(  303): checkRightsStatus is not necessary - AwesomePlayer::setDataSource_l
V/MediaPlayerService(  303): prepare
V/AwesomePlayer(  303): prepareAsync
V/MediaPlayerService(  303): wait for prepare
V/AwesomePlayer(  303): onPrepareAsyncEvent
I/SecMediaClock(  303): SecMediaClock constructor
I/SecMediaClock(  303): reset
I/SecVideoCapture(  303): SecVideoCapture constructor
I/SecVideoCapture(  303): reset
V/AwesomePlayer(  303): initAudioDecoder
V/AwesomePlayer(  303): checkOffloadExceptions is true
V/AudioPolicyManager(  303): isOffloadSupported: SR=44100, CM=0x1, Format=0x7000000, StreamType=-1, BitRate=4294967295, duration=20770 us, has_video=0
V/AudioPolicyManager(  303): isOffloadSupported: stream_type != MUSIC, returning false
I/OMXCodec(  303): Attempting to allocate OMX node 'OMX.google.vorbis.decoder'
I/OMXCodec(  303): Successfully allocated OMX node 'OMX.google.vorbis.decoder'
I/OMXCodec(  303): >>>UHQA initOutputFormat 16
I/AwesomePlayer(  303): Could not offload audio decode, try pcm offload
V/AudioPolicyManager(  303): isOffloadSupported: SR=44100, CM=0x1, Format=0x1c000001, StreamType=-1, BitRate=4294967295, duration=20770 us, has_video=0
V/AudioPolicyManager(  303): isOffloadSupported: stream_type != MUSIC, returning false
I/OMXCodec(  303): [OMX.google.vorbis.decoder] OMXCodec::start mState=1
I/OMXCodec(  303): [OMX.google.vorbis.decoder] allocating 4 buffers of size 8192 on input port
I/OMXCodec(  303): [OMX.google.vorbis.decoder] allocating 4 buffers of size 32768 on output port
I/OMXCodec(  303): [OMX.google.vorbis.decoder] Now Idle. Component sends idle done Event 
V/AwesomePlayer(  303): finishAsyncPrepare_l
V/AwesomePlayer(  303): notifyListner_l() msg (200-MEDIA_INFO), ext1 (973), ext2 (0)
V/AudioCache(  303): notify(0xae256150, 200, 973, 0)
V/AudioCache(  303): ignored
V/AwesomePlayer(  303): notifyListner_l() msg (5-MEDIA_SET_VIDEO_SIZE), ext1 (0), ext2 (0)
V/AudioCache(  303): notify(0xae256150, 5, 0, 0)
V/AudioCache(  303): ignored
V/AwesomePlayer(  303): notifyListner_l() msg (1-MEDIA_PREPARED), ext1 (0), ext2 (0)
V/AudioCache(  303): notify(0xae256150, 1, 0, 0)
V/AudioCache(  303): prepared
V/AudioCache(  303): wait - success
V/MediaPlayerService(  303): start
V/StagefrightPlayer(  303): start
V/AwesomePlayer(  303): play
V/AwesomePlayer(  303): AwesomePlayer::play_l():: This is not a DRM content
V/AwesomePlayer(  303): startAudioPlayer_l, sendErrorNotification (0)
D/AudioPlayer(  303): start of Playback, useOffload 0
D/SHealthUpgrade(SHealthUpgradeUtil)(15602): isShealthServiceInstalled() : HealthService is Installed.
D/SHealthUpgrade(SHealthUpgradeUtil)(15602): isShealthService2xInstalled() : HEALTH SERVICE is INSTALLED.
D/SHealthUpgrade(SHealthUpgradeUtil)(15602): isShealthService2xInstalled() : HEALTH SERVICE VERSION = 2.x
I/OMXCodec(  303): [OMX.google.vorbis.decoder] 0onCmdComplete  mState =  7
I/OMXCodec(  303): [OMX.google.vorbis.decoder] PORT_DISABLED(1)
I/OMXCodec(  303): >>>UHQA initOutputFormat 16
I/OMXCodec(  303): [OMX.google.vorbis.decoder] allocating 4 buffers of size 32768 on output port
I/OMXCodec(  303): [OMX.google.vorbis.decoder] End Of Stream
I/AudioPlayer(  303): Audio channels(1)
I/AudioPlayer(  303): Audioplayer kKeyAudioPCMFormat:0, 1, 0
I/AudioPlayer(  303): Audioplayer kKeyAudioPCMFormat read fail(1, 1)
V/AudioCache(  303): open(44100, 1, 0x0, 1, 0)
V/AwesomePlayer(  303): notifyListner_l() msg (6-MEDIA_STARTED), ext1 (0), ext2 (0)
V/AudioCache(  303): notify(0xae256150, 6, 0, 0)
V/AudioCache(  303): ignored
V/AwesomePlayer(  303): addBatteryData
I/AudioPlayer(  303): First fillBuffer call!!
V/MediaPlayerService(  303): wait for playback complete
I/AudioPlayer(  303): >>> setAudioEffect Read mAudioFormat : 1, event : 4194367, value : -2140176274
E/AudioPlayer(  303): >>> setAudioEffect Error mAudioFormat : 1, event : 4194367, value : -2140176274
V/AwesomePlayer(  303): postAudioEOS delayUs (0)
V/AwesomePlayer(  303): onCheckAudioStatus
V/AwesomePlayer(  303): onCheckAudioStatus() set AUDIO_AT_EOS flag
V/AwesomePlayer(  303): onStreamDone
V/AwesomePlayer(  303): MEDIA_PLAYBACK_COMPLETE
V/AwesomePlayer(  303): notifyListner_l() msg (2-MEDIA_PLAYBACK_COMPLETE), ext1 (0), ext2 (0)
V/AudioCache(  303): notify(0xae256150, 2, 0, 0)
V/AudioCache(  303): playback complete - thread will wake up later
V/AwesomePlayer(  303): notifyListner_l() msg (7-MEDIA_PAUSED), ext1 (0), ext2 (0)
V/AudioCache(  303): notify(0xae256150, 7, 0, 0)
V/AudioCache(  303): ignored
V/AwesomePlayer(  303): cancelPlayerEvents (keepNotifications=1)
V/AwesomePlayer(  303): addBatteryData
V/AudioCache(  303): wait - success
V/StagefrightPlayer(  303): reset
V/AwesomePlayer(  303): reset_l()
V/AwesomePlayer(  303): notifyListner_l() msg (8-MEDIA_STOPPED), ext1 (0), ext2 (0)
V/AudioCache(  303): notify(0xae256150, 8, 0, 0)
V/AudioCache(  303): ignored
V/AwesomePlayer(  303): cancelPlayerEvents (keepNotifications=0)
V/AwesomePlayer(  303): mAudioTrackVector clear
D/AudioPlayer(  303): reset: mPlaying=0 mReachedEOS=1 useOffload=0
I/OMXCodec(  303): [OMX.google.vorbis.decoder] stop mState=4
I/OMXCodec(  303): [OMX.google.vorbis.decoder] stop() sendCommand(0x140, OMX_CommandStateSet, OMX_StateIdle)
I/OMXCodec(  303): [OMX.google.vorbis.decoder] Now Idle. Component sends idle done Event 
I/OMXCodec(  303): [OMX.google.vorbis.decoder] stopOmxComponent_l() mstate = 1
I/OggExtractor(  303): OggSource::stop() mExtractor ref count = 1
I/OggExtractor(  303): OggSource::~OggSource() mExtractor !mStarted ref count = 1
I/OggExtractor(  303): ~OggSource --
I/OggExtractor(  303): ~OggExtractor ++
I/OggExtractor(  303): ~MyVorbisExtractor ++ 
I/OggExtractor(  303): ~MyVorbisExtractor --
I/OggExtractor(  303): ~OggExtractor --
I/AudioPlayer(  303): reset out
V/AwesomePlayer(  303): reset_l() mAudioPlayer successfully deleted
I/SecVideoCapture(  303): SecVideoCapture destructor
I/SecVideoCapture(  303): reset
V/AwesomePlayer(  303): mSecCapture clear
I/SecMediaClock(  303): SecMediaClock destructor
V/AwesomePlayer(  303): mSecMediaClock clear
V/StagefrightPlayer(  303): ~StagefrightPlayer
V/StagefrightPlayer(  303): reset
V/AwesomePlayer(  303): reset_l()
V/AwesomePlayer(  303): notifyListner_l() msg (8-MEDIA_STOPPED), ext1 (0), ext2 (0)
V/AwesomePlayer(  303): cancelPlayerEvents (keepNotifications=0)
V/AwesomePlayer(  303): mAudioTrackVector clear
V/AwesomePlayer(  303): reset_l() mAudioPlayer successfully deleted
V/AwesomePlayer(  303): mSecCapture clear
V/AwesomePlayer(  303): mSecMediaClock clear
V/AwesomePlayer(  303): destructor
V/AwesomePlayer(  303): reset_l()
V/AwesomePlayer(  303): notifyListner_l() msg (8-MEDIA_STOPPED), ext1 (0), ext2 (0)
V/AwesomePlayer(  303): cancelPlayerEvents (keepNotifications=0)
V/AwesomePlayer(  303): mAudioTrackVector clear
V/AwesomePlayer(  303): reset_l() mAudioPlayer successfully deleted
V/AwesomePlayer(  303): mSecCapture clear
V/AwesomePlayer(  303): mSecMediaClock clear
V/MediaPlayer(15602): decode(34, 20460076, 15440)
V/MediaPlayerService(  303): decode(38, 20460076, 15440)
V/MediaPlayerService(  303): player type = 3
V/AwesomePlayer(  303): setDefault
V/AwesomePlayer(  303): constructor
V/AwesomePlayer(  303): setDefault
V/AwesomePlayer(  303): reset_l()
V/AwesomePlayer(  303): notifyListner_l() msg (8-MEDIA_STOPPED), ext1 (0), ext2 (0)
V/AwesomePlayer(  303): cancelPlayerEvents (keepNotifications=0)
V/AwesomePlayer(  303): mAudioTrackVector clear
V/AwesomePlayer(  303): reset_l() mAudioPlayer successfully deleted
V/AwesomePlayer(  303): mSecCapture clear
V/AwesomePlayer(  303): mSecMediaClock clear
V/StagefrightPlayer(  303): StagefrightPlayer
V/AwesomePlayer(  303): setListener
V/StagefrightPlayer(  303): initCheck
V/AwesomePlayer(  303): setAudioSink
V/StagefrightPlayer(  303): setDataSource(38, 20460076, 15440)
V/AwesomePlayer(  303): reset_l()
V/AwesomePlayer(  303): notifyListner_l() msg (8-MEDIA_STOPPED), ext1 (0), ext2 (0)
V/AudioCache(  303): notify(0xb0e13e20, 8, 0, 0)
V/AudioCache(  303): ignored
V/AwesomePlayer(  303): cancelPlayerEvents (keepNotifications=0)
V/AwesomePlayer(  303): mAudioTrackVector clear
V/AwesomePlayer(  303): reset_l() mAudioPlayer successfully deleted
V/AwesomePlayer(  303): mSecCapture clear
V/AwesomePlayer(  303): mSecMediaClock clear
V/AwesomePlayer(  303): track of type 'audio/vorbis' does not publish bitrate
V/AwesomePlayer(  303): mBitrate = -1 bits/sec
I/OggExtractor(  303): OggSource::OggSource() mExtractor ref count = 4
V/AwesomePlayer(  303): current audio track index (0) is added to vector
V/AwesomePlayer(  303): setDataSource_l: Audio(1), Video(0)
I/AwesomePlayer(  303): checkRightsStatus is not necessary - AwesomePlayer::setDataSource_l
V/MediaPlayerService(  303): prepare
V/AwesomePlayer(  303): prepareAsync
V/MediaPlayerService(  303): wait for prepare
V/AwesomePlayer(  303): onPrepareAsyncEvent
I/SecMediaClock(  303): SecMediaClock constructor
I/SecMediaClock(  303): reset
I/SecVideoCapture(  303): SecVideoCapture constructor
I/SecVideoCapture(  303): reset
V/AwesomePlayer(  303): initAudioDecoder
V/AwesomePlayer(  303): checkOffloadExceptions is true
V/AudioPolicyManager(  303): isOffloadSupported: SR=44100, CM=0x3, Format=0x7000000, StreamType=-1, BitRate=4294967295, duration=849387 us, has_video=0
V/AudioPolicyManager(  303): isOffloadSupported: stream_type != MUSIC, returning false
I/OMXCodec(  303): Attempting to allocate OMX node 'OMX.google.vorbis.decoder'
I/OMXCodec(  303): Successfully allocated OMX node 'OMX.google.vorbis.decoder'
I/OMXCodec(  303): >>>UHQA initOutputFormat 16
I/AwesomePlayer(  303): Could not offload audio decode, try pcm offload
V/AudioPolicyManager(  303): isOffloadSupported: SR=44100, CM=0x1, Format=0x1c000001, StreamType=-1, BitRate=4294967295, duration=849387 us, has_video=0
V/AudioPolicyManager(  303): isOffloadSupported: stream_type != MUSIC, returning false
I/OMXCodec(  303): [OMX.google.vorbis.decoder] OMXCodec::start mState=1
I/OMXCodec(  303): [OMX.google.vorbis.decoder] allocating 4 buffers of size 8192 on input port
I/OMXCodec(  303): [OMX.google.vorbis.decoder] allocating 4 buffers of size 32768 on output port
I/OMXCodec(  303): [OMX.google.vorbis.decoder] Now Idle. Component sends idle done Event 
V/AwesomePlayer(  303): finishAsyncPrepare_l
V/AwesomePlayer(  303): notifyListner_l() msg (200-MEDIA_INFO), ext1 (973), ext2 (0)
V/AudioCache(  303): notify(0xb0e13e20, 200, 973, 0)
V/AudioCache(  303): ignored
V/AwesomePlayer(  303): notifyListner_l() msg (5-MEDIA_SET_VIDEO_SIZE), ext1 (0), ext2 (0)
V/AudioCache(  303): notify(0xb0e13e20, 5, 0, 0)
V/AudioCache(  303): ignored
V/AwesomePlayer(  303): notifyListner_l() msg (1-MEDIA_PREPARED), ext1 (0), ext2 (0)
V/AudioCache(  303): notify(0xb0e13e20, 1, 0, 0)
V/AudioCache(  303): prepared
V/AudioCache(  303): wait - success
V/MediaPlayerService(  303): start
V/StagefrightPlayer(  303): start
V/AwesomePlayer(  303): play
V/AwesomePlayer(  303): AwesomePlayer::play_l():: This is not a DRM content
V/AwesomePlayer(  303): startAudioPlayer_l, sendErrorNotification (0)
D/AudioPlayer(  303): start of Playback, useOffload 0
I/OMXCodec(  303): [OMX.google.vorbis.decoder] 0onCmdComplete  mState =  7
I/OMXCodec(  303): [OMX.google.vorbis.decoder] PORT_DISABLED(1)
I/OMXCodec(  303): >>>UHQA initOutputFormat 16
I/OMXCodec(  303): [OMX.google.vorbis.decoder] allocating 4 buffers of size 32768 on output port
I/AudioPlayer(  303): Audio channels(2)
I/AudioPlayer(  303): Audioplayer kKeyAudioPCMFormat:0, 1, 0
I/AudioPlayer(  303): Audioplayer kKeyAudioPCMFormat read fail(2, 1)
V/AudioCache(  303): open(44100, 2, 0x0, 1, 0)
V/AwesomePlayer(  303): notifyListner_l() msg (6-MEDIA_STARTED), ext1 (0), ext2 (0)
V/AudioCache(  303): notify(0xb0e13e20, 6, 0, 0)
V/AudioCache(  303): ignored
V/AwesomePlayer(  303): addBatteryData
I/AudioPlayer(  303): First fillBuffer call!!
V/MediaPlayerService(  303): wait for playback complete
I/AudioPlayer(  303): >>> setAudioEffect Read mAudioFormat : 1, event : 235670794, value : 319688206
E/AudioPlayer(  303): >>> setAudioEffect Error mAudioFormat : 1, event : 235670794, value : 319688206
D/AdaptiveEventManager( 1505): setAdaptiveEvent() requestClass = com.sec.android.app.shealth.walkingmate.service.WalkingMateDayStepService smallView=not null bigView=not null
I/OMXCodec(  303): [OMX.google.vorbis.decoder] End Of Stream
V/AwesomePlayer(  303): postAudioEOS delayUs (0)
V/AwesomePlayer(  303): onCheckAudioStatus
V/AwesomePlayer(  303): onCheckAudioStatus() set AUDIO_AT_EOS flag
V/AwesomePlayer(  303): onStreamDone
V/AwesomePlayer(  303): MEDIA_PLAYBACK_COMPLETE
V/AwesomePlayer(  303): notifyListner_l() msg (2-MEDIA_PLAYBACK_COMPLETE), ext1 (0), ext2 (0)
V/AudioCache(  303): notify(0xb0e13e20, 2, 0, 0)
V/AudioCache(  303): playback complete - thread will wake up later
V/AwesomePlayer(  303): notifyListner_l() msg (7-MEDIA_PAUSED), ext1 (0), ext2 (0)
V/AudioCache(  303): notify(0xb0e13e20, 7, 0, 0)
V/AudioCache(  303): ignored
V/AwesomePlayer(  303): cancelPlayerEvents (keepNotifications=1)
V/AwesomePlayer(  303): addBatteryData
V/AudioCache(  303): wait - success
V/StagefrightPlayer(  303): reset
V/AwesomePlayer(  303): reset_l()
V/AwesomePlayer(  303): notifyListner_l() msg (8-MEDIA_STOPPED), ext1 (0), ext2 (0)
V/AudioCache(  303): notify(0xb0e13e20, 8, 0, 0)
V/AudioCache(  303): ignored
V/AwesomePlayer(  303): cancelPlayerEvents (keepNotifications=0)
V/AwesomePlayer(  303): mAudioTrackVector clear
D/AudioPlayer(  303): reset: mPlaying=0 mReachedEOS=1 useOffload=0
I/OMXCodec(  303): [OMX.google.vorbis.decoder] stop mState=4
I/OMXCodec(  303): [OMX.google.vorbis.decoder] stop() sendCommand(0x141, OMX_CommandStateSet, OMX_StateIdle)
I/OMXCodec(  303): [OMX.google.vorbis.decoder] Now Idle. Component sends idle done Event 
I/OMXCodec(  303): [OMX.google.vorbis.decoder] stopOmxComponent_l() mstate = 1
I/OggExtractor(  303): OggSource::stop() mExtractor ref count = 1
I/OggExtractor(  303): OggSource::~OggSource() mExtractor !mStarted ref count = 1
I/OggExtractor(  303): ~OggSource --
I/OggExtractor(  303): ~OggExtractor ++
I/OggExtractor(  303): ~MyVorbisExtractor ++ 
I/OggExtractor(  303): ~MyVorbisExtractor --
I/OggExtractor(  303): ~OggExtractor --
I/AudioPlayer(  303): reset out
V/AwesomePlayer(  303): reset_l() mAudioPlayer successfully deleted
I/SecVideoCapture(  303): SecVideoCapture destructor
I/SecVideoCapture(  303): reset
V/AwesomePlayer(  303): mSecCapture clear
I/SecMediaClock(  303): SecMediaClock destructor
V/AwesomePlayer(  303): mSecMediaClock clear
V/StagefrightPlayer(  303): ~StagefrightPlayer
V/StagefrightPlayer(  303): reset
V/AwesomePlayer(  303): reset_l()
V/AwesomePlayer(  303): notifyListner_l() msg (8-MEDIA_STOPPED), ext1 (0), ext2 (0)
V/AwesomePlayer(  303): cancelPlayerEvents (keepNotifications=0)
V/AwesomePlayer(  303): mAudioTrackVector clear
V/AwesomePlayer(  303): reset_l() mAudioPlayer successfully deleted
V/AwesomePlayer(  303): mSecCapture clear
V/AwesomePlayer(  303): mSecMediaClock clear
V/AwesomePlayer(  303): destructor
V/AwesomePlayer(  303): reset_l()
V/AwesomePlayer(  303): notifyListner_l() msg (8-MEDIA_STOPPED), ext1 (0), ext2 (0)
V/AwesomePlayer(  303): cancelPlayerEvents (keepNotifications=0)
V/AwesomePlayer(  303): mAudioTrackVector clear
V/AwesomePlayer(  303): reset_l() mAudioPlayer successfully deleted
V/AwesomePlayer(  303): mSecCapture clear
V/AwesomePlayer(  303): mSecMediaClock clear
V/MediaPlayer(15602): decode(36, 20504580, 9226)
V/MediaPlayerService(  303): decode(38, 20504580, 9226)
V/MediaPlayerService(  303): player type = 3
V/AwesomePlayer(  303): setDefault
V/AwesomePlayer(  303): constructor
V/AwesomePlayer(  303): setDefault
V/AwesomePlayer(  303): reset_l()
V/AwesomePlayer(  303): notifyListner_l() msg (8-MEDIA_STOPPED), ext1 (0), ext2 (0)
V/AwesomePlayer(  303): cancelPlayerEvents (keepNotifications=0)
V/AwesomePlayer(  303): mAudioTrackVector clear
V/AwesomePlayer(  303): reset_l() mAudioPlayer successfully deleted
V/AwesomePlayer(  303): mSecCapture clear
V/AwesomePlayer(  303): mSecMediaClock clear
V/StagefrightPlayer(  303): StagefrightPlayer
V/AwesomePlayer(  303): setListener
V/StagefrightPlayer(  303): initCheck
V/AwesomePlayer(  303): setAudioSink
V/StagefrightPlayer(  303): setDataSource(38, 20504580, 9226)
V/AwesomePlayer(  303): reset_l()
V/AwesomePlayer(  303): notifyListner_l() msg (8-MEDIA_STOPPED), ext1 (0), ext2 (0)
V/AudioCache(  303): notify(0xb0d0ae20, 8, 0, 0)
V/AudioCache(  303): ignored
V/AwesomePlayer(  303): cancelPlayerEvents (keepNotifications=0)
V/AwesomePlayer(  303): mAudioTrackVector clear
V/AwesomePlayer(  303): reset_l() mAudioPlayer successfully deleted
V/AwesomePlayer(  303): mSecCapture clear
V/AwesomePlayer(  303): mSecMediaClock clear
V/AwesomePlayer(  303): track of type 'audio/vorbis' does not publish bitrate
V/AwesomePlayer(  303): mBitrate = -1 bits/sec
I/OggExtractor(  303): OggSource::OggSource() mExtractor ref count = 4
V/AwesomePlayer(  303): current audio track index (0) is added to vector
V/AwesomePlayer(  303): setDataSource_l: Audio(1), Video(0)
I/AwesomePlayer(  303): checkRightsStatus is not necessary - AwesomePlayer::setDataSource_l
V/MediaPlayerService(  303): prepare
V/AwesomePlayer(  303): prepareAsync
V/MediaPlayerService(  303): wait for prepare
V/AwesomePlayer(  303): onPrepareAsyncEvent
I/SecMediaClock(  303): SecMediaClock constructor
I/SecMediaClock(  303): reset
I/SecVideoCapture(  303): SecVideoCapture constructor
I/SecVideoCapture(  303): reset
V/AwesomePlayer(  303): initAudioDecoder
V/AwesomePlayer(  303): checkOffloadExceptions is true
V/AudioPolicyManager(  303): isOffloadSupported: SR=44100, CM=0x3, Format=0x7000000, StreamType=-1, BitRate=4294967295, duration=404897 us, has_video=0
V/AudioPolicyManager(  303): isOffloadSupported: stream_type != MUSIC, returning false
I/OMXCodec(  303): Attempting to allocate OMX node 'OMX.google.vorbis.decoder'
I/OMXCodec(  303): Successfully allocated OMX node 'OMX.google.vorbis.decoder'
I/OMXCodec(  303): >>>UHQA initOutputFormat 16
I/AwesomePlayer(  303): Could not offload audio decode, try pcm offload
V/AudioPolicyManager(  303): isOffloadSupported: SR=44100, CM=0x1, Format=0x1c000001, StreamType=-1, BitRate=4294967295, duration=404897 us, has_video=0
V/AudioPolicyManager(  303): isOffloadSupported: stream_type != MUSIC, returning false
I/OMXCodec(  303): [OMX.google.vorbis.decoder] OMXCodec::start mState=1
I/OMXCodec(  303): [OMX.google.vorbis.decoder] allocating 4 buffers of size 8192 on input port
I/OMXCodec(  303): [OMX.google.vorbis.decoder] allocating 4 buffers of size 32768 on output port
I/OMXCodec(  303): [OMX.google.vorbis.decoder] Now Idle. Component sends idle done Event 
V/AwesomePlayer(  303): finishAsyncPrepare_l
V/AwesomePlayer(  303): notifyListner_l() msg (200-MEDIA_INFO), ext1 (973), ext2 (0)
V/AudioCache(  303): notify(0xb0d0ae20, 200, 973, 0)
V/AudioCache(  303): ignored
V/AwesomePlayer(  303): notifyListner_l() msg (5-MEDIA_SET_VIDEO_SIZE), ext1 (0), ext2 (0)
V/AudioCache(  303): notify(0xb0d0ae20, 5, 0, 0)
V/AudioCache(  303): ignored
V/AwesomePlayer(  303): notifyListner_l() msg (1-MEDIA_PREPARED), ext1 (0), ext2 (0)
V/AudioCache(  303): notify(0xb0d0ae20, 1, 0, 0)
V/AudioCache(  303): prepared
V/AudioCache(  303): wait - success
V/MediaPlayerService(  303): start
V/StagefrightPlayer(  303): start
V/AwesomePlayer(  303): play
V/AwesomePlayer(  303): AwesomePlayer::play_l():: This is not a DRM content
V/AwesomePlayer(  303): startAudioPlayer_l, sendErrorNotification (0)
D/AudioPlayer(  303): start of Playback, useOffload 0
I/OMXCodec(  303): [OMX.google.vorbis.decoder] 0onCmdComplete  mState =  7
I/OMXCodec(  303): [OMX.google.vorbis.decoder] PORT_DISABLED(1)
I/OMXCodec(  303): >>>UHQA initOutputFormat 16
I/OMXCodec(  303): [OMX.google.vorbis.decoder] allocating 4 buffers of size 32768 on output port
I/AudioPlayer(  303): Audio channels(2)
I/AudioPlayer(  303): Audioplayer kKeyAudioPCMFormat:0, 1, 0
I/AudioPlayer(  303): Audioplayer kKeyAudioPCMFormat read fail(2, 1)
V/AudioCache(  303): open(44100, 2, 0x0, 1, 0)
V/AwesomePlayer(  303): notifyListner_l() msg (6-MEDIA_STARTED), ext1 (0), ext2 (0)
V/AudioCache(  303): notify(0xb0d0ae20, 6, 0, 0)
V/AudioCache(  303): ignored
V/AwesomePlayer(  303): addBatteryData
I/AudioPlayer(  303): First fillBuffer call!!
V/MediaPlayerService(  303): wait for playback complete
I/OMXCodec(  303): [OMX.google.vorbis.decoder] End Of Stream
V/AwesomePlayer(  303): postAudioEOS delayUs (0)
V/AwesomePlayer(  303): onCheckAudioStatus
V/AwesomePlayer(  303): onCheckAudioStatus() set AUDIO_AT_EOS flag
V/AwesomePlayer(  303): onStreamDone
V/AwesomePlayer(  303): MEDIA_PLAYBACK_COMPLETE
V/AwesomePlayer(  303): notifyListner_l() msg (2-MEDIA_PLAYBACK_COMPLETE), ext1 (0), ext2 (0)
V/AudioCache(  303): notify(0xb0d0ae20, 2, 0, 0)
V/AudioCache(  303): playback complete - thread will wake up later
V/AwesomePlayer(  303): notifyListner_l() msg (7-MEDIA_PAUSED), ext1 (0), ext2 (0)
V/AudioCache(  303): notify(0xb0d0ae20, 7, 0, 0)
V/AudioCache(  303): ignored
V/AwesomePlayer(  303): cancelPlayerEvents (keepNotifications=1)
V/AwesomePlayer(  303): addBatteryData
V/AudioCache(  303): wait - success
V/StagefrightPlayer(  303): reset
V/AwesomePlayer(  303): reset_l()
V/AwesomePlayer(  303): notifyListner_l() msg (8-MEDIA_STOPPED), ext1 (0), ext2 (0)
V/AudioCache(  303): notify(0xb0d0ae20, 8, 0, 0)
V/AudioCache(  303): ignored
V/AwesomePlayer(  303): cancelPlayerEvents (keepNotifications=0)
V/AwesomePlayer(  303): mAudioTrackVector clear
D/AudioPlayer(  303): reset: mPlaying=0 mReachedEOS=1 useOffload=0
I/OMXCodec(  303): [OMX.google.vorbis.decoder] stop mState=4
I/OMXCodec(  303): [OMX.google.vorbis.decoder] stop() sendCommand(0x142, OMX_CommandStateSet, OMX_StateIdle)
I/OMXCodec(  303): [OMX.google.vorbis.decoder] Now Idle. Component sends idle done Event 
I/OMXCodec(  303): [OMX.google.vorbis.decoder] stopOmxComponent_l() mstate = 1
I/OggExtractor(  303): OggSource::stop() mExtractor ref count = 1
I/OggExtractor(  303): OggSource::~OggSource() mExtractor !mStarted ref count = 1
I/OggExtractor(  303): ~OggSource --
I/OggExtractor(  303): ~OggExtractor ++
I/OggExtractor(  303): ~MyVorbisExtractor ++ 
I/OggExtractor(  303): ~MyVorbisExtractor --
I/OggExtractor(  303): ~OggExtractor --
I/AudioPlayer(  303): reset out
V/AwesomePlayer(  303): reset_l() mAudioPlayer successfully deleted
I/SecVideoCapture(  303): SecVideoCapture destructor
I/SecVideoCapture(  303): reset
V/AwesomePlayer(  303): mSecCapture clear
I/SecMediaClock(  303): SecMediaClock destructor
V/AwesomePlayer(  303): mSecMediaClock clear
V/StagefrightPlayer(  303): ~StagefrightPlayer
V/StagefrightPlayer(  303): reset
V/AwesomePlayer(  303): reset_l()
V/AwesomePlayer(  303): notifyListner_l() msg (8-MEDIA_STOPPED), ext1 (0), ext2 (0)
V/AwesomePlayer(  303): cancelPlayerEvents (keepNotifications=0)
V/AwesomePlayer(  303): mAudioTrackVector clear
V/AwesomePlayer(  303): reset_l() mAudioPlayer successfully deleted
V/AwesomePlayer(  303): mSecCapture clear
V/AwesomePlayer(  303): mSecMediaClock clear
V/AwesomePlayer(  303): destructor
V/AwesomePlayer(  303): reset_l()
V/AwesomePlayer(  303): notifyListner_l() msg (8-MEDIA_STOPPED), ext1 (0), ext2 (0)
V/AwesomePlayer(  303): cancelPlayerEvents (keepNotifications=0)
V/AwesomePlayer(  303): mAudioTrackVector clear
V/AwesomePlayer(  303): reset_l() mAudioPlayer successfully deleted
V/AwesomePlayer(  303): mSecCapture clear
V/AwesomePlayer(  303): mSecMediaClock clear
V/MediaPlayer(15602): decode(37, 20611120, 4890)
V/MediaPlayerService(  303): decode(38, 20611120, 4890)
V/MediaPlayerService(  303): player type = 3
V/AwesomePlayer(  303): setDefault
V/AwesomePlayer(  303): constructor
V/AwesomePlayer(  303): setDefault
V/AwesomePlayer(  303): reset_l()
V/AwesomePlayer(  303): notifyListner_l() msg (8-MEDIA_STOPPED), ext1 (0), ext2 (0)
V/AwesomePlayer(  303): cancelPlayerEvents (keepNotifications=0)
V/AwesomePlayer(  303): mAudioTrackVector clear
V/AwesomePlayer(  303): reset_l() mAudioPlayer successfully deleted
V/AwesomePlayer(  303): mSecCapture clear
V/AwesomePlayer(  303): mSecMediaClock clear
V/StagefrightPlayer(  303): StagefrightPlayer
V/AwesomePlayer(  303): setListener
V/StagefrightPlayer(  303): initCheck
V/AwesomePlayer(  303): setAudioSink
V/StagefrightPlayer(  303): setDataSource(38, 20611120, 4890)
V/AwesomePlayer(  303): reset_l()
V/AwesomePlayer(  303): notifyListner_l() msg (8-MEDIA_STOPPED), ext1 (0), ext2 (0)
V/AudioCache(  303): notify(0xae2561a0, 8, 0, 0)
V/AudioCache(  303): ignored
V/AwesomePlayer(  303): cancelPlayerEvents (keepNotifications=0)
V/AwesomePlayer(  303): mAudioTrackVector clear
V/AwesomePlayer(  303): reset_l() mAudioPlayer successfully deleted
V/AwesomePlayer(  303): mSecCapture clear
V/AwesomePlayer(  303): mSecMediaClock clear
V/AwesomePlayer(  303): track of type 'audio/vorbis' does not publish bitrate
V/AwesomePlayer(  303): mBitrate = -1 bits/sec
I/OggExtractor(  303): OggSource::OggSource() mExtractor ref count = 4
V/AwesomePlayer(  303): current audio track index (0) is added to vector
V/AwesomePlayer(  303): setDataSource_l: Audio(1), Video(0)
I/AwesomePlayer(  303): checkRightsStatus is not necessary - AwesomePlayer::setDataSource_l
V/MediaPlayerService(  303): prepare
V/AwesomePlayer(  303): prepareAsync
V/MediaPlayerService(  303): wait for prepare
V/AwesomePlayer(  303): onPrepareAsyncEvent
I/SecMediaClock(  303): SecMediaClock constructor
I/SecMediaClock(  303): reset
I/SecVideoCapture(  303): SecVideoCapture constructor
I/SecVideoCapture(  303): reset
V/AwesomePlayer(  303): initAudioDecoder
V/AwesomePlayer(  303): checkOffloadExceptions is true
V/AudioPolicyManager(  303): isOffloadSupported: SR=44100, CM=0x1, Format=0x7000000, StreamType=-1, BitRate=4294967295, duration=64058 us, has_video=0
V/AudioPolicyManager(  303): isOffloadSupported: stream_type != MUSIC, returning false
I/OMXCodec(  303): Attempting to allocate OMX node 'OMX.google.vorbis.decoder'
I/OMXCodec(  303): Successfully allocated OMX node 'OMX.google.vorbis.decoder'
I/OMXCodec(  303): >>>UHQA initOutputFormat 16
I/AwesomePlayer(  303): Could not offload audio decode, try pcm offload
V/AudioPolicyManager(  303): isOffloadSupported: SR=44100, CM=0x1, Format=0x1c000001, StreamType=-1, BitRate=4294967295, duration=64058 us, has_video=0
V/AudioPolicyManager(  303): isOffloadSupported: stream_type != MUSIC, returning false
I/OMXCodec(  303): [OMX.google.vorbis.decoder] OMXCodec::start mState=1
I/OMXCodec(  303): [OMX.google.vorbis.decoder] allocating 4 buffers of size 8192 on input port
I/OMXCodec(  303): [OMX.google.vorbis.decoder] allocating 4 buffers of size 32768 on output port
I/OMXCodec(  303): [OMX.google.vorbis.decoder] Now Idle. Component sends idle done Event 
V/AwesomePlayer(  303): finishAsyncPrepare_l
V/AwesomePlayer(  303): notifyListner_l() msg (200-MEDIA_INFO), ext1 (973), ext2 (0)
V/AudioCache(  303): notify(0xae2561a0, 200, 973, 0)
V/AudioCache(  303): ignored
V/AwesomePlayer(  303): notifyListner_l() msg (5-MEDIA_SET_VIDEO_SIZE), ext1 (0), ext2 (0)
V/AudioCache(  303): notify(0xae2561a0, 5, 0, 0)
V/AudioCache(  303): ignored
V/AwesomePlayer(  303): notifyListner_l() msg (1-MEDIA_PREPARED), ext1 (0), ext2 (0)
V/AudioCache(  303): notify(0xae2561a0, 1, 0, 0)
V/AudioCache(  303): prepared
V/AudioCache(  303): wait - success
V/MediaPlayerService(  303): start
V/StagefrightPlayer(  303): start
V/AwesomePlayer(  303): play
V/AwesomePlayer(  303): AwesomePlayer::play_l():: This is not a DRM content
V/AwesomePlayer(  303): startAudioPlayer_l, sendErrorNotification (0)
D/AudioPlayer(  303): start of Playback, useOffload 0
I/OMXCodec(  303): [OMX.google.vorbis.decoder] 0onCmdComplete  mState =  7
I/OMXCodec(  303): [OMX.google.vorbis.decoder] PORT_DISABLED(1)
I/OMXCodec(  303): >>>UHQA initOutputFormat 16
I/OMXCodec(  303): [OMX.google.vorbis.decoder] allocating 4 buffers of size 32768 on output port
I/AudioPlayer(  303): Audio channels(1)
I/AudioPlayer(  303): Audioplayer kKeyAudioPCMFormat:0, 1, 0
I/AudioPlayer(  303): Audioplayer kKeyAudioPCMFormat read fail(1, 1)
V/AudioCache(  303): open(44100, 1, 0x0, 1, 0)
V/AwesomePlayer(  303): notifyListner_l() msg (6-MEDIA_STARTED), ext1 (0), ext2 (0)
V/AudioCache(  303): notify(0xae2561a0, 6, 0, 0)
V/AudioCache(  303): ignored
V/AwesomePlayer(  303): addBatteryData
I/AudioPlayer(  303): First fillBuffer call!!
V/MediaPlayerService(  303): wait for playback complete
I/AudioPlayer(  303): >>> setAudioEffect Read mAudioFormat : 1, event : 168430090, value : 151652874
E/AudioPlayer(  303): >>> setAudioEffect Error mAudioFormat : 1, event : 168430090, value : 151652874
I/OMXCodec(  303): [OMX.google.vorbis.decoder] End Of Stream
V/AwesomePlayer(  303): postAudioEOS delayUs (0)
E/Zygote  (15653): MountEmulatedStorage()
E/Zygote  (15653): v2
V/AwesomePlayer(  303): onCheckAudioStatus
V/AwesomePlayer(  303): onCheckAudioStatus() set AUDIO_AT_EOS flag
V/AwesomePlayer(  303): onStreamDone
V/AwesomePlayer(  303): MEDIA_PLAYBACK_COMPLETE
V/AwesomePlayer(  303): notifyListner_l() msg (2-MEDIA_PLAYBACK_COMPLETE), ext1 (0), ext2 (0)
V/AudioCache(  303): notify(0xae2561a0, 2, 0, 0)
V/AudioCache(  303): playback complete - thread will wake up later
V/AwesomePlayer(  303): notifyListner_l() msg (7-MEDIA_PAUSED), ext1 (0), ext2 (0)
V/AudioCache(  303): notify(0xae2561a0, 7, 0, 0)
V/AudioCache(  303): ignored
V/AwesomePlayer(  303): cancelPlayerEvents (keepNotifications=1)
V/AwesomePlayer(  303): addBatteryData
V/AudioCache(  303): wait - success
V/StagefrightPlayer(  303): reset
V/AwesomePlayer(  303): reset_l()
V/AwesomePlayer(  303): notifyListner_l() msg (8-MEDIA_STOPPED), ext1 (0), ext2 (0)
V/AudioCache(  303): notify(0xae2561a0, 8, 0, 0)
V/AudioCache(  303): ignored
V/AwesomePlayer(  303): cancelPlayerEvents (keepNotifications=0)
V/AwesomePlayer(  303): mAudioTrackVector clear
D/AudioPlayer(  303): reset: mPlaying=0 mReachedEOS=1 useOffload=0
I/OMXCodec(  303): [OMX.google.vorbis.decoder] stop mState=4
I/OMXCodec(  303): [OMX.google.vorbis.decoder] stop() sendCommand(0x143, OMX_CommandStateSet, OMX_StateIdle)
I/OMXCodec(  303): [OMX.google.vorbis.decoder] Now Idle. Component sends idle done Event 
I/OMXCodec(  303): [OMX.google.vorbis.decoder] stopOmxComponent_l() mstate = 1
I/OggExtractor(  303): OggSource::stop() mExtractor ref count = 1
I/OggExtractor(  303): OggSource::~OggSource() mExtractor !mStarted ref count = 1
I/OggExtractor(  303): ~OggSource --
I/OggExtractor(  303): ~OggExtractor ++
I/OggExtractor(  303): ~MyVorbisExtractor ++ 
I/OggExtractor(  303): ~MyVorbisExtractor --
I/OggExtractor(  303): ~OggExtractor --
I/AudioPlayer(  303): reset out
V/AwesomePlayer(  303): reset_l() mAudioPlayer successfully deleted
I/SecVideoCapture(  303): SecVideoCapture destructor
I/SecVideoCapture(  303): reset
V/AwesomePlayer(  303): mSecCapture clear
I/SecMediaClock(  303): SecMediaClock destructor
V/AwesomePlayer(  303): mSecMediaClock clear
D/AdaptiveEventManager( 1505): mViewList[PEDOMETER].view=android.widget.RelativeLayout{34def749 VFE...C. ......I. 0,0-0,0 #7f080bb1 app:id/lock_root_view}
D/AdaptiveEventManager( 1505): M updateContainers()
D/AdaptiveEventContainerSmall( 1505): C updatePedoContainer()
D/AdaptiveEventManager( 1505): setAdaptiveEvent() requestClass = com.sec.android.app.shealth.walkingmate.service.WalkingMateDayStepService smallView=not null bigView=not null
D/AdaptiveEventManager( 1505): mViewList[PEDOMETER].view=android.widget.RelativeLayout{3dbdb84e VFE...C. ......I. 0,0-0,0 #7f080bb1 app:id/lock_root_view}
D/AdaptiveEventManager( 1505): M updateContainers()
D/AdaptiveEventContainerSmall( 1505): C updatePedoContainer()
D/AdaptiveEventManager( 1505): setAdaptiveEvent() requestClass = com.sec.android.app.shealth.walkingmate.service.WalkingMateDayStepService smallView=not null bigView=not null
I/art     (  325): Explicit concurrent mark sweep GC freed 8698(370KB) AllocSpace objects, 0(0B) LOS objects, 39% free, 15MB/25MB, paused 318us total 14.245ms
I/SELinux (15653): Function: selinux_compare_spd_ram , priority [2] , priority version is VE=SEPF_SM-N9002_5.0-1_0039
V/StagefrightPlayer(  303): ~StagefrightPlayer
V/StagefrightPlayer(  303): reset
V/AwesomePlayer(  303): reset_l()
V/AwesomePlayer(  303): notifyListner_l() msg (8-MEDIA_STOPPED), ext1 (0), ext2 (0)
V/AwesomePlayer(  303): cancelPlayerEvents (keepNotifications=0)
V/AwesomePlayer(  303): mAudioTrackVector clear
V/AwesomePlayer(  303): reset_l() mAudioPlayer successfully deleted
V/AwesomePlayer(  303): mSecCapture clear
V/AwesomePlayer(  303): mSecMediaClock clear
V/AwesomePlayer(  303): destructor
V/AwesomePlayer(  303): reset_l()
V/AwesomePlayer(  303): notifyListner_l() msg (8-MEDIA_STOPPED), ext1 (0), ext2 (0)
V/AwesomePlayer(  303): cancelPlayerEvents (keepNotifications=0)
V/AwesomePlayer(  303): mAudioTrackVector clear
V/AwesomePlayer(  303): reset_l() mAudioPlayer successfully deleted
V/AwesomePlayer(  303): mSecCapture clear
V/AwesomePlayer(  303): mSecMediaClock clear
V/MediaPlayer(15602): decode(35, 20537332, 17329)
V/MediaPlayerService(  303): decode(38, 20537332, 17329)
E/SELinux (15653): [DEBUG] get_category: variable seinfo: platform sensitivity: NULL, cateogry: NULL
V/MediaPlayerService(  303): player type = 3
D/AdaptiveEventManager( 1505): mViewList[PEDOMETER].view=android.widget.RelativeLayout{32436d6f VFE...C. ......I. 0,0-0,0 #7f080bb1 app:id/lock_root_view}
D/AdaptiveEventManager( 1505): M updateContainers()
D/AdaptiveEventContainerSmall( 1505): C updatePedoContainer()
D/AdaptiveEventContainerSmall( 1505): handlePedoUpdate()
V/AwesomePlayer(  303): setDefault
V/AwesomePlayer(  303): constructor
V/AwesomePlayer(  303): setDefault
V/AwesomePlayer(  303): reset_l()
V/AwesomePlayer(  303): notifyListner_l() msg (8-MEDIA_STOPPED), ext1 (0), ext2 (0)
V/AwesomePlayer(  303): cancelPlayerEvents (keepNotifications=0)
V/AwesomePlayer(  303): mAudioTrackVector clear
V/AwesomePlayer(  303): reset_l() mAudioPlayer successfully deleted
V/AwesomePlayer(  303): mSecCapture clear
V/AwesomePlayer(  303): mSecMediaClock clear
V/StagefrightPlayer(  303): StagefrightPlayer
V/AwesomePlayer(  303): setListener
V/StagefrightPlayer(  303): initCheck
V/AwesomePlayer(  303): setAudioSink
V/StagefrightPlayer(  303): setDataSource(38, 20537332, 17329)
V/AwesomePlayer(  303): reset_l()
V/AwesomePlayer(  303): notifyListner_l() msg (8-MEDIA_STOPPED), ext1 (0), ext2 (0)
V/AudioCache(  303): notify(0xb231e2e0, 8, 0, 0)
V/AudioCache(  303): ignored
V/AwesomePlayer(  303): cancelPlayerEvents (keepNotifications=0)
V/AwesomePlayer(  303): mAudioTrackVector clear
V/AwesomePlayer(  303): reset_l() mAudioPlayer successfully deleted
V/AwesomePlayer(  303): mSecCapture clear
V/AwesomePlayer(  303): mSecMediaClock clear
D/AdaptiveEventContainerSmall( 1505): handlePedoUpdate Show:true, isPedoEnabled:true
V/AwesomePlayer(  303): track of type 'audio/vorbis' does not publish bitrate
V/AwesomePlayer(  303): mBitrate = -1 bits/sec
I/OggExtractor(  303): OggSource::OggSource() mExtractor ref count = 4
V/AwesomePlayer(  303): current audio track index (0) is added to vector
V/AwesomePlayer(  303): setDataSource_l: Audio(1), Video(0)
I/AwesomePlayer(  303): checkRightsStatus is not necessary - AwesomePlayer::setDataSource_l
V/MediaPlayerService(  303): prepare
V/AwesomePlayer(  303): prepareAsync
V/MediaPlayerService(  303): wait for prepare
V/AwesomePlayer(  303): onPrepareAsyncEvent
I/SecMediaClock(  303): SecMediaClock constructor
I/SecMediaClock(  303): reset
I/SecVideoCapture(  303): SecVideoCapture constructor
I/SecVideoCapture(  303): reset
V/AwesomePlayer(  303): initAudioDecoder
V/AwesomePlayer(  303): checkOffloadExceptions is true
V/AudioPolicyManager(  303): isOffloadSupported: SR=44100, CM=0x3, Format=0x7000000, StreamType=-1, BitRate=4294967295, duration=857142 us, has_video=0
V/AudioPolicyManager(  303): isOffloadSupported: stream_type != MUSIC, returning false
I/OMXCodec(  303): Attempting to allocate OMX node 'OMX.google.vorbis.decoder'
I/OMXCodec(  303): Successfully allocated OMX node 'OMX.google.vorbis.decoder'
I/OMXCodec(  303): >>>UHQA initOutputFormat 16
I/AwesomePlayer(  303): Could not offload audio decode, try pcm offload
V/AudioPolicyManager(  303): isOffloadSupported: SR=44100, CM=0x1, Format=0x1c000001, StreamType=-1, BitRate=4294967295, duration=857142 us, has_video=0
V/AudioPolicyManager(  303): isOffloadSupported: stream_type != MUSIC, returning false
I/OMXCodec(  303): [OMX.google.vorbis.decoder] OMXCodec::start mState=1
I/OMXCodec(  303): [OMX.google.vorbis.decoder] allocating 4 buffers of size 8192 on input port
I/OMXCodec(  303): [OMX.google.vorbis.decoder] allocating 4 buffers of size 32768 on output port
I/OMXCodec(  303): [OMX.google.vorbis.decoder] Now Idle. Component sends idle done Event 
V/AwesomePlayer(  303): finishAsyncPrepare_l
V/AwesomePlayer(  303): notifyListner_l() msg (200-MEDIA_INFO), ext1 (973), ext2 (0)
V/AudioCache(  303): notify(0xb231e2e0, 200, 973, 0)
V/AudioCache(  303): ignored
V/AwesomePlayer(  303): notifyListner_l() msg (5-MEDIA_SET_VIDEO_SIZE), ext1 (0), ext2 (0)
V/AudioCache(  303): notify(0xb231e2e0, 5, 0, 0)
V/AudioCache(  303): ignored
V/AwesomePlayer(  303): notifyListner_l() msg (1-MEDIA_PREPARED), ext1 (0), ext2 (0)
V/AudioCache(  303): notify(0xb231e2e0, 1, 0, 0)
V/AudioCache(  303): prepared
V/AudioCache(  303): wait - success
V/MediaPlayerService(  303): start
V/StagefrightPlayer(  303): start
V/AwesomePlayer(  303): play
V/AwesomePlayer(  303): AwesomePlayer::play_l():: This is not a DRM content
V/AwesomePlayer(  303): startAudioPlayer_l, sendErrorNotification (0)
D/AudioPlayer(  303): start of Playback, useOffload 0
I/OMXCodec(  303): [OMX.google.vorbis.decoder] 0onCmdComplete  mState =  7
I/OMXCodec(  303): [OMX.google.vorbis.decoder] PORT_DISABLED(1)
I/OMXCodec(  303): >>>UHQA initOutputFormat 16
I/OMXCodec(  303): [OMX.google.vorbis.decoder] allocating 4 buffers of size 32768 on output port
I/AudioPlayer(  303): Audio channels(2)
I/AudioPlayer(  303): Audioplayer kKeyAudioPCMFormat:0, 1, 0
I/AudioPlayer(  303): Audioplayer kKeyAudioPCMFormat read fail(2, 1)
V/AudioCache(  303): open(44100, 2, 0x0, 1, 0)
I/art     (  325): Explicit concurrent mark sweep GC freed 5(160B) AllocSpace objects, 0(0B) LOS objects, 39% free, 15MB/25MB, paused 290us total 10.641ms
V/AwesomePlayer(  303): notifyListner_l() msg (6-MEDIA_STARTED), ext1 (0), ext2 (0)
V/AudioCache(  303): notify(0xb231e2e0, 6, 0, 0)
V/AudioCache(  303): ignored
V/AwesomePlayer(  303): addBatteryData
I/AudioPlayer(  303): First fillBuffer call!!
I/AudioPlayer(  303): >>> setAudioEffect Read mAudioFormat : 1, event : 235670794, value : 319688206
E/AudioPlayer(  303): >>> setAudioEffect Error mAudioFormat : 1, event : 235670794, value : 319688206
V/MediaPlayerService(  303): wait for playback complete
I/art     (  325): Explicit concurrent mark sweep GC freed 5(160B) AllocSpace objects, 0(0B) LOS objects, 39% free, 15MB/25MB, paused 285us total 10.081ms
I/OMXCodec(  303): [OMX.google.vorbis.decoder] End Of Stream
V/AwesomePlayer(  303): postAudioEOS delayUs (0)
V/AwesomePlayer(  303): onCheckAudioStatus
V/AwesomePlayer(  303): onCheckAudioStatus() set AUDIO_AT_EOS flag
V/AwesomePlayer(  303): onStreamDone
V/AwesomePlayer(  303): MEDIA_PLAYBACK_COMPLETE
V/AwesomePlayer(  303): notifyListner_l() msg (2-MEDIA_PLAYBACK_COMPLETE), ext1 (0), ext2 (0)
V/AudioCache(  303): notify(0xb231e2e0, 2, 0, 0)
V/AudioCache(  303): playback complete - thread will wake up later
V/AwesomePlayer(  303): notifyListner_l() msg (7-MEDIA_PAUSED), ext1 (0), ext2 (0)
V/AudioCache(  303): notify(0xb231e2e0, 7, 0, 0)
V/AudioCache(  303): ignored
V/AwesomePlayer(  303): cancelPlayerEvents (keepNotifications=1)
V/AwesomePlayer(  303): addBatteryData
V/AudioCache(  303): wait - success
V/StagefrightPlayer(  303): reset
V/AwesomePlayer(  303): reset_l()
V/AwesomePlayer(  303): notifyListner_l() msg (8-MEDIA_STOPPED), ext1 (0), ext2 (0)
V/AudioCache(  303): notify(0xb231e2e0, 8, 0, 0)
V/AudioCache(  303): ignored
V/AwesomePlayer(  303): cancelPlayerEvents (keepNotifications=0)
V/AwesomePlayer(  303): mAudioTrackVector clear
D/AudioPlayer(  303): reset: mPlaying=0 mReachedEOS=1 useOffload=0
I/OMXCodec(  303): [OMX.google.vorbis.decoder] stop mState=4
I/OMXCodec(  303): [OMX.google.vorbis.decoder] stop() sendCommand(0x144, OMX_CommandStateSet, OMX_StateIdle)
I/OMXCodec(  303): [OMX.google.vorbis.decoder] Now Idle. Component sends idle done Event 
I/OMXCodec(  303): [OMX.google.vorbis.decoder] stopOmxComponent_l() mstate = 1
I/OggExtractor(  303): OggSource::stop() mExtractor ref count = 1
I/OggExtractor(  303): OggSource::~OggSource() mExtractor !mStarted ref count = 1
I/OggExtractor(  303): ~OggSource --
I/OggExtractor(  303): ~OggExtractor ++
I/OggExtractor(  303): ~MyVorbisExtractor ++ 
I/OggExtractor(  303): ~MyVorbisExtractor --
I/OggExtractor(  303): ~OggExtractor --
E/DatabaseUtils( 1036): Writing exception to parcel
E/DatabaseUtils( 1036): java.lang.NullPointerException: key == null
E/DatabaseUtils( 1036): 	at android.util.LruCache.get(LruCache.java:112)
E/DatabaseUtils( 1036): 	at com.android.providers.settings.SettingsProvider.lookupValue(SettingsProvider.java:982)
E/DatabaseUtils( 1036): 	at com.android.providers.settings.SettingsProvider.call(SettingsProvider.java:822)
E/DatabaseUtils( 1036): 	at android.content.ContentProvider$Transport.call(ContentProvider.java:372)
E/DatabaseUtils( 1036): 	at android.content.ContentProviderNative.onTransact(ContentProviderNative.java:282)
E/DatabaseUtils( 1036): 	at android.os.Binder.execTransact(Binder.java:446)
I/AudioPlayer(  303): reset out
V/AwesomePlayer(  303): reset_l() mAudioPlayer successfully deleted
I/SecVideoCapture(  303): SecVideoCapture destructor
I/SecVideoCapture(  303): reset
V/AwesomePlayer(  303): mSecCapture clear
I/SecMediaClock(  303): SecMediaClock destructor
V/AwesomePlayer(  303): mSecMediaClock clear
V/StagefrightPlayer(  303): ~StagefrightPlayer
V/StagefrightPlayer(  303): reset
V/AwesomePlayer(  303): reset_l()
V/AwesomePlayer(  303): notifyListner_l() msg (8-MEDIA_STOPPED), ext1 (0), ext2 (0)
V/AwesomePlayer(  303): cancelPlayerEvents (keepNotifications=0)
V/AwesomePlayer(  303): mAudioTrackVector clear
V/AwesomePlayer(  303): reset_l() mAudioPlayer successfully deleted
V/AwesomePlayer(  303): mSecCapture clear
V/AwesomePlayer(  303): mSecMediaClock clear
V/AwesomePlayer(  303): destructor
V/AwesomePlayer(  303): reset_l()
V/AwesomePlayer(  303): notifyListner_l() msg (8-MEDIA_STOPPED), ext1 (0), ext2 (0)
