D/STATUSBAR-WifiQuickSettingButton( 1505): onWifiSignalChanged enabled=true enabledDesc:"ZZL-309"
D/StatusBar.MSimNetworkController( 1505): applyCU
D/StatusBar.MSimNetworkController( 1505): applyCU
D/StatusBar.MSimNetworkController( 1505): applyCU
D/StatusBar.MSimNetworkController( 1505): applyCU
D/MediaScanner( 2102): Prescan. DB items number : 14519 DB_FILES_NUMBER_CACHING_LIMITATION : 7000  Caching mode : false
D/StatusBar.MSimNetworkController( 1505): getNumberOfActiveSim:0
I/art     ( 2102): Explicit concurrent mark sweep GC freed 19710(1037KB) AllocSpace objects, 0(0B) LOS objects, 25% free, 16MB/21MB, paused 1.111ms total 18.307ms
D/KeyguardUpdateMonitor( 1505): received broadcast android.intent.action.BATTERY_CHANGED
D/KeyguardUpdateMonitor( 1505): handleBatteryUpdate
D/SecContentProvider2( 1036): uri = 14 selection = getSealedState
D/SecContentProvider2( 1036): mCursor = null
E/MtpServerJNI( 2102): server is null in send_object_removed
D/ApplicationPolicy( 1036): isStatusBarNotificationAllowedAsUser: packageName = com.tencent.android.qqdownloader,userId = 0
V/ApplicationPolicy( 1036): isApplicationStateBlocked userId 0 pkgname com.tencent.android.qqdownloader
D/StatusBar( 1505): ----- contentsUnchanged : true, bigContentsUnchanged - true, headsUpContentsUnchanged - true , publicUnchanged true
D/PersonaManager( 1505): isKioskContainerExistOnDevice
D/PersonaManager( 1505): isKioskContainerExistOnDevice
D/StatusBar( 1505): getNumberOfActiveSim:0
D/PanelView( 1505): There is/are notification(s) 
D/PanelView( 1505): There is/are notification(s) 
D/PersonaManager( 1505): isKioskContainerExistOnDevice
D/StatusBar( 1505): getNumberOfActiveSim:0
D/PanelView( 1505): There is/are notification(s) 
D/STATUSBAR-WifiQuickSettingButton( 1505): onWifiSignalChanged enabled=true enabledDesc:"ZZL-309"
D/StatusBar.MSimNetworkController( 1505): applyCU
D/StatusBar.MSimNetworkController( 1505): applyCU
D/StatusBar.MSimNetworkController( 1505): applyCU
D/StatusBar.MSimNetworkController( 1505): applyCU
D/StatusBar.MSimNetworkController( 1505): getNumberOfActiveSim:0
D/MediaProvider( 2102): delete(): call deleteImagesDCM
E/MtpServerJNI( 2102): server is null in send_object_removed
E/MTPJNIInterface(11951): In MTPJNIINterface onReceive:com.android.MTP.OBJECT_REMOVED
E/MTPJNIInterface(11951): ***** file path of  sendObjectRemoved 
E/MtpServerJNI( 2102): server is null in send_object_removed
E/MTPJNIInterface(11951): In MTPJNIINterface onReceive:com.android.MTP.OBJECT_REMOVED
E/MTPJNIInterface(11951): ***** file path of  sendObjectRemoved 
E/MTPJNIInterface(11951): In MTPJNIINterface onReceive:com.android.MTP.OBJECT_REMOVED
E/MTPJNIInterface(11951): ***** file path of  sendObjectRemoved 
E/MtpServerJNI( 2102): server is null in send_object_removed
E/MTPJNIInterface(11951): In MTPJNIINterface onReceive:com.android.MTP.OBJECT_REMOVED
E/MTPJNIInterface(11951): ***** file path of  sendObjectRemoved 
E/MtpServerJNI( 2102): server is null in send_object_removed
E/MtpServerJNI( 2102): server is null in send_object_removed
E/MTPJNIInterface(11951): In MTPJNIINterface onReceive:com.android.MTP.OBJECT_REMOVED
E/MTPJNIInterface(11951): ***** file path of  sendObjectRemoved 
E/MTPJNIInterface(11951): In MTPJNIINterface onReceive:com.android.MTP.OBJECT_REMOVED
E/MTPJNIInterface(11951): ***** file path of  sendObjectRemoved 
E/MtpServerJNI( 2102): server is null in send_object_removed
E/MtpServerJNI( 2102): server is null in send_object_removed
E/MTPJNIInterface(11951): In MTPJNIINterface onReceive:com.android.MTP.OBJECT_REMOVED
E/MTPJNIInterface(11951): ***** file path of  sendObjectRemoved 
E/MtpServerJNI( 2102): server is null in send_object_removed
E/MTPJNIInterface(11951): In MTPJNIINterface onReceive:com.android.MTP.OBJECT_REMOVED
E/MTPJNIInterface(11951): ***** file path of  sendObjectRemoved 
E/MTPJNIInterface(11951): In MTPJNIINterface onReceive:com.android.MTP.OBJECT_REMOVED
E/MtpServerJNI( 2102): server is null in send_object_removed
E/MTPJNIInterface(11951): ***** file path of  sendObjectRemoved 
E/MtpServerJNI( 2102): server is null in send_object_removed
E/MTPJNIInterface(11951): In MTPJNIINterface onReceive:com.android.MTP.OBJECT_REMOVED
E/MTPJNIInterface(11951): ***** file path of  sendObjectRemoved 
E/MtpServerJNI( 2102): server is null in send_object_removed
E/MTPJNIInterface(11951): In MTPJNIINterface onReceive:com.android.MTP.OBJECT_REMOVED
E/MTPJNIInterface(11951): ***** file path of  sendObjectRemoved 
E/MtpServerJNI( 2102): server is null in send_object_removed
E/MTPJNIInterface(11951): In MTPJNIINterface onReceive:com.android.MTP.OBJECT_REMOVED
E/MTPJNIInterface(11951): ***** file path of  sendObjectRemoved 
E/MTPJNIInterface(11951): In MTPJNIINterface onReceive:com.android.MTP.OBJECT_REMOVED
E/MTPJNIInterface(11951): ***** file path of  sendObjectRemoved 
E/MtpServerJNI( 2102): server is null in send_object_removed
E/MtpServerJNI( 2102): server is null in send_object_removed
E/MTPJNIInterface(11951): In MTPJNIINterface onReceive:com.android.MTP.OBJECT_REMOVED
E/MTPJNIInterface(11951): ***** file path of  sendObjectRemoved 
E/MTPJNIInterface(11951): In MTPJNIINterface onReceive:com.android.MTP.OBJECT_REMOVED
E/MTPJNIInterface(11951): ***** file path of  sendObjectRemoved 
E/MtpServerJNI( 2102): server is null in send_object_removed
E/MtpServerJNI( 2102): server is null in send_object_removed
E/MTPJNIInterface(11951): In MTPJNIINterface onReceive:com.android.MTP.OBJECT_REMOVED
E/MTPJNIInterface(11951): ***** file path of  sendObjectRemoved 
E/MtpServerJNI( 2102): server is null in send_object_removed
E/MTPJNIInterface(11951): In MTPJNIINterface onReceive:com.android.MTP.OBJECT_REMOVED
E/MTPJNIInterface(11951): ***** file path of  sendObjectRemoved 
E/MtpServerJNI( 2102): server is null in send_object_removed
E/MTPJNIInterface(11951): In MTPJNIINterface onReceive:com.android.MTP.OBJECT_REMOVED
E/MTPJNIInterface(11951): ***** file path of  sendObjectRemoved 
E/MtpServerJNI( 2102): server is null in send_object_removed
E/MTPJNIInterface(11951): In MTPJNIINterface onReceive:com.android.MTP.OBJECT_REMOVED
E/MTPJNIInterface(11951): ***** file path of  sendObjectRemoved 
E/MtpServerJNI( 2102): server is null in send_object_removed
E/MTPJNIInterface(11951): In MTPJNIINterface onReceive:com.android.MTP.OBJECT_REMOVED
E/MTPJNIInterface(11951): ***** file path of  sendObjectRemoved 
E/MtpServerJNI( 2102): server is null in send_object_removed
E/MTPJNIInterface(11951): In MTPJNIINterface onReceive:com.android.MTP.OBJECT_REMOVED
E/MTPJNIInterface(11951): ***** file path of  sendObjectRemoved 
E/MtpServerJNI( 2102): server is null in send_object_removed
E/MTPJNIInterface(11951): In MTPJNIINterface onReceive:com.android.MTP.OBJECT_REMOVED
E/MTPJNIInterface(11951): ***** file path of  sendObjectRemoved 
E/MtpServerJNI( 2102): server is null in send_object_removed
E/MTPJNIInterface(11951): In MTPJNIINterface onReceive:com.android.MTP.OBJECT_REMOVED
E/MTPJNIInterface(11951): ***** file path of  sendObjectRemoved 
E/MtpServerJNI( 2102): server is null in send_object_removed
E/MTPJNIInterface(11951): In MTPJNIINterface onReceive:com.android.MTP.OBJECT_REMOVED
E/MTPJNIInterface(11951): ***** file path of  sendObjectRemoved 
E/MtpServerJNI( 2102): server is null in send_object_removed
E/MTPJNIInterface(11951): In MTPJNIINterface onReceive:com.android.MTP.OBJECT_REMOVED
E/MTPJNIInterface(11951): ***** file path of  sendObjectRemoved 
E/MtpServerJNI( 2102): server is null in send_object_removed
E/MTPJNIInterface(11951): In MTPJNIINterface onReceive:com.android.MTP.OBJECT_REMOVED
E/MTPJNIInterface(11951): ***** file path of  sendObjectRemoved 
E/MtpServerJNI( 2102): server is null in send_object_removed
E/MTPJNIInterface(11951): In MTPJNIINterface onReceive:com.android.MTP.OBJECT_REMOVED
E/MTPJNIInterface(11951): ***** file path of  sendObjectRemoved 
E/MtpServerJNI( 2102): server is null in send_object_removed
E/MTPJNIInterface(11951): In MTPJNIINterface onReceive:com.android.MTP.OBJECT_REMOVED
E/MTPJNIInterface(11951): ***** file path of  sendObjectRemoved 
D/MediaProvider( 2102): delete(): call deleteImagesDCM
E/MTPJNIInterface(11951): In MTPJNIINterface onReceive:com.android.MTP.OBJECT_REMOVED
E/MTPJNIInterface(11951): ***** file path of  sendObjectRemoved 
E/MtpServerJNI( 2102): server is null in send_object_removed
E/MtpServerJNI( 2102): server is null in send_object_removed
E/MTPJNIInterface(11951): In MTPJNIINterface onReceive:com.android.MTP.OBJECT_REMOVED
E/MTPJNIInterface(11951): ***** file path of  sendObjectRemoved 
E/MtpServerJNI( 2102): server is null in send_object_removed
E/MTPJNIInterface(11951): In MTPJNIINterface onReceive:com.android.MTP.OBJECT_REMOVED
E/MTPJNIInterface(11951): ***** file path of  sendObjectRemoved 
E/MtpServerJNI( 2102): server is null in send_object_removed
E/MTPJNIInterface(11951): In MTPJNIINterface onReceive:com.android.MTP.OBJECT_REMOVED
E/MTPJNIInterface(11951): ***** file path of  sendObjectRemoved 
E/MtpServerJNI( 2102): server is null in send_object_removed
E/MTPJNIInterface(11951): In MTPJNIINterface onReceive:com.android.MTP.OBJECT_REMOVED
E/MTPJNIInterface(11951): ***** file path of  sendObjectRemoved 
E/MtpServerJNI( 2102): server is null in send_object_removed
E/MTPJNIInterface(11951): In MTPJNIINterface onReceive:com.android.MTP.OBJECT_REMOVED
E/MTPJNIInterface(11951): ***** file path of  sendObjectRemoved 
E/MtpServerJNI( 2102): server is null in send_object_removed
E/MTPJNIInterface(11951): In MTPJNIINterface onReceive:com.android.MTP.OBJECT_REMOVED
E/MTPJNIInterface(11951): ***** file path of  sendObjectRemoved 
E/MtpServerJNI( 2102): server is null in send_object_removed
E/MTPJNIInterface(11951): In MTPJNIINterface onReceive:com.android.MTP.OBJECT_REMOVED
E/MTPJNIInterface(11951): ***** file path of  sendObjectRemoved 
E/MtpServerJNI( 2102): server is null in send_object_removed
E/MTPJNIInterface(11951): In MTPJNIINterface onReceive:com.android.MTP.OBJECT_REMOVED
E/MTPJNIInterface(11951): ***** file path of  sendObjectRemoved 
E/MtpServerJNI( 2102): server is null in send_object_removed
E/MTPJNIInterface(11951): In MTPJNIINterface onReceive:com.android.MTP.OBJECT_REMOVED
E/MTPJNIInterface(11951): ***** file path of  sendObjectRemoved 
E/MtpServerJNI( 2102): server is null in send_object_removed
E/MTPJNIInterface(11951): In MTPJNIINterface onReceive:com.android.MTP.OBJECT_REMOVED
E/MTPJNIInterface(11951): ***** file path of  sendObjectRemoved 
E/MtpServerJNI( 2102): server is null in send_object_removed
E/MTPJNIInterface(11951): In MTPJNIINterface onReceive:com.android.MTP.OBJECT_REMOVED
E/MTPJNIInterface(11951): ***** file path of  sendObjectRemoved 
D/MediaProvider( 2102): delete(): call deleteImagesDCM
E/MtpServerJNI( 2102): server is null in send_object_removed
E/MTPJNIInterface(11951): In MTPJNIINterface onReceive:com.android.MTP.OBJECT_REMOVED
E/MTPJNIInterface(11951): ***** file path of  sendObjectRemoved 
D/MediaProvider( 2102): delete(): call deleteImagesDCM
E/MTPJNIInterface(11951): In MTPJNIINterface onReceive:com.android.MTP.OBJECT_REMOVED
E/MtpServerJNI( 2102): server is null in send_object_removed
E/MTPJNIInterface(11951): ***** file path of  sendObjectRemoved 
E/MtpServerJNI( 2102): server is null in send_object_removed
E/MTPJNIInterface(11951): In MTPJNIINterface onReceive:com.android.MTP.OBJECT_REMOVED
E/MTPJNIInterface(11951): ***** file path of  sendObjectRemoved 
E/MtpServerJNI( 2102): server is null in send_object_removed
E/MTPJNIInterface(11951): In MTPJNIINterface onReceive:com.android.MTP.OBJECT_REMOVED
E/MTPJNIInterface(11951): ***** file path of  sendObjectRemoved 
E/MtpServerJNI( 2102): server is null in send_object_removed
E/MTPJNIInterface(11951): In MTPJNIINterface onReceive:com.android.MTP.OBJECT_REMOVED
E/MTPJNIInterface(11951): ***** file path of  sendObjectRemoved 
E/MTPJNIInterface(11951): In MTPJNIINterface onReceive:com.android.MTP.OBJECT_REMOVED
E/MTPJNIInterface(11951): ***** file path of  sendObjectRemoved 
E/MtpServerJNI( 2102): server is null in send_object_removed
E/MTPJNIInterface(11951): In MTPJNIINterface onReceive:com.android.MTP.OBJECT_REMOVED
E/MtpServerJNI( 2102): server is null in send_object_removed
E/MTPJNIInterface(11951): ***** file path of  sendObjectRemoved 
E/MTPJNIInterface(11951): In MTPJNIINterface onReceive:com.android.MTP.OBJECT_REMOVED
E/MtpServerJNI( 2102): server is null in send_object_removed
E/MTPJNIInterface(11951): ***** file path of  sendObjectRemoved 
E/MTPJNIInterface(11951): In MTPJNIINterface onReceive:com.android.MTP.OBJECT_REMOVED
E/MtpServerJNI( 2102): server is null in send_object_removed
E/MTPJNIInterface(11951): ***** file path of  sendObjectRemoved 
E/MTPJNIInterface(11951): In MTPJNIINterface onReceive:com.android.MTP.OBJECT_REMOVED
E/MTPJNIInterface(11951): ***** file path of  sendObjectRemoved 
E/MtpServerJNI( 2102): server is null in send_object_removed
D/STATUSBAR-WifiQuickSettingButton( 1505): onWifiSignalChanged enabled=true enabledDesc:"ZZL-309"
D/StatusBar.MSimNetworkController( 1505): applyCU
D/StatusBar.MSimNetworkController( 1505): applyCU
D/StatusBar.MSimNetworkController( 1505): applyCU
D/MediaProvider( 2102): delete(): call deleteImagesDCM
D/StatusBar.MSimNetworkController( 1505): applyCU
D/StatusBar.MSimNetworkController( 1505): getNumberOfActiveSim:0
E/MtpServerJNI( 2102): server is null in send_object_removed
E/MTPJNIInterface(11951): In MTPJNIINterface onReceive:com.android.MTP.OBJECT_REMOVED
E/MTPJNIInterface(11951): ***** file path of  sendObjectRemoved 
E/MtpServerJNI( 2102): server is null in send_object_removed
E/MTPJNIInterface(11951): In MTPJNIINterface onReceive:com.android.MTP.OBJECT_REMOVED
E/MTPJNIInterface(11951): ***** file path of  sendObjectRemoved 
E/MtpServerJNI( 2102): server is null in send_object_removed
E/MTPJNIInterface(11951): In MTPJNIINterface onReceive:com.android.MTP.OBJECT_REMOVED
E/MTPJNIInterface(11951): ***** file path of  sendObjectRemoved 
E/MtpServerJNI( 2102): server is null in send_object_removed
E/MTPJNIInterface(11951): In MTPJNIINterface onReceive:com.android.MTP.OBJECT_REMOVED
E/MTPJNIInterface(11951): ***** file path of  sendObjectRemoved 
E/MtpServerJNI( 2102): server is null in send_object_removed
E/MTPJNIInterface(11951): In MTPJNIINterface onReceive:com.android.MTP.OBJECT_REMOVED
E/MTPJNIInterface(11951): ***** file path of  sendObjectRemoved 
E/MtpServerJNI( 2102): server is null in send_object_removed
E/MTPJNIInterface(11951): In MTPJNIINterface onReceive:com.android.MTP.OBJECT_REMOVED
E/MTPJNIInterface(11951): ***** file path of  sendObjectRemoved 
E/MtpServerJNI( 2102): server is null in send_object_removed
E/MTPJNIInterface(11951): In MTPJNIINterface onReceive:com.android.MTP.OBJECT_REMOVED
E/MTPJNIInterface(11951): ***** file path of  sendObjectRemoved 
E/MtpServerJNI( 2102): server is null in send_object_removed
E/MTPJNIInterface(11951): In MTPJNIINterface onReceive:com.android.MTP.OBJECT_REMOVED
E/MTPJNIInterface(11951): ***** file path of  sendObjectRemoved 
E/MtpServerJNI( 2102): server is null in send_object_removed
E/MTPJNIInterface(11951): In MTPJNIINterface onReceive:com.android.MTP.OBJECT_REMOVED
E/MTPJNIInterface(11951): ***** file path of  sendObjectRemoved 
E/MtpServerJNI( 2102): server is null in send_object_removed
E/MTPJNIInterface(11951): In MTPJNIINterface onReceive:com.android.MTP.OBJECT_REMOVED
E/MTPJNIInterface(11951): ***** file path of  sendObjectRemoved 
E/MtpServerJNI( 2102): server is null in send_object_removed
E/MTPJNIInterface(11951): In MTPJNIINterface onReceive:com.android.MTP.OBJECT_REMOVED
E/MTPJNIInterface(11951): ***** file path of  sendObjectRemoved 
E/MtpServerJNI( 2102): server is null in send_object_removed
E/MTPJNIInterface(11951): In MTPJNIINterface onReceive:com.android.MTP.OBJECT_REMOVED
E/MTPJNIInterface(11951): ***** file path of  sendObjectRemoved 
E/MtpServerJNI( 2102): server is null in send_object_removed
E/MTPJNIInterface(11951): In MTPJNIINterface onReceive:com.android.MTP.OBJECT_REMOVED
E/MTPJNIInterface(11951): ***** file path of  sendObjectRemoved 
E/MtpServerJNI( 2102): server is null in send_object_removed
E/MTPJNIInterface(11951): In MTPJNIINterface onReceive:com.android.MTP.OBJECT_REMOVED
E/MTPJNIInterface(11951): ***** file path of  sendObjectRemoved 
E/MtpServerJNI( 2102): server is null in send_object_removed
E/MTPJNIInterface(11951): In MTPJNIINterface onReceive:com.android.MTP.OBJECT_REMOVED
E/MTPJNIInterface(11951): ***** file path of  sendObjectRemoved 
E/MtpServerJNI( 2102): server is null in send_object_removed
E/MTPJNIInterface(11951): In MTPJNIINterface onReceive:com.android.MTP.OBJECT_REMOVED
E/MTPJNIInterface(11951): ***** file path of  sendObjectRemoved 
E/MtpServerJNI( 2102): server is null in send_object_removed
E/MTPJNIInterface(11951): In MTPJNIINterface onReceive:com.android.MTP.OBJECT_REMOVED
E/MTPJNIInterface(11951): ***** file path of  sendObjectRemoved 
E/MtpServerJNI( 2102): server is null in send_object_removed
E/MTPJNIInterface(11951): In MTPJNIINterface onReceive:com.android.MTP.OBJECT_REMOVED
E/MTPJNIInterface(11951): ***** file path of  sendObjectRemoved 
I/art     ( 1036): Explicit concurrent mark sweep GC freed 10792(488KB) AllocSpace objects, 2(32KB) LOS objects, 23% free, 50MB/66MB, paused 1.490ms total 117.796ms
E/MtpServerJNI( 2102): server is null in send_object_removed
E/MTPJNIInterface(11951): In MTPJNIINterface onReceive:com.android.MTP.OBJECT_REMOVED
E/MTPJNIInterface(11951): ***** file path of  sendObjectRemoved 
E/MTPJNIInterface(11951): In MTPJNIINterface onReceive:com.android.MTP.OBJECT_REMOVED
E/MTPJNIInterface(11951): ***** file path of  sendObjectRemoved 
E/MtpServerJNI( 2102): server is null in send_object_removed
E/MtpServerJNI( 2102): server is null in send_object_removed
E/MTPJNIInterface(11951): In MTPJNIINterface onReceive:com.android.MTP.OBJECT_REMOVED
E/MTPJNIInterface(11951): ***** file path of  sendObjectRemoved 
E/MtpServerJNI( 2102): server is null in send_object_removed
E/MTPJNIInterface(11951): In MTPJNIINterface onReceive:com.android.MTP.OBJECT_REMOVED
E/MTPJNIInterface(11951): ***** file path of  sendObjectRemoved 
E/MtpServerJNI( 2102): server is null in send_object_removed
E/MTPJNIInterface(11951): In MTPJNIINterface onReceive:com.android.MTP.OBJECT_REMOVED
E/MTPJNIInterface(11951): ***** file path of  sendObjectRemoved 
E/MtpServerJNI( 2102): server is null in send_object_removed
E/MTPJNIInterface(11951): In MTPJNIINterface onReceive:com.android.MTP.OBJECT_REMOVED
E/MTPJNIInterface(11951): ***** file path of  sendObjectRemoved 
E/MtpServerJNI( 2102): server is null in send_object_removed
E/MTPJNIInterface(11951): In MTPJNIINterface onReceive:com.android.MTP.OBJECT_REMOVED
E/MTPJNIInterface(11951): ***** file path of  sendObjectRemoved 
E/MtpServerJNI( 2102): server is null in send_object_removed
E/MTPJNIInterface(11951): In MTPJNIINterface onReceive:com.android.MTP.OBJECT_REMOVED
E/MTPJNIInterface(11951): ***** file path of  sendObjectRemoved 
E/MtpServerJNI( 2102): server is null in send_object_removed
E/MTPJNIInterface(11951): In MTPJNIINterface onReceive:com.android.MTP.OBJECT_REMOVED
E/MTPJNIInterface(11951): ***** file path of  sendObjectRemoved 
E/MtpServerJNI( 2102): server is null in send_object_removed
E/MTPJNIInterface(11951): In MTPJNIINterface onReceive:com.android.MTP.OBJECT_REMOVED
E/MTPJNIInterface(11951): ***** file path of  sendObjectRemoved 
E/MtpServerJNI( 2102): server is null in send_object_removed
E/MTPJNIInterface(11951): In MTPJNIINterface onReceive:com.android.MTP.OBJECT_REMOVED
E/MTPJNIInterface(11951): ***** file path of  sendObjectRemoved 
E/MtpServerJNI( 2102): server is null in send_object_removed
E/MTPJNIInterface(11951): In MTPJNIINterface onReceive:com.android.MTP.OBJECT_REMOVED
E/MTPJNIInterface(11951): ***** file path of  sendObjectRemoved 
E/MtpServerJNI( 2102): server is null in send_object_removed
E/MTPJNIInterface(11951): In MTPJNIINterface onReceive:com.android.MTP.OBJECT_REMOVED
E/MTPJNIInterface(11951): ***** file path of  sendObjectRemoved 
E/MtpServerJNI( 2102): server is null in send_object_removed
E/MTPJNIInterface(11951): In MTPJNIINterface onReceive:com.android.MTP.OBJECT_REMOVED
E/MTPJNIInterface(11951): ***** file path of  sendObjectRemoved 
E/MtpServerJNI( 2102): server is null in send_object_removed
E/MTPJNIInterface(11951): In MTPJNIINterface onReceive:com.android.MTP.OBJECT_REMOVED
E/MTPJNIInterface(11951): ***** file path of  sendObjectRemoved 
E/MtpServerJNI( 2102): server is null in send_object_removed
E/MTPJNIInterface(11951): In MTPJNIINterface onReceive:com.android.MTP.OBJECT_REMOVED
E/MTPJNIInterface(11951): ***** file path of  sendObjectRemoved 
E/MtpServerJNI( 2102): server is null in send_object_removed
E/MTPJNIInterface(11951): In MTPJNIINterface onReceive:com.android.MTP.OBJECT_REMOVED
E/MTPJNIInterface(11951): ***** file path of  sendObjectRemoved 
E/MtpServerJNI( 2102): server is null in send_object_removed
E/MTPJNIInterface(11951): In MTPJNIINterface onReceive:com.android.MTP.OBJECT_REMOVED
E/MTPJNIInterface(11951): ***** file path of  sendObjectRemoved 
E/MtpServerJNI( 2102): server is null in send_object_removed
E/MTPJNIInterface(11951): In MTPJNIINterface onReceive:com.android.MTP.OBJECT_REMOVED
E/MTPJNIInterface(11951): ***** file path of  sendObjectRemoved 
E/MtpServerJNI( 2102): server is null in send_object_removed
E/MTPJNIInterface(11951): In MTPJNIINterface onReceive:com.android.MTP.OBJECT_REMOVED
E/MTPJNIInterface(11951): ***** file path of  sendObjectRemoved 
E/MTPJNIInterface(11951): In MTPJNIINterface onReceive:com.android.MTP.OBJECT_REMOVED
E/MTPJNIInterface(11951): ***** file path of  sendObjectRemoved 
E/MtpServerJNI( 2102): server is null in send_object_removed
E/MtpServerJNI( 2102): server is null in send_object_removed
E/MTPJNIInterface(11951): In MTPJNIINterface onReceive:com.android.MTP.OBJECT_REMOVED
E/MTPJNIInterface(11951): ***** file path of  sendObjectRemoved 
E/MtpServerJNI( 2102): server is null in send_object_removed
E/MTPJNIInterface(11951): In MTPJNIINterface onReceive:com.android.MTP.OBJECT_REMOVED
E/MTPJNIInterface(11951): ***** file path of  sendObjectRemoved 
E/MTPJNIInterface(11951): In MTPJNIINterface onReceive:com.android.MTP.OBJECT_REMOVED
E/MTPJNIInterface(11951): ***** file path of  sendObjectRemoved 
E/MtpServerJNI( 2102): server is null in send_object_removed
E/MtpServerJNI( 2102): server is null in send_object_removed
E/MTPJNIInterface(11951): In MTPJNIINterface onReceive:com.android.MTP.OBJECT_REMOVED
E/MTPJNIInterface(11951): ***** file path of  sendObjectRemoved 
E/MtpServerJNI( 2102): server is null in send_object_removed
E/MTPJNIInterface(11951): In MTPJNIINterface onReceive:com.android.MTP.OBJECT_REMOVED
E/MTPJNIInterface(11951): ***** file path of  sendObjectRemoved 
E/MtpServerJNI( 2102): server is null in send_object_removed
E/MTPJNIInterface(11951): In MTPJNIINterface onReceive:com.android.MTP.OBJECT_REMOVED
E/MTPJNIInterface(11951): ***** file path of  sendObjectRemoved 
E/MtpServerJNI( 2102): server is null in send_object_removed
E/MTPJNIInterface(11951): In MTPJNIINterface onReceive:com.android.MTP.OBJECT_REMOVED
E/MTPJNIInterface(11951): ***** file path of  sendObjectRemoved 
E/MtpServerJNI( 2102): server is null in send_object_removed
E/MTPJNIInterface(11951): In MTPJNIINterface onReceive:com.android.MTP.OBJECT_REMOVED
E/MTPJNIInterface(11951): ***** file path of  sendObjectRemoved 
E/MtpServerJNI( 2102): server is null in send_object_removed
E/MTPJNIInterface(11951): In MTPJNIINterface onReceive:com.android.MTP.OBJECT_REMOVED
E/MTPJNIInterface(11951): ***** file path of  sendObjectRemoved 
E/MtpServerJNI( 2102): server is null in send_object_removed
E/MTPJNIInterface(11951): In MTPJNIINterface onReceive:com.android.MTP.OBJECT_REMOVED
E/MTPJNIInterface(11951): ***** file path of  sendObjectRemoved 
D/MediaProvider( 2102): delete(): call deleteImagesDCM
E/MtpServerJNI( 2102): server is null in send_object_removed
E/MTPJNIInterface(11951): In MTPJNIINterface onReceive:com.android.MTP.OBJECT_REMOVED
E/MTPJNIInterface(11951): ***** file path of  sendObjectRemoved 
E/MtpServerJNI( 2102): server is null in send_object_removed
E/MTPJNIInterface(11951): In MTPJNIINterface onReceive:com.android.MTP.OBJECT_REMOVED
E/MTPJNIInterface(11951): ***** file path of  sendObjectRemoved 
E/MtpServerJNI( 2102): server is null in send_object_removed
E/MTPJNIInterface(11951): In MTPJNIINterface onReceive:com.android.MTP.OBJECT_REMOVED
E/MTPJNIInterface(11951): ***** file path of  sendObjectRemoved 
E/MtpServerJNI( 2102): server is null in send_object_removed
E/MTPJNIInterface(11951): In MTPJNIINterface onReceive:com.android.MTP.OBJECT_REMOVED
E/MTPJNIInterface(11951): ***** file path of  sendObjectRemoved 
E/MtpServerJNI( 2102): server is null in send_object_removed
E/MTPJNIInterface(11951): In MTPJNIINterface onReceive:com.android.MTP.OBJECT_REMOVED
E/MTPJNIInterface(11951): ***** file path of  sendObjectRemoved 
E/MTPJNIInterface(11951): In MTPJNIINterface onReceive:com.android.MTP.OBJECT_REMOVED
E/MtpServerJNI( 2102): server is null in send_object_removed
E/MTPJNIInterface(11951): ***** file path of  sendObjectRemoved 
E/MtpServerJNI( 2102): server is null in send_object_removed
E/MTPJNIInterface(11951): In MTPJNIINterface onReceive:com.android.MTP.OBJECT_REMOVED
E/MTPJNIInterface(11951): ***** file path of  sendObjectRemoved 
E/MtpServerJNI( 2102): server is null in send_object_removed
E/MTPJNIInterface(11951): In MTPJNIINterface onReceive:com.android.MTP.OBJECT_REMOVED
E/MTPJNIInterface(11951): ***** file path of  sendObjectRemoved 
E/MtpServerJNI( 2102): server is null in send_object_removed
E/MTPJNIInterface(11951): In MTPJNIINterface onReceive:com.android.MTP.OBJECT_REMOVED
E/MTPJNIInterface(11951): ***** file path of  sendObjectRemoved 
E/MtpServerJNI( 2102): server is null in send_object_removed
E/MTPJNIInterface(11951): In MTPJNIINterface onReceive:com.android.MTP.OBJECT_REMOVED
E/MTPJNIInterface(11951): ***** file path of  sendObjectRemoved 
E/MtpServerJNI( 2102): server is null in send_object_removed
E/MTPJNIInterface(11951): In MTPJNIINterface onReceive:com.android.MTP.OBJECT_REMOVED
E/MTPJNIInterface(11951): ***** file path of  sendObjectRemoved 
E/MtpServerJNI( 2102): server is null in send_object_removed
E/MTPJNIInterface(11951): In MTPJNIINterface onReceive:com.android.MTP.OBJECT_REMOVED
E/MTPJNIInterface(11951): ***** file path of  sendObjectRemoved 
E/MtpServerJNI( 2102): server is null in send_object_removed
E/MTPJNIInterface(11951): In MTPJNIINterface onReceive:com.android.MTP.OBJECT_REMOVED
E/MTPJNIInterface(11951): ***** file path of  sendObjectRemoved 
E/MtpServerJNI( 2102): server is null in send_object_removed
E/MTPJNIInterface(11951): In MTPJNIINterface onReceive:com.android.MTP.OBJECT_REMOVED
E/MTPJNIInterface(11951): ***** file path of  sendObjectRemoved 
E/MtpServerJNI( 2102): server is null in send_object_removed
E/MTPJNIInterface(11951): In MTPJNIINterface onReceive:com.android.MTP.OBJECT_REMOVED
E/MTPJNIInterface(11951): ***** file path of  sendObjectRemoved 
E/MtpServerJNI( 2102): server is null in send_object_removed
E/MTPJNIInterface(11951): In MTPJNIINterface onReceive:com.android.MTP.OBJECT_REMOVED
E/MTPJNIInterface(11951): ***** file path of  sendObjectRemoved 
E/MtpServerJNI( 2102): server is null in send_object_removed
E/MTPJNIInterface(11951): In MTPJNIINterface onReceive:com.android.MTP.OBJECT_REMOVED
E/MTPJNIInterface(11951): ***** file path of  sendObjectRemoved 
E/MtpServerJNI( 2102): server is null in send_object_removed
E/MTPJNIInterface(11951): In MTPJNIINterface onReceive:com.android.MTP.OBJECT_REMOVED
E/MTPJNIInterface(11951): ***** file path of  sendObjectRemoved 
E/MtpServerJNI( 2102): server is null in send_object_removed
E/MTPJNIInterface(11951): In MTPJNIINterface onReceive:com.android.MTP.OBJECT_REMOVED
E/MTPJNIInterface(11951): ***** file path of  sendObjectRemoved 
V/MediaScanner( 2102): processDirectory :  /storage/emulated/0
D/MediaScanner( 2102): Skipping:
D/MediaScanner( 2102): 7klwibgf7fvntblfd7(75ebcf7
D/MediaScanner( 2102): Skipping:
D/MediaScanner( 2102): 7klwibgf7fvntblfd7(7DCRV75lpnvaubrtk7
D/MediaScanner( 2102): Skipping:
D/MediaScanner( 2102): 7klwibgf7fvntblfd7(7Budiwrd7dblb7
D/MediaProvider( 2102): bulkInsert started
D/MediaProvider( 2102): bulkInsert finished
E/MtpServerJNI( 2102): server is null in send_object_added
E/MTPJNIInterface(11951): In MTPJNIINterface onReceive:com.android.MTP.OBJECT_ADDED
E/MtpServerJNI( 2102): server is null in send_object_added
E/MTPJNIInterface(11951): ***** file path of  sendObjectAdded 
E/MTPJNIInterface(11951): In MTPJNIINterface onReceive:com.android.MTP.OBJECT_ADDED
E/MTPJNIInterface(11951): ***** file path of  sendObjectAdded 
E/MtpServerJNI( 2102): server is null in send_object_added
E/MTPJNIInterface(11951): In MTPJNIINterface onReceive:com.android.MTP.OBJECT_ADDED
E/MTPJNIInterface(11951): ***** file path of  sendObjectAdded 
E/MTPJNIInterface(11951): In MTPJNIINterface onReceive:com.android.MTP.OBJECT_ADDED
E/MTPJNIInterface(11951): ***** file path of  sendObjectAdded 
E/MtpServerJNI( 2102): server is null in send_object_added
E/MtpServerJNI( 2102): server is null in send_object_added
E/MTPJNIInterface(11951): In MTPJNIINterface onReceive:com.android.MTP.OBJECT_ADDED
E/MTPJNIInterface(11951): ***** file path of  sendObjectAdded 
E/MtpServerJNI( 2102): server is null in send_object_added
E/MTPJNIInterface(11951): In MTPJNIINterface onReceive:com.android.MTP.OBJECT_ADDED
E/MTPJNIInterface(11951): ***** file path of  sendObjectAdded 
E/MtpServerJNI( 2102): server is null in send_object_added
E/MTPJNIInterface(11951): In MTPJNIINterface onReceive:com.android.MTP.OBJECT_ADDED
E/MTPJNIInterface(11951): ***** file path of  sendObjectAdded 
E/MtpServerJNI( 2102): server is null in send_object_added
E/MTPJNIInterface(11951): In MTPJNIINterface onReceive:com.android.MTP.OBJECT_ADDED
E/MTPJNIInterface(11951): ***** file path of  sendObjectAdded 
E/MtpServerJNI( 2102): server is null in send_object_added
E/MTPJNIInterface(11951): In MTPJNIINterface onReceive:com.android.MTP.OBJECT_ADDED
E/MTPJNIInterface(11951): ***** file path of  sendObjectAdded 
E/MtpServerJNI( 2102): server is null in send_object_added
E/MTPJNIInterface(11951): In MTPJNIINterface onReceive:com.android.MTP.OBJECT_ADDED
E/MTPJNIInterface(11951): ***** file path of  sendObjectAdded 
E/MtpServerJNI( 2102): server is null in send_object_added
E/MTPJNIInterface(11951): In MTPJNIINterface onReceive:com.android.MTP.OBJECT_ADDED
E/MTPJNIInterface(11951): ***** file path of  sendObjectAdded 
E/MtpServerJNI( 2102): server is null in send_object_added
E/MTPJNIInterface(11951): In MTPJNIINterface onReceive:com.android.MTP.OBJECT_ADDED
E/MTPJNIInterface(11951): ***** file path of  sendObjectAdded 
E/MtpServerJNI( 2102): server is null in send_object_added
E/MTPJNIInterface(11951): In MTPJNIINterface onReceive:com.android.MTP.OBJECT_ADDED
E/MTPJNIInterface(11951): ***** file path of  sendObjectAdded 
E/MtpServerJNI( 2102): server is null in send_object_added
E/MTPJNIInterface(11951): In MTPJNIINterface onReceive:com.android.MTP.OBJECT_ADDED
E/MTPJNIInterface(11951): ***** file path of  sendObjectAdded 
E/MtpServerJNI( 2102): server is null in send_object_added
E/MTPJNIInterface(11951): In MTPJNIINterface onReceive:com.android.MTP.OBJECT_ADDED
E/MTPJNIInterface(11951): ***** file path of  sendObjectAdded 
E/MtpServerJNI( 2102): server is null in send_object_added
E/MTPJNIInterface(11951): In MTPJNIINterface onReceive:com.android.MTP.OBJECT_ADDED
E/MTPJNIInterface(11951): ***** file path of  sendObjectAdded 
E/MtpServerJNI( 2102): server is null in send_object_added
E/MTPJNIInterface(11951): In MTPJNIINterface onReceive:com.android.MTP.OBJECT_ADDED
E/MTPJNIInterface(11951): ***** file path of  sendObjectAdded 
E/MtpServerJNI( 2102): server is null in send_object_added
E/MTPJNIInterface(11951): In MTPJNIINterface onReceive:com.android.MTP.OBJECT_ADDED
E/MTPJNIInterface(11951): ***** file path of  sendObjectAdded 
E/MtpServerJNI( 2102): server is null in send_object_added
E/MTPJNIInterface(11951): In MTPJNIINterface onReceive:com.android.MTP.OBJECT_ADDED
E/MTPJNIInterface(11951): ***** file path of  sendObjectAdded 
E/MtpServerJNI( 2102): server is null in send_object_added
E/MTPJNIInterface(11951): In MTPJNIINterface onReceive:com.android.MTP.OBJECT_ADDED
E/MTPJNIInterface(11951): ***** file path of  sendObjectAdded 
E/MtpServerJNI( 2102): server is null in send_object_added
E/MTPJNIInterface(11951): In MTPJNIINterface onReceive:com.android.MTP.OBJECT_ADDED
E/MTPJNIInterface(11951): ***** file path of  sendObjectAdded 
E/MtpServerJNI( 2102): server is null in send_object_added
E/MTPJNIInterface(11951): In MTPJNIINterface onReceive:com.android.MTP.OBJECT_ADDED
E/MTPJNIInterface(11951): ***** file path of  sendObjectAdded 
E/MtpServerJNI( 2102): server is null in send_object_added
E/MTPJNIInterface(11951): In MTPJNIINterface onReceive:com.android.MTP.OBJECT_ADDED
E/MTPJNIInterface(11951): ***** file path of  sendObjectAdded 
D/MediaProvider( 2102): bulkInsert started
D/MediaProvider( 2102): bulkInsert finished
E/MtpServerJNI( 2102): server is null in send_object_added
E/MTPJNIInterface(11951): In MTPJNIINterface onReceive:com.android.MTP.OBJECT_ADDED
E/MTPJNIInterface(11951): ***** file path of  sendObjectAdded 
E/MtpServerJNI( 2102): server is null in send_object_added
E/MTPJNIInterface(11951): In MTPJNIINterface onReceive:com.android.MTP.OBJECT_ADDED
E/MTPJNIInterface(11951): ***** file path of  sendObjectAdded 
E/MtpServerJNI( 2102): server is null in send_object_added
E/MTPJNIInterface(11951): In MTPJNIINterface onReceive:com.android.MTP.OBJECT_ADDED
E/MTPJNIInterface(11951): ***** file path of  sendObjectAdded 
E/MtpServerJNI( 2102): server is null in send_object_added
E/MTPJNIInterface(11951): In MTPJNIINterface onReceive:com.android.MTP.OBJECT_ADDED
E/MTPJNIInterface(11951): ***** file path of  sendObjectAdded 
E/MtpServerJNI( 2102): server is null in send_object_added
E/MTPJNIInterface(11951): In MTPJNIINterface onReceive:com.android.MTP.OBJECT_ADDED
E/MTPJNIInterface(11951): ***** file path of  sendObjectAdded 
E/MtpServerJNI( 2102): server is null in send_object_added
E/MTPJNIInterface(11951): In MTPJNIINterface onReceive:com.android.MTP.OBJECT_ADDED
E/MTPJNIInterface(11951): ***** file path of  sendObjectAdded 
E/MtpServerJNI( 2102): server is null in send_object_added
E/MTPJNIInterface(11951): In MTPJNIINterface onReceive:com.android.MTP.OBJECT_ADDED
E/MTPJNIInterface(11951): ***** file path of  sendObjectAdded 
E/MtpServerJNI( 2102): server is null in send_object_added
E/MTPJNIInterface(11951): In MTPJNIINterface onReceive:com.android.MTP.OBJECT_ADDED
E/MTPJNIInterface(11951): ***** file path of  sendObjectAdded 
E/MtpServerJNI( 2102): server is null in send_object_added
E/MTPJNIInterface(11951): In MTPJNIINterface onReceive:com.android.MTP.OBJECT_ADDED
E/MTPJNIInterface(11951): ***** file path of  sendObjectAdded 
E/MtpServerJNI( 2102): server is null in send_object_added
E/MTPJNIInterface(11951): In MTPJNIINterface onReceive:com.android.MTP.OBJECT_ADDED
E/MTPJNIInterface(11951): ***** file path of  sendObjectAdded 
E/MtpServerJNI( 2102): server is null in send_object_added
E/MTPJNIInterface(11951): In MTPJNIINterface onReceive:com.android.MTP.OBJECT_ADDED
E/MTPJNIInterface(11951): ***** file path of  sendObjectAdded 
E/MtpServerJNI( 2102): server is null in send_object_added
E/MTPJNIInterface(11951): In MTPJNIINterface onReceive:com.android.MTP.OBJECT_ADDED
E/MTPJNIInterface(11951): ***** file path of  sendObjectAdded 
E/MtpServerJNI( 2102): server is null in send_object_added
E/MTPJNIInterface(11951): In MTPJNIINterface onReceive:com.android.MTP.OBJECT_ADDED
E/MTPJNIInterface(11951): ***** file path of  sendObjectAdded 
E/MtpServerJNI( 2102): server is null in send_object_added
E/MTPJNIInterface(11951): In MTPJNIINterface onReceive:com.android.MTP.OBJECT_ADDED
E/MTPJNIInterface(11951): ***** file path of  sendObjectAdded 
E/MtpServerJNI( 2102): server is null in send_object_added
E/MTPJNIInterface(11951): In MTPJNIINterface onReceive:com.android.MTP.OBJECT_ADDED
E/MTPJNIInterface(11951): ***** file path of  sendObjectAdded 
E/MtpServerJNI( 2102): server is null in send_object_added
E/MTPJNIInterface(11951): In MTPJNIINterface onReceive:com.android.MTP.OBJECT_ADDED
E/MTPJNIInterface(11951): ***** file path of  sendObjectAdded 
E/MtpServerJNI( 2102): server is null in send_object_added
E/MTPJNIInterface(11951): In MTPJNIINterface onReceive:com.android.MTP.OBJECT_ADDED
E/MTPJNIInterface(11951): ***** file path of  sendObjectAdded 
E/MtpServerJNI( 2102): server is null in send_object_added
E/MTPJNIInterface(11951): In MTPJNIINterface onReceive:com.android.MTP.OBJECT_ADDED
E/MTPJNIInterface(11951): ***** file path of  sendObjectAdded 
E/MtpServerJNI( 2102): server is null in send_object_added
E/MTPJNIInterface(11951): In MTPJNIINterface onReceive:com.android.MTP.OBJECT_ADDED
E/MTPJNIInterface(11951): ***** file path of  sendObjectAdded 
E/MtpServerJNI( 2102): server is null in send_object_added
E/MTPJNIInterface(11951): In MTPJNIINterface onReceive:com.android.MTP.OBJECT_ADDED
E/MTPJNIInterface(11951): ***** file path of  sendObjectAdded 
E/MtpServerJNI( 2102): server is null in send_object_added
E/MTPJNIInterface(11951): In MTPJNIINterface onReceive:com.android.MTP.OBJECT_ADDED
E/MTPJNIInterface(11951): ***** file path of  sendObjectAdded 
I/art     ( 1036): Explicit concurrent mark sweep GC freed 31993(1295KB) AllocSpace objects, 0(0B) LOS objects, 23% free, 50MB/66MB, paused 1.383ms total 106.092ms
E/MTPJNIInterface(11951): In MTPJNIINterface onReceive:com.android.MTP.OBJECT_ADDED
E/MTPJNIInterface(11951): ***** file path of  sendObjectAdded 
E/MtpServerJNI( 2102): server is null in send_object_added
E/MtpServerJNI( 2102): server is null in send_object_added
E/MTPJNIInterface(11951): In MTPJNIINterface onReceive:com.android.MTP.OBJECT_ADDED
E/MTPJNIInterface(11951): ***** file path of  sendObjectAdded 
E/MTPJNIInterface(11951): In MTPJNIINterface onReceive:com.android.MTP.OBJECT_ADDED
E/MTPJNIInterface(11951): ***** file path of  sendObjectAdded 
E/MtpServerJNI( 2102): server is null in send_object_added
E/MtpServerJNI( 2102): server is null in send_object_added
E/MTPJNIInterface(11951): In MTPJNIINterface onReceive:com.android.MTP.OBJECT_ADDED
E/MTPJNIInterface(11951): ***** file path of  sendObjectAdded 
E/MtpServerJNI( 2102): server is null in send_object_added
E/MTPJNIInterface(11951): In MTPJNIINterface onReceive:com.android.MTP.OBJECT_ADDED
E/MTPJNIInterface(11951): ***** file path of  sendObjectAdded 
E/MtpServerJNI( 2102): server is null in send_object_added
E/MTPJNIInterface(11951): In MTPJNIINterface onReceive:com.android.MTP.OBJECT_ADDED
E/MTPJNIInterface(11951): ***** file path of  sendObjectAdded 
E/MtpServerJNI( 2102): server is null in send_object_added
E/MTPJNIInterface(11951): In MTPJNIINterface onReceive:com.android.MTP.OBJECT_ADDED
E/MTPJNIInterface(11951): ***** file path of  sendObjectAdded 
E/MTPJNIInterface(11951): In MTPJNIINterface onReceive:com.android.MTP.OBJECT_ADDED
E/MtpServerJNI( 2102): server is null in send_object_added
E/MTPJNIInterface(11951): ***** file path of  sendObjectAdded 
E/MtpServerJNI( 2102): server is null in send_object_added
E/MTPJNIInterface(11951): In MTPJNIINterface onReceive:com.android.MTP.OBJECT_ADDED
E/MTPJNIInterface(11951): ***** file path of  sendObjectAdded 
E/MtpServerJNI( 2102): server is null in send_object_added
E/MTPJNIInterface(11951): In MTPJNIINterface onReceive:com.android.MTP.OBJECT_ADDED
E/MTPJNIInterface(11951): ***** file path of  sendObjectAdded 
E/MtpServerJNI( 2102): server is null in send_object_added
E/MTPJNIInterface(11951): In MTPJNIINterface onReceive:com.android.MTP.OBJECT_ADDED
E/MTPJNIInterface(11951): ***** file path of  sendObjectAdded 
E/MtpServerJNI( 2102): server is null in send_object_added
E/MTPJNIInterface(11951): In MTPJNIINterface onReceive:com.android.MTP.OBJECT_ADDED
E/MTPJNIInterface(11951): ***** file path of  sendObjectAdded 
E/MtpServerJNI( 2102): server is null in send_object_added
E/MTPJNIInterface(11951): In MTPJNIINterface onReceive:com.android.MTP.OBJECT_ADDED
E/MTPJNIInterface(11951): ***** file path of  sendObjectAdded 
E/MtpServerJNI( 2102): server is null in send_object_added
E/MTPJNIInterface(11951): In MTPJNIINterface onReceive:com.android.MTP.OBJECT_ADDED
E/MTPJNIInterface(11951): ***** file path of  sendObjectAdded 
E/MtpServerJNI( 2102): server is null in send_object_added
E/MTPJNIInterface(11951): In MTPJNIINterface onReceive:com.android.MTP.OBJECT_ADDED
E/MTPJNIInterface(11951): ***** file path of  sendObjectAdded 
E/MtpServerJNI( 2102): server is null in send_object_added
E/MTPJNIInterface(11951): In MTPJNIINterface onReceive:com.android.MTP.OBJECT_ADDED
E/MTPJNIInterface(11951): ***** file path of  sendObjectAdded 
E/MtpServerJNI( 2102): server is null in send_object_added
E/MTPJNIInterface(11951): In MTPJNIINterface onReceive:com.android.MTP.OBJECT_ADDED
E/MTPJNIInterface(11951): ***** file path of  sendObjectAdded 
E/MtpServerJNI( 2102): server is null in send_object_added
E/MTPJNIInterface(11951): In MTPJNIINterface onReceive:com.android.MTP.OBJECT_ADDED
E/MTPJNIInterface(11951): ***** file path of  sendObjectAdded 
E/MtpServerJNI( 2102): server is null in send_object_added
E/MTPJNIInterface(11951): In MTPJNIINterface onReceive:com.android.MTP.OBJECT_ADDED
E/MTPJNIInterface(11951): ***** file path of  sendObjectAdded 
E/MtpServerJNI( 2102): server is null in send_object_added
E/MTPJNIInterface(11951): In MTPJNIINterface onReceive:com.android.MTP.OBJECT_ADDED
E/MTPJNIInterface(11951): ***** file path of  sendObjectAdded 
E/MtpServerJNI( 2102): server is null in send_object_added
E/MTPJNIInterface(11951): In MTPJNIINterface onReceive:com.android.MTP.OBJECT_ADDED
E/MTPJNIInterface(11951): ***** file path of  sendObjectAdded 
E/MtpServerJNI( 2102): server is null in send_object_added
E/MTPJNIInterface(11951): In MTPJNIINterface onReceive:com.android.MTP.OBJECT_ADDED
E/MTPJNIInterface(11951): ***** file path of  sendObjectAdded 
E/MtpServerJNI( 2102): server is null in send_object_added
E/MTPJNIInterface(11951): In MTPJNIINterface onReceive:com.android.MTP.OBJECT_ADDED
E/MTPJNIInterface(11951): ***** file path of  sendObjectAdded 
E/MtpServerJNI( 2102): server is null in send_object_added
E/MTPJNIInterface(11951): In MTPJNIINterface onReceive:com.android.MTP.OBJECT_ADDED
E/MTPJNIInterface(11951): ***** file path of  sendObjectAdded 
E/MtpServerJNI( 2102): server is null in send_object_added
E/MTPJNIInterface(11951): In MTPJNIINterface onReceive:com.android.MTP.OBJECT_ADDED
E/MTPJNIInterface(11951): ***** file path of  sendObjectAdded 
E/MtpServerJNI( 2102): server is null in send_object_added
E/MTPJNIInterface(11951): In MTPJNIINterface onReceive:com.android.MTP.OBJECT_ADDED
E/MTPJNIInterface(11951): ***** file path of  sendObjectAdded 
E/MtpServerJNI( 2102): server is null in send_object_added
E/MTPJNIInterface(11951): In MTPJNIINterface onReceive:com.android.MTP.OBJECT_ADDED
E/MTPJNIInterface(11951): ***** file path of  sendObjectAdded 
E/MtpServerJNI( 2102): server is null in send_object_added
E/MTPJNIInterface(11951): In MTPJNIINterface onReceive:com.android.MTP.OBJECT_ADDED
E/MTPJNIInterface(11951): ***** file path of  sendObjectAdded 
E/MtpServerJNI( 2102): server is null in send_object_added
E/MTPJNIInterface(11951): In MTPJNIINterface onReceive:com.android.MTP.OBJECT_ADDED
E/MTPJNIInterface(11951): ***** file path of  sendObjectAdded 
E/MtpServerJNI( 2102): server is null in send_object_added
E/MTPJNIInterface(11951): In MTPJNIINterface onReceive:com.android.MTP.OBJECT_ADDED
E/MTPJNIInterface(11951): ***** file path of  sendObjectAdded 
E/MtpServerJNI( 2102): server is null in send_object_added
E/MTPJNIInterface(11951): In MTPJNIINterface onReceive:com.android.MTP.OBJECT_ADDED
E/MTPJNIInterface(11951): ***** file path of  sendObjectAdded 
E/MtpServerJNI( 2102): server is null in send_object_added
E/MTPJNIInterface(11951): In MTPJNIINterface onReceive:com.android.MTP.OBJECT_ADDED
E/MTPJNIInterface(11951): ***** file path of  sendObjectAdded 
E/MtpServerJNI( 2102): server is null in send_object_added
E/MTPJNIInterface(11951): In MTPJNIINterface onReceive:com.android.MTP.OBJECT_ADDED
E/MTPJNIInterface(11951): ***** file path of  sendObjectAdded 
E/MtpServerJNI( 2102): server is null in send_object_added
E/MTPJNIInterface(11951): In MTPJNIINterface onReceive:com.android.MTP.OBJECT_ADDED
E/MTPJNIInterface(11951): ***** file path of  sendObjectAdded 
E/MTPJNIInterface(11951): In MTPJNIINterface onReceive:com.android.MTP.OBJECT_ADDED
E/MTPJNIInterface(11951): ***** file path of  sendObjectAdded 
E/MtpServerJNI( 2102): server is null in send_object_added
E/MtpServerJNI( 2102): server is null in send_object_added
E/MTPJNIInterface(11951): In MTPJNIINterface onReceive:com.android.MTP.OBJECT_ADDED
E/MTPJNIInterface(11951): ***** file path of  sendObjectAdded 
E/MtpServerJNI( 2102): server is null in send_object_added
E/MTPJNIInterface(11951): In MTPJNIINterface onReceive:com.android.MTP.OBJECT_ADDED
E/MTPJNIInterface(11951): ***** file path of  sendObjectAdded 
E/MtpServerJNI( 2102): server is null in send_object_added
E/MTPJNIInterface(11951): In MTPJNIINterface onReceive:com.android.MTP.OBJECT_ADDED
E/MTPJNIInterface(11951): ***** file path of  sendObjectAdded 
E/MtpServerJNI( 2102): server is null in send_object_added
E/MTPJNIInterface(11951): In MTPJNIINterface onReceive:com.android.MTP.OBJECT_ADDED
E/MTPJNIInterface(11951): ***** file path of  sendObjectAdded 
E/MtpServerJNI( 2102): server is null in send_object_added
E/MTPJNIInterface(11951): In MTPJNIINterface onReceive:com.android.MTP.OBJECT_ADDED
E/MTPJNIInterface(11951): ***** file path of  sendObjectAdded 
E/MTPJNIInterface(11951): In MTPJNIINterface onReceive:com.android.MTP.OBJECT_ADDED
E/MTPJNIInterface(11951): ***** file path of  sendObjectAdded 
E/MtpServerJNI( 2102): server is null in send_object_added
E/MtpServerJNI( 2102): server is null in send_object_added
E/MTPJNIInterface(11951): In MTPJNIINterface onReceive:com.android.MTP.OBJECT_ADDED
E/MTPJNIInterface(11951): ***** file path of  sendObjectAdded 
E/MTPJNIInterface(11951): In MTPJNIINterface onReceive:com.android.MTP.OBJECT_ADDED
E/MTPJNIInterface(11951): ***** file path of  sendObjectAdded 
E/MtpServerJNI( 2102): server is null in send_object_added
E/MtpServerJNI( 2102): server is null in send_object_added
E/MTPJNIInterface(11951): In MTPJNIINterface onReceive:com.android.MTP.OBJECT_ADDED
E/MTPJNIInterface(11951): ***** file path of  sendObjectAdded 
E/MtpServerJNI( 2102): server is null in send_object_added
E/MTPJNIInterface(11951): In MTPJNIINterface onReceive:com.android.MTP.OBJECT_ADDED
E/MTPJNIInterface(11951): ***** file path of  sendObjectAdded 
E/MtpServerJNI( 2102): server is null in send_object_added
E/MTPJNIInterface(11951): In MTPJNIINterface onReceive:com.android.MTP.OBJECT_ADDED
E/MTPJNIInterface(11951): ***** file path of  sendObjectAdded 
E/MtpServerJNI( 2102): server is null in send_object_added
E/MTPJNIInterface(11951): In MTPJNIINterface onReceive:com.android.MTP.OBJECT_ADDED
E/MTPJNIInterface(11951): ***** file path of  sendObjectAdded 
E/MtpServerJNI( 2102): server is null in send_object_added
E/MTPJNIInterface(11951): In MTPJNIINterface onReceive:com.android.MTP.OBJECT_ADDED
E/MTPJNIInterface(11951): ***** file path of  sendObjectAdded 
E/MtpServerJNI( 2102): server is null in send_object_added
E/MTPJNIInterface(11951): In MTPJNIINterface onReceive:com.android.MTP.OBJECT_ADDED
E/MTPJNIInterface(11951): ***** file path of  sendObjectAdded 
E/MtpServerJNI( 2102): server is null in send_object_added
E/MTPJNIInterface(11951): In MTPJNIINterface onReceive:com.android.MTP.OBJECT_ADDED
E/MTPJNIInterface(11951): ***** file path of  sendObjectAdded 
E/MtpServerJNI( 2102): server is null in send_object_added
E/MTPJNIInterface(11951): In MTPJNIINterface onReceive:com.android.MTP.OBJECT_ADDED
E/MTPJNIInterface(11951): ***** file path of  sendObjectAdded 
E/MtpServerJNI( 2102): server is null in send_object_added
E/MTPJNIInterface(11951): In MTPJNIINterface onReceive:com.android.MTP.OBJECT_ADDED
E/MTPJNIInterface(11951): ***** file path of  sendObjectAdded 
E/MtpServerJNI( 2102): server is null in send_object_added
E/MTPJNIInterface(11951): In MTPJNIINterface onReceive:com.android.MTP.OBJECT_ADDED
E/MTPJNIInterface(11951): ***** file path of  sendObjectAdded 
E/MtpServerJNI( 2102): server is null in send_object_added
E/MTPJNIInterface(11951): In MTPJNIINterface onReceive:com.android.MTP.OBJECT_ADDED
E/MTPJNIInterface(11951): ***** file path of  sendObjectAdded 
E/MtpServerJNI( 2102): server is null in send_object_added
E/MTPJNIInterface(11951): In MTPJNIINterface onReceive:com.android.MTP.OBJECT_ADDED
E/MTPJNIInterface(11951): ***** file path of  sendObjectAdded 
E/MtpServerJNI( 2102): server is null in send_object_added
E/MTPJNIInterface(11951): In MTPJNIINterface onReceive:com.android.MTP.OBJECT_ADDED
E/MTPJNIInterface(11951): ***** file path of  sendObjectAdded 
E/MtpServerJNI( 2102): server is null in send_object_added
