I/Sensors ( 1036): StepCounterSensor - 990
W/MessageQueue( 3701): Handler (android.telephony.PhoneStateListener$2) {2562ad9f} sending message to a Handler on a dead thread
W/MessageQueue( 3701): java.lang.IllegalStateException: Handler (android.telephony.PhoneStateListener$2) {2562ad9f} sending message to a Handler on a dead thread
W/MessageQueue( 3701): 	at android.os.MessageQueue.enqueueMessage(MessageQueue.java:325)
W/MessageQueue( 3701): 	at android.os.Handler.enqueueMessage(Handler.java:631)
W/MessageQueue( 3701): 	at android.os.Handler.sendMessageAtTime(Handler.java:600)
W/MessageQueue( 3701): 	at android.os.Handler.sendMessageDelayed(Handler.java:570)
W/MessageQueue( 3701): 	at android.os.Handler.sendMessage(Handler.java:507)
W/MessageQueue( 3701): 	at android.os.Message.sendToTarget(Message.java:416)
W/MessageQueue( 3701): 	at android.telephony.PhoneStateListener$3.onSignalStrengthsChanged(PhoneStateListener.java:657)
W/MessageQueue( 3701): 	at com.android.internal.telephony.IPhoneStateListener$Stub.onTransact(IPhoneStateListener.java:133)
W/MessageQueue( 3701): 	at android.os.Binder.execTransact(Binder.java:446)
D/cell strength( 1726): ===== cell singal strength changed : 11
D/StatusBar.MSimNetworkController( 1505): getNumberOfActiveSim:0
D/StatusBar.MSimNetworkController( 1505): getPhoneSignalIconList: mMaxLevelOfSignalStrengthIndicator = 4 inetCondition = 0
D/StatusBar.MSimNetworkController( 1505): updateTelephonySignalStrength: iconLevel=3
D/STATUSBAR-WifiQuickSettingButton( 1505): onWifiSignalChanged enabled=true enabledDesc:"ZZL-309"
D/StatusBar.MSimNetworkController( 1505): applyCU
D/StatusBar.MSimNetworkController( 1505): applyCU
D/StatusBar.MSimNetworkController( 1505): applyCU
D/StatusBar.MSimNetworkController( 1505): applyCU
D/StatusBar.MSimNetworkController( 1505): getNumberOfActiveSim:0
D/StatusBar.MSimNetworkController( 1505): getNumberOfActiveSim:0
D/StatusBar.MSimNetworkController( 1505): getPhoneSignalIconList: mMaxLevelOfSignalStrengthIndicator = 4 inetCondition = 0
D/StatusBar.MSimNetworkController( 1505): updateTelephonySignalStrength: iconLevel=3
D/STATUSBAR-WifiQuickSettingButton( 1505): onWifiSignalChanged enabled=true enabledDesc:"ZZL-309"
D/StatusBar.MSimNetworkController( 1505): applyCU
D/StatusBar.MSimNetworkController( 1505): applyCU
D/StatusBar.MSimNetworkController( 1505): applyCU
D/StatusBar.MSimNetworkController( 1505): applyCU
D/StatusBar.MSimNetworkController( 1505): getNumberOfActiveSim:0
D/KeyguardUpdateMonitor( 1505): received broadcast android.intent.action.BATTERY_CHANGED
E/MtpServerJNI( 2102): server is null in send_object_removed
D/KeyguardUpdateMonitor( 1505): handleBatteryUpdate
D/SecContentProvider2( 1036): uri = 14 selection = getSealedState
D/SecContentProvider2( 1036): mCursor = null
D/ApplicationPolicy( 1036): isStatusBarNotificationAllowedAsUser: packageName = com.tencent.android.qqdownloader,userId = 0
V/ApplicationPolicy( 1036): isApplicationStateBlocked userId 0 pkgname com.tencent.android.qqdownloader
D/StatusBar( 1505): ----- contentsUnchanged : true, bigContentsUnchanged - true, headsUpContentsUnchanged - true , publicUnchanged true
D/PersonaManager( 1505): isKioskContainerExistOnDevice
D/PersonaManager( 1505): isKioskContainerExistOnDevice
D/StatusBar( 1505): getNumberOfActiveSim:0
D/PanelView( 1505): There is/are notification(s) 
D/PanelView( 1505): There is/are notification(s) 
D/PersonaManager( 1505): isKioskContainerExistOnDevice
D/StatusBar( 1505): getNumberOfActiveSim:0
D/PanelView( 1505): There is/are notification(s) 
I/art     ( 2102): Explicit concurrent mark sweep GC freed 4629(218KB) AllocSpace objects, 0(0B) LOS objects, 40% free, 16MB/27MB, paused 329us total 14.484ms
I/art     (11951): Explicit concurrent mark sweep GC freed 11621(572KB) AllocSpace objects, 0(0B) LOS objects, 40% free, 15MB/26MB, paused 343us total 20.995ms
I/art     ( 1036): Explicit concurrent mark sweep GC freed 9619(596KB) AllocSpace objects, 0(0B) LOS objects, 23% free, 50MB/66MB, paused 1.577ms total 116.886ms
I/art     ( 2102): Explicit concurrent mark sweep GC freed 9186(356KB) AllocSpace objects, 0(0B) LOS objects, 39% free, 16MB/27MB, paused 343us total 14.730ms
D/Sensorhubs(  310): readContextData: 1, 1, 7, 0
D/SensorHubManager( 1036): onGetSensorHubDataLocked: library(4) = 1, 1, 7, 0
D/CAE     ( 1036): onGetSensorHubData(SensorHubParserProvider.java:87) - onGetSensorHubData Event [event buffer len :4], AP_WAKEUP
I/CAE     ( 1036): parse(SensorHubParserProvider.java:166) - buffer size = 4
I/CAE     ( 1036): parse(SensorHubParserProvider.java:177) - 1, 1, 7, 0,
D/CAE     ( 1036): display(ContextProvider.java:365) - ================= AUTO_ROTATION =================
I/CAE     ( 1036): display(ContextProvider.java:381) - Angle=[0]
D/SContextService( 1036): updateSContext() : event = Auto Rotation
V/WindowOrientationListener( 1036): mSContextAutoRotationListener.onSContextChanged, Rotation: 0
E/MTPJNIInterface(11951): Status for mount/Unmount :removed
E/MTPJNIInterface(11951): SDcard is not available
E/        (11951): lstat failed! errno [13] [Permission denied] [mtp_ifind_next 452]
E/        (11951): [mtp_hidden_system_volume 189] Error opening file [error = Read-only file system] 
E/MTPJNIInterface(11951): Status for mount/Unmount :removed
E/MTPJNIInterface(11951): SDcard is not available
E/SQLiteLog(11951): (21) API call with NULL database connection pointer
E/SQLiteLog(11951): (21) misuse at line 105979 of [b3bb660af9]
E/SQLiteLog(11951): (21) API call with NULL database connection pointer
E/SQLiteLog(11951): (21) misuse at line 100643 of [b3bb660af9]
E/SQLiteLog(11951): (21) API call with NULL database connection pointer
E/SQLiteLog(11951): (21) misuse at line 100643 of [b3bb660af9]
E/SQLiteLog(11951): (21) API call with NULL database connection pointer
E/SQLiteLog(11951): (21) misuse at line 105979 of [b3bb660af9]
W/MTPRx   (11951): notification from stack 2
D/        (11951): [mtp_init_device] Library open with 32 bits.
D/        (11951): [mtp_init_device] Going to open(): /dev/usb_mtp_gadget
E/        (11951): [mtp_init_device 694]  After open the MTP fd = 32 and line = 694...
D/        (11951): [mtp_init_device] IOCTL SET_MTP_USER_PID Sucesss 
E/        (11951):  [sua_support_present:1277] returning false 
D/        (11951): [mtp_init_device] b4 calling MTP_ONLY_ENABLE  ioctl coneect to host
E/        (11951): Unable to get Object Class and clearing cls 2 [int check_gadget_reset_status() 649]
E/MTPJNIInterface(11951): Getting gadget reset status0
D/DataRouter(  338): After the usb select
D/DataRouter(  338): read length is zero
D/DataRouter(  338): dr_usb_deinit
D/DataRouter(  338): dr_usb_init
E/DataRouter(  338): USB Interface is open with 0x7
D/DataRouter(  338): USB interface is now configured for usb_fd = 0x7
E/MTPRx   (11951): state from USB_STATE event DISCONNECTED
E/MTPRx   (11951): ignore this event
D/SamsungAudioService( 1036): onUEvent(device) :: USB_CONNECTION = CONNECTED
D/SecContentProvider( 1036): uri = 18 selection = isUsbMediaPlayerAvailable
E/MTPRx   (11951): state from USB_STATE event CONNECTED
E/MTPRx   (11951): In MtpReceiverandroid.hardware.usb.action.USB_STATE
D/SecContentProvider2( 1036): uri = 14 selection = getSealedState
D/SecContentProvider2( 1036): mCursor = null
D/SecContentProvider2( 1036): uri = 14 selection = getSealedUsbMassStorageState
D/SecContentProvider2( 1036): mCursor = null
V/MTPRx   (11951): sealedState: false
V/MTPRx   (11951): sealedUsbMassStorageState: false
E/MTPRx   (11951): check value of boot_completed is1
E/MTPRx   (11951): check booting is completed_sys.boot_completed
E/MTPRx   (11951): Sd-Card path/storage/extSdCard
E/MTPRx   (11951): Status for mount/Unmount :removed
E/MTPRx   (11951): SDcard is not available
W/MTPRx   (11951): value of connected istrue
W/MTPRx   (11951): value of configured isfalse
W/MTPRx   (11951): value of mtpEnabled istrue
W/MTPRx   (11951): value of ptpEnabled isfalse
E/MTPRx   (11951): Received USB_STATE with sdCardLaunch = 0
E/MTPRx   (11951): configured is false
W/Settings(11514): Setting adb_enabled has moved from android.provider.Settings.System to android.provider.Settings.Global, returning read-only value.
E/MTPRx   (11951): state from USB_STATE event CONFIGURED
D/SecContentProvider( 1036): uri = 18 selection = isUsbMediaPlayerAvailable
E/MTPRx   (11951): In MtpReceiverandroid.hardware.usb.action.USB_STATE
D/SecContentProvider2( 1036): uri = 14 selection = getSealedState
D/SecContentProvider2( 1036): mCursor = null
D/SecContentProvider2( 1036): uri = 14 selection = getSealedUsbMassStorageState
D/SecContentProvider2( 1036): mCursor = null
V/MTPRx   (11951): sealedState: false
V/MTPRx   (11951): sealedUsbMassStorageState: false
E/MTPRx   (11951): check value of boot_completed is1
E/MTPRx   (11951): check booting is completed_sys.boot_completed
E/MTPRx   (11951): Sd-Card path/storage/extSdCard
E/MTPRx   (11951): Status for mount/Unmount :removed
E/MTPRx   (11951): SDcard is not available
W/MTPRx   (11951): value of connected istrue
W/MTPRx   (11951): value of configured istrue
W/MTPRx   (11951): value of mtpEnabled istrue
W/MTPRx   (11951): value of ptpEnabled isfalse
E/MTPRx   (11951): Received USB_STATE with sdCardLaunch = 0
E/MTPRx   (11951): mtpRunningStatus1
E/MTPRx   (11951): MTP already launched. So return.
W/Settings(11514): Setting adb_enabled has moved from android.provider.Settings.System to android.provider.Settings.Global, returning read-only value.
D/MtpService( 2102): updating state; isCurrentUser=true, mMtpLocked=false
D/MtpService( 2102): addStorageLocked 65537 /storage/emulated/0
D/MtpService( 2102): updating state; isCurrentUser=true, mMtpLocked=false
D/MediaScanner( 2102): MediaScanner - mSkipList:
D/MediaScanner( 2102): 7klwibgf7fvntblfd7(7bnlwubmrdblb.(747klwibgf7fvntblfd7(7DrwDrcl+A7
D/MtpService( 2102): starting MTP server in MTP mode
E/MtpServerJNI( 2102): could not open MTP driver, errno: 2
D/MtpService( 2102): addStorageLocked 65537 /storage/emulated/0
E/MtpServerJNI( 2102): server is null in add_storage
E/MtpServerJNI( 2102): server is null in send_object_removed
E/MtpServerJNI( 2102): server is null in run
E/MtpServerJNI( 2102): server is null in cleanup
E/File    (11895): fail readDirectory() errno=2
E/File    (11895): fail readDirectory() errno=13
E/IndexParserThreadsManager(11895): Processing Parser for other files To Index.... :6
I/DocumentServiceUtils(11895): [DELETE] deleteOnlyFileIndex 
I/DocumentServiceUtils(11895): [DELETE] deleteOnlyFileIndex 
E/IndexParserThread(11895): Lucene start Indexing File:  Size in KB: 19 extenstion .txt
E/IndexParserThread(11895): Lucene start Indexing File:  Size in KB: 19 extenstion .txt
I/DocumentServiceUtils(11895): -.txt:6 Total Index count: 6 Remaining: 6 Total PDF: 0 PDF size: 0 OtherFiles Size: 40
I/DocumentServiceUtils(11895): -.txt:6 Total Index count: 6 Remaining: 6 Total PDF: 0 PDF size: 0 OtherFiles Size: 40
E/        (11951): Unable to get Object Class and clearing cls 2 [int check_gadget_reset_status() 649]
E/MTPJNIInterface(11951): Getting gadget reset status1
E/        (11951): [check_gadget_reset_status 737] gadget reset is done
D/        (11951): *****Starting mtp_io()
W/MTPRx   (11951): notification from stack 3
D/        (11951): [mtp_start_io] source_thread Creation 
D/        (11951): [mtp_start_io] sink_thread Creation 
D/        (11951): [mtp_start_io:368] sink thread created so set th_sink
D/IndexParserThread(11895): Lucene End Indexing File extension: .txt Size in KB: 19 Total Time : 331 Ovar all Time: 2919
E/IndexParserThread(11895): Lucene start Indexing File:  Size in KB: 0 extenstion .txt
I/DocumentServiceUtils(11895): -.txt:6 Total Index count: 6 Remaining: 5 Total PDF: 0 PDF size: 0 OtherFiles Size: 40
D/IndexParserThread(11895): Lucene End Indexing File extension: .txt Size in KB: 19 Total Time : 329 Ovar all Time: 2921
I/DocumentServiceUtils(11895): [DELETE] deleteOnlyFileIndex 
I/DocumentDatabaseManager(11895): Inserted Id for indexed file :133
D/IndexParserThread(11895): Lucene End Indexing File extension: .txt Size in KB: 0 Total Time : 83 Ovar all Time: 3002
E/IndexParserThread(11895): Lucene start Indexing File:  Size in KB: 2 extenstion .txt
I/DocumentServiceUtils(11895): -.txt:6 Total Index count: 6 Remaining: 3 Total PDF: 0 PDF size: 0 OtherFiles Size: 40
I/DocumentServiceUtils(11895): [DELETE] deleteOnlyFileIndex 
E/IndexParserThread(11895): Lucene start Indexing File:  Size in KB: 0 extenstion .txt
I/DocumentServiceUtils(11895): -.txt:6 Total Index count: 6 Remaining: 3 Total PDF: 0 PDF size: 0 OtherFiles Size: 40
D/IndexParserThread(11895): Lucene End Indexing File extension: .txt Size in KB: 2 Total Time : 131 Ovar all Time: 3053
I/DocumentServiceUtils(11895): [DELETE] deleteOnlyFileIndex 
E/IndexParserThread(11895): Lucene start Indexing File:  Size in KB: 0 extenstion .txt
I/DocumentServiceUtils(11895): -.txt:6 Total Index count: 6 Remaining: 1 Total PDF: 0 PDF size: 0 OtherFiles Size: 40
D/IndexParserThread(11895): Lucene End Indexing File extension: .txt Size in KB: 0 Total Time : 111 Ovar all Time: 3113
D/IndexParserThread(11895): Lucene End Indexing File extension: .txt Size in KB: 0 Total Time : 69 Ovar all Time: 3122
E/        (11895): Lucene Committing writer in AysncIndexWriter 1docCount 0
W/ContextImpl(11895): Failed to ensure directory: /storage/extSdCard/Android/data/com.samsung.indexservice/files
W/ContextImpl(11895): Failed to ensure directory: /storage/extSdCard/Android/data/com.samsung.indexservice/files
E/        (11895): Lucene Index End Time : 1512376993773 time taken 686 total documents 6
I/SystemInfo(11895): [SYSTEM STATUS] Battery and Storage levels are OK:
I/DocumentService(11895): [STOP DOCUMENTSERVICE] Attempting to stop the Service
E/DocumentService(11895): [THUMBNAIL AND INDEX] Thumbnail and indexing is Completed Total Time taken for both :3231
E/DocumentService(11895): [THUMBNAIL] Total Time taken for each file :0
E/        (11895): [INDEX] Total time taken for each file :1054
I/DocumentService(11895): DocumentService onDestroy start
I/DocumentService(11895): DocumentService onDestroy end
I/DocumentService(11895): DocumentService cleanupEverything start
I/IndexParserThreadsManager(11895): InterruptedException: null
I/SystemInfo(11895): [SYSTEM STATUS] Battery and Storage levels are OK:
I/DocumentService(11895): DocumentService cleanupEverything end
I/Process (11895): Sending signal. PID: 11895 SIG: 9
D/Sensorhubs(  310): readContextData: 1, 1, 7, -1
D/SensorHubManager( 1036): onGetSensorHubDataLocked: library(4) = 1, 1, 7, -1
D/CAE     ( 1036): onGetSensorHubData(SensorHubParserProvider.java:87) - onGetSensorHubData Event [event buffer len :4], AP_WAKEUP
I/CAE     ( 1036): parse(SensorHubParserProvider.java:166) - buffer size = 4
I/CAE     ( 1036): parse(SensorHubParserProvider.java:177) - 1, 1, 7, -1,
D/CAE     ( 1036): display(ContextProvider.java:365) - ================= AUTO_ROTATION =================
I/CAE     ( 1036): display(ContextProvider.java:381) - Angle=[-1]
D/SContextService( 1036): updateSContext() : event = Auto Rotation
V/WindowOrientationListener( 1036): mSContextAutoRotationListener.onSContextChanged, Rotation: -1
D/DataRouter(  338): dr_usb_deinit
D/DataRouter(  338): Initialise USB and start the thread
D/DataRouter(  338): dr_usb_init
E/DataRouter(  338): USB Interface is open with 0x7
D/DataRouter(  338): USB interface is now configured for usb_fd = 0x7
D/DataRouter(  338): monitor_data_of_usb
D/DataRouter(  338): USB monitor thread launched, usb_fd= 0x7
D/DataRouter(  338): Before the usb select
D/Sensorhubs(  310): readContextData: 1, 1, 7, 0
D/SensorHubManager( 1036): onGetSensorHubDataLocked: library(4) = 1, 1, 7, 0
D/CAE     ( 1036): onGetSensorHubData(SensorHubParserProvider.java:87) - onGetSensorHubData Event [event buffer len :4], AP_WAKEUP
I/CAE     ( 1036): parse(SensorHubParserProvider.java:166) - buffer size = 4
I/CAE     ( 1036): parse(SensorHubParserProvider.java:177) - 1, 1, 7, 0,
D/CAE     ( 1036): display(ContextProvider.java:365) - ================= AUTO_ROTATION =================
I/CAE     ( 1036): display(ContextProvider.java:381) - Angle=[0]
D/SContextService( 1036): updateSContext() : event = Auto Rotation
V/WindowOrientationListener( 1036): mSContextAutoRotationListener.onSContextChanged, Rotation: 0
W/MTPRx   (11951): notification from stack 14
E/MTPRx   (11951): Open session has come  remove the  Message false
D/SettingsProvider( 1036): name = mtp_open_session
W/MTPRx   (11951): notification from stack 3
W/MTPRx   (11951): notification from stack 14
E/MTPRx   (11951): Open session has come  remove the  Message false
D/SettingsProvider( 1036): name = mtp_open_session
W/MTPRx   (11951): notification from stack 3
W/MTPRx   (11951): notification from stack 10
W/MTPRx   (11951): Inside Syncronising10
I/MTPRx   (11951): Inside sendBooster
D/SettingsProvider( 1036): name = mtp_sync_alive
W/MTPRx   (11951): notification from stack 3
E/MTPRx   (11951): in isSyncFinished posting message with delay of 4sec
W/MTPRx   (11951): notification from stack 10
D/SettingsProvider( 1036): name = mtp_sync_alive
W/MTPRx   (11951): notification from stack 3
E/MTPRx   (11951): in isSyncFinished posting message with delay of 4sec
W/MTPRx   (11951): notification from stack 10
D/SettingsProvider( 1036): name = mtp_sync_alive
W/MTPRx   (11951): notification from stack 3
E/MTPRx   (11951): in isSyncFinished posting message with delay of 4sec
W/MTPRx   (11951): notification from stack 10
D/SettingsProvider( 1036): name = mtp_sync_alive
W/MTPRx   (11951): notification from stack 3
E/MTPRx   (11951): in isSyncFinished posting message with delay of 4sec
W/MTPRx   (11951): notification from stack 10
D/SettingsProvider( 1036): name = mtp_sync_alive
W/MTPRx   (11951): notification from stack 3
E/MTPRx   (11951): in isSyncFinished posting message with delay of 4sec
W/MTPRx   (11951): notification from stack 10
D/SettingsProvider( 1036): name = mtp_sync_alive
W/MTPRx   (11951): notification from stack 3
E/MTPRx   (11951): in isSyncFinished posting message with delay of 4sec
W/MTPRx   (11951): notification from stack 10
D/SettingsProvider( 1036): name = mtp_sync_alive
W/MTPRx   (11951): notification from stack 3
E/MTPRx   (11951): in isSyncFinished posting message with delay of 4sec
W/MTPRx   (11951): notification from stack 10
D/SettingsProvider( 1036): name = mtp_sync_alive
W/MTPRx   (11951): notification from stack 3
E/MTPRx   (11951): in isSyncFinished posting message with delay of 4sec
W/MTPRx   (11951): notification from stack 10
D/SettingsProvider( 1036): name = mtp_sync_alive
W/MTPRx   (11951): notification from stack 3
E/MTPRx   (11951): in isSyncFinished posting message with delay of 4sec
W/MTPRx   (11951): notification from stack 10
D/SettingsProvider( 1036): name = mtp_sync_alive
W/MTPRx   (11951): notification from stack 3
E/MTPRx   (11951): in isSyncFinished posting message with delay of 4sec
W/MTPRx   (11951): notification from stack 10
D/SettingsProvider( 1036): name = mtp_sync_alive
W/MTPRx   (11951): notification from stack 3
E/MTPRx   (11951): in isSyncFinished posting message with delay of 4sec
W/MTPRx   (11951): notification from stack 10
D/SettingsProvider( 1036): name = mtp_sync_alive
W/MTPRx   (11951): notification from stack 10
D/SettingsProvider( 1036): name = mtp_sync_alive
W/MTPRx   (11951): notification from stack 3
E/MTPRx   (11951): in isSyncFinished posting message with delay of 4sec
W/MTPRx   (11951): notification from stack 3
E/MTPRx   (11951): in isSyncFinished posting message with delay of 4sec
W/MTPRx   (11951): notification from stack 10
D/SettingsProvider( 1036): name = mtp_sync_alive
W/MTPRx   (11951): notification from stack 3
E/MTPRx   (11951): in isSyncFinished posting message with delay of 4sec
W/MTPRx   (11951): notification from stack 10
D/SettingsProvider( 1036): name = mtp_sync_alive
W/MTPRx   (11951): notification from stack 3
E/MTPRx   (11951): in isSyncFinished posting message with delay of 4sec
W/MTPRx   (11951): notification from stack 10
D/SettingsProvider( 1036): name = mtp_sync_alive
W/MTPRx   (11951): notification from stack 3
E/MTPRx   (11951): in isSyncFinished posting message with delay of 4sec
W/MTPRx   (11951): notification from stack 10
D/SettingsProvider( 1036): name = mtp_sync_alive
W/MTPRx   (11951): notification from stack 3
E/MTPRx   (11951): in isSyncFinished posting message with delay of 4sec
W/MTPRx   (11951): notification from stack 10
D/SettingsProvider( 1036): name = mtp_sync_alive
W/MTPRx   (11951): notification from stack 3
E/MTPRx   (11951): in isSyncFinished posting message with delay of 4sec
W/MTPRx   (11951): notification from stack 10
D/SettingsProvider( 1036): name = mtp_sync_alive
W/MTPRx   (11951): notification from stack 3
E/MTPRx   (11951): in isSyncFinished posting message with delay of 4sec
W/MTPRx   (11951): notification from stack 10
D/SettingsProvider( 1036): name = mtp_sync_alive
W/MTPRx   (11951): notification from stack 3
E/MTPRx   (11951): in isSyncFinished posting message with delay of 4sec
W/MTPRx   (11951): notification from stack 10
D/SettingsProvider( 1036): name = mtp_sync_alive
W/MTPRx   (11951): notification from stack 3
E/MTPRx   (11951): in isSyncFinished posting message with delay of 4sec
W/MTPRx   (11951): notification from stack 10
D/SettingsProvider( 1036): name = mtp_sync_alive
W/MTPRx   (11951): notification from stack 3
E/MTPRx   (11951): in isSyncFinished posting message with delay of 4sec
W/MTPRx   (11951): notification from stack 10
D/SettingsProvider( 1036): name = mtp_sync_alive
W/MTPRx   (11951): notification from stack 3
E/MTPRx   (11951): in isSyncFinished posting message with delay of 4sec
W/MTPRx   (11951): notification from stack 10
D/SettingsProvider( 1036): name = mtp_sync_alive
W/MTPRx   (11951): notification from stack 3
E/MTPRx   (11951): in isSyncFinished posting message with delay of 4sec
W/MTPRx   (11951): notification from stack 10
D/SettingsProvider( 1036): name = mtp_sync_alive
W/MTPRx   (11951): notification from stack 3
E/MTPRx   (11951): in isSyncFinished posting message with delay of 4sec
W/MTPRx   (11951): notification from stack 10
D/SettingsProvider( 1036): name = mtp_sync_alive
W/MTPRx   (11951): notification from stack 3
E/MTPRx   (11951): in isSyncFinished posting message with delay of 4sec
W/MTPRx   (11951): notification from stack 10
D/SettingsProvider( 1036): name = mtp_sync_alive
W/MTPRx   (11951): notification from stack 3
E/MTPRx   (11951): in isSyncFinished posting message with delay of 4sec
W/MTPRx   (11951): notification from stack 10
D/SettingsProvider( 1036): name = mtp_sync_alive
W/MTPRx   (11951): notification from stack 3
E/MTPRx   (11951): in isSyncFinished posting message with delay of 4sec
W/MTPRx   (11951): notification from stack 10
D/SettingsProvider( 1036): name = mtp_sync_alive
W/MTPRx   (11951): notification from stack 3
E/MTPRx   (11951): in isSyncFinished posting message with delay of 4sec
W/MTPRx   (11951): notification from stack 10
D/SettingsProvider( 1036): name = mtp_sync_alive
W/MTPRx   (11951): notification from stack 3
E/MTPRx   (11951): in isSyncFinished posting message with delay of 4sec
W/MTPRx   (11951): notification from stack 10
D/SettingsProvider( 1036): name = mtp_sync_alive
W/MTPRx   (11951): notification from stack 3
E/MTPRx   (11951): in isSyncFinished posting message with delay of 4sec
W/MTPRx   (11951): notification from stack 10
D/SettingsProvider( 1036): name = mtp_sync_alive
W/MTPRx   (11951): notification from stack 3
E/MTPRx   (11951): in isSyncFinished posting message with delay of 4sec
W/MTPRx   (11951): notification from stack 10
D/SettingsProvider( 1036): name = mtp_sync_alive
W/MTPRx   (11951): notification from stack 3
E/MTPRx   (11951): in isSyncFinished posting message with delay of 4sec
W/MTPRx   (11951): notification from stack 10
D/SettingsProvider( 1036): name = mtp_sync_alive
W/MTPRx   (11951): notification from stack 3
E/MTPRx   (11951): in isSyncFinished posting message with delay of 4sec
W/MTPRx   (11951): notification from stack 10
D/SettingsProvider( 1036): name = mtp_sync_alive
W/MTPRx   (11951): notification from stack 3
E/MTPRx   (11951): in isSyncFinished posting message with delay of 4sec
W/MTPRx   (11951): notification from stack 10
D/SettingsProvider( 1036): name = mtp_sync_alive
W/MTPRx   (11951): notification from stack 3
E/MTPRx   (11951): in isSyncFinished posting message with delay of 4sec
W/MTPRx   (11951): notification from stack 10
D/SettingsProvider( 1036): name = mtp_sync_alive
W/MTPRx   (11951): notification from stack 3
E/MTPRx   (11951): in isSyncFinished posting message with delay of 4sec
W/MTPRx   (11951): notification from stack 10
D/SettingsProvider( 1036): name = mtp_sync_alive
W/MTPRx   (11951): notification from stack 3
E/MTPRx   (11951): in isSyncFinished posting message with delay of 4sec
W/MTPRx   (11951): notification from stack 10
D/SettingsProvider( 1036): name = mtp_sync_alive
W/MTPRx   (11951): notification from stack 3
E/MTPRx   (11951): in isSyncFinished posting message with delay of 4sec
W/MTPRx   (11951): notification from stack 10
D/SettingsProvider( 1036): name = mtp_sync_alive
W/MTPRx   (11951): notification from stack 3
E/MTPRx   (11951): in isSyncFinished posting message with delay of 4sec
W/MTPRx   (11951): notification from stack 10
D/SettingsProvider( 1036): name = mtp_sync_alive
W/MTPRx   (11951): notification from stack 3
E/MTPRx   (11951): in isSyncFinished posting message with delay of 4sec
W/MTPRx   (11951): notification from stack 10
D/SettingsProvider( 1036): name = mtp_sync_alive
W/MTPRx   (11951): notification from stack 3
E/MTPRx   (11951): in isSyncFinished posting message with delay of 4sec
W/MTPRx   (11951): notification from stack 10
D/SettingsProvider( 1036): name = mtp_sync_alive
W/MTPRx   (11951): notification from stack 3
E/MTPRx   (11951): in isSyncFinished posting message with delay of 4sec
W/MTPRx   (11951): notification from stack 10
D/SettingsProvider( 1036): name = mtp_sync_alive
W/MTPRx   (11951): notification from stack 3
E/MTPRx   (11951): in isSyncFinished posting message with delay of 4sec
W/MTPRx   (11951): notification from stack 10
D/SettingsProvider( 1036): name = mtp_sync_alive
W/MTPRx   (11951): notification from stack 3
E/MTPRx   (11951): in isSyncFinished posting message with delay of 4sec
W/MTPRx   (11951): notification from stack 10
D/SettingsProvider( 1036): name = mtp_sync_alive
W/MTPRx   (11951): notification from stack 3
E/MTPRx   (11951): in isSyncFinished posting message with delay of 4sec
W/MTPRx   (11951): notification from stack 10
D/SettingsProvider( 1036): name = mtp_sync_alive
W/MTPRx   (11951): notification from stack 3
E/MTPRx   (11951): in isSyncFinished posting message with delay of 4sec
W/MTPRx   (11951): notification from stack 10
D/SettingsProvider( 1036): name = mtp_sync_alive
W/MTPRx   (11951): notification from stack 3
E/MTPRx   (11951): in isSyncFinished posting message with delay of 4sec
W/MTPRx   (11951): notification from stack 10
D/SettingsProvider( 1036): name = mtp_sync_alive
W/MTPRx   (11951): notification from stack 3
E/MTPRx   (11951): in isSyncFinished posting message with delay of 4sec
W/MTPRx   (11951): notification from stack 10
D/SettingsProvider( 1036): name = mtp_sync_alive
W/MTPRx   (11951): notification from stack 3
E/MTPRx   (11951): in isSyncFinished posting message with delay of 4sec
W/MTPRx   (11951): notification from stack 10
D/SettingsProvider( 1036): name = mtp_sync_alive
W/MTPRx   (11951): notification from stack 3
E/MTPRx   (11951): in isSyncFinished posting message with delay of 4sec
W/MTPRx   (11951): notification from stack 10
D/SettingsProvider( 1036): name = mtp_sync_alive
W/MTPRx   (11951): notification from stack 3
E/MTPRx   (11951): in isSyncFinished posting message with delay of 4sec
W/MTPRx   (11951): notification from stack 10
D/SettingsProvider( 1036): name = mtp_sync_alive
W/MTPRx   (11951): notification from stack 3
E/MTPRx   (11951): in isSyncFinished posting message with delay of 4sec
W/MTPRx   (11951): notification from stack 10
D/SettingsProvider( 1036): name = mtp_sync_alive
W/MTPRx   (11951): notification from stack 3
E/MTPRx   (11951): in isSyncFinished posting message with delay of 4sec
W/MTPRx   (11951): notification from stack 10
D/SettingsProvider( 1036): name = mtp_sync_alive
W/MTPRx   (11951): notification from stack 3
E/MTPRx   (11951): in isSyncFinished posting message with delay of 4sec
W/MTPRx   (11951): notification from stack 10
D/SettingsProvider( 1036): name = mtp_sync_alive
W/MTPRx   (11951): notification from stack 3
E/MTPRx   (11951): in isSyncFinished posting message with delay of 4sec
W/MTPRx   (11951): notification from stack 10
D/SettingsProvider( 1036): name = mtp_sync_alive
W/MTPRx   (11951): notification from stack 3
E/MTPRx   (11951): in isSyncFinished posting message with delay of 4sec
W/MTPRx   (11951): notification from stack 10
D/SettingsProvider( 1036): name = mtp_sync_alive
W/MTPRx   (11951): notification from stack 3
E/MTPRx   (11951): in isSyncFinished posting message with delay of 4sec
W/MTPRx   (11951): notification from stack 10
D/SettingsProvider( 1036): name = mtp_sync_alive
W/MTPRx   (11951): notification from stack 3
E/MTPRx   (11951): in isSyncFinished posting message with delay of 4sec
W/MTPRx   (11951): notification from stack 10
D/SettingsProvider( 1036): name = mtp_sync_alive
W/MTPRx   (11951): notification from stack 3
E/MTPRx   (11951): in isSyncFinished posting message with delay of 4sec
W/MTPRx   (11951): notification from stack 10
D/SettingsProvider( 1036): name = mtp_sync_alive
W/MTPRx   (11951): notification from stack 3
E/MTPRx   (11951): in isSyncFinished posting message with delay of 4sec
W/MTPRx   (11951): notification from stack 10
D/SettingsProvider( 1036): name = mtp_sync_alive
W/MTPRx   (11951): notification from stack 3
E/MTPRx   (11951): in isSyncFinished posting message with delay of 4sec
W/MTPRx   (11951): notification from stack 10
D/SettingsProvider( 1036): name = mtp_sync_alive
W/MTPRx   (11951): notification from stack 3
E/MTPRx   (11951): in isSyncFinished posting message with delay of 4sec
W/MTPRx   (11951): notification from stack 10
D/SettingsProvider( 1036): name = mtp_sync_alive
W/MTPRx   (11951): notification from stack 3
E/MTPRx   (11951): in isSyncFinished posting message with delay of 4sec
W/MTPRx   (11951): notification from stack 10
D/SettingsProvider( 1036): name = mtp_sync_alive
W/MTPRx   (11951): notification from stack 3
E/MTPRx   (11951): in isSyncFinished posting message with delay of 4sec
W/MTPRx   (11951): notification from stack 10
D/SettingsProvider( 1036): name = mtp_sync_alive
W/MTPRx   (11951): notification from stack 3
E/MTPRx   (11951): in isSyncFinished posting message with delay of 4sec
W/MTPRx   (11951): notification from stack 10
D/SettingsProvider( 1036): name = mtp_sync_alive
W/MTPRx   (11951): notification from stack 3
E/MTPRx   (11951): in isSyncFinished posting message with delay of 4sec
W/MTPRx   (11951): notification from stack 10
D/SettingsProvider( 1036): name = mtp_sync_alive
W/MTPRx   (11951): notification from stack 3
E/MTPRx   (11951): in isSyncFinished posting message with delay of 4sec
W/MTPRx   (11951): notification from stack 10
D/SettingsProvider( 1036): name = mtp_sync_alive
W/MTPRx   (11951): notification from stack 3
E/MTPRx   (11951): in isSyncFinished posting message with delay of 4sec
W/MTPRx   (11951): notification from stack 10
D/SettingsProvider( 1036): name = mtp_sync_alive
W/MTPRx   (11951): notification from stack 3
E/MTPRx   (11951): in isSyncFinished posting message with delay of 4sec
W/MTPRx   (11951): notification from stack 10
D/SettingsProvider( 1036): name = mtp_sync_alive
W/MTPRx   (11951): notification from stack 3
E/MTPRx   (11951): in isSyncFinished posting message with delay of 4sec
W/MTPRx   (11951): notification from stack 10
D/SettingsProvider( 1036): name = mtp_sync_alive
W/MTPRx   (11951): notification from stack 3
E/MTPRx   (11951): in isSyncFinished posting message with delay of 4sec
W/MTPRx   (11951): notification from stack 10
D/SettingsProvider( 1036): name = mtp_sync_alive
W/MTPRx   (11951): notification from stack 3
E/MTPRx   (11951): in isSyncFinished posting message with delay of 4sec
W/MTPRx   (11951): notification from stack 10
D/SettingsProvider( 1036): name = mtp_sync_alive
W/MTPRx   (11951): notification from stack 3
E/MTPRx   (11951): in isSyncFinished posting message with delay of 4sec
W/MTPRx   (11951): notification from stack 10
D/SettingsProvider( 1036): name = mtp_sync_alive
W/MTPRx   (11951): notification from stack 3
E/MTPRx   (11951): in isSyncFinished posting message with delay of 4sec
W/MTPRx   (11951): notification from stack 10
D/SettingsProvider( 1036): name = mtp_sync_alive
W/MTPRx   (11951): notification from stack 3
E/MTPRx   (11951): in isSyncFinished posting message with delay of 4sec
W/MTPRx   (11951): notification from stack 10
D/SettingsProvider( 1036): name = mtp_sync_alive
W/MTPRx   (11951): notification from stack 3
E/MTPRx   (11951): in isSyncFinished posting message with delay of 4sec
W/MTPRx   (11951): notification from stack 10
D/SettingsProvider( 1036): name = mtp_sync_alive
W/MTPRx   (11951): notification from stack 3
E/MTPRx   (11951): in isSyncFinished posting message with delay of 4sec
W/MTPRx   (11951): notification from stack 10
D/SettingsProvider( 1036): name = mtp_sync_alive
W/MTPRx   (11951): notification from stack 3
E/MTPRx   (11951): in isSyncFinished posting message with delay of 4sec
W/MTPRx   (11951): notification from stack 10
D/SettingsProvider( 1036): name = mtp_sync_alive
W/MTPRx   (11951): notification from stack 3
E/MTPRx   (11951): in isSyncFinished posting message with delay of 4sec
W/MTPRx   (11951): notification from stack 10
D/SettingsProvider( 1036): name = mtp_sync_alive
W/MTPRx   (11951): notification from stack 3
E/MTPRx   (11951): in isSyncFinished posting message with delay of 4sec
W/MTPRx   (11951): notification from stack 10
D/SettingsProvider( 1036): name = mtp_sync_alive
W/MTPRx   (11951): notification from stack 3
E/MTPRx   (11951): in isSyncFinished posting message with delay of 4sec
W/MTPRx   (11951): notification from stack 10
D/SettingsProvider( 1036): name = mtp_sync_alive
W/MTPRx   (11951): notification from stack 3
E/MTPRx   (11951): in isSyncFinished posting message with delay of 4sec
W/MTPRx   (11951): notification from stack 10
D/SettingsProvider( 1036): name = mtp_sync_alive
W/MTPRx   (11951): notification from stack 3
E/MTPRx   (11951): in isSyncFinished posting message with delay of 4sec
W/MTPRx   (11951): notification from stack 10
D/SettingsProvider( 1036): name = mtp_sync_alive
W/MTPRx   (11951): notification from stack 3
E/MTPRx   (11951): in isSyncFinished posting message with delay of 4sec
W/MTPRx   (11951): notification from stack 10
D/SettingsProvider( 1036): name = mtp_sync_alive
W/MTPRx   (11951): notification from stack 3
E/MTPRx   (11951): in isSyncFinished posting message with delay of 4sec
W/MTPRx   (11951): notification from stack 10
D/SettingsProvider( 1036): name = mtp_sync_alive
W/MTPRx   (11951): notification from stack 3
E/MTPRx   (11951): in isSyncFinished posting message with delay of 4sec
W/MTPRx   (11951): notification from stack 10
D/SettingsProvider( 1036): name = mtp_sync_alive
W/MTPRx   (11951): notification from stack 3
E/MTPRx   (11951): in isSyncFinished posting message with delay of 4sec
W/MTPRx   (11951): notification from stack 10
D/SettingsProvider( 1036): name = mtp_sync_alive
W/MTPRx   (11951): notification from stack 3
E/MTPRx   (11951): in isSyncFinished posting message with delay of 4sec
W/MTPRx   (11951): notification from stack 10
D/SettingsProvider( 1036): name = mtp_sync_alive
W/MTPRx   (11951): notification from stack 3
E/MTPRx   (11951): in isSyncFinished posting message with delay of 4sec
W/MTPRx   (11951): notification from stack 10
D/SettingsProvider( 1036): name = mtp_sync_alive
W/MTPRx   (11951): notification from stack 3
E/MTPRx   (11951): in isSyncFinished posting message with delay of 4sec
W/MTPRx   (11951): notification from stack 10
D/SettingsProvider( 1036): name = mtp_sync_alive
W/MTPRx   (11951): notification from stack 3
E/MTPRx   (11951): in isSyncFinished posting message with delay of 4sec
W/MTPRx   (11951): notification from stack 10
D/SettingsProvider( 1036): name = mtp_sync_alive
W/MTPRx   (11951): notification from stack 3
E/MTPRx   (11951): in isSyncFinished posting message with delay of 4sec
W/MTPRx   (11951): notification from stack 10
D/SettingsProvider( 1036): name = mtp_sync_alive
W/MTPRx   (11951): notification from stack 3
E/MTPRx   (11951): in isSyncFinished posting message with delay of 4sec
W/MTPRx   (11951): notification from stack 10
D/SettingsProvider( 1036): name = mtp_sync_alive
W/MTPRx   (11951): notification from stack 3
E/MTPRx   (11951): in isSyncFinished posting message with delay of 4sec
W/MTPRx   (11951): notification from stack 10
D/SettingsProvider( 1036): name = mtp_sync_alive
W/MTPRx   (11951): notification from stack 3
E/MTPRx   (11951): in isSyncFinished posting message with delay of 4sec
W/MTPRx   (11951): notification from stack 10
D/SettingsProvider( 1036): name = mtp_sync_alive
W/MTPRx   (11951): notification from stack 3
E/MTPRx   (11951): in isSyncFinished posting message with delay of 4sec
W/MTPRx   (11951): notification from stack 10
D/SettingsProvider( 1036): name = mtp_sync_alive
W/MTPRx   (11951): notification from stack 3
E/MTPRx   (11951): in isSyncFinished posting message with delay of 4sec
W/MTPRx   (11951): notification from stack 10
D/SettingsProvider( 1036): name = mtp_sync_alive
I/art     (11951): Explicit concurrent mark sweep GC freed 22234(937KB) AllocSpace objects, 0(0B) LOS objects, 39% free, 15MB/26MB, paused 473us total 22.887ms
W/MTPRx   (11951): notification from stack 3
E/MTPRx   (11951): in isSyncFinished posting message with delay of 4sec
W/MTPRx   (11951): notification from stack 10
D/SettingsProvider( 1036): name = mtp_sync_alive
W/MTPRx   (11951): notification from stack 3
E/MTPRx   (11951): in isSyncFinished posting message with delay of 4sec
W/MTPRx   (11951): notification from stack 10
D/SettingsProvider( 1036): name = mtp_sync_alive
W/MTPRx   (11951): notification from stack 3
E/MTPRx   (11951): in isSyncFinished posting message with delay of 4sec
W/MTPRx   (11951): notification from stack 10
D/SettingsProvider( 1036): name = mtp_sync_alive
W/MTPRx   (11951): notification from stack 3
E/MTPRx   (11951): in isSyncFinished posting message with delay of 4sec
W/MTPRx   (11951): notification from stack 10
D/SettingsProvider( 1036): name = mtp_sync_alive
W/MTPRx   (11951): notification from stack 3
E/MTPRx   (11951): in isSyncFinished posting message with delay of 4sec
W/MTPRx   (11951): notification from stack 10
D/SettingsProvider( 1036): name = mtp_sync_alive
W/MTPRx   (11951): notification from stack 3
E/MTPRx   (11951): in isSyncFinished posting message with delay of 4sec
W/MTPRx   (11951): notification from stack 10
D/SettingsProvider( 1036): name = mtp_sync_alive
W/MTPRx   (11951): notification from stack 3
E/MTPRx   (11951): in isSyncFinished posting message with delay of 4sec
W/MTPRx   (11951): notification from stack 10
D/SettingsProvider( 1036): name = mtp_sync_alive
W/MTPRx   (11951): notification from stack 3
E/MTPRx   (11951): in isSyncFinished posting message with delay of 4sec
W/MTPRx   (11951): notification from stack 10
D/SettingsProvider( 1036): name = mtp_sync_alive
W/MTPRx   (11951): notification from stack 3
E/MTPRx   (11951): in isSyncFinished posting message with delay of 4sec
W/MTPRx   (11951): notification from stack 10
D/SettingsProvider( 1036): name = mtp_sync_alive
W/MTPRx   (11951): notification from stack 3
E/MTPRx   (11951): in isSyncFinished posting message with delay of 4sec
W/MTPRx   (11951): notification from stack 10
D/SettingsProvider( 1036): name = mtp_sync_alive
W/MTPRx   (11951): notification from stack 3
E/MTPRx   (11951): in isSyncFinished posting message with delay of 4sec
E/SMD     (  298): after read dtr pin status
E/SMD     (  298): dtr pin is 3
E/SMD     (  298): before read dtr pin status
E/SMD     (  298): after read dtr pin status
E/SMD     (  298): dtr pin is 3
E/SMD     (  298): before read dtr pin status
D/DataRouter(  338): After the usb select
D/DataRouter(  338): read usb data[len:9]
D/DataRouter(  338): read usb data message:ATQ0E0V1
D/DataRouter(  338): Before the usb select
E/SMD     (  298): ***Received data notification[DR->SMD]***
E/SMD     (  298): Path set is DATA_PATH_DR_SMD_MANAGER
E/SMD     (  298): Message:ATQ0E0V1
E/SMD     (  298): Sending data to SMD: Len = [9]
E/SMD     (  298):  buffer = [ATQ0E0V1]
E/SMD     (  298): Wrote 9 chars to SMD PORT fd=7 ch = 41
E/SMD     (  298): After the Modem Read select 
E/SMD     (  298): Read 15 chars from SMD Modem file fd = 7
E/SMD     (  298):  Message: ATQ0E0V1
E/SMD     (  298): OK
E/SMD     (  298): 
E/SMD     (  298): Before the Modem Read select 
D/AT_Distributor(  327): Send Msg [DDEXE > ATD] 9 bytes <ATQ0E0V1(\r)>
E/AT_Distributor(  327): HandleMessageFromClients() : ATQ0E0V1 command is not process in atd
D/AT_Distributor(  327): Send Msg [ATD > DDEXE] 2 bytes <NA>
W/MessageQueue( 3701): Handler (android.telephony.PhoneStateListener$2) {2562ad9f} sending message to a Handler on a dead thread
W/MessageQueue( 3701): java.lang.IllegalStateException: Handler (android.telephony.PhoneStateListener$2) {2562ad9f} sending message to a Handler on a dead thread
W/MessageQueue( 3701): 	at android.os.MessageQueue.enqueueMessage(MessageQueue.java:325)
W/MessageQueue( 3701): 	at android.os.Handler.enqueueMessage(Handler.java:631)
W/MessageQueue( 3701): 	at android.os.Handler.sendMessageAtTime(Handler.java:600)
W/MessageQueue( 3701): 	at android.os.Handler.sendMessageDelayed(Handler.java:570)
W/MessageQueue( 3701): 	at android.os.Handler.sendMessage(Handler.java:507)
W/MessageQueue( 3701): 	at android.os.Message.sendToTarget(Message.java:416)
W/MessageQueue( 3701): 	at android.telephony.PhoneStateListener$3.onSignalStrengthsChanged(PhoneStateListener.java:657)
W/MessageQueue( 3701): 	at com.android.internal.telephony.IPhoneStateListener$Stub.onTransact(IPhoneStateListener.java:133)
W/MessageQueue( 3701): 	at android.os.Binder.execTransact(Binder.java:446)
D/cell strength( 1726): ===== cell singal strength changed : 12
D/StatusBar.MSimNetworkController( 1505): getNumberOfActiveSim:0
D/StatusBar.MSimNetworkController( 1505): getPhoneSignalIconList: mMaxLevelOfSignalStrengthIndicator = 4 inetCondition = 0
D/StatusBar.MSimNetworkController( 1505): updateTelephonySignalStrength: iconLevel=4
D/STATUSBAR-WifiQuickSettingButton( 1505): onWifiSignalChanged enabled=true enabledDesc:"ZZL-309"
D/StatusBar.MSimNetworkController( 1505): applyCU
D/StatusBar.MSimNetworkController( 1505): applyCU
D/StatusBar.MSimNetworkController( 1505): applyCU
D/StatusBar.MSimNetworkController( 1505): applyCU
D/StatusBar.MSimNetworkController( 1505): getNumberOfActiveSim:0
D/StatusBar.MSimNetworkController( 1505): getNumberOfActiveSim:0
D/StatusBar.MSimNetworkController( 1505): getPhoneSignalIconList: mMaxLevelOfSignalStrengthIndicator = 4 inetCondition = 0
D/StatusBar.MSimNetworkController( 1505): updateTelephonySignalStrength: iconLevel=4
D/STATUSBAR-WifiQuickSettingButton( 1505): onWifiSignalChanged enabled=true enabledDesc:"ZZL-309"
D/StatusBar.MSimNetworkController( 1505): applyCU
D/StatusBar.MSimNetworkController( 1505): applyCU
D/StatusBar.MSimNetworkController( 1505): applyCU
D/StatusBar.MSimNetworkController( 1505): applyCU
D/StatusBar.MSimNetworkController( 1505): getNumberOfActiveSim:0
D/DataRouter(  338): write [15] bytes of data to USB fd[7]
D/DataRouter(  338): After the usb select
D/DataRouter(  338): read usb data[len:8]
D/DataRouter(  338): read usb data message:AT+GCI?
D/DataRouter(  338): Before the usb select
E/SMD     (  298): ***Received data notification[DR->SMD]***
E/SMD     (  298): Path set is DATA_PATH_DR_SMD_MANAGER
E/SMD     (  298): Message:AT+GCI?
E/SMD     (  298): Sending data to SMD: Len = [8]
E/SMD     (  298):  buffer = [AT+GCI?]
E/SMD     (  298): Wrote 8 chars to SMD PORT fd=7 ch = 41
E/SMD     (  298): After the Modem Read select 
E/SMD     (  298): Read 9 chars from SMD Modem file fd = 7
E/SMD     (  298):  Message: 
E/SMD     (  298): ERROR
E/SMD     (  298): 
E/SMD     (  298): OK
E/SMD     (  298): 
E/SMD     (  298): Before the Modem Read select 
D/DataRouter(  338): write [9] bytes of data to USB fd[7]
E/SMD     (  298): after read dtr pin status
E/SMD     (  298): dtr pin is 0
E/SMD     (  298): before read dtr pin status
W/MessageQueue( 3701): Handler (android.telephony.PhoneStateListener$2) {2562ad9f} sending message to a Handler on a dead thread
W/MessageQueue( 3701): java.lang.IllegalStateException: Handler (android.telephony.PhoneStateListener$2) {2562ad9f} sending message to a Handler on a dead thread
W/MessageQueue( 3701): 	at android.os.MessageQueue.enqueueMessage(MessageQueue.java:325)
W/MessageQueue( 3701): 	at android.os.Handler.enqueueMessage(Handler.java:631)
W/MessageQueue( 3701): 	at android.os.Handler.sendMessageAtTime(Handler.java:600)
W/MessageQueue( 3701): 	at android.os.Handler.sendMessageDelayed(Handler.java:570)
W/MessageQueue( 3701): 	at android.os.Handler.sendMessage(Handler.java:507)
W/MessageQueue( 3701): 	at android.os.Message.sendToTarget(Message.java:416)
W/MessageQueue( 3701): 	at android.telephony.PhoneStateListener$3.onSignalStrengthsChanged(PhoneStateListener.java:657)
W/MessageQueue( 3701): 	at com.android.internal.telephony.IPhoneStateListener$Stub.onTransact(IPhoneStateListener.java:133)
W/MessageQueue( 3701): 	at android.os.Binder.execTransact(Binder.java:446)
D/cell strength( 1726): ===== cell singal strength changed : 14
D/StatusBar.MSimNetworkController( 1505): getNumberOfActiveSim:0
D/StatusBar.MSimNetworkController( 1505): getPhoneSignalIconList: mMaxLevelOfSignalStrengthIndicator = 4 inetCondition = 0
D/StatusBar.MSimNetworkController( 1505): updateTelephonySignalStrength: iconLevel=4
D/STATUSBAR-WifiQuickSettingButton( 1505): onWifiSignalChanged enabled=true enabledDesc:"ZZL-309"
D/StatusBar.MSimNetworkController( 1505): applyCU
D/StatusBar.MSimNetworkController( 1505): applyCU
D/StatusBar.MSimNetworkController( 1505): applyCU
D/StatusBar.MSimNetworkController( 1505): applyCU
D/SecContentProvider2( 1036): uri = 14 selection = getSealedState
D/SecContentProvider2( 1036): mCursor = null
D/StatusBar.MSimNetworkController( 1505): getNumberOfActiveSim:0
D/StatusBar.MSimNetworkController( 1505): getNumberOfActiveSim:0
D/StatusBar.MSimNetworkController( 1505): getPhoneSignalIconList: mMaxLevelOfSignalStrengthIndicator = 4 inetCondition = 0
D/StatusBar.MSimNetworkController( 1505): updateTelephonySignalStrength: iconLevel=4
D/ApplicationPolicy( 1036): isStatusBarNotificationAllowedAsUser: packageName = com.tencent.android.qqdownloader,userId = 0
V/ApplicationPolicy( 1036): isApplicationStateBlocked userId 0 pkgname com.tencent.android.qqdownloader
D/STATUSBAR-WifiQuickSettingButton( 1505): onWifiSignalChanged enabled=true enabledDesc:"ZZL-309"
D/StatusBar.MSimNetworkController( 1505): applyCU
D/StatusBar.MSimNetworkController( 1505): applyCU
D/StatusBar.MSimNetworkController( 1505): applyCU
D/StatusBar.MSimNetworkController( 1505): applyCU
D/StatusBar.MSimNetworkController( 1505): getNumberOfActiveSim:0
D/StatusBar( 1505): ----- contentsUnchanged : true, bigContentsUnchanged - true, headsUpContentsUnchanged - true , publicUnchanged true
D/PersonaManager( 1505): isKioskContainerExistOnDevice
D/PersonaManager( 1505): isKioskContainerExistOnDevice
D/StatusBar( 1505): getNumberOfActiveSim:0
D/PanelView( 1505): There is/are notification(s) 
D/PanelView( 1505): There is/are notification(s) 
D/PersonaManager( 1505): isKioskContainerExistOnDevice
D/StatusBar( 1505): getNumberOfActiveSim:0
D/PanelView( 1505): There is/are notification(s) 
W/MTPRx   (11951): notification from stack 12
D/SettingsProvider( 1036): name = mtp_sync_alive
D/SettingsProvider( 1036): name = mtp_sync_alive
E/MTPRx   (11951): MS triggered
D/MediaScanner( 2102): MediaScanner - mSkipList:
D/MediaScanner( 2102): 7klwibgf7fvntblfd7(7bnlwubmrdblb.(747klwibgf7fvntblfd7(7DrwDrcl+A7
D/MediaProvider( 2102): savePlaylistTableInBulkDeleter started
D/MediaProvider( 2102): savePlaylistTableInBulkDeleter started - audio_playlists_map_cache existed
D/MediaProvider( 2102): savePlaylistTableInBulkDeleter started - audio_playlists_map_cache is empty
I/art     ( 1036): Explicit concurrent mark sweep GC freed 24376(1346KB) AllocSpace objects, 4(64KB) LOS objects, 23% free, 50MB/66MB, paused 1.624ms total 162.102ms
D/MediaProvider( 2102): savePlaylistTableInBulkDeleter finished
D/MediaProvider( 2102): savePlaylistTableInBulkDeleter started
D/MediaProvider( 2102): savePlaylistTableInBulkDeleter started - audio_playlists_map_personal_cache existed
D/MediaProvider( 2102): savePlaylistTableInBulkDeleter started - audio_playlists_map_personal_cache is empty
D/MediaProvider( 2102): savePlaylistTableInBulkDeleter finished
