D/CAE     ( 1036): onGetSensorHubData(SensorHubParserProvider.java:87) - onGetSensorHubData Event [event buffer len :4], AP_WAKEUP
I/CAE     ( 1036): parse(SensorHubParserProvider.java:166) - buffer size = 4
I/CAE     ( 1036): parse(SensorHubParserProvider.java:177) - 1, 1, 7, 0,
D/CAE     ( 1036): display(ContextProvider.java:365) - ================= AUTO_ROTATION =================
I/CAE     ( 1036): display(ContextProvider.java:381) - Angle=[0]
D/SContextService( 1036): updateSContext() : event = Auto Rotation
V/WindowOrientationListener( 1036): mSContextAutoRotationListener.onSContextChanged, Rotation: 0
I/SurfaceFlinger(  263): id=465 Removed TcreenshotS (10/14)
I/SurfaceFlinger(  263): id=465 Removed TcreenshotS (-2/14)
I/SurfaceFlinger(  263): id=467 Removed ClackSurfac (10/13)
I/SurfaceFlinger(  263): id=468 Removed ClackSurfac (10/12)
I/SurfaceFlinger(  263): id=467 Removed ClackSurfac (-2/12)
I/SurfaceFlinger(  263): id=469 Removed ClackSurfac (10/11)
I/SurfaceFlinger(  263): id=468 Removed ClackSurfac (-2/11)
I/SurfaceFlinger(  263): id=470 Removed ClackSurfac (10/10)
I/SurfaceFlinger(  263): id=469 Removed ClackSurfac (-2/10)
I/SurfaceFlinger(  263): id=470 Removed ClackSurfac (-2/10)
V/WindowOrientationListener( 1036): mSContextAutoRotationListener.getProposedRotation, mbResultFaceDectection: false
V/WindowOrientationListener( 1036): mSContextAutoRotationListener.getProposedRotation, Rotation: 0
V/WindowOrientationListener( 1036): mSContextAutoRotationListener.getProposedRotation, mbResultFaceDectection: false
V/WindowOrientationListener( 1036): mSContextAutoRotationListener.getProposedRotation, Rotation: 0
I/Sensors ( 1036): StepCounterSensor - 981
D/InputReader( 1036): Input event: value=1
D/InputReader( 1036): !@notifyKey(172), action=0
D/InputManager-JNI( 1036): !@interceptKeyBeforeQueueing(172), action=0
D/InputManager-JNI( 1036): !@handleInterceptActions(172), action=0, wmActions=1
D/PersonaManager( 1036): isKioskContainerExistOnDevice
D/lights  ( 1036): lcd : 75 +
D/lights  ( 1036): lcd : 75 -
D/lights  ( 1036): lcd : 84 +
D/lights  ( 1036): lcd : 84 -
D/lights  ( 1036): lcd : 92 +
D/lights  ( 1036): lcd : 92 -
D/lights  ( 1036): lcd : 100 +
D/lights  ( 1036): lcd : 100 -
D/lights  ( 1036): lcd : 108 +
D/lights  ( 1036): lcd : 108 -
D/lights  ( 1036): lcd : 115 +
D/lights  ( 1036): lcd : 115 -
D/InputReader( 1036): Input event: value=0
D/InputReader( 1036): !@notifyKey(172), action=1
D/InputManager-JNI( 1036): !@interceptKeyBeforeQueueing(172), action=1
D/InputManager-JNI( 1036): !@handleInterceptActions(172), action=1, wmActions=1
D/PersonaManager( 1036): isKioskContainerExistOnDevice
D/STATUSBAR-WifiQuickSettingButton( 1505): onWifiSignalChanged enabled=true enabledDesc:"ZZL-309"
D/StatusBar.MSimNetworkController( 1505): applyCU
D/StatusBar.MSimNetworkController( 1505): applyCU
D/StatusBar.MSimNetworkController( 1505): applyCU
D/StatusBar.MSimNetworkController( 1505): applyCU
D/StatusBar.MSimNetworkController( 1505): getNumberOfActiveSim:0
I/System.out(11034): pool-3-thread-2 calls detatch()
E/PersonaManagerService( 1036): inState():  stateMachine is null !!
I/PersonaManagerService( 1036): PersonaId don't exist
I/ActivityManager( 1036): do not start freezing screen for locked container getKeyguardshowstate = false
I/Sally Service(32233): removeWindow window
E/HomeEventObserver(11597): processFlag: web, [main:1] g.onReceive(84): action: android.intent.action.CLOSE_SYSTEM_DIALOGS,reason: homekey
E/HomeEventObserver(11013): processFlag: live, [main:1] g.onReceive(84): action: android.intent.action.CLOSE_SYSTEM_DIALOGS,reason: homekey
E/HomeEventObserver(11180): processFlag: tools, [main:1] g.onReceive(84): action: android.intent.action.CLOSE_SYSTEM_DIALOGS,reason: homekey
E/HomeEventObserver(11514): processFlag: connect, [main:1] g.onReceive(84): action: android.intent.action.CLOSE_SYSTEM_DIALOGS,reason: homekey
E/HomeEventObserver(11034): processFlag: market, [main:1] g.onReceive(84): action: android.intent.action.CLOSE_SYSTEM_DIALOGS,reason: homekey
D/Launcher.HomeView( 1802): onPause
D/Launcher( 1802): Launcher::setSystemUiTransparency(): getSystemUiVisibility() after setting  = 40000000
D/Launcher.HomeView( 1802): performOnHomePressed
V/TaskCloserActivity(27433): TaskCloserActivity onReceive() - com.sec.android.intent.action.HOME_PAUSE
D/PhoneStatusBar( 1505): animateCollapse(): mExpandedVisible=false flags=0
D/StatusBar-Window( 1505): fnf=true sanc=false, kni=false, sbf=false
D/CoverUI ( 1505): applyFocusableFlag() : Remove SAMSUNG_FLAG_SVIEW_COVER
E/HomeEventObserver(11064): processFlag: daemon, [main:1] g.onReceive(84): action: android.intent.action.CLOSE_SYSTEM_DIALOGS,reason: homekey
E/Zygote  (11766): MountEmulatedStorage()
E/Zygote  (11766): v2
I/art     (11064): WaitForGcToComplete blocked for 7.178ms for cause DisableMovingGc
I/SELinux (11766): Function: selinux_compare_spd_ram , priority [2] , priority version is VE=SEPF_SM-N9002_5.0-1_0039
E/SELinux (11766): [DEBUG] get_category: variable seinfo: platform sensitivity: NULL, cateogry: NULL
D/TimaKeyStoreProvider(11766): TimaSignature is unavailable
D/ActivityThread(11766): Added TimaKeyStore provider
D/ResourcesManager(11766): creating new AssetManager and set to /system/priv-app/MagazineHome/MagazineHome.apk
W/linker  (11766): libdmcAlwaysFD.so has text relocations. This is wasting memory and prevents security hardening. Please fix.
D/MVFD_interface(11766): <<<  caMVFace_FaceInit
D/Launcher( 1802): onResume, Launcher: 424732104
D/SettingsProvider( 1036): name = kids_home_mode
D/SettingsProvider( 1036): edmUri: content://com.sec.knox.provider/RestrictionPolicy3
D/SettingsProvider( 1036): projectionArgs: isSettingsChangesAllowed
D/SettingsProvider( 1036): selectionArgs: false
D/SettingsProvider( 1036): selectionArgs: 10008
D/SecContentProvider( 1036): uri = 17 selection = isSettingsChangesAllowed
D/SettingsProvider( 1036): ret = -1
D/Launcher.HomeView( 1802): onResume
D/Launcher( 1802): Launcher::setSystemUiTransparency(): getSystemUiVisibility() after setting  = 8000
I/MultiWindowTrayService(32233): mHomeResumeReceiver : onReceive
I/Sally Service(32233): removeWindow window
D/MenuAppsGridFragment( 1802): onResume
D/GalleryCacheReady(27337): Receive : home resume
W/Settings( 2434): Setting airplane_mode_on has moved from android.provider.Settings.System to android.provider.Settings.Global, returning read-only value.
D/Mms/UIEventReceiver( 7933): ui event
I/System.out(11064): pool-3-protocalManager-thread-1 calls detatch()
D/PushAndAttach( 8688): mAssignedMemoMap.size() :0
V/TaskCloserActivity(27433): TaskCloserActivity onReceive() - com.sec.android.intent.action.HOME_RESUME
W/ContextImpl(11766): Failed to ensure directory: /storage/extSdCard/Android/data/sstream.app/cache
W/ContextImpl(11766): Failed to ensure directory: /storage/extSdCard/Android/data/sstream.app/cache
D/HockeyApp(11766): Current handler class = sstream.app.util.Log$1
I/art     ( 1036): Explicit concurrent mark sweep GC freed 44173(2MB) AllocSpace objects, 12(1602KB) LOS objects, 22% free, 53MB/69MB, paused 1.544ms total 121.737ms
D/ResourcesManager(11766): creating new AssetManager and set to /system/app/ChatON_MARKET/ChatON_MARKET.apk
D/ApplicationCompatibleReceiver(11766): com.sec.chaton stored Information isn't updated, keep in DB.
D/ResourcesManager(11766): creating new AssetManager and set to /system/priv-app/SecGallery2013/SecGallery2013.apk
D/ResourcesManager(11766): creating new AssetManager and set to /system/priv-app/SecVideoPlayer/SecVideoPlayer.apk
D/ResourcesManager(11766): creating new AssetManager and set to /system/priv-app/SHealth3_5/SHealth3_5.apk
D/ApplicationCompatibleReceiver(11766): com.sec.android.app.videoplayer stored Information isn't updated, keep in DB.
D/ResourcesManager(11766): creating new AssetManager and set to /system/priv-app/SamsungLink20/SamsungLink20.apk
D/ApplicationCompatibleReceiver(11766): com.sec.pcw stored Information isn't updated, keep in DB.
D/ResourcesManager(11766): creating new AssetManager and set to /system/priv-app/Pinboard/Pinboard.apk
D/ApplicationCompatibleReceiver(11766): com.samsung.android.app.pinboard stored Information isn't updated, keep in DB.
D/ResourcesManager(11766): creating new AssetManager and set to /system/priv-app/SecMms_Candy/SecMms_Candy.apk
D/ResourcesManager(11766): creating new AssetManager and set to /system/app/SPlanner_LEGACY/SPlanner_LEGACY.apk
D/ResourcesManager(11766): creating new AssetManager and set to /system/app/SNote4.1Preload/SNote4.1Preload.apk
D/ApplicationCompatibleReceiver(11766): com.android.calendar stored Information isn't updated, keep in DB.
D/ApplicationCompatibleReceiver(11766): com.sec.android.gallery3d stored Information isn't updated, keep in DB.
D/ResourcesManager(11766): creating new AssetManager and set to /system/priv-app/SamsungMusic_20/SamsungMusic_20.apk
D/ResourcesManager(11766): creating new AssetManager and set to /data/app/com.sec.android.app.samsungapps-1/base.apk
D/ResourcesManager(11766): creating new AssetManager and set to /system/priv-app/SecContacts_Phone_OSup_FLAGSHIP_CHN/SecContacts_Phone_OSup_FLAGSHIP_CHN.apk
W/ResourceType(11766): For resource 0x7f0e001c, entry index(28) is beyond type entryCount(11)
W/ResourceType(11766): Failure getting entry for 0x7f0e001c (t=13 e=28) (error -75)
D/ResourcesManager(11766): creating new AssetManager and set to /system/app/SecEmail_K/SecEmail_K.apk
W/ResourceType(11766): For resource 0x7f09002f, entry index(47) is beyond type entryCount(37)
W/ResourceType(11766): Failure getting entry for 0x7f09002f (t=8 e=47) (error -75)
D/ApplicationCompatibleReceiver(11766): com.sec.android.app.samsungapps stored Information isn't updated, keep in DB.
D/ApplicationCompatibleReceiver(11766): com.samsung.android.snote stored Information isn't updated, keep in DB.
D/STATUSBAR-WifiQuickSettingButton( 1505): onWifiSignalChanged enabled=true enabledDesc:"ZZL-309"
D/StatusBar.MSimNetworkController( 1505): applyCU
D/StatusBar.MSimNetworkController( 1505): applyCU
D/StatusBar.MSimNetworkController( 1505): applyCU
D/StatusBar.MSimNetworkController( 1505): applyCU
D/StatusBar.MSimNetworkController( 1505): getNumberOfActiveSim:0
D/Sensorhubs(  310): readContextData: 1, 1, 7, -1
D/SensorHubManager( 1036): onGetSensorHubDataLocked: library(4) = 1, 1, 7, -1
D/CAE     ( 1036): onGetSensorHubData(SensorHubParserProvider.java:87) - onGetSensorHubData Event [event buffer len :4], AP_WAKEUP
I/CAE     ( 1036): parse(SensorHubParserProvider.java:166) - buffer size = 4
I/CAE     ( 1036): parse(SensorHubParserProvider.java:177) - 1, 1, 7, -1,
D/CAE     ( 1036): display(ContextProvider.java:365) - ================= AUTO_ROTATION =================
I/CAE     ( 1036): display(ContextProvider.java:381) - Angle=[-1]
D/SContextService( 1036): updateSContext() : event = Auto Rotation
V/WindowOrientationListener( 1036): mSContextAutoRotationListener.onSContextChanged, Rotation: -1
D/STATUSBAR-WifiQuickSettingButton( 1505): onWifiSignalChanged enabled=true enabledDesc:"ZZL-309"
D/StatusBar.MSimNetworkController( 1505): applyCU
D/StatusBar.MSimNetworkController( 1505): applyCU
D/StatusBar.MSimNetworkController( 1505): applyCU
D/StatusBar.MSimNetworkController( 1505): applyCU
D/StatusBar.MSimNetworkController( 1505): getNumberOfActiveSim:0
E/SQLiteLog(11213): (284) automatic index on LOCAL_DUPS(local_dup_id)
E/kingcard_ActiveSimManager(11597): processFlag: web, [pool-1-temporary-thread-1:2334] ActiveSimManager.isDual(215): isDual, mRealActiveSimManager: null, mInitialized: false
E/kingcard_ActiveSimManager(11597): processFlag: web, [pool-1-temporary-thread-1:2334] ActiveSimManager.isDual(215): isDual, mRealActiveSimManager: null, mInitialized: false
E/SQLiteLog(11213): (284) automatic index on LOCAL_DUPS(local_dup_id)
E/kingcard_ActiveSimManager(11597): processFlag: web, [pool-1-temporary-thread-1:2334] ActiveSimManager.isDual(215): isDual, mRealActiveSimManager: null, mInitialized: false
E/kingcard_ActiveSimManager(11597): processFlag: web, [pool-1-temporary-thread-1:2334] ActiveSimManager.isDual(215): isDual, mRealActiveSimManager: null, mInitialized: false
E/kingcard_ActiveSimManager(11597): processFlag: web, [pool-1-temporary-thread-1:2334] ActiveSimManager.isDual(215): isDual, mRealActiveSimManager: null, mInitialized: false
I/System.out(11064): pool-3-protocalManager-thread-2 calls detatch()
I/Sensors ( 1036): StepCounterSensor - 985
D/STATUSBAR-WifiQuickSettingButton( 1505): onWifiSignalChanged enabled=true enabledDesc:"ZZL-309"
D/StatusBar.MSimNetworkController( 1505): applyCU
D/StatusBar.MSimNetworkController( 1505): applyCU
D/StatusBar.MSimNetworkController( 1505): applyCU
D/StatusBar.MSimNetworkController( 1505): applyCU
D/StatusBar.MSimNetworkController( 1505): getNumberOfActiveSim:0
D/Sensorhubs(  310): readContextData: 1, 1, 7, 2
D/SensorHubManager( 1036): onGetSensorHubDataLocked: library(4) = 1, 1, 7, 2
D/CAE     ( 1036): onGetSensorHubData(SensorHubParserProvider.java:87) - onGetSensorHubData Event [event buffer len :4], AP_WAKEUP
I/CAE     ( 1036): parse(SensorHubParserProvider.java:166) - buffer size = 4
I/CAE     ( 1036): parse(SensorHubParserProvider.java:177) - 1, 1, 7, 2,
D/CAE     ( 1036): display(ContextProvider.java:365) - ================= AUTO_ROTATION =================
I/CAE     ( 1036): display(ContextProvider.java:381) - Angle=[2]
D/SContextService( 1036): updateSContext() : event = Auto Rotation
V/WindowOrientationListener( 1036): mSContextAutoRotationListener.onSContextChanged, Rotation: 2
V/WindowOrientationListener( 1036): mSContextAutoRotationListener.getProposedRotation, mbResultFaceDectection: false
V/WindowOrientationListener( 1036): mSContextAutoRotationListener.getProposedRotation, Rotation: 2
V/WindowOrientationListener( 1036): mSContextAutoRotationListener.getProposedRotation, mbResultFaceDectection: false
V/WindowOrientationListener( 1036): mSContextAutoRotationListener.getProposedRotation, Rotation: 2
D/STATUSBAR-WifiQuickSettingButton( 1505): onWifiSignalChanged enabled=true enabledDesc:"ZZL-309"
D/StatusBar.MSimNetworkController( 1505): applyCU
D/StatusBar.MSimNetworkController( 1505): applyCU
D/StatusBar.MSimNetworkController( 1505): applyCU
D/StatusBar.MSimNetworkController( 1505): applyCU
D/StatusBar.MSimNetworkController( 1505): getNumberOfActiveSim:0
D/Sensorhubs(  310): readContextData: 1, 1, 7, -1
D/SensorHubManager( 1036): onGetSensorHubDataLocked: library(4) = 1, 1, 7, -1
D/CAE     ( 1036): onGetSensorHubData(SensorHubParserProvider.java:87) - onGetSensorHubData Event [event buffer len :4], AP_WAKEUP
I/CAE     ( 1036): parse(SensorHubParserProvider.java:166) - buffer size = 4
I/CAE     ( 1036): parse(SensorHubParserProvider.java:177) - 1, 1, 7, -1,
D/CAE     ( 1036): display(ContextProvider.java:365) - ================= AUTO_ROTATION =================
I/CAE     ( 1036): display(ContextProvider.java:381) - Angle=[-1]
D/SContextService( 1036): updateSContext() : event = Auto Rotation
V/WindowOrientationListener( 1036): mSContextAutoRotationListener.onSContextChanged, Rotation: -1
D/STATUSBAR-WifiQuickSettingButton( 1505): onWifiSignalChanged enabled=true enabledDesc:"ZZL-309"
D/StatusBar.MSimNetworkController( 1505): applyCU
D/StatusBar.MSimNetworkController( 1505): applyCU
D/StatusBar.MSimNetworkController( 1505): applyCU
D/StatusBar.MSimNetworkController( 1505): applyCU
D/StatusBar.MSimNetworkController( 1505): getNumberOfActiveSim:0
W/MessageQueue( 3701): Handler (android.telephony.PhoneStateListener$2) {2562ad9f} sending message to a Handler on a dead thread
W/MessageQueue( 3701): java.lang.IllegalStateException: Handler (android.telephony.PhoneStateListener$2) {2562ad9f} sending message to a Handler on a dead thread
W/MessageQueue( 3701): 	at android.os.MessageQueue.enqueueMessage(MessageQueue.java:325)
W/MessageQueue( 3701): 	at android.os.Handler.enqueueMessage(Handler.java:631)
W/MessageQueue( 3701): 	at android.os.Handler.sendMessageAtTime(Handler.java:600)
W/MessageQueue( 3701): 	at android.os.Handler.sendMessageDelayed(Handler.java:570)
W/MessageQueue( 3701): 	at android.os.Handler.sendMessage(Handler.java:507)
W/MessageQueue( 3701): 	at android.os.Message.sendToTarget(Message.java:416)
W/MessageQueue( 3701): 	at android.telephony.PhoneStateListener$3.onSignalStrengthsChanged(PhoneStateListener.java:657)
W/MessageQueue( 3701): 	at com.android.internal.telephony.IPhoneStateListener$Stub.onTransact(IPhoneStateListener.java:133)
W/MessageQueue( 3701): 	at android.os.Binder.execTransact(Binder.java:446)
D/cell strength( 1726): ===== cell singal strength changed : 12
D/StatusBar.MSimNetworkController( 1505): getNumberOfActiveSim:0
D/StatusBar.MSimNetworkController( 1505): getPhoneSignalIconList: mMaxLevelOfSignalStrengthIndicator = 4 inetCondition = 0
D/StatusBar.MSimNetworkController( 1505): updateTelephonySignalStrength: iconLevel=3
D/STATUSBAR-WifiQuickSettingButton( 1505): onWifiSignalChanged enabled=true enabledDesc:"ZZL-309"
D/StatusBar.MSimNetworkController( 1505): applyCU
D/StatusBar.MSimNetworkController( 1505): applyCU
D/StatusBar.MSimNetworkController( 1505): applyCU
D/StatusBar.MSimNetworkController( 1505): applyCU
D/StatusBar.MSimNetworkController( 1505): getNumberOfActiveSim:0
D/StatusBar.MSimNetworkController( 1505): getNumberOfActiveSim:0
D/StatusBar.MSimNetworkController( 1505): getPhoneSignalIconList: mMaxLevelOfSignalStrengthIndicator = 4 inetCondition = 0
D/StatusBar.MSimNetworkController( 1505): updateTelephonySignalStrength: iconLevel=3
D/STATUSBAR-WifiQuickSettingButton( 1505): onWifiSignalChanged enabled=true enabledDesc:"ZZL-309"
D/StatusBar.MSimNetworkController( 1505): applyCU
D/StatusBar.MSimNetworkController( 1505): applyCU
D/StatusBar.MSimNetworkController( 1505): applyCU
D/StatusBar.MSimNetworkController( 1505): applyCU
D/StatusBar.MSimNetworkController( 1505): getNumberOfActiveSim:0
D/SamsungAudioService( 1036): onUEvent(device) :: USB_CONNECTION = READY
I/AudioPolicyManager(  303): getAudioPolicyConfig: audioParam;outDevice
V/AudioPolicyManager(  303): getNewOutputDevice() selected device 0
V/AudioPolicyManager(  303): ### curdevice : 2
I/SamsungAudioService( 1036): ### set usb check device
V/AudioPolicyManager(  303): setDeviceConnectionState() device: 4, state 1, address 
V/AudioPolicyManager(  303): setDeviceConnectionState() connecting device 4
V/AudioPolicyManager(  303): DeviceVector::refreshTypes() mDeviceTypes 00000007
V/AudioPolicyManager(  303): checkOutputsForDevice(): adding opened output 2
V/AudioPolicyManager(  303): checkOutputsForDevice(): adding profile 0 from module 0
V/AudioPolicyManager(  303): checkOutputsForDevice(): adding profile 2 from module 0
V/AudioPolicyManager(  303):   found 2 profiles, 1 outputs
V/AudioPolicyManager(  303): opening output for device 00000004 with params  profile 0xb314d3e0
W/AudioPolicyManager(  303): checkOutputsForDevice() could not open output for device 4
V/AudioPolicyManager(  303): setDeviceConnectionState() checkOutputsForDevice() returned 1 outputs
V/AudioPolicyManager(  303): getOutputsForDevice device 0001 -> 0001
V/AudioPolicyManager(  303): getOutputsForDevice device 0004 -> 0004
V/AudioPolicyManager(  303): getOutputsForDevice device 0002 -> 0002
V/AudioPolicyManager(  303): getOutputsForDevice device 0002 -> 0002
V/AudioPolicyManager(  303): getOutputsForDevice device 0002 -> 0002
V/AudioPolicyManager(  303): getOutputsForDevice device 0006 -> 0006
V/AudioPolicyManager(  303): getOutputsForDevice device 0002 -> 0002
V/AudioPolicyManager(  303): getOutputsForDevice device 0006 -> 0006
V/AudioPolicyManager(  303): getOutputsForDevice device 0002 -> 0002
V/AudioPolicyManager(  303): getOutputsForDevice device 0004 -> 0004
V/AudioPolicyManager(  303): getOutputsForDevice device 0002 -> 0002
V/AudioPolicyManager(  303): getOutputsForDevice device 0004 -> 0004
V/AudioPolicyManager(  303): getNewOutputDevice() selected device 0
V/AudioPolicyManager(  303): setOutputDevice() output 2 device 0000 delayMs 0
V/AudioPolicyManager(  303): setOutputDevice() prevDevice 0002
V/AudioPolicyManager(  303): setOutputDevice() setting same device 0000 or null device for output 2
D/NetworkStatsFactory( 1036): UpdateStatsForKnox
D/KeyguardUpdateMonitor( 1505): received broadcast android.intent.action.BATTERY_CHANGED
D/KeyguardUpdateMonitor( 1505): handleBatteryUpdate
E/Zygote  (11862): MountEmulatedStorage()
E/Zygote  (11862): v2
I/SELinux (11862): Function: selinux_compare_spd_ram , priority [2] , priority version is VE=SEPF_SM-N9002_5.0-1_0039
E/SELinux (11862): [DEBUG] get_category: variable seinfo: platform sensitivity: NULL, cateogry: NULL
I/CAE     ( 1036): handleMessage(CaPowerManager.java:193) - POWER_CONNECTED
I/CAE     ( 1036): sendCmdToSensorHub(SensorHubCommManager.java:144) - -76, 13, -42, 0,
D/SensorHubManager( 1036): SendSensorHubData: send data = -76, 13, -42, 0
D/Sensorhubs(  310): sendContextData: -76, 13, -42, 0
D/TimaKeyStoreProvider(11862): TimaSignature is unavailable
D/ActivityThread(11862): Added TimaKeyStore provider
D/ResourcesManager(11862): creating new AssetManager and set to /system/app/PopupuiReceiver/PopupuiReceiver.apk
D/PopupuiReceiver(11862): onReceive() getAction : com.android.systemui.power.action.ACTION_CABLE_CONNECTED
D/SecContentProvider2( 1036): uri = -1 selection = getSealedState
D/SecContentProvider2( 1036): mCursor = null
I/PopupuiReceiver_KNOX(11862): getSealedState : true
D/SecContentProvider2( 1036): uri = 15 selection = getSealedHideNotificationMessages
D/SecContentProvider2( 1036): mCursor = null
I/PopupuiReceiver_KNOX(11862): getSealedHideNotificationMessages : 1
D/SecContentProvider2( 1036): uri = 15 selection = getCheckCoverPopupState
D/SecContentProvider2( 1036): mCursor = null
I/PopupuiReceiver_KNOX(11862): getCheckCoverPopupState : true
D/PopupuiReceiver(11862): Action cable connected ! on - 
D/com.qq.connect(11514): android.intent.action.ACTION_POWER_CONNECTED
I/Timeline(11514): Timeline: Activity_launch_request id:com.tencent.android.qqdownloader time:5224759
E/PersonaManagerService( 1036): inState():  stateMachine is null !!
I/PersonaManagerService( 1036): Failed to execute isKioskModeEnabled. java.lang.SecurityException: You need MANAGE_USERS permission to: query user
I/ActivityManager( 1036): do not start freezing screen for locked container getKeyguardshowstate = false
V/ApplicationPolicy( 1036): isApplicationStateBlocked userId 0 pkgname com.tencent.android.qqdownloader
D/ResourcesManager( 1036): creating new AssetManager and set to /data/app/com.tencent.android.qqdownloader-1/base.apk
D/Launcher.HomeView( 1802): onPause
D/Launcher( 1802): Launcher::setSystemUiTransparency(): getSystemUiVisibility() after setting  = 40000000
D/PointerIcon( 1036): setMouseIconStyle1 pointerType: 1001iconType:101 flag:0
D/PointerIcon( 1036): setMouseCustomIcon IconType is same.101
D/PointerIcon( 1036): setHoveringSpenIconStyle1 pointerType: 10001iconType:1 flag:0
D/PointerIcon( 1036): setHoveringSpenCustomIcon IconType is same.1
E/Zygote  (11895): MountEmulatedStorage()
E/Zygote  (11895): v2
I/SELinux (11895): Function: selinux_compare_spd_ram , priority [2] , priority version is VE=SEPF_SM-N9002_5.0-1_0039
E/SELinux (11895): [DEBUG] get_category: variable seinfo: platform sensitivity: NULL, cateogry: NULL
D/TimaKeyStoreProvider(11895): TimaSignature is unavailable
D/ActivityThread(11895): Added TimaKeyStore provider
D/STATUSBAR-WifiQuickSettingButton( 1505): onWifiSignalChanged enabled=true enabledDesc:"ZZL-309"
D/StatusBar.MSimNetworkController( 1505): applyCU
D/ResourcesManager(11895): creating new AssetManager and set to /system/priv-app/DocumentService/DocumentService.apk
D/StatusBar.MSimNetworkController( 1505): applyCU
D/StatusBar.MSimNetworkController( 1505): applyCU
D/StatusBar.MSimNetworkController( 1505): applyCU
D/StatusBar.MSimNetworkController( 1505): getNumberOfActiveSim:0
D/ResourcesManager(11514): creating new AssetManager and set to /data/data/com.tencent.android.qqdownloader/tinker/patch-0b0a1c75/res/resources.apk
V/MediaPlayer(11514): decode(48, 11725752, 5795)
V/MediaPlayerService(  303): decode(39, 11725752, 5795)
V/MediaPlayerService(  303): player type = 3
V/AwesomePlayer(  303): setDefault
V/AwesomePlayer(  303): constructor
V/AwesomePlayer(  303): setDefault
V/AwesomePlayer(  303): reset_l()
V/AwesomePlayer(  303): notifyListner_l() msg (8-MEDIA_STOPPED), ext1 (0), ext2 (0)
V/AwesomePlayer(  303): cancelPlayerEvents (keepNotifications=0)
V/AwesomePlayer(  303): mAudioTrackVector clear
V/AwesomePlayer(  303): reset_l() mAudioPlayer successfully deleted
V/AwesomePlayer(  303): mSecCapture clear
V/AwesomePlayer(  303): mSecMediaClock clear
V/StagefrightPlayer(  303): StagefrightPlayer
V/AwesomePlayer(  303): setListener
V/StagefrightPlayer(  303): initCheck
V/AwesomePlayer(  303): setAudioSink
V/StagefrightPlayer(  303): setDataSource(39, 11725752, 5795)
V/AwesomePlayer(  303): reset_l()
V/AwesomePlayer(  303): notifyListner_l() msg (8-MEDIA_STOPPED), ext1 (0), ext2 (0)
V/AudioCache(  303): notify(0xb0e13e20, 8, 0, 0)
V/AudioCache(  303): ignored
V/AwesomePlayer(  303): cancelPlayerEvents (keepNotifications=0)
V/AwesomePlayer(  303): mAudioTrackVector clear
V/AwesomePlayer(  303): reset_l() mAudioPlayer successfully deleted
V/AwesomePlayer(  303): mSecCapture clear
V/AwesomePlayer(  303): mSecMediaClock clear
D/OggExtractor(  303):  correct time not found. Let's use approximate value
V/AwesomePlayer(  303): track of type 'audio/vorbis' does not publish bitrate
V/AwesomePlayer(  303): mBitrate = -1 bits/sec
I/OggExtractor(  303): OggSource::OggSource() mExtractor ref count = 4
V/AwesomePlayer(  303): current audio track index (0) is added to vector
V/AwesomePlayer(  303): setDataSource_l: Audio(1), Video(0)
I/AwesomePlayer(  303): checkRightsStatus is not necessary - AwesomePlayer::setDataSource_l
V/MediaPlayerService(  303): prepare
V/AwesomePlayer(  303): prepareAsync
V/MediaPlayerService(  303): wait for prepare
V/AwesomePlayer(  303): onPrepareAsyncEvent
I/SecMediaClock(  303): SecMediaClock constructor
I/SecMediaClock(  303): reset
I/SecVideoCapture(  303): SecVideoCapture constructor
I/SecVideoCapture(  303): reset
V/AwesomePlayer(  303): initAudioDecoder
V/AwesomePlayer(  303): checkOffloadExceptions is true
V/AudioPolicyManager(  303): isOffloadSupported: SR=44100, CM=0x3, Format=0x7000000, StreamType=-1, BitRate=4294967295, duration=362187 us, has_video=0
V/AudioPolicyManager(  303): isOffloadSupported: stream_type != MUSIC, returning false
I/OMXCodec(  303): Attempting to allocate OMX node 'OMX.google.vorbis.decoder'
I/OMXCodec(  303): Successfully allocated OMX node 'OMX.google.vorbis.decoder'
I/OMXCodec(  303): >>>UHQA initOutputFormat 16
I/AwesomePlayer(  303): Could not offload audio decode, try pcm offload
V/AudioPolicyManager(  303): isOffloadSupported: SR=44100, CM=0x1, Format=0x1c000001, StreamType=-1, BitRate=4294967295, duration=362187 us, has_video=0
V/AudioPolicyManager(  303): isOffloadSupported: stream_type != MUSIC, returning false
I/OMXCodec(  303): [OMX.google.vorbis.decoder] OMXCodec::start mState=1
I/OMXCodec(  303): [OMX.google.vorbis.decoder] allocating 4 buffers of size 8192 on input port
I/OMXCodec(  303): [OMX.google.vorbis.decoder] allocating 4 buffers of size 32768 on output port
I/OMXCodec(  303): [OMX.google.vorbis.decoder] Now Idle. Component sends idle done Event 
V/AwesomePlayer(  303): finishAsyncPrepare_l
V/AwesomePlayer(  303): notifyListner_l() msg (200-MEDIA_INFO), ext1 (973), ext2 (0)
V/AudioCache(  303): notify(0xb0e13e20, 200, 973, 0)
V/AudioCache(  303): ignored
V/AwesomePlayer(  303): notifyListner_l() msg (5-MEDIA_SET_VIDEO_SIZE), ext1 (0), ext2 (0)
V/AudioCache(  303): notify(0xb0e13e20, 5, 0, 0)
V/AudioCache(  303): ignored
V/AwesomePlayer(  303): notifyListner_l() msg (1-MEDIA_PREPARED), ext1 (0), ext2 (0)
V/AudioCache(  303): notify(0xb0e13e20, 1, 0, 0)
V/AudioCache(  303): prepared
V/AudioCache(  303): wait - success
V/MediaPlayerService(  303): start
V/StagefrightPlayer(  303): start
V/AwesomePlayer(  303): play
V/AwesomePlayer(  303): AwesomePlayer::play_l():: This is not a DRM content
V/AwesomePlayer(  303): startAudioPlayer_l, sendErrorNotification (0)
D/AudioPlayer(  303): start of Playback, useOffload 0
I/OMXCodec(  303): [OMX.google.vorbis.decoder] 0onCmdComplete  mState =  7
I/OMXCodec(  303): [OMX.google.vorbis.decoder] PORT_DISABLED(1)
I/OMXCodec(  303): >>>UHQA initOutputFormat 16
I/OMXCodec(  303): [OMX.google.vorbis.decoder] allocating 4 buffers of size 32768 on output port
I/OMXCodec(  303): [OMX.google.vorbis.decoder] End Of Stream
I/AudioPlayer(  303): Audio channels(2)
I/AudioPlayer(  303): Audioplayer kKeyAudioPCMFormat:0, 1, 0
I/AudioPlayer(  303): Audioplayer kKeyAudioPCMFormat read fail(2, 1)
V/AudioCache(  303): open(44100, 2, 0x0, 1, 0)
V/AwesomePlayer(  303): notifyListner_l() msg (6-MEDIA_STARTED), ext1 (0), ext2 (0)
V/AudioCache(  303): notify(0xb0e13e20, 6, 0, 0)
V/AudioCache(  303): ignored
V/AwesomePlayer(  303): addBatteryData
I/AudioPlayer(  303): First fillBuffer call!!
I/AudioPlayer(  303): >>> setAudioEffect Read mAudioFormat : 1, event : 48323988, value : -1177059764
E/AudioPlayer(  303): >>> setAudioEffect Error mAudioFormat : 1, event : 48323988, value : -1177059764
V/MediaPlayerService(  303): wait for playback complete
V/AwesomePlayer(  303): postAudioEOS delayUs (0)
V/AwesomePlayer(  303): onCheckAudioStatus
V/AwesomePlayer(  303): onCheckAudioStatus() set AUDIO_AT_EOS flag
V/AwesomePlayer(  303): onStreamDone
V/AwesomePlayer(  303): MEDIA_PLAYBACK_COMPLETE
V/AwesomePlayer(  303): notifyListner_l() msg (2-MEDIA_PLAYBACK_COMPLETE), ext1 (0), ext2 (0)
V/AudioCache(  303): notify(0xb0e13e20, 2, 0, 0)
V/AudioCache(  303): playback complete - thread will wake up later
V/AwesomePlayer(  303): notifyListner_l() msg (7-MEDIA_PAUSED), ext1 (0), ext2 (0)
V/AudioCache(  303): notify(0xb0e13e20, 7, 0, 0)
V/AudioCache(  303): ignored
V/AwesomePlayer(  303): cancelPlayerEvents (keepNotifications=1)
V/AwesomePlayer(  303): addBatteryData
V/AudioCache(  303): wait - success
V/StagefrightPlayer(  303): reset
V/AwesomePlayer(  303): reset_l()
V/AwesomePlayer(  303): notifyListner_l() msg (8-MEDIA_STOPPED), ext1 (0), ext2 (0)
V/AudioCache(  303): notify(0xb0e13e20, 8, 0, 0)
V/AudioCache(  303): ignored
V/AwesomePlayer(  303): cancelPlayerEvents (keepNotifications=0)
V/AwesomePlayer(  303): mAudioTrackVector clear
D/AudioPlayer(  303): reset: mPlaying=0 mReachedEOS=1 useOffload=0
I/OMXCodec(  303): [OMX.google.vorbis.decoder] stop mState=4
I/OMXCodec(  303): [OMX.google.vorbis.decoder] stop() sendCommand(0x13e, OMX_CommandStateSet, OMX_StateIdle)
I/OMXCodec(  303): [OMX.google.vorbis.decoder] Now Idle. Component sends idle done Event 
I/OMXCodec(  303): [OMX.google.vorbis.decoder] stopOmxComponent_l() mstate = 1
I/OggExtractor(  303): OggSource::stop() mExtractor ref count = 1
I/OggExtractor(  303): OggSource::~OggSource() mExtractor !mStarted ref count = 1
I/OggExtractor(  303): ~OggSource --
I/OggExtractor(  303): ~OggExtractor ++
I/OggExtractor(  303): ~MyVorbisExtractor ++ 
I/OggExtractor(  303): ~MyVorbisExtractor --
I/OggExtractor(  303): ~OggExtractor --
I/AudioPlayer(  303): reset out
V/AwesomePlayer(  303): reset_l() mAudioPlayer successfully deleted
I/SecVideoCapture(  303): SecVideoCapture destructor
I/SecVideoCapture(  303): reset
V/AwesomePlayer(  303): mSecCapture clear
I/SecMediaClock(  303): SecMediaClock destructor
V/AwesomePlayer(  303): mSecMediaClock clear
V/StagefrightPlayer(  303): ~StagefrightPlayer
V/StagefrightPlayer(  303): reset
V/AwesomePlayer(  303): reset_l()
V/AwesomePlayer(  303): notifyListner_l() msg (8-MEDIA_STOPPED), ext1 (0), ext2 (0)
V/AwesomePlayer(  303): cancelPlayerEvents (keepNotifications=0)
V/AwesomePlayer(  303): mAudioTrackVector clear
V/AwesomePlayer(  303): reset_l() mAudioPlayer successfully deleted
V/AwesomePlayer(  303): mSecCapture clear
V/AwesomePlayer(  303): mSecMediaClock clear
V/AwesomePlayer(  303): destructor
V/AwesomePlayer(  303): reset_l()
V/AwesomePlayer(  303): notifyListner_l() msg (8-MEDIA_STOPPED), ext1 (0), ext2 (0)
V/AwesomePlayer(  303): cancelPlayerEvents (keepNotifications=0)
V/AwesomePlayer(  303): mAudioTrackVector clear
V/AwesomePlayer(  303): reset_l() mAudioPlayer successfully deleted
V/AwesomePlayer(  303): mSecCapture clear
V/AwesomePlayer(  303): mSecMediaClock clear
W/beacon  (11514):  err BF 3R! num:2
I/ThumbnailProvider(11895): ThumbnailProvider onCreate()
I/DocumentBroadcastReceiver(11895): DocumentService onReceive android.intent.action.ACTION_POWER_CONNECTED
I/BroadcastProcessorService(11895): [START] processBroadcastIntent ...
D/Activity(11514): performCreate Call secproduct feature valuefalse
D/Activity(11514): performCreate Call debug elastic valuetrue
D/PointerIcon( 1036): setMouseIconStyle1 pointerType: 1001iconType:101 flag:0
D/PointerIcon( 1036): setMouseCustomIcon IconType is same.101
D/PointerIcon( 1036): setHoveringSpenIconStyle1 pointerType: 10001iconType:1 flag:0
D/InputMethodManagerService( 1036): windowGainedFocus mCurrentFocusedUserId - 0 and mSecureKeypadEnabled-false
D/PointerIcon( 1036): setHoveringSpenCustomIcon IconType is same.1
E/TranscodeReceiver(11313): onReceive : android.intent.action.ACTION_POWER_CONNECTED
I/BroadcastProcessorService(11895): DocumentService onHandleIntent ACTION_POWER_CONNECTED 
D/videowall-Global(11313): core_num = 4
D/SamsungAudioService( 1036): onUEvent(device) :: USB_CONNECTION = CONNECTED
D/SecContentProvider( 1036): uri = 18 selection = isUsbMediaPlayerAvailable
I/AudioPolicyManager(  303): getAudioPolicyConfig: audioParam;outDevice
V/AudioPolicyManager(  303): getNewOutputDevice() selected device 0
V/AudioPolicyManager(  303): ### curdevice : 4
I/SamsungAudioService( 1036): ### release usb check device
V/AudioPolicyManager(  303): setDeviceConnectionState() device: 4, state 0, address 
V/AudioPolicyManager(  303): setDeviceConnectionState() disconnecting output device 4
D/audio_hw_primary(  303): adev_set_parameters: enter: disconnect=4
V/voice   (  303): voice_set_parameters: enter: disconnect=4
V/voice   (  303): voice_set_parameters: exit with code(-2)
V/msm8974_platform(  303): platform_set_parameters: enter: disconnect=4
V/msm8974_platform(  303): platform_set_parameters: exit with code(-2)
D/audio_hw_hfp(  303): audio_extn_hfp_set_parameters: enter
V/audio_hw_primary(  303): adev_set_parameters: exit
V/AudioPolicyManager(  303): DeviceVector::refreshTypes() mDeviceTypes 00000003
V/AudioPolicyManager(  303): checkOutputsForDevice(): clearing direct output profile 0 on module 0
V/AudioPolicyManager(  303): checkOutputsForDevice(): clearing direct output profile 2 on module 0
V/AudioPolicyManager(  303): getOutputsForDevice device 0004 -> 0004
V/AudioPolicyManager(  303): getOutputsForDevice device 0001 -> 0001
V/AudioPolicyManager(  303): getOutputsForDevice device 0002 -> 0002
V/AudioPolicyManager(  303): getOutputsForDevice device 0002 -> 0002
V/AudioPolicyManager(  303): getOutputsForDevice device 0006 -> 0006
V/AudioPolicyManager(  303): getOutputsForDevice device 0002 -> 0002
V/AudioPolicyManager(  303): getOutputsForDevice device 0006 -> 0006
V/AudioPolicyManager(  303): getOutputsForDevice device 0002 -> 0002
V/AudioPolicyManager(  303): getOutputsForDevice device 0004 -> 0004
V/AudioPolicyManager(  303): getOutputsForDevice device 0002 -> 0002
V/AudioPolicyManager(  303): getOutputsForDevice device 0004 -> 0004
V/AudioPolicyManager(  303): getOutputsForDevice device 0002 -> 0002
V/AudioPolicyManager(  303): getNewOutputDevice() selected device 0
V/AudioPolicyManager(  303): setOutputDevice() output 2 device 0000 delayMs 0
V/AudioPolicyManager(  303): setOutputDevice() prevDevice 0002
V/AudioPolicyManager(  303): setOutputDevice() setting same device 0000 or null device for output 2
D/ApplicationPolicy( 1036): isStatusBarNotificationAllowedAsUser: packageName = android,userId = -1
V/ApplicationPolicy( 1036): isApplicationStateBlocked userId -1 pkgname android
W/linker  (11313): libsthmb.so has text relocations. This is wasting memory and prevents security hardening. Please fix.
D/com.qq.connect(11514): startFileTCPService
I/SystemInfo(11895): [SYSTEM STATUS] Battery and Storage levels are OK:
I/BroadcastProcessorService(11895): [CURRENT_STATE] DocumentService state: SERVICE_NOT_STARTED
W/linker  (11313): libvwengine.so has text relocations. This is wasting memory and prevents security hardening. Please fix.
I/BroadcastProcessorService(11895): [START] DocumentService startDocumentService
I/DocumentService(11895): DocumentService onCreate ... service
D/videowall-Global(11313): density : 3.0 width : 1080 height : 1920 Raw width : 1080 Raw height : 1920
D/KnoxNotification( 1505): ----- inflateViews : modified publicViewLocal -----
D/videowall-Global(11313): dsp : 1080, swkey : false, Cores : 4, Clock : 0
D/KnoxNotification( 1505): ----- inflateViews : modified KnoxViewLocal -----
D/PersonaManager( 1505): PersonaID is invalid or persona doesn't exists. : -1
D/PersonaManager( 1505): isKioskContainerExistOnDevice
D/PersonaManager( 1505): isKioskContainerExistOnDevice
D/com.qq.connect(11514): startIPCServer start wifiAdminServer
D/com.qq.connect(11514): switch to wifi
D/TranscodeService(11313): onCreate()
D/Launcher( 1802): onResume, Launcher: 424732104
D/SettingsProvider( 1036): name = kids_home_mode
D/SettingsProvider( 1036): edmUri: content://com.sec.knox.provider/RestrictionPolicy3
D/SettingsProvider( 1036): projectionArgs: isSettingsChangesAllowed
D/SettingsProvider( 1036): selectionArgs: false
D/SettingsProvider( 1036): selectionArgs: 10008
D/SecContentProvider( 1036): uri = 17 selection = isSettingsChangesAllowed
D/SettingsProvider( 1036): ret = -1
D/Launcher.HomeView( 1802): onResume
D/Launcher( 1802): Launcher::setSystemUiTransparency(): getSystemUiVisibility() after setting  = 8000
I/KnoxUsageLogPro( 9142): KnoxUsageReceiver onReceive :android.intent.action.ACTION_POWER_CONNECTED myUserId=0
I/KnoxUsageLogPro( 9142): premStatus:2
I/KnoxUsageLogPro( 9142): isEulaShown : false
I/KnoxUsageLogPro( 9142): KnoxUsageReceiver onReceive : not Processible, just return
D/MenuAppsGridFragment( 1802): onResume
D/ActivityManager( 1036): handle home activity for 0
I/WallpaperManagerService( 1036): switchPersonaWallpaper is called for personaId-0
D/KnoxTimeoutHandler( 1036): post home show event for user 0
I/MultiWindowTrayService(32233): mHomeResumeReceiver : onReceive
D/WallpaperManagerService( 1036):  force update = false; persona id = 0; current user =0; current persona = 0
D/ActivityManager( 1036): post active user change for 0
I/Sally Service(32233): removeWindow window
D/KnoxTimeoutHandler( 1036): postActiveUserChange for user 0
D/KnoxTimeoutHandler( 1036): handleHomeShow for 0 and current 0
D/KnoxTimeoutHandler( 1036): handleActiveUserChange for user 0
V/TaskCloserActivity(27433): TaskCloserActivity onReceive() - com.sec.android.intent.action.HOME_PAUSE
I/Timeline( 1802): Timeline: Activity_idle id: android.os.BinderProxy@278e47aa time:5225240
W/Settings( 2434): Setting airplane_mode_on has moved from android.provider.Settings.System to android.provider.Settings.Global, returning read-only value.
D/StatusBar( 1505): getNumberOfActiveSim:0
D/PanelView( 1505): There is/are notification(s) 
W/ContextImpl(11895): Failed to ensure directory: /storage/extSdCard/Android/data/com.samsung.indexservice/files
W/ContextImpl(11895): Failed to ensure directory: /storage/extSdCard/Android/data/com.samsung.indexservice/files
D/TranscodeService(11313): power? : true / screen off : false / ssrm.live_thumbnail : false, 1
D/TranscodeService(11313): releaseTranscodeThread.
D/TranscodeService(11313): releaseTranscodeThread.
D/PanelView( 1505): There is/are notification(s) 
D/PersonaManager( 1505): isKioskContainerExistOnDevice
E/Zygote  (11951): MountEmulatedStorage()
E/Zygote  (11951): v2
I/SELinux (11951): Function: selinux_compare_spd_ram , priority [2] , priority version is VE=SEPF_SM-N9002_5.0-1_0039
E/SELinux (11951): [DEBUG] get_category: variable seinfo: platform sensitivity: NULL, cateogry: NULL
D/StatusBar( 1505): getNumberOfActiveSim:0
D/PanelView( 1505): There is/are notification(s) 
D/TimaKeyStoreProvider(11951): TimaSignature is unavailable
D/ActivityThread(11951): Added TimaKeyStore provider
D/com.qq.connect(11514): using guid in !
D/com.qq.connect(11514):  thumb for /storage/emulated/0/tencent/tassistant/skin_pkg/using_skin_res/110_2/other_res/tab5/tab_2_selected.png
D/com.qq.connect(11514): updateAllIconCache over ,cache count: 319
D/ResourcesManager(11951): creating new AssetManager and set to /system/priv-app/MtpApplication/MtpApplication.apk
E/MTPRx   (11951): In MtpReceiverandroid.hardware.usb.action.USB_STATE
D/SecContentProvider2( 1036): uri = 14 selection = getSealedState
D/SecContentProvider2( 1036): mCursor = null
D/SecContentProvider2( 1036): uri = 14 selection = getSealedUsbMassStorageState
D/SecContentProvider2( 1036): mCursor = null
V/MTPRx   (11951): sealedState: false
V/MTPRx   (11951): sealedUsbMassStorageState: false
E/MTPRx   (11951): check value of boot_completed is1
E/MTPRx   (11951): check booting is completed_sys.boot_completed
E/MTPRx   (11951): Sd-Card path/storage/extSdCard
E/MTPRx   (11951): Status for mount/Unmount :removed
E/MTPRx   (11951): SDcard is not available
D/com.qq.connect(11514):  thumb for /storage/emulated/0/Pictures/Screenshots/Screenshot_2017-12-04-14-30-36.png
W/MTPRx   (11951): value of connected istrue
W/MTPRx   (11951): value of configured isfalse
W/MTPRx   (11951): value of mtpEnabled istrue
W/MTPRx   (11951): value of ptpEnabled isfalse
E/MTPRx   (11951): Received USB_STATE with sdCardLaunch = 0
E/MTPRx   (11951): configured is false
D/ResourcesManager(11514): creating new AssetManager and set to /data/app/com.tencent.mobileqq-1/base.apk
D/ResourcesManager(11514): creating new AssetManager and set to /system/priv-app/SystemUI/SystemUI.apk
D/GalleryCacheReady(27337): Receive : home resume
D/Mms/UIEventReceiver( 7933): ui event
D/com.qq.connect(11514): unkown drawable!::android.graphics.drawable.VectorDrawable@1e5e8114
D/ResourcesManager(11514): creating new AssetManager and set to /data/app/xy.xinyi.vvlive.android-1/base.apk
D/PushAndAttach( 8688): mAssignedMemoMap.size() :0
D/com.qq.connect(11514):  thumb for /storage/emulated/0/Pictures/Screenshots/Screenshot_2017-12-04-14-30-23.png
V/TaskCloserActivity(27433): TaskCloserActivity onReceive() - com.sec.android.intent.action.HOME_RESUME
W/Settings(11514): Setting adb_enabled has moved from android.provider.Settings.System to android.provider.Settings.Global, returning read-only value.
D/ResourcesManager(11514): creating new AssetManager and set to /data/app/com.shuame.sprite-1/base.apk
D/ResourcesManager(11514): creating new AssetManager and set to /data/app/com.mgyun.shua.protector-1/base.apk
E/SystemInfo(11895): [SIOP LEVEL] : 0
I/DocumentServiceUtils(11895):  Total PDF: 0 PDF size: 0 OtherFiles Size: 0
E/SystemInfo(11895): DocumentService [SIOP LEVEL] changed to 0
E/SystemInfo(11895): DocumentService Resume indexing as [SIOP LEVEL] changed to < 2
I/DocumentService(11895): [BEGIN SYNC] DocumentService beginIndexing :16
D/ResourcesManager(11514): creating new AssetManager and set to /data/app/com.mgyapp.android-1/base.apk
D/com.qq.connect(11514):  thumb for /storage/emulated/0/Pictures/Screenshots/Screenshot_2017-12-04-14-30-25.png
D/ResourcesManager(11514): creating new AssetManager and set to /data/app/com.supercleaner-1/base.apk
D/com.qq.connect(11514): updateAllIconCache spent time: 515
D/com.qq.connect(11514):  thumb for /storage/emulated/0/Pictures/Screenshots/Screenshot_2017-12-04-14-30-27.png
D/com.qq.connect(11514):  thumb for /storage/emulated/0/Pictures/Screenshots/Screenshot_2017-12-04-14-30-31.png
I/Sensors ( 1036): StepCounterSensor - 989
D/SecContentProvider( 1036): uri = 18 selection = isUsbMediaPlayerAvailable
E/MTPRx   (11951): In MtpReceiverandroid.hardware.usb.action.USB_STATE
D/SecContentProvider2( 1036): uri = 14 selection = getSealedState
D/SecContentProvider2( 1036): mCursor = null
D/SecContentProvider2( 1036): uri = 14 selection = getSealedUsbMassStorageState
D/SecContentProvider2( 1036): mCursor = null
V/MTPRx   (11951): sealedState: false
V/MTPRx   (11951): sealedUsbMassStorageState: false
E/MTPRx   (11951): check value of boot_completed is1
E/MTPRx   (11951): check booting is completed_sys.boot_completed
E/MTPRx   (11951): Sd-Card path/storage/extSdCard
E/MTPRx   (11951): Status for mount/Unmount :removed
E/MTPRx   (11951): SDcard is not available
W/MTPRx   (11951): value of connected istrue
W/MTPRx   (11951): value of configured istrue
W/MTPRx   (11951): value of mtpEnabled istrue
W/MTPRx   (11951): value of ptpEnabled isfalse
E/MTPRx   (11951): Received USB_STATE with sdCardLaunch = 0
E/MTPRx   (11951): mFirstTime: false
D/        (11951): MTP: reading debug level property
D/com.qq.connect(11514): thumb thread time spent649
E/MTPJNIInterface(11951): Getting CryptionKey from JAVA
E/MTPRx   (11951): currentUserId is 0
E/MTPRx   (11951): Start observing USB_STATE_MATCH 
E/MTPRx   (11951): usbMode is 0210
E/MTPRx   (11951): is_Privatemode is NOT 1
D/SettingsProvider( 1036): name = boot_time_connected
E/MTPRx   (11951): Sending NORMAL_BOOT to stack
E/MTPJNIInterface(11951): noti = 17
D/SettingsProvider( 1036): name = mtp_usb_conditions_met
D/SecContentProvider( 1036): uri = 18 selection = isUsbMediaPlayerAvailable
E/MTPRx   (11951): sending MTP_ICON_ENABLED to stack
D/SettingsProvider( 1036): name = mtp_running_status
D/SettingsProvider( 1036): name = mtp_usb_conditions_met
E/MTPRx   (11951): else part ... so first time!!!
E/MTPPlaObsrvr(11951): inside setContext()
E/MTPPlaObsrvr(11951):  inside createplafiles
E/MTPPlaObsrvr(11951): playlist count is0
E/MTPPlaObsrvr(11951):  inside try branch createplafiles
E/MTPPlaObsrvr(11951):  inside deleteing plas createplafiles
E/MTPPlaObsrvr(11951): Inside registerContentObserver
E/MtpAdbObserver(11951): inside setContext()
E/MtpAdbObserver(11951): Inside registerContentObserver
W/Settings(11951): Setting adb_enabled has moved from android.provider.Settings.System to android.provider.Settings.Global, returning read-only global URI.
D/SettingsProvider( 1036): name = mtp_running_status
D/SettingsProvider( 1036): name = mtp_usb_conditions_met
E/MtpService(11951): onCreate.
E/MtpService(11951): < MTP > Registering BroadCast receiver :::::
E/MtpService(11951): < MTP > Registering BroadCast registerBroadCastPolicyRec :::::
W/Settings(11514): Setting adb_enabled has moved from android.provider.Settings.System to android.provider.Settings.Global, returning read-only value.
E/MtpService(11951): < MTP > Registering BroadCast registerBroadCastEmergencyRec :::::
E/MtpService(11951): onStartCommand.
E/MtpService(11951): handleMessage. msg= { when=0 what=0 arg1=1 obj=Intent { cmp=com.samsung.android.MtpApplication/.MtpService } target=com.samsung.android.MtpApplication.MtpService$ServiceHandler }
W/MTPRx   (11951): calling native method
E/MTPJNIInterface(11951): < MTP > Registering BroadCast receiver :::::
E/MTPJNIInterface(11951): < MTP > Registering BroadCast receiver :::::::
D/MtpService( 2102): updating state; isCurrentUser=true, mMtpLocked=false
E/MTPJNIInterface(11951): noti = 10
E/MtpService(11951): onStartCommand.
E/MtpService(11951): handleMessage. msg= { when=-1ms what=0 arg1=2 obj=Intent { cmp=com.samsung.android.MtpApplication/.MtpService } target=com.samsung.android.MtpApplication.MtpService$ServiceHandler }
W/MTPRx   (11951): calling native method
E/MTPRx   (11951): Checking the driver time out
E/MTPJNIInterface(11951): noti = 2
D/        (11951): deleting sockets before message queue initialization
D/MtpService( 2102): addStorageLocked 65537 /storage/emulated/0
D/        (11951): event handler thread is created, so set the flag
E/MTPRx   (11951): called native method
E/MTPJNIInterface(11951): setting Media scanner status0
E/MTPJNIInterface(11951): After setting Media scanner status0
W/MTPRx   (11951): notification from stack 1
D/MtpService( 2102): updating state; isCurrentUser=true, mMtpLocked=false
E/        (11951): Unable to get Object Class and clearing cls 2 [int check_media_scanner_status() 594]
E/MTPJNIInterface(11951): Getting media scanner status0
E/MTPJNIInterface(11951): DeviceName is Galaxy Note3
D/MediaScanner( 2102): MediaScanner - mSkipList:
D/MediaScanner( 2102): 7klwibgf7fvntblfd7(7bnlwubmrdblb.(747klwibgf7fvntblfd7(7DrwDrcl+A7
E/        (11951): setDevicePropDeviceCertificate::DRM Initialize fail!! [setDevicePropDeviceCertificate 272]
E/        (11951): Set DeviceCertificate : FAIL!  Fake DeviceCertificate Set [setDevicePropDeviceCertificate 447]
D/MtpService( 2102): starting MTP server in MTP mode
E/MtpServerJNI( 2102): could not open MTP driver, errno: 2
D/MtpService( 2102): addStorageLocked 65537 /storage/emulated/0
E/MtpServerJNI( 2102): server is null in add_storage
E/MtpServerJNI( 2102): server is null in send_object_removed
E/MtpServerJNI( 2102): server is null in run
E/MtpServerJNI( 2102): server is null in cleanup
I/art     ( 1036): Explicit concurrent mark sweep GC freed 35023(2MB) AllocSpace objects, 9(2MB) LOS objects, 23% free, 51MB/67MB, paused 1.504ms total 113.438ms
