--------- beginning of main
E/LpnetManagerService( 1036): isAutoRunBlockedPackage isAutoRunBlocked:false,processName: com.sina.weibo
E/LpnetManagerService( 1036): isAutoRunBlockedPackage isAutoRunBlocked:false,processName: com.asiainfo.android
E/LpnetManagerService( 1036): isAutoRunBlockedPackage isAutoRunBlocked:false,processName: com.sohu.inputmethod.sogou
E/LpnetManagerService( 1036): isAutoRunBlockedPackage isAutoRunBlocked:false,processName: com.sec.android.app.SmartClipService
E/LpnetManagerService( 1036): isAutoRunBlockedPackage isAutoRunBlocked:false,processName: com.samsung.android.sconnect
E/LpnetManagerService( 1036): isAutoRunBlockedPackage isAutoRunBlocked:false,processName: com.sec.knox.bridge
E/LpnetManagerService( 1036): isAutoRunBlockedPackage isAutoRunBlocked:false,processName: flipboard.cn
E/LpnetManagerService( 1036): isAutoRunBlockedPackage isAutoRunBlocked:false,processName: com.sec.chaton
E/LpnetManagerService( 1036): isAutoRunBlockedPackage isAutoRunBlocked:false,processName: com.samsung.android.service.travel
E/LpnetManagerService( 1036): isAutoRunBlockedPackage isAutoRunBlocked:false,processName: com.policydm
E/LpnetManagerService( 1036): isAutoRunBlockedPackage isAutoRunBlocked:false,processName: com.sec.android.soagent
E/LpnetManagerService( 1036): isAutoRunBlockedPackage isAutoRunBlocked:false,processName: com.samsung.aasaservice
E/LpnetManagerService( 1036): isAutoRunBlockedPackage isAutoRunBlocked:false,processName: com.samsung.android.app.galaxyfinder
E/LpnetManagerService( 1036): isAutoRunBlockedPackage isAutoRunBlocked:false,processName: com.samsung.android.app.pinboard
E/LpnetManagerService( 1036): isAutoRunBlockedPackage isAutoRunBlocked:false,processName: com.samsung.klmsagent
E/LpnetManagerService( 1036): isAutoRunBlockedPackage isAutoRunBlocked:false,processName: com.sec.android.diagmonagent
E/LpnetManagerService( 1036): isAutoRunBlockedPackage isAutoRunBlocked:false,processName: com.sec.android.cloudagent
E/LpnetManagerService( 1036): isAutoRunBlockedPackage isAutoRunBlocked:false,processName: com.samsung.android.scloud.backup
E/LpnetManagerService( 1036): isAutoRunBlockedPackage isAutoRunBlocked:false,processName: com.baidu.netdisk_ss
E/LpnetManagerService( 1036): isAutoRunBlockedPackage isAutoRunBlocked:false,processName: com.android.providers.media
E/LpnetManagerService( 1036): isAutoRunBlockedPackage isAutoRunBlocked:false,processName: com.android.providers.downloads
E/LpnetManagerService( 1036): isAutoRunBlockedPackage isAutoRunBlocked:false,processName: com.android.providers.downloads.ui
E/LpnetManagerService( 1036): isAutoRunBlockedPackage isAutoRunBlocked:false,processName: com.sec.android.fotaclient
E/LpnetManagerService( 1036): isAutoRunBlockedPackage isAutoRunBlocked:false,processName: com.osp.app.signin
E/LpnetManagerService( 1036): isAutoRunBlockedPackage isAutoRunBlocked:false,processName: com.sec.pcw.device
E/LpnetManagerService( 1036): isAutoRunBlockedPackage isAutoRunBlocked:false,processName: com.samsung.inputmethod
E/LpnetManagerService( 1036): isAutoRunBlockedPackage isAutoRunBlocked:false,processName: com.sohu.inputmethod.sogou
E/LpnetManagerService( 1036): isAutoRunBlockedPackage isAutoRunBlocked:false,processName: com.tencent.mm
E/LpnetManagerService( 1036): isAutoRunBlockedPackage isAutoRunBlocked:false,processName: com.sec.android.app.shealth
E/LpnetManagerService( 1036): isAutoRunBlockedPackage isAutoRunBlocked:false,processName: com.tencent.mm
E/LpnetManagerService( 1036): isAutoRunBlockedPackage isAutoRunBlocked:false,processName: com.android.providers.userdictionary
E/LpnetManagerService( 1036): isAutoRunBlockedPackage isAutoRunBlocked:false,processName: com.android.providers.contacts
E/LpnetManagerService( 1036): isAutoRunBlockedPackage isAutoRunBlocked:false,processName: com.sec.android.daemonapp
E/LpnetManagerService( 1036): isAutoRunBlockedPackage isAutoRunBlocked:false,processName: com.samsung.android.app.pinboard
E/LpnetManagerService( 1036): isAutoRunBlockedPackage isAutoRunBlocked:false,processName: com.samsung.android.providers.context
E/LpnetManagerService( 1036): isAutoRunBlockedPackage isAutoRunBlocked:false,processName: com.sec.android.app.FlashBarService
E/LpnetManagerService( 1036): isAutoRunBlockedPackage isAutoRunBlocked:false,processName: com.sec.android.app.GlanceView
E/LpnetManagerService( 1036): isAutoRunBlockedPackage isAutoRunBlocked:false,processName: com.sohu.inputmethod.sogou
E/LpnetManagerService( 1036): isAutoRunBlockedPackage isAutoRunBlocked:false,processName: com.sec.android.provider.logsprovider
E/LpnetManagerService( 1036): isAutoRunBlockedPackage isAutoRunBlocked:false,processName: com.baidu.map.location
E/LpnetManagerService( 1036): isAutoRunBlockedPackage isAutoRunBlocked:false,processName: com.sec.phone
E/LpnetManagerService( 1036): isAutoRunBlockedPackage isAutoRunBlocked:false,processName: com.tencent.engine
E/LpnetManagerService( 1036): isAutoRunBlockedPackage isAutoRunBlocked:false,processName: com.sec.android.pagebuddynotisvc
E/LpnetManagerService( 1036): isAutoRunBlockedPackage isAutoRunBlocked:false,processName: com.sec.android.service.sm
E/LpnetManagerService( 1036): isAutoRunBlockedPackage isAutoRunBlocked:false,processName: com.sec.android.app.shealth
E/LpnetManagerService( 1036): isAutoRunBlockedPackage isAutoRunBlocked:false,processName: com.android.bluetooth
E/LpnetManagerService( 1036): isAutoRunBlockedPackage isAutoRunBlocked:false,processName: com.android.incallui
E/LpnetManagerService( 1036): isAutoRunBlockedPackage isAutoRunBlocked:false,processName: com.sec.android.app.simcardmgr
E/LpnetManagerService( 1036): isAutoRunBlockedPackage isAutoRunBlocked:false,processName: org.simalliance.openmobileapi.service
E/LpnetManagerService( 1036): isAutoRunBlockedPackage isAutoRunBlocked:false,processName: com.sec.location.nsflp
E/LpnetManagerService( 1036): isAutoRunBlockedPackage isAutoRunBlocked:false,processName: com.android.providers.telephony
E/LpnetManagerService( 1036): isAutoRunBlockedPackage isAutoRunBlocked:false,processName: com.sec.android.app.simcardmgr
E/LpnetManagerService( 1036): isAutoRunBlockedPackage isAutoRunBlocked:false,processName: com.android.stk
E/LpnetManagerService( 1036): isAutoRunBlockedPackage isAutoRunBlocked:false,processName: com.android.stk2
E/LpnetManagerService( 1036): isAutoRunBlockedPackage isAutoRunBlocked:false,processName: com.sec.enterprise.mdm.services.simpin
E/LpnetManagerService( 1036): isAutoRunBlockedPackage isAutoRunBlocked:false,processName: com.android.settings
E/LpnetManagerService( 1036): isAutoRunBlockedPackage isAutoRunBlocked:false,processName: com.sec.android.app.bluetoothtest
E/LpnetManagerService( 1036): isAutoRunBlockedPackage isAutoRunBlocked:false,processName: com.android.phone
E/LpnetManagerService( 1036): isAutoRunBlockedPackage isAutoRunBlocked:false,processName: com.samsung.sec.android.application.csc
E/LpnetManagerService( 1036): isAutoRunBlockedPackage isAutoRunBlocked:false,processName: com.android.nfc
E/LpnetManagerService( 1036): isAutoRunBlockedPackage isAutoRunBlocked:false,processName: com.android.server.telecom
E/LpnetManagerService( 1036): isAutoRunBlockedPackage isAutoRunBlocked:false,processName: com.android.systemui
E/LpnetManagerService( 1036): isAutoRunBlockedPackage isAutoRunBlocked:false,processName: com.android.systemui
E/LpnetManagerService( 1036): isAutoRunBlockedPackage isAutoRunBlocked:false,processName: com.sec.android.providers.security
E/LpnetManagerService( 1036): isAutoRunBlockedPackage isAutoRunBlocked:false,processName: android
E/LpnetManagerService( 1036): isAutoRunBlockedPackage isAutoRunBlocked:false,processName: com.android.providers.settings
E/LpnetManagerService( 1036): isAutoRunBlockedPackage isAutoRunBlocked:false,processName: com.dsi.ant.server
V/LpnetManagerService( 1036): LRUBasedMap size: 0
D/WallpaperManager( 1036): SEC_PRODUCT_FEATURE_COMMON_SUPPORT_TEXTURE_COMPRESSION is true
I/qdhwcomposer(  263): handle_blank_event: dpy:0 panel power state: 0
E/MotionRecognitionService( 1036): Motion Thread--
E/MotionRecognitionService( 1036): Motion Thread++
I/qdhwcomposer(  263): handle_blank_event: dpy:0 panel power state: 0
E/MotionRecognitionService( 1036): Motion Thread--
E/MotionRecognitionService( 1036): Motion Thread++
I/qdhwcomposer(  263): handle_blank_event: dpy:0 panel power state: 0
E/MotionRecognitionService( 1036): Motion Thread--
E/MotionRecognitionService( 1036): Motion Thread++
I/qdhwcomposer(  263): handle_blank_event: dpy:0 panel power state: 0
D/InputReader( 1036): Input event: value=1
D/InputReader( 1036): !@notifyKey(172), action=0
D/InputReader( 1036): Input event: value=0
D/InputReader( 1036): !@notifyKey(172), action=1
D/InputManager-JNI( 1036): !@interceptKeyBeforeQueueing(172), action=0
E/MotionRecognitionService( 1036): Motion Thread--
E/MotionRecognitionService( 1036): Motion Thread++
E/SamsungWindowManager( 1036): mCoreNumLockHelper.acquire
D/InputManager-JNI( 1036): !@handleInterceptActions(172), action=0, wmActions=0
D/InputManager-JNI( 1036): Disable repeat for home key when device wake up
D/InputManager-JNI( 1036): !@interceptKeyBeforeQueueing(172), action=1
V/KeyguardServiceDelegate( 1036): onScreenTurnedOn(showListener = com.android.internal.policy.impl.PhoneWindowManager$2@3988978a)
D/Launcher( 1802): onRestart, Launcher: 424732104
D/InputManager-JNI( 1036): !@handleInterceptActions(172), action=1, wmActions=0
D/SContextService( 1036): 	.registerCallback : 1, client=
E/LightSensor( 1036): Light old sensor_state 131072, new sensor_state : 131584 en : 1
D/MISC PowerHAL( 1036): sysfs_write +: /sys/class/power_supply/battery/lcd: 1
D/MISC PowerHAL( 1036): sysfs_write -: /sys/class/power_supply/battery/lcd: 1
I/QCOM PowerHAL( 1036): Got set_interactive hint
W/CAE     ( 1036): setCAProperty(ContextAwareService.java:464) - [setProperty 01] Mutex is locked for AUTO_ROTATION
I/CAE     ( 1036): setPropertyValue(AutoRotationRunner.java:119) - Device Type = 0.0
I/CAE     ( 1036): setCAProperty(ContextAwareService.java:469) - result : true
W/CAE     ( 1036): setCAProperty(ContextAwareService.java:470) - [setProperty 02] Mutex is unlocked for AUTO_ROTATION
D/SContextService( 1036): sendAttribute() : service = Auto Rotation
W/CAE     ( 1036): registerCallback(ContextAwareService.java:137) - [regi 01] Mutex is locked for AUTO_ROTATION
V/CAE     ( 1036): start(ContextProvider.java:126)
V/CAE     ( 1036): clear(AutoRotationRunner.java:182)
V/CAE     ( 1036): enable(AutoRotationRunner.java:158)
I/CAE     ( 1036): sendCmdToSensorHub(SensorHubCommManager.java:144) - -79, 7, 0, 0,
D/SensorHubManager( 1036): SendSensorHubData: send data = -79, 7, 0, 0
D/SensorManager( 1036): registerListener :: 6, MAX88921 RGB Sensor, 200000, 0,  
E/Sensors ( 1036): Acc old sensor_state 131584, new sensor_state : 131585 en : 1
D/SensorManager( 1036): registerListener :: 0, MPU6500 Acceleration Sensor, 200000, 0,  
D/KeyguardViewMediator( 1505): onScreenTurnedOn, seq = 15
D/KeyguardViewMediator( 1505): notifyScreenOnLocked
D/KeyguardViewMediator( 1505): handleNotifyScreenOn
D/SurfaceFlinger(  263): Set power mode=2, type=0 flinger=0xb6962000
D/qdhwcomposer(  263): hwc_blank: Unblanking display: 0
D/Sensorhubs(  310): sendContextData: -79, 7, 0, 0
V/KeyguardServiceDelegate( 1036): **** SHOWN CALLED ****
D/CAE     ( 1036): getFaultDetectionResult(AutoRotationRunner.java:195) - true
I/CAE     ( 1036): notifyCmdProcessResultObserver(ContextProvider.java:617) - CheckResult = 0, Cause = Success
D/CAE     ( 1036): doCommendProcess(ContextAwareService.java:314) - complete notify the operation result.
I/CAE     ( 1036): displayUsedCountForService(ContextAwareService.java:406) - totalCnt = 1, serviceCount = 1, subCollectionCount = 0
D/CAE     ( 1036): showListenerList(ContextAwareService.java:247) - ===== Context Aware Service List =====
I/CAE     ( 1036): showListenerList(ContextAwareService.java:256) - Listener : com.samsung.android.contextaware.manager.ContextAwareService$Listener@1dd4bfaf, Service : AUTO_ROTATION(1)
W/CAE     ( 1036): registerCallback(ContextAwareService.java:173) - [regi 02] Mutex is unlocked for AUTO_ROTATION
D/SContextService( 1036): addSContextService() : service = Auto Rotation
D/SContextService( 1036): ===== SContext Service List =====
D/SContextService( 1036): Listener : android.hardware.scontext.SContextService$Listener@36571fbc, Service : Auto Rotation
D/SContextManager( 1036):   .registerListener : listener = com.android.internal.policy.impl.WindowOrientationListener$SContextListenerImpl@1c10c1fb, service=Auto Rotation
I/SurfaceFlinger(  263): id=457 Removed DolorFade (10/10)
D/lights  ( 1036): button : 1 +
I/SurfaceFlinger(  263): id=457 Removed DolorFade (-2/10)
D/lights  ( 1036): button : 1 -
D/Launcher( 1802): onStart, Launcher: 424732104
D/Launcher.HomeView( 1802): onStart
D/Launcher( 1802): onResume, Launcher: 424732104
D/SettingsProvider( 1036): name = kids_home_mode
D/SettingsProvider( 1036): edmUri: content://com.sec.knox.provider/RestrictionPolicy3
D/SettingsProvider( 1036): projectionArgs: isSettingsChangesAllowed
D/SettingsProvider( 1036): selectionArgs: false
D/SettingsProvider( 1036): selectionArgs: 10008
D/SecContentProvider( 1036): uri = 17 selection = isSettingsChangesAllowed
D/SettingsProvider( 1036): ret = -1
D/Launcher.HomeView( 1802): onResume
D/InputManager-JNI( 1036): setDeviceInteractive: 1
D/Launcher( 1802): Launcher::setSystemUiTransparency(): getSystemUiVisibility() after setting  = 8000
D/NativeNfcManager( 1779): power state=4
D/BrcmNfcJni( 1779): PowerSwitch::com_android_nfc_NativeNfcManager_doSetPowerMode: mode=0x4; screen on unlocked
D/InputManager-JNI( 1036): sysfs_write +: /sys/class/input/event4/device/enabled: 1
D/InputManager-JNI( 1036): sysfs_write +: /sys/class/input/event2/device/enabled: 1
D/InputManager-JNI( 1036): sysfs_write +: /sys/class/input/event3/device/enabled: 1
D/InputManager-JNI( 1036): sysfs_write -: /sys/class/input/event3/device/enabled: 1
D/ResourcesManager( 1036): creating new AssetManager and set to /data/app/com.tencent.android.qqdownloader-1/base.apk
D/ResourcesManager( 1036): creating new AssetManager and set to /data/app/com.supercleaner-1/base.apk
D/ResourcesManager( 1036): creating new AssetManager and set to /data/app/com.mgyapp.android-1/base.apk
D/ResourcesManager( 1036): creating new AssetManager and set to /data/app/com.qihoo.appstore-2/base.apk
D/MenuAppsGridFragment( 1802): onResume
I/MultiWindowTrayService(32233): mHomeResumeReceiver : onReceive
I/Sally Service(32233): removeWindow window
D/ActivityManager( 1036): handle home activity for 0
I/WallpaperManagerService( 1036): switchPersonaWallpaper is called for personaId-0
D/KnoxTimeoutHandler( 1036): post home show event for user 0
D/ActivityManager( 1036): post active user change for 0
D/KnoxTimeoutHandler( 1036): postActiveUserChange for user 0
D/ResourcesManager( 1036): creating new AssetManager and set to /data/app/com.sohu.inputmethod.sogou-1/base.apk
D/NfcService( 1779): call the applyRouting
W/MessageQueue( 3701): Handler (android.telephony.PhoneStateListener$2) {2562ad9f} sending message to a Handler on a dead thread
W/MessageQueue( 3701): java.lang.IllegalStateException: Handler (android.telephony.PhoneStateListener$2) {2562ad9f} sending message to a Handler on a dead thread
W/MessageQueue( 3701): 	at android.os.MessageQueue.enqueueMessage(MessageQueue.java:325)
W/MessageQueue( 3701): 	at android.os.Handler.enqueueMessage(Handler.java:631)
W/MessageQueue( 3701): 	at android.os.Handler.sendMessageAtTime(Handler.java:600)
W/MessageQueue( 3701): 	at android.os.Handler.sendMessageDelayed(Handler.java:570)
W/MessageQueue( 3701): 	at android.os.Handler.sendMessage(Handler.java:507)
W/MessageQueue( 3701): 	at android.os.Message.sendToTarget(Message.java:416)
W/MessageQueue( 3701): 	at android.telephony.PhoneStateListener$3.onSignalStrengthsChanged(PhoneStateListener.java:657)
W/MessageQueue( 3701): 	at com.android.internal.telephony.IPhoneStateListener$Stub.onTransact(IPhoneStateListener.java:133)
W/MessageQueue( 3701): 	at android.os.Binder.execTransact(Binder.java:446)
D/cell strength( 1726): ===== cell singal strength changed : 12
D/cell strength( 1726): ===== cell singal strength changed : 12
I/Timeline( 1802): Timeline: Activity_idle id: android.os.BinderProxy@278e47aa time:5205082
W/MessageQueue( 3701): Handler (android.telephony.PhoneStateListener$2) {2562ad9f} sending message to a Handler on a dead thread
W/MessageQueue( 3701): java.lang.IllegalStateException: Handler (android.telephony.PhoneStateListener$2) {2562ad9f} sending message to a Handler on a dead thread
W/MessageQueue( 3701): 	at android.os.MessageQueue.enqueueMessage(MessageQueue.java:325)
W/MessageQueue( 3701): 	at android.os.Handler.enqueueMessage(Handler.java:631)
W/MessageQueue( 3701): 	at android.os.Handler.sendMessageAtTime(Handler.java:600)
W/MessageQueue( 3701): 	at android.os.Handler.sendMessageDelayed(Handler.java:570)
W/MessageQueue( 3701): 	at android.os.Handler.sendMessage(Handler.java:507)
W/MessageQueue( 3701): 	at android.os.Message.sendToTarget(Message.java:416)
W/MessageQueue( 3701): 	at android.telephony.PhoneStateListener$3.onSignalStrengthsChanged(PhoneStateListener.java:657)
W/MessageQueue( 3701): 	at com.android.internal.telephony.IPhoneStateListener$Stub.onTransact(IPhoneStateListener.java:133)
W/MessageQueue( 3701): 	at android.os.Binder.execTransact(Binder.java:446)
D/StatusBar.MSimNetworkController( 1505): getNumberOfActiveSim:0
D/StatusBar.MSimNetworkController( 1505): getPhoneSignalIconList: mMaxLevelOfSignalStrengthIndicator = 4 inetCondition = 0
D/StatusBar.MSimNetworkController( 1505): updateTelephonySignalStrength: iconLevel=3
I/qdhwcomposer(  263): handle_blank_event: dpy:0 panel power state: 1
D/STATUSBAR-WifiQuickSettingButton( 1505): onWifiSignalChanged enabled=true enabledDesc:"ZZL-309"
D/StatusBar.MSimNetworkController( 1505): applyCU
E/qdexternal(  263): writeHPDOption: file write failed '/sys/devices/virtual/graphics/fb1/hpd'
D/qdhwcomposer(  263): hwc_blank: Done unblanking display: 0
D/SurfaceControl( 1036): Excessive delay in setPowerMode(): 311ms
D/InputManager-JNI( 1036): sysfs_write -: /sys/class/input/event4/device/enabled: 1
D/PalmMotion( 1036): 2013 - SURFACE_MOTION_ENGINE: 1 SURFACE_PALM_TOUCH: 1
D/PalmMotion( 1036): SURFACE_PALM_SWIPE: 1
D/WallpaperManagerService( 1036):  force update = false; persona id = 0; current user =0; current persona = 0
D/KnoxTimeoutHandler( 1036): handleHomeShow for 0 and current 0
D/KnoxTimeoutHandler( 1036): handleActiveUserChange for user 0
W/Settings( 2434): Setting airplane_mode_on has moved from android.provider.Settings.System to android.provider.Settings.Global, returning read-only value.
D/StatusBar.MSimNetworkController( 1505): applyCU
D/StatusBar.MSimNetworkController( 1505): applyCU
D/GalleryCacheReady(27337): Receive : home resume
D/StatusBar.MSimNetworkController( 1505): applyCU
D/StatusBar.MSimNetworkController( 1505): getNumberOfActiveSim:0
I/CAE     ( 1036): handleMessage(CaPowerManager.java:188) - AP_WAKEUP
D/StatusBar.MSimNetworkController( 1505): getNumberOfActiveSim:0
I/CAE     ( 1036): updateApPowerStatus(SensorHubParserProvider.java:421) - AP_WAKEUP
D/StatusBar.MSimNetworkController( 1505): getPhoneSignalIconList: mMaxLevelOfSignalStrengthIndicator = 4 inetCondition = 0
D/StatusBar.MSimNetworkController( 1505): updateTelephonySignalStrength: iconLevel=3
I/CAE     ( 1036): sendCmdToSensorHub(SensorHubCommManager.java:144) - -76, 13, -47, 0,
D/SensorHubManager( 1036): SendSensorHubData: send data = -76, 13, -47, 0
D/Sensorhubs(  310): sendContextData: -76, 13, -47, 0
D/STATUSBAR-WifiQuickSettingButton( 1505): onWifiSignalChanged enabled=true enabledDesc:"ZZL-309"
D/StatusBar.MSimNetworkController( 1505): applyCU
D/Mms/UIEventReceiver( 7933): ui event
D/StatusBar.MSimNetworkController( 1505): applyCU
D/StatusBar.MSimNetworkController( 1505): applyCU
D/lights  ( 1036): lcd : 3 +
D/StatusBar.MSimNetworkController( 1505): applyCU
D/StatusBar.MSimNetworkController( 1505): getNumberOfActiveSim:0
E/native  ( 1036): do suspend false
D/StatusBar.MSimNetworkController( 1505): getNumberOfActiveSim:0
D/StatusBar.MSimNetworkController( 1505): getPhoneSignalIconList: mMaxLevelOfSignalStrengthIndicator = 4 inetCondition = 0
D/StatusBar.MSimNetworkController( 1505): updateTelephonySignalStrength: iconLevel=3
I/wpa_supplicant( 1566): reset timer : RESET_TIMER 1
I/wpa_supplicant( 1566): wlan0: Setting scan request: 0 sec 0 usec
I/wpa_supplicant( 1566): P2P: Current p2p state = IDLE
D/STATUSBAR-WifiQuickSettingButton( 1505): onWifiSignalChanged enabled=true enabledDesc:"ZZL-309"
I/wpa_supplicant( 1566): Scan requested (ret=0) - scan timeout 30 seconds
D/lights  ( 1036): lcd : 3 -
D/lights  ( 1036): lcd : 36 +
D/StatusBar.MSimNetworkController( 1505): applyCU
D/lights  ( 1036): lcd : 36 -
D/StatusBar.MSimNetworkController( 1505): applyCU
D/audio_hw_primary(  303): adev_set_parameters: enter: screen_state=on
V/voice   (  303): voice_set_parameters: enter: screen_state=on
V/voice   (  303): voice_set_parameters: exit with code(-2)
V/msm8974_platform(  303): platform_set_parameters: enter: screen_state=on
V/msm8974_platform(  303): platform_set_parameters: exit with code(-2)
D/audio_hw_hfp(  303): audio_extn_hfp_set_parameters: enter
V/audio_hw_primary(  303): adev_set_parameters: exit
D/StatusBar.MSimNetworkController( 1505): applyCU
D/lights  ( 1036): lcd : 67 +
D/lights  ( 1036): lcd : 67 -
D/StatusBar.MSimNetworkController( 1505): applyCU
I/SecExternalDisplayIntents_Java( 1036): Intent Recieved ..  -android.intent.action.SCREEN_ONBroadCast Map value - 19
D/StatusBar.MSimNetworkController( 1505): getNumberOfActiveSim:0
D/PushAndAttach( 8688): mAssignedMemoMap.size() :0
D/StatusBar.MSimNetworkController( 1505): getNumberOfActiveSim:0
D/StatusBar.MSimNetworkController( 1505): getPhoneSignalIconList: mMaxLevelOfSignalStrengthIndicator = 4 inetCondition = 0
D/StatusBar.MSimNetworkController( 1505): updateTelephonySignalStrength: iconLevel=3
D/STATUSBAR-WifiQuickSettingButton( 1505): onWifiSignalChanged enabled=true enabledDesc:"ZZL-309"
D/StatusBar.MSimNetworkController( 1505): applyCU
V/TaskCloserActivity(27433): TaskCloserActivity onReceive() - com.sec.android.intent.action.HOME_RESUME
D/StatusBar.MSimNetworkController( 1505): applyCU
D/StatusBar.MSimNetworkController( 1505): applyCU
D/StatusBar.MSimNetworkController( 1505): applyCU
D/StatusBar.MSimNetworkController( 1505): getNumberOfActiveSim:0
D/KeyguardUpdateMonitor( 1505): received broadcast android.intent.action.TIME_TICK
D/GpsLocationProvider( 1036): receive broadcast intent, action: android.intent.action.SCREEN_ON
D/PersonaManagerService( 1036): ACTION_SCREEN_ON onReceive
D/PersonaManagerServiceHandler( 1036): MSG_ACTION_SCREEN_ON called
D/FusedLocationReceiver( 1733): BroadcastReceiver : ACTION_SCREEN_ON
I/NfcService( 1779): When receiving ACTION_SCREEN_ON, S view cover is already opened. So screenState is ON_UNLOCKED by isKeyguardLocked()
D/NfcService( 1779): call the applyRouting
D/KeyguardUpdateMonitor( 1505): handleTimeUpdate
D/KeyguardEffectViewController( 1505): onReceive action : android.intent.action.TIME_TICK
I/KeyguardEffectViewController( 1505): *** don't update sliding image ***
D/DateView( 1505): regionalDateFormat = 3333/11/22 isRTLlanguage = false returnDateFormat = MMMM d日, E
D/DateView( 1505): regionalDateFormat = 3333/11/22 isRTLlanguage = false returnDateFormat = MMMM d日, E
D/daemonapp( 1855): [MSC_Cmaweather_Daemon]>>> CWDS:83 [0:0] Act : comsamsungssrmSCREEN_ON
D/comsamsunglog( 1855): [MSC_Cmaweather_Daemon]>>> ====================================================================================================================
D/comsamsunglog( 1855): [MSC_Cmaweather_Daemon]>>> daemonapp [Version : 15010701 ] [ 1 ] 
D/comsamsunglog( 1855): [MSC_Cmaweather_Daemon]>>> Header set to : ===> "daemonapp" <===
D/comsamsunglog( 1855): [MSC_Cmaweather_Daemon]>>> ====================================================================================================================
D/InputManager-JNI( 1036): sysfs_write -: /sys/class/input/event2/device/enabled: 1
D/daemonapp( 1855): [MSC_Cmaweather_Daemon]>>> CCP:387 [0:0] Provider query : content://cmaweatherprovider/packagename
I/BatteryStatsDumper( 1036): In refreshStats isReason Screen ON/OFF: true
D/daemonapp( 1855): [MSC_Cmaweather_Daemon]>>> CWDS:1113 [0:0] PakNme size = 1
D/daemonapp( 1855): [MSC_Cmaweather_Daemon]>>> CCP:387 [0:0] Provider query : content://cmaweatherprovider/current_weatherinfo
D/NetworkStatsFactory( 1036): UpdateStatsForKnox
D/daemonapp( 1855): [MSC_Cmaweather_Daemon]>>> CCP:387 [0:0] Provider query : content://cmaweatherprovider/current_weatherinfo
D/daemonapp( 1855): [MSC_Cmaweather_Daemon]>>> CCP:387 [0:0] Provider query : content://cmaweatherprovider/current_weatherinfo
D/daemonapp( 1855): [MSC_Cmaweather_Daemon]>>> CCP:387 [0:0] Provider query : content://cmaweatherprovider/settings
D/daemonapp( 1855): [MSC_Cmaweather_Daemon]>>> CWDS:128 [0:0] SerStus:true,TmpS:1,AtRfr:0, checkCurrent: 0
D/daemonapp( 1855): [MSC_Cmaweather_Daemon]>>> CWDS:634 [0:0]  ==> Act: SCREEN_ON or COVER_OPEN <==
D/daemonapp( 1855): [MSC_Cmaweather_Daemon]>>> CCP:387 [0:0] Provider query : content://cmaweatherprovider/current_weatherinfo
D/daemonapp( 1855): [MSC_Cmaweather_Daemon]>>> CWDS:637 [0:0] [ASO][AUTOREFRESHKEY] --> 0
D/daemonapp( 1855): [MSC_Cmaweather_Daemon]>>> CWDS:638 [0:0] [ASO][NUT] = 01/01/1970 08:00 AM
D/daemonapp( 1855): [MSC_Cmaweather_Daemon]>>> CWDS:639 [0:0] [ASO][CT] = 12/04/2017 04:42 PM
D/daemonapp( 1855): [MSC_Cmaweather_Daemon]>>> CCP:387 [0:0] Provider query : content://cmaweatherprovider/packagename
D/SecContentProvider2( 1036): uri = 14 selection = getSealedState
D/SecContentProvider2( 1036): mCursor = null
D/daemonapp( 1855): [MSC_Cmaweather_Daemon]>>> CWDS:1113 [0:0] PakNme size = 1
D/ApplicationPolicy( 1036): isStatusBarNotificationAllowedAsUser: packageName = com.sina.weibo,userId = 0
V/ApplicationPolicy( 1036): isApplicationStateBlocked userId 0 pkgname com.sina.weibo
D/NetworkStatsFactory( 1036): UpdateStatsForKnox
W/System.err(10701): org.json.JSONException: Value [{"key":"from","value":"weibo","service":"com.igexin.sdk.PushService","type":"String"},{"key":"intent_come_from","value":"com.sina.weibo","service":"com.sina.news.push.GuardPushService","type":"String"},{"key":"CAMERA_FROM","value":"weibo","service":"com.sina.weibocamera.controller.service.CameraService","type":"String"},{"key":"","value":"","service":"com.yx.service.ConnectionService","type":""},{"key":"from","value":"weibo","service":"com.sina.app.weiboheadline.services.PushService","type":"String"}] of type org.json.JSONArray cannot be converted to JSONObject
W/System.err(10701): 	at org.json.JSON.typeMismatch(JSON.java:111)
W/System.err(10701): 	at org.json.JSONObject.<init>(JSONObject.java:160)
W/System.err(10701): 	at org.json.JSONObject.<init>(JSONObject.java:173)
W/System.err(10701): 	at com.sina.weibo.models.JsonDataObject.initFromJsonString(JsonDataObject.java:34)
W/System.err(10701): 	at com.sina.weibo.models.JsonDataObject.<init>(JsonDataObject.java:24)
W/System.err(10701): 	at com.sina.weibo.guardunion.g.<init>(JsonGuardUnionMap.java:33)
W/System.err(10701): 	at com.sina.weibo.guardunion.e.a(GuardUtils.java:62)
W/System.err(10701): 	at com.sina.weibo.guardunion.GuardUnionReceiver$a.b(GuardUnionReceiver.java:206)
W/System.err(10701): 	at com.sina.weibo.guardunion.GuardUnionReceiver$a.a(GuardUnionReceiver.java:116)
W/System.err(10701): 	at com.sina.weibo.guardunion.GuardUnionReceiver$a.run(GuardUnionReceiver.java:102)
W/System.err(10701): 	at com.sina.weibo.ad.g.run(PriorityRunnable.java:54)
W/System.err(10701): 	at java.util.concurrent.ThreadPoolExecutor.runWorker(ThreadPoolExecutor.java:1112)
W/System.err(10701): 	at java.util.concurrent.ThreadPoolExecutor$Worker.run(ThreadPoolExecutor.java:587)
W/System.err(10701): 	at java.lang.Thread.run(Thread.java:818)
E/audit   ( 2364): type=1400 msg=audit(1512376970.420:334): avc:  denied  { append } for  pid=3080 comm="Binder_3" name="398909" dev="mmcblk0p27" ino=56 scontext=u:r:zygote:s0 tcontext=u:object_r:system_file:s0 tclass=file
E/audit   ( 2364):  SEPF_SM-N9002_5.0-1_0039
E/audit   ( 2364): 
E/audit   ( 2364): type=1300 msg=audit(1512376970.420:334): arch=40000028 syscall=322 per=800000 success=yes exit=46 a0=ffffff9c a1=abd221a0 a2=20441 a3=180 items=1 ppid=1 ppcomm=init pid=3080 auid=4294967295 uid=0 gid=0 euid=0 suid=0 fsuid=0 egid=0 sgid=0 fsgid=0 tty=(none) ses=4294967295 comm="Binder_3" exe="/system/bin/app_process32" subj=u:r:zygote:s0 key=(null)
E/audit   ( 2364): type=1307 msg=audit(1512376970.420:334):  cwd="/"
E/audit   ( 2364): type=1302 msg=audit(1512376970.420:334): item=0 name="/data/data-lib/tps/stat/daily/398909" inode=56 dev=b3:1b mode=0100600 ouid=0 ogid=0 rdev=00:00 obj=u:object_r:system_file:s0
E/audit   ( 2364): type=1320 msg=audit(1512376970.420:334): 
D/SecurityLogAgent:SEDenialService( 1036): Got Modify Event and sending Denial Intent foraudit.log
D/SecurityLogAgent:SEDenialService( 1036): audit.ondenial set to 0 after sending samsung.intent.action.knox.DENIAL_NOTIFICATION intent
I/BatteryStatsDumper( 1036): Screen bin #0: time=181508 power=1.1495506666666666
I/BatteryStatsDumper( 1036): Screen bin #1: time=340490 power=6.469310000000001
I/BatteryStatsDumper( 1036): Screen bin #2: time=3607268 power=114.23015333333333
I/BatteryStatsDumper( 1036): Screen bin #3: time=116599 power=5.169222333333333
I/BatteryStatsDumper( 1036): Screen bin #4: time=397972 power=22.684403999999997
I/BatteryStatsDumper( 1036): Previous Battery Level: 69 Current Level: 69 Delta: 0
D/SecurityLogAgent(10612):  SeDenialReceiver : Intent received : samsung.intent.action.knox.DENIAL_NOTIFICATION
D/InputReader( 1036): Input event: value=1
D/InputReader( 1036): Input event: value=1
I/InputReader( 1036): Touch event's action is 0x0 (deviceType=0) [pCnt=1, s=0.2181 ] when=5205602302000
I/InputDispatcher( 1036): Delivering touch to (1505): action: 0x4, toolType: 1
I/InputDispatcher( 1036): Delivering touch to (32233): action: 0x4, toolType: 1
I/InputDispatcher( 1036): Delivering touch to (1802): action: 0x0, toolType: 1
I/InputDispatcher( 1036): Delivering touch to (1657): action: 0x0, toolType: 1
D/ViewRootImpl( 1802): ViewPostImeInputStage ACTION_DOWN
I/art     ( 1036): Explicit concurrent mark sweep GC freed 192193(12MB) AllocSpace objects, 57(1471KB) LOS objects, 22% free, 54MB/70MB, paused 1.856ms total 145.952ms
D/InputReader( 1036): Input event: value=0
I/InputReader( 1036): Touch event's action is 0x1 (deviceType=0) [pCnt=1, s=] when=5205680912000
I/InputDispatcher( 1036): Delivering touch to (1802): action: 0x1, toolType: 1
I/InputDispatcher( 1036): Delivering touch to (1657): action: 0x1, toolType: 1
D/STATUSBAR-WifiQuickSettingButton( 1505): onWifiSignalChanged enabled=true enabledDesc:"ZZL-309"
D/StatusBar.MSimNetworkController( 1505): applyCU
D/StatusBar.MSimNetworkController( 1505): applyCU
D/StatusBar.MSimNetworkController( 1505): applyCU
D/StatusBar.MSimNetworkController( 1505): applyCU
D/StatusBar.MSimNetworkController( 1505): getNumberOfActiveSim:0
I/BatteryStatsDumper( 1036): Writing to database completed
E/Zygote  (11013): MountEmulatedStorage()
E/Zygote  (11013): v2
I/SELinux (11013): Function: selinux_compare_spd_ram , priority [2] , priority version is VE=SEPF_SM-N9002_5.0-1_0039
E/SELinux (11013): [DEBUG] get_category: variable seinfo: default sensitivity: NULL, cateogry: NULL
D/InputReader( 1036): Input event: value=1
I/InputReader( 1036): Touch event's action is 0x0 (deviceType=0) [pCnt=1, s=0.2182 ] when=5205885585000
I/InputDispatcher( 1036): Delivering touch to (1505): action: 0x4, toolType: 1
I/InputDispatcher( 1036): Delivering touch to (32233): action: 0x4, toolType: 1
I/InputDispatcher( 1036): Delivering touch to (1802): action: 0x0, toolType: 1
I/InputDispatcher( 1036): Delivering touch to (1657): action: 0x0, toolType: 1
D/ViewRootImpl( 1802): ViewPostImeInputStage ACTION_DOWN
D/TimaKeyStoreProvider(11013): TimaSignature is unavailable
D/ActivityThread(11013): Added TimaKeyStore provider
D/ResourcesManager(11013): creating new AssetManager and set to /data/app/com.tencent.android.qqdownloader-1/base.apk
W/MessageQueue( 3701): Handler (android.telephony.PhoneStateListener$2) {2562ad9f} sending message to a Handler on a dead thread
W/MessageQueue( 3701): java.lang.IllegalStateException: Handler (android.telephony.PhoneStateListener$2) {2562ad9f} sending message to a Handler on a dead thread
W/MessageQueue( 3701): 	at android.os.MessageQueue.enqueueMessage(MessageQueue.java:325)
W/MessageQueue( 3701): 	at android.os.Handler.enqueueMessage(Handler.java:631)
W/MessageQueue( 3701): 	at android.os.Handler.sendMessageAtTime(Handler.java:600)
W/MessageQueue( 3701): 	at android.os.Handler.sendMessageDelayed(Handler.java:570)
W/MessageQueue( 3701): 	at android.os.Handler.sendMessage(Handler.java:507)
W/MessageQueue( 3701): 	at android.os.Message.sendToTarget(Message.java:416)
W/MessageQueue( 3701): 	at android.telephony.PhoneStateListener$3.onSignalStrengthsChanged(PhoneStateListener.java:657)
W/MessageQueue( 3701): 	at com.android.internal.telephony.IPhoneStateListener$Stub.onTransact(IPhoneStateListener.java:133)
W/MessageQueue( 3701): 	at android.os.Binder.execTransact(Binder.java:446)
D/cell strength( 1726): ===== cell singal strength changed : 12
D/StatusBar.MSimNetworkController( 1505): getNumberOfActiveSim:0
D/StatusBar.MSimNetworkController( 1505): getPhoneSignalIconList: mMaxLevelOfSignalStrengthIndicator = 4 inetCondition = 0
D/StatusBar.MSimNetworkController( 1505): updateTelephonySignalStrength: iconLevel=4
D/STATUSBAR-WifiQuickSettingButton( 1505): onWifiSignalChanged enabled=true enabledDesc:"ZZL-309"
D/StatusBar.MSimNetworkController( 1505): applyCU
D/StatusBar.MSimNetworkController( 1505): applyCU
D/StatusBar.MSimNetworkController( 1505): applyCU
D/StatusBar.MSimNetworkController( 1505): applyCU
D/StatusBar.MSimNetworkController( 1505): getNumberOfActiveSim:0
D/StatusBar.MSimNetworkController( 1505): getNumberOfActiveSim:0
D/StatusBar.MSimNetworkController( 1505): getPhoneSignalIconList: mMaxLevelOfSignalStrengthIndicator = 4 inetCondition = 0
D/StatusBar.MSimNetworkController( 1505): updateTelephonySignalStrength: iconLevel=4
D/STATUSBAR-WifiQuickSettingButton( 1505): onWifiSignalChanged enabled=true enabledDesc:"ZZL-309"
D/StatusBar.MSimNetworkController( 1505): applyCU
D/StatusBar.MSimNetworkController( 1505): applyCU
D/StatusBar.MSimNetworkController( 1505): applyCU
D/StatusBar.MSimNetworkController( 1505): applyCU
D/StatusBar.MSimNetworkController( 1505): getNumberOfActiveSim:0
D/InputReader( 1036): Input event: value=0
I/InputReader( 1036): Touch event's action is 0x1 (deviceType=0) [pCnt=1, s=] when=5206258873000
I/InputDispatcher( 1036): Delivering touch to (1802): action: 0x1, toolType: 1
I/InputDispatcher( 1036): Delivering touch to (1657): action: 0x1, toolType: 1
D/InputReader( 1036): Input event: value=1
I/InputDispatcher( 1036): Delivering key to (1802): action: 0x0 (0)
D/ResourcesManager( 1802): creating new AssetManager and set to /system/framework/framework-res.apk
E/Zygote  (11034): MountEmulatedStorage()
E/Zygote  (11034): v2
I/SELinux (11034): Function: selinux_compare_spd_ram , priority [2] , priority version is VE=SEPF_SM-N9002_5.0-1_0039
E/SELinux (11034): [DEBUG] get_category: variable seinfo: default sensitivity: NULL, cateogry: NULL
D/TimaKeyStoreProvider(11034): TimaSignature is unavailable
D/ActivityThread(11034): Added TimaKeyStore provider
D/ResourcesManager(11034): creating new AssetManager and set to /data/app/com.tencent.android.qqdownloader-1/base.apk
D/STATUSBAR-WifiQuickSettingButton( 1505): onWifiSignalChanged enabled=true enabledDesc:"ZZL-309"
D/StatusBar.MSimNetworkController( 1505): applyCU
D/StatusBar.MSimNetworkController( 1505): applyCU
D/StatusBar.MSimNetworkController( 1505): applyCU
D/StatusBar.MSimNetworkController( 1505): applyCU
D/StatusBar.MSimNetworkController( 1505): getNumberOfActiveSim:0
E/Zygote  (11064): MountEmulatedStorage()
E/Zygote  (11064): v2
W/beacon  (11013): startQuery: query times or query success times arrive max, return!
I/SELinux (11064): Function: selinux_compare_spd_ram , priority [2] , priority version is VE=SEPF_SM-N9002_5.0-1_0039
E/SELinux (11064): [DEBUG] get_category: variable seinfo: default sensitivity: NULL, cateogry: NULL
D/InputDispatcher( 1036): set entryflags to AKEY_EVENT_FLAG_LONG_PRESS
D/FactoryTest( 1036): User mode
I/InputDispatcher( 1036): Delivering key to (1802): action: 0x0 (1)
D/TimaKeyStoreProvider(11064): TimaSignature is unavailable
D/ActivityThread(11064): Added TimaKeyStore provider
D/ResourcesManager(11064): creating new AssetManager and set to /data/app/com.tencent.android.qqdownloader-1/base.apk
D/FactoryTest( 1036): User mode
I/InputDispatcher( 1036): Delivering key to (1802): action: 0x0 (2)
D/FactoryTest( 1036): User mode
I/InputDispatcher( 1036): Delivering key to (1802): action: 0x0 (3)
W/DownloadManager(11034): DownloadManager setAppContext...main
D/FactoryTest( 1036): User mode
I/InputDispatcher( 1036): Delivering key to (1802): action: 0x0 (4)
D/FactoryTest( 1036): User mode
I/InputDispatcher( 1036): Delivering key to (1802): action: 0x0 (5)
D/FactoryTest( 1036): User mode
I/InputDispatcher( 1036): Delivering key to (1802): action: 0x0 (6)
E/SQLiteLog(11064): (283) recovered 875 frames from WAL file /data/user/0/com.tencent.android.qqdownloader/databases/mobile_settings.db-wal
E/txtag   (11064): env path:0x0
D/FactoryTest( 1036): User mode
E/txtag   (11064): version:21
E/txtag   (11064): load library /data/app/com.tencent.android.qqdownloader-1/lib/arm/libyyb_csech.so at offset 5540 read count 54
E/txtag   (11064): min_vaddr:0 size:520ac
E/txtag   (11064): load_bias:0xb3d6f000 base:0xb3d6f000
E/txtag   (11064): read count:30
E/txtag   (11064): read count:1000
E/txtag   (11064): read count:1000
D/FactoryTest( 1036): User mode
E/txtag   (11064): read count:1000
I/InputDispatcher( 1036): Delivering key to (1802): action: 0x0 (7)
E/txtag   (11064): read count:1000
E/txtag   (11064): read count:1000
E/txtag   (11064): read count:1000
E/txtag   (11064): read count:1000
E/txtag   (11064): read count:1000
E/txtag   (11064): read count:1000
E/txtag   (11064): read count:1000
E/txtag   (11064): read count:1000
E/txtag   (11064): read count:1000
E/txtag   (11064): read count:1000
E/txtag   (11064): read count:1000
E/txtag   (11064): read count:1000
E/txtag   (11064): read count:1000
E/txtag   (11064): read count:1000
E/txtag   (11064): read count:1000
E/txtag   (11064): read count:1000
E/txtag   (11064): read count:1000
E/txtag   (11064): read count:1000
E/txtag   (11064): read count:1000
E/txtag   (11064): read count:1000
E/txtag   (11064): read count:1000
E/txtag   (11064): read count:1000
E/txtag   (11064): read count:1000
E/txtag   (11064): read count:1000
E/txtag   (11064): read count:1000
E/txtag   (11064): read count:1000
E/txtag   (11064): read count:1000
E/txtag   (11064): read count:1000
E/txtag   (11064): read count:1000
E/txtag   (11064): read count:1000
E/txtag   (11064): read count:1000
E/txtag   (11064): read count:1000
E/txtag   (11064): read count:1000
E/txtag   (11064): read count:1000
E/PersonaManagerService( 1036): inState():  stateMachine is null !!
E/txtag   (11064): read count:1000
I/PersonaManagerService( 1036): PersonaId don't exist
I/ActivityManager( 1036): do not start freezing screen for locked container getKeyguardshowstate = false
E/txtag   (11064): read count:869
V/ApplicationPolicy( 1036): isApplicationStateBlocked userId 0 pkgname com.samsung.android.app.galaxyfinder
D/ResourcesManager( 1036): creating new AssetManager and set to /system/priv-app/SFinder/SFinder.apk
E/txtag   (11064): seg_start:0xb3d6f084 size:26869 infsize:48419 offset:84
E/txtag   (11064): read count:1000
E/txtag   (11064): read count:1000
E/txtag   (11064): read count:262
E/txtag   (11064): seg_start:0xb3db890c size:2262 infsize:6b28 offset:268ed
D/Launcher.HomeView( 1802): onPause
D/Launcher( 1802): Launcher::setSystemUiTransparency(): getSystemUiVisibility() after setting  = 40000000
I/InputDispatcher( 1036): Delivering key to (1802): action: 0x1 (0)
V/TaskCloserActivity(27433): TaskCloserActivity onReceive() - com.sec.android.intent.action.HOME_PAUSE
D/PointerIcon( 1036): setMouseIconStyle1 pointerType: 1001iconType:101 flag:0
D/PointerIcon( 1036): setMouseCustomIcon IconType is same.101
D/PointerIcon( 1036): setHoveringSpenIconStyle1 pointerType: 10001iconType:1 flag:0
D/PointerIcon( 1036): setHoveringSpenCustomIcon IconType is same.1
D/FactoryTest( 1036): User mode
D/InputDispatcher( 1036): Waiting for application to become ready for input: xxxx Reason: Waiting because no window has focus but there is a focused application that may eventually add a window when it finishes starting up.
E/Zygote  (11110): MountEmulatedStorage()
E/Zygote  (11110): v2
E/txtag   (11064): do relocate!
E/txtag   (11064): can not found sym:AES_encrypt
E/txtag   (11064): can not found sym:__cxa_call_unexpected
E/txtag   (11064): can not found sym:AES_set_encrypt_key
E/txtag   (11064): can not found sym:sha1_block_data_order
I/SELinux (11110): Function: selinux_compare_spd_ram , priority [2] , priority version is VE=SEPF_SM-N9002_5.0-1_0039
E/SELinux (11110): [DEBUG] get_category: variable seinfo: platform sensitivity: NULL, cateogry: NULL
E/txtag   (11064): can not found sym:bn_mul_mont
E/txtag   (11064): can not found sym:__cxa_begin_cleanup
E/txtag   (11064): can not found sym:__cxa_type_match
E/txtag   (11064): replace
E/txtag   (11064): base:0xb4600000 fix offset!
E/txtag   (11064): syminfo:0xb4605034 new:0xb3d6f158 size:674
E/txtag   (11064): strtab:0xb46056a8 size:740
E/txtag   (11064): bucket:0xb4605df0 bucket:0xb3d6ff0c size:320
E/txtag   (11064): set back protect of the memory
D/TimaKeyStoreProvider(11110): TimaSignature is unavailable
D/ActivityThread(11110): Added TimaKeyStore provider
V/WindowOrientationListener( 1036): mSContextAutoRotationListener.getProposedRotation, mbResultFaceDectection: false
V/WindowOrientationListener( 1036): mSContextAutoRotationListener.getProposedRotation, Rotation: -1
V/WindowOrientationListener( 1036): mSContextAutoRotationListener.getProposedRotation, mbResultFaceDectection: false
V/WindowOrientationListener( 1036): mSContextAutoRotationListener.getProposedRotation, Rotation: -1
E/txtag   (11064): load done!
D/Launcher.HomeView( 1802): onStop
D/Launcher( 1802): onTrimMemory. Level: 20
D/ResourcesManager(11110): creating new AssetManager and set to /system/priv-app/SFinder/SFinder.apk
E/beacon  (11034): please set the channelID after call initUserAction!
I/FeatureConfig(11110): init() refresh[false], Select[false], DisplayOrder[false], HelpMenu[false]
D/ResourcesManager(11110): creating new AssetManager and set to /system/priv-app/Pinboard/Pinboard.apk
W/AccountManagerService( 1036): insertAccountIntoDatabase: Account {name=应用宝, type=com.tencent.android.qqdownloader.YYBLiveAccountProvider.account}, skipping since the account already exists
D/ResourcesManager(11110): creating new AssetManager and set to /system/priv-app/SecMms_Candy/SecMms_Candy.apk
E/SQLiteLog(11034): (10) POSIX Error : 11 SQLite Error : 3850
D/ResourcesManager(11110): creating new AssetManager and set to /system/priv-app/SecSettings/SecSettings.apk
D/ResourcesManager(11110): creating new AssetManager and set to /system/app/ChatON_MARKET/ChatON_MARKET.apk
D/ResourcesManager(11110): creating new AssetManager and set to /system/app/InteractiveTutorial/InteractiveTutorial.apk
D/ResourcesManager(11110): creating new AssetManager and set to /system/app/SPlanner_LEGACY/SPlanner_LEGACY.apk
D/ResourcesManager(11110): creating new AssetManager and set to /system/priv-app/SecGallery2013/SecGallery2013.apk
D/ResourcesManager(11110): creating new AssetManager and set to /system/priv-app/SecContacts_Phone_OSup_FLAGSHIP_CHN/SecContacts_Phone_OSup_FLAGSHIP_CHN.apk
D/ResourcesManager(11110): creating new AssetManager and set to /system/priv-app/SecMyFiles2/SecMyFiles2.apk
D/ResourcesManager(11110): creating new AssetManager and set to /system/priv-app/SecVideoPlayer/SecVideoPlayer.apk
E/beacon  (11064): please set the channelID after call initUserAction!
D/ResourcesManager(11110): creating new AssetManager and set to /system/app/Evernote/Evernote.apk
D/ResourcesManager(11110): creating new AssetManager and set to /system/app/SecEmail_K/SecEmail_K.apk
I/wpa_supplicant( 1566): nl80211: Received scan results (16 BSSes)
D/ResourcesManager(11110): creating new AssetManager and set to /system/priv-app/SamsungLink20/SamsungLink20.apk
I/wifiscan( 1726): wifi=8863dfcd22e9SSID: yuhui, BSSID: 88:63:df:cd:22:e9, HESSID: <none>, capabilities: [WPA2-PSK-CCMP][ESS], level: -37, frequency: 2462, timestamp: 9363013231, distance: ?(cm), distanceSd: ?(cm)3c950978a3f3SSID: llll, BSSID: 3c:95:09:78:a3:f3, HESSID: <none>, capabilities: [WPA2-PSK-CCMP][ESS], level: -41, frequency: 2437, timestamp: 9363013219, distance: ?(cm), distanceSd: ?(cm)ec26ca3c19e2SSID: ZZL-309, BSSID: ec:26:ca:3c:19:e2, HESSID: <none>, capabilities: [WPA-PSK-CCMP][WPA2-PSK-CCMP][ESS], level: -41, frequency: 2412, timestamp: 9363013203, distance: ?(cm), distanceSd: ?(cm)ec26ca3c2adcSSID: ZZL-208, BSSID: ec:26:ca:3c:2a:dc, HESSID: <none>, capabilities: [WPA-PSK-CCMP][WPA2-PSK-CCMP][ESS], level: -75, frequency: 2437, timestamp: 9363013216, distance: ?(cm), distanceSd: ?(cm)ca50e92a54ceSSID: ChinaNet-6NpC, BSSID: ca:50:e9:2a:54:ce, HESSID: <none>, capabilities: [WPA-PSK-CCMP+TKIP][WPA2-PSK-CCMP+TKIP][ESS], level: -82, frequency: 2412, timestamp: 9363013214, distance: ?(cm), distanceSd: ?(cm)78312b264138SSID: ChinaNet-Szj6, BSSID: 78:31:2b:26:41:38, HESSID: <none>, capabilities: [WPA-PSK-CCMP][WPA2-PSK-CCMP][WPS][ESS], level: -82, frequency: 2462, timestamp: 9363013243, distance: ?(cm), distanceSd: ?(cm)d8ae9006d1b1SSID: ChinaNet-b6e0, BSSID: d8:ae:90:06:d1:b1, HESSID: <none>, capabilities: [WPA-PSK-CCMP+TKIP][WPA2-PSK-CCMP+TKIP][ESS], level: -83, frequency: 2462, timestamp: 9363013236, distance: ?(cm), distanceSd: ?(cm)dcfe18518085SSID: TP-LINK_8085, BSSID: dc:fe:18:51:80:85, HESSID: <none>, capabilities: [WPA-PSK-CCMP][WPA2-PSK-CCMP][ESS], level: -83, frequency: 2437, timestamp: 9363013224, distance: ?(cm), distanceSd: ?(cm)0e11b52631e9SSID: and-Business, BSSID: 0e:11:b5:26:31:e9, HESSID: <none>, capabilities: [ESS], level: -85, frequency: 2412, timestamp: 9363013207, distance: ?(cm), distanceSd: ?(cm)7cd1c386f704SSID: MacBook-Pro, BSSID: 7c:d1:c3:86:f7:04, HESSID: <none>, capabilities: [WPA2-PSK-CCMP][ESS], level: -87, frequency: 2462, timestamp: 9363013238, distance: ?(cm), distanceSd: ?(cm)78312b261213SSID: ChinaNet-UcMS, BSSID: 78:31:2b:26:12:13, HESSID: <none>, capabilities: [WPA-PSK-CCMP][WPA2-PSK-CCMP][WPS][ESS], level: -87, frequency: 2447, timestamp: 9363013228, distance: ?(cm), distanceSd: ?(cm)2cdd95180025SSID: ChinaNet-FVP9, BSSID: 2c:dd:95:18:00:25, HESSID: <none>, capabilities: [WPA-PSK-CCMP+TKIP][WPA2-PSK-CCMP+TKIP][ESS], level: -87, frequency: 2447, timestamp: 9363013226, distance: ?(cm), distanceSd: ?(cm)ec26ca3c2ab2SSID: ZZL-311ap02, BSSID: ec:26:ca:3c:2a:b2, HESSID: <none>, capabilities: [WPA-PSK-CCMP][WPA2-PSK-CCMP][ESS], level: -88, frequency: 2462, timestamp: 9363013240, distance: ?(cm), distanceSd: ?(cm)a456023902a0SSID: 360WiFi-3902A0, BSSID: a4:56:02:39:02:a0, HESSID: <none>, capabilities: [WPA-PSK-CCMP][WPA2-PSK-CCMP][ESS], level: -89, frequency: 2457, timestamp: 9363013234, distance: ?(cm), distanceSd: ?(cm)045fa72d86e4SSID: JCG-2D86E4, BSSID: 04:5f:a7:2d:86:e4, HESSID: <none>, capabilities: [WPA-PSK-CCMP][WPA2-PSK-CCMP][ESS], level: -91, frequency: 2437, timestamp: 9363013221, distance: ?(cm), distanceSd: ?(cm)286c070f237fSSID: Xiaomi_603, BSSID: 28:6c:07:0f:23:7f, HESSID: <none>, capabilities: [WPA-PSK-CCMP+TKIP][WPA2-PSK-CCMP+TKIP][WPS][ESS], level: -92, frequency: 2412, timestamp: 9363013211, distance: ?(cm), distanceSd: ?(cm)
D/baidu_location_service( 1726): wifi manager receive new wifi...
D/wifiscan( 1726): wifi manager receive new wifi...
D/baidu_location_service( 1726): on broadcast new Wifi received...
D/STATUSBAR-WifiQuickSettingButton( 1505): onWifiSignalChanged enabled=true enabledDesc:"ZZL-309"
D/StatusBar.MSimNetworkController( 1505): applyCU
D/ResourcesManager(11110): creating new AssetManager and set to /system/app/SNote4.1Preload/SNote4.1Preload.apk
W/linker  (11034): libNativeRQD.so has text relocations. This is wasting memory and prevents security hardening. Please fix.
E/SQLiteLog(11064): (10) POSIX Error : 11 SQLite Error : 3850
D/StatusBar.MSimNetworkController( 1505): applyCU
D/ResourcesManager(11110): creating new AssetManager and set to /system/priv-app/SamsungMusic_20/SamsungMusic_20.apk
D/StatusBar.MSimNetworkController( 1505): applyCU
E/SQLiteLog(11034): (10) POSIX Error : 11 SQLite Error : 3850
W/linker  (11064): libNativeRQD.so has text relocations. This is wasting memory and prevents security hardening. Please fix.
