I/wifiscan( 1726): wifi=8863dfcd22e9SSID: yuhui, BSSID: 88:63:df:cd:22:e9, HESSID: <none>, capabilities: [WPA2-PSK-CCMP][ESS], level: -22, frequency: 2462, timestamp: 11318932476, distance: ?(cm), distanceSd: ?(cm)ec26ca3c19e2SSID: ZZL-309, BSSID: ec:26:ca:3c:19:e2, HESSID: <none>, capabilities: [WPA-PSK-CCMP][WPA2-PSK-CCMP][ESS], level: -46, frequency: 2412, timestamp: 11318932466, distance: ?(cm), distanceSd: ?(cm)3c950978a3f3SSID: llll, BSSID: 3c:95:09:78:a3:f3, HESSID: <none>, capabilities: [WPA2-PSK-CCMP][ESS], level: -50, frequency: 2437, timestamp: 11318932473, distance: ?(cm), distanceSd: ?(cm)ec26ca3c2adcSSID: ZZL-208, BSSID: ec:26:ca:3c:2a:dc, HESSID: <none>, capabilities: [WPA-PSK-CCMP][WPA2-PSK-CCMP][ESS], level: -70, frequency: 2437, timestamp: 11315894543, distance: ?(cm), distanceSd: ?(cm)ca50e92a54ceSSID: ChinaNet-6NpC, BSSID: ca:50:e9:2a:54:ce, HESSID: <none>, capabilities: [WPA-PSK-CCMP+TKIP][WPA2-PSK-CCMP+TKIP][ESS], level: -74, frequency: 2412, timestamp: 11318932459, distance: ?(cm), distanceSd: ?(cm)7cd1c386f704SSID: MacBook-Pro, BSSID: 7c:d1:c3:86:f7:04, HESSID: <none>, capabilities: [WPA2-PSK-CCMP][ESS], level: -78, frequency: 2462, timestamp: 11318932479, distance: ?(cm), distanceSd: ?(cm)78312b264138SSID: ChinaNet-Szj6, BSSID: 78:31:2b:26:41:38, HESSID: <none>, capabilities: [WPA-PSK-CCMP][WPA2-PSK-CCMP][WPS][ESS], level: -81, frequency: 2462, timestamp: 11315894637, distance: ?(cm), distanceSd: ?(cm)0a11b52631e9SSID: i-Shanghai, BSSID: 0a:11:b5:26:31:e9, HESSID: <none>, capabilities: [ESS], level: -82, frequency: 2412, timestamp: 11318932463, distance: ?(cm), distanceSd: ?(cm)c4c7554d432aSSID: ChinaNet-3w5y, BSSID: c4:c7:55:4d:43:2a, HESSID: <none>, capabilities: [WPA-PSK-CCMP+TKIP][WPA2-PSK-CCMP+TKIP][WPS][ESS], level: -82, frequency: 2462, timestamp: 11315894619, distance: ?(cm), distanceSd: ?(cm)f4ee1410595aSSID: MERCURY_595A, BSSID: f4:ee:14:10:59:5a, HESSID: <none>, capabilities: [WPA-PSK-CCMP][WPA2-PSK-CCMP][WPS][ESS], level: -83, frequency: 2437, timestamp: 11315894587, distance: ?(cm), distanceSd: ?(cm)0e11b52631e9SSID: and-Business, BSSID: 0e:11:b5:26:31:e9, HESSID: <none>, capabilities: [ESS], level: -83, frequency: 2412, timestamp: 11318932470, distance: ?(cm), distanceSd: ?(cm)c4c7554d4334SSID: ChinaNet-46Nf, BSSID: c4:c7:55:4d:43:34, HESSID: <none>, capabilities: [WPA-PSK-CCMP+TKIP][WPA2-PSK-CCMP+TKIP][ESS], level: -84, frequency: 2462, timestamp: 11315894652, distance: ?(cm), distanceSd: ?(cm)
D/baidu_location_service( 1726): wifi manager receive new wifi...
D/wifiscan( 1726): wifi manager receive new wifi...
D/baidu_location_service( 1726): on broadcast new Wifi received...
D/AndroidRuntime(26368): 
D/AndroidRuntime(26368): >>>>>> AndroidRuntime START com.android.internal.os.RuntimeInit <<<<<<
D/AndroidRuntime(26368): CheckJNI is OFF
D/AndroidRuntime(26368): readGMSProperty: start
D/AndroidRuntime(26368): readGMSProperty: already setted!!
D/AndroidRuntime(26368): readGMSProperty: end
D/AndroidRuntime(26368): addProductProperty: start
D/wifiscan( 1726): locationclient wifi scan ...
E/WifiStateMachine( 1036): WifiStateMachine CMD_START_SCAN source 10023 txSuccessRate=0.07 rxSuccessRate=2.85 targetRoamBSSID=ec:26:ca:3c:19:e2 RSSI=-45
I/wpa_supplicant( 1566): wlan0: Setting scan request: 0 sec 0 usec
I/wpa_supplicant( 1566): P2P: Current p2p state = IDLE
I/wpa_supplicant( 1566): Scan requested (ret=0) - scan timeout 30 seconds
D/wifiscan service( 1726): wifimanager start scan ...
D/wifiscan client( 1726): send wifi_scan to server...
E/AffinityControl(26368): AffinityControl: registerfunction enter
D/AndroidRuntime(26368): Calling main entry com.android.commands.monkey.Monkey
I/Timeline(26368): Timeline: Activity_launch_request id:com.zzl.falcon.internal time:7164351
E/PersonaManagerService( 1036): inState():  stateMachine is null !!
I/PersonaManagerService( 1036): PersonaId don't exist
I/ActivityManager( 1036): do not start freezing screen for locked container getKeyguardshowstate = false
I/InputDispatcher( 1036): Delivering touch to (12668): action: 0x3, toolType: 0
I/InputDispatcher( 1036): Delivering touch to (1505): action: 0x4, toolType: 0
I/InputDispatcher( 1036): Delivering touch to (12668): action: 0x0, toolType: 0
D/ViewRootImpl(12668): ViewPostImeInputStage ACTION_DOWN
I/InputDispatcher( 1036): Delivering touch to (12668): action: 0x1, toolType: 0
I/InputDispatcher( 1036): Delivering key to (12668): action: 0x0 (0)
I/InputDispatcher( 1036): Delivering key to (12668): action: 0x1 (0)
I/InputDispatcher( 1036): Delivering touch to (1505): action: 0x4, toolType: 0
I/InputDispatcher( 1036): Delivering touch to (12668): action: 0x0, toolType: 0
D/ViewRootImpl(12668): ViewPostImeInputStage ACTION_DOWN
I/InputDispatcher( 1036): Delivering touch to (12668): action: 0x1, toolType: 0
I/InputDispatcher( 1036): Delivering touch to (1505): action: 0x4, toolType: 0
I/InputDispatcher( 1036): Delivering touch to (12668): action: 0x0, toolType: 0
D/ViewRootImpl(12668): ViewPostImeInputStage ACTION_DOWN
I/InputDispatcher( 1036): Delivering touch to (12668): action: 0x1, toolType: 0
I/InputDispatcher( 1036): Delivering key to (12668): action: 0x0 (0)
I/InputDispatcher( 1036): Delivering key to (12668): action: 0x1 (0)
I/InputDispatcher( 1036): Delivering key to (12668): action: 0x0 (0)
I/InputDispatcher( 1036): Delivering key to (12668): action: 0x1 (0)
I/InputDispatcher( 1036): Delivering key to (12668): action: 0x0 (0)
I/InputDispatcher( 1036): Delivering key to (12668): action: 0x1 (0)
I/InputDispatcher( 1036): Delivering touch to (1505): action: 0x4, toolType: 0
I/InputDispatcher( 1036): Delivering touch to (12668): action: 0x0, toolType: 0
D/ViewRootImpl(12668): ViewPostImeInputStage ACTION_DOWN
I/InputDispatcher( 1036): Delivering touch to (12668): action: 0x1, toolType: 0
I/InputDispatcher( 1036): Delivering key to (12668): action: 0x0 (0)
I/InputDispatcher( 1036): Delivering key to (12668): action: 0x1 (0)
I/InputDispatcher( 1036): Delivering key to (12668): action: 0x0 (0)
I/InputDispatcher( 1036): Delivering key to (12668): action: 0x1 (0)
I/InputDispatcher( 1036): Delivering key to (12668): action: 0x0 (0)
I/InputDispatcher( 1036): Delivering key to (12668): action: 0x1 (0)
D/InputDispatcher( 1036): Waiting for application to become ready for input: xxxx Reason: Waiting to send key event because the focused window has not finished processing all of the input events that were previously delivered to it.  Outbound queue length: 0.  Wait queue length: 1.
I/InputDispatcher( 1036): Delivering key to (12668): action: 0x0 (0)
D/InputDispatcher( 1036): Waiting for application to become ready for input: xxxx Reason: Waiting to send key event because the focused window has not finished processing all of the input events that were previously delivered to it.  Outbound queue length: 0.  Wait queue length: 1.
D/ApplicationPolicy( 1036): isStatusBarNotificationAllowedAsUser: packageName = android,userId = -1
V/ApplicationPolicy( 1036): isApplicationStateBlocked userId -1 pkgname android
I/InputDispatcher( 1036): Delivering key to (12668): action: 0x1 (0)
D/ResourcesManager(15335): creating new AssetManager and set to /system/framework/framework-res.apk
D/ResourcesManager( 1637): creating new AssetManager and set to /system/framework/framework-res.apk
I/SurfaceFlinger(  263): id=555 createSurf (1080x1),1 flag=4, JnputMethod
D/InputDispatcher( 1036): Waiting for application to become ready for input: xxxx Reason: Waiting to send key event because the focused window has not finished processing all of the input events that were previously delivered to it.  Outbound queue length: 0.  Wait queue length: 21.
I/art     ( 1505): Explicit concurrent mark sweep GC freed 33611(1668KB) AllocSpace objects, 4(145KB) LOS objects, 23% free, 52MB/68MB, paused 1.110ms total 61.346ms
D/AbsListView(12668): Get MotionRecognitionManager
D/KnoxNotification( 1505): ----- inflateViews : modified publicViewLocal -----
I/AudioPolicyManager(  303): getAudioPolicyConfig: situation=1;device=0
I/AudioPolicyManager(  303): getSituationVolume: isBTConnected:0 isHeadConnected:0
V/AudioPolicyManager(  303): deviceInt = 0, situationInt = 1, situationVolume = 0.500000
V/AudioPolicyManager(  303): getOutput() device 2, stream 1, samplingRate 0, format 0, channelMask 0, flags 3
V/AudioPolicyManager(  303): getOutputsForDevice device 0002 -> 0002
V/AudioPolicyManager(  303): getOutput() returns output 2
V/AudioPolicyManager(  303): getOutput() device 2, stream 1, samplingRate 0, format 0, channelMask 0, flags 3
V/AudioPolicyManager(  303): getOutputsForDevice device 0002 -> 0002
V/AudioPolicyManager(  303): getOutput() returns output 2
V/AudioPolicyManager(  303): getOutputForAttr() usage=13, content=4, tag= flags=00000000
V/AudioPolicyManager(  303): getOutputForAttr() device 2, samplingRate 48000, format 1, channelMask 1, flags 4
V/AudioPolicyManager(  303): getOutputsForDevice device 0002 -> 0002
V/AudioPolicyManager(  303): getOutput() returns output 2
I/InputDispatcher( 1036): Delivering key to (12668): action: 0x0 (0)
V/AudioPolicyManager(  303): startOutput() output 2, stream 1, session 421
V/AudioPolicyManager(  303): changeRefCount() stream 1, count 1
V/AudioPolicyManager(  303): getNewOutputDevice() selected device 2
V/AudioPolicyManager(  303): setOutputDevice() output 2 device 0002 delayMs 0
V/AudioPolicyManager(  303): setOutputDevice() prevDevice 0002
V/AudioPolicyManager(  303): setOutputDevice() setting same device 0002 or null device for output 2
V/audio_hw_primary(  303): start_output_stream: enter: usecase(0: deep-buffer-playback) devices(0x2)
V/audio_hw_primary(  303): select_devices: ENTER
V/audio_hw_primary(  303): select_devices: usecase(normal)
V/audio_hw_primary(  303): select_devices: usecase(PCM_PLAYBACK)
V/msm8974_platform(  303): platform_get_output_snd_device: enter: output devices(0x2)
V/msm8974_platform(  303): get_OUTPUT_snd_device: for Normal Playback
V/msm8974_platform(  303): platform_get_output_snd_device: exit: snd_device(speaker)
D/audio_hw_primary(  303): select_devices: out_snd_device(2: speaker)
D/audio_hw_primary(  303): select_devices: in_snd_device(0: dummy)
D/ACDB-LOADER(  303): ACDB -> send_audio_cal, acdb_id = 15, path =  0
D/ACDB-LOADER(  303): ACDB -> send_adm_topology
D/ACDB-LOADER(  303): ACDB -> ACDB_CMD_GET_AUDPROC_COMMON_TOPOLOGY_ID
D/ACDB-LOADER(  303): ACDB -> send_asm_topology
D/ACDB-LOADER(  303): ACDB -> ACDB_CMD_GET_AUDPROC_STREAM_TOPOLOGY_ID
D/ACDB-LOADER(  303): ACDB -> send_audtable
D/ACDB-LOADER(  303): ACDB -> ACDB_CMD_GET_AUDPROC_COMMON_TABLE
D/ACDB-LOADER(  303): ACDB -> AUDIO_SET_AUDPROC_CAL
D/ACDB-LOADER(  303): ACDB -> send_audvoltable
D/ACDB-LOADER(  303): ACDB -> ACDB_CMD_GET_AUDPROC_GAIN_DEP_STEP_TABLE
D/ACDB-LOADER(  303): ACDB -> AUDIO_SET_AUDPROC_VOL_CAL
D/ACDB-LOADER(  303): ACDB -> send_afe_cal
D/ACDB-LOADER(  303): ACDB -> ACDB_CMD_GET_AFE_COMMON_TABLE
D/ACDB-LOADER(  303): ACDB -> AUDIO_SET_AFE_CAL
V/audio_hw_primary(  303): enable_snd_device: snd_device(2: speaker, speaker)
D/audio_route(  303): ++++ audio_route_update_mixer ==============
D/audio_route(  303): Setting mixer control: SPK DRV Volume
D/audio_route(  303): Setting mixer control: value: 8
V/AudioPolicyManager(  303): releaseOutput() 2
D/InputDispatcher( 1036): Waiting for application to become ready for input: xxxx Reason: Waiting to send key event because the focused window has not finished processing all of the input events that were previously delivered to it.  Outbound queue length: 0.  Wait queue length: 1.
D/audio_route(  303): Setting mixer control: RX7 Digital Volume
D/audio_route(  303): Setting mixer control: value: 82
D/audio_route(  303): Setting mixer control: COMP0 Switch
D/audio_route(  303): Setting mixer control: value: 1
D/audio_route(  303): Setting mixer control: RX7 MIX1 INP1, value: 5
D/audio_route(  303): Setting mixer control: DAC1 Switch
D/audio_route(  303): Setting mixer control: value: 1
D/audio_route(  303): Setting mixer control: SPK Status
D/audio_route(  303): Setting mixer control: value: 1
D/audio_route(  303): ------ audio_route_update_mixer ==============
V/audio_hw_primary(  303): enable_audio_route: enter: usecase(0)
V/audio_hw_primary(  303): enable_audio_route: apply mixer path: deep-buffer-playback
D/audio_route(  303): ++++ audio_route_update_mixer ==============
D/audio_route(  303): Setting mixer control: SLIMBUS_0_RX Audio Mixer MultiMedia1
D/audio_route(  303): Setting mixer control: value: 1
D/audio_route(  303): ------ audio_route_update_mixer ==============
V/audio_hw_primary(  303): enable_audio_route: exit
V/audio_hw_primary(  303): start_output_stream: Opening PCM device card_id(0) device_id(0)
D/KnoxNotification( 1505): ----- inflateViews : modified KnoxViewLocal -----
V/audio_hw_primary(  303): start_output_stream: exit
D/PersonaManager( 1505): PersonaID is invalid or persona doesn't exists. : -1
D/PersonaManager( 1505): isKioskContainerExistOnDevice
D/PersonaManager( 1505): isKioskContainerExistOnDevice
D/ResourcesManager( 1505): creating new AssetManager and set to /system/priv-app/SecSettings/SecSettings.apk
D/StatusBar( 1505): getNumberOfActiveSim:0
D/PanelView( 1505): There is/are notification(s) 
I/AudioPolicyManager(  303): getAudioPolicyConfig: situation=1;device=0
I/AudioPolicyManager(  303): getSituationVolume: isBTConnected:0 isHeadConnected:0
V/AudioPolicyManager(  303): deviceInt = 0, situationInt = 1, situationVolume = 0.500000
V/AudioPolicyManager(  303): getOutput() device 2, stream 1, samplingRate 0, format 0, channelMask 0, flags 3
V/AudioPolicyManager(  303): getOutputsForDevice device 0002 -> 0002
V/AudioPolicyManager(  303): getOutput() returns output 2
V/AudioPolicyManager(  303): getOutput() device 2, stream 1, samplingRate 0, format 0, channelMask 0, flags 3
V/AudioPolicyManager(  303): getOutputsForDevice device 0002 -> 0002
V/AudioPolicyManager(  303): getOutput() returns output 2
V/AudioPolicyManager(  303): getOutputForAttr() usage=13, content=4, tag= flags=00000000
V/AudioPolicyManager(  303): getOutputForAttr() device 2, samplingRate 48000, format 1, channelMask 1, flags 4
V/AudioPolicyManager(  303): getOutputsForDevice device 0002 -> 0002
V/AudioPolicyManager(  303): getOutput() returns output 2
V/AudioPolicyManager(  303): startOutput() output 2, stream 1, session 422
V/AudioPolicyManager(  303): changeRefCount() stream 1, count 2
V/AudioPolicyManager(  303): releaseOutput() 2
I/AudioPolicyManager(  303): getAudioPolicyConfig: situation=1;device=0
I/AudioPolicyManager(  303): getSituationVolume: isBTConnected:0 isHeadConnected:0
V/AudioPolicyManager(  303): deviceInt = 0, situationInt = 1, situationVolume = 0.500000
V/AudioPolicyManager(  303): getOutput() device 2, stream 1, samplingRate 0, format 0, channelMask 0, flags 3
V/AudioPolicyManager(  303): getOutputsForDevice device 0002 -> 0002
V/AudioPolicyManager(  303): getOutput() returns output 2
V/AudioPolicyManager(  303): getOutput() device 2, stream 1, samplingRate 0, format 0, channelMask 0, flags 3
V/AudioPolicyManager(  303): getOutputsForDevice device 0002 -> 0002
V/AudioPolicyManager(  303): getOutput() returns output 2
V/AudioPolicyManager(  303): getOutputForAttr() usage=13, content=4, tag= flags=00000000
V/AudioPolicyManager(  303): getOutputForAttr() device 2, samplingRate 48000, format 1, channelMask 1, flags 4
V/AudioPolicyManager(  303): getOutputsForDevice device 0002 -> 0002
V/AudioPolicyManager(  303): getOutput() returns output 2
V/AudioPolicyManager(  303): startOutput() output 2, stream 1, session 423
V/AudioPolicyManager(  303): changeRefCount() stream 1, count 3
V/AudioPolicyManager(  303): releaseOutput() 2
I/AudioPolicyManager(  303): getAudioPolicyConfig: situation=1;device=0
I/AudioPolicyManager(  303): getSituationVolume: isBTConnected:0 isHeadConnected:0
V/AudioPolicyManager(  303): deviceInt = 0, situationInt = 1, situationVolume = 0.500000
V/AudioPolicyManager(  303): getOutput() device 2, stream 1, samplingRate 0, format 0, channelMask 0, flags 3
V/AudioPolicyManager(  303): getOutputsForDevice device 0002 -> 0002
V/AudioPolicyManager(  303): getOutput() returns output 2
V/AudioPolicyManager(  303): getOutput() device 2, stream 1, samplingRate 0, format 0, channelMask 0, flags 3
V/AudioPolicyManager(  303): getOutputsForDevice device 0002 -> 0002
V/AudioPolicyManager(  303): getOutput() returns output 2
V/AudioPolicyManager(  303): getOutputForAttr() usage=13, content=4, tag= flags=00000000
V/AudioPolicyManager(  303): getOutputForAttr() device 2, samplingRate 48000, format 1, channelMask 1, flags 4
V/AudioPolicyManager(  303): getOutputsForDevice device 0002 -> 0002
V/AudioPolicyManager(  303): getOutput() returns output 2
V/AudioPolicyManager(  303): startOutput() output 2, stream 1, session 424
V/AudioPolicyManager(  303): changeRefCount() stream 1, count 4
I/InputDispatcher( 1036): Delivering key to (12668): action: 0x1 (0)
V/AudioPolicyManager(  303): releaseOutput() 2
I/AudioPolicyManager(  303): getAudioPolicyConfig: situation=1;device=0
I/AudioPolicyManager(  303): getSituationVolume: isBTConnected:0 isHeadConnected:0
V/AudioPolicyManager(  303): deviceInt = 0, situationInt = 1, situationVolume = 0.500000
I/AudioPolicyManager(  303): getAudioPolicyConfig: situation=1;device=0
V/AudioPolicyManager(  303): getOutput() device 2, stream 1, samplingRate 0, format 0, channelMask 0, flags 3
V/AudioPolicyManager(  303): getOutputsForDevice device 0002 -> 0002
I/AudioPolicyManager(  303): getSituationVolume: isBTConnected:0 isHeadConnected:0
V/AudioPolicyManager(  303): deviceInt = 0, situationInt = 1, situationVolume = 0.500000
V/AudioPolicyManager(  303): getOutput() returns output 2
V/AudioPolicyManager(  303): getOutput() device 2, stream 1, samplingRate 0, format 0, channelMask 0, flags 3
V/AudioPolicyManager(  303): getOutputsForDevice device 0002 -> 0002
V/AudioPolicyManager(  303): getOutput() returns output 2
V/AudioPolicyManager(  303): getOutputForAttr() usage=13, content=4, tag= flags=00000000
V/AudioPolicyManager(  303): getOutputForAttr() device 2, samplingRate 48000, format 1, channelMask 1, flags 4
V/AudioPolicyManager(  303): getOutputsForDevice device 0002 -> 0002
V/AudioPolicyManager(  303): getOutput() returns output 2
V/AudioPolicyManager(  303): startOutput() output 2, stream 1, session 425
V/AudioPolicyManager(  303): changeRefCount() stream 1, count 5
I/SurfaceFlinger(  263): id=556 createSurf (1x1),1 flag=4, QopupWindow
V/AudioPolicyManager(  303): getOutput() device 2, stream 1, samplingRate 0, format 0, channelMask 0, flags 3
V/AudioPolicyManager(  303): getOutputsForDevice device 0002 -> 0002
V/AudioPolicyManager(  303): getOutput() returns output 2
V/AudioPolicyManager(  303): getOutput() device 2, stream 1, samplingRate 0, format 0, channelMask 0, flags 3
V/AudioPolicyManager(  303): getOutputsForDevice device 0002 -> 0002
V/AudioPolicyManager(  303): getOutput() returns output 2
V/AudioPolicyManager(  303): getOutputForAttr() usage=13, content=4, tag= flags=00000000
V/AudioPolicyManager(  303): getOutputForAttr() device 2, samplingRate 48000, format 1, channelMask 1, flags 4
V/AudioPolicyManager(  303): getOutputsForDevice device 0002 -> 0002
V/AudioPolicyManager(  303): getOutput() returns output 2
V/AudioPolicyManager(  303): startOutput() output 2, stream 1, session 426
V/AudioPolicyManager(  303): changeRefCount() stream 1, count 6
D/PanelView( 1505): There is/are notification(s) 
D/InputDispatcher( 1036): Waiting for application to become ready for input: xxxx Reason: Waiting to send key event because the focused window has not finished processing all of the input events that were previously delivered to it.  Outbound queue length: 0.  Wait queue length: 21.
D/PersonaManager( 1505): isKioskContainerExistOnDevice
I/AudioPolicyManager(  303): getAudioPolicyConfig: situation=1;device=0
I/AudioPolicyManager(  303): getSituationVolume: isBTConnected:0 isHeadConnected:0
V/AudioPolicyManager(  303): deviceInt = 0, situationInt = 1, situationVolume = 0.500000
V/AudioPolicyManager(  303): getOutput() device 2, stream 1, samplingRate 0, format 0, channelMask 0, flags 3
V/AudioPolicyManager(  303): getOutputsForDevice device 0002 -> 0002
V/AudioPolicyManager(  303): getOutput() returns output 2
V/AudioPolicyManager(  303): getOutput() device 2, stream 1, samplingRate 0, format 0, channelMask 0, flags 3
V/AudioPolicyManager(  303): getOutputsForDevice device 0002 -> 0002
V/AudioPolicyManager(  303): getOutput() returns output 2
V/AudioPolicyManager(  303): getOutputForAttr() usage=13, content=4, tag= flags=00000000
V/AudioPolicyManager(  303): getOutputForAttr() device 2, samplingRate 48000, format 1, channelMask 1, flags 4
V/AudioPolicyManager(  303): getOutputsForDevice device 0002 -> 0002
V/AudioPolicyManager(  303): getOutput() returns output 2
V/AudioPolicyManager(  303): startOutput() output 2, stream 1, session 427
V/AudioPolicyManager(  303): changeRefCount() stream 1, count 7
I/InputDispatcher( 1036): Delivering key to (12668): action: 0x0 (0)
D/InputDispatcher( 1036): Waiting for application to become ready for input: xxxx Reason: Waiting to send key event because the focused window has not finished processing all of the input events that were previously delivered to it.  Outbound queue length: 0.  Wait queue length: 1.
D/StatusBar( 1505): getNumberOfActiveSim:0
D/PanelView( 1505): There is/are notification(s) 
I/SurfaceFlinger(  263): id=556 Removed QopupWindow (9/10)
I/SurfaceFlinger(  263): id=556 Removed QopupWindow (-2/10)
I/SurfaceFlinger(  263): id=557 createSurf (1x1),1 flag=4, Uoast
V/AudioPolicyManager(  303): stopOutput() output 2, stream 1, session 421
V/AudioPolicyManager(  303): changeRefCount() stream 1, count 6
V/AudioPolicyManager(  303): releaseOutput() 2
W/IInputConnectionWrapper(12668): beginBatchEdit on inactive InputConnection
W/IInputConnectionWrapper(12668): getTextBeforeCursor on inactive InputConnection
W/IInputConnectionWrapper(12668): endBatchEdit on inactive InputConnection
W/IInputConnectionWrapper(12668): beginBatchEdit on inactive InputConnection
W/IInputConnectionWrapper(12668): endBatchEdit on inactive InputConnection
I/InputDispatcher( 1036): Delivering key to (12668): action: 0x1 (0)
V/AudioPolicyManager(  303): stopOutput() output 2, stream 1, session 422
V/AudioPolicyManager(  303): changeRefCount() stream 1, count 5
V/AudioPolicyManager(  303): releaseOutput() 2
I/InputDispatcher( 1036): Delivering touch to (12668): action: 0x0, toolType: 0
I/InputDispatcher( 1036): Delivering touch to (12668): action: 0x1, toolType: 0
D/ViewRootImpl(12668): ViewPostImeInputStage ACTION_DOWN
D/ApplicationPolicy( 1036): isStatusBarNotificationAllowedAsUser: packageName = android,userId = -1
V/ApplicationPolicy( 1036): isApplicationStateBlocked userId -1 pkgname android
D/StatusBar( 1505): ----- contentsUnchanged : true, bigContentsUnchanged - true, headsUpContentsUnchanged - true , publicUnchanged true
D/PersonaManager( 1505): isKioskContainerExistOnDevice
D/PersonaManager( 1505): isKioskContainerExistOnDevice
D/InputDispatcher( 1036): Waiting for application to become ready for input: xxxx Reason: Waiting to send key event because the focused window has not finished processing all of the input events that were previously delivered to it.  Outbound queue length: 0.  Wait queue length: 11.
V/AudioPolicyManager(  303): stopOutput() output 2, stream 1, session 423
V/AudioPolicyManager(  303): changeRefCount() stream 1, count 4
V/AudioPolicyManager(  303): releaseOutput() 2
I/InputDispatcher( 1036): Delivering key to (12668): action: 0x0 (0)
D/PointerIcon( 1036): setMouseIconStyle1 pointerType: 1001iconType:101 flag:0
D/PointerIcon( 1036): setMouseCustomIcon IconType is same.101
D/PointerIcon( 1036): setHoveringSpenIconStyle1 pointerType: 10001iconType:1 flag:0
D/PointerIcon( 1036): setHoveringSpenCustomIcon IconType is same.1
D/InputDispatcher( 1036): Waiting for application to become ready for input: xxxx Reason: Waiting to send key event because the focused window has not finished processing all of the input events that were previously delivered to it.  Outbound queue length: 0.  Wait queue length: 1.
I/AudioPolicyManager(  303): getAudioPolicyConfig: situation=1;device=0
I/AudioPolicyManager(  303): getSituationVolume: isBTConnected:0 isHeadConnected:0
V/AudioPolicyManager(  303): deviceInt = 0, situationInt = 1, situationVolume = 0.500000
I/InputDispatcher( 1036): Delivering key to (12668): action: 0x1 (0)
V/AudioPolicyManager(  303): getOutput() device 2, stream 1, samplingRate 0, format 0, channelMask 0, flags 3
V/AudioPolicyManager(  303): getOutputsForDevice device 0002 -> 0002
V/AudioPolicyManager(  303): getOutput() returns output 2
V/AudioPolicyManager(  303): getOutput() device 2, stream 1, samplingRate 0, format 0, channelMask 0, flags 3
V/AudioPolicyManager(  303): getOutputsForDevice device 0002 -> 0002
V/AudioPolicyManager(  303): getOutput() returns output 2
V/AudioPolicyManager(  303): getOutputForAttr() usage=13, content=4, tag= flags=00000000
V/AudioPolicyManager(  303): getOutputForAttr() device 2, samplingRate 48000, format 1, channelMask 1, flags 4
V/AudioPolicyManager(  303): getOutputsForDevice device 0002 -> 0002
V/AudioPolicyManager(  303): getOutput() returns output 2
D/InputDispatcher( 1036): Waiting for application to become ready for input: xxxx Reason: Waiting to send key event because the focused window has not finished processing all of the input events that were previously delivered to it.  Outbound queue length: 0.  Wait queue length: 1.
I/SurfaceFlinger(  263): id=558 createSurf (1x1),1 flag=4, MoginActivi
V/AudioPolicyManager(  303): startOutput() output 2, stream 1, session 428
V/AudioPolicyManager(  303): changeRefCount() stream 1, count 5
W/IInputConnectionWrapper(12668): beginBatchEdit on inactive InputConnection
W/IInputConnectionWrapper(12668): getTextBeforeCursor on inactive InputConnection
I/InputDispatcher( 1036): Delivering key to (12668): action: 0x0 (0)
I/InputDispatcher( 1036): Delivering key to (12668): action: 0x1 (0)
W/IInputConnectionWrapper(12668): endBatchEdit on inactive InputConnection
W/IInputConnectionWrapper(12668): beginBatchEdit on inactive InputConnection
W/IInputConnectionWrapper(12668): endBatchEdit on inactive InputConnection
D/StatusBar( 1505): getNumberOfActiveSim:0
D/PanelView( 1505): There is/are notification(s) 
D/ApplicationPolicy( 1036): isStatusBarNotificationAllowedAsUser: packageName = android,userId = -1
V/ApplicationPolicy( 1036): isApplicationStateBlocked userId -1 pkgname android
D/InputDispatcher( 1036): Waiting for application to become ready for input: xxxx Reason: Waiting to send key event because the focused window has not finished processing all of the input events that were previously delivered to it.  Outbound queue length: 0.  Wait queue length: 4.
I/InputDispatcher( 1036): Delivering key to (12668): action: 0x0 (0)
I/InputDispatcher( 1036): Delivering key to (12668): action: 0x1 (0)
I/InputDispatcher( 1036): Delivering key to (12668): action: 0x0 (0)
I/InputDispatcher( 1036): Delivering key to (12668): action: 0x1 (0)
I/InputDispatcher( 1036): Delivering key to (12668): action: 0x0 (0)
I/InputDispatcher( 1036): Delivering key to (12668): action: 0x1 (0)
D/PanelView( 1505): There is/are notification(s) 
D/InputDispatcher( 1036): Waiting for application to become ready for input: xxxx Reason: Waiting to send key event because the focused window has not finished processing all of the input events that were previously delivered to it.  Outbound queue length: 0.  Wait queue length: 1.
I/InputDispatcher( 1036): Delivering key to (12668): action: 0x0 (0)
I/AudioPolicyManager(  303): getAudioPolicyConfig: situation=1;device=0
I/AudioPolicyManager(  303): getSituationVolume: isBTConnected:0 isHeadConnected:0
V/AudioPolicyManager(  303): deviceInt = 0, situationInt = 1, situationVolume = 0.500000
D/PersonaManager( 1505): isKioskContainerExistOnDevice
V/AudioPolicyManager(  303): getOutput() device 2, stream 1, samplingRate 0, format 0, channelMask 0, flags 3
V/AudioPolicyManager(  303): getOutputsForDevice device 0002 -> 0002
V/AudioPolicyManager(  303): getOutput() returns output 2
V/AudioPolicyManager(  303): getOutput() device 2, stream 1, samplingRate 0, format 0, channelMask 0, flags 3
V/AudioPolicyManager(  303): getOutputsForDevice device 0002 -> 0002
V/AudioPolicyManager(  303): getOutput() returns output 2
V/AudioPolicyManager(  303): getOutputForAttr() usage=13, content=4, tag= flags=00000000
V/AudioPolicyManager(  303): getOutputForAttr() device 2, samplingRate 48000, format 1, channelMask 1, flags 4
V/AudioPolicyManager(  303): getOutputsForDevice device 0002 -> 0002
V/AudioPolicyManager(  303): getOutput() returns output 2
D/InputDispatcher( 1036): Waiting for application to become ready for input: xxxx Reason: Waiting to send key event because the focused window has not finished processing all of the input events that were previously delivered to it.  Outbound queue length: 0.  Wait queue length: 1.
V/AudioPolicyManager(  303): stopOutput() output 2, stream 1, session 424
V/AudioPolicyManager(  303): changeRefCount() stream 1, count 4
V/AudioPolicyManager(  303): releaseOutput() 2
V/AudioPolicyManager(  303): startOutput() output 2, stream 1, session 429
V/AudioPolicyManager(  303): changeRefCount() stream 1, count 5
V/AudioPolicyManager(  303): releaseOutput() 2
I/InputDispatcher( 1036): Delivering key to (12668): action: 0x1 (0)
D/PointerIcon( 1036): setMouseIconStyle1 pointerType: 1001iconType:101 flag:0
D/PointerIcon( 1036): setMouseCustomIcon IconType is same.101
D/PointerIcon( 1036): setHoveringSpenIconStyle1 pointerType: 10001iconType:1 flag:0
D/PointerIcon( 1036): setHoveringSpenCustomIcon IconType is same.1
D/InputMethodManagerService( 1036): windowGainedFocus mCurrentFocusedUserId - 0 and mSecureKeypadEnabled-false
E/ViewRootImpl(12668): sendUserActionEvent() mView == null
D/InputDispatcher( 1036): Waiting for application to become ready for input: xxxx Reason: Waiting to send key event because the focused window has not finished processing all of the input events that were previously delivered to it.  Outbound queue length: 0.  Wait queue length: 11.
V/AudioPolicyManager(  303): stopOutput() output 2, stream 1, session 425
V/AudioPolicyManager(  303): changeRefCount() stream 1, count 4
V/AudioPolicyManager(  303): releaseOutput() 2
D/StatusBar( 1505): getNumberOfActiveSim:0
D/PanelView( 1505): There is/are notification(s) 
D/StatusBar( 1505): ----- contentsUnchanged : true, bigContentsUnchanged - true, headsUpContentsUnchanged - true , publicUnchanged true
V/AudioPolicyManager(  303): stopOutput() output 2, stream 1, session 426
V/AudioPolicyManager(  303): changeRefCount() stream 1, count 3
D/PersonaManager( 1505): isKioskContainerExistOnDevice
D/PersonaManager( 1505): isKioskContainerExistOnDevice
I/InputDispatcher( 1036): Delivering key to (12668): action: 0x0 (0)
D/InputDispatcher( 1036): Waiting for application to become ready for input: xxxx Reason: Waiting to send key event because the focused window has not finished processing all of the input events that were previously delivered to it.  Outbound queue length: 0.  Wait queue length: 1.
D/ApplicationPolicy( 1036): isStatusBarNotificationAllowedAsUser: packageName = android,userId = -1
V/ApplicationPolicy( 1036): isApplicationStateBlocked userId -1 pkgname android
I/InputDispatcher( 1036): Delivering key to (12668): action: 0x1 (0)
D/InputDispatcher( 1036): Waiting for application to become ready for input: xxxx Reason: Waiting to send key event because the focused window has not finished processing all of the input events that were previously delivered to it.  Outbound queue length: 0.  Wait queue length: 1.
V/AudioPolicyManager(  303): stopOutput() output 2, stream 1, session 427
V/AudioPolicyManager(  303): changeRefCount() stream 1, count 2
D/StatusBar( 1505): getNumberOfActiveSim:0
D/PanelView( 1505): There is/are notification(s) 
I/InputDispatcher( 1036): Delivering key to (12668): action: 0x0 (0)
I/InputDispatcher( 1036): Delivering key to (12668): action: 0x1 (0)
I/AudioPolicyManager(  303): getAudioPolicyConfig: situation=1;device=0
I/AudioPolicyManager(  303): getSituationVolume: isBTConnected:0 isHeadConnected:0
V/AudioPolicyManager(  303): deviceInt = 0, situationInt = 1, situationVolume = 0.500000
I/InputDispatcher( 1036): Delivering touch to (1505): action: 0x4, toolType: 0
I/InputDispatcher( 1036): Delivering touch to (2180): action: 0x0, toolType: 0
V/AudioPolicyManager(  303): getOutput() device 2, stream 1, samplingRate 0, format 0, channelMask 0, flags 3
V/AudioPolicyManager(  303): getOutputsForDevice device 0002 -> 0002
V/AudioPolicyManager(  303): getOutput() returns output 2
V/AudioPolicyManager(  303): getOutput() device 2, stream 1, samplingRate 0, format 0, channelMask 0, flags 3
V/AudioPolicyManager(  303): getOutputsForDevice device 0002 -> 0002
V/AudioPolicyManager(  303): getOutput() returns output 2
V/AudioPolicyManager(  303): getOutputForAttr() usage=13, content=4, tag= flags=00000000
V/AudioPolicyManager(  303): getOutputForAttr() device 2, samplingRate 48000, format 1, channelMask 1, flags 4
V/AudioPolicyManager(  303): getOutputsForDevice device 0002 -> 0002
V/AudioPolicyManager(  303): getOutput() returns output 2
D/ViewRootImpl( 2180): ViewPostImeInputStage ACTION_DOWN
I/InputDispatcher( 1036): Delivering touch to (2180): action: 0x1, toolType: 0
V/AudioPolicyManager(  303): startOutput() output 2, stream 1, session 430
V/AudioPolicyManager(  303): changeRefCount() stream 1, count 3
V/AudioPolicyManager(  303): releaseOutput() 2
I/InputDispatcher( 1036): Delivering key to (12668): action: 0x0 (0)
D/InputDispatcher( 1036): Waiting for application to become ready for input: xxxx Reason: Waiting to send key event because the focused window has not finished processing all of the input events that were previously delivered to it.  Outbound queue length: 0.  Wait queue length: 1.
V/AudioPolicyManager(  303): getOutput() device 2, stream 1, samplingRate 0, format 0, channelMask 0, flags 3
V/AudioPolicyManager(  303): getOutputsForDevice device 0002 -> 0002
V/AudioPolicyManager(  303): getOutput() returns output 2
V/AudioPolicyManager(  303): getOutput() device 2, stream 1, samplingRate 0, format 0, channelMask 0, flags 3
V/AudioPolicyManager(  303): getOutputsForDevice device 0002 -> 0002
V/AudioPolicyManager(  303): getOutput() returns output 2
V/AudioPolicyManager(  303): getOutputForAttr() usage=13, content=4, tag= flags=00000000
V/AudioPolicyManager(  303): getOutputForAttr() device 2, samplingRate 44100, format 1, channelMask 3, flags 4
V/AudioPolicyManager(  303): getOutputsForDevice device 0002 -> 0002
V/AudioPolicyManager(  303): getOutput() returns output 2
W/AudioTrack( 1036): AUDIO_OUTPUT_FLAG_FAST denied by client
V/AudioPolicyManager(  303): startOutput() output 2, stream 1, session 431
V/AudioPolicyManager(  303): changeRefCount() stream 1, count 4
V/AudioPolicyManager(  303): releaseOutput() 2
D/SoundAliveResampler(  303): [SoundAliveResampler] Init+++
D/PanelView( 1505): There is/are notification(s) 
D/PersonaManager( 1505): isKioskContainerExistOnDevice
V/Vibrator( 2180): Called vibrate(long[], int) API!
V/Vibrator( 2180): vibrate(long[], int, AudioAttributes) API - PUID: 10057, PackageName: com.sohu.inputmethod.sogou, repeat: -1, AudioAttr: null
V/Vibrator( 2180): Called vibrate(int, String, long[], int, AudioAttributes) API - PUID: 10057, PackageName: com.sohu.inputmethod.sogou, pattern
V/Vibrator( 2180): vibrate - PUID: 10057, PackageName: com.sohu.inputmethod.sogou, pattern, repeat: -1, AudioAttr: null, mag: -1
I/InputDispatcher( 1036): Delivering key to (12668): action: 0x1 (0)
I/InputDispatcher( 1036): Delivering key to (12668): action: 0x0 (0)
I/InputDispatcher( 1036): Delivering key to (12668): action: 0x1 (0)
I/InputDispatcher( 1036): Delivering touch to (1505): action: 0x4, toolType: 0
I/InputDispatcher( 1036): Delivering touch to (2180): action: 0x0, toolType: 0
D/ViewRootImpl( 2180): ViewPostImeInputStage ACTION_DOWN
I/InputDispatcher( 1036): Delivering touch to (2180): action: 0x1, toolType: 0
D/StatusBar( 1505): getNumberOfActiveSim:0
D/PanelView( 1505): There is/are notification(s) 
D/StatusBar( 1505): ----- contentsUnchanged : true, bigContentsUnchanged - true, headsUpContentsUnchanged - true , publicUnchanged true
D/InputDispatcher( 1036): Waiting for application to become ready for input: xxxx Reason: Waiting to send key event because the focused window has not finished processing all of the input events that were previously delivered to it.  Outbound queue length: 0.  Wait queue length: 10.
D/PersonaManager( 1505): isKioskContainerExistOnDevice
D/PersonaManager( 1505): isKioskContainerExistOnDevice
V/Vibrator( 2180): Called vibrate(long[], int) API!
V/Vibrator( 2180): vibrate(long[], int, AudioAttributes) API - PUID: 10057, PackageName: com.sohu.inputmethod.sogou, repeat: -1, AudioAttr: null
V/Vibrator( 2180): Called vibrate(int, String, long[], int, AudioAttributes) API - PUID: 10057, PackageName: com.sohu.inputmethod.sogou, pattern
V/Vibrator( 2180): vibrate - PUID: 10057, PackageName: com.sohu.inputmethod.sogou, pattern, repeat: -1, AudioAttr: null, mag: -1
V/AudioPolicyManager(  303): getOutput() device 2, stream 1, samplingRate 0, format 0, channelMask 0, flags 3
V/AudioPolicyManager(  303): getOutputsForDevice device 0002 -> 0002
V/AudioPolicyManager(  303): getOutput() returns output 2
V/AudioPolicyManager(  303): getOutput() device 2, stream 1, samplingRate 0, format 0, channelMask 0, flags 3
V/AudioPolicyManager(  303): getOutputsForDevice device 0002 -> 0002
V/AudioPolicyManager(  303): getOutput() returns output 2
V/AudioPolicyManager(  303): getOutputForAttr() usage=13, content=4, tag= flags=00000000
V/AudioPolicyManager(  303): getOutputForAttr() device 2, samplingRate 44100, format 1, channelMask 3, flags 4
V/AudioPolicyManager(  303): getOutputsForDevice device 0002 -> 0002
V/AudioPolicyManager(  303): getOutput() returns output 2
W/AudioTrack( 1036): AUDIO_OUTPUT_FLAG_FAST denied by client
V/AudioPolicyManager(  303): startOutput() output 2, stream 1, session 432
V/AudioPolicyManager(  303): changeRefCount() stream 1, count 5
V/AudioPolicyManager(  303): releaseOutput() 2
V/AudioPolicyManager(  303): stopOutput() output 2, stream 1, session 428
V/AudioPolicyManager(  303): changeRefCount() stream 1, count 4
V/AudioPolicyManager(  303): releaseOutput() 2
D/SoundAliveResampler(  303): [SoundAliveResampler] Init+++
D/StatusBar( 1505): getNumberOfActiveSim:0
D/PanelView( 1505): There is/are notification(s) 
D/PanelView( 1505): There is/are notification(s) 
D/PersonaManager( 1505): isKioskContainerExistOnDevice
D/StatusBar( 1505): getNumberOfActiveSim:0
D/PanelView( 1505): There is/are notification(s) 
I/SurfaceFlinger(  263): id=558 Removed MoginActivi (9/11)
I/SurfaceFlinger(  263): id=558 Removed MoginActivi (-2/11)
V/AudioPolicyManager(  303): stopOutput() output 2, stream 1, session 429
V/AudioPolicyManager(  303): changeRefCount() stream 1, count 3
I/InputDispatcher( 1036): Delivering key to (12668): action: 0x0 (0)
D/InputDispatcher( 1036): Waiting for application to become ready for input: xxxx Reason: Waiting to send key event because the focused window has not finished processing all of the input events that were previously delivered to it.  Outbound queue length: 0.  Wait queue length: 1.
V/AudioPolicyManager(  303): stopOutput() output 2, stream 1, session 431
V/AudioPolicyManager(  303): changeRefCount() stream 1, count 2
I/AudioPolicyManager(  303): getAudioPolicyConfig: situation=1;device=0
I/AudioPolicyManager(  303): getSituationVolume: isBTConnected:0 isHeadConnected:0
V/AudioPolicyManager(  303): deviceInt = 0, situationInt = 1, situationVolume = 0.500000
V/AudioPolicyManager(  303): getOutput() device 2, stream 1, samplingRate 0, format 0, channelMask 0, flags 3
V/AudioPolicyManager(  303): getOutputsForDevice device 0002 -> 0002
V/AudioPolicyManager(  303): getOutput() returns output 2
V/AudioPolicyManager(  303): getOutput() device 2, stream 1, samplingRate 0, format 0, channelMask 0, flags 3
V/AudioPolicyManager(  303): getOutputsForDevice device 0002 -> 0002
V/AudioPolicyManager(  303): getOutput() returns output 2
V/AudioPolicyManager(  303): getOutputForAttr() usage=13, content=4, tag= flags=00000000
V/AudioPolicyManager(  303): getOutputForAttr() device 2, samplingRate 48000, format 1, channelMask 1, flags 4
V/AudioPolicyManager(  303): getOutputsForDevice device 0002 -> 0002
V/AudioPolicyManager(  303): getOutput() returns output 2
V/AudioPolicyManager(  303): startOutput() output 2, stream 1, session 433
V/AudioPolicyManager(  303): changeRefCount() stream 1, count 3
V/AudioPolicyManager(  303): releaseOutput() 2
I/AudioPolicyManager(  303): getAudioPolicyConfig: situation=1;device=0
I/AudioPolicyManager(  303): getSituationVolume: isBTConnected:0 isHeadConnected:0
V/AudioPolicyManager(  303): deviceInt = 0, situationInt = 1, situationVolume = 0.500000
V/AudioPolicyManager(  303): getOutput() device 2, stream 1, samplingRate 0, format 0, channelMask 0, flags 3
V/AudioPolicyManager(  303): getOutputsForDevice device 0002 -> 0002
V/AudioPolicyManager(  303): getOutput() returns output 2
V/AudioPolicyManager(  303): getOutput() device 2, stream 1, samplingRate 0, format 0, channelMask 0, flags 3
V/AudioPolicyManager(  303): getOutputsForDevice device 0002 -> 0002
V/AudioPolicyManager(  303): getOutput() returns output 2
V/AudioPolicyManager(  303): getOutputForAttr() usage=13, content=4, tag= flags=00000000
V/AudioPolicyManager(  303): getOutputForAttr() device 2, samplingRate 48000, format 1, channelMask 1, flags 4
V/AudioPolicyManager(  303): getOutputsForDevice device 0002 -> 0002
V/AudioPolicyManager(  303): getOutput() returns output 2
V/AudioPolicyManager(  303): startOutput() output 2, stream 1, session 434
V/AudioPolicyManager(  303): changeRefCount() stream 1, count 4
I/AudioPolicyManager(  303): getAudioPolicyConfig: situation=1;device=0
I/AudioPolicyManager(  303): getSituationVolume: isBTConnected:0 isHeadConnected:0
V/AudioPolicyManager(  303): deviceInt = 0, situationInt = 1, situationVolume = 0.500000
V/AudioPolicyManager(  303): getOutput() device 2, stream 1, samplingRate 0, format 0, channelMask 0, flags 3
V/AudioPolicyManager(  303): getOutputsForDevice device 0002 -> 0002
V/AudioPolicyManager(  303): getOutput() returns output 2
V/AudioPolicyManager(  303): getOutput() device 2, stream 1, samplingRate 0, format 0, channelMask 0, flags 3
V/AudioPolicyManager(  303): getOutputsForDevice device 0002 -> 0002
V/AudioPolicyManager(  303): getOutput() returns output 2
V/AudioPolicyManager(  303): getOutputForAttr() usage=13, content=4, tag= flags=00000000
V/AudioPolicyManager(  303): getOutputForAttr() device 2, samplingRate 48000, format 1, channelMask 1, flags 4
V/AudioPolicyManager(  303): getOutputsForDevice device 0002 -> 0002
V/AudioPolicyManager(  303): getOutput() returns output 2
V/AudioPolicyManager(  303): startOutput() output 2, stream 1, session 435
V/AudioPolicyManager(  303): changeRefCount() stream 1, count 5
I/AudioPolicyManager(  303): getAudioPolicyConfig: situation=1;device=0
I/AudioPolicyManager(  303): getSituationVolume: isBTConnected:0 isHeadConnected:0
V/AudioPolicyManager(  303): deviceInt = 0, situationInt = 1, situationVolume = 0.500000
V/AudioPolicyManager(  303): releaseOutput() 2
V/AudioPolicyManager(  303): getOutput() device 2, stream 1, samplingRate 0, format 0, channelMask 0, flags 3
V/AudioPolicyManager(  303): getOutputsForDevice device 0002 -> 0002
V/AudioPolicyManager(  303): getOutput() returns output 2
V/AudioPolicyManager(  303): getOutput() device 2, stream 1, samplingRate 0, format 0, channelMask 0, flags 3
V/AudioPolicyManager(  303): getOutputsForDevice device 0002 -> 0002
V/AudioPolicyManager(  303): getOutput() returns output 2
V/AudioPolicyManager(  303): getOutputForAttr() usage=13, content=4, tag= flags=00000000
V/AudioPolicyManager(  303): getOutputForAttr() device 2, samplingRate 48000, format 1, channelMask 1, flags 4
V/AudioPolicyManager(  303): getOutputsForDevice device 0002 -> 0002
V/AudioPolicyManager(  303): getOutput() returns output 2
V/AudioPolicyManager(  303): startOutput() output 2, stream 1, session 436
V/AudioPolicyManager(  303): changeRefCount() stream 1, count 6
I/InputDispatcher( 1036): Delivering key to (12668): action: 0x1 (0)
D/InputDispatcher( 1036): Waiting for application to become ready for input: xxxx Reason: Waiting to send key event because the focused window has not finished processing all of the input events that were previously delivered to it.  Outbound queue length: 0.  Wait queue length: 1.
W/IInputConnectionWrapper(12668): beginBatchEdit on inactive InputConnection
W/IInputConnectionWrapper(12668): getTextBeforeCursor on inactive InputConnection
W/IInputConnectionWrapper(12668): endBatchEdit on inactive InputConnection
W/IInputConnectionWrapper(12668): beginBatchEdit on inactive InputConnection
W/IInputConnectionWrapper(12668): endBatchEdit on inactive InputConnection
W/IInputConnectionWrapper(12668): clearMetaKeyStates on inactive InputConnection
I/InputDispatcher( 1036): Delivering key to (12668): action: 0x0 (0)
D/InputDispatcher( 1036): Waiting for application to become ready for input: xxxx Reason: Waiting to send key event because the focused window has not finished processing all of the input events that were previously delivered to it.  Outbound queue length: 0.  Wait queue length: 1.
D/ApplicationPolicy( 1036): isStatusBarNotificationAllowedAsUser: packageName = android,userId = -1
V/ApplicationPolicy( 1036): isApplicationStateBlocked userId -1 pkgname android
D/StatusBar( 1505): ----- contentsUnchanged : true, bigContentsUnchanged - true, headsUpContentsUnchanged - true , publicUnchanged true
D/PersonaManager( 1505): isKioskContainerExistOnDevice
D/PersonaManager( 1505): isKioskContainerExistOnDevice
I/InputDispatcher( 1036): Delivering key to (12668): action: 0x1 (0)
V/AudioPolicyManager(  303): stopOutput() output 2, stream 1, session 430
V/AudioPolicyManager(  303): changeRefCount() stream 1, count 5
V/AudioPolicyManager(  303): releaseOutput() 2
V/AudioPolicyManager(  303): stopOutput() output 2, stream 1, session 432
V/AudioPolicyManager(  303): changeRefCount() stream 1, count 4
V/AudioPolicyManager(  303): releaseOutput() 2
D/InputDispatcher( 1036): Waiting for application to become ready for input: xxxx Reason: Waiting to send key event because the focused window has not finished processing all of the input events that were previously delivered to it.  Outbound queue length: 0.  Wait queue length: 1.
W/IInputConnectionWrapper(12668): clearMetaKeyStates on inactive InputConnection
I/InputDispatcher( 1036): Delivering key to (12668): action: 0x0 (0)
D/InputDispatcher( 1036): Waiting for application to become ready for input: xxxx Reason: Waiting to send key event because the focused window has not finished processing all of the input events that were previously delivered to it.  Outbound queue length: 0.  Wait queue length: 1.
I/SurfaceFlinger(  263): id=557 Removed Uoast (10/10)
I/SurfaceFlinger(  263): id=557 Removed Uoast (-2/10)
D/StatusBar( 1505): getNumberOfActiveSim:0
D/PanelView( 1505): There is/are notification(s) 
D/PanelView( 1505): There is/are notification(s) 
D/PersonaManager( 1505): isKioskContainerExistOnDevice
I/InputDispatcher( 1036): Delivering key to (12668): action: 0x1 (0)
I/InputDispatcher( 1036): Delivering touch to (1505): action: 0x4, toolType: 0
I/InputDispatcher( 1036): Delivering touch to (12668): action: 0x0, toolType: 0
D/ViewRootImpl(12668): ViewPostImeInputStage ACTION_DOWN
I/InputDispatcher( 1036): Delivering touch to (12668): action: 0x1, toolType: 0
I/InputDispatcher( 1036): Delivering touch to (1505): action: 0x4, toolType: 0
I/InputDispatcher( 1036): Delivering touch to (12668): action: 0x0, toolType: 0
I/InputDispatcher( 1036): Delivering touch to (12668): action: 0x1, toolType: 0
D/ApplicationPolicy( 1036): isStatusBarNotificationAllowedAsUser: packageName = android,userId = -1
V/ApplicationPolicy( 1036): isApplicationStateBlocked userId -1 pkgname android
I/InputDispatcher( 1036): Delivering touch to (1505): action: 0x4, toolType: 0
I/InputDispatcher( 1036): Delivering touch to (12668): action: 0x0, toolType: 0
I/InputDispatcher( 1036): Delivering touch to (12668): action: 0x1, toolType: 0
D/InputDispatcher( 1036): Waiting for application to become ready for input: xxxx Reason: Waiting to send key event because the focused window has not finished processing all of the input events that were previously delivered to it.  Outbound queue length: 0.  Wait queue length: 6.
D/ViewRootImpl(12668): ViewPostImeInputStage ACTION_DOWN
D/ViewRootImpl(12668): ViewPostImeInputStage ACTION_DOWN
I/AudioPolicyManager(  303): getAudioPolicyConfig: situation=1;device=0
I/AudioPolicyManager(  303): getSituationVolume: isBTConnected:0 isHeadConnected:0
V/AudioPolicyManager(  303): deviceInt = 0, situationInt = 1, situationVolume = 0.500000
V/AudioPolicyManager(  303): getOutput() device 2, stream 1, samplingRate 0, format 0, channelMask 0, flags 3
V/AudioPolicyManager(  303): getOutputsForDevice device 0002 -> 0002
