V/AudioPolicyManager(  303): getOutput() returns output 2
V/AudioPolicyManager(  303): getOutput() device 2, stream 1, samplingRate 0, format 0, channelMask 0, flags 3
V/AudioPolicyManager(  303): getOutputsForDevice device 0002 -> 0002
V/AudioPolicyManager(  303): getOutput() returns output 2
I/InputDispatcher( 1036): Delivering key to (12668): action: 0x0 (0)
V/AudioPolicyManager(  303): getOutputForAttr() usage=13, content=4, tag= flags=00000000
V/AudioPolicyManager(  303): getOutputForAttr() device 2, samplingRate 48000, format 1, channelMask 1, flags 4
V/AudioPolicyManager(  303): getOutputsForDevice device 0002 -> 0002
V/AudioPolicyManager(  303): getOutput() returns output 2
D/StatusBar( 1505): getNumberOfActiveSim:0
D/PanelView( 1505): There is/are notification(s) 
V/AudioPolicyManager(  303): startOutput() output 2, stream 1, session 437
V/AudioPolicyManager(  303): changeRefCount() stream 1, count 5
D/InputDispatcher( 1036): Waiting for application to become ready for input: xxxx Reason: Waiting to send key event because the focused window has not finished processing all of the input events that were previously delivered to it.  Outbound queue length: 0.  Wait queue length: 1.
D/STATUSBAR-WifiQuickSettingButton( 1505): onWifiSignalChanged enabled=true enabledDesc:"ZZL-309"
D/StatusBar.MSimNetworkController( 1505): applyCU
D/StatusBar.MSimNetworkController( 1505): applyCU
D/StatusBar.MSimNetworkController( 1505): applyCU
D/StatusBar.MSimNetworkController( 1505): applyCU
I/SurfaceFlinger(  263): id=559 createSurf (1x1),1 flag=4, QopupWindow
D/StatusBar.MSimNetworkController( 1505): getNumberOfActiveSim:0
D/StatusBar( 1505): ----- contentsUnchanged : true, bigContentsUnchanged - true, headsUpContentsUnchanged - true , publicUnchanged true
D/PersonaManager( 1505): isKioskContainerExistOnDevice
D/PersonaManager( 1505): isKioskContainerExistOnDevice
I/SurfaceFlinger(  263): id=560 createSurf (1x1),1 flag=4, QopupWindow
I/SurfaceFlinger(  263): id=561 createSurf (1x1),1 flag=4, Uoast
D/StatusBar( 1505): getNumberOfActiveSim:0
D/PanelView( 1505): There is/are notification(s) 
V/AudioPolicyManager(  303): stopOutput() output 2, stream 1, session 433
V/AudioPolicyManager(  303): changeRefCount() stream 1, count 4
V/AudioPolicyManager(  303): releaseOutput() 2
I/InputDispatcher( 1036): Delivering key to (12668): action: 0x1 (0)
D/ApplicationPolicy( 1036): isStatusBarNotificationAllowedAsUser: packageName = android,userId = -1
V/ApplicationPolicy( 1036): isApplicationStateBlocked userId -1 pkgname android
D/InputDispatcher( 1036): Waiting for application to become ready for input: xxxx Reason: Waiting to send key event because the focused window has not finished processing all of the input events that were previously delivered to it.  Outbound queue length: 0.  Wait queue length: 1.
D/PanelView( 1505): There is/are notification(s) 
D/PersonaManager( 1505): isKioskContainerExistOnDevice
V/AudioPolicyManager(  303): stopOutput() output 2, stream 1, session 434
V/AudioPolicyManager(  303): changeRefCount() stream 1, count 3
V/AudioPolicyManager(  303): stopOutput() output 2, stream 1, session 435
V/AudioPolicyManager(  303): changeRefCount() stream 1, count 2
V/AudioPolicyManager(  303): stopOutput() output 2, stream 1, session 436
V/AudioPolicyManager(  303): changeRefCount() stream 1, count 1
I/InputDispatcher( 1036): Delivering key to (12668): action: 0x0 (0)
D/InputDispatcher( 1036): Waiting for application to become ready for input: xxxx Reason: Waiting to send key event because the focused window has not finished processing all of the input events that were previously delivered to it.  Outbound queue length: 0.  Wait queue length: 1.
I/InputDispatcher( 1036): Delivering key to (12668): action: 0x1 (0)
I/AudioPolicyManager(  303): getAudioPolicyConfig: situation=1;device=0
I/AudioPolicyManager(  303): getSituationVolume: isBTConnected:0 isHeadConnected:0
V/AudioPolicyManager(  303): deviceInt = 0, situationInt = 1, situationVolume = 0.500000
V/AudioPolicyManager(  303): getOutput() device 2, stream 1, samplingRate 0, format 0, channelMask 0, flags 3
V/AudioPolicyManager(  303): getOutputsForDevice device 0002 -> 0002
V/AudioPolicyManager(  303): getOutput() returns output 2
V/AudioPolicyManager(  303): getOutput() device 2, stream 1, samplingRate 0, format 0, channelMask 0, flags 3
V/AudioPolicyManager(  303): getOutputsForDevice device 0002 -> 0002
V/AudioPolicyManager(  303): getOutput() returns output 2
V/AudioPolicyManager(  303): getOutputForAttr() usage=13, content=4, tag= flags=00000000
V/AudioPolicyManager(  303): getOutputForAttr() device 2, samplingRate 48000, format 1, channelMask 1, flags 4
V/AudioPolicyManager(  303): getOutputsForDevice device 0002 -> 0002
V/AudioPolicyManager(  303): getOutput() returns output 2
V/AudioPolicyManager(  303): startOutput() output 2, stream 1, session 438
V/AudioPolicyManager(  303): changeRefCount() stream 1, count 2
V/AudioPolicyManager(  303): releaseOutput() 2
I/InputDispatcher( 1036): Delivering touch to (12668): action: 0x0, toolType: 0
I/InputDispatcher( 1036): Delivering touch to (12668): action: 0x1, toolType: 0
D/InputDispatcher( 1036): Waiting for application to become ready for input: xxxx Reason: Waiting to send key event because the focused window has not finished processing all of the input events that were previously delivered to it.  Outbound queue length: 0.  Wait queue length: 9.
D/StatusBar( 1505): getNumberOfActiveSim:0
I/InputDispatcher( 1036): Delivering key to (12668): action: 0x0 (0)
D/PanelView( 1505): There is/are notification(s) 
D/InputDispatcher( 1036): Waiting for application to become ready for input: xxxx Reason: Waiting to send key event because the focused window has not finished processing all of the input events that were previously delivered to it.  Outbound queue length: 0.  Wait queue length: 1.
I/InputDispatcher( 1036): Delivering key to (12668): action: 0x1 (0)
D/StatusBar( 1505): ----- contentsUnchanged : true, bigContentsUnchanged - true, headsUpContentsUnchanged - true , publicUnchanged true
D/PersonaManager( 1505): isKioskContainerExistOnDevice
D/InputDispatcher( 1036): Waiting for application to become ready for input: xxxx Reason: Waiting to send key event because the focused window has not finished processing all of the input events that were previously delivered to it.  Outbound queue length: 0.  Wait queue length: 1.
D/PersonaManager( 1505): isKioskContainerExistOnDevice
I/InputDispatcher( 1036): Delivering key to (12668): action: 0x0 (0)
I/InputDispatcher( 1036): Delivering key to (12668): action: 0x1 (0)
I/InputDispatcher( 1036): Delivering key to (12668): action: 0x0 (0)
I/InputDispatcher( 1036): Delivering key to (12668): action: 0x1 (0)
I/InputDispatcher( 1036): Delivering touch to (2180): action: 0x4, toolType: 0
I/InputDispatcher( 1036): Delivering touch to (1505): action: 0x4, toolType: 0
I/InputDispatcher( 1036): Delivering touch to (12668): action: 0x0, toolType: 0
I/InputDispatcher( 1036): Delivering touch to (12668): action: 0x1, toolType: 0
D/ViewRootImpl(12668): ViewPostImeInputStage ACTION_DOWN
I/InputDispatcher( 1036): Delivering key to (12668): action: 0x0 (0)
I/InputDispatcher( 1036): Delivering key to (12668): action: 0x1 (0)
D/InputDispatcher( 1036): Waiting for application to become ready for input: xxxx Reason: Waiting to send key event because the focused window has not finished processing all of the input events that were previously delivered to it.  Outbound queue length: 0.  Wait queue length: 1.
I/InputDispatcher( 1036): Delivering key to (12668): action: 0x0 (0)
I/AudioPolicyManager(  303): getAudioPolicyConfig: situation=1;device=0
I/AudioPolicyManager(  303): getSituationVolume: isBTConnected:0 isHeadConnected:0
V/AudioPolicyManager(  303): deviceInt = 0, situationInt = 1, situationVolume = 0.500000
V/AudioPolicyManager(  303): getOutput() device 2, stream 1, samplingRate 0, format 0, channelMask 0, flags 3
V/AudioPolicyManager(  303): getOutputsForDevice device 0002 -> 0002
V/AudioPolicyManager(  303): getOutput() returns output 2
V/AudioPolicyManager(  303): getOutput() device 2, stream 1, samplingRate 0, format 0, channelMask 0, flags 3
V/AudioPolicyManager(  303): getOutputsForDevice device 0002 -> 0002
V/AudioPolicyManager(  303): getOutput() returns output 2
I/InputDispatcher( 1036): Delivering key to (12668): action: 0x1 (0)
V/AudioPolicyManager(  303): getOutputForAttr() usage=13, content=4, tag= flags=00000000
V/AudioPolicyManager(  303): getOutputForAttr() device 2, samplingRate 48000, format 1, channelMask 1, flags 4
V/AudioPolicyManager(  303): getOutputsForDevice device 0002 -> 0002
V/AudioPolicyManager(  303): getOutput() returns output 2
I/InputDispatcher( 1036): Delivering key to (12668): action: 0x0 (0)
V/AudioPolicyManager(  303): startOutput() output 2, stream 1, session 439
V/AudioPolicyManager(  303): changeRefCount() stream 1, count 3
V/AudioPolicyManager(  303): releaseOutput() 2
I/InputDispatcher( 1036): Delivering key to (12668): action: 0x1 (0)
I/InputDispatcher( 1036): Delivering key to (12668): action: 0x0 (0)
I/InputDispatcher( 1036): Delivering key to (12668): action: 0x1 (0)
I/InputDispatcher( 1036): Delivering key to (12668): action: 0x0 (0)
V/Vibrator( 2180): Called vibrate(long[], int) API!
V/Vibrator( 2180): vibrate(long[], int, AudioAttributes) API - PUID: 10057, PackageName: com.sohu.inputmethod.sogou, repeat: -1, AudioAttr: null
V/Vibrator( 2180): Called vibrate(int, String, long[], int, AudioAttributes) API - PUID: 10057, PackageName: com.sohu.inputmethod.sogou, pattern
V/Vibrator( 2180): vibrate - PUID: 10057, PackageName: com.sohu.inputmethod.sogou, pattern, repeat: -1, AudioAttr: null, mag: -1
V/AudioPolicyManager(  303): getOutput() device 2, stream 1, samplingRate 0, format 0, channelMask 0, flags 3
V/AudioPolicyManager(  303): getOutputsForDevice device 0002 -> 0002
V/AudioPolicyManager(  303): getOutput() returns output 2
V/AudioPolicyManager(  303): getOutput() device 2, stream 1, samplingRate 0, format 0, channelMask 0, flags 3
V/AudioPolicyManager(  303): getOutputsForDevice device 0002 -> 0002
V/AudioPolicyManager(  303): getOutput() returns output 2
D/InputDispatcher( 1036): Waiting for application to become ready for input: xxxx Reason: Waiting to send key event because the focused window has not finished processing all of the input events that were previously delivered to it.  Outbound queue length: 0.  Wait queue length: 1.
V/AudioPolicyManager(  303): getOutputForAttr() usage=13, content=4, tag= flags=00000000
V/AudioPolicyManager(  303): getOutputForAttr() device 2, samplingRate 44100, format 1, channelMask 3, flags 4
V/AudioPolicyManager(  303): getOutputsForDevice device 0002 -> 0002
V/AudioPolicyManager(  303): getOutput() returns output 2
W/AudioTrack( 1036): AUDIO_OUTPUT_FLAG_FAST denied by client
V/AudioPolicyManager(  303): startOutput() output 2, stream 1, session 440
V/AudioPolicyManager(  303): changeRefCount() stream 1, count 4
V/AudioPolicyManager(  303): releaseOutput() 2
D/StatusBar( 1505): getNumberOfActiveSim:0
D/PanelView( 1505): There is/are notification(s) 
D/SoundAliveResampler(  303): [SoundAliveResampler] Init+++
I/InputDispatcher( 1036): Delivering key to (12668): action: 0x1 (0)
I/AudioPolicyManager(  303): getAudioPolicyConfig: situation=1;device=0
I/AudioPolicyManager(  303): getSituationVolume: isBTConnected:0 isHeadConnected:0
V/AudioPolicyManager(  303): deviceInt = 0, situationInt = 1, situationVolume = 0.500000
V/AudioPolicyManager(  303): getOutput() device 2, stream 1, samplingRate 0, format 0, channelMask 0, flags 3
V/AudioPolicyManager(  303): getOutputsForDevice device 0002 -> 0002
V/AudioPolicyManager(  303): getOutput() returns output 2
D/InputDispatcher( 1036): Waiting for application to become ready for input: xxxx Reason: Waiting to send key event because the focused window has not finished processing all of the input events that were previously delivered to it.  Outbound queue length: 0.  Wait queue length: 1.
V/AudioPolicyManager(  303): getOutput() device 2, stream 1, samplingRate 0, format 0, channelMask 0, flags 3
V/AudioPolicyManager(  303): getOutputsForDevice device 0002 -> 0002
V/AudioPolicyManager(  303): getOutput() returns output 2
V/AudioPolicyManager(  303): getOutputForAttr() usage=13, content=4, tag= flags=00000000
V/AudioPolicyManager(  303): getOutputForAttr() device 2, samplingRate 48000, format 1, channelMask 1, flags 4
V/AudioPolicyManager(  303): getOutputsForDevice device 0002 -> 0002
V/AudioPolicyManager(  303): getOutput() returns output 2
V/AudioPolicyManager(  303): startOutput() output 2, stream 1, session 441
V/AudioPolicyManager(  303): changeRefCount() stream 1, count 5
I/InputDispatcher( 1036): Delivering key to (12668): action: 0x0 (0)
D/InputDispatcher( 1036): Waiting for application to become ready for input: xxxx Reason: Waiting to send key event because the focused window has not finished processing all of the input events that were previously delivered to it.  Outbound queue length: 0.  Wait queue length: 1.
D/PanelView( 1505): There is/are notification(s) 
I/Timeline(12668): Timeline: Activity_launch_request id:com.android.email time:7165640
D/PersonaManager( 1505): isKioskContainerExistOnDevice
E/PersonaManagerService( 1036): inState():  stateMachine is null !!
I/PersonaManagerService( 1036): Failed to execute isKioskModeEnabled. java.lang.SecurityException: You need MANAGE_USERS permission to: query user
I/ActivityManager( 1036): do not start freezing screen for locked container getKeyguardshowstate = false
I/SurfaceFlinger(  263): id=559 Removed QopupWindow (9/12)
I/SurfaceFlinger(  263): id=559 Removed QopupWindow (-2/12)
V/ApplicationPolicy( 1036): isApplicationStateBlocked userId 0 pkgname com.android.email
I/InputDispatcher( 1036): Delivering key to (12668): action: 0x1 (0)
I/InputDispatcher( 1036): Delivering touch to (1505): action: 0x4, toolType: 0
I/InputDispatcher( 1036): Delivering touch to (12668): action: 0x0, toolType: 0
D/ViewRootImpl(12668): ViewPostImeInputStage ACTION_DOWN
I/InputDispatcher( 1036): Delivering touch to (12668): action: 0x1, toolType: 0
I/InputDispatcher( 1036): Delivering touch to (1505): action: 0x4, toolType: 0
I/InputDispatcher( 1036): Delivering touch to (12668): action: 0x0, toolType: 0
D/ViewRootImpl(12668): ViewPostImeInputStage ACTION_DOWN
I/InputDispatcher( 1036): Delivering touch to (12668): action: 0x1, toolType: 0
V/AudioPolicyManager(  303): stopOutput() output 2, stream 1, session 437
V/AudioPolicyManager(  303): changeRefCount() stream 1, count 4
V/AudioPolicyManager(  303): releaseOutput() 2
I/InputDispatcher( 1036): Delivering key to (12668): action: 0x0 (0)
D/InputDispatcher( 1036): Waiting for application to become ready for input: xxxx Reason: Waiting to send key event because the focused window has not finished processing all of the input events that were previously delivered to it.  Outbound queue length: 0.  Wait queue length: 1.
I/InputDispatcher( 1036): Delivering key to (12668): action: 0x1 (0)
I/InputDispatcher( 1036): Delivering touch to (1505): action: 0x0, toolType: 0
I/InputDispatcher( 1036): Delivering touch to (1505): action: 0x1, toolType: 0
I/InputDispatcher( 1036): Delivering key to (12668): action: 0x0 (0)
I/InputDispatcher( 1036): Delivering key to (12668): action: 0x1 (0)
I/InputDispatcher( 1036): Delivering key to (12668): action: 0x0 (0)
D/InputDispatcher( 1036): Waiting for application to become ready for input: xxxx Reason: Waiting to send key event because the focused window has not finished processing all of the input events that were previously delivered to it.  Outbound queue length: 0.  Wait queue length: 1.
I/InputDispatcher( 1036): Delivering key to (12668): action: 0x1 (0)
I/InputDispatcher( 1036): Delivering touch to (1505): action: 0x4, toolType: 0
I/InputDispatcher( 1036): Delivering touch to (12668): action: 0x0, toolType: 0
I/InputDispatcher( 1036): Delivering touch to (12668): action: 0x1, toolType: 0
D/StatusBar( 1505): getNumberOfActiveSim:0
D/ViewRootImpl(12668): ViewPostImeInputStage ACTION_DOWN
D/PanelView( 1505): There is/are notification(s) 
D/InputDispatcher( 1036): Waiting for application to become ready for input: xxxx Reason: Waiting to send key event because the focused window has not finished processing all of the input events that were previously delivered to it.  Outbound queue length: 0.  Wait queue length: 5.
I/InputDispatcher( 1036): Delivering key to (12668): action: 0x0 (0)
D/ViewRootImpl( 1505): ViewPostImeInputStage ACTION_DOWN
D/InputDispatcher( 1036): Waiting for application to become ready for input: xxxx Reason: Waiting to send key event because the focused window has not finished processing all of the input events that were previously delivered to it.  Outbound queue length: 0.  Wait queue length: 1.
D/PhoneStatusBar( 1505): makeExpandedVisible:false
D/StatusBar-Window( 1505): fnf=false sanc=false, kni=false, sbf=true
D/CoverUI ( 1505): applyFocusableFlag() : Remove SAMSUNG_FLAG_SVIEW_COVER
V/Vibrator( 1036): Called cancel() API - PUID: 1000, PackageName: android
I/AudioPolicyManager(  303): getAudioPolicyConfig: situation=1;device=0
I/AudioPolicyManager(  303): getSituationVolume: isBTConnected:0 isHeadConnected:0
V/AudioPolicyManager(  303): deviceInt = 0, situationInt = 1, situationVolume = 0.500000
D/SecContentProvider2( 1036): uri = 14 selection = getSealedState
D/SecContentProvider2( 1036): mCursor = null
V/AudioPolicyManager(  303): getOutput() device 2, stream 1, samplingRate 0, format 0, channelMask 0, flags 3
V/AudioPolicyManager(  303): getOutputsForDevice device 0002 -> 0002
V/AudioPolicyManager(  303): getOutput() returns output 2
V/AudioPolicyManager(  303): getOutput() device 2, stream 1, samplingRate 0, format 0, channelMask 0, flags 3
V/AudioPolicyManager(  303): getOutputsForDevice device 0002 -> 0002
V/AudioPolicyManager(  303): getOutput() returns output 2
D/PhoneStatusBar( 1505): disable: < expand icons alerts system_info back home recent clock search >
V/AudioPolicyManager(  303): getOutputForAttr() usage=13, content=4, tag= flags=00000000
V/AudioPolicyManager(  303): getOutputForAttr() device 2, samplingRate 48000, format 1, channelMask 1, flags 4
V/AudioPolicyManager(  303): getOutputsForDevice device 0002 -> 0002
V/AudioPolicyManager(  303): getOutput() returns output 2
D/SecContentProvider2( 1036): uri = 14 selection = getSealedState
D/SecContentProvider2( 1036): mCursor = null
D/SecContentProvider2( 1036): uri = 14 selection = getSealedState
D/SecContentProvider2( 1036): mCursor = null
D/SecContentProvider2( 1036): uri = 14 selection = getSealedState
D/SecContentProvider2( 1036): mCursor = null
V/AudioPolicyManager(  303): startOutput() output 2, stream 1, session 442
V/AudioPolicyManager(  303): changeRefCount() stream 1, count 5
I/InputDispatcher( 1036): Delivering key to (12668): action: 0x1 (0)
I/InputDispatcher( 1036): Delivering key to (1505): action: 0x1 (0)
I/InputDispatcher( 1036): Delivering touch to (1505): action: 0x0, toolType: 0
I/InputDispatcher( 1036): Delivering touch to (1505): action: 0x1, toolType: 0
I/InputDispatcher( 1036): Delivering touch to (1505): action: 0x0, toolType: 0
I/InputDispatcher( 1036): Delivering touch to (1505): action: 0x1, toolType: 0
D/PointerIcon( 1036): setMouseIconStyle1 pointerType: 1001iconType:101 flag:0
D/PointerIcon( 1036): setMouseCustomIcon IconType is same.101
D/PointerIcon( 1036): setHoveringSpenIconStyle1 pointerType: 10001iconType:1 flag:0
D/PointerIcon( 1036): setHoveringSpenCustomIcon IconType is same.1
D/InputDispatcher( 1036): Waiting for application to become ready for input: xxxx Reason: Waiting to send key event because the focused window has not finished processing all of the input events that were previously delivered to it.  Outbound queue length: 0.  Wait queue length: 12.
D/ViewRootImpl( 1505): ViewPostImeInputStage ACTION_DOWN
D/PhoneStatusBar( 1505): animateCollapse(): mExpandedVisible=true flags=0
D/StatusBar-Window( 1505): fnf=true sanc=false, kni=false, sbf=false
D/CoverUI ( 1505): applyFocusableFlag() : Remove SAMSUNG_FLAG_SVIEW_COVER
D/ViewRootImpl( 1505): ViewPostImeInputStage ACTION_DOWN
D/PhoneStatusBar( 1505): animateCollapse(): mExpandedVisible=true flags=0
D/StatusBar-Window( 1505): fnf=true sanc=false, kni=false, sbf=false
D/CoverUI ( 1505): applyFocusableFlag() : Remove SAMSUNG_FLAG_SVIEW_COVER
D/PhoneStatusBar( 1505): makeExpandedInvisible: mExpandedVisible=true mExpandedVisible=true
I/InputDispatcher( 1036): Delivering key to (1505): action: 0x0 (0)
D/StatusBar-QSPanel( 1505): setSingleLine:true
D/StatusBar-QSPanel( 1505): updateButtonInfo mButtonWidth : 206 mColumns:5 orien: 1 displayWidth:1032
D/StatusBar-QSPanel( 1505): setSingleLine height:0
D/tv.peel.samsung.widget.NotiRemoteService( 8738): action com.peel.widget.notification.HIDE_UI
D/InputDispatcher( 1036): Waiting for application to become ready for input: xxxx Reason: Waiting to send key event because the focused window has not finished processing all of the input events that were previously delivered to it.  Outbound queue length: 0.  Wait queue length: 1.
I/SurfaceFlinger(  263): id=562 createSurf (1x1),1 flag=4, Uoast
D/StatusBar( 1505): getNumberOfActiveSim:0
D/PhoneStatusBar( 1505): updateQSpanelHeight: 279 height:279
D/PanelView( 1505): flingSettings mQsMin:393 mQsMax:393 mQsEx:393.0mQsPeek:279
I/SurfaceFlinger(  263): id=563 createSurf (1x1),1 flag=4, QopupWindow
D/StatusBar( 1505): getNumberOfActiveSim:0
D/PanelView( 1505): There is/are notification(s) 
D/StatusBar-Window( 1505): fnf=true sanc=false, kni=false, sbf=false
D/CoverUI ( 1505): applyFocusableFlag() : Remove SAMSUNG_FLAG_SVIEW_COVER
D/SecContentProvider2( 1036): uri = 14 selection = getSealedState
D/SecContentProvider2( 1036): mCursor = null
D/PhoneStatusBar( 1505): disable: < expand icons alerts system_info back home recent clock search >
D/SecContentProvider2( 1036): uri = 14 selection = getSealedState
D/SecContentProvider2( 1036): mCursor = null
D/SecContentProvider2( 1036): uri = 14 selection = getSealedState
D/SecContentProvider2( 1036): mCursor = null
D/SecContentProvider2( 1036): uri = 14 selection = getSealedState
D/SecContentProvider2( 1036): mCursor = null
V/AudioPolicyManager(  303): stopOutput() output 2, stream 1, session 438
V/AudioPolicyManager(  303): changeRefCount() stream 1, count 4
V/AudioPolicyManager(  303): releaseOutput() 2
V/AudioPolicyManager(  303): stopOutput() output 2, stream 1, session 440
V/AudioPolicyManager(  303): changeRefCount() stream 1, count 3
I/SurfaceFlinger(  263): id=560 Removed QopupWindow (10/13)
I/SurfaceFlinger(  263): id=560 Removed QopupWindow (-2/13)
I/InputDispatcher( 1036): Delivering key to (1505): action: 0x1 (0)
I/InputDispatcher( 1036): Delivering key to (12668): action: 0x1 (0)
D/InputDispatcher( 1036): Waiting for application to become ready for input: xxxx Reason: Waiting to send key event because the focused window has not finished processing all of the input events that were previously delivered to it.  Outbound queue length: 0.  Wait queue length: 1.
D/PointerIcon( 1036): setMouseIconStyle1 pointerType: 1001iconType:101 flag:0
D/PointerIcon( 1036): setMouseCustomIcon IconType is same.101
D/PointerIcon( 1036): setHoveringSpenIconStyle1 pointerType: 10001iconType:1 flag:0
D/PointerIcon( 1036): setHoveringSpenCustomIcon IconType is same.1
I/InputDispatcher( 1036): Delivering key to (12668): action: 0x0 (0)
D/InputMethodManagerService( 1036): windowGainedFocus mCurrentFocusedUserId - 0 and mSecureKeypadEnabled-false
D/InputDispatcher( 1036): Waiting for application to become ready for input: xxxx Reason: Waiting to send key event because the focused window has not finished processing all of the input events that were previously delivered to it.  Outbound queue length: 0.  Wait queue length: 1.
D/PhoneStatusBar( 1505): updateIcon slot=ime index=2 viewIndex=0 old=StatusBarIcon(pkg=com.sohu.inputmethod.sogouuser=0 id=0x7f020129 level=0 visible=false num=0 ) icon=StatusBarIcon(pkg=com.sohu.inputmethod.sogouuser=0 id=0x7f02012a level=0 visible=true num=0 )
D/ResourcesManager( 1505): creating new AssetManager and set to /data/app/com.sohu.inputmethod.sogou-1/base.apk
I/InputDispatcher( 1036): Delivering key to (12668): action: 0x1 (0)
I/AudioPolicyManager(  303): getAudioPolicyConfig: situation=1;device=0
I/AudioPolicyManager(  303): getSituationVolume: isBTConnected:0 isHeadConnected:0
V/AudioPolicyManager(  303): deviceInt = 0, situationInt = 1, situationVolume = 0.500000
I/InputDispatcher( 1036): Delivering key to (12668): action: 0x0 (0)
V/AudioPolicyManager(  303): getOutput() device 2, stream 1, samplingRate 0, format 0, channelMask 0, flags 3
V/AudioPolicyManager(  303): getOutputsForDevice device 0002 -> 0002
V/AudioPolicyManager(  303): getOutput() returns output 2
V/AudioPolicyManager(  303): getOutput() device 2, stream 1, samplingRate 0, format 0, channelMask 0, flags 3
V/AudioPolicyManager(  303): getOutputsForDevice device 0002 -> 0002
V/AudioPolicyManager(  303): getOutput() returns output 2
V/AudioPolicyManager(  303): stopOutput() output 2, stream 1, session 439
V/AudioPolicyManager(  303): changeRefCount() stream 1, count 2
V/AudioPolicyManager(  303): getOutputForAttr() usage=13, content=4, tag= flags=00000000
V/AudioPolicyManager(  303): getOutputForAttr() device 2, samplingRate 48000, format 1, channelMask 1, flags 4
V/AudioPolicyManager(  303): getOutputsForDevice device 0002 -> 0002
V/AudioPolicyManager(  303): getOutput() returns output 2
D/InputDispatcher( 1036): Waiting for application to become ready for input: xxxx Reason: Waiting to send key event because the focused window has not finished processing all of the input events that were previously delivered to it.  Outbound queue length: 0.  Wait queue length: 1.
V/AudioPolicyManager(  303): startOutput() output 2, stream 1, session 443
V/AudioPolicyManager(  303): changeRefCount() stream 1, count 3
V/AudioPolicyManager(  303): releaseOutput() 2
I/InputDispatcher( 1036): Delivering key to (12668): action: 0x1 (0)
D/InputDispatcher( 1036): Waiting for application to become ready for input: xxxx Reason: Waiting to send key event because the focused window has not finished processing all of the input events that were previously delivered to it.  Outbound queue length: 0.  Wait queue length: 1.
D/RippleInk_KeyguardEffect( 1505): onWindowFocusChanged hasWindowFocus = true
I/InputDispatcher( 1036): Delivering key to (12668): action: 0x0 (0)
I/InputDispatcher( 1036): Delivering key to (12668): action: 0x1 (0)
I/InputDispatcher( 1036): Delivering touch to (12668): action: 0x4, toolType: 0
I/InputDispatcher( 1036): Delivering touch to (1505): action: 0x4, toolType: 0
I/InputDispatcher( 1036): Delivering touch to (12668): action: 0x0, toolType: 0
D/ViewRootImpl(12668): ViewPostImeInputStage ACTION_DOWN
V/AudioPolicyManager(  303): stopOutput() output 2, stream 1, session 441
V/AudioPolicyManager(  303): changeRefCount() stream 1, count 2
D/RippleInk_KeyguardEffect( 1505): onWindowFocusChanged hasWindowFocus = false
I/InputDispatcher( 1036): Delivering touch to (12668): action: 0x1, toolType: 0
I/Timeline(26368): Timeline: Activity_launch_request id:com.zzl.falcon.internal time:7165929
E/PersonaManagerService( 1036): inState():  stateMachine is null !!
I/PersonaManagerService( 1036): PersonaId don't exist
I/ActivityManager( 1036): do not start freezing screen for locked container getKeyguardshowstate = false
I/InputDispatcher( 1036): Delivering touch to (12668): action: 0x0, toolType: 0
I/InputDispatcher( 1036): Delivering touch to (12668): action: 0x1, toolType: 0
V/Vibrator( 2180): Called vibrate(long[], int) API!
V/Vibrator( 2180): vibrate(long[], int, AudioAttributes) API - PUID: 10057, PackageName: com.sohu.inputmethod.sogou, repeat: -1, AudioAttr: null
V/Vibrator( 2180): Called vibrate(int, String, long[], int, AudioAttributes) API - PUID: 10057, PackageName: com.sohu.inputmethod.sogou, pattern
V/Vibrator( 2180): vibrate - PUID: 10057, PackageName: com.sohu.inputmethod.sogou, pattern, repeat: -1, AudioAttr: null, mag: -1
V/AudioPolicyManager(  303): getOutput() device 2, stream 1, samplingRate 0, format 0, channelMask 0, flags 3
V/AudioPolicyManager(  303): getOutputsForDevice device 0002 -> 0002
V/AudioPolicyManager(  303): getOutput() returns output 2
V/AudioPolicyManager(  303): getOutput() device 2, stream 1, samplingRate 0, format 0, channelMask 0, flags 3
V/AudioPolicyManager(  303): getOutputsForDevice device 0002 -> 0002
V/AudioPolicyManager(  303): getOutput() returns output 2
V/AudioPolicyManager(  303): getOutputForAttr() usage=13, content=4, tag= flags=00000000
V/AudioPolicyManager(  303): getOutputForAttr() device 2, samplingRate 44100, format 1, channelMask 3, flags 4
V/AudioPolicyManager(  303): getOutputsForDevice device 0002 -> 0002
V/AudioPolicyManager(  303): getOutput() returns output 2
W/AudioTrack( 1036): AUDIO_OUTPUT_FLAG_FAST denied by client
I/InputDispatcher( 1036): Delivering touch to (12668): action: 0x0, toolType: 0
I/InputDispatcher( 1036): Delivering touch to (12668): action: 0x1, toolType: 0
I/InputDispatcher( 1036): Delivering touch to (1505): action: 0x4, toolType: 0
I/InputDispatcher( 1036): Delivering touch to (12668): action: 0x0, toolType: 0
D/ViewRootImpl(12668): ViewPostImeInputStage ACTION_DOWN
V/AudioPolicyManager(  303): startOutput() output 2, stream 1, session 444
V/AudioPolicyManager(  303): changeRefCount() stream 1, count 3
V/AudioPolicyManager(  303): releaseOutput() 2
I/InputDispatcher( 1036): Delivering touch to (12668): action: 0x1, toolType: 0
D/InputDispatcher( 1036): Waiting for application to become ready for input: xxxx Reason: Waiting to send key event because the focused window has not finished processing all of the input events that were previously delivered to it.  Outbound queue length: 0.  Wait queue length: 5.
I/AudioPolicyManager(  303): getAudioPolicyConfig: situation=1;device=0
I/AudioPolicyManager(  303): getSituationVolume: isBTConnected:0 isHeadConnected:0
V/AudioPolicyManager(  303): deviceInt = 0, situationInt = 1, situationVolume = 0.500000
V/AudioPolicyManager(  303): getOutput() device 2, stream 1, samplingRate 0, format 0, channelMask 0, flags 3
V/AudioPolicyManager(  303): getOutputsForDevice device 0002 -> 0002
V/AudioPolicyManager(  303): getOutput() returns output 2
V/AudioPolicyManager(  303): getOutput() device 2, stream 1, samplingRate 0, format 0, channelMask 0, flags 3
V/AudioPolicyManager(  303): getOutputsForDevice device 0002 -> 0002
V/AudioPolicyManager(  303): getOutput() returns output 2
V/AudioPolicyManager(  303): getOutputForAttr() usage=13, content=4, tag= flags=00000000
V/AudioPolicyManager(  303): getOutputForAttr() device 2, samplingRate 48000, format 1, channelMask 1, flags 4
V/AudioPolicyManager(  303): getOutputsForDevice device 0002 -> 0002
V/AudioPolicyManager(  303): getOutput() returns output 2
V/AudioPolicyManager(  303): stopOutput() output 2, stream 1, session 442
V/AudioPolicyManager(  303): changeRefCount() stream 1, count 2
D/SoundAliveResampler(  303): [SoundAliveResampler] Init+++
V/AudioPolicyManager(  303): startOutput() output 2, stream 1, session 445
V/AudioPolicyManager(  303): changeRefCount() stream 1, count 3
V/AudioPolicyManager(  303): releaseOutput() 2
I/InputDispatcher( 1036): Delivering key to (12668): action: 0x0 (0)
D/InputDispatcher( 1036): Waiting for application to become ready for input: xxxx Reason: Waiting to send key event because the focused window has not finished processing all of the input events that were previously delivered to it.  Outbound queue length: 0.  Wait queue length: 1.
I/AudioPolicyManager(  303): getAudioPolicyConfig: situation=1;device=0
I/AudioPolicyManager(  303): getSituationVolume: isBTConnected:0 isHeadConnected:0
V/AudioPolicyManager(  303): deviceInt = 0, situationInt = 1, situationVolume = 0.500000
V/AudioPolicyManager(  303): getOutput() device 2, stream 1, samplingRate 0, format 0, channelMask 0, flags 3
V/AudioPolicyManager(  303): getOutputsForDevice device 0002 -> 0002
V/AudioPolicyManager(  303): getOutput() returns output 2
I/InputDispatcher( 1036): Delivering key to (12668): action: 0x1 (0)
V/AudioPolicyManager(  303): getOutput() device 2, stream 1, samplingRate 0, format 0, channelMask 0, flags 3
V/AudioPolicyManager(  303): getOutputsForDevice device 0002 -> 0002
V/AudioPolicyManager(  303): getOutput() returns output 2
V/AudioPolicyManager(  303): getOutputForAttr() usage=13, content=4, tag= flags=00000000
V/AudioPolicyManager(  303): getOutputForAttr() device 2, samplingRate 48000, format 1, channelMask 1, flags 4
V/AudioPolicyManager(  303): getOutputsForDevice device 0002 -> 0002
V/AudioPolicyManager(  303): getOutput() returns output 2
D/InputDispatcher( 1036): Waiting for application to become ready for input: xxxx Reason: Waiting to send key event because the focused window has not finished processing all of the input events that were previously delivered to it.  Outbound queue length: 0.  Wait queue length: 1.
I/InputDispatcher( 1036): Delivering key to (12668): action: 0x0 (0)
V/AudioPolicyManager(  303): startOutput() output 2, stream 1, session 446
V/AudioPolicyManager(  303): changeRefCount() stream 1, count 4
V/AudioPolicyManager(  303): releaseOutput() 2
D/InputDispatcher( 1036): Waiting for application to become ready for input: xxxx Reason: Waiting to send key event because the focused window has not finished processing all of the input events that were previously delivered to it.  Outbound queue length: 0.  Wait queue length: 1.
I/InputDispatcher( 1036): Delivering key to (12668): action: 0x1 (0)
I/AudioPolicyManager(  303): getAudioPolicyConfig: situation=1;device=0
I/AudioPolicyManager(  303): getSituationVolume: isBTConnected:0 isHeadConnected:0
V/AudioPolicyManager(  303): deviceInt = 0, situationInt = 1, situationVolume = 0.500000
V/AudioPolicyManager(  303): getOutput() device 2, stream 1, samplingRate 0, format 0, channelMask 0, flags 3
V/AudioPolicyManager(  303): getOutputsForDevice device 0002 -> 0002
V/AudioPolicyManager(  303): getOutput() returns output 2
V/AudioPolicyManager(  303): getOutput() device 2, stream 1, samplingRate 0, format 0, channelMask 0, flags 3
V/AudioPolicyManager(  303): getOutputsForDevice device 0002 -> 0002
V/AudioPolicyManager(  303): getOutput() returns output 2
V/AudioPolicyManager(  303): getOutputForAttr() usage=13, content=4, tag= flags=00000000
V/AudioPolicyManager(  303): getOutputForAttr() device 2, samplingRate 48000, format 1, channelMask 1, flags 4
V/AudioPolicyManager(  303): getOutputsForDevice device 0002 -> 0002
V/AudioPolicyManager(  303): getOutput() returns output 2
V/AudioPolicyManager(  303): startOutput() output 2, stream 1, session 447
V/AudioPolicyManager(  303): changeRefCount() stream 1, count 5
I/InputDispatcher( 1036): Delivering touch to (1505): action: 0x4, toolType: 0
I/InputDispatcher( 1036): Delivering touch to (12668): action: 0x0, toolType: 0
D/ViewRootImpl(12668): ViewPostImeInputStage ACTION_DOWN
I/InputDispatcher( 1036): Delivering touch to (12668): action: 0x1, toolType: 0
D/InputDispatcher( 1036): Waiting for application to become ready for input: xxxx Reason: Waiting to send key event because the focused window has not finished processing all of the input events that were previously delivered to it.  Outbound queue length: 0.  Wait queue length: 10.
I/InputDispatcher( 1036): Delivering key to (12668): action: 0x0 (0)
D/InputDispatcher( 1036): Waiting for application to become ready for input: xxxx Reason: Waiting to send key event because the focused window has not finished processing all of the input events that were previously delivered to it.  Outbound queue length: 0.  Wait queue length: 1.
I/InputDispatcher( 1036): Delivering key to (12668): action: 0x1 (0)
I/InputDispatcher( 1036): Delivering touch to (1505): action: 0x4, toolType: 0
I/InputDispatcher( 1036): Delivering touch to (12668): action: 0x0, toolType: 0
D/ViewRootImpl(12668): ViewPostImeInputStage ACTION_DOWN
I/InputDispatcher( 1036): Delivering touch to (12668): action: 0x1, toolType: 0
I/InputDispatcher( 1036): Delivering key to (12668): action: 0x0 (0)
I/InputDispatcher( 1036): Delivering key to (12668): action: 0x1 (0)
D/InputDispatcher( 1036): Waiting for application to become ready for input: xxxx Reason: Waiting to send key event because the focused window has not finished processing all of the input events that were previously delivered to it.  Outbound queue length: 0.  Wait queue length: 1.
I/AudioPolicyManager(  303): getAudioPolicyConfig: situation=1;device=0
I/AudioPolicyManager(  303): getSituationVolume: isBTConnected:0 isHeadConnected:0
V/AudioPolicyManager(  303): deviceInt = 0, situationInt = 1, situationVolume = 0.500000
I/InputDispatcher( 1036): Delivering key to (12668): action: 0x0 (0)
V/AudioPolicyManager(  303): getOutput() device 2, stream 1, samplingRate 0, format 0, channelMask 0, flags 3
V/AudioPolicyManager(  303): getOutputsForDevice device 0002 -> 0002
V/AudioPolicyManager(  303): getOutput() returns output 2
V/AudioPolicyManager(  303): getOutput() device 2, stream 1, samplingRate 0, format 0, channelMask 0, flags 3
V/AudioPolicyManager(  303): getOutputsForDevice device 0002 -> 0002
V/AudioPolicyManager(  303): getOutput() returns output 2
V/AudioPolicyManager(  303): getOutputForAttr() usage=13, content=4, tag= flags=00000000
V/AudioPolicyManager(  303): getOutputForAttr() device 2, samplingRate 48000, format 1, channelMask 1, flags 4
V/AudioPolicyManager(  303): getOutputsForDevice device 0002 -> 0002
V/AudioPolicyManager(  303): getOutput() returns output 2
D/InputDispatcher( 1036): Waiting for application to become ready for input: xxxx Reason: Waiting to send key event because the focused window has not finished processing all of the input events that were previously delivered to it.  Outbound queue length: 0.  Wait queue length: 1.
V/AudioPolicyManager(  303): startOutput() output 2, stream 1, session 448
V/AudioPolicyManager(  303): changeRefCount() stream 1, count 6
I/InputDispatcher( 1036): Delivering key to (12668): action: 0x1 (0)
I/AudioPolicyManager(  303): getAudioPolicyConfig: situation=1;device=0
I/AudioPolicyManager(  303): getSituationVolume: isBTConnected:0 isHeadConnected:0
V/AudioPolicyManager(  303): deviceInt = 0, situationInt = 1, situationVolume = 0.500000
V/AudioPolicyManager(  303): getOutput() device 2, stream 1, samplingRate 0, format 0, channelMask 0, flags 3
V/AudioPolicyManager(  303): getOutputsForDevice device 0002 -> 0002
V/AudioPolicyManager(  303): getOutput() returns output 2
V/AudioPolicyManager(  303): getOutput() device 2, stream 1, samplingRate 0, format 0, channelMask 0, flags 3
V/AudioPolicyManager(  303): getOutputsForDevice device 0002 -> 0002
D/InputDispatcher( 1036): Waiting for application to become ready for input: xxxx Reason: Waiting to send key event because the focused window has not finished processing all of the input events that were previously delivered to it.  Outbound queue length: 0.  Wait queue length: 1.
V/AudioPolicyManager(  303): getOutput() returns output 2
I/InputDispatcher( 1036): Delivering key to (12668): action: 0x0 (0)
I/AudioPolicyManager(  303): getAudioPolicyConfig: situation=1;device=0
I/AudioPolicyManager(  303): getSituationVolume: isBTConnected:0 isHeadConnected:0
V/AudioPolicyManager(  303): deviceInt = 0, situationInt = 1, situationVolume = 0.500000
V/AudioPolicyManager(  303): getOutputForAttr() usage=13, content=4, tag= flags=00000000
V/AudioPolicyManager(  303): getOutputForAttr() device 2, samplingRate 48000, format 1, channelMask 1, flags 4
V/AudioPolicyManager(  303): getOutputsForDevice device 0002 -> 0002
V/AudioPolicyManager(  303): getOutput() returns output 2
D/InputDispatcher( 1036): Waiting for application to become ready for input: xxxx Reason: Waiting to send key event because the focused window has not finished processing all of the input events that were previously delivered to it.  Outbound queue length: 0.  Wait queue length: 1.
V/AudioPolicyManager(  303): startOutput() output 2, stream 1, session 449
V/AudioPolicyManager(  303): changeRefCount() stream 1, count 7
I/InputDispatcher( 1036): Delivering key to (12668): action: 0x1 (0)
V/AudioPolicyManager(  303): getOutput() device 2, stream 1, samplingRate 0, format 0, channelMask 0, flags 3
V/AudioPolicyManager(  303): getOutputsForDevice device 0002 -> 0002
V/AudioPolicyManager(  303): getOutput() returns output 2
V/AudioPolicyManager(  303): getOutput() device 2, stream 1, samplingRate 0, format 0, channelMask 0, flags 3
V/AudioPolicyManager(  303): getOutputsForDevice device 0002 -> 0002
V/AudioPolicyManager(  303): getOutput() returns output 2
I/InputDispatcher( 1036): Delivering key to (12668): action: 0x0 (0)
V/AudioPolicyManager(  303): getOutputForAttr() usage=13, content=4, tag= flags=00000000
V/AudioPolicyManager(  303): getOutputForAttr() device 2, samplingRate 48000, format 1, channelMask 1, flags 4
V/AudioPolicyManager(  303): getOutputsForDevice device 0002 -> 0002
V/AudioPolicyManager(  303): getOutput() returns output 2
I/InputDispatcher( 1036): Delivering key to (12668): action: 0x1 (0)
V/AudioPolicyManager(  303): startOutput() output 2, stream 1, session 450
V/AudioPolicyManager(  303): changeRefCount() stream 1, count 8
I/InputDispatcher( 1036): Delivering touch to (1505): action: 0x4, toolType: 0
I/InputDispatcher( 1036): Delivering touch to (12668): action: 0x0, toolType: 0
I/InputDispatcher( 1036): Delivering touch to (12668): action: 0x1, toolType: 0
I/InputDispatcher( 1036): Delivering touch to (1505): action: 0x4, toolType: 0
I/InputDispatcher( 1036): Delivering touch to (12668): action: 0x0, toolType: 0
I/InputDispatcher( 1036): Delivering touch to (12668): action: 0x1, toolType: 0
I/InputDispatcher( 1036): Delivering touch to (1505): action: 0x4, toolType: 0
I/InputDispatcher( 1036): Delivering touch to (12668): action: 0x0, toolType: 0
I/InputDispatcher( 1036): Delivering touch to (12668): action: 0x1, toolType: 0
D/InputDispatcher( 1036): Waiting for application to become ready for input: xxxx Reason: Waiting to send key event because the focused window has not finished processing all of the input events that were previously delivered to it.  Outbound queue length: 0.  Wait queue length: 9.
I/SurfaceFlinger(  263): id=561 Removed Uoast (11/12)
I/SurfaceFlinger(  263): id=561 Removed Uoast (-2/12)
D/ViewRootImpl(12668): ViewPostImeInputStage ACTION_DOWN
D/ViewRootImpl(12668): ViewPostImeInputStage ACTION_DOWN
D/ViewRootImpl(12668): ViewPostImeInputStage ACTION_DOWN
I/InputDispatcher( 1036): Delivering key to (12668): action: 0x0 (0)
D/InputDispatcher( 1036): Waiting for application to become ready for input: xxxx Reason: Waiting to send key event because the focused window has not finished processing all of the input events that were previously delivered to it.  Outbound queue length: 0.  Wait queue length: 1.
I/AudioPolicyManager(  303): getAudioPolicyConfig: situation=1;device=0
I/AudioPolicyManager(  303): getSituationVolume: isBTConnected:0 isHeadConnected:0
V/AudioPolicyManager(  303): deviceInt = 0, situationInt = 1, situationVolume = 0.500000
V/AudioPolicyManager(  303): getOutput() device 2, stream 1, samplingRate 0, format 0, channelMask 0, flags 3
V/AudioPolicyManager(  303): getOutputsForDevice device 0002 -> 0002
V/AudioPolicyManager(  303): getOutput() returns output 2
V/AudioPolicyManager(  303): getOutput() device 2, stream 1, samplingRate 0, format 0, channelMask 0, flags 3
V/AudioPolicyManager(  303): getOutputsForDevice device 0002 -> 0002
V/AudioPolicyManager(  303): getOutput() returns output 2
V/AudioPolicyManager(  303): getOutputForAttr() usage=13, content=4, tag= flags=00000000
V/AudioPolicyManager(  303): getOutputForAttr() device 2, samplingRate 48000, format 1, channelMask 1, flags 4
V/AudioPolicyManager(  303): getOutputsForDevice device 0002 -> 0002
V/AudioPolicyManager(  303): getOutput() returns output 2
V/AudioPolicyManager(  303): startOutput() output 2, stream 1, session 451
V/AudioPolicyManager(  303): changeRefCount() stream 1, count 9
I/SurfaceFlinger(  263): id=563 Removed QopupWindow (9/11)
I/SurfaceFlinger(  263): id=563 Removed QopupWindow (-2/11)
D/PhoneStatusBar( 1505): updateIcon slot=ime index=2 viewIndex=0 old=StatusBarIcon(pkg=com.sohu.inputmethod.sogouuser=0 id=0x7f02012a level=0 visible=true num=0 ) icon=StatusBarIcon(pkg=com.sohu.inputmethod.sogouuser=0 id=0x7f02012a level=0 visible=false num=0 )
I/InputDispatcher( 1036): Delivering key to (12668): action: 0x1 (0)
D/PhoneStatusBar( 1505): updateIcon slot=ime index=2 viewIndex=0 old=StatusBarIcon(pkg=com.sohu.inputmethod.sogouuser=0 id=0x7f02012a level=0 visible=false num=0 ) icon=StatusBarIcon(pkg=com.sohu.inputmethod.sogouuser=0 id=0x7f02012a level=0 visible=true num=0 )
V/AudioPolicyManager(  303): stopOutput() output 2, stream 1, session 443
V/AudioPolicyManager(  303): changeRefCount() stream 1, count 8
V/AudioPolicyManager(  303): releaseOutput() 2
I/InputDispatcher( 1036): Delivering touch to (1505): action: 0x4, toolType: 0
I/InputDispatcher( 1036): Delivering touch to (12668): action: 0x0, toolType: 0
D/ViewRootImpl(12668): ViewPostImeInputStage ACTION_DOWN
I/InputDispatcher( 1036): Delivering touch to (12668): action: 0x1, toolType: 0
I/InputDispatcher( 1036): Delivering touch to (1505): action: 0x4, toolType: 0
I/InputDispatcher( 1036): Delivering touch to (12668): action: 0x0, toolType: 0
D/ViewRootImpl(12668): ViewPostImeInputStage ACTION_DOWN
I/InputDispatcher( 1036): Delivering touch to (12668): action: 0x1, toolType: 0
D/InputDispatcher( 1036): Waiting for application to become ready for input: xxxx Reason: Waiting to send key event because the focused window has not finished processing all of the input events that were previously delivered to it.  Outbound queue length: 0.  Wait queue length: 2.
V/AudioPolicyManager(  303): stopOutput() output 2, stream 1, session 444
V/AudioPolicyManager(  303): changeRefCount() stream 1, count 7
V/AudioPolicyManager(  303): releaseOutput() 2
V/Vibrator( 2180): Called cancel() API - PUID: 10057, PackageName: com.sohu.inputmethod.sogou
D/PersonaManager( 1505): isKioskContainerExistOnDevice
D/PersonaManager( 1505): isKioskContainerExistOnDevice
V/AudioPolicyManager(  303): stopOutput() output 2, stream 1, session 446
V/AudioPolicyManager(  303): changeRefCount() stream 1, count 6
V/AudioPolicyManager(  303): releaseOutput() 2
V/AudioPolicyManager(  303): stopOutput() output 2, stream 1, session 445
V/AudioPolicyManager(  303): changeRefCount() stream 1, count 5
V/AudioPolicyManager(  303): releaseOutput() 2
I/InputDispatcher( 1036): Delivering key to (12668): action: 0x0 (0)
D/InputDispatcher( 1036): Waiting for application to become ready for input: xxxx Reason: Waiting to send key event because the focused window has not finished processing all of the input events that were previously delivered to it.  Outbound queue length: 0.  Wait queue length: 1.
I/AudioPolicyManager(  303): getAudioPolicyConfig: situation=1;device=0
I/AudioPolicyManager(  303): getSituationVolume: isBTConnected:0 isHeadConnected:0
V/AudioPolicyManager(  303): deviceInt = 0, situationInt = 1, situationVolume = 0.500000
V/AudioPolicyManager(  303): getOutput() device 2, stream 1, samplingRate 0, format 0, channelMask 0, flags 3
V/AudioPolicyManager(  303): getOutputsForDevice device 0002 -> 0002
V/AudioPolicyManager(  303): getOutput() returns output 2
V/AudioPolicyManager(  303): getOutput() device 2, stream 1, samplingRate 0, format 0, channelMask 0, flags 3
V/AudioPolicyManager(  303): getOutputsForDevice device 0002 -> 0002
V/AudioPolicyManager(  303): getOutput() returns output 2
V/AudioPolicyManager(  303): getOutputForAttr() usage=13, content=4, tag= flags=00000000
V/AudioPolicyManager(  303): getOutputForAttr() device 2, samplingRate 48000, format 1, channelMask 1, flags 4
V/AudioPolicyManager(  303): getOutputsForDevice device 0002 -> 0002
V/AudioPolicyManager(  303): getOutput() returns output 2
W/InputMethodService( 2180): Re-entrance in to showWindow
V/AudioPolicyManager(  303): startOutput() output 2, stream 1, session 452
V/AudioPolicyManager(  303): changeRefCount() stream 1, count 6
I/AudioPolicyManager(  303): getAudioPolicyConfig: situation=1;device=0
I/AudioPolicyManager(  303): getSituationVolume: isBTConnected:0 isHeadConnected:0
V/AudioPolicyManager(  303): deviceInt = 0, situationInt = 1, situationVolume = 0.500000
V/AudioPolicyManager(  303): getOutput() device 2, stream 1, samplingRate 0, format 0, channelMask 0, flags 3
V/AudioPolicyManager(  303): getOutputsForDevice device 0002 -> 0002
V/AudioPolicyManager(  303): getOutput() returns output 2
V/AudioPolicyManager(  303): getOutput() device 2, stream 1, samplingRate 0, format 0, channelMask 0, flags 3
V/AudioPolicyManager(  303): getOutputsForDevice device 0002 -> 0002
V/AudioPolicyManager(  303): getOutput() returns output 2
I/InputDispatcher( 1036): Delivering key to (12668): action: 0x1 (0)
V/AudioPolicyManager(  303): getOutputForAttr() usage=13, content=4, tag= flags=00000000
V/AudioPolicyManager(  303): getOutputForAttr() device 2, samplingRate 48000, format 1, channelMask 1, flags 4
