V/AudioPolicyManager(  303): getOutputsForDevice device 0002 -> 0002
V/AudioPolicyManager(  303): getOutput() returns output 2
D/StatusBar( 1505): getNumberOfActiveSim:0
I/AudioPolicyManager(  303): getAudioPolicyConfig: situation=1;device=0
I/AudioPolicyManager(  303): getSituationVolume: isBTConnected:0 isHeadConnected:0
V/AudioPolicyManager(  303): deviceInt = 0, situationInt = 1, situationVolume = 0.500000
I/InputDispatcher( 1036): Delivering touch to (1505): action: 0x4, toolType: 0
I/InputDispatcher( 1036): Delivering touch to (12668): action: 0x0, toolType: 0
D/PanelView( 1505): There is/are notification(s) 
V/AudioPolicyManager(  303): startOutput() output 2, stream 1, session 453
V/AudioPolicyManager(  303): changeRefCount() stream 1, count 7
V/AudioPolicyManager(  303): getOutput() device 2, stream 1, samplingRate 0, format 0, channelMask 0, flags 3
V/AudioPolicyManager(  303): getOutputsForDevice device 0002 -> 0002
V/AudioPolicyManager(  303): getOutput() returns output 2
E/INIFile ( 2180): Wrong Integer Format String - 0x40,0x21,0x2e,0x2c,0x2f,0x31
E/INIFile ( 2180): Wrong Integer Format String - 0x61,0x62,0x63,0x32
E/INIFile ( 2180): Wrong Integer Format String - 0x64,0x65,0x66,0x33
E/INIFile ( 2180): Wrong Integer Format String - 0x67,0x68,0x69,0x34
E/INIFile ( 2180): Wrong Integer Format String - 0x6A,0x6B,0x6C,0x35
E/INIFile ( 2180): Wrong Integer Format String - 0x6D,0x6E,0x6F,0x36
E/INIFile ( 2180): Wrong Integer Format String - 0x70,0x71,0x72,0x73,0x37
E/INIFile ( 2180): Wrong Integer Format String - 0x74,0x75,0x76,0x38
E/INIFile ( 2180): Wrong Integer Format String - 0x77,0x78,0x79,0x7A,0x39
V/AudioPolicyManager(  303): stopOutput() output 2, stream 1, session 447
V/AudioPolicyManager(  303): changeRefCount() stream 1, count 6
V/AudioPolicyManager(  303): releaseOutput() 2
V/AudioPolicyManager(  303): getOutput() device 2, stream 1, samplingRate 0, format 0, channelMask 0, flags 3
V/AudioPolicyManager(  303): getOutputsForDevice device 0002 -> 0002
V/AudioPolicyManager(  303): getOutput() returns output 2
D/ViewRootImpl(12668): ViewPostImeInputStage ACTION_DOWN
V/AudioPolicyManager(  303): getOutputForAttr() usage=13, content=4, tag= flags=00000000
V/AudioPolicyManager(  303): getOutputForAttr() device 2, samplingRate 48000, format 1, channelMask 1, flags 4
V/AudioPolicyManager(  303): getOutputsForDevice device 0002 -> 0002
V/AudioPolicyManager(  303): getOutput() returns output 2
I/InputDispatcher( 1036): Delivering touch to (12668): action: 0x1, toolType: 0
V/AudioPolicyManager(  303): startOutput() output 2, stream 1, session 454
V/AudioPolicyManager(  303): changeRefCount() stream 1, count 7
I/InputDispatcher( 1036): Delivering touch to (1505): action: 0x4, toolType: 0
I/InputDispatcher( 1036): Delivering touch to (12668): action: 0x0, toolType: 0
D/ViewRootImpl(12668): ViewPostImeInputStage ACTION_DOWN
I/InputDispatcher( 1036): Delivering touch to (12668): action: 0x1, toolType: 0
I/InputDispatcher( 1036): Delivering touch to (1505): action: 0x4, toolType: 0
I/InputDispatcher( 1036): Delivering touch to (12668): action: 0x0, toolType: 0
I/InputDispatcher( 1036): Delivering touch to (12668): action: 0x1, toolType: 0
D/ViewRootImpl(12668): ViewPostImeInputStage ACTION_DOWN
W/IInputConnectionWrapper(12668): clearMetaKeyStates on inactive InputConnection
I/SurfaceFlinger(  263): id=555 Removed JnputMethod (8/10)
I/SurfaceFlinger(  263): id=555 Removed JnputMethod (-2/10)
I/SurfaceFlinger(  263): id=564 createSurf (1080x264),1 flag=4, JnputMethod
I/InputDispatcher( 1036): Delivering key to (12668): action: 0x0 (0)
D/InputDispatcher( 1036): Waiting for application to become ready for input: xxxx Reason: Waiting to send key event because the focused window has not finished processing all of the input events that were previously delivered to it.  Outbound queue length: 0.  Wait queue length: 1.
D/PanelView( 1505): There is/are notification(s) 
D/PersonaManager( 1505): isKioskContainerExistOnDevice
I/InputDispatcher( 1036): Delivering key to (12668): action: 0x1 (0)
D/ApplicationPolicy( 1036): isStatusBarNotificationAllowedAsUser: packageName = android,userId = -1
V/ApplicationPolicy( 1036): isApplicationStateBlocked userId -1 pkgname android
I/InputDispatcher( 1036): Delivering touch to (1505): action: 0x4, toolType: 0
I/InputDispatcher( 1036): Delivering touch to (12668): action: 0x0, toolType: 0
D/ViewRootImpl(12668): ViewPostImeInputStage ACTION_DOWN
V/AudioPolicyManager(  303): stopOutput() output 2, stream 1, session 448
V/AudioPolicyManager(  303): changeRefCount() stream 1, count 6
V/AudioPolicyManager(  303): releaseOutput() 2
I/InputDispatcher( 1036): Delivering touch to (12668): action: 0x1, toolType: 0
D/StatusBar( 1505): getNumberOfActiveSim:0
D/PanelView( 1505): There is/are notification(s) 
I/InputDispatcher( 1036): Delivering touch to (1505): action: 0x4, toolType: 0
I/InputDispatcher( 1036): Delivering touch to (12668): action: 0x0, toolType: 0
I/InputDispatcher( 1036): Delivering touch to (12668): action: 0x1, toolType: 0
D/PhoneStatusBar( 1505): updateIcon slot=ime index=2 viewIndex=0 old=StatusBarIcon(pkg=com.sohu.inputmethod.sogouuser=0 id=0x7f02012a level=0 visible=true num=0 ) icon=StatusBarIcon(pkg=com.sohu.inputmethod.sogouuser=0 id=0x7f02012a level=0 visible=false num=0 )
D/ApplicationPolicy( 1036): isStatusBarNotificationAllowedAsUser: packageName = android,userId = -1
V/ApplicationPolicy( 1036): isApplicationStateBlocked userId -1 pkgname android
D/InputDispatcher( 1036): Waiting for application to become ready for input: xxxx Reason: Waiting to send key event because the focused window has not finished processing all of the input events that were previously delivered to it.  Outbound queue length: 0.  Wait queue length: 11.
D/STATUSBAR-WifiQuickSettingButton( 1505): onWifiSignalChanged enabled=true enabledDesc:"ZZL-309"
V/AudioPolicyManager(  303): stopOutput() output 2, stream 1, session 450
V/AudioPolicyManager(  303): changeRefCount() stream 1, count 5
V/AudioPolicyManager(  303): releaseOutput() 2
V/AudioPolicyManager(  303): stopOutput() output 2, stream 1, session 449
V/AudioPolicyManager(  303): changeRefCount() stream 1, count 4
V/AudioPolicyManager(  303): releaseOutput() 2
D/StatusBar.MSimNetworkController( 1505): applyCU
D/StatusBar.MSimNetworkController( 1505): applyCU
D/ViewRootImpl(12668): ViewPostImeInputStage ACTION_DOWN
I/InputDispatcher( 1036): Delivering key to (12668): action: 0x0 (0)
D/StatusBar.MSimNetworkController( 1505): applyCU
D/InputDispatcher( 1036): Waiting for application to become ready for input: xxxx Reason: Waiting to send key event because the focused window has not finished processing all of the input events that were previously delivered to it.  Outbound queue length: 0.  Wait queue length: 1.
D/StatusBar.MSimNetworkController( 1505): applyCU
D/StatusBar.MSimNetworkController( 1505): getNumberOfActiveSim:0
D/KnoxNotification( 1505): ----- inflateViews : modified publicViewLocal -----
D/KnoxNotification( 1505): ----- inflateViews : modified KnoxViewLocal -----
D/PersonaManager( 1505): PersonaID is invalid or persona doesn't exists. : -1
D/PersonaManager( 1505): isKioskContainerExistOnDevice
D/PersonaManager( 1505): isKioskContainerExistOnDevice
I/InputDispatcher( 1036): Delivering key to (12668): action: 0x1 (0)
I/AudioPolicyManager(  303): getAudioPolicyConfig: situation=1;device=0
I/AudioPolicyManager(  303): getSituationVolume: isBTConnected:0 isHeadConnected:0
V/AudioPolicyManager(  303): deviceInt = 0, situationInt = 1, situationVolume = 0.500000
V/AudioPolicyManager(  303): getOutput() device 2, stream 1, samplingRate 0, format 0, channelMask 0, flags 3
V/AudioPolicyManager(  303): getOutputsForDevice device 0002 -> 0002
V/AudioPolicyManager(  303): getOutput() returns output 2
V/AudioPolicyManager(  303): getOutput() device 2, stream 1, samplingRate 0, format 0, channelMask 0, flags 3
V/AudioPolicyManager(  303): getOutputsForDevice device 0002 -> 0002
V/AudioPolicyManager(  303): getOutput() returns output 2
V/AudioPolicyManager(  303): getOutputForAttr() usage=13, content=4, tag= flags=00000000
V/AudioPolicyManager(  303): getOutputForAttr() device 2, samplingRate 48000, format 1, channelMask 1, flags 4
V/AudioPolicyManager(  303): getOutputsForDevice device 0002 -> 0002
V/AudioPolicyManager(  303): getOutput() returns output 2
V/AudioPolicyManager(  303): stopOutput() output 2, stream 1, session 451
V/AudioPolicyManager(  303): changeRefCount() stream 1, count 3
V/AudioPolicyManager(  303): startOutput() output 2, stream 1, session 455
V/AudioPolicyManager(  303): changeRefCount() stream 1, count 4
V/AudioPolicyManager(  303): releaseOutput() 2
E/PersonaManagerService( 1036): inState():  stateMachine is null !!
I/PersonaManagerService( 1036): PersonaId don't exist
I/ActivityManager( 1036): do not start freezing screen for locked container getKeyguardshowstate = false
D/InputDispatcher( 1036): Waiting for application to become ready for input: xxxx Reason: Waiting to send key event because the focused window has not finished processing all of the input events that were previously delivered to it.  Outbound queue length: 0.  Wait queue length: 10.
I/AudioPolicyManager(  303): getAudioPolicyConfig: situation=1;device=0
I/AudioPolicyManager(  303): getSituationVolume: isBTConnected:0 isHeadConnected:0
V/AudioPolicyManager(  303): deviceInt = 0, situationInt = 1, situationVolume = 0.500000
V/AudioPolicyManager(  303): getOutput() device 2, stream 1, samplingRate 0, format 0, channelMask 0, flags 3
V/AudioPolicyManager(  303): getOutputsForDevice device 0002 -> 0002
V/AudioPolicyManager(  303): getOutput() returns output 2
V/AudioPolicyManager(  303): getOutput() device 2, stream 1, samplingRate 0, format 0, channelMask 0, flags 3
V/AudioPolicyManager(  303): getOutputsForDevice device 0002 -> 0002
V/AudioPolicyManager(  303): getOutput() returns output 2
V/AudioPolicyManager(  303): getOutputForAttr() usage=13, content=4, tag= flags=00000000
V/AudioPolicyManager(  303): getOutputForAttr() device 2, samplingRate 48000, format 1, channelMask 1, flags 4
V/AudioPolicyManager(  303): getOutputsForDevice device 0002 -> 0002
V/AudioPolicyManager(  303): getOutput() returns output 2
V/AudioPolicyManager(  303): startOutput() output 2, stream 1, session 456
V/AudioPolicyManager(  303): changeRefCount() stream 1, count 5
I/InputDispatcher( 1036): Delivering key to (12668): action: 0x1 (0)
I/InputDispatcher( 1036): Delivering touch to (1505): action: 0x4, toolType: 0
I/InputDispatcher( 1036): Delivering touch to (12668): action: 0x0, toolType: 0
D/ViewRootImpl(12668): ViewPostImeInputStage ACTION_DOWN
I/InputDispatcher( 1036): Delivering touch to (12668): action: 0x1, toolType: 0
D/ApplicationPolicy( 1036): isStatusBarNotificationAllowedAsUser: packageName = android,userId = -1
V/ApplicationPolicy( 1036): isApplicationStateBlocked userId -1 pkgname android
D/InputDispatcher( 1036): Waiting for application to become ready for input: xxxx Reason: Waiting to send key event because the focused window has not finished processing all of the input events that were previously delivered to it.  Outbound queue length: 0.  Wait queue length: 1.
I/SurfaceFlinger(  263): id=562 Removed Uoast (10/10)
I/SurfaceFlinger(  263): id=562 Removed Uoast (-2/10)
D/StatusBar( 1505): getNumberOfActiveSim:0
D/PanelView( 1505): There is/are notification(s) 
I/InputDispatcher( 1036): Delivering key to (12668): action: 0x0 (0)
D/InputDispatcher( 1036): Waiting for application to become ready for input: xxxx Reason: Waiting to send key event because the focused window has not finished processing all of the input events that were previously delivered to it.  Outbound queue length: 0.  Wait queue length: 1.
I/InputDispatcher( 1036): Delivering key to (12668): action: 0x1 (0)
I/InputDispatcher( 1036): Delivering key to (12668): action: 0x0 (0)
I/InputDispatcher( 1036): Delivering key to (12668): action: 0x1 (0)
I/InputDispatcher( 1036): Delivering touch to (1505): action: 0x0, toolType: 0
I/AudioPolicyManager(  303): getAudioPolicyConfig: situation=1;device=0
I/AudioPolicyManager(  303): getSituationVolume: isBTConnected:0 isHeadConnected:0
V/AudioPolicyManager(  303): deviceInt = 0, situationInt = 1, situationVolume = 0.500000
I/InputDispatcher( 1036): Delivering touch to (1505): action: 0x1, toolType: 0
I/InputDispatcher( 1036): Delivering touch to (1505): action: 0x4, toolType: 0
I/InputDispatcher( 1036): Delivering touch to (12668): action: 0x0, toolType: 0
V/AudioPolicyManager(  303): getOutput() device 2, stream 1, samplingRate 0, format 0, channelMask 0, flags 3
V/AudioPolicyManager(  303): getOutputsForDevice device 0002 -> 0002
V/AudioPolicyManager(  303): getOutput() returns output 2
V/AudioPolicyManager(  303): getOutput() device 2, stream 1, samplingRate 0, format 0, channelMask 0, flags 3
V/AudioPolicyManager(  303): getOutputsForDevice device 0002 -> 0002
V/AudioPolicyManager(  303): getOutput() returns output 2
V/AudioPolicyManager(  303): getOutputForAttr() usage=13, content=4, tag= flags=00000000
V/AudioPolicyManager(  303): getOutputForAttr() device 2, samplingRate 48000, format 1, channelMask 1, flags 4
V/AudioPolicyManager(  303): getOutputsForDevice device 0002 -> 0002
V/AudioPolicyManager(  303): getOutput() returns output 2
D/ViewRootImpl(12668): ViewPostImeInputStage ACTION_DOWN
V/AudioPolicyManager(  303): startOutput() output 2, stream 1, session 457
V/AudioPolicyManager(  303): changeRefCount() stream 1, count 6
I/InputDispatcher( 1036): Delivering touch to (12668): action: 0x1, toolType: 0
I/InputDispatcher( 1036): Delivering touch to (1505): action: 0x4, toolType: 0
I/InputDispatcher( 1036): Delivering touch to (2180): action: 0x0, toolType: 0
D/ViewRootImpl( 2180): ViewPostImeInputStage ACTION_DOWN
V/Vibrator( 2180): Called vibrate(long[], int) API!
V/Vibrator( 2180): vibrate(long[], int, AudioAttributes) API - PUID: 10057, PackageName: com.sohu.inputmethod.sogou, repeat: -1, AudioAttr: null
V/Vibrator( 2180): Called vibrate(int, String, long[], int, AudioAttributes) API - PUID: 10057, PackageName: com.sohu.inputmethod.sogou, pattern
V/Vibrator( 2180): vibrate - PUID: 10057, PackageName: com.sohu.inputmethod.sogou, pattern, repeat: -1, AudioAttr: null, mag: -1
V/AudioPolicyManager(  303): getOutput() device 2, stream 1, samplingRate 0, format 0, channelMask 0, flags 3
V/AudioPolicyManager(  303): getOutputsForDevice device 0002 -> 0002
V/AudioPolicyManager(  303): getOutput() returns output 2
V/AudioPolicyManager(  303): getOutput() device 2, stream 1, samplingRate 0, format 0, channelMask 0, flags 3
V/AudioPolicyManager(  303): getOutputsForDevice device 0002 -> 0002
V/AudioPolicyManager(  303): getOutput() returns output 2
V/AudioPolicyManager(  303): getOutputForAttr() usage=13, content=4, tag= flags=00000000
V/AudioPolicyManager(  303): getOutputForAttr() device 2, samplingRate 44100, format 1, channelMask 3, flags 4
V/AudioPolicyManager(  303): getOutputsForDevice device 0002 -> 0002
V/AudioPolicyManager(  303): getOutput() returns output 2
W/AudioTrack( 1036): AUDIO_OUTPUT_FLAG_FAST denied by client
I/InputDispatcher( 1036): Delivering touch to (2180): action: 0x1, toolType: 0
V/AudioPolicyManager(  303): startOutput() output 2, stream 1, session 458
V/AudioPolicyManager(  303): changeRefCount() stream 1, count 7
D/InputDispatcher( 1036): Waiting for application to become ready for input: xxxx Reason: Waiting to send key event because the focused window has not finished processing all of the input events that were previously delivered to it.  Outbound queue length: 0.  Wait queue length: 10.
V/AudioPolicyManager(  303): stopOutput() output 2, stream 1, session 453
V/AudioPolicyManager(  303): changeRefCount() stream 1, count 6
V/AudioPolicyManager(  303): releaseOutput() 2
V/AudioPolicyManager(  303): stopOutput() output 2, stream 1, session 452
V/AudioPolicyManager(  303): changeRefCount() stream 1, count 5
V/AudioPolicyManager(  303): releaseOutput() 2
D/SoundAliveResampler(  303): [SoundAliveResampler] Init+++
D/PanelView( 1505): There is/are notification(s) 
D/PersonaManager( 1505): isKioskContainerExistOnDevice
I/InputDispatcher( 1036): Delivering key to (12668): action: 0x0 (0)
V/AudioPolicyManager(  303): stopOutput() output 2, stream 1, session 454
V/AudioPolicyManager(  303): changeRefCount() stream 1, count 4
V/AudioPolicyManager(  303): releaseOutput() 2
D/InputDispatcher( 1036): Waiting for application to become ready for input: xxxx Reason: Waiting to send key event because the focused window has not finished processing all of the input events that were previously delivered to it.  Outbound queue length: 0.  Wait queue length: 1.
I/InputDispatcher( 1036): Delivering key to (12668): action: 0x1 (0)
I/InputDispatcher( 1036): Delivering touch to (1505): action: 0x4, toolType: 0
I/InputDispatcher( 1036): Delivering touch to (12668): action: 0x0, toolType: 0
D/ViewRootImpl(12668): ViewPostImeInputStage ACTION_DOWN
I/InputDispatcher( 1036): Delivering touch to (12668): action: 0x1, toolType: 0
D/InputDispatcher( 1036): Waiting for application to become ready for input: xxxx Reason: Waiting to send key event because the focused window has not finished processing all of the input events that were previously delivered to it.  Outbound queue length: 0.  Wait queue length: 10.
I/InputDispatcher( 1036): Delivering key to (12668): action: 0x0 (0)
D/InputDispatcher( 1036): Waiting for application to become ready for input: xxxx Reason: Waiting to send key event because the focused window has not finished processing all of the input events that were previously delivered to it.  Outbound queue length: 0.  Wait queue length: 1.
I/InputDispatcher( 1036): Delivering key to (12668): action: 0x1 (0)
D/StatusBar( 1505): getNumberOfActiveSim:0
D/PanelView( 1505): There is/are notification(s) 
D/ViewRootImpl( 1505): ViewPostImeInputStage ACTION_DOWN
D/InputDispatcher( 1036): Waiting for application to become ready for input: xxxx Reason: Waiting to send key event because the focused window has not finished processing all of the input events that were previously delivered to it.  Outbound queue length: 0.  Wait queue length: 10.
D/PhoneStatusBar( 1505): makeExpandedVisible:false
D/StatusBar-Window( 1505): fnf=false sanc=false, kni=false, sbf=true
D/CoverUI ( 1505): applyFocusableFlag() : Remove SAMSUNG_FLAG_SVIEW_COVER
V/Vibrator( 1036): Called cancel() API - PUID: 1000, PackageName: android
D/SecContentProvider2( 1036): uri = 14 selection = getSealedState
D/SecContentProvider2( 1036): mCursor = null
D/PhoneStatusBar( 1505): disable: < expand icons alerts system_info back home recent clock search >
D/SecContentProvider2( 1036): uri = 14 selection = getSealedState
D/SecContentProvider2( 1036): mCursor = null
D/SecContentProvider2( 1036): uri = 14 selection = getSealedState
D/SecContentProvider2( 1036): mCursor = null
D/SecContentProvider2( 1036): uri = 14 selection = getSealedState
D/SecContentProvider2( 1036): mCursor = null
D/StatusBar( 1505): ----- contentsUnchanged : true, bigContentsUnchanged - true, headsUpContentsUnchanged - true , publicUnchanged true
D/PersonaManager( 1505): isKioskContainerExistOnDevice
D/PersonaManager( 1505): isKioskContainerExistOnDevice
I/InputDispatcher( 1036): Delivering key to (12668): action: 0x0 (0)
D/InputDispatcher( 1036): Waiting for application to become ready for input: xxxx Reason: Waiting to send key event because the focused window has not finished processing all of the input events that were previously delivered to it.  Outbound queue length: 0.  Wait queue length: 1.
I/AudioPolicyManager(  303): getAudioPolicyConfig: situation=1;device=0
I/AudioPolicyManager(  303): getSituationVolume: isBTConnected:0 isHeadConnected:0
V/AudioPolicyManager(  303): deviceInt = 0, situationInt = 1, situationVolume = 0.500000
V/AudioPolicyManager(  303): getOutput() device 2, stream 1, samplingRate 0, format 0, channelMask 0, flags 3
V/AudioPolicyManager(  303): getOutputsForDevice device 0002 -> 0002
V/AudioPolicyManager(  303): getOutput() returns output 2
V/AudioPolicyManager(  303): getOutput() device 2, stream 1, samplingRate 0, format 0, channelMask 0, flags 3
V/AudioPolicyManager(  303): getOutputsForDevice device 0002 -> 0002
V/AudioPolicyManager(  303): getOutput() returns output 2
V/AudioPolicyManager(  303): getOutputForAttr() usage=13, content=4, tag= flags=00000000
V/AudioPolicyManager(  303): getOutputForAttr() device 2, samplingRate 48000, format 1, channelMask 1, flags 4
V/AudioPolicyManager(  303): getOutputsForDevice device 0002 -> 0002
V/AudioPolicyManager(  303): getOutput() returns output 2
V/AudioPolicyManager(  303): startOutput() output 2, stream 1, session 459
V/AudioPolicyManager(  303): changeRefCount() stream 1, count 5
I/AudioPolicyManager(  303): getAudioPolicyConfig: situation=1;device=0
I/AudioPolicyManager(  303): getSituationVolume: isBTConnected:0 isHeadConnected:0
V/AudioPolicyManager(  303): deviceInt = 0, situationInt = 1, situationVolume = 0.500000
I/AudioPolicyManager(  303): getAudioPolicyConfig: situation=1;device=0
I/AudioPolicyManager(  303): getSituationVolume: isBTConnected:0 isHeadConnected:0
V/AudioPolicyManager(  303): deviceInt = 0, situationInt = 1, situationVolume = 0.500000
V/AudioPolicyManager(  303): getOutput() device 2, stream 1, samplingRate 0, format 0, channelMask 0, flags 3
V/AudioPolicyManager(  303): getOutputsForDevice device 0002 -> 0002
V/AudioPolicyManager(  303): getOutput() returns output 2
V/AudioPolicyManager(  303): getOutput() device 2, stream 1, samplingRate 0, format 0, channelMask 0, flags 3
V/AudioPolicyManager(  303): getOutputsForDevice device 0002 -> 0002
V/AudioPolicyManager(  303): getOutput() returns output 2
V/AudioPolicyManager(  303): getOutputForAttr() usage=13, content=4, tag= flags=00000000
V/AudioPolicyManager(  303): getOutputForAttr() device 2, samplingRate 48000, format 1, channelMask 1, flags 4
V/AudioPolicyManager(  303): getOutputsForDevice device 0002 -> 0002
V/AudioPolicyManager(  303): getOutput() returns output 2
I/InputDispatcher( 1036): Delivering key to (12668): action: 0x1 (0)
V/AudioPolicyManager(  303): startOutput() output 2, stream 1, session 460
V/AudioPolicyManager(  303): changeRefCount() stream 1, count 6
D/StatusBar( 1505): getNumberOfActiveSim:0
V/AudioPolicyManager(  303): getOutput() device 2, stream 1, samplingRate 0, format 0, channelMask 0, flags 3
V/AudioPolicyManager(  303): getOutputsForDevice device 0002 -> 0002
V/AudioPolicyManager(  303): getOutput() returns output 2
D/PanelView( 1505): There is/are notification(s) 
V/AudioPolicyManager(  303): getOutput() device 2, stream 1, samplingRate 0, format 0, channelMask 0, flags 3
V/AudioPolicyManager(  303): getOutputsForDevice device 0002 -> 0002
V/AudioPolicyManager(  303): getOutput() returns output 2
V/AudioPolicyManager(  303): getOutputForAttr() usage=13, content=4, tag= flags=00000000
V/AudioPolicyManager(  303): getOutputForAttr() device 2, samplingRate 48000, format 1, channelMask 1, flags 4
V/AudioPolicyManager(  303): getOutputsForDevice device 0002 -> 0002
V/AudioPolicyManager(  303): getOutput() returns output 2
V/AudioPolicyManager(  303): startOutput() output 2, stream 1, session 461
V/AudioPolicyManager(  303): changeRefCount() stream 1, count 7
W/IInputConnectionWrapper(12668): beginBatchEdit on inactive InputConnection
W/IInputConnectionWrapper(12668): getTextBeforeCursor on inactive InputConnection
D/InputDispatcher( 1036): Waiting for application to become ready for input: xxxx Reason: Waiting to send key event because the focused window has not finished processing all of the input events that were previously delivered to it.  Outbound queue length: 0.  Wait queue length: 11.
W/IInputConnectionWrapper(12668): endBatchEdit on inactive InputConnection
W/IInputConnectionWrapper(12668): beginBatchEdit on inactive InputConnection
W/IInputConnectionWrapper(12668): endBatchEdit on inactive InputConnection
I/InputDispatcher( 1036): Delivering key to (12668): action: 0x0 (0)
D/InputDispatcher( 1036): Waiting for application to become ready for input: xxxx Reason: Waiting to send key event because the focused window has not finished processing all of the input events that were previously delivered to it.  Outbound queue length: 0.  Wait queue length: 1.
D/ApplicationPolicy( 1036): isStatusBarNotificationAllowedAsUser: packageName = android,userId = -1
V/ApplicationPolicy( 1036): isApplicationStateBlocked userId -1 pkgname android
I/AudioPolicyManager(  303): getAudioPolicyConfig: situation=1;device=0
I/AudioPolicyManager(  303): getSituationVolume: isBTConnected:0 isHeadConnected:0
V/AudioPolicyManager(  303): deviceInt = 0, situationInt = 1, situationVolume = 0.500000
V/AudioPolicyManager(  303): getOutput() device 2, stream 1, samplingRate 0, format 0, channelMask 0, flags 3
V/AudioPolicyManager(  303): getOutputsForDevice device 0002 -> 0002
V/AudioPolicyManager(  303): getOutput() returns output 2
V/AudioPolicyManager(  303): getOutput() device 2, stream 1, samplingRate 0, format 0, channelMask 0, flags 3
V/AudioPolicyManager(  303): getOutputsForDevice device 0002 -> 0002
V/AudioPolicyManager(  303): getOutput() returns output 2
V/AudioPolicyManager(  303): getOutputForAttr() usage=13, content=4, tag= flags=00000000
V/AudioPolicyManager(  303): getOutputForAttr() device 2, samplingRate 48000, format 1, channelMask 1, flags 4
V/AudioPolicyManager(  303): getOutputsForDevice device 0002 -> 0002
V/AudioPolicyManager(  303): getOutput() returns output 2
I/wpa_supplicant( 1566): nl80211: Received scan results (15 BSSes)
V/AudioPolicyManager(  303): startOutput() output 2, stream 1, session 462
V/AudioPolicyManager(  303): changeRefCount() stream 1, count 8
I/AudioPolicyManager(  303): getAudioPolicyConfig: situation=1;device=0
I/AudioPolicyManager(  303): getSituationVolume: isBTConnected:0 isHeadConnected:0
V/AudioPolicyManager(  303): deviceInt = 0, situationInt = 1, situationVolume = 0.500000
V/AudioPolicyManager(  303): getOutput() device 2, stream 1, samplingRate 0, format 0, channelMask 0, flags 3
V/AudioPolicyManager(  303): getOutputsForDevice device 0002 -> 0002
V/AudioPolicyManager(  303): getOutput() returns output 2
V/AudioPolicyManager(  303): getOutput() device 2, stream 1, samplingRate 0, format 0, channelMask 0, flags 3
V/AudioPolicyManager(  303): getOutputsForDevice device 0002 -> 0002
V/AudioPolicyManager(  303): getOutput() returns output 2
V/AudioPolicyManager(  303): getOutputForAttr() usage=13, content=4, tag= flags=00000000
V/AudioPolicyManager(  303): getOutputForAttr() device 2, samplingRate 48000, format 1, channelMask 1, flags 4
V/AudioPolicyManager(  303): getOutputsForDevice device 0002 -> 0002
V/AudioPolicyManager(  303): getOutput() returns output 2
V/AudioPolicyManager(  303): startOutput() output 2, stream 1, session 463
V/AudioPolicyManager(  303): changeRefCount() stream 1, count 9
D/PanelView( 1505): There is/are notification(s) 
E/PersonaManagerService( 1036): inState():  stateMachine is null !!
I/PersonaManagerService( 1036): Failed to execute isKioskModeEnabled. java.lang.SecurityException: You need MANAGE_USERS permission to: query user
I/ActivityManager( 1036): do not start freezing screen for locked container getKeyguardshowstate = false
D/PersonaManager( 1505): isKioskContainerExistOnDevice
I/InputDispatcher( 1036): Delivering key to (12668): action: 0x1 (0)
I/InputDispatcher( 1036): Delivering touch to (1505): action: 0x4, toolType: 0
I/InputDispatcher( 1036): Delivering touch to (2180): action: 0x0, toolType: 0
I/InputDispatcher( 1036): Delivering touch to (2180): action: 0x1, toolType: 0
D/InputDispatcher( 1036): Waiting for application to become ready for input: xxxx Reason: Waiting to send key event because the focused window has not finished processing all of the input events that were previously delivered to it.  Outbound queue length: 0.  Wait queue length: 1.
I/wifiscan( 1726): wifi=8863dfcd22e9SSID: yuhui, BSSID: 88:63:df:cd:22:e9, HESSID: <none>, capabilities: [WPA2-PSK-CCMP][ESS], level: -22, frequency: 2462, timestamp: 11321963442, distance: ?(cm), distanceSd: ?(cm)ec26ca3c19e2SSID: ZZL-309, BSSID: ec:26:ca:3c:19:e2, HESSID: <none>, capabilities: [WPA-PSK-CCMP][WPA2-PSK-CCMP][ESS], level: -44, frequency: 2412, timestamp: 11321963432, distance: ?(cm), distanceSd: ?(cm)3c950978a3f3SSID: llll, BSSID: 3c:95:09:78:a3:f3, HESSID: <none>, capabilities: [WPA2-PSK-CCMP][ESS], level: -48, frequency: 2437, timestamp: 11321963444, distance: ?(cm), distanceSd: ?(cm)ec26ca3c2adcSSID: ZZL-208, BSSID: ec:26:ca:3c:2a:dc, HESSID: <none>, capabilities: [WPA-PSK-CCMP][WPA2-PSK-CCMP][ESS], level: -70, frequency: 2437, timestamp: 11321963447, distance: ?(cm), distanceSd: ?(cm)ca50e92a54ceSSID: ChinaNet-6NpC, BSSID: ca:50:e9:2a:54:ce, HESSID: <none>, capabilities: [WPA-PSK-CCMP+TKIP][WPA2-PSK-CCMP+TKIP][ESS], level: -75, frequency: 2412, timestamp: 11321963435, distance: ?(cm), distanceSd: ?(cm)7cd1c386f704SSID: MacBook-Pro, BSSID: 7c:d1:c3:86:f7:04, HESSID: <none>, capabilities: [WPA2-PSK-CCMP][ESS], level: -79, frequency: 2462, timestamp: 11321963453, distance: ?(cm), distanceSd: ?(cm)0a11b52631e9SSID: i-Shanghai, BSSID: 0a:11:b5:26:31:e9, HESSID: <none>, capabilities: [ESS], level: -82, frequency: 2412, timestamp: 11318932463, distance: ?(cm), distanceSd: ?(cm)c4c7554d4334SSID: ChinaNet-46Nf, BSSID: c4:c7:55:4d:43:34, HESSID: <none>, capabilities: [WPA-PSK-CCMP+TKIP][WPA2-PSK-CCMP+TKIP][ESS], level: -82, frequency: 2462, timestamp: 11321963458, distance: ?(cm), distanceSd: ?(cm)c4c7554d432aSSID: ChinaNet-3w5y, BSSID: c4:c7:55:4d:43:2a, HESSID: <none>, capabilities: [WPA-PSK-CCMP+TKIP][WPA2-PSK-CCMP+TKIP][WPS][ESS], level: -83, frequency: 2462, timestamp: 11321963456, distance: ?(cm), distanceSd: ?(cm)0e11b52631e9SSID: and-Business, BSSID: 0e:11:b5:26:31:e9, HESSID: <none>, capabilities: [ESS], level: -83, frequency: 2412, timestamp: 11318932470, distance: ?(cm), distanceSd: ?(cm)78312b264138SSID: ChinaNet-Szj6, BSSID: 78:31:2b:26:41:38, HESSID: <none>, capabilities: [WPA-PSK-CCMP][WPA2-PSK-CCMP][WPS][ESS], level: -84, frequency: 2462, timestamp: 11321963461, distance: ?(cm), distanceSd: ?(cm)908d78597c38SSID: naonaobaby, BSSID: 90:8d:78:59:7c:38, HESSID: <none>, capabilities: [WPA-PSK-CCMP+TKIP][WPA2-PSK-CCMP+TKIP][WPS][ESS], level: -84, frequency: 2412, timestamp: 11321963440, distance: ?(cm), distanceSd: ?(cm)0611b52631e9SSID: CMCC, BSSID: 06:11:b5:26:31:e9, HESSID: <none>, capabilities: [WPA-EAP-CCMP+TKIP][WPA2-EAP-CCMP+TKIP][ESS], level: -85, frequency: 2412, timestamp: 11321963437, distance: ?(cm), distanceSd: ?(cm)0011b52631e9SSID: CMCC-WEB, BSSID: 00:11:b5:26:31:e9, HESSID: <none>, capabilities: [ESS], level: -85, frequency: 2412, timestamp: 11321963427, distance: ?(cm), distanceSd: ?(cm)78312b261213SSID: ChinaNet-UcMS, BSSID: 78:31:2b:26:12:13, HESSID: <none>, capabilities: [WPA-PSK-CCMP][WPA2-PSK-CCMP][WPS][ESS], level: -88, frequency: 2447, timestamp: 11321963449, distance: ?(cm), distanceSd: ?(cm)
D/baidu_location_service( 1726): wifi manager receive new wifi...
D/wifiscan( 1726): wifi manager receive new wifi...
D/baidu_location_service( 1726): on broadcast new Wifi received...
D/ViewRootImpl( 2180): ViewPostImeInputStage ACTION_DOWN
V/AudioPolicyManager(  303): getOutput() device 2, stream 1, samplingRate 0, format 0, channelMask 0, flags 3
V/AudioPolicyManager(  303): getOutputsForDevice device 0002 -> 0002
V/AudioPolicyManager(  303): getOutput() returns output 2
V/AudioPolicyManager(  303): getOutput() device 2, stream 1, samplingRate 0, format 0, channelMask 0, flags 3
V/AudioPolicyManager(  303): getOutputsForDevice device 0002 -> 0002
V/AudioPolicyManager(  303): getOutput() returns output 2
V/Vibrator( 2180): Called vibrate(long[], int) API!
V/Vibrator( 2180): vibrate(long[], int, AudioAttributes) API - PUID: 10057, PackageName: com.sohu.inputmethod.sogou, repeat: -1, AudioAttr: null
V/Vibrator( 2180): Called vibrate(int, String, long[], int, AudioAttributes) API - PUID: 10057, PackageName: com.sohu.inputmethod.sogou, pattern
V/Vibrator( 2180): vibrate - PUID: 10057, PackageName: com.sohu.inputmethod.sogou, pattern, repeat: -1, AudioAttr: null, mag: -1
V/AudioPolicyManager(  303): getOutputForAttr() usage=13, content=4, tag= flags=00000000
V/AudioPolicyManager(  303): getOutputForAttr() device 2, samplingRate 44100, format 1, channelMask 3, flags 4
V/AudioPolicyManager(  303): getOutputsForDevice device 0002 -> 0002
V/AudioPolicyManager(  303): getOutput() returns output 2
W/AudioTrack( 1036): AUDIO_OUTPUT_FLAG_FAST denied by client
V/AudioPolicyManager(  303): startOutput() output 2, stream 1, session 464
V/AudioPolicyManager(  303): changeRefCount() stream 1, count 10
V/AudioPolicyManager(  303): stopOutput() output 2, stream 1, session 455
V/AudioPolicyManager(  303): changeRefCount() stream 1, count 9
V/AudioPolicyManager(  303): releaseOutput() 2
D/SoundAliveResampler(  303): [SoundAliveResampler] Init+++
D/StatusBar( 1505): getNumberOfActiveSim:0
D/PanelView( 1505): There is/are notification(s) 
D/StatusBar( 1505): ----- contentsUnchanged : true, bigContentsUnchanged - true, headsUpContentsUnchanged - true , publicUnchanged true
D/PersonaManager( 1505): isKioskContainerExistOnDevice
D/PersonaManager( 1505): isKioskContainerExistOnDevice
V/AudioPolicyManager(  303): stopOutput() output 2, stream 1, session 457
V/AudioPolicyManager(  303): changeRefCount() stream 1, count 8
V/AudioPolicyManager(  303): releaseOutput() 2
V/AudioPolicyManager(  303): stopOutput() output 2, stream 1, session 456
V/AudioPolicyManager(  303): changeRefCount() stream 1, count 7
V/AudioPolicyManager(  303): releaseOutput() 2
V/AudioPolicyManager(  303): stopOutput() output 2, stream 1, session 458
V/AudioPolicyManager(  303): changeRefCount() stream 1, count 6
V/AudioPolicyManager(  303): releaseOutput() 2
I/InputDispatcher( 1036): Delivering key to (12668): action: 0x0 (0)
I/InputDispatcher( 1036): Delivering key to (12668): action: 0x1 (0)
D/InputDispatcher( 1036): Waiting for application to become ready for input: xxxx Reason: Waiting to send key event because the focused window has not finished processing all of the input events that were previously delivered to it.  Outbound queue length: 0.  Wait queue length: 1.
D/ApplicationPolicy( 1036): isStatusBarNotificationAllowedAsUser: packageName = android,userId = -1
V/ApplicationPolicy( 1036): isApplicationStateBlocked userId -1 pkgname android
I/InputDispatcher( 1036): Delivering key to (12668): action: 0x0 (0)
I/InputDispatcher( 1036): Delivering key to (12668): action: 0x1 (0)
D/InputDispatcher( 1036): Waiting for application to become ready for input: xxxx Reason: Waiting to send key event because the focused window has not finished processing all of the input events that were previously delivered to it.  Outbound queue length: 0.  Wait queue length: 1.
W/IInputConnectionWrapper(12668): beginBatchEdit on inactive InputConnection
W/IInputConnectionWrapper(12668): getTextBeforeCursor on inactive InputConnection
W/IInputConnectionWrapper(12668): endBatchEdit on inactive InputConnection
W/IInputConnectionWrapper(12668): clearMetaKeyStates on inactive InputConnection
W/IInputConnectionWrapper(12668): beginBatchEdit on inactive InputConnection
W/IInputConnectionWrapper(12668): endBatchEdit on inactive InputConnection
I/InputDispatcher( 1036): Delivering key to (12668): action: 0x0 (0)
I/AudioPolicyManager(  303): getAudioPolicyConfig: situation=1;device=0
I/AudioPolicyManager(  303): getSituationVolume: isBTConnected:0 isHeadConnected:0
V/AudioPolicyManager(  303): deviceInt = 0, situationInt = 1, situationVolume = 0.500000
V/AudioPolicyManager(  303): getOutput() device 2, stream 1, samplingRate 0, format 0, channelMask 0, flags 3
V/AudioPolicyManager(  303): getOutputsForDevice device 0002 -> 0002
V/AudioPolicyManager(  303): getOutput() returns output 2
V/AudioPolicyManager(  303): getOutput() device 2, stream 1, samplingRate 0, format 0, channelMask 0, flags 3
V/AudioPolicyManager(  303): getOutputsForDevice device 0002 -> 0002
V/AudioPolicyManager(  303): getOutput() returns output 2
V/AudioPolicyManager(  303): getOutputForAttr() usage=13, content=4, tag= flags=00000000
V/AudioPolicyManager(  303): getOutputForAttr() device 2, samplingRate 48000, format 1, channelMask 1, flags 4
V/AudioPolicyManager(  303): getOutputsForDevice device 0002 -> 0002
V/AudioPolicyManager(  303): getOutput() returns output 2
D/InputDispatcher( 1036): Waiting for application to become ready for input: xxxx Reason: Waiting to send key event because the focused window has not finished processing all of the input events that were previously delivered to it.  Outbound queue length: 0.  Wait queue length: 1.
V/AudioPolicyManager(  303): startOutput() output 2, stream 1, session 465
V/AudioPolicyManager(  303): changeRefCount() stream 1, count 7
D/ApplicationPolicy( 1036): isStatusBarNotificationAllowedAsUser: packageName = android,userId = -1
V/ApplicationPolicy( 1036): isApplicationStateBlocked userId -1 pkgname android
I/InputDispatcher( 1036): Delivering key to (12668): action: 0x1 (0)
I/InputDispatcher( 1036): Delivering touch to (1505): action: 0x4, toolType: 0
I/InputDispatcher( 1036): Delivering touch to (2180): action: 0x0, toolType: 0
D/StatusBar( 1505): getNumberOfActiveSim:0
I/InputDispatcher( 1036): Delivering touch to (2180): action: 0x1, toolType: 0
I/InputDispatcher( 1036): Delivering touch to (1505): action: 0x4, toolType: 0
I/InputDispatcher( 1036): Delivering touch to (2180): action: 0x0, toolType: 0
D/PanelView( 1505): There is/are notification(s) 
I/InputDispatcher( 1036): Delivering touch to (2180): action: 0x1, toolType: 0
D/SettingsProvider( 1036): name = user_rotation
D/SettingsProvider( 1036): name = accelerometer_rotation
V/AudioPolicyManager(  303): stopOutput() output 2, stream 1, session 459
V/AudioPolicyManager(  303): changeRefCount() stream 1, count 6
V/AudioPolicyManager(  303): releaseOutput() 2
V/WindowOrientationListener( 1036): mSContextAutoRotationListener.getProposedRotation, mbResultFaceDectection: false
V/WindowOrientationListener( 1036): mSContextAutoRotationListener.getProposedRotation, Rotation: 0
V/WindowOrientationListener( 1036): mSContextAutoRotationListener.getProposedRotation, mbResultFaceDectection: false
V/WindowOrientationListener( 1036): mSContextAutoRotationListener.getProposedRotation, Rotation: 0
D/SContextService( 1036): 	.unregisterCallback : 1, client=
D/SContextService( 1036): unregisterCallback() : Listener = android.hardware.scontext.SContextService$Listener@28873921, Service = Auto Rotation, used = 1
W/CAE     ( 1036): unregisterCallback(ContextAwareService.java:199) - [unregi 01] Mutex is locked for AUTO_ROTATION
V/CAE     ( 1036): stop(ContextProvider.java:149)
V/CAE     ( 1036): clear(AutoRotationRunner.java:182)
V/CAE     ( 1036): disable(AutoRotationRunner.java:171)
I/CAE     ( 1036): sendCmdToSensorHub(SensorHubCommManager.java:144) - -78, 7, 0, 0,
D/SensorHubManager( 1036): SendSensorHubData: send data = -78, 7, 0, 0
D/Sensorhubs(  310): sendContextData: -78, 7, 0, 0
D/SettingsProvider( 1036): name = accelerometer_rotation
D/CAE     ( 1036): getFaultDetectionResult(AutoRotationRunner.java:195) - true
I/CAE     ( 1036): notifyCmdProcessResultObserver(ContextProvider.java:617) - CheckResult = 0, Cause = Success
V/AudioPolicyManager(  303): stopOutput() output 2, stream 1, session 460
V/AudioPolicyManager(  303): changeRefCount() stream 1, count 5
V/AudioPolicyManager(  303): releaseOutput() 2
D/ViewRootImpl( 2180): ViewPostImeInputStage ACTION_DOWN
V/Vibrator( 2180): Called vibrate(long[], int) API!
V/AudioPolicyManager(  303): getOutput() device 2, stream 1, samplingRate 0, format 0, channelMask 0, flags 3
V/AudioPolicyManager(  303): getOutputsForDevice device 0002 -> 0002
V/Vibrator( 2180): vibrate(long[], int, AudioAttributes) API - PUID: 10057, PackageName: com.sohu.inputmethod.sogou, repeat: -1, AudioAttr: null
V/AudioPolicyManager(  303): getOutput() returns output 2
V/Vibrator( 2180): Called vibrate(int, String, long[], int, AudioAttributes) API - PUID: 10057, PackageName: com.sohu.inputmethod.sogou, pattern
V/Vibrator( 2180): vibrate - PUID: 10057, PackageName: com.sohu.inputmethod.sogou, pattern, repeat: -1, AudioAttr: null, mag: -1
V/AudioPolicyManager(  303): getOutput() device 2, stream 1, samplingRate 0, format 0, channelMask 0, flags 3
V/AudioPolicyManager(  303): getOutputsForDevice device 0002 -> 0002
V/AudioPolicyManager(  303): getOutput() returns output 2
V/AudioPolicyManager(  303): getOutputForAttr() usage=13, content=4, tag= flags=00000000
V/AudioPolicyManager(  303): getOutputForAttr() device 2, samplingRate 44100, format 1, channelMask 3, flags 4
V/AudioPolicyManager(  303): getOutputsForDevice device 0002 -> 0002
V/AudioPolicyManager(  303): getOutput() returns output 2
W/AudioTrack( 1036): AUDIO_OUTPUT_FLAG_FAST denied by client
V/AudioPolicyManager(  303): startOutput() output 2, stream 1, session 466
V/AudioPolicyManager(  303): changeRefCount() stream 1, count 6
D/SoundAliveResampler(  303): [SoundAliveResampler] Init+++
D/PanelView( 1505): There is/are notification(s) 
D/PersonaManager( 1505): isKioskContainerExistOnDevice
D/ViewRootImpl( 2180): ViewPostImeInputStage ACTION_DOWN
V/AudioPolicyManager(  303): getOutput() device 2, stream 1, samplingRate 0, format 0, channelMask 0, flags 3
V/AudioPolicyManager(  303): getOutputsForDevice device 0002 -> 0002
V/AudioPolicyManager(  303): getOutput() returns output 2
V/AudioPolicyManager(  303): getOutput() device 2, stream 1, samplingRate 0, format 0, channelMask 0, flags 3
V/AudioPolicyManager(  303): getOutputsForDevice device 0002 -> 0002
V/AudioPolicyManager(  303): getOutput() returns output 2
V/Vibrator( 2180): Called vibrate(long[], int) API!
V/Vibrator( 2180): vibrate(long[], int, AudioAttributes) API - PUID: 10057, PackageName: com.sohu.inputmethod.sogou, repeat: -1, AudioAttr: null
V/Vibrator( 2180): Called vibrate(int, String, long[], int, AudioAttributes) API - PUID: 10057, PackageName: com.sohu.inputmethod.sogou, pattern
V/Vibrator( 2180): vibrate - PUID: 10057, PackageName: com.sohu.inputmethod.sogou, pattern, repeat: -1, AudioAttr: null, mag: -1
V/AudioPolicyManager(  303): getOutputForAttr() usage=13, content=4, tag= flags=00000000
V/AudioPolicyManager(  303): getOutputForAttr() device 2, samplingRate 44100, format 1, channelMask 3, flags 4
V/AudioPolicyManager(  303): getOutputsForDevice device 0002 -> 0002
V/AudioPolicyManager(  303): getOutput() returns output 2
W/AudioTrack( 1036): AUDIO_OUTPUT_FLAG_FAST denied by client
V/AudioPolicyManager(  303): startOutput() output 2, stream 1, session 467
V/AudioPolicyManager(  303): changeRefCount() stream 1, count 7
D/SoundAliveResampler(  303): [SoundAliveResampler] Init+++
D/CAE     ( 1036): doCommendProcess(ContextAwareService.java:314) - complete notify the operation result.
I/CAE     ( 1036): displayUsedCountForService(ContextAwareService.java:406) - totalCnt = 0, serviceCount = 0, subCollectionCount = 0
D/CAE     ( 1036): showListenerList(ContextAwareService.java:247) - ===== Context Aware Service List =====
W/CAE     ( 1036): unregisterCallback(ContextAwareService.java:234) - [unregi 02] Mutex is unlocked for AUTO_ROTATION
D/SContextService( 1036): removeSContextService() : service = Auto Rotation
D/SContextService( 1036): ===== SContext Service List =====
D/SContextManager( 1036):   .unregisterListener : listener = com.android.internal.policy.impl.WindowOrientationListener$SContextListenerImpl@1c10c1fb, service=Auto Rotation
V/WindowOrientationListener( 1036): mSContextAutoRotationListener.getProposedRotation, mbResultFaceDectection: false
V/WindowOrientationListener( 1036): mSContextAutoRotationListener.getProposedRotation, Rotation: -1
V/WindowOrientationListener( 1036): mSContextAutoRotationListener.getProposedRotation, mbResultFaceDectection: false
V/WindowOrientationListener( 1036): mSContextAutoRotationListener.getProposedRotation, Rotation: -1
V/WindowOrientationListener( 1036): mSContextAutoRotationListener.getProposedRotation, mbResultFaceDectection: false
V/WindowOrientationListener( 1036): mSContextAutoRotationListener.getProposedRotation, Rotation: -1
V/WindowOrientationListener( 1036): mSContextAutoRotationListener.getProposedRotation, mbResultFaceDectection: false
V/WindowOrientationListener( 1036): mSContextAutoRotationListener.getProposedRotation, Rotation: -1
I/art     (26368): System.exit called, status: 0
I/AndroidRuntime(26368): VM exiting with result code 0.
V/AudioPolicyManager(  303): stopOutput() output 2, stream 1, session 461
V/AudioPolicyManager(  303): changeRefCount() stream 1, count 6
V/AudioPolicyManager(  303): releaseOutput() 2
V/WindowOrientationListener( 1036): mSContextAutoRotationListener.getProposedRotation, mbResultFaceDectection: false
V/WindowOrientationListener( 1036): mSContextAutoRotationListener.getProposedRotation, Rotation: -1
V/WindowOrientationListener( 1036): mSContextAutoRotationListener.getProposedRotation, mbResultFaceDectection: false
V/WindowOrientationListener( 1036): mSContextAutoRotationListener.getProposedRotation, Rotation: -1
D/SContextService( 1036): 	.registerCallback : 1, client=
W/CAE     ( 1036): setCAProperty(ContextAwareService.java:464) - [setProperty 01] Mutex is locked for AUTO_ROTATION
I/CAE     ( 1036): setPropertyValue(AutoRotationRunner.java:119) - Device Type = 0.0
I/CAE     ( 1036): setCAProperty(ContextAwareService.java:469) - result : true
W/CAE     ( 1036): setCAProperty(ContextAwareService.java:470) - [setProperty 02] Mutex is unlocked for AUTO_ROTATION
D/SContextService( 1036): sendAttribute() : service = Auto Rotation
W/CAE     ( 1036): registerCallback(ContextAwareService.java:137) - [regi 01] Mutex is locked for AUTO_ROTATION
V/CAE     ( 1036): start(ContextProvider.java:126)
V/CAE     ( 1036): clear(AutoRotationRunner.java:182)
V/CAE     ( 1036): enable(AutoRotationRunner.java:158)
I/CAE     ( 1036): sendCmdToSensorHub(SensorHubCommManager.java:144) - -79, 7, 0, 0,
D/SensorHubManager( 1036): SendSensorHubData: send data = -79, 7, 0, 0
D/Sensorhubs(  310): sendContextData: -79, 7, 0, 0
D/StatusBar( 1505): getNumberOfActiveSim:0
D/PanelView( 1505): There is/are notification(s) 
D/CAE     ( 1036): getFaultDetectionResult(AutoRotationRunner.java:195) - true
I/CAE     ( 1036): notifyCmdProcessResultObserver(ContextProvider.java:617) - CheckResult = 0, Cause = Success
D/PointerIcon( 1036): setMouseIconStyle1 pointerType: 1001iconType:101 flag:0
D/PointerIcon( 1036): setMouseCustomIcon IconType is same.101
D/PointerIcon( 1036): setHoveringSpenIconStyle1 pointerType: 10001iconType:1 flag:0
D/PointerIcon( 1036): setHoveringSpenCustomIcon IconType is same.1
V/AudioPolicyManager(  303): stopOutput() output 2, stream 1, session 464
V/AudioPolicyManager(  303): changeRefCount() stream 1, count 5
D/StatusBar( 1505): ----- contentsUnchanged : true, bigContentsUnchanged - true, headsUpContentsUnchanged - true , publicUnchanged true
D/PersonaManager( 1505): isKioskContainerExistOnDevice
D/PersonaManager( 1505): isKioskContainerExistOnDevice
V/AudioPolicyManager(  303): stopOutput() output 2, stream 1, session 462
V/AudioPolicyManager(  303): changeRefCount() stream 1, count 4
V/AudioPolicyManager(  303): releaseOutput() 2
D/ApplicationPolicy( 1036): isStatusBarNotificationAllowedAsUser: packageName = android,userId = -1
V/ApplicationPolicy( 1036): isApplicationStateBlocked userId -1 pkgname android
D/CAE     ( 1036): doCommendProcess(ContextAwareService.java:314) - complete notify the operation result.
I/CAE     ( 1036): displayUsedCountForService(ContextAwareService.java:406) - totalCnt = 1, serviceCount = 1, subCollectionCount = 0
D/CAE     ( 1036): showListenerList(ContextAwareService.java:247) - ===== Context Aware Service List =====
I/CAE     ( 1036): showListenerList(ContextAwareService.java:256) - Listener : com.samsung.android.contextaware.manager.ContextAwareService$Listener@3588b4f2, Service : AUTO_ROTATION(1)
W/CAE     ( 1036): registerCallback(ContextAwareService.java:173) - [regi 02] Mutex is unlocked for AUTO_ROTATION
D/SContextService( 1036): addSContextService() : service = Auto Rotation
D/SContextService( 1036): ===== SContext Service List =====
D/SContextService( 1036): Listener : android.hardware.scontext.SContextService$Listener@1782f743, Service : Auto Rotation
D/SContextManager( 1036):   .registerListener : listener = com.android.internal.policy.impl.WindowOrientationListener$SContextListenerImpl@1c10c1fb, service=Auto Rotation
V/WindowOrientationListener( 1036): mSContextAutoRotationListener.getProposedRotation, mbResultFaceDectection: false
V/WindowOrientationListener( 1036): mSContextAutoRotationListener.getProposedRotation, Rotation: -1
V/WindowOrientationListener( 1036): mSContextAutoRotationListener.getProposedRotation, mbResultFaceDectection: false
V/WindowOrientationListener( 1036): mSContextAutoRotationListener.getProposedRotation, Rotation: -1
V/AudioPolicyManager(  303): stopOutput() output 2, stream 1, session 463
V/AudioPolicyManager(  303): changeRefCount() stream 1, count 3
V/AudioPolicyManager(  303): releaseOutput() 2
V/WindowOrientationListener( 1036): mSContextAutoRotationListener.getProposedRotation, mbResultFaceDectection: false
