W/ViewRootImpl( 5002): Cancelling event due to no window focus: KeyEvent { action=ACTION_UP, keyCode=KEYCODE_DPAD_UP, scanCode=0, metaState=0, flags=0x420, repeatCount=0, eventTime=4202385, downTime=4202385, deviceId=-1, source=0x101 }
W/ViewRootImpl( 5002): Cancelling event due to no window focus: KeyEvent { action=ACTION_UP, keyCode=KEYCODE_DPAD_UP, scanCode=0, metaState=0, flags=0x420, repeatCount=0, eventTime=4202385, downTime=4202385, deviceId=-1, source=0x101 }
W/ViewRootImpl( 5002): Cancelling event due to no window focus: KeyEvent { action=ACTION_UP, keyCode=KEYCODE_DPAD_UP, scanCode=0, metaState=0, flags=0x420, repeatCount=0, eventTime=4202385, downTime=4202385, deviceId=-1, source=0x101 }
W/ViewRootImpl( 5002): Cancelling event due to no window focus: KeyEvent { action=ACTION_UP, keyCode=KEYCODE_DPAD_UP, scanCode=0, metaState=0, flags=0x420, repeatCount=0, eventTime=4202385, downTime=4202385, deviceId=-1, source=0x101 }
W/ViewRootImpl( 5002): Cancelling event due to no window focus: KeyEvent { action=ACTION_UP, keyCode=KEYCODE_DPAD_UP, scanCode=0, metaState=0, flags=0x420, repeatCount=0, eventTime=4202385, downTime=4202385, deviceId=-1, source=0x101 }
W/ViewRootImpl( 5002): Cancelling event due to no window focus: KeyEvent { action=ACTION_UP, keyCode=KEYCODE_DPAD_UP, scanCode=0, metaState=0, flags=0x420, repeatCount=0, eventTime=4202385, downTime=4202385, deviceId=-1, source=0x101 }
W/AudioTrack(  738): AUDIO_OUTPUT_FLAG_FAST denied by client
I/art     ( 5239): System.exit called, status: 0
I/AndroidRuntime( 5239): VM exiting with result code 0.
I/art     ( 1586): Explicit concurrent mark sweep GC freed 17530(1155KB) AllocSpace objects, 15(240KB) LOS objects, 24% free, 10MB/13MB, paused 195us total 13.927ms
I/art     ( 1586): Explicit concurrent mark sweep GC freed 4(1120B) AllocSpace objects, 0(0B) LOS objects, 25% free, 9MB/13MB, paused 143us total 12.745ms
I/art     ( 1586): Explicit concurrent mark sweep GC freed 3(96B) AllocSpace objects, 0(0B) LOS objects, 25% free, 9MB/13MB, paused 154us total 12.154ms
I/art     ( 1586): Explicit concurrent mark sweep GC freed 3(96B) AllocSpace objects, 0(0B) LOS objects, 25% free, 9MB/13MB, paused 136us total 11.616ms
I/art     ( 1586): Explicit concurrent mark sweep GC freed 3(96B) AllocSpace objects, 0(0B) LOS objects, 25% free, 9MB/13MB, paused 178us total 12.535ms
I/art     ( 1586): Explicit concurrent mark sweep GC freed 3(96B) AllocSpace objects, 0(0B) LOS objects, 25% free, 9MB/13MB, paused 158us total 12.284ms
I/tnet-jni( 1372): 99 - [spdyPingRecvCallback] - 
I/tnet-jni( 1372): 99 - [SpdySessionCallBack.spdyPingRecvCallback] - org.android.spdy.SpdySession@5dd27f9
D/accs.SpdyConnection( 1372):  spdyPingRecvCallback uniId:40
D/accs.MessageHandler( 1372):  onRcvPing
D/accs.HeartbeatManager( 1372):  onHeartbeatSucc
D/accs.OrangeAdapter( 1372):  isSmartHb result:true
D/accs.HeartbeatManager( 1372):  set 270
D/accs.UtilityImpl( 1372):  setServiceTime:1512798469964
I/tnet-jni( 1462): 104 - [spdyPingRecvCallback] - 
I/tnet-jni( 1462): 104 - [SpdySessionCallBack.spdyPingRecvCallback] - org.android.spdy.SpdySession@78abfce
D/accs.SilenceConn_umeng:56aadbf567e58e38d4000976( 1462):  spdyPingRecvCallback uniId:40
D/accs.MsgRecv_umeng:56aadbf567e58e38d4000976( 1462):  onRcvPing
D/accs.HeartbeatManager( 1462):  onHeartbeatSucc
D/accs.OrangeAdapter( 1462):  isSmartHb result:true
D/accs.HeartbeatManager( 1462):  set 270
D/accs.UtilityImpl( 1462):  setServiceTime:1512798480597
E/awcn.DefaultHeartbeatImpl( 1586): |[seq:umeng:56aadbf567e58e38d4000976.AWCN7_1] close session in background session:Session@[umeng:56aadbf567e58e38d4000976.AWCN7_1|http2_0rtt_acs]
E/awcn.TnetSpdySession( 1586): |[seq:umeng:56aadbf567e58e38d4000976.AWCN7_1] force close! session:Session@[umeng:56aadbf567e58e38d4000976.AWCN7_1|http2_0rtt_acs]
E/awcn.Session( 1586): |[seq:umeng:56aadbf567e58e38d4000976.AWCN7_1] notifyStatus status:DISCONNECTING
I/awcn.DefaultHeartbeatImpl( 1586): |[seq:umeng:56aadbf567e58e38d4000976.AWCN7_1] heartbeat stop session:Session@[umeng:56aadbf567e58e38d4000976.AWCN7_1|http2_0rtt_acs]
E/awcn.TnetSpdySession( 1586): |[seq:umeng:56aadbf567e58e38d4000976.AWCN7_1] spdySessionCloseCallback  errorCode::-2002
E/awcn.Session( 1586): |[seq:umeng:56aadbf567e58e38d4000976.AWCN7_1] notifyStatus status:DISCONNECTED
D/awcn.SessionRequest( 1586): |[seq:umeng:56aadbf567e58e38d4000976.AWCN7_1] Session:Session@[umeng:56aadbf567e58e38d4000976.AWCN7_1|http2_0rtt_acs] EventType:DISCONNECTED Event:anet.channel.entity.c@cf66a25
D/awcn.SessionRequest( 1586): |[seq:umeng:56aadbf567e58e38d4000976.AWCN7_1] Connect Disconnect session:Session@[umeng:56aadbf567e58e38d4000976.AWCN7_1|http2_0rtt_acs] host:https://umengacs.m.taobao.com appIsBg:true isHandleFinish:false
I/accs.MsgDistributeService( 1586):  onStartCommand action:com.taobao.accs.intent.action.RECEIVE
D/accs.MsgDistribute( 1586):  action:com.taobao.accs.intent.action.RECEIVE
I/accs.MsgDistribute( 1586):  distribute command::103  serviceId::  dataId:: appkey: config:
D/NetworkMonitor/NetworkAgentInfo [WIFI () - 100](  738): OfflineState{ when=-82ms what=532488 arg2=1 target=com.android.internal.util.StateMachine$SmHandler }
D/NetworkMonitor/NetworkAgentInfo [WIFI () - 100](  738): DefaultState{ when=-82ms what=532488 arg2=1 target=com.android.internal.util.StateMachine$SmHandler }
D/NetworkMonitor/NetworkAgentInfo [WIFI () - 100](  738): Forcing reevaluation
D/NetworkMonitor/NetworkAgentInfo [WIFI () - 100](  738): EvaluatingState{ when=0 what=532486 arg1=10 target=com.android.internal.util.StateMachine$SmHandler }
D/NetworkMonitor/NetworkAgentInfo [WIFI () - 100](  738): Checking http://connectivitycheck.android.com/generate_204 on "WiredSSID"
D/NetworkMonitor/NetworkAgentInfo [WIFI () - 100](  738): Probably not a portal: exception java.net.SocketTimeoutException: failed to connect to connectivitycheck.android.com/216.58.200.238 (port 80) after 10000ms
D/ConnectivityService(  738): setProvNotificationVisibleIntent: E visible=false networkType=0 extraInfo=null
D/Genyd   (  118): Received Set Clipboard
D/Genymotion(  118): Received Set Clipboard
D/Genyd   (  118): Received Set Clipboard
D/Genymotion(  118): Received Set Clipboard
D/Genyd   (  118): Received Set Clipboard
D/Genymotion(  118): Received Set Clipboard
D/Genyd   (  118): Received Set Clipboard
D/Genymotion(  118): Received Set Clipboard
D/AndroidRuntime( 5361): >>>>>> START com.android.internal.os.RuntimeInit uid 0 <<<<<<
D/AndroidRuntime( 5361): CheckJNI is OFF
E/memtrack( 5361): Couldn't load memtrack module (No such file or directory)
E/android.os.Debug( 5361): failed to load memtrack module: -2
D/AndroidRuntime( 5361): Calling main entry com.android.commands.wm.Wm
D/AndroidRuntime( 5361): Shutting down VM
D/AndroidRuntime( 5382): >>>>>> START com.android.internal.os.RuntimeInit uid 0 <<<<<<
D/AndroidRuntime( 5382): CheckJNI is OFF
E/memtrack( 5382): Couldn't load memtrack module (No such file or directory)
E/android.os.Debug( 5382): failed to load memtrack module: -2
D/AndroidRuntime( 5382): Calling main entry com.android.commands.monkey.Monkey
W/BroadcastQueue(  738): Skipping deliver [background] BroadcastRecord{1e593498 u-1 android.net.conn.CONNECTIVITY_CHANGE} to ReceiverList{1f91e4f1 5382 (unknown name)/0/u-1 remote:18ba60a}: process crashing
I/ActivityManager(  738): START u0 {act=android.intent.action.MAIN cat=[android.intent.category.LAUNCHER] flg=0x10200000 cmp=com.zzl.falcon.internal/com.zzl.falcon.EntranceActivity} from uid 0 on display 0
E/EGL_emulation(  773): tid 773: eglCreateSyncKHR(1209): error 0x3004 (EGL_BAD_ATTRIBUTE)
D/ForegroundCallbacks( 1586): went foreground
I/awcn.SessionCenter( 1586): |[seq:[default]] [forground]
I/awcn.SessionCenter( 1586): |[seq:umeng:56aadbf567e58e38d4000976] [forground]
D/awcn.StrategyCenter( 1586):  getSchemeByHost host:umengacs.m.taobao.com scheme:https
D/awcn.SessionCenter( 1586): |[seq:umeng:56aadbf567e58e38d4000976] getInternal u:https://umengacs.m.taobao.com TypeClass:SPDY timeout:0
D/awcn.StrategyCenter( 1586):  getSchemeByHost host:umengacs.m.taobao.com scheme:https
D/awcn.SessionRequest( 1586): |[seq:umeng:56aadbf567e58e38d4000976.AWCN8] SessionRequest start host:https://umengacs.m.taobao.com type:SPDY
D/getConnStrategyListByHost( 1586): |[seq:host] umengacs.m.taobao.com:result [{106.11.52.16 443 http2_0rtt_acs}, {106.11.52.16 80 http2_0rtt_acs}, {106.11.52.16 443 spdy_0rtt_acs}, {106.11.52.16 80 spdy_0rtt_acs}, {140.205.160.76 443 http2_0rtt_acs}, {140.205.160.76 80 http2_0rtt_acs}, {140.205.160.76 443 spdy_0rtt_acs}, {140.205.160.76 80 spdy_0rtt_acs}, {106.11.52.16 443 https}, {140.205.160.76 443 https}]
D/awcn.SessionRequest( 1586): |[seq:umeng:56aadbf567e58e38d4000976.AWCN8] [getAvailStrategy] strategies:[{106.11.52.16 443 http2_0rtt_acs}, {106.11.52.16 80 http2_0rtt_acs}, {106.11.52.16 443 spdy_0rtt_acs}, {106.11.52.16 80 spdy_0rtt_acs}, {140.205.160.76 443 http2_0rtt_acs}, {140.205.160.76 80 http2_0rtt_acs}, {140.205.160.76 443 spdy_0rtt_acs}, {140.205.160.76 80 spdy_0rtt_acs}]
I/awcn.SessionRequest( 1586): |[seq:umeng:56aadbf567e58e38d4000976.AWCN8_1] create connection... Host:https://umengacs.m.taobao.com Type:http2_0rtt_acs IP:106.11.52.16 Port:443 heartbeat:45000 session:Session@[umeng:56aadbf567e58e38d4000976.AWCN8_1|http2_0rtt_acs]
E/awcn.TnetSpdySession( 1586): |[seq:umeng:56aadbf567e58e38d4000976.AWCN8_1] [connect] host:https://umengacs.m.taobao.com connect :106.11.52.16:443 sessionId:1512798659857 SpdyProtocol,:http2_0rtt_acs proxyIp,: proxyPort,:0
E/awcn.Session( 1586): |[seq:umeng:56aadbf567e58e38d4000976.AWCN8_1] notifyStatus status:CONNECTING
E/awcn.Session( 1586): |[seq:umeng:56aadbf567e58e38d4000976.AWCN8_1] notifyStatus status:CONNECTED
I/accs.InAppConn_umeng:56aadbf567e58e38d4000976( 1586):  auth begin seq:umeng:56aadbf567e58e38d4000976.AWCN8_1
E/accs.InAppConn_umeng:56aadbf567e58e38d4000976( 1586):  1 auth URL:https://umengacs.m.taobao.com/accs/auth?1=WajMPL%2FDZuUDAJwcljDKSIFW&2=b72cb9a6e19f6dc73c45e6c6720a16c7c8c04b1db6c63753aa9205edf63f75d8&3=umeng:56aadbf567e58e38d4000976&5=1&6=wifi&7=31027&8=1.1.2&9=1512794265521&10=1&11=22&12=com.zzl.falcon.internal&13=2.4.1&14=android@umeng&15=Google Nexus 4 - 5.1.0 - API 22 - 768x1280&16=generic&17=221&19=0
I/awcn.TnetSpdySession( 1586):   request URL:https://umengacs.m.taobao.com/accs/auth?1=WajMPL%2FDZuUDAJwcljDKSIFW&2=b72cb9a6e19f6dc73c45e6c6720a16c7c8c04b1db6c63753aa9205edf63f75d8&3=umeng:56aadbf567e58e38d4000976&5=1&6=wifi&7=31027&8=1.1.2&9=1512794265521&10=1&11=22&12=com.zzl.falcon.internal&13=2.4.1&14=android@umeng&15=Google Nexus 4 - 5.1.0 - API 22 - 768x1280&16=generic&17=221&19=0
I/awcn.TnetSpdySession( 1586):   request Method:GET
I/awcn.TnetSpdySession( 1586):   request headers:{}
D/awcn.TnetSpdySession( 1586):   streamId:1
D/awcn.DefaultHeartbeatImpl( 1586): |[seq:umeng:56aadbf567e58e38d4000976.AWCN8_1] reSchedule session:Session@[umeng:56aadbf567e58e38d4000976.AWCN8_1|http2_0rtt_acs] delay:1512798704865
E/awcn.TnetSpdySession( 1586): |[seq:umeng:56aadbf567e58e38d4000976.AWCN8_1] spdySessionConnectCB connect connectTime:7 sslTime::0
I/awcn.TnetSpdySession( 1586):   httpStatusCode:200
I/awcn.TnetSpdySession( 1586):   response headers:{server=[Tengine/Aserver/3.0.197_20171017114317], x-at=[WajMPL%2FDZuUDAJwcljDKSIFWumeng:56aadbf567e58e38d40009761512813059], date=[Sat, 09 Dec 2017 05:50:59 GMT], content-length=[0], x-workerid=[-1538961089385988077], :status=[200]}
E/accs.InAppConn_umeng:56aadbf567e58e38d4000976( 1586):  AUTH httpStatusCode:200 seq:umeng:56aadbf567e58e38d4000976.AWCN8_1
E/awcn.Session( 1586): |[seq:umeng:56aadbf567e58e38d4000976.AWCN8_1] notifyStatus status:AUTH_SUCC
I/awcn.DefaultHeartbeatImpl( 1586): |[seq:umeng:56aadbf567e58e38d4000976.AWCN8_1] heartbeat start session:Session@[umeng:56aadbf567e58e38d4000976.AWCN8_1|http2_0rtt_acs]
D/awcn.TnetSpdySession( 1586): |[seq:umeng:56aadbf567e58e38d4000976.AWCN8_1] spdyOnStreamResponse authTime:0
I/accs.UtilityImpl( 1586):  	header:date value:Sat, 09 Dec 2017 05:50:59 GMT
I/accs.UtilityImpl( 1586):  	header:x-at value:WajMPL%2FDZuUDAJwcljDKSIFWumeng:56aadbf567e58e38d40009761512813059
I/accs.UtilityImpl( 1586):  	header:server value:Tengine/Aserver/3.0.197_20171017114317
I/accs.UtilityImpl( 1586):  	header:content-length value:0
I/accs.UtilityImpl( 1586):  	header:x-workerid value:-1538961089385988077
I/accs.UtilityImpl( 1586):  	header::status value:200
D/awcn.TnetSpdySession( 1586):  spdyStreamCloseCallback streamId:1
D/awcn.SessionRequest( 1586): |[seq:umeng:56aadbf567e58e38d4000976.AWCN8_1] Session:Session@[umeng:56aadbf567e58e38d4000976.AWCN8_1|http2_0rtt_acs] EventType:AUTH_SUCC Event:
D/awcn.SessionRequest( 1586): |[seq:umeng:56aadbf567e58e38d4000976.AWCN8_1] Connect Success session:Session@[umeng:56aadbf567e58e38d4000976.AWCN8_1|http2_0rtt_acs] host:https://umengacs.m.taobao.com
D/awcn.SessionRequest( 1586):  Receive session event type:AUTH_SUCC
D/awcn.StrategyTable( 1586):  [notifyConnEvent] Host:umengacs.m.taobao.com IConnStrategy:{106.11.52.16 443 http2_0rtt_acs} ConnEvent:ConnEvent#Success
W/EGL_emulation( 1586): eglSurfaceAttrib not implemented
W/OpenGLRenderer( 1586): Failed to set EGL_SWAP_BEHAVIOR on surface 0xdb8cd040, error=EGL_SUCCESS
I/accs.MsgDistributeService( 1586):  onStartCommand action:com.taobao.accs.intent.action.RECEIVE
D/accs.MsgDistribute( 1586):  action:com.taobao.accs.intent.action.RECEIVE
I/accs.MsgDistribute( 1586):  distribute command::103  serviceId::  dataId:: appkey: config:
I/ActivityManager(  738): START u0 {act=android.intent.action.MAIN cat=[android.intent.category.LAUNCHER] flg=0x10200000 cmp=com.zzl.falcon.internal/com.zzl.falcon.EntranceActivity} from uid 0 on display 0
W/BackupManagerService(  738): dataChanged but no participant pkg='com.android.providers.settings' uid=10013
W/AudioTrack(  738): AUDIO_OUTPUT_FLAG_FAST denied by client
W/AudioTrack(  738): AUDIO_OUTPUT_FLAG_FAST denied by client
W/BackupManagerService(  738): dataChanged but no participant pkg='com.android.providers.settings' uid=10013
I/MediaFocusControl(  738):  AudioFocus  requestAudioFocus() from android.media.AudioManager@25444921com.android.music.MediaPlaybackService$3@1ce16146 req=1flags=0x0
W/AudioTrack(  738): AUDIO_OUTPUT_FLAG_FAST denied by client
W/AudioTrack(  738): AUDIO_OUTPUT_FLAG_FAST denied by client
I/ActivityManager(  738): START u0 {act=android.intent.action.MAIN cat=[android.intent.category.LAUNCHER] flg=0x10000000 cmp=com.android.calendar/.AllInOneActivity sel=act=android.intent.action.MAIN cat=[android.intent.category.APP_CALENDAR]}} from uid 1000 on display 0
W/AudioTrack(  738): AUDIO_OUTPUT_FLAG_FAST denied by client
I/ActivityManager(  738): START u0 {act=android.intent.action.MAIN cat=[android.intent.category.LAUNCHER] flg=0x10200000 cmp=com.zzl.falcon.internal/com.squareup.leakcanary.internal.DisplayLeakActivity} from uid 0 on display 0
E/EGL_emulation(  773): tid 773: eglCreateSyncKHR(1209): error 0x3004 (EGL_BAD_ATTRIBUTE)
I/OpenGLRenderer( 5002): Initialized EGL, version 1.4
W/EGL_emulation( 5002): eglSurfaceAttrib not implemented
W/OpenGLRenderer( 5002): Failed to set EGL_SWAP_BEHAVIOR on surface 0xe1427c20, error=EGL_SUCCESS
D/ForegroundCallbacks( 1586): went background
I/ActivityManager(  738): START u0 {act=android.intent.action.MAIN cat=[android.intent.category.LAUNCHER] flg=0x10200000 cmp=com.zzl.falcon.internal/com.squareup.leakcanary.internal.DisplayLeakActivity} from uid 0 on display 0
D/PhoneStatusBar(  861): disable: < expand icons* alerts system_info* back home recent clock search >
W/ViewRootImpl( 5002): Dropping event due to no window focus: KeyEvent { action=ACTION_DOWN, keyCode=KEYCODE_MENU, scanCode=0, metaState=0, flags=0x8, repeatCount=0, eventTime=4415613, downTime=4415613, deviceId=-1, source=0x101 }
W/ViewRootImpl( 5002): Cancelling event due to no window focus: KeyEvent { action=ACTION_UP, keyCode=KEYCODE_MENU, scanCode=0, metaState=0, flags=0x28, repeatCount=0, eventTime=4415646, downTime=4415646, deviceId=-1, source=0x101 }
W/ViewRootImpl( 5002): Cancelling event due to no window focus: KeyEvent { action=ACTION_UP, keyCode=KEYCODE_MENU, scanCode=0, metaState=0, flags=0x28, repeatCount=0, eventTime=4415646, downTime=4415646, deviceId=-1, source=0x101 }
W/ViewRootImpl( 5002): Cancelling event due to no window focus: KeyEvent { action=ACTION_UP, keyCode=KEYCODE_MENU, scanCode=0, metaState=0, flags=0x28, repeatCount=0, eventTime=4415646, downTime=4415646, deviceId=-1, source=0x101 }
I/AppiumUnicodeIME(  916): onKeyUp (keyCode='82', event.keyCode='82', metaState='0')
W/ViewRootImpl( 5002): Cancelling event due to no window focus: KeyEvent { action=ACTION_UP, keyCode=KEYCODE_MENU, scanCode=0, metaState=0, flags=0x28, repeatCount=0, eventTime=4415646, downTime=4415646, deviceId=-1, source=0x101 }
W/ViewRootImpl( 5002): Cancelling event due to no window focus: KeyEvent { action=ACTION_UP, keyCode=KEYCODE_MENU, scanCode=0, metaState=0, flags=0x28, repeatCount=0, eventTime=4415646, downTime=4415646, deviceId=-1, source=0x101 }
W/ViewRootImpl( 5002): Cancelling event due to no window focus: KeyEvent { action=ACTION_UP, keyCode=KEYCODE_MENU, scanCode=0, metaState=0, flags=0x28, repeatCount=0, eventTime=4415646, downTime=4415646, deviceId=-1, source=0x101 }
W/EGL_emulation(  861): eglSurfaceAttrib not implemented
W/OpenGLRenderer(  861): Failed to set EGL_SWAP_BEHAVIOR on surface 0xe201fc80, error=EGL_SUCCESS
W/ResourceType(  861): No package identifier when getting value for resource number 0x00000000
W/PackageManager(  861): Failure retrieving resources for com.zzl.falcon.internal: Resource ID #0x0
W/InputMethodManagerService(  738): Window already focused, ignoring focus gain of: com.android.internal.view.IInputMethodClient$Stub$Proxy@14d2ed9d attribute=null, token = android.os.BinderProxy@ed349d4
I/AppiumUnicodeIME(  916): onKeyDown (keyCode='21', event.keyCode='21', metaState='0')
I/AppiumUnicodeIME(  916): onKeyUp (keyCode='21', event.keyCode='21', metaState='0')
I/AppiumUnicodeIME(  916): onKeyDown (keyCode='229', event.keyCode='229', metaState='0')
I/AppiumUnicodeIME(  916): onKeyUp (keyCode='229', event.keyCode='229', metaState='0')
I/AppiumUnicodeIME(  916): onKeyDown (keyCode='20', event.keyCode='20', metaState='0')
I/AppiumUnicodeIME(  916): onKeyUp (keyCode='20', event.keyCode='20', metaState='0')
I/ActivityManager(  738): START u0 {act=android.intent.action.MAIN cat=[android.intent.category.LAUNCHER] flg=0x10200000 cmp=com.zzl.falcon.internal/com.squareup.leakcanary.internal.DisplayLeakActivity} from uid 0 on display 0
I/AppiumUnicodeIME(  916): onKeyDown (keyCode='222', event.keyCode='222', metaState='0')
W/MediaSessionService(  738): Attempted to dispatch null or non-media key event.
I/AppiumUnicodeIME(  916): onKeyUp (keyCode='222', event.keyCode='222', metaState='0')
W/MediaSessionService(  738): Attempted to dispatch null or non-media key event.
I/AppiumUnicodeIME(  916): onKeyDown (keyCode='82', event.keyCode='82', metaState='0')
I/AppiumUnicodeIME(  916): onKeyUp (keyCode='82', event.keyCode='82', metaState='0')
I/awcn.ComponentCallbacks2( 1586):  onTrimMemory level:20
I/awcn.SessionCenter( 1586): |[seq:[default]] [background]
I/awcn.StrategyCenter( 1586):  saveData
I/awcn.AmdcThreadPoolExecutor( 1586):  thread created! name:AMDC19
I/awcn.SessionCenter( 1586): |[seq:umeng:56aadbf567e58e38d4000976] [background]
I/awcn.StrategyCenter( 1586):  saveData
I/AppiumUnicodeIME(  916): onKeyDown (keyCode='23', event.keyCode='23', metaState='0')
W/AudioTrack(  738): AUDIO_OUTPUT_FLAG_FAST denied by client
I/AppiumUnicodeIME(  916): onKeyUp (keyCode='23', event.keyCode='23', metaState='0')
W/AudioTrack(  738): AUDIO_OUTPUT_FLAG_FAST denied by client
V/WindowManager(  738): Adding window Window{18a9fde3 u0 PopupWindow:1c41ff71} at 4 of 10 (after Window{1e6d377d u0 com.zzl.falcon.internal/com.squareup.leakcanary.internal.DisplayLeakActivity})
I/AppiumUnicodeIME(  916): onKeyDown (keyCode='23', event.keyCode='23', metaState='0')
I/AppiumUnicodeIME(  916): onKeyUp (keyCode='23', event.keyCode='23', metaState='0')
W/ViewRootImpl( 5002): Cancelling event due to no window focus: KeyEvent { action=ACTION_UP, keyCode=KEYCODE_DPAD_CENTER, scanCode=0, metaState=0, flags=0x28, repeatCount=0, eventTime=4416212, downTime=4416212, deviceId=-1, source=0x101 }
W/ViewRootImpl( 5002): Cancelling event due to no window focus: KeyEvent { action=ACTION_UP, keyCode=KEYCODE_DPAD_CENTER, scanCode=0, metaState=0, flags=0x28, repeatCount=0, eventTime=4416212, downTime=4416212, deviceId=-1, source=0x101 }
W/ViewRootImpl( 5002): Cancelling event due to no window focus: KeyEvent { action=ACTION_UP, keyCode=KEYCODE_DPAD_CENTER, scanCode=0, metaState=0, flags=0x28, repeatCount=0, eventTime=4416212, downTime=4416212, deviceId=-1, source=0x101 }
W/ViewRootImpl( 5002): Cancelling event due to no window focus: KeyEvent { action=ACTION_UP, keyCode=KEYCODE_DPAD_CENTER, scanCode=0, metaState=0, flags=0x28, repeatCount=0, eventTime=4416212, downTime=4416212, deviceId=-1, source=0x101 }
W/ViewRootImpl( 5002): Cancelling event due to no window focus: KeyEvent { action=ACTION_UP, keyCode=KEYCODE_DPAD_CENTER, scanCode=0, metaState=0, flags=0x28, repeatCount=0, eventTime=4416212, downTime=4416212, deviceId=-1, source=0x101 }
W/ViewRootImpl( 5002): Cancelling event due to no window focus: KeyEvent { action=ACTION_UP, keyCode=KEYCODE_DPAD_CENTER, scanCode=0, metaState=0, flags=0x28, repeatCount=0, eventTime=4416212, downTime=4416212, deviceId=-1, source=0x101 }
W/ViewRootImpl( 5002): Cancelling event due to no window focus: KeyEvent { action=ACTION_UP, keyCode=KEYCODE_DPAD_CENTER, scanCode=0, metaState=0, flags=0x28, repeatCount=0, eventTime=4416212, downTime=4416212, deviceId=-1, source=0x101 }
W/ViewRootImpl( 5002): Cancelling event due to no window focus: KeyEvent { action=ACTION_UP, keyCode=KEYCODE_DPAD_CENTER, scanCode=0, metaState=0, flags=0x28, repeatCount=0, eventTime=4416212, downTime=4416212, deviceId=-1, source=0x101 }
W/ViewRootImpl( 5002): Cancelling event due to no window focus: KeyEvent { action=ACTION_UP, keyCode=KEYCODE_DPAD_CENTER, scanCode=0, metaState=0, flags=0x28, repeatCount=0, eventTime=4416212, downTime=4416212, deviceId=-1, source=0x101 }
D/PhoneStatusBar(  861): disable: < expand ICONS* alerts SYSTEM_INFO* back home recent clock search >
W/EGL_emulation( 5002): eglSurfaceAttrib not implemented
W/OpenGLRenderer( 5002): Failed to set EGL_SWAP_BEHAVIOR on surface 0xe1500520, error=EGL_SUCCESS
W/ViewRootImpl( 5002): Dropping event due to no window focus: KeyEvent { action=ACTION_DOWN, keyCode=KEYCODE_DPAD_RIGHT, scanCode=0, metaState=0, flags=0x8, repeatCount=0, eventTime=4416250, downTime=4416250, deviceId=-1, source=0x101 }
W/ViewRootImpl( 5002): Cancelling event due to no window focus: KeyEvent { action=ACTION_UP, keyCode=KEYCODE_DPAD_RIGHT, scanCode=0, metaState=0, flags=0x28, repeatCount=0, eventTime=4416254, downTime=4416254, deviceId=-1, source=0x101 }
W/AudioTrack(  738): AUDIO_OUTPUT_FLAG_FAST denied by client
W/ViewRootImpl( 5002): Cancelling event due to no window focus: KeyEvent { action=ACTION_UP, keyCode=KEYCODE_DPAD_RIGHT, scanCode=0, metaState=0, flags=0x28, repeatCount=0, eventTime=4416254, downTime=4416254, deviceId=-1, source=0x101 }
W/ViewRootImpl( 5002): Cancelling event due to no window focus: KeyEvent { action=ACTION_UP, keyCode=KEYCODE_DPAD_RIGHT, scanCode=0, metaState=0, flags=0x28, repeatCount=0, eventTime=4416254, downTime=4416254, deviceId=-1, source=0x101 }
W/ViewRootImpl( 5002): Cancelling event due to no window focus: KeyEvent { action=ACTION_UP, keyCode=KEYCODE_DPAD_RIGHT, scanCode=0, metaState=0, flags=0x28, repeatCount=0, eventTime=4416254, downTime=4416254, deviceId=-1, source=0x101 }
W/ViewRootImpl( 5002): Cancelling event due to no window focus: KeyEvent { action=ACTION_UP, keyCode=KEYCODE_DPAD_RIGHT, scanCode=0, metaState=0, flags=0x28, repeatCount=0, eventTime=4416254, downTime=4416254, deviceId=-1, source=0x101 }
W/ViewRootImpl( 5002): Cancelling event due to no window focus: KeyEvent { action=ACTION_UP, keyCode=KEYCODE_DPAD_RIGHT, scanCode=0, metaState=0, flags=0x28, repeatCount=0, eventTime=4416254, downTime=4416254, deviceId=-1, source=0x101 }
W/ViewRootImpl( 5002): Cancelling event due to no window focus: KeyEvent { action=ACTION_UP, keyCode=KEYCODE_DPAD_RIGHT, scanCode=0, metaState=0, flags=0x28, repeatCount=0, eventTime=4416254, downTime=4416254, deviceId=-1, source=0x101 }
W/ViewRootImpl( 5002): Cancelling event due to no window focus: KeyEvent { action=ACTION_UP, keyCode=KEYCODE_DPAD_RIGHT, scanCode=0, metaState=0, flags=0x28, repeatCount=0, eventTime=4416254, downTime=4416254, deviceId=-1, source=0x101 }
W/ViewRootImpl( 5002): Cancelling event due to no window focus: KeyEvent { action=ACTION_UP, keyCode=KEYCODE_DPAD_RIGHT, scanCode=0, metaState=0, flags=0x28, repeatCount=0, eventTime=4416254, downTime=4416254, deviceId=-1, source=0x101 }
W/InputEventReceiver( 5002): Attempted to finish an input event but the input event receiver has already been disposed.
W/ViewRootImpl( 5002): Dropping event due to root view being removed: MotionEvent { action=ACTION_UP, id[0]=0, x[0]=365.3548, y[0]=485.435, toolType[0]=TOOL_TYPE_UNKNOWN, buttonState=0, metaState=0, flags=0x0, edgeFlags=0x0, pointerCount=1, historySize=0, eventTime=4416360, downTime=4416359, deviceId=0, source=0x1002 }
W/InputEventReceiver( 5002): Attempted to finish an input event but the input event receiver has already been disposed.
W/EGL_emulation(  861): eglSurfaceAttrib not implemented
W/OpenGLRenderer(  861): Failed to set EGL_SWAP_BEHAVIOR on surface 0xe201fc80, error=EGL_SUCCESS
W/AudioTrack(  738): AUDIO_OUTPUT_FLAG_FAST denied by client
W/ViewRootImpl(  861): Dropping event due to no window focus: KeyEvent { action=ACTION_DOWN, keyCode=KEYCODE_DPAD_RIGHT, scanCode=0, metaState=0, flags=0x8, repeatCount=0, eventTime=4416361, downTime=4416361, deviceId=-1, source=0x101 }
W/ViewRootImpl(  861): Cancelling event due to no window focus: KeyEvent { action=ACTION_UP, keyCode=KEYCODE_DPAD_RIGHT, scanCode=0, metaState=0, flags=0x28, repeatCount=0, eventTime=4416451, downTime=4416451, deviceId=-1, source=0x101 }
W/ViewRootImpl(  861): Cancelling event due to no window focus: KeyEvent { action=ACTION_UP, keyCode=KEYCODE_DPAD_RIGHT, scanCode=0, metaState=0, flags=0x28, repeatCount=0, eventTime=4416451, downTime=4416451, deviceId=-1, source=0x101 }
W/ViewRootImpl(  861): Cancelling event due to no window focus: KeyEvent { action=ACTION_UP, keyCode=KEYCODE_DPAD_RIGHT, scanCode=0, metaState=0, flags=0x28, repeatCount=0, eventTime=4416451, downTime=4416451, deviceId=-1, source=0x101 }
W/ViewRootImpl(  861): Cancelling event due to no window focus: KeyEvent { action=ACTION_UP, keyCode=KEYCODE_DPAD_RIGHT, scanCode=0, metaState=0, flags=0x28, repeatCount=0, eventTime=4416451, downTime=4416451, deviceId=-1, source=0x101 }
W/ViewRootImpl(  861): Cancelling event due to no window focus: KeyEvent { action=ACTION_UP, keyCode=KEYCODE_DPAD_RIGHT, scanCode=0, metaState=0, flags=0x28, repeatCount=0, eventTime=4416451, downTime=4416451, deviceId=-1, source=0x101 }
W/ViewRootImpl(  861): Cancelling event due to no window focus: KeyEvent { action=ACTION_UP, keyCode=KEYCODE_DPAD_RIGHT, scanCode=0, metaState=0, flags=0x28, repeatCount=0, eventTime=4416451, downTime=4416451, deviceId=-1, source=0x101 }
W/ViewRootImpl(  861): Cancelling event due to no window focus: KeyEvent { action=ACTION_UP, keyCode=KEYCODE_DPAD_RIGHT, scanCode=0, metaState=0, flags=0x28, repeatCount=0, eventTime=4416451, downTime=4416451, deviceId=-1, source=0x101 }
W/ViewRootImpl(  861): Cancelling event due to no window focus: KeyEvent { action=ACTION_UP, keyCode=KEYCODE_DPAD_RIGHT, scanCode=0, metaState=0, flags=0x28, repeatCount=0, eventTime=4416451, downTime=4416451, deviceId=-1, source=0x101 }
W/ViewRootImpl(  861): Cancelling event due to no window focus: KeyEvent { action=ACTION_UP, keyCode=KEYCODE_DPAD_RIGHT, scanCode=0, metaState=0, flags=0x28, repeatCount=0, eventTime=4416451, downTime=4416451, deviceId=-1, source=0x101 }
D/PhoneStatusBar(  861): disable: < expand icons* alerts system_info* back home recent clock search >
W/EGL_emulation(  861): eglSurfaceAttrib not implemented
W/OpenGLRenderer(  861): Failed to set EGL_SWAP_BEHAVIOR on surface 0xe201fc80, error=EGL_SUCCESS
W/ViewRootImpl( 5002): Dropping event due to no window focus: KeyEvent { action=ACTION_DOWN, keyCode=KEYCODE_DPAD_RIGHT, scanCode=0, metaState=0, flags=0x8, repeatCount=0, eventTime=4416509, downTime=4416509, deviceId=-1, source=0x101 }
W/ViewRootImpl( 5002): Cancelling event due to no window focus: KeyEvent { action=ACTION_UP, keyCode=KEYCODE_DPAD_RIGHT, scanCode=0, metaState=0, flags=0x28, repeatCount=0, eventTime=4416519, downTime=4416519, deviceId=-1, source=0x101 }
W/ViewRootImpl( 5002): Cancelling event due to no window focus: KeyEvent { action=ACTION_UP, keyCode=KEYCODE_DPAD_RIGHT, scanCode=0, metaState=0, flags=0x28, repeatCount=0, eventTime=4416519, downTime=4416519, deviceId=-1, source=0x101 }
W/ViewRootImpl( 5002): Cancelling event due to no window focus: KeyEvent { action=ACTION_UP, keyCode=KEYCODE_DPAD_RIGHT, scanCode=0, metaState=0, flags=0x28, repeatCount=0, eventTime=4416519, downTime=4416519, deviceId=-1, source=0x101 }
I/AppiumUnicodeIME(  916): onKeyUp (keyCode='22', event.keyCode='22', metaState='0')
W/InputMethodManagerService(  738): Window already focused, ignoring focus gain of: com.android.internal.view.IInputMethodClient$Stub$Proxy@257e5d5e attribute=null, token = android.os.BinderProxy@ed349d4
I/AppiumUnicodeIME(  916): onKeyDown (keyCode='20', event.keyCode='20', metaState='0')
I/AppiumUnicodeIME(  916): onKeyUp (keyCode='20', event.keyCode='20', metaState='0')
I/awcn.SerializeHelper( 1586):  persist end. file:/storage/emulated/0/Android/data/com.zzl.falcon.internal/files/awcn_strategy/ef133debedbd6d843d539e5eb14cfdfd cost:10
I/awcn.SerializeHelper( 1586):  persist end. file:/storage/emulated/0/Android/data/com.zzl.falcon.internal/files/awcn_strategy/0c61135c2fdcd71f15ad7297245abe44 cost:5
I/awcn.SerializeHelper( 1586):  persist end. file:/storage/emulated/0/Android/data/com.zzl.falcon.internal/files/awcn_strategy/49c6a36aaea8ee1549c1cd3e07070c79 cost:2
I/AppiumUnicodeIME(  916): onKeyDown (keyCode='22', event.keyCode='22', metaState='0')
D/LeakCanary( 5002): Could not delete heap dump file /storage/emulated/0/Download/leakcanary-com.zzl.falcon.internal/2017-12-06_21-52-47_277.hprof
W/AudioTrack(  738): AUDIO_OUTPUT_FLAG_FAST denied by client
I/AppiumUnicodeIME(  916): onKeyUp (keyCode='22', event.keyCode='22', metaState='0')
I/AppiumUnicodeIME(  916): onKeyDown (keyCode='23', event.keyCode='23', metaState='0')
I/AppiumUnicodeIME(  916): onKeyUp (keyCode='23', event.keyCode='23', metaState='0')
I/AppiumUnicodeIME(  916): onKeyDown (keyCode='20', event.keyCode='20', metaState='0')
I/AppiumUnicodeIME(  916): onKeyUp (keyCode='20', event.keyCode='20', metaState='0')
I/AppiumUnicodeIME(  916): onKeyDown (keyCode='20', event.keyCode='20', metaState='0')
I/AppiumUnicodeIME(  916): onKeyUp (keyCode='20', event.keyCode='20', metaState='0')
I/AppiumUnicodeIME(  916): onKeyDown (keyCode='20', event.keyCode='20', metaState='0')
I/AppiumUnicodeIME(  916): onKeyUp (keyCode='20', event.keyCode='20', metaState='0')
I/AppiumUnicodeIME(  916): onKeyDown (keyCode='20', event.keyCode='20', metaState='0')
I/AppiumUnicodeIME(  916): onKeyUp (keyCode='20', event.keyCode='20', metaState='0')
I/AppiumUnicodeIME(  916): onKeyDown (keyCode='23', event.keyCode='23', metaState='0')
W/AudioTrack(  738): AUDIO_OUTPUT_FLAG_FAST denied by client
W/AudioTrack(  738): AUDIO_OUTPUT_FLAG_FAST denied by client
I/AppiumUnicodeIME(  916): onKeyUp (keyCode='23', event.keyCode='23', metaState='0')
W/AudioTrack(  738): AUDIO_OUTPUT_FLAG_FAST denied by client
W/AudioTrack(  738): AUDIO_OUTPUT_FLAG_FAST denied by client
W/AudioTrack(  738): AUDIO_OUTPUT_FLAG_FAST denied by client
I/AppiumUnicodeIME(  916): onKeyDown (keyCode='155', event.keyCode='155', metaState='0')
I/AppiumUnicodeIME(  916): onKeyUp (keyCode='155', event.keyCode='155', metaState='0')
I/AppiumUnicodeIME(  916): onKeyDown (keyCode='22', event.keyCode='22', metaState='0')
I/AppiumUnicodeIME(  916): onKeyUp (keyCode='22', event.keyCode='22', metaState='0')
I/AppiumUnicodeIME(  916): onKeyDown (keyCode='21', event.keyCode='21', metaState='0')
I/AppiumUnicodeIME(  916): onKeyUp (keyCode='21', event.keyCode='21', metaState='0')
I/art     ( 5382): System.exit called, status: 0
I/AndroidRuntime( 5382): VM exiting with result code 0.
I/art     ( 1586): Explicit concurrent mark sweep GC freed 1216(54KB) AllocSpace objects, 0(0B) LOS objects, 25% free, 10MB/13MB, paused 137us total 13.249ms
I/art     ( 1586): Explicit concurrent mark sweep GC freed 3(96B) AllocSpace objects, 0(0B) LOS objects, 25% free, 10MB/13MB, paused 177us total 12.569ms
I/art     ( 1586): Explicit concurrent mark sweep GC freed 3(96B) AllocSpace objects, 0(0B) LOS objects, 25% free, 10MB/13MB, paused 130us total 12.464ms
I/art     ( 1586): Explicit concurrent mark sweep GC freed 3(96B) AllocSpace objects, 0(0B) LOS objects, 25% free, 10MB/13MB, paused 185us total 11.316ms
I/art     ( 1586): Explicit concurrent mark sweep GC freed 3(96B) AllocSpace objects, 0(0B) LOS objects, 25% free, 10MB/13MB, paused 149us total 13.015ms
I/ActivityManager(  738): Waited long enough for: ServiceRecord{3aa5feb0 u0 com.android.music/.MediaPlaybackService}
I/tnet-jni( 1372): 99 - [spdyPingRecvCallback] - 
I/tnet-jni( 1372): 99 - [SpdySessionCallBack.spdyPingRecvCallback] - org.android.spdy.SpdySession@5dd27f9
D/accs.SpdyConnection( 1372):  spdyPingRecvCallback uniId:42
D/accs.MessageHandler( 1372):  onRcvPing
D/accs.HeartbeatManager( 1372):  onHeartbeatSucc
D/accs.OrangeAdapter( 1372):  isSmartHb result:true
D/accs.HeartbeatManager( 1372):  set 270
I/tnet-jni( 1462): 104 - [spdyPingRecvCallback] - 
I/tnet-jni( 1462): 104 - [SpdySessionCallBack.spdyPingRecvCallback] - org.android.spdy.SpdySession@78abfce
D/accs.SilenceConn_umeng:56aadbf567e58e38d4000976( 1462):  spdyPingRecvCallback uniId:42
D/accs.MsgRecv_umeng:56aadbf567e58e38d4000976( 1462):  onRcvPing
D/accs.HeartbeatManager( 1462):  onHeartbeatSucc
D/accs.OrangeAdapter( 1462):  isSmartHb result:true
D/accs.HeartbeatManager( 1462):  set 270
E/awcn.DefaultHeartbeatImpl( 1586): |[seq:umeng:56aadbf567e58e38d4000976.AWCN8_1] close session in background session:Session@[umeng:56aadbf567e58e38d4000976.AWCN8_1|http2_0rtt_acs]
E/awcn.TnetSpdySession( 1586): |[seq:umeng:56aadbf567e58e38d4000976.AWCN8_1] force close! session:Session@[umeng:56aadbf567e58e38d4000976.AWCN8_1|http2_0rtt_acs]
E/awcn.Session( 1586): |[seq:umeng:56aadbf567e58e38d4000976.AWCN8_1] notifyStatus status:DISCONNECTING
I/awcn.DefaultHeartbeatImpl( 1586): |[seq:umeng:56aadbf567e58e38d4000976.AWCN8_1] heartbeat stop session:Session@[umeng:56aadbf567e58e38d4000976.AWCN8_1|http2_0rtt_acs]
E/awcn.TnetSpdySession( 1586): |[seq:umeng:56aadbf567e58e38d4000976.AWCN8_1] spdySessionCloseCallback  errorCode::-2002
E/awcn.Session( 1586): |[seq:umeng:56aadbf567e58e38d4000976.AWCN8_1] notifyStatus status:DISCONNECTED
D/awcn.SessionRequest( 1586): |[seq:umeng:56aadbf567e58e38d4000976.AWCN8_1] Session:Session@[umeng:56aadbf567e58e38d4000976.AWCN8_1|http2_0rtt_acs] EventType:DISCONNECTED Event:anet.channel.entity.c@3cd5830f
I/accs.MsgDistributeService( 1586):  onStartCommand action:com.taobao.accs.intent.action.RECEIVE
D/accs.MsgDistribute( 1586):  action:com.taobao.accs.intent.action.RECEIVE
I/accs.MsgDistribute( 1586):  distribute command::103  serviceId::  dataId:: appkey: config:
D/awcn.SessionRequest( 1586): |[seq:umeng:56aadbf567e58e38d4000976.AWCN8_1] Connect Disconnect session:Session@[umeng:56aadbf567e58e38d4000976.AWCN8_1|http2_0rtt_acs] host:https://umengacs.m.taobao.com appIsBg:true isHandleFinish:false
V/MusicFXControlPanelReceiver( 2007): onReceive
V/MusicFXControlPanelReceiver( 2007): Action: android.media.action.CLOSE_AUDIO_EFFECT_CONTROL_SESSION
V/MusicFXControlPanelReceiver( 2007): Package name: com.android.music
V/MusicFXControlPanelReceiver( 2007): Audio session: 473
V/MusicFXControlPanelEffect( 2007): closeSession(android.app.ReceiverRestrictedContext@1a01557d, com.android.music, 473)
I/MediaFocusControl(  738):  AudioFocus  abandonAudioFocus() from android.media.AudioManager@25444921com.android.music.MediaPlaybackService$3@1ce16146
D/Genyd   (  118): Received Set Clipboard
D/Genymotion(  118): Received Set Clipboard
D/Genyd   (  118): Received Set Clipboard
D/Genymotion(  118): Received Set Clipboard
D/Genyd   (  118): Received Set Clipboard
D/Genymotion(  118): Received Set Clipboard
I/tnet-jni( 1372): 99 - [spdyPingRecvCallback] - 
I/tnet-jni( 1372): 99 - [SpdySessionCallBack.spdyPingRecvCallback] - org.android.spdy.SpdySession@5dd27f9
D/accs.SpdyConnection( 1372):  spdyPingRecvCallback uniId:44
D/accs.MessageHandler( 1372):  onRcvPing
D/accs.HeartbeatManager( 1372):  onHeartbeatSucc
D/accs.OrangeAdapter( 1372):  isSmartHb result:true
D/accs.HeartbeatManager( 1372):  set 270
D/accs.UtilityImpl( 1372):  setServiceTime:1512798890088
I/tnet-jni( 1462): 104 - [spdyPingRecvCallback] - 
I/tnet-jni( 1462): 104 - [SpdySessionCallBack.spdyPingRecvCallback] - org.android.spdy.SpdySession@78abfce
D/accs.SilenceConn_umeng:56aadbf567e58e38d4000976( 1462):  spdyPingRecvCallback uniId:44
D/accs.MsgRecv_umeng:56aadbf567e58e38d4000976( 1462):  onRcvPing
D/accs.HeartbeatManager( 1462):  onHeartbeatSucc
D/accs.OrangeAdapter( 1462):  isSmartHb result:true
D/accs.HeartbeatManager( 1462):  set 270
D/accs.UtilityImpl( 1462):  setServiceTime:1512798900613
I/UsageStatsService(  738): User[0] Flushing usage stats to disk
D/Genyd   (  118): Received Set Clipboard
D/Genymotion(  118): Received Set Clipboard
D/Genyd   (  118): Received Set Clipboard
D/Genymotion(  118): Received Set Clipboard
D/AndroidRuntime( 5476): >>>>>> START com.android.internal.os.RuntimeInit uid 0 <<<<<<
D/AndroidRuntime( 5476): CheckJNI is OFF
E/memtrack( 5476): Couldn't load memtrack module (No such file or directory)
E/android.os.Debug( 5476): failed to load memtrack module: -2
D/AndroidRuntime( 5476): Calling main entry com.android.commands.wm.Wm
D/AndroidRuntime( 5476): Shutting down VM
D/AndroidRuntime( 5501): >>>>>> START com.android.internal.os.RuntimeInit uid 0 <<<<<<
D/AndroidRuntime( 5501): CheckJNI is OFF
E/memtrack( 5501): Couldn't load memtrack module (No such file or directory)
E/android.os.Debug( 5501): failed to load memtrack module: -2
D/AndroidRuntime( 5501): Calling main entry com.android.commands.monkey.Monkey
W/BroadcastQueue(  738): Skipping deliver [background] BroadcastRecord{927465b u-1 android.net.conn.CONNECTIVITY_CHANGE} to ReceiverList{228adef8 5501 (unknown name)/0/u-1 remote:cd33355}: process crashing
I/ActivityManager(  738): START u0 {act=android.intent.action.MAIN cat=[android.intent.category.LAUNCHER] flg=0x10200000 cmp=com.zzl.falcon.internal/com.squareup.leakcanary.internal.DisplayLeakActivity} from uid 0 on display 0
I/AppiumUnicodeIME(  916): onKeyDown (keyCode='19', event.keyCode='19', metaState='0')
I/AppiumUnicodeIME(  916): onKeyUp (keyCode='19', event.keyCode='19', metaState='0')
I/AppiumUnicodeIME(  916): onKeyDown (keyCode='19', event.keyCode='19', metaState='0')
I/AppiumUnicodeIME(  916): onKeyUp (keyCode='19', event.keyCode='19', metaState='0')
I/AppiumUnicodeIME(  916): onKeyDown (keyCode='20', event.keyCode='20', metaState='0')
I/AppiumUnicodeIME(  916): onKeyUp (keyCode='20', event.keyCode='20', metaState='0')
W/AudioTrack(  738): AUDIO_OUTPUT_FLAG_FAST denied by client
I/AppiumUnicodeIME(  916): onKeyDown (keyCode='126', event.keyCode='126', metaState='0')
I/AppiumUnicodeIME(  916): onKeyUp (keyCode='126', event.keyCode='126', metaState='0')
I/MediaFocusControl(  738):  AudioFocus  requestAudioFocus() from android.media.AudioManager@1c074a3com.android.music.MediaPlaybackService$3@3b8d83a0 req=1flags=0x0
I/AppiumUnicodeIME(  916): onKeyDown (keyCode='20', event.keyCode='20', metaState='0')
I/AppiumUnicodeIME(  916): onKeyUp (keyCode='20', event.keyCode='20', metaState='0')
W/AudioTrack(  738): AUDIO_OUTPUT_FLAG_FAST denied by client
W/AudioTrack(  738): AUDIO_OUTPUT_FLAG_FAST denied by client
I/AppiumUnicodeIME(  916): onKeyDown (keyCode='23', event.keyCode='23', metaState='0')
I/AppiumUnicodeIME(  916): onKeyUp (keyCode='23', event.keyCode='23', metaState='0')
I/AppiumUnicodeIME(  916): onKeyDown (keyCode='131', event.keyCode='131', metaState='0')
W/AudioTrack(  738): AUDIO_OUTPUT_FLAG_FAST denied by client
I/AppiumUnicodeIME(  916): onKeyUp (keyCode='131', event.keyCode='131', metaState='0')
I/AppiumUnicodeIME(  916): onKeyDown (keyCode='21', event.keyCode='21', metaState='0')
I/AppiumUnicodeIME(  916): onKeyUp (keyCode='21', event.keyCode='21', metaState='0')
I/AppiumUnicodeIME(  916): onKeyDown (keyCode='21', event.keyCode='21', metaState='0')
I/AppiumUnicodeIME(  916): onKeyUp (keyCode='21', event.keyCode='21', metaState='0')
I/AppiumUnicodeIME(  916): onKeyDown (keyCode='21', event.keyCode='21', metaState='0')
I/AppiumUnicodeIME(  916): onKeyUp (keyCode='21', event.keyCode='21', metaState='0')
I/AppiumUnicodeIME(  916): onKeyDown (keyCode='21', event.keyCode='21', metaState='0')
I/AppiumUnicodeIME(  916): onKeyUp (keyCode='21', event.keyCode='21', metaState='0')
I/AppiumUnicodeIME(  916): onKeyDown (keyCode='19', event.keyCode='19', metaState='0')
I/AppiumUnicodeIME(  916): onKeyUp (keyCode='19', event.keyCode='19', metaState='0')
I/AppiumUnicodeIME(  916): onKeyDown (keyCode='19', event.keyCode='19', metaState='0')
I/AppiumUnicodeIME(  916): onKeyUp (keyCode='19', event.keyCode='19', metaState='0')
I/AppiumUnicodeIME(  916): onKeyDown (keyCode='19', event.keyCode='19', metaState='0')
W/AudioTrack(  738): AUDIO_OUTPUT_FLAG_FAST denied by client
W/AudioTrack(  738): AUDIO_OUTPUT_FLAG_FAST denied by client
I/AppiumUnicodeIME(  916): onKeyUp (keyCode='19', event.keyCode='19', metaState='0')
I/AppiumUnicodeIME(  916): onKeyDown (keyCode='23', event.keyCode='23', metaState='0')
I/AppiumUnicodeIME(  916): onKeyUp (keyCode='23', event.keyCode='23', metaState='0')
W/AudioTrack(  738): AUDIO_OUTPUT_FLAG_FAST denied by client
I/AppiumUnicodeIME(  916): onKeyDown (keyCode='82', event.keyCode='82', metaState='0')
I/AppiumUnicodeIME(  916): onKeyUp (keyCode='82', event.keyCode='82', metaState='0')
W/AudioTrack(  738): AUDIO_OUTPUT_FLAG_FAST denied by client
D/PhoneStatusBar(  861): disable: < expand ICONS* alerts SYSTEM_INFO* back home recent clock search >
V/WindowManager(  738): Adding window Window{19a88809 u0 PopupWindow:3a4d3ce2} at 4 of 10 (after Window{1e6d377d u0 com.zzl.falcon.internal/com.squareup.leakcanary.internal.DisplayLeakActivity})
W/ViewRootImpl( 5002): Dropping event due to no window focus: MotionEvent { action=ACTION_MOVE, id[0]=0, x[0]=2.0, y[0]=2.0, toolType[0]=TOOL_TYPE_UNKNOWN, buttonState=0, metaState=0, flags=0x0, edgeFlags=0x0, pointerCount=1, historySize=7, eventTime=4712481, downTime=-1, deviceId=0, source=0x10004 }
W/EGL_emulation(  861): eglSurfaceAttrib not implemented
W/OpenGLRenderer(  861): Failed to set EGL_SWAP_BEHAVIOR on surface 0xe201fc80, error=EGL_SUCCESS
W/ViewRootImpl(  861): Dropping event due to no window focus: MotionEvent { action=ACTION_MOVE, id[0]=0, x[0]=-3.0, y[0]=2.0, toolType[0]=TOOL_TYPE_UNKNOWN, buttonState=0, metaState=0, flags=0x0, edgeFlags=0x0, pointerCount=1, historySize=1, eventTime=4712507, downTime=-1, deviceId=0, source=0x10004 }
W/ViewRootImpl(  861): Dropping event due to no window focus: KeyEvent { action=ACTION_DOWN, keyCode=KEYCODE_DPAD_CENTER, scanCode=0, metaState=0, flags=0x8, repeatCount=0, eventTime=4712511, downTime=4712511, deviceId=-1, source=0x101 }
W/ViewRootImpl(  861): Cancelling event due to no window focus: KeyEvent { action=ACTION_UP, keyCode=KEYCODE_DPAD_CENTER, scanCode=0, metaState=0, flags=0x28, repeatCount=0, eventTime=4712669, downTime=4712669, deviceId=-1, source=0x101 }
W/ViewRootImpl(  861): Cancelling event due to no window focus: KeyEvent { action=ACTION_UP, keyCode=KEYCODE_DPAD_CENTER, scanCode=0, metaState=0, flags=0x28, repeatCount=0, eventTime=4712669, downTime=4712669, deviceId=-1, source=0x101 }
W/ViewRootImpl(  861): Cancelling event due to no window focus: KeyEvent { action=ACTION_UP, keyCode=KEYCODE_DPAD_CENTER, scanCode=0, metaState=0, flags=0x28, repeatCount=0, eventTime=4712669, downTime=4712669, deviceId=-1, source=0x101 }
W/ViewRootImpl(  861): Cancelling event due to no window focus: KeyEvent { action=ACTION_UP, keyCode=KEYCODE_DPAD_CENTER, scanCode=0, metaState=0, flags=0x28, repeatCount=0, eventTime=4712669, downTime=4712669, deviceId=-1, source=0x101 }
W/ViewRootImpl(  861): Cancelling event due to no window focus: KeyEvent { action=ACTION_UP, keyCode=KEYCODE_DPAD_CENTER, scanCode=0, metaState=0, flags=0x28, repeatCount=0, eventTime=4712669, downTime=4712669, deviceId=-1, source=0x101 }
W/ViewRootImpl(  861): Cancelling event due to no window focus: KeyEvent { action=ACTION_UP, keyCode=KEYCODE_DPAD_CENTER, scanCode=0, metaState=0, flags=0x28, repeatCount=0, eventTime=4712669, downTime=4712669, deviceId=-1, source=0x101 }
W/ViewRootImpl(  861): Cancelling event due to no window focus: KeyEvent { action=ACTION_UP, keyCode=KEYCODE_DPAD_CENTER, scanCode=0, metaState=0, flags=0x28, repeatCount=0, eventTime=4712669, downTime=4712669, deviceId=-1, source=0x101 }
W/ViewRootImpl(  861): Cancelling event due to no window focus: KeyEvent { action=ACTION_UP, keyCode=KEYCODE_DPAD_CENTER, scanCode=0, metaState=0, flags=0x28, repeatCount=0, eventTime=4712669, downTime=4712669, deviceId=-1, source=0x101 }
W/ViewRootImpl(  861): Cancelling event due to no window focus: KeyEvent { action=ACTION_UP, keyCode=KEYCODE_DPAD_CENTER, scanCode=0, metaState=0, flags=0x28, repeatCount=0, eventTime=4712669, downTime=4712669, deviceId=-1, source=0x101 }
D/PhoneStatusBar(  861): disable: < expand icons* alerts system_info* back home recent clock search >
W/EGL_emulation( 5002): eglSurfaceAttrib not implemented
W/OpenGLRenderer( 5002): Failed to set EGL_SWAP_BEHAVIOR on surface 0xe15009e0, error=EGL_SUCCESS
W/ViewRootImpl( 5002): Dropping event due to no window focus: KeyEvent { action=ACTION_DOWN, keyCode=KEYCODE_DPAD_LEFT, scanCode=0, metaState=0, flags=0x8, repeatCount=0, eventTime=4712708, downTime=4712708, deviceId=-1, source=0x101 }
W/ViewRootImpl( 5002): Cancelling event due to no window focus: KeyEvent { action=ACTION_UP, keyCode=KEYCODE_DPAD_LEFT, scanCode=0, metaState=0, flags=0x28, repeatCount=0, eventTime=4712840, downTime=4712840, deviceId=-1, source=0x101 }
W/ViewRootImpl( 5002): Cancelling event due to no window focus: KeyEvent { action=ACTION_UP, keyCode=KEYCODE_DPAD_LEFT, scanCode=0, metaState=0, flags=0x28, repeatCount=0, eventTime=4712840, downTime=4712840, deviceId=-1, source=0x101 }
W/ViewRootImpl( 5002): Cancelling event due to no window focus: KeyEvent { action=ACTION_UP, keyCode=KEYCODE_DPAD_LEFT, scanCode=0, metaState=0, flags=0x28, repeatCount=0, eventTime=4712840, downTime=4712840, deviceId=-1, source=0x101 }
W/ViewRootImpl( 5002): Cancelling event due to no window focus: KeyEvent { action=ACTION_UP, keyCode=KEYCODE_DPAD_LEFT, scanCode=0, metaState=0, flags=0x28, repeatCount=0, eventTime=4712840, downTime=4712840, deviceId=-1, source=0x101 }
W/ViewRootImpl( 5002): Cancelling event due to no window focus: KeyEvent { action=ACTION_UP, keyCode=KEYCODE_DPAD_LEFT, scanCode=0, metaState=0, flags=0x28, repeatCount=0, eventTime=4712840, downTime=4712840, deviceId=-1, source=0x101 }
W/ViewRootImpl( 5002): Cancelling event due to no window focus: KeyEvent { action=ACTION_UP, keyCode=KEYCODE_DPAD_LEFT, scanCode=0, metaState=0, flags=0x28, repeatCount=0, eventTime=4712840, downTime=4712840, deviceId=-1, source=0x101 }
W/ViewRootImpl( 5002): Cancelling event due to no window focus: KeyEvent { action=ACTION_UP, keyCode=KEYCODE_DPAD_LEFT, scanCode=0, metaState=0, flags=0x28, repeatCount=0, eventTime=4712840, downTime=4712840, deviceId=-1, source=0x101 }
W/ViewRootImpl( 5002): Cancelling event due to no window focus: KeyEvent { action=ACTION_UP, keyCode=KEYCODE_DPAD_LEFT, scanCode=0, metaState=0, flags=0x28, repeatCount=0, eventTime=4712840, downTime=4712840, deviceId=-1, source=0x101 }
W/ViewRootImpl( 5002): Cancelling event due to no window focus: KeyEvent { action=ACTION_UP, keyCode=KEYCODE_DPAD_LEFT, scanCode=0, metaState=0, flags=0x28, repeatCount=0, eventTime=4712840, downTime=4712840, deviceId=-1, source=0x101 }
W/ViewRootImpl( 5002): Dropping event due to no window focus: KeyEvent { action=ACTION_DOWN, keyCode=KEYCODE_DPAD_CENTER, scanCode=0, metaState=0, flags=0x8, repeatCount=0, eventTime=4712861, downTime=4712861, deviceId=-1, source=0x101 }
W/ViewRootImpl( 5002): Cancelling event due to no window focus: KeyEvent { action=ACTION_UP, keyCode=KEYCODE_DPAD_CENTER, scanCode=0, metaState=0, flags=0x28, repeatCount=0, eventTime=4712862, downTime=4712862, deviceId=-1, source=0x101 }
W/ViewRootImpl( 5002): Cancelling event due to no window focus: KeyEvent { action=ACTION_UP, keyCode=KEYCODE_DPAD_CENTER, scanCode=0, metaState=0, flags=0x28, repeatCount=0, eventTime=4712862, downTime=4712862, deviceId=-1, source=0x101 }
W/ViewRootImpl( 5002): Cancelling event due to no window focus: KeyEvent { action=ACTION_UP, keyCode=KEYCODE_DPAD_CENTER, scanCode=0, metaState=0, flags=0x28, repeatCount=0, eventTime=4712862, downTime=4712862, deviceId=-1, source=0x101 }
