W/ViewRootImpl( 1586): Cancelling event due to no window focus: KeyEvent { action=ACTION_UP, keyCode=KEYCODE_DPAD_CENTER, scanCode=0, metaState=0, flags=0x28, repeatCount=0, eventTime=4715084, downTime=4715084, deviceId=-1, source=0x101 }
W/ViewRootImpl( 1586): Cancelling event due to no window focus: KeyEvent { action=ACTION_UP, keyCode=KEYCODE_DPAD_CENTER, scanCode=0, metaState=0, flags=0x28, repeatCount=0, eventTime=4715084, downTime=4715084, deviceId=-1, source=0x101 }
W/ViewRootImpl( 1586): Cancelling event due to no window focus: KeyEvent { action=ACTION_UP, keyCode=KEYCODE_DPAD_CENTER, scanCode=0, metaState=0, flags=0x28, repeatCount=0, eventTime=4715084, downTime=4715084, deviceId=-1, source=0x101 }
W/ViewRootImpl( 1586): Cancelling event due to no window focus: KeyEvent { action=ACTION_UP, keyCode=KEYCODE_DPAD_CENTER, scanCode=0, metaState=0, flags=0x28, repeatCount=0, eventTime=4715084, downTime=4715084, deviceId=-1, source=0x101 }
W/ViewRootImpl( 1586): Cancelling event due to no window focus: KeyEvent { action=ACTION_UP, keyCode=KEYCODE_DPAD_CENTER, scanCode=0, metaState=0, flags=0x28, repeatCount=0, eventTime=4715084, downTime=4715084, deviceId=-1, source=0x101 }
W/ViewRootImpl( 1586): Cancelling event due to no window focus: KeyEvent { action=ACTION_UP, keyCode=KEYCODE_DPAD_CENTER, scanCode=0, metaState=0, flags=0x28, repeatCount=0, eventTime=4715084, downTime=4715084, deviceId=-1, source=0x101 }
W/ViewRootImpl( 1586): Cancelling event due to no window focus: KeyEvent { action=ACTION_UP, keyCode=KEYCODE_DPAD_CENTER, scanCode=0, metaState=0, flags=0x28, repeatCount=0, eventTime=4715084, downTime=4715084, deviceId=-1, source=0x101 }
W/ViewRootImpl( 1586): Cancelling event due to no window focus: KeyEvent { action=ACTION_UP, keyCode=KEYCODE_DPAD_CENTER, scanCode=0, metaState=0, flags=0x28, repeatCount=0, eventTime=4715084, downTime=4715084, deviceId=-1, source=0x101 }
W/ViewRootImpl( 1586): Cancelling event due to no window focus: KeyEvent { action=ACTION_UP, keyCode=KEYCODE_DPAD_CENTER, scanCode=0, metaState=0, flags=0x28, repeatCount=0, eventTime=4715084, downTime=4715084, deviceId=-1, source=0x101 }
W/ViewRootImpl( 1586): Dropping event due to no window focus: KeyEvent { action=ACTION_DOWN, keyCode=KEYCODE_DPAD_DOWN, scanCode=0, metaState=0, flags=0x8, repeatCount=0, eventTime=4715094, downTime=4715094, deviceId=-1, source=0x101 }
W/ViewRootImpl( 1586): Cancelling event due to no window focus: KeyEvent { action=ACTION_UP, keyCode=KEYCODE_DPAD_DOWN, scanCode=0, metaState=0, flags=0x28, repeatCount=0, eventTime=4715095, downTime=4715095, deviceId=-1, source=0x101 }
W/ViewRootImpl( 1586): Cancelling event due to no window focus: KeyEvent { action=ACTION_UP, keyCode=KEYCODE_DPAD_DOWN, scanCode=0, metaState=0, flags=0x28, repeatCount=0, eventTime=4715095, downTime=4715095, deviceId=-1, source=0x101 }
W/ViewRootImpl( 1586): Cancelling event due to no window focus: KeyEvent { action=ACTION_UP, keyCode=KEYCODE_DPAD_DOWN, scanCode=0, metaState=0, flags=0x28, repeatCount=0, eventTime=4715095, downTime=4715095, deviceId=-1, source=0x101 }
W/ViewRootImpl( 1586): Cancelling event due to no window focus: KeyEvent { action=ACTION_UP, keyCode=KEYCODE_DPAD_DOWN, scanCode=0, metaState=0, flags=0x28, repeatCount=0, eventTime=4715095, downTime=4715095, deviceId=-1, source=0x101 }
W/ViewRootImpl( 1586): Cancelling event due to no window focus: KeyEvent { action=ACTION_UP, keyCode=KEYCODE_DPAD_DOWN, scanCode=0, metaState=0, flags=0x28, repeatCount=0, eventTime=4715095, downTime=4715095, deviceId=-1, source=0x101 }
W/ViewRootImpl( 1586): Cancelling event due to no window focus: KeyEvent { action=ACTION_UP, keyCode=KEYCODE_DPAD_DOWN, scanCode=0, metaState=0, flags=0x28, repeatCount=0, eventTime=4715095, downTime=4715095, deviceId=-1, source=0x101 }
W/ViewRootImpl( 1586): Cancelling event due to no window focus: KeyEvent { action=ACTION_UP, keyCode=KEYCODE_DPAD_DOWN, scanCode=0, metaState=0, flags=0x28, repeatCount=0, eventTime=4715095, downTime=4715095, deviceId=-1, source=0x101 }
W/ViewRootImpl( 1586): Cancelling event due to no window focus: KeyEvent { action=ACTION_UP, keyCode=KEYCODE_DPAD_DOWN, scanCode=0, metaState=0, flags=0x28, repeatCount=0, eventTime=4715095, downTime=4715095, deviceId=-1, source=0x101 }
W/ViewRootImpl( 1586): Cancelling event due to no window focus: KeyEvent { action=ACTION_UP, keyCode=KEYCODE_DPAD_DOWN, scanCode=0, metaState=0, flags=0x28, repeatCount=0, eventTime=4715095, downTime=4715095, deviceId=-1, source=0x101 }
I/ActivityManager(  738): START u0 {act=android.intent.action.MAIN cat=[android.intent.category.LAUNCHER] flg=0x10200000 cmp=com.zzl.falcon.internal/com.squareup.leakcanary.internal.DisplayLeakActivity} from uid 0 on display 0
W/InputManager(  738): Input event injection from pid 5501 failed.
W/InputManager(  738): Input event injection from pid 5501 failed.
W/InputManager(  738): Input event injection from pid 5501 failed.
W/InputManager(  738): Input event injection from pid 5501 failed.
W/InputManager(  738): Input event injection from pid 5501 failed.
W/InputManager(  738): Input event injection from pid 5501 failed.
W/InputManager(  738): Input event injection from pid 5501 failed.
W/InputManager(  738): Input event injection from pid 5501 failed.
W/InputManager(  738): Input event injection from pid 5501 failed.
W/InputManager(  738): Input event injection from pid 5501 failed.
W/InputManager(  738): Input event injection from pid 5501 failed.
W/InputManager(  738): Input event injection from pid 5501 failed.
W/InputManager(  738): Input event injection from pid 5501 failed.
W/ViewRootImpl( 5002): Dropping event due to no window focus: KeyEvent { action=ACTION_DOWN, keyCode=KEYCODE_NUMPAD_DIVIDE, scanCode=0, metaState=0, flags=0x8, repeatCount=0, eventTime=4715646, downTime=4715646, deviceId=-1, source=0x101 }
V/WindowManager(  738): Adding window Window{f7dff5d u0 PopupWindow:28574542} at 5 of 11 (after Window{1e6d377d u0 com.zzl.falcon.internal/com.squareup.leakcanary.internal.DisplayLeakActivity})
W/ViewRootImpl( 5002): Dropping event due to no window focus: KeyEvent { action=ACTION_DOWN, keyCode=KEYCODE_DPAD_LEFT, scanCode=0, metaState=0, flags=0x8, repeatCount=0, eventTime=4716523, downTime=4716523, deviceId=-1, source=0x101 }
W/ViewRootImpl( 5002): Cancelling event due to no window focus: KeyEvent { action=ACTION_UP, keyCode=KEYCODE_DPAD_LEFT, scanCode=0, metaState=0, flags=0x28, repeatCount=0, eventTime=4716830, downTime=4716830, deviceId=-1, source=0x101 }
W/ViewRootImpl( 5002): Cancelling event due to no window focus: KeyEvent { action=ACTION_UP, keyCode=KEYCODE_DPAD_LEFT, scanCode=0, metaState=0, flags=0x28, repeatCount=0, eventTime=4716830, downTime=4716830, deviceId=-1, source=0x101 }
W/ViewRootImpl( 5002): Cancelling event due to no window focus: KeyEvent { action=ACTION_UP, keyCode=KEYCODE_DPAD_LEFT, scanCode=0, metaState=0, flags=0x28, repeatCount=0, eventTime=4716830, downTime=4716830, deviceId=-1, source=0x101 }
W/ViewRootImpl( 5002): Cancelling event due to no window focus: KeyEvent { action=ACTION_UP, keyCode=KEYCODE_DPAD_LEFT, scanCode=0, metaState=0, flags=0x28, repeatCount=0, eventTime=4716830, downTime=4716830, deviceId=-1, source=0x101 }
W/ViewRootImpl( 5002): Cancelling event due to no window focus: KeyEvent { action=ACTION_UP, keyCode=KEYCODE_DPAD_LEFT, scanCode=0, metaState=0, flags=0x28, repeatCount=0, eventTime=4716830, downTime=4716830, deviceId=-1, source=0x101 }
W/ViewRootImpl( 5002): Cancelling event due to no window focus: KeyEvent { action=ACTION_UP, keyCode=KEYCODE_DPAD_LEFT, scanCode=0, metaState=0, flags=0x28, repeatCount=0, eventTime=4716830, downTime=4716830, deviceId=-1, source=0x101 }
W/ViewRootImpl( 5002): Cancelling event due to no window focus: KeyEvent { action=ACTION_UP, keyCode=KEYCODE_DPAD_LEFT, scanCode=0, metaState=0, flags=0x28, repeatCount=0, eventTime=4716830, downTime=4716830, deviceId=-1, source=0x101 }
W/ViewRootImpl( 5002): Cancelling event due to no window focus: KeyEvent { action=ACTION_UP, keyCode=KEYCODE_DPAD_LEFT, scanCode=0, metaState=0, flags=0x28, repeatCount=0, eventTime=4716830, downTime=4716830, deviceId=-1, source=0x101 }
W/ViewRootImpl( 5002): Cancelling event due to no window focus: KeyEvent { action=ACTION_UP, keyCode=KEYCODE_DPAD_LEFT, scanCode=0, metaState=0, flags=0x28, repeatCount=0, eventTime=4716830, downTime=4716830, deviceId=-1, source=0x101 }
W/ViewRootImpl( 5002): Dropping event due to no window focus: KeyEvent { action=ACTION_DOWN, keyCode=KEYCODE_DPAD_DOWN, scanCode=0, metaState=0, flags=0x8, repeatCount=0, eventTime=4716831, downTime=4716831, deviceId=-1, source=0x101 }
W/ViewRootImpl( 5002): Cancelling event due to no window focus: KeyEvent { action=ACTION_UP, keyCode=KEYCODE_DPAD_DOWN, scanCode=0, metaState=0, flags=0x28, repeatCount=0, eventTime=4716833, downTime=4716833, deviceId=-1, source=0x101 }
W/ViewRootImpl( 5002): Cancelling event due to no window focus: KeyEvent { action=ACTION_UP, keyCode=KEYCODE_DPAD_DOWN, scanCode=0, metaState=0, flags=0x28, repeatCount=0, eventTime=4716833, downTime=4716833, deviceId=-1, source=0x101 }
W/ViewRootImpl( 5002): Cancelling event due to no window focus: KeyEvent { action=ACTION_UP, keyCode=KEYCODE_DPAD_DOWN, scanCode=0, metaState=0, flags=0x28, repeatCount=0, eventTime=4716833, downTime=4716833, deviceId=-1, source=0x101 }
W/ViewRootImpl( 5002): Cancelling event due to no window focus: KeyEvent { action=ACTION_UP, keyCode=KEYCODE_DPAD_DOWN, scanCode=0, metaState=0, flags=0x28, repeatCount=0, eventTime=4716833, downTime=4716833, deviceId=-1, source=0x101 }
W/ViewRootImpl( 5002): Cancelling event due to no window focus: KeyEvent { action=ACTION_UP, keyCode=KEYCODE_DPAD_DOWN, scanCode=0, metaState=0, flags=0x28, repeatCount=0, eventTime=4716833, downTime=4716833, deviceId=-1, source=0x101 }
W/ViewRootImpl( 5002): Cancelling event due to no window focus: KeyEvent { action=ACTION_UP, keyCode=KEYCODE_DPAD_DOWN, scanCode=0, metaState=0, flags=0x28, repeatCount=0, eventTime=4716833, downTime=4716833, deviceId=-1, source=0x101 }
W/ViewRootImpl( 5002): Cancelling event due to no window focus: KeyEvent { action=ACTION_UP, keyCode=KEYCODE_DPAD_DOWN, scanCode=0, metaState=0, flags=0x28, repeatCount=0, eventTime=4716833, downTime=4716833, deviceId=-1, source=0x101 }
W/ViewRootImpl( 5002): Cancelling event due to no window focus: KeyEvent { action=ACTION_UP, keyCode=KEYCODE_DPAD_DOWN, scanCode=0, metaState=0, flags=0x28, repeatCount=0, eventTime=4716833, downTime=4716833, deviceId=-1, source=0x101 }
W/ViewRootImpl( 5002): Cancelling event due to no window focus: KeyEvent { action=ACTION_UP, keyCode=KEYCODE_DPAD_DOWN, scanCode=0, metaState=0, flags=0x28, repeatCount=0, eventTime=4716833, downTime=4716833, deviceId=-1, source=0x101 }
W/ViewRootImpl( 5002): Dropping event due to no window focus: KeyEvent { action=ACTION_DOWN, keyCode=KEYCODE_DPAD_UP, scanCode=0, metaState=0, flags=0x8, repeatCount=0, eventTime=4716838, downTime=4716838, deviceId=-1, source=0x101 }
W/ViewRootImpl( 5002): Cancelling event due to no window focus: KeyEvent { action=ACTION_UP, keyCode=KEYCODE_DPAD_UP, scanCode=0, metaState=0, flags=0x28, repeatCount=0, eventTime=4716840, downTime=4716840, deviceId=-1, source=0x101 }
W/ViewRootImpl( 5002): Cancelling event due to no window focus: KeyEvent { action=ACTION_UP, keyCode=KEYCODE_DPAD_UP, scanCode=0, metaState=0, flags=0x28, repeatCount=0, eventTime=4716840, downTime=4716840, deviceId=-1, source=0x101 }
W/ViewRootImpl( 5002): Cancelling event due to no window focus: KeyEvent { action=ACTION_UP, keyCode=KEYCODE_DPAD_UP, scanCode=0, metaState=0, flags=0x28, repeatCount=0, eventTime=4716840, downTime=4716840, deviceId=-1, source=0x101 }
W/ViewRootImpl( 5002): Cancelling event due to no window focus: KeyEvent { action=ACTION_UP, keyCode=KEYCODE_DPAD_UP, scanCode=0, metaState=0, flags=0x28, repeatCount=0, eventTime=4716840, downTime=4716840, deviceId=-1, source=0x101 }
W/ViewRootImpl( 5002): Cancelling event due to no window focus: KeyEvent { action=ACTION_UP, keyCode=KEYCODE_DPAD_UP, scanCode=0, metaState=0, flags=0x28, repeatCount=0, eventTime=4716840, downTime=4716840, deviceId=-1, source=0x101 }
W/ViewRootImpl( 5002): Cancelling event due to no window focus: KeyEvent { action=ACTION_UP, keyCode=KEYCODE_DPAD_UP, scanCode=0, metaState=0, flags=0x28, repeatCount=0, eventTime=4716840, downTime=4716840, deviceId=-1, source=0x101 }
W/ViewRootImpl( 5002): Cancelling event due to no window focus: KeyEvent { action=ACTION_UP, keyCode=KEYCODE_DPAD_UP, scanCode=0, metaState=0, flags=0x28, repeatCount=0, eventTime=4716840, downTime=4716840, deviceId=-1, source=0x101 }
W/ViewRootImpl( 5002): Cancelling event due to no window focus: KeyEvent { action=ACTION_UP, keyCode=KEYCODE_DPAD_UP, scanCode=0, metaState=0, flags=0x28, repeatCount=0, eventTime=4716840, downTime=4716840, deviceId=-1, source=0x101 }
W/ViewRootImpl( 5002): Cancelling event due to no window focus: KeyEvent { action=ACTION_UP, keyCode=KEYCODE_DPAD_UP, scanCode=0, metaState=0, flags=0x28, repeatCount=0, eventTime=4716840, downTime=4716840, deviceId=-1, source=0x101 }
W/ViewRootImpl( 5002): Dropping event due to no window focus: KeyEvent { action=ACTION_DOWN, keyCode=KEYCODE_DPAD_RIGHT, scanCode=0, metaState=0, flags=0x8, repeatCount=0, eventTime=4716841, downTime=4716841, deviceId=-1, source=0x101 }
W/ViewRootImpl( 5002): Cancelling event due to no window focus: KeyEvent { action=ACTION_UP, keyCode=KEYCODE_DPAD_RIGHT, scanCode=0, metaState=0, flags=0x28, repeatCount=0, eventTime=4716842, downTime=4716842, deviceId=-1, source=0x101 }
W/ViewRootImpl( 5002): Cancelling event due to no window focus: KeyEvent { action=ACTION_UP, keyCode=KEYCODE_DPAD_RIGHT, scanCode=0, metaState=0, flags=0x28, repeatCount=0, eventTime=4716842, downTime=4716842, deviceId=-1, source=0x101 }
W/ViewRootImpl( 5002): Cancelling event due to no window focus: KeyEvent { action=ACTION_UP, keyCode=KEYCODE_DPAD_RIGHT, scanCode=0, metaState=0, flags=0x28, repeatCount=0, eventTime=4716842, downTime=4716842, deviceId=-1, source=0x101 }
W/ViewRootImpl( 5002): Cancelling event due to no window focus: KeyEvent { action=ACTION_UP, keyCode=KEYCODE_DPAD_RIGHT, scanCode=0, metaState=0, flags=0x28, repeatCount=0, eventTime=4716842, downTime=4716842, deviceId=-1, source=0x101 }
W/ViewRootImpl( 5002): Cancelling event due to no window focus: KeyEvent { action=ACTION_UP, keyCode=KEYCODE_DPAD_RIGHT, scanCode=0, metaState=0, flags=0x28, repeatCount=0, eventTime=4716842, downTime=4716842, deviceId=-1, source=0x101 }
W/ViewRootImpl( 5002): Cancelling event due to no window focus: KeyEvent { action=ACTION_UP, keyCode=KEYCODE_DPAD_RIGHT, scanCode=0, metaState=0, flags=0x28, repeatCount=0, eventTime=4716842, downTime=4716842, deviceId=-1, source=0x101 }
W/ViewRootImpl( 5002): Cancelling event due to no window focus: KeyEvent { action=ACTION_UP, keyCode=KEYCODE_DPAD_RIGHT, scanCode=0, metaState=0, flags=0x28, repeatCount=0, eventTime=4716842, downTime=4716842, deviceId=-1, source=0x101 }
W/ViewRootImpl( 5002): Cancelling event due to no window focus: KeyEvent { action=ACTION_UP, keyCode=KEYCODE_DPAD_RIGHT, scanCode=0, metaState=0, flags=0x28, repeatCount=0, eventTime=4716842, downTime=4716842, deviceId=-1, source=0x101 }
W/ViewRootImpl( 5002): Cancelling event due to no window focus: KeyEvent { action=ACTION_UP, keyCode=KEYCODE_DPAD_RIGHT, scanCode=0, metaState=0, flags=0x28, repeatCount=0, eventTime=4716842, downTime=4716842, deviceId=-1, source=0x101 }
W/ViewRootImpl( 5002): Dropping event due to no window focus: KeyEvent { action=ACTION_DOWN, keyCode=KEYCODE_DPAD_CENTER, scanCode=0, metaState=0, flags=0x8, repeatCount=0, eventTime=4716844, downTime=4716844, deviceId=-1, source=0x101 }
W/ViewRootImpl( 5002): Cancelling event due to no window focus: KeyEvent { action=ACTION_UP, keyCode=KEYCODE_DPAD_CENTER, scanCode=0, metaState=0, flags=0x28, repeatCount=0, eventTime=4716845, downTime=4716845, deviceId=-1, source=0x101 }
W/ViewRootImpl( 5002): Cancelling event due to no window focus: KeyEvent { action=ACTION_UP, keyCode=KEYCODE_DPAD_CENTER, scanCode=0, metaState=0, flags=0x28, repeatCount=0, eventTime=4716845, downTime=4716845, deviceId=-1, source=0x101 }
W/ViewRootImpl( 5002): Cancelling event due to no window focus: KeyEvent { action=ACTION_UP, keyCode=KEYCODE_DPAD_CENTER, scanCode=0, metaState=0, flags=0x28, repeatCount=0, eventTime=4716845, downTime=4716845, deviceId=-1, source=0x101 }
W/ViewRootImpl( 5002): Cancelling event due to no window focus: KeyEvent { action=ACTION_UP, keyCode=KEYCODE_DPAD_CENTER, scanCode=0, metaState=0, flags=0x28, repeatCount=0, eventTime=4716845, downTime=4716845, deviceId=-1, source=0x101 }
W/ViewRootImpl( 5002): Cancelling event due to no window focus: KeyEvent { action=ACTION_UP, keyCode=KEYCODE_DPAD_CENTER, scanCode=0, metaState=0, flags=0x28, repeatCount=0, eventTime=4716845, downTime=4716845, deviceId=-1, source=0x101 }
W/ViewRootImpl( 5002): Cancelling event due to no window focus: KeyEvent { action=ACTION_UP, keyCode=KEYCODE_DPAD_CENTER, scanCode=0, metaState=0, flags=0x28, repeatCount=0, eventTime=4716845, downTime=4716845, deviceId=-1, source=0x101 }
W/ViewRootImpl( 5002): Cancelling event due to no window focus: KeyEvent { action=ACTION_UP, keyCode=KEYCODE_DPAD_CENTER, scanCode=0, metaState=0, flags=0x28, repeatCount=0, eventTime=4716845, downTime=4716845, deviceId=-1, source=0x101 }
W/ViewRootImpl( 5002): Cancelling event due to no window focus: KeyEvent { action=ACTION_UP, keyCode=KEYCODE_DPAD_CENTER, scanCode=0, metaState=0, flags=0x28, repeatCount=0, eventTime=4716845, downTime=4716845, deviceId=-1, source=0x101 }
W/ViewRootImpl( 5002): Cancelling event due to no window focus: KeyEvent { action=ACTION_UP, keyCode=KEYCODE_DPAD_CENTER, scanCode=0, metaState=0, flags=0x28, repeatCount=0, eventTime=4716845, downTime=4716845, deviceId=-1, source=0x101 }
W/ViewRootImpl( 5002): Dropping event due to no window focus: KeyEvent { action=ACTION_DOWN, keyCode=KEYCODE_DPAD_DOWN, scanCode=0, metaState=0, flags=0x8, repeatCount=0, eventTime=4716847, downTime=4716847, deviceId=-1, source=0x101 }
I/ActivityManager(  738): Waited long enough for: ServiceRecord{30e0afd1 u0 com.android.music/.MediaPlaybackService}
W/BroadcastQueue(  738): Skipping deliver [background] BroadcastRecord{26ff981e u-1 android.net.conn.CONNECTIVITY_CHANGE} to ReceiverList{6118ff 5631 (unknown name)/0/u-1 remote:130b00a0}: process crashing
I/ActivityManager(  738): START u0 {act=android.intent.action.MAIN cat=[android.intent.category.LAUNCHER] flg=0x10200000 cmp=com.zzl.falcon.internal/com.zzl.falcon.EntranceActivity} from uid 0 on display 0
W/ViewRootImpl( 1586): Cancelling event due to no window focus: KeyEvent { action=ACTION_UP, keyCode=KEYCODE_DPAD_LEFT, scanCode=0, metaState=0, flags=0x28, repeatCount=0, eventTime=4768103, downTime=4768103, deviceId=-1, source=0x101 }
W/ViewRootImpl( 1586): Cancelling event due to no window focus: KeyEvent { action=ACTION_UP, keyCode=KEYCODE_DPAD_LEFT, scanCode=0, metaState=0, flags=0x28, repeatCount=0, eventTime=4768103, downTime=4768103, deviceId=-1, source=0x101 }
W/ViewRootImpl( 1586): Cancelling event due to no window focus: KeyEvent { action=ACTION_UP, keyCode=KEYCODE_DPAD_LEFT, scanCode=0, metaState=0, flags=0x28, repeatCount=0, eventTime=4768103, downTime=4768103, deviceId=-1, source=0x101 }
W/ViewRootImpl( 1586): Cancelling event due to no window focus: KeyEvent { action=ACTION_UP, keyCode=KEYCODE_DPAD_LEFT, scanCode=0, metaState=0, flags=0x28, repeatCount=0, eventTime=4768103, downTime=4768103, deviceId=-1, source=0x101 }
W/ViewRootImpl( 1586): Cancelling event due to no window focus: KeyEvent { action=ACTION_UP, keyCode=KEYCODE_DPAD_LEFT, scanCode=0, metaState=0, flags=0x28, repeatCount=0, eventTime=4768103, downTime=4768103, deviceId=-1, source=0x101 }
W/ViewRootImpl( 1586): Cancelling event due to no window focus: KeyEvent { action=ACTION_UP, keyCode=KEYCODE_DPAD_LEFT, scanCode=0, metaState=0, flags=0x28, repeatCount=0, eventTime=4768103, downTime=4768103, deviceId=-1, source=0x101 }
W/ViewRootImpl( 1586): Cancelling event due to no window focus: KeyEvent { action=ACTION_UP, keyCode=KEYCODE_DPAD_LEFT, scanCode=0, metaState=0, flags=0x28, repeatCount=0, eventTime=4768103, downTime=4768103, deviceId=-1, source=0x101 }
W/ViewRootImpl( 1586): Cancelling event due to no window focus: KeyEvent { action=ACTION_UP, keyCode=KEYCODE_DPAD_LEFT, scanCode=0, metaState=0, flags=0x28, repeatCount=0, eventTime=4768103, downTime=4768103, deviceId=-1, source=0x101 }
W/ViewRootImpl( 1586): Cancelling event due to no window focus: KeyEvent { action=ACTION_UP, keyCode=KEYCODE_DPAD_LEFT, scanCode=0, metaState=0, flags=0x28, repeatCount=0, eventTime=4768103, downTime=4768103, deviceId=-1, source=0x101 }
W/ViewRootImpl(  861): Dropping event due to no window focus: KeyEvent { action=ACTION_DOWN, keyCode=KEYCODE_DPAD_UP, scanCode=0, metaState=0, flags=0x8, repeatCount=0, eventTime=4768769, downTime=4768769, deviceId=-1, source=0x101 }
W/ViewRootImpl(  861): Cancelling event due to no window focus: KeyEvent { action=ACTION_UP, keyCode=KEYCODE_DPAD_UP, scanCode=0, metaState=0, flags=0x28, repeatCount=0, eventTime=4768828, downTime=4768828, deviceId=-1, source=0x101 }
W/ViewRootImpl(  861): Cancelling event due to no window focus: KeyEvent { action=ACTION_UP, keyCode=KEYCODE_DPAD_UP, scanCode=0, metaState=0, flags=0x28, repeatCount=0, eventTime=4768828, downTime=4768828, deviceId=-1, source=0x101 }
W/ViewRootImpl(  861): Cancelling event due to no window focus: KeyEvent { action=ACTION_UP, keyCode=KEYCODE_DPAD_UP, scanCode=0, metaState=0, flags=0x28, repeatCount=0, eventTime=4768828, downTime=4768828, deviceId=-1, source=0x101 }
W/ViewRootImpl(  861): Cancelling event due to no window focus: KeyEvent { action=ACTION_UP, keyCode=KEYCODE_DPAD_UP, scanCode=0, metaState=0, flags=0x28, repeatCount=0, eventTime=4768828, downTime=4768828, deviceId=-1, source=0x101 }
W/ViewRootImpl(  861): Cancelling event due to no window focus: KeyEvent { action=ACTION_UP, keyCode=KEYCODE_DPAD_UP, scanCode=0, metaState=0, flags=0x28, repeatCount=0, eventTime=4768828, downTime=4768828, deviceId=-1, source=0x101 }
W/ViewRootImpl(  861): Cancelling event due to no window focus: KeyEvent { action=ACTION_UP, keyCode=KEYCODE_DPAD_UP, scanCode=0, metaState=0, flags=0x28, repeatCount=0, eventTime=4768828, downTime=4768828, deviceId=-1, source=0x101 }
W/ViewRootImpl(  861): Cancelling event due to no window focus: KeyEvent { action=ACTION_UP, keyCode=KEYCODE_DPAD_UP, scanCode=0, metaState=0, flags=0x28, repeatCount=0, eventTime=4768828, downTime=4768828, deviceId=-1, source=0x101 }
W/ViewRootImpl(  861): Cancelling event due to no window focus: KeyEvent { action=ACTION_UP, keyCode=KEYCODE_DPAD_UP, scanCode=0, metaState=0, flags=0x28, repeatCount=0, eventTime=4768828, downTime=4768828, deviceId=-1, source=0x101 }
W/ViewRootImpl(  861): Cancelling event due to no window focus: KeyEvent { action=ACTION_UP, keyCode=KEYCODE_DPAD_UP, scanCode=0, metaState=0, flags=0x28, repeatCount=0, eventTime=4768828, downTime=4768828, deviceId=-1, source=0x101 }
W/ViewRootImpl(  861): Dropping event due to no window focus: KeyEvent { action=ACTION_DOWN, keyCode=KEYCODE_TV_NUMBER_ENTRY, scanCode=0, metaState=0, flags=0x8, repeatCount=0, eventTime=4768829, downTime=4768829, deviceId=-1, source=0x101 }
I/ActivityManager(  738): START u0 {act=android.intent.action.MAIN cat=[android.intent.category.LAUNCHER] flg=0x10200000 cmp=com.zzl.falcon.internal/com.squareup.leakcanary.internal.DisplayLeakActivity} from uid 0 on display 0
W/ViewRootImpl(  861): Dropping event due to no window focus: KeyEvent { action=ACTION_DOWN, keyCode=KEYCODE_DPAD_CENTER, scanCode=0, metaState=0, flags=0x8, repeatCount=0, eventTime=4770061, downTime=4770061, deviceId=-1, source=0x101 }
W/ViewRootImpl(  861): Cancelling event due to no window focus: KeyEvent { action=ACTION_UP, keyCode=KEYCODE_DPAD_CENTER, scanCode=0, metaState=0, flags=0x28, repeatCount=0, eventTime=4770134, downTime=4770134, deviceId=-1, source=0x101 }
W/ViewRootImpl(  861): Cancelling event due to no window focus: KeyEvent { action=ACTION_UP, keyCode=KEYCODE_DPAD_CENTER, scanCode=0, metaState=0, flags=0x28, repeatCount=0, eventTime=4770134, downTime=4770134, deviceId=-1, source=0x101 }
W/ViewRootImpl(  861): Cancelling event due to no window focus: KeyEvent { action=ACTION_UP, keyCode=KEYCODE_DPAD_CENTER, scanCode=0, metaState=0, flags=0x28, repeatCount=0, eventTime=4770134, downTime=4770134, deviceId=-1, source=0x101 }
W/ViewRootImpl(  861): Cancelling event due to no window focus: KeyEvent { action=ACTION_UP, keyCode=KEYCODE_DPAD_CENTER, scanCode=0, metaState=0, flags=0x28, repeatCount=0, eventTime=4770134, downTime=4770134, deviceId=-1, source=0x101 }
W/ViewRootImpl(  861): Cancelling event due to no window focus: KeyEvent { action=ACTION_UP, keyCode=KEYCODE_DPAD_CENTER, scanCode=0, metaState=0, flags=0x28, repeatCount=0, eventTime=4770134, downTime=4770134, deviceId=-1, source=0x101 }
W/ViewRootImpl(  861): Cancelling event due to no window focus: KeyEvent { action=ACTION_UP, keyCode=KEYCODE_DPAD_CENTER, scanCode=0, metaState=0, flags=0x28, repeatCount=0, eventTime=4770134, downTime=4770134, deviceId=-1, source=0x101 }
W/ViewRootImpl(  861): Cancelling event due to no window focus: KeyEvent { action=ACTION_UP, keyCode=KEYCODE_DPAD_CENTER, scanCode=0, metaState=0, flags=0x28, repeatCount=0, eventTime=4770134, downTime=4770134, deviceId=-1, source=0x101 }
W/ViewRootImpl(  861): Cancelling event due to no window focus: KeyEvent { action=ACTION_UP, keyCode=KEYCODE_DPAD_CENTER, scanCode=0, metaState=0, flags=0x28, repeatCount=0, eventTime=4770134, downTime=4770134, deviceId=-1, source=0x101 }
W/ViewRootImpl(  861): Cancelling event due to no window focus: KeyEvent { action=ACTION_UP, keyCode=KEYCODE_DPAD_CENTER, scanCode=0, metaState=0, flags=0x28, repeatCount=0, eventTime=4770134, downTime=4770134, deviceId=-1, source=0x101 }
W/ViewRootImpl(  861): Dropping event due to no window focus: MotionEvent { action=ACTION_MOVE, id[0]=0, x[0]=0.0, y[0]=-2.0, toolType[0]=TOOL_TYPE_UNKNOWN, buttonState=0, metaState=0, flags=0x0, edgeFlags=0x0, pointerCount=1, historySize=19, eventTime=4770157, downTime=-1, deviceId=0, source=0x10004 }
W/ViewRootImpl(  861): Dropping event due to no window focus: KeyEvent { action=ACTION_DOWN, keyCode=KEYCODE_DPAD_UP, scanCode=0, metaState=0, flags=0x8, repeatCount=0, eventTime=4770157, downTime=4770157, deviceId=-1, source=0x101 }
W/ViewRootImpl(  861): Cancelling event due to no window focus: KeyEvent { action=ACTION_UP, keyCode=KEYCODE_DPAD_LEFT, scanCode=0, metaState=0, flags=0x28, repeatCount=0, eventTime=4770792, downTime=4770792, deviceId=-1, source=0x101 }
W/ViewRootImpl(  861): Cancelling event due to no window focus: KeyEvent { action=ACTION_UP, keyCode=KEYCODE_DPAD_LEFT, scanCode=0, metaState=0, flags=0x28, repeatCount=0, eventTime=4770792, downTime=4770792, deviceId=-1, source=0x101 }
W/ViewRootImpl(  861): Cancelling event due to no window focus: KeyEvent { action=ACTION_UP, keyCode=KEYCODE_DPAD_LEFT, scanCode=0, metaState=0, flags=0x28, repeatCount=0, eventTime=4770792, downTime=4770792, deviceId=-1, source=0x101 }
W/ViewRootImpl(  861): Cancelling event due to no window focus: KeyEvent { action=ACTION_UP, keyCode=KEYCODE_DPAD_LEFT, scanCode=0, metaState=0, flags=0x28, repeatCount=0, eventTime=4770792, downTime=4770792, deviceId=-1, source=0x101 }
W/ViewRootImpl(  861): Cancelling event due to no window focus: KeyEvent { action=ACTION_UP, keyCode=KEYCODE_DPAD_LEFT, scanCode=0, metaState=0, flags=0x28, repeatCount=0, eventTime=4770792, downTime=4770792, deviceId=-1, source=0x101 }
W/ViewRootImpl(  861): Cancelling event due to no window focus: KeyEvent { action=ACTION_UP, keyCode=KEYCODE_DPAD_LEFT, scanCode=0, metaState=0, flags=0x28, repeatCount=0, eventTime=4770792, downTime=4770792, deviceId=-1, source=0x101 }
W/ViewRootImpl(  861): Cancelling event due to no window focus: KeyEvent { action=ACTION_UP, keyCode=KEYCODE_DPAD_LEFT, scanCode=0, metaState=0, flags=0x28, repeatCount=0, eventTime=4770792, downTime=4770792, deviceId=-1, source=0x101 }
W/ViewRootImpl(  861): Cancelling event due to no window focus: KeyEvent { action=ACTION_UP, keyCode=KEYCODE_DPAD_LEFT, scanCode=0, metaState=0, flags=0x28, repeatCount=0, eventTime=4770792, downTime=4770792, deviceId=-1, source=0x101 }
W/ViewRootImpl(  861): Cancelling event due to no window focus: KeyEvent { action=ACTION_UP, keyCode=KEYCODE_DPAD_LEFT, scanCode=0, metaState=0, flags=0x28, repeatCount=0, eventTime=4770792, downTime=4770792, deviceId=-1, source=0x101 }
I/ActivityManager(  738): START u0 {act=android.intent.action.MAIN cat=[android.intent.category.LAUNCHER] flg=0x10200000 cmp=com.zzl.falcon.internal/com.zzl.falcon.EntranceActivity} from uid 0 on display 0
D/MountService(  738): addVolumeLocked() StorageVolume:
D/MountService(  738):     mStorageId=65537 mPath=/storage/emulated/10 mDescriptionId=17040805 
D/MountService(  738):     mPrimary=true mRemovable=false mEmulated=true mMtpReserveSpace=100 
D/MountService(  738):     mAllowMassStorage=false mMaxFileSize=0 mOwner=UserHandle{10} mUuid=null 
D/MountService(  738):     mUserLabel=null mState=null 
D/MountService(  738): volume state changed for /storage/emulated/10 (null -> mounted)
D/SettingsProvider(  738): Generated and saved new ANDROID_ID [a54f7ff2b63fd565] for user 10
W/BackupManagerService(  738): dataChanged but no participant pkg='com.android.providers.settings' uid=10013
W/ViewRootImpl(  738): Dropping event due to no window focus: KeyEvent { action=ACTION_DOWN, keyCode=KEYCODE_DPAD_LEFT, scanCode=0, metaState=0, flags=0x8, repeatCount=0, eventTime=4771728, downTime=4771728, deviceId=-1, source=0x101 }
I/ActivityManager(  738): START u0 {act=android.settings.SETTINGS flg=0x14000000 cmp=com.android.settings/.Settings} from uid 10013 on display 0
W/ViewRootImpl(  738): Cancelling event due to no window focus: KeyEvent { action=ACTION_UP, keyCode=KEYCODE_DPAD_LEFT, scanCode=0, metaState=0, flags=0x28, repeatCount=0, eventTime=4771773, downTime=4771773, deviceId=-1, source=0x101 }
W/ViewRootImpl(  738): Cancelling event due to no window focus: KeyEvent { action=ACTION_UP, keyCode=KEYCODE_DPAD_LEFT, scanCode=0, metaState=0, flags=0x28, repeatCount=0, eventTime=4771773, downTime=4771773, deviceId=-1, source=0x101 }
W/ViewRootImpl(  738): Cancelling event due to no window focus: KeyEvent { action=ACTION_UP, keyCode=KEYCODE_DPAD_LEFT, scanCode=0, metaState=0, flags=0x28, repeatCount=0, eventTime=4771773, downTime=4771773, deviceId=-1, source=0x101 }
W/ViewRootImpl(  738): Cancelling event due to no window focus: KeyEvent { action=ACTION_UP, keyCode=KEYCODE_DPAD_LEFT, scanCode=0, metaState=0, flags=0x28, repeatCount=0, eventTime=4771773, downTime=4771773, deviceId=-1, source=0x101 }
W/ViewRootImpl(  738): Cancelling event due to no window focus: KeyEvent { action=ACTION_UP, keyCode=KEYCODE_DPAD_LEFT, scanCode=0, metaState=0, flags=0x28, repeatCount=0, eventTime=4771773, downTime=4771773, deviceId=-1, source=0x101 }
W/ViewRootImpl(  738): Cancelling event due to no window focus: KeyEvent { action=ACTION_UP, keyCode=KEYCODE_DPAD_LEFT, scanCode=0, metaState=0, flags=0x28, repeatCount=0, eventTime=4771773, downTime=4771773, deviceId=-1, source=0x101 }
W/ViewRootImpl(  738): Cancelling event due to no window focus: KeyEvent { action=ACTION_UP, keyCode=KEYCODE_DPAD_LEFT, scanCode=0, metaState=0, flags=0x28, repeatCount=0, eventTime=4771773, downTime=4771773, deviceId=-1, source=0x101 }
W/ViewRootImpl(  738): Cancelling event due to no window focus: KeyEvent { action=ACTION_UP, keyCode=KEYCODE_DPAD_LEFT, scanCode=0, metaState=0, flags=0x28, repeatCount=0, eventTime=4771773, downTime=4771773, deviceId=-1, source=0x101 }
W/ViewRootImpl(  738): Cancelling event due to no window focus: KeyEvent { action=ACTION_UP, keyCode=KEYCODE_DPAD_LEFT, scanCode=0, metaState=0, flags=0x28, repeatCount=0, eventTime=4771773, downTime=4771773, deviceId=-1, source=0x101 }
W/ViewRootImpl(  738): Dropping event due to no window focus: KeyEvent { action=ACTION_DOWN, keyCode=KEYCODE_DPAD_DOWN, scanCode=0, metaState=0, flags=0x8, repeatCount=0, eventTime=4771779, downTime=4771779, deviceId=-1, source=0x101 }
W/VoiceInteractionManagerService(  738): no available voice interaction services found for user 10
W/VoiceInteractionManagerService(  738): no available voice recognition services found for user 10
D/VoldCmdListener(  350): cryptfs getpw
D/VoldCmdListener(  350): cryptfs clearpw
E/libprocessgroup( 5665): failed to make and chown /acct/uid_1010050: Read-only file system
I/ActivityManager(  738): Start proc 5665:com.android.printspooler/u10a50 for service com.android.printspooler/.model.PrintSpoolerService
I/InputMethodManagerService(  738): Selected default: com.android.inputmethod.latin/.LatinIME
E/InputMethodManagerService(  738): Ignoring setImeWindowStatus due to an invalid token. uid:1000 token:null
E/libprocessgroup( 5684): failed to make and chown /acct/uid_1010038: Read-only file system
I/ActivityManager(  738): Start proc 5684:com.android.inputmethod.latin/u10a38 for service com.android.inputmethod.latin/.LatinIME
V/InputMethodManagerService(  738): Adding window token: android.os.Binder@40d3b8d
W/WallpaperManagerService(  738): no current wallpaper -- first boot?
E/libprocessgroup( 5702): failed to make and chown /acct/uid_1010013: Read-only file system
I/ActivityManager(  738): Start proc 5702:com.android.systemui/u10a13 for service com.android.systemui/.ImageWallpaper
E/libprocessgroup( 5731): failed to make and chown /acct/uid_1001000: Read-only file system
I/ActivityManager(  738): Start proc 5731:com.android.settings/u10s1000 for broadcast com.android.settings/.ManagedProfileSetup
W/AppWidgetServiceImpl(  738): Failed to read state: java.io.FileNotFoundException: /data/system/users/10/appwidgets.xml: open failed: ENOENT (No such file or directory)
V/AppWidgetServiceImpl(  738): Upgrading widget database from 0 to 1
E/LockSettingsStorage(  738): Cannot read file java.io.FileNotFoundException: /data/system/users/10/password.key: open failed: ENOENT (No such file or directory)
E/LockSettingsStorage(  738): Cannot read file java.io.FileNotFoundException: /data/system/users/10/gesture.key: open failed: ENOENT (No such file or directory)
E/WindowAnimator(  738): Timeout waiting for animation to startup
I/ActivityManager(  738): Start proc 5771:android.process.acore/u10a2 for content provider com.android.providers.userdictionary/.UserDictionaryProvider
E/libprocessgroup( 5771): failed to make and chown /acct/uid_1010002: Read-only file system
I/ActivityManager(  738): Start proc 5800:com.android.launcher3/u10a39 for broadcast com.android.launcher3/.UserInitializeReceiver
E/libprocessgroup( 5800): failed to make and chown /acct/uid_1010039: Read-only file system
I/ActivityManager(  738): START u10 {act=android.intent.action.MAIN cat=[android.intent.category.HOME] flg=0x10000000 cmp=com.android.settings/.CryptKeeper} from uid 0 on display 0
I/ActivityManager(  738): Killing 1896:com.android.email/u0a31 (adj 15): empty for 4744s
W/libprocessgroup(  738): failed to open /acct/uid_10031/pid_1896/cgroup.procs: No such file or directory
I/ActivityManager(  738): START u10 {act=android.intent.action.MAIN cat=[android.intent.category.HOME] flg=0x10000000 cmp=com.android.settings/.CryptKeeper} from uid 0 on display 0
I/ActivityManager(  738): Start proc 5825:com.android.music/u10a42 for broadcast com.android.music/.MediaButtonIntentReceiver
E/libprocessgroup( 5825): failed to make and chown /acct/uid_1010042: Read-only file system
E/libprocessgroup( 5853): failed to make and chown /acct/uid_1010005: Read-only file system
I/ActivityManager(  738): Start proc 5853:android.process.media/u10a5 for content provider com.android.providers.media/.MediaProvider
I/WindowManager(  738): Screen frozen for +1s361ms due to Window{1647df05 u0 StatusBar}
W/BackupManagerService(  738): dataChanged but no participant pkg='com.android.providers.settings' uid=10013
I/ActivityManager(  738): Killing 1630:com.android.providers.calendar/u0a1 (adj 15): empty for 4710s
W/libprocessgroup(  738): failed to open /acct/uid_10001/pid_1630/cgroup.procs: No such file or directory
E/libprocessgroup( 5877): failed to make and chown /acct/uid_1010032: Read-only file system
I/ActivityManager(  738): Start proc 5877:com.android.exchange/u10a32 for content provider com.android.exchange/.provider.ExchangeDirectoryProvider
I/ActivityManager(  738): START u10 {act=android.intent.action.MAIN cat=[android.intent.category.HOME] flg=0x10000000 cmp=com.android.settings/.CryptKeeper} from uid 0 on display 0
I/ActivityManager(  738): Killing 1547:com.android.calendar/u0a21 (adj 15): empty for 3420s
W/libprocessgroup(  738): failed to open /acct/uid_10021/pid_1547/cgroup.procs: No such file or directory
I/ActivityManager(  738): START u10 {act=android.intent.action.MAIN cat=[android.intent.category.HOME] flg=0x10000000 cmp=com.android.settings/.CryptKeeper} from uid 0 on display 0
E/libprocessgroup( 5895): failed to make and chown /acct/uid_1010031: Read-only file system
I/ActivityManager(  738): Start proc 5895:com.android.email/u10a31 for content provider com.android.email/.provider.EmailProvider
I/ValidateNoPeople(  738): mEvictionCount: 0
I/ActivityManager(  738): Killing 2672:com.android.systemui:screenshot/u0a13 (adj 15): empty for 2596s
W/libprocessgroup(  738): failed to open /acct/uid_10013/pid_2672/cgroup.procs: No such file or directory
I/ActivityManager(  738): START u10 {act=android.intent.action.MAIN cat=[android.intent.category.HOME] flg=0x10000000 cmp=com.android.settings/.CryptKeeper} from uid 0 on display 0
D/ActivityThread( 5895): Loading provider com.android.email.provider;com.android.email.notifier: com.android.email.provider.EmailProvider
D/ActivityThread( 5895): Loading provider com.android.email.provider;com.android.email.notifier: com.android.email.provider.EmailProvider
D/ActivityThread( 5895): Loading provider com.android.email.provider;com.android.email.notifier: com.android.email.provider.EmailProvider
D/ActivityThread( 5895): Loading provider com.android.email.provider;com.android.email.notifier: com.android.email.provider.EmailProvider
W/ActivityManager(  738): Unable to start service Intent { act=com.android.mail.action.BACKUP_DATA_CHANGED pkg=com.android.email } U=10: not found
W/ActivityManager(  738): Unable to start service Intent { cmp=com.android.email/.service.AttachmentService } U=10: not found
W/ActivityManager(  738): Unable to start service Intent { act=com.android.mail.action.BACKUP_DATA_CHANGED pkg=com.android.email } U=10: not found
W/ActivityManager(  738): Unable to start service Intent { act=com.android.mail.action.BACKUP_DATA_CHANGED pkg=com.android.email } U=10: not found
W/ActivityManager(  738): Unable to start service Intent { act=com.android.mail.action.BACKUP_DATA_CHANGED pkg=com.android.email } U=10: not found
W/ActivityManager(  738): Unable to start service Intent { act=com.android.mail.action.BACKUP_DATA_CHANGED pkg=com.android.email } U=10: not found
W/ActivityManager(  738): Unable to start service Intent { act=com.android.mail.action.BACKUP_DATA_CHANGED pkg=com.android.email } U=10: not found
W/ActivityManager(  738): Unable to start service Intent { act=com.android.mail.action.BACKUP_DATA_CHANGED pkg=com.android.email } U=10: not found
W/ActivityManager(  738): Unable to start service Intent { cmp=com.android.email/.service.AttachmentService } U=10: not found
W/ActivityManager(  738): Unable to start service Intent { cmp=com.android.email/.service.AttachmentService } U=10: not found
W/ActivityManager(  738): Unable to start service Intent { cmp=com.android.email/.service.AttachmentService } U=10: not found
W/ActivityManager(  738): Unable to start service Intent { cmp=com.android.email/.service.AttachmentService } U=10: not found
I/WindowManager(  738): Input event dispatching timed out sending to application AppWindowToken{25ae6ab1 token=Token{1e213958 ActivityRecord{1fcf0e3b u0 com.zzl.falcon.internal/com.zzl.falcon.invest.InvestmentDetailActivity t312}}}.  Reason: Waiting because no window has focus but there is a focused application that may eventually add a window when it finishes starting up.
W/InputManager(  738): Input event injection from pid 5631 timed out.
E/Sensors (  738): Select fail, disconnect all clients (errno=4)
E/ActivityManager(  738): ANR in com.zzl.falcon.internal (com.zzl.falcon.internal/com.zzl.falcon.invest.InvestmentDetailActivity)
E/ActivityManager(  738): PID: 1586
E/ActivityManager(  738): Reason: Input dispatching timed out (Waiting because no window has focus but there is a focused application that may eventually add a window when it finishes starting up.)
E/ActivityManager(  738): Load: 0.26 / 0.09 / 0.06
E/ActivityManager(  738): CPU usage from 6047ms to 480ms ago:
E/ActivityManager(  738):   17% 738/system_server: 5.9% user + 11% kernel / faults: 2912 minor
E/ActivityManager(  738):   5.2% 5702/com.android.systemui: 3% user + 2.1% kernel / faults: 10677 minor
E/ActivityManager(  738):   4.5% 5684/com.android.inputmethod.latin: 1.8% user + 2.7% kernel / faults: 5555 minor 4 major
E/ActivityManager(  738):   4.1% 354/local_opengl: 0% user + 4.1% kernel / faults: 171 minor
E/ActivityManager(  738):   3.4% 773/surfaceflinger: 0.9% user + 2.5% kernel / faults: 4 minor
E/ActivityManager(  738):   3.2% 861/com.android.systemui: 0.9% user + 2.3% kernel / faults: 1282 minor
E/ActivityManager(  738):   2.3% 489/zygote: 0.7% user + 1.6% kernel / faults: 9479 minor
E/ActivityManager(  738):   1.6% 488/mediaserver: 0% user + 1.6% kernel
E/ActivityManager(  738):   1.2% 113/jbd2/sdb3-8: 0% user + 1.2% kernel
E/ActivityManager(  738):   1.2% 140/adbd: 0% user + 1.2% kernel / faults: 204 minor
E/ActivityManager(  738):   0.7% 20/ksoftirqd/3: 0% user + 0.7% kernel
E/ActivityManager(  738):   0.7% 345/logd: 0.1% user + 0.5% kernel
E/ActivityManager(  738):   0% 3/ksoftirqd/0: 0% user + 0% kernel
E/ActivityManager(  738):   0.3% 102/kworker/3:1H: 0% user + 0.3% kernel
E/ActivityManager(  738):   0.1% 7/rcu_preempt: 0% user + 0.1% kernel
E/ActivityManager(  738):   0% 112/kworker/2:1H: 0% user + 0% kernel
E/ActivityManager(  738):   0.1% 139/sdcard: 0% user + 0.1% kernel
E/ActivityManager(  738):   0% 2099/com.android.music: 0% user + 0% kernel / faults: 58 minor
E/ActivityManager(  738):   0% 3681/kworker/2:1: 0% user + 0% kernel
E/ActivityManager(  738):   0.1% 5002/com.zzl.falcon.internal:leakcanary: 0% user + 0.1% kernel / faults: 731 minor
E/ActivityManager(  738):   0.1% 5607/logcat: 0% user + 0.1% kernel
E/ActivityManager(  738):  +0% 5771/android.process.acore: 0% user + 0% kernel
E/ActivityManager(  738):  +0% 5800/com.android.launcher3: 0% user + 0% kernel
E/ActivityManager(  738):  +0% 5825/com.android.music: 0% user + 0% kernel
E/ActivityManager(  738):  +0% 5853/android.process.media: 0% user + 0% kernel
E/ActivityManager(  738):  +0% 5877/com.android.exchange: 0% user + 0% kernel
E/ActivityManager(  738):  +0% 5895/com.android.email: 0% user + 0% kernel
E/ActivityManager(  738): 19% TOTAL: 5.6% user + 10% kernel + 2% iowait + 1.8% softirq
E/ActivityManager(  738): CPU usage from 1559ms to 2064ms later:
E/ActivityManager(  738):   2% 738/system_server: 0% user + 2% kernel
E/ActivityManager(  738): 0.4% TOTAL: 0% user + 0.4% kernel
D/Sensors (  738): Client connection accepted (152)
W/BackupManagerService(  738): dataChanged but no participant pkg='com.android.providers.settings' uid=1001
I/PackageManager(  738): Replacing preferred activity com.android.mms/.ui.ComposeMessageActivity for user 10:
I/PackageManager(  738): Replacing preferred activity com.android.mms/.ui.ComposeMessageActivity for user 10:
I/PackageManager(  738): Replacing preferred activity com.android.mms/.ui.ComposeMessageActivity for user 10:
I/PackageManager(  738): Replacing preferred activity com.android.mms/.ui.ComposeMessageActivity for user 10:
I/ActivityManager(  738): Start proc 5948:com.android.voicedialer/u10a14 for broadcast com.android.voicedialer/.VoiceDialerReceiver
E/libprocessgroup( 5948): failed to make and chown /acct/uid_1010014: Read-only file system
E/libprocessgroup( 5969): failed to make and chown /acct/uid_1010034: Read-only file system
I/ActivityManager(  738): Start proc 5969:com.android.gallery3d/u10a34 for broadcast com.android.gallery3d/.app.PackagesMonitor
I/WindowManager(  738): Input event dispatching timed out sending to application AppWindowToken{25ae6ab1 token=Token{1e213958 ActivityRecord{1fcf0e3b u0 com.zzl.falcon.internal/com.zzl.falcon.invest.InvestmentDetailActivity t312}}}.  Reason: Waiting because no window has focus but there is a focused application that may eventually add a window when it finishes starting up.
W/InputManager(  738): Input event injection from pid 5631 timed out.
I/ActivityManager(  738): Skipping duplicate ANR: ProcessRecord{2c522c91 1586:com.zzl.falcon.internal/u0a74} Input dispatching timed out (Waiting because no window has focus but there is a focused application that may eventually add a window when it finishes starting up.)
I/ActivityManager(  738): Waited long enough for: ServiceRecord{30244905 u0 com.android.music/.MediaPlaybackService}
I/ActivityManager(  738): Waited long enough for: ServiceRecord{3ed7b u10 com.android.music/.MediaPlaybackService}
I/ActivityManager(  738): START u10 {act=android.intent.action.MAIN cat=[android.intent.category.HOME] flg=0x10200000 cmp=com.android.settings/.CryptKeeper} from uid 1000 on display 0
V/WindowManager(  738): addAppToken: AppWindowToken{18a52664 token=Token{62197f7 ActivityRecord{31b757f6 u10 com.android.settings/.CryptKeeper t318}}} to stack=0 task=318 at 0
V/WindowManager(  738): Adding window Window{40d8eef u0 Starting com.android.settings} at 5 of 10 (after Window{274919af u0 com.android.launcher3/com.android.launcher3.Launcher})
I/WindowManager(  738): Screenshot max retries 4 of Token{1e213958 ActivityRecord{1fcf0e3b u0 com.zzl.falcon.internal/com.zzl.falcon.invest.InvestmentDetailActivity t312}} appWin=Window{2c0e00ed u0 com.zzl.falcon.internal/com.zzl.falcon.invest.InvestmentDetailActivity} drawState=4
I/UsageStatsDatabase(  738): Upgrading from version 0 to 2
I/UsageStatsDatabase(  738): Deleting all usage stats files
I/UsageStatsService(  738): User[10] Rollover scheduled @ 2017-12-09 19:00:00(1512864000000)
I/ActivityManager(  738): START u10 {act=android.intent.action.MAIN cat=[android.intent.category.HOME] flg=0x10000000 cmp=com.android.provision/.DefaultActivity} from uid 0 on display 0
V/WindowManager(  738): addAppToken: AppWindowToken{4c3aaa6 token=Token{21465c01 ActivityRecord{1e67dde8 u10 com.android.provision/.DefaultActivity t319}}} to stack=0 task=319 at 0
V/WindowManager(  738): Adding window Window{32318e8a u0 Starting com.android.provision} at 6 of 11 (after Window{40d8eef u0 Starting com.android.settings})
E/libprocessgroup( 6014): failed to make and chown /acct/uid_1010051: Read-only file system
I/ActivityManager(  738): Start proc 6014:com.android.provision/u10a51 for activity com.android.provision/.DefaultActivity
I/ActivityManager(  738): START u10 {act=android.intent.action.MAIN cat=[android.intent.category.HOME] flg=0x10000000 cmp=com.android.launcher3/.Launcher} from uid 0 on display 0
V/WindowManager(  738): addAppToken: AppWindowToken{221d4771 token=Token{1429118 ActivityRecord{143ecfb u10 com.android.launcher3/.Launcher t320}}} to stack=0 task=320 at 0
V/WindowManager(  738): Adding window Window{1fed7406 u10 com.android.launcher3/com.android.launcher3.Launcher} at 7 of 12 (after Window{32318e8a u0 Starting com.android.provision})
E/libprocessgroup( 6048): failed to make and chown /acct/uid_1010004: Read-only file system
I/ActivityManager(  738): Start proc 6048:com.android.dialer/u10a4 for broadcast com.android.dialer/.calllog.CallLogReceiver
E/libprocessgroup( 6066): failed to make and chown /acct/uid_1001000: Read-only file system
I/ActivityManager(  738): Start proc 6066:com.android.keychain/u10s1000 for service com.android.keychain/.KeyChainService
E/libprocessgroup( 6086): failed to make and chown /acct/uid_1010021: Read-only file system
I/ActivityManager(  738): Start proc 6086:com.android.calendar/u10a21 for broadcast com.android.calendar/.UpgradeReceiver
I/ActivityManager(  738): Start proc 6109:com.android.providers.calendar/u10a1 for broadcast com.android.providers.calendar/.CalendarReceiver
E/libprocessgroup( 6109): failed to make and chown /acct/uid_1010001: Read-only file system
W/ResourcesManager( 6109): Asset path '/system/framework/android.test.runner.jar' does not exist or contains no resources.
E/libprocessgroup( 6135): failed to make and chown /acct/uid_1010007: Read-only file system
I/ActivityManager(  738): Start proc 6135:com.android.managedprovisioning/u10a7 for broadcast com.android.managedprovisioning/.BootReminder
E/libprocessgroup( 6156): failed to make and chown /acct/uid_1010008: Read-only file system
I/ActivityManager(  738): Start proc 6156:com.android.mms/u10a8 for broadcast com.android.mms/.transaction.MmsSystemEventReceiver
D/CountryDetector(  738): The first listener is added
E/libprocessgroup( 6186): failed to make and chown /acct/uid_1010010: Read-only file system
I/ActivityManager(  738): Start proc 6186:com.android.onetimeinitializer/u10a10 for broadcast com.android.onetimeinitializer/.OneTimeInitializerReceiver
E/ActivityThread( 6186): Failed to find provider info for com.android.launcher2.settings
