--------- beginning of crash
F/libc    (  351): Fatal signal 6 (SIGABRT), code -6 in tid 351 (surfaceflinger)
I/DEBUG   (  121): *** *** *** *** *** *** *** *** *** *** *** *** *** *** *** ***
I/DEBUG   (  121): Build fingerprint: 'generic/vbox86p/vbox86p:5.1/LMY47D/genymotion03202140:userdebug/test-keys'
I/DEBUG   (  121): Revision: '0'
I/DEBUG   (  121): ABI: 'x86'
I/DEBUG   (  121): pid: 351, tid: 351, name: surfaceflinger  >>> /system/bin/surfaceflinger <<<
I/DEBUG   (  121): signal 6 (SIGABRT), code -6 (SI_TKILL), fault addr --------
I/DEBUG   (  121):     eax 00000000  ebx 0000015f  ecx 0000015f  edx 00000006
I/DEBUG   (  121):     esi f7723c48  edi 00000002
I/DEBUG   (  121):     xcs 00000023  xds 0000002b  xes 0000002b  xfs 00000003  xss 0000002b
I/DEBUG   (  121):     eip f763cf06  ebp 0000015f  esp ffeb2130  flags 00000282
I/DEBUG   (  121): 
I/DEBUG   (  121): backtrace:
I/DEBUG   (  121):     #00 pc 00074f06  /system/lib/libc.so (tgkill+22)
I/DEBUG   (  121):     #01 pc 000221ab  /system/lib/libc.so (pthread_kill+155)
I/DEBUG   (  121):     #02 pc 00023a24  /system/lib/libc.so (raise+36)
I/DEBUG   (  121):     #03 pc 0001be24  /system/lib/libc.so (abort+84)
I/DEBUG   (  121):     #04 pc 00031b25  /system/lib/libsurfaceflinger.so
I/DEBUG   (  121):     #05 pc 00020717  /system/lib/libsurfaceflinger.so (android::SurfaceFlinger::init()+199)
I/DEBUG   (  121):     #06 pc 00000b51  /system/bin/surfaceflinger
I/DEBUG   (  121):     #07 pc 00012fc4  /system/lib/libc.so (__libc_init+100)
I/DEBUG   (  121):     #08 pc 00000cd6  /system/bin/surfaceflinger
E/AndroidRuntime( 2076): FATAL EXCEPTION: main
E/AndroidRuntime( 2076): Process: com.zzl.falcon.internal:leakcanary, PID: 2076
E/AndroidRuntime( 2076): java.lang.NullPointerException: Attempt to invoke virtual method 'void com.android.internal.view.menu.MenuBuilder.changeMenuMode()' on a null object reference
E/AndroidRuntime( 2076): 	at android.widget.ActionMenuPresenter$OpenOverflowRunnable.run(ActionMenuPresenter.java:761)
E/AndroidRuntime( 2076): 	at android.os.Handler.handleCallback(Handler.java:739)
E/AndroidRuntime( 2076): 	at android.os.Handler.dispatchMessage(Handler.java:95)
E/AndroidRuntime( 2076): 	at android.os.Looper.loop(Looper.java:135)
E/AndroidRuntime( 2076): 	at android.app.ActivityThread.main(ActivityThread.java:5254)
E/AndroidRuntime( 2076): 	at java.lang.reflect.Method.invoke(Native Method)
E/AndroidRuntime( 2076): 	at java.lang.reflect.Method.invoke(Method.java:372)
E/AndroidRuntime( 2076): 	at com.android.internal.os.ZygoteInit$MethodAndArgsCaller.run(ZygoteInit.java:903)
E/AndroidRuntime( 2076): 	at com.android.internal.os.ZygoteInit.main(ZygoteInit.java:698)
E/AndroidRuntime( 3607): FATAL EXCEPTION: main
E/AndroidRuntime( 3607): Process: com.zzl.falcon.internal:leakcanary, PID: 3607
E/AndroidRuntime( 3607): java.lang.NullPointerException: Attempt to invoke virtual method 'void com.android.internal.view.menu.MenuBuilder.close()' on a null object reference
E/AndroidRuntime( 3607): 	at android.widget.ActionMenuPresenter$OverflowPopup.onDismiss(ActionMenuPresenter.java:689)
E/AndroidRuntime( 3607): 	at android.widget.PopupWindow.dismiss(PopupWindow.java:1413)
E/AndroidRuntime( 3607): 	at android.widget.ListPopupWindow.dismiss(ListPopupWindow.java:656)
E/AndroidRuntime( 3607): 	at com.android.internal.view.menu.MenuPopupHelper.dismiss(MenuPopupHelper.java:164)
E/AndroidRuntime( 3607): 	at com.android.internal.view.menu.MenuPopupHelper.onKey(MenuPopupHelper.java:191)
E/AndroidRuntime( 3607): 	at android.view.View.dispatchKeyEvent(View.java:8406)
E/AndroidRuntime( 3607): 	at android.view.ViewGroup.dispatchKeyEvent(ViewGroup.java:1490)
E/AndroidRuntime( 3607): 	at android.widget.ListView.dispatchKeyEvent(ListView.java:2130)
E/AndroidRuntime( 3607): 	at android.view.ViewGroup.dispatchKeyEvent(ViewGroup.java:1495)
E/AndroidRuntime( 3607): 	at android.widget.PopupWindow$PopupViewContainer.dispatchKeyEvent(PopupWindow.java:1722)
E/AndroidRuntime( 3607): 	at android.view.ViewRootImpl$ViewPostImeInputStage.processKeyEvent(ViewRootImpl.java:4020)
E/AndroidRuntime( 3607): 	at android.view.ViewRootImpl$ViewPostImeInputStage.onProcess(ViewRootImpl.java:3982)
E/AndroidRuntime( 3607): 	at android.view.ViewRootImpl$InputStage.deliver(ViewRootImpl.java:3544)
E/AndroidRuntime( 3607): 	at android.view.ViewRootImpl$InputStage.onDeliverToNext(ViewRootImpl.java:3597)
E/AndroidRuntime( 3607): 	at android.view.ViewRootImpl$InputStage.forward(ViewRootImpl.java:3563)
E/AndroidRuntime( 3607): 	at android.view.ViewRootImpl$AsyncInputStage.forward(ViewRootImpl.java:3680)
E/AndroidRuntime( 3607): 	at android.view.ViewRootImpl$InputStage.apply(ViewRootImpl.java:3571)
E/AndroidRuntime( 3607): 	at android.view.ViewRootImpl$AsyncInputStage.apply(ViewRootImpl.java:3737)
E/AndroidRuntime( 3607): 	at android.view.ViewRootImpl$InputStage.deliver(ViewRootImpl.java:3544)
E/AndroidRuntime( 3607): 	at android.view.ViewRootImpl$InputStage.onDeliverToNext(ViewRootImpl.java:3597)
E/AndroidRuntime( 3607): 	at android.view.ViewRootImpl$InputStage.forward(ViewRootImpl.java:3563)
E/AndroidRuntime( 3607): 	at android.view.ViewRootImpl$InputStage.apply(ViewRootImpl.java:3571)
E/AndroidRuntime( 3607): 	at android.view.ViewRootImpl$InputStage.deliver(ViewRootImpl.java:3544)
E/AndroidRuntime( 3607): 	at android.view.ViewRootImpl$InputStage.onDeliverToNext(ViewRootImpl.java:3597)
E/AndroidRuntime( 3607): 	at android.view.ViewRootImpl$InputStage.forward(ViewRootImpl.java:3563)
E/AndroidRuntime( 3607): 	at android.view.ViewRootImpl$AsyncInputStage.forward(ViewRootImpl.java:3680)
E/AndroidRuntime( 3607): 	at android.view.ViewRootImpl$InputStage.apply(ViewRootImpl.java:3571)
E/AndroidRuntime( 3607): 	at android.view.ViewRootImpl$AsyncInputStage.apply(ViewRootImpl.java:3737)
E/AndroidRuntime( 3607): 	at android.view.ViewRootImpl$InputStage.deliver(ViewRootImpl.java:3544)
E/AndroidRuntime( 3607): 	at android.view.ViewRootImpl$InputStage.onDeliverToNext(ViewRootImpl.java:3597)
E/AndroidRuntime( 3607): 	at android.view.ViewRootImpl$InputStage.forward(ViewRootImpl.java:3563)
E/AndroidRuntime( 3607): 	at android.view.ViewRootImpl$InputStage.apply(ViewRootImpl.java:3571)
E/AndroidRuntime( 3607): 	at android.view.ViewRootImpl$InputStage.deliver(ViewRootImpl.java:3544)
E/AndroidRuntime( 3607): 	at android.view.ViewRootImpl$InputStage.onDeliverToNext(ViewRootImpl.java:3597)
E/AndroidRuntime( 3607): 	at android.view.ViewRootImpl$InputStage.forward(ViewRootImpl.java:3563)
E/AndroidRuntime( 3607): 	at android.view.ViewRootImpl$AsyncInputStage.forward(ViewRootImpl.java:3680)
E/AndroidRuntime( 3607): 	at android.view.ViewRootImpl$InputStage.apply(ViewRootImpl.java:3571)
E/AndroidRuntime( 3607): 	at android.view.ViewRootImpl$AsyncInputStage.apply(ViewRootImpl.java:3737)
E/AndroidRuntime( 3607): 	at android.view.ViewRootImpl$InputStage.deliver(ViewRootImpl.java:3544)
E/AndroidRuntime( 3607): 	at android.view.ViewRootImpl.deliverInputEvent(ViewRootImpl.java:5807)
E/AndroidRuntime( 3607): 	at android.view.ViewRootImpl.doProcessInputEvents(ViewRootImpl.java:5781)
E/AndroidRuntime( 3607): 	at android.view.ViewRootImpl.enqueueInputEvent(ViewRootImpl.java:5752)
E/AndroidRuntime( 3607): 	at android.view.ViewRootImpl$WindowInputEventReceiver.onInputEvent(ViewRootImpl.java:5897)
E/AndroidRuntime( 3607): 	at android.view.InputEventReceiver.dispatchInputEvent(InputEventReceiver.java:185)
E/AndroidRuntime( 3607): 	at android.os.MessageQueue.nativePollOnce(Native Method)
E/AndroidRuntime( 3607): 	at android.os.MessageQueue.next(MessageQueue.java:143)
E/AndroidRuntime( 3607): 	at android.os.Looper.loop(Looper.java:122)
E/AndroidRuntime( 3607): 	at android.app.ActivityThread.main(ActivityThread.java:5254)
E/AndroidRuntime( 3607): 	at java.lang.reflect.Method.invoke(Native Method)
E/AndroidRuntime( 3607): 	at java.lang.reflect.Method.invoke(Method.java:372)
E/AndroidRuntime( 3607): 	at com.android.internal.os.ZygoteInit$MethodAndArgsCaller.run(ZygoteInit.java:903)
E/AndroidRuntime( 3607): 	at com.android.internal.os.ZygoteInit.main(ZygoteInit.java:698)
--------- beginning of system
W/ViewRootImpl( 1586): Cancelling event due to no window focus: KeyEvent { action=ACTION_UP, keyCode=KEYCODE_DPAD_LEFT, scanCode=0, metaState=0, flags=0x28, repeatCount=0, eventTime=4075562, downTime=4075562, deviceId=-1, source=0x101 }
W/ViewRootImpl( 1586): Cancelling event due to no window focus: KeyEvent { action=ACTION_UP, keyCode=KEYCODE_DPAD_LEFT, scanCode=0, metaState=0, flags=0x28, repeatCount=0, eventTime=4075562, downTime=4075562, deviceId=-1, source=0x101 }
W/ViewRootImpl( 1586): Cancelling event due to no window focus: KeyEvent { action=ACTION_UP, keyCode=KEYCODE_DPAD_LEFT, scanCode=0, metaState=0, flags=0x28, repeatCount=0, eventTime=4075562, downTime=4075562, deviceId=-1, source=0x101 }
W/ViewRootImpl( 1586): Cancelling event due to no window focus: KeyEvent { action=ACTION_UP, keyCode=KEYCODE_DPAD_LEFT, scanCode=0, metaState=0, flags=0x28, repeatCount=0, eventTime=4075562, downTime=4075562, deviceId=-1, source=0x101 }
W/ViewRootImpl( 1586): Cancelling event due to no window focus: KeyEvent { action=ACTION_UP, keyCode=KEYCODE_DPAD_LEFT, scanCode=0, metaState=0, flags=0x28, repeatCount=0, eventTime=4075562, downTime=4075562, deviceId=-1, source=0x101 }
W/ViewRootImpl( 1586): Cancelling event due to no window focus: KeyEvent { action=ACTION_UP, keyCode=KEYCODE_DPAD_LEFT, scanCode=0, metaState=0, flags=0x28, repeatCount=0, eventTime=4075562, downTime=4075562, deviceId=-1, source=0x101 }
V/WindowManager(  738): Adding window Window{3d6989ff u0 com.zzl.falcon.internal/com.zzl.falcon.login.LoginActivity} at 5 of 12 (after Window{2ab20174 u0 com.zzl.falcon.internal/com.zzl.falcon.login.LoginActivity EXITING})
W/ViewRootImpl( 1586): Dropping event due to no window focus: KeyEvent { action=ACTION_DOWN, keyCode=KEYCODE_DPAD_RIGHT, scanCode=0, metaState=0, flags=0x8, repeatCount=0, eventTime=4075625, downTime=4075625, deviceId=-1, source=0x101 }
W/ViewRootImpl( 1586): Cancelling event due to no window focus: KeyEvent { action=ACTION_UP, keyCode=KEYCODE_DPAD_RIGHT, scanCode=0, metaState=0, flags=0x28, repeatCount=0, eventTime=4075925, downTime=4075925, deviceId=-1, source=0x101 }
W/ViewRootImpl( 1586): Cancelling event due to no window focus: KeyEvent { action=ACTION_UP, keyCode=KEYCODE_DPAD_RIGHT, scanCode=0, metaState=0, flags=0x28, repeatCount=0, eventTime=4075925, downTime=4075925, deviceId=-1, source=0x101 }
W/ViewRootImpl( 1586): Cancelling event due to no window focus: KeyEvent { action=ACTION_UP, keyCode=KEYCODE_DPAD_RIGHT, scanCode=0, metaState=0, flags=0x28, repeatCount=0, eventTime=4075925, downTime=4075925, deviceId=-1, source=0x101 }
W/ViewRootImpl( 1586): Cancelling event due to no window focus: KeyEvent { action=ACTION_UP, keyCode=KEYCODE_DPAD_RIGHT, scanCode=0, metaState=0, flags=0x28, repeatCount=0, eventTime=4075925, downTime=4075925, deviceId=-1, source=0x101 }
W/ViewRootImpl( 1586): Cancelling event due to no window focus: KeyEvent { action=ACTION_UP, keyCode=KEYCODE_DPAD_RIGHT, scanCode=0, metaState=0, flags=0x28, repeatCount=0, eventTime=4075925, downTime=4075925, deviceId=-1, source=0x101 }
W/ViewRootImpl( 1586): Cancelling event due to no window focus: KeyEvent { action=ACTION_UP, keyCode=KEYCODE_DPAD_RIGHT, scanCode=0, metaState=0, flags=0x28, repeatCount=0, eventTime=4075925, downTime=4075925, deviceId=-1, source=0x101 }
W/ViewRootImpl( 1586): Cancelling event due to no window focus: KeyEvent { action=ACTION_UP, keyCode=KEYCODE_DPAD_RIGHT, scanCode=0, metaState=0, flags=0x28, repeatCount=0, eventTime=4075925, downTime=4075925, deviceId=-1, source=0x101 }
W/ViewRootImpl( 1586): Cancelling event due to no window focus: KeyEvent { action=ACTION_UP, keyCode=KEYCODE_DPAD_RIGHT, scanCode=0, metaState=0, flags=0x28, repeatCount=0, eventTime=4075925, downTime=4075925, deviceId=-1, source=0x101 }
W/ViewRootImpl( 1586): Cancelling event due to no window focus: KeyEvent { action=ACTION_UP, keyCode=KEYCODE_DPAD_RIGHT, scanCode=0, metaState=0, flags=0x28, repeatCount=0, eventTime=4075925, downTime=4075925, deviceId=-1, source=0x101 }
W/ViewRootImpl(  861): Dropping event due to no window focus: KeyEvent { action=ACTION_DOWN, keyCode=KEYCODE_DPAD_LEFT, scanCode=0, metaState=0, flags=0x8, repeatCount=0, eventTime=4076241, downTime=4076241, deviceId=-1, source=0x101 }
W/ViewRootImpl(  861): Cancelling event due to no window focus: KeyEvent { action=ACTION_UP, keyCode=KEYCODE_DPAD_LEFT, scanCode=0, metaState=0, flags=0x28, repeatCount=0, eventTime=4076278, downTime=4076278, deviceId=-1, source=0x101 }
W/ViewRootImpl(  861): Cancelling event due to no window focus: KeyEvent { action=ACTION_UP, keyCode=KEYCODE_DPAD_LEFT, scanCode=0, metaState=0, flags=0x28, repeatCount=0, eventTime=4076278, downTime=4076278, deviceId=-1, source=0x101 }
W/ViewRootImpl(  861): Cancelling event due to no window focus: KeyEvent { action=ACTION_UP, keyCode=KEYCODE_DPAD_LEFT, scanCode=0, metaState=0, flags=0x28, repeatCount=0, eventTime=4076278, downTime=4076278, deviceId=-1, source=0x101 }
W/ViewRootImpl(  861): Cancelling event due to no window focus: KeyEvent { action=ACTION_UP, keyCode=KEYCODE_DPAD_LEFT, scanCode=0, metaState=0, flags=0x28, repeatCount=0, eventTime=4076278, downTime=4076278, deviceId=-1, source=0x101 }
W/ViewRootImpl(  861): Cancelling event due to no window focus: KeyEvent { action=ACTION_UP, keyCode=KEYCODE_DPAD_LEFT, scanCode=0, metaState=0, flags=0x28, repeatCount=0, eventTime=4076278, downTime=4076278, deviceId=-1, source=0x101 }
W/ViewRootImpl(  861): Cancelling event due to no window focus: KeyEvent { action=ACTION_UP, keyCode=KEYCODE_DPAD_LEFT, scanCode=0, metaState=0, flags=0x28, repeatCount=0, eventTime=4076278, downTime=4076278, deviceId=-1, source=0x101 }
W/ViewRootImpl(  861): Cancelling event due to no window focus: KeyEvent { action=ACTION_UP, keyCode=KEYCODE_DPAD_LEFT, scanCode=0, metaState=0, flags=0x28, repeatCount=0, eventTime=4076278, downTime=4076278, deviceId=-1, source=0x101 }
W/ViewRootImpl(  861): Cancelling event due to no window focus: KeyEvent { action=ACTION_UP, keyCode=KEYCODE_DPAD_LEFT, scanCode=0, metaState=0, flags=0x28, repeatCount=0, eventTime=4076278, downTime=4076278, deviceId=-1, source=0x101 }
W/ViewRootImpl(  861): Cancelling event due to no window focus: KeyEvent { action=ACTION_UP, keyCode=KEYCODE_DPAD_LEFT, scanCode=0, metaState=0, flags=0x28, repeatCount=0, eventTime=4076278, downTime=4076278, deviceId=-1, source=0x101 }
W/ViewRootImpl(  861): Dropping event due to no window focus: KeyEvent { action=ACTION_DOWN, keyCode=KEYCODE_DPAD_DOWN, scanCode=0, metaState=0, flags=0x8, repeatCount=0, eventTime=4076342, downTime=4076342, deviceId=-1, source=0x101 }
W/ViewRootImpl( 1586): Dropping event due to no window focus: KeyEvent { action=ACTION_DOWN, keyCode=KEYCODE_KATAKANA_HIRAGANA, scanCode=0, metaState=0, flags=0x8, repeatCount=0, eventTime=4076374, downTime=4076374, deviceId=-1, source=0x101 }
W/ViewRootImpl( 1586): Cancelling event due to no window focus: KeyEvent { action=ACTION_UP, keyCode=KEYCODE_KATAKANA_HIRAGANA, scanCode=0, metaState=0, flags=0x28, repeatCount=0, eventTime=4076414, downTime=4076414, deviceId=-1, source=0x101 }
W/ViewRootImpl( 1586): Cancelling event due to no window focus: KeyEvent { action=ACTION_UP, keyCode=KEYCODE_KATAKANA_HIRAGANA, scanCode=0, metaState=0, flags=0x28, repeatCount=0, eventTime=4076414, downTime=4076414, deviceId=-1, source=0x101 }
W/ViewRootImpl( 1586): Cancelling event due to no window focus: KeyEvent { action=ACTION_UP, keyCode=KEYCODE_KATAKANA_HIRAGANA, scanCode=0, metaState=0, flags=0x28, repeatCount=0, eventTime=4076414, downTime=4076414, deviceId=-1, source=0x101 }
W/ViewRootImpl( 1586): Cancelling event due to no window focus: KeyEvent { action=ACTION_UP, keyCode=KEYCODE_KATAKANA_HIRAGANA, scanCode=0, metaState=0, flags=0x28, repeatCount=0, eventTime=4076414, downTime=4076414, deviceId=-1, source=0x101 }
W/ViewRootImpl( 1586): Cancelling event due to no window focus: KeyEvent { action=ACTION_UP, keyCode=KEYCODE_KATAKANA_HIRAGANA, scanCode=0, metaState=0, flags=0x28, repeatCount=0, eventTime=4076414, downTime=4076414, deviceId=-1, source=0x101 }
W/ViewRootImpl( 1586): Cancelling event due to no window focus: KeyEvent { action=ACTION_UP, keyCode=KEYCODE_KATAKANA_HIRAGANA, scanCode=0, metaState=0, flags=0x28, repeatCount=0, eventTime=4076414, downTime=4076414, deviceId=-1, source=0x101 }
W/ViewRootImpl( 1586): Cancelling event due to no window focus: KeyEvent { action=ACTION_UP, keyCode=KEYCODE_KATAKANA_HIRAGANA, scanCode=0, metaState=0, flags=0x28, repeatCount=0, eventTime=4076414, downTime=4076414, deviceId=-1, source=0x101 }
W/ViewRootImpl( 1586): Cancelling event due to no window focus: KeyEvent { action=ACTION_UP, keyCode=KEYCODE_KATAKANA_HIRAGANA, scanCode=0, metaState=0, flags=0x28, repeatCount=0, eventTime=4076414, downTime=4076414, deviceId=-1, source=0x101 }
W/ViewRootImpl( 1586): Cancelling event due to no window focus: KeyEvent { action=ACTION_UP, keyCode=KEYCODE_KATAKANA_HIRAGANA, scanCode=0, metaState=0, flags=0x28, repeatCount=0, eventTime=4076414, downTime=4076414, deviceId=-1, source=0x101 }
W/InputMethodManagerService(  738): Window already focused, ignoring focus gain of: com.android.internal.view.IInputMethodClient$Stub$Proxy@1fcffe91 attribute=null, token = android.os.BinderProxy@240f2d1e
I/ActivityManager(  738): START u0 {act=android.intent.action.MAIN cat=[android.intent.category.LAUNCHER] flg=0x10200000 cmp=com.zzl.falcon.internal/com.squareup.leakcanary.internal.DisplayLeakActivity} from uid 0 on display 0
W/ViewRootImpl( 5002): Dropping event due to no window focus: KeyEvent { action=ACTION_DOWN, keyCode=KEYCODE_DPAD_DOWN, scanCode=0, metaState=0, flags=0x8, repeatCount=0, eventTime=4076496, downTime=4076496, deviceId=-1, source=0x101 }
W/ViewRootImpl( 5002): Cancelling event due to no window focus: KeyEvent { action=ACTION_UP, keyCode=KEYCODE_DPAD_DOWN, scanCode=0, metaState=0, flags=0x28, repeatCount=0, eventTime=4076539, downTime=4076539, deviceId=-1, source=0x101 }
W/ViewRootImpl( 5002): Cancelling event due to no window focus: KeyEvent { action=ACTION_UP, keyCode=KEYCODE_DPAD_DOWN, scanCode=0, metaState=0, flags=0x28, repeatCount=0, eventTime=4076539, downTime=4076539, deviceId=-1, source=0x101 }
W/ViewRootImpl( 5002): Cancelling event due to no window focus: KeyEvent { action=ACTION_UP, keyCode=KEYCODE_DPAD_DOWN, scanCode=0, metaState=0, flags=0x28, repeatCount=0, eventTime=4076539, downTime=4076539, deviceId=-1, source=0x101 }
W/ViewRootImpl( 5002): Cancelling event due to no window focus: KeyEvent { action=ACTION_UP, keyCode=KEYCODE_DPAD_DOWN, scanCode=0, metaState=0, flags=0x28, repeatCount=0, eventTime=4076539, downTime=4076539, deviceId=-1, source=0x101 }
W/ViewRootImpl( 5002): Cancelling event due to no window focus: KeyEvent { action=ACTION_UP, keyCode=KEYCODE_DPAD_DOWN, scanCode=0, metaState=0, flags=0x28, repeatCount=0, eventTime=4076539, downTime=4076539, deviceId=-1, source=0x101 }
W/ViewRootImpl( 5002): Cancelling event due to no window focus: KeyEvent { action=ACTION_UP, keyCode=KEYCODE_DPAD_DOWN, scanCode=0, metaState=0, flags=0x28, repeatCount=0, eventTime=4076539, downTime=4076539, deviceId=-1, source=0x101 }
W/ViewRootImpl( 5002): Cancelling event due to no window focus: KeyEvent { action=ACTION_UP, keyCode=KEYCODE_DPAD_DOWN, scanCode=0, metaState=0, flags=0x28, repeatCount=0, eventTime=4076539, downTime=4076539, deviceId=-1, source=0x101 }
W/ViewRootImpl( 5002): Cancelling event due to no window focus: KeyEvent { action=ACTION_UP, keyCode=KEYCODE_DPAD_DOWN, scanCode=0, metaState=0, flags=0x28, repeatCount=0, eventTime=4076539, downTime=4076539, deviceId=-1, source=0x101 }
W/ViewRootImpl( 5002): Cancelling event due to no window focus: KeyEvent { action=ACTION_UP, keyCode=KEYCODE_DPAD_DOWN, scanCode=0, metaState=0, flags=0x28, repeatCount=0, eventTime=4076539, downTime=4076539, deviceId=-1, source=0x101 }
V/WindowManager(  738): Adding window Window{17daeec9 u0 PopupWindow:f4331f5} at 6 of 13 (after Window{1e6d377d u0 com.zzl.falcon.internal/com.squareup.leakcanary.internal.DisplayLeakActivity})
W/ViewRootImpl( 5002): Cancelling event due to no window focus: KeyEvent { action=ACTION_UP, keyCode=KEYCODE_BACK, scanCode=0, metaState=0, flags=0x28, repeatCount=0, eventTime=4077361, downTime=4077361, deviceId=-1, source=0x101 }
W/ViewRootImpl( 5002): Cancelling event due to no window focus: KeyEvent { action=ACTION_UP, keyCode=KEYCODE_BACK, scanCode=0, metaState=0, flags=0x28, repeatCount=0, eventTime=4077361, downTime=4077361, deviceId=-1, source=0x101 }
W/ViewRootImpl( 5002): Cancelling event due to no window focus: KeyEvent { action=ACTION_UP, keyCode=KEYCODE_BACK, scanCode=0, metaState=0, flags=0x28, repeatCount=0, eventTime=4077361, downTime=4077361, deviceId=-1, source=0x101 }
W/ViewRootImpl( 5002): Cancelling event due to no window focus: KeyEvent { action=ACTION_UP, keyCode=KEYCODE_BACK, scanCode=0, metaState=0, flags=0x28, repeatCount=0, eventTime=4077361, downTime=4077361, deviceId=-1, source=0x101 }
W/ViewRootImpl( 5002): Cancelling event due to no window focus: KeyEvent { action=ACTION_UP, keyCode=KEYCODE_BACK, scanCode=0, metaState=0, flags=0x28, repeatCount=0, eventTime=4077361, downTime=4077361, deviceId=-1, source=0x101 }
W/ViewRootImpl( 5002): Cancelling event due to no window focus: KeyEvent { action=ACTION_UP, keyCode=KEYCODE_BACK, scanCode=0, metaState=0, flags=0x28, repeatCount=0, eventTime=4077361, downTime=4077361, deviceId=-1, source=0x101 }
W/ViewRootImpl( 5002): Cancelling event due to no window focus: KeyEvent { action=ACTION_UP, keyCode=KEYCODE_BACK, scanCode=0, metaState=0, flags=0x28, repeatCount=0, eventTime=4077361, downTime=4077361, deviceId=-1, source=0x101 }
W/ViewRootImpl( 5002): Cancelling event due to no window focus: KeyEvent { action=ACTION_UP, keyCode=KEYCODE_BACK, scanCode=0, metaState=0, flags=0x28, repeatCount=0, eventTime=4077361, downTime=4077361, deviceId=-1, source=0x101 }
W/ViewRootImpl( 5002): Cancelling event due to no window focus: KeyEvent { action=ACTION_UP, keyCode=KEYCODE_BACK, scanCode=0, metaState=0, flags=0x28, repeatCount=0, eventTime=4077361, downTime=4077361, deviceId=-1, source=0x101 }
W/ViewRootImpl( 5002): Dropping event due to no window focus: KeyEvent { action=ACTION_DOWN, keyCode=KEYCODE_DPAD_DOWN, scanCode=0, metaState=0, flags=0x8, repeatCount=0, eventTime=4077539, downTime=4077539, deviceId=-1, source=0x101 }
W/ViewRootImpl( 5002): Cancelling event due to no window focus: KeyEvent { action=ACTION_UP, keyCode=KEYCODE_DPAD_DOWN, scanCode=0, metaState=0, flags=0x28, repeatCount=0, eventTime=4077603, downTime=4077603, deviceId=-1, source=0x101 }
W/ViewRootImpl( 5002): Cancelling event due to no window focus: KeyEvent { action=ACTION_UP, keyCode=KEYCODE_DPAD_DOWN, scanCode=0, metaState=0, flags=0x28, repeatCount=0, eventTime=4077603, downTime=4077603, deviceId=-1, source=0x101 }
W/ViewRootImpl( 5002): Cancelling event due to no window focus: KeyEvent { action=ACTION_UP, keyCode=KEYCODE_DPAD_DOWN, scanCode=0, metaState=0, flags=0x28, repeatCount=0, eventTime=4077603, downTime=4077603, deviceId=-1, source=0x101 }
W/ViewRootImpl( 5002): Cancelling event due to no window focus: KeyEvent { action=ACTION_UP, keyCode=KEYCODE_DPAD_DOWN, scanCode=0, metaState=0, flags=0x28, repeatCount=0, eventTime=4077603, downTime=4077603, deviceId=-1, source=0x101 }
W/ViewRootImpl( 5002): Cancelling event due to no window focus: KeyEvent { action=ACTION_UP, keyCode=KEYCODE_DPAD_DOWN, scanCode=0, metaState=0, flags=0x28, repeatCount=0, eventTime=4077603, downTime=4077603, deviceId=-1, source=0x101 }
W/ViewRootImpl( 5002): Cancelling event due to no window focus: KeyEvent { action=ACTION_UP, keyCode=KEYCODE_DPAD_DOWN, scanCode=0, metaState=0, flags=0x28, repeatCount=0, eventTime=4077603, downTime=4077603, deviceId=-1, source=0x101 }
W/ViewRootImpl( 5002): Cancelling event due to no window focus: KeyEvent { action=ACTION_UP, keyCode=KEYCODE_DPAD_DOWN, scanCode=0, metaState=0, flags=0x28, repeatCount=0, eventTime=4077603, downTime=4077603, deviceId=-1, source=0x101 }
W/ViewRootImpl( 5002): Cancelling event due to no window focus: KeyEvent { action=ACTION_UP, keyCode=KEYCODE_DPAD_DOWN, scanCode=0, metaState=0, flags=0x28, repeatCount=0, eventTime=4077603, downTime=4077603, deviceId=-1, source=0x101 }
W/ViewRootImpl( 5002): Cancelling event due to no window focus: KeyEvent { action=ACTION_UP, keyCode=KEYCODE_DPAD_DOWN, scanCode=0, metaState=0, flags=0x28, repeatCount=0, eventTime=4077603, downTime=4077603, deviceId=-1, source=0x101 }
W/ViewRootImpl( 5002): Dropping event due to no window focus: KeyEvent { action=ACTION_DOWN, keyCode=KEYCODE_DPAD_LEFT, scanCode=0, metaState=0, flags=0x8, repeatCount=0, eventTime=4077604, downTime=4077604, deviceId=-1, source=0x101 }
W/ViewRootImpl( 5002): Cancelling event due to no window focus: KeyEvent { action=ACTION_UP, keyCode=KEYCODE_DPAD_LEFT, scanCode=0, metaState=0, flags=0x28, repeatCount=0, eventTime=4077605, downTime=4077605, deviceId=-1, source=0x101 }
W/ViewRootImpl( 5002): Cancelling event due to no window focus: KeyEvent { action=ACTION_UP, keyCode=KEYCODE_DPAD_LEFT, scanCode=0, metaState=0, flags=0x28, repeatCount=0, eventTime=4077605, downTime=4077605, deviceId=-1, source=0x101 }
W/ViewRootImpl( 5002): Cancelling event due to no window focus: KeyEvent { action=ACTION_UP, keyCode=KEYCODE_DPAD_LEFT, scanCode=0, metaState=0, flags=0x28, repeatCount=0, eventTime=4077605, downTime=4077605, deviceId=-1, source=0x101 }
W/ViewRootImpl( 5002): Cancelling event due to no window focus: KeyEvent { action=ACTION_UP, keyCode=KEYCODE_DPAD_LEFT, scanCode=0, metaState=0, flags=0x28, repeatCount=0, eventTime=4077605, downTime=4077605, deviceId=-1, source=0x101 }
W/ViewRootImpl( 5002): Cancelling event due to no window focus: KeyEvent { action=ACTION_UP, keyCode=KEYCODE_DPAD_LEFT, scanCode=0, metaState=0, flags=0x28, repeatCount=0, eventTime=4077605, downTime=4077605, deviceId=-1, source=0x101 }
W/ViewRootImpl( 5002): Cancelling event due to no window focus: KeyEvent { action=ACTION_UP, keyCode=KEYCODE_DPAD_LEFT, scanCode=0, metaState=0, flags=0x28, repeatCount=0, eventTime=4077605, downTime=4077605, deviceId=-1, source=0x101 }
W/ViewRootImpl( 5002): Cancelling event due to no window focus: KeyEvent { action=ACTION_UP, keyCode=KEYCODE_DPAD_LEFT, scanCode=0, metaState=0, flags=0x28, repeatCount=0, eventTime=4077605, downTime=4077605, deviceId=-1, source=0x101 }
W/ViewRootImpl( 5002): Cancelling event due to no window focus: KeyEvent { action=ACTION_UP, keyCode=KEYCODE_DPAD_LEFT, scanCode=0, metaState=0, flags=0x28, repeatCount=0, eventTime=4077605, downTime=4077605, deviceId=-1, source=0x101 }
W/ViewRootImpl( 5002): Cancelling event due to no window focus: KeyEvent { action=ACTION_UP, keyCode=KEYCODE_DPAD_LEFT, scanCode=0, metaState=0, flags=0x28, repeatCount=0, eventTime=4077605, downTime=4077605, deviceId=-1, source=0x101 }
W/ViewRootImpl( 5002): Dropping event due to no window focus: KeyEvent { action=ACTION_DOWN, keyCode=KEYCODE_DPAD_LEFT, scanCode=0, metaState=0, flags=0x8, repeatCount=0, eventTime=4077607, downTime=4077607, deviceId=-1, source=0x101 }
W/ViewRootImpl( 5002): Cancelling event due to no window focus: KeyEvent { action=ACTION_UP, keyCode=KEYCODE_DPAD_LEFT, scanCode=0, metaState=0, flags=0x28, repeatCount=0, eventTime=4077608, downTime=4077608, deviceId=-1, source=0x101 }
W/ViewRootImpl( 5002): Cancelling event due to no window focus: KeyEvent { action=ACTION_UP, keyCode=KEYCODE_DPAD_LEFT, scanCode=0, metaState=0, flags=0x28, repeatCount=0, eventTime=4077608, downTime=4077608, deviceId=-1, source=0x101 }
W/ViewRootImpl( 5002): Cancelling event due to no window focus: KeyEvent { action=ACTION_UP, keyCode=KEYCODE_DPAD_LEFT, scanCode=0, metaState=0, flags=0x28, repeatCount=0, eventTime=4077608, downTime=4077608, deviceId=-1, source=0x101 }
W/ViewRootImpl( 5002): Cancelling event due to no window focus: KeyEvent { action=ACTION_UP, keyCode=KEYCODE_DPAD_LEFT, scanCode=0, metaState=0, flags=0x28, repeatCount=0, eventTime=4077608, downTime=4077608, deviceId=-1, source=0x101 }
W/ViewRootImpl( 5002): Cancelling event due to no window focus: KeyEvent { action=ACTION_UP, keyCode=KEYCODE_DPAD_LEFT, scanCode=0, metaState=0, flags=0x28, repeatCount=0, eventTime=4077608, downTime=4077608, deviceId=-1, source=0x101 }
W/ViewRootImpl( 5002): Cancelling event due to no window focus: KeyEvent { action=ACTION_UP, keyCode=KEYCODE_DPAD_LEFT, scanCode=0, metaState=0, flags=0x28, repeatCount=0, eventTime=4077608, downTime=4077608, deviceId=-1, source=0x101 }
W/ViewRootImpl( 5002): Cancelling event due to no window focus: KeyEvent { action=ACTION_UP, keyCode=KEYCODE_DPAD_LEFT, scanCode=0, metaState=0, flags=0x28, repeatCount=0, eventTime=4077608, downTime=4077608, deviceId=-1, source=0x101 }
W/ViewRootImpl( 5002): Cancelling event due to no window focus: KeyEvent { action=ACTION_UP, keyCode=KEYCODE_DPAD_LEFT, scanCode=0, metaState=0, flags=0x28, repeatCount=0, eventTime=4077608, downTime=4077608, deviceId=-1, source=0x101 }
W/ViewRootImpl( 5002): Cancelling event due to no window focus: KeyEvent { action=ACTION_UP, keyCode=KEYCODE_DPAD_LEFT, scanCode=0, metaState=0, flags=0x28, repeatCount=0, eventTime=4077608, downTime=4077608, deviceId=-1, source=0x101 }
W/ViewRootImpl( 5002): Dropping event due to no window focus: MotionEvent { action=ACTION_MOVE, id[0]=0, x[0]=-1.0, y[0]=3.0, toolType[0]=TOOL_TYPE_UNKNOWN, buttonState=0, metaState=0, flags=0x0, edgeFlags=0x0, pointerCount=1, historySize=9, eventTime=4077690, downTime=-1, deviceId=0, source=0x10004 }
W/ViewRootImpl( 5002): Dropping event due to no window focus: MotionEvent { action=ACTION_DOWN, id[0]=0, x[0]=0.0, y[0]=0.0, toolType[0]=TOOL_TYPE_UNKNOWN, buttonState=0, metaState=0, flags=0x0, edgeFlags=0x0, pointerCount=1, historySize=0, eventTime=4077691, downTime=4077681, deviceId=0, source=0x10004 }
W/ViewRootImpl( 5002): Cancelling event due to no window focus: MotionEvent { action=ACTION_CANCEL, id[0]=0, x[0]=0.0, y[0]=0.0, toolType[0]=TOOL_TYPE_UNKNOWN, buttonState=0, metaState=0, flags=0x0, edgeFlags=0x0, pointerCount=1, historySize=0, eventTime=4077692, downTime=4077681, deviceId=0, source=0x10004 }
W/ViewRootImpl( 5002): Cancelling event due to no window focus: MotionEvent { action=ACTION_CANCEL, id[0]=0, x[0]=0.0, y[0]=0.0, toolType[0]=TOOL_TYPE_UNKNOWN, buttonState=0, metaState=0, flags=0x0, edgeFlags=0x0, pointerCount=1, historySize=0, eventTime=4077692, downTime=4077681, deviceId=0, source=0x10004 }
W/ViewRootImpl( 5002): Cancelling event due to no window focus: MotionEvent { action=ACTION_CANCEL, id[0]=0, x[0]=0.0, y[0]=0.0, toolType[0]=TOOL_TYPE_UNKNOWN, buttonState=0, metaState=0, flags=0x0, edgeFlags=0x0, pointerCount=1, historySize=0, eventTime=4077692, downTime=4077681, deviceId=0, source=0x10004 }
W/ViewRootImpl( 5002): Cancelling event due to no window focus: MotionEvent { action=ACTION_CANCEL, id[0]=0, x[0]=0.0, y[0]=0.0, toolType[0]=TOOL_TYPE_UNKNOWN, buttonState=0, metaState=0, flags=0x0, edgeFlags=0x0, pointerCount=1, historySize=0, eventTime=4077692, downTime=4077681, deviceId=0, source=0x10004 }
W/ViewRootImpl( 5002): Cancelling event due to no window focus: MotionEvent { action=ACTION_CANCEL, id[0]=0, x[0]=0.0, y[0]=0.0, toolType[0]=TOOL_TYPE_UNKNOWN, buttonState=0, metaState=0, flags=0x0, edgeFlags=0x0, pointerCount=1, historySize=0, eventTime=4077692, downTime=4077681, deviceId=0, source=0x10004 }
W/ViewRootImpl( 5002): Cancelling event due to no window focus: MotionEvent { action=ACTION_CANCEL, id[0]=0, x[0]=0.0, y[0]=0.0, toolType[0]=TOOL_TYPE_UNKNOWN, buttonState=0, metaState=0, flags=0x0, edgeFlags=0x0, pointerCount=1, historySize=0, eventTime=4077692, downTime=4077681, deviceId=0, source=0x10004 }
W/ViewRootImpl( 5002): Cancelling event due to no window focus: MotionEvent { action=ACTION_CANCEL, id[0]=0, x[0]=0.0, y[0]=0.0, toolType[0]=TOOL_TYPE_UNKNOWN, buttonState=0, metaState=0, flags=0x0, edgeFlags=0x0, pointerCount=1, historySize=0, eventTime=4077692, downTime=4077681, deviceId=0, source=0x10004 }
W/ViewRootImpl( 5002): Dropping event due to no window focus: KeyEvent { action=ACTION_DOWN, keyCode=KEYCODE_DPAD_UP, scanCode=0, metaState=0, flags=0x8, repeatCount=0, eventTime=4077692, downTime=4077692, deviceId=-1, source=0x101 }
I/ActivityManager(  738): START u0 {act=android.intent.action.MAIN cat=[android.intent.category.LAUNCHER] flg=0x10200000 cmp=com.zzl.falcon.internal/com.zzl.falcon.EntranceActivity} from uid 0 on display 0
W/ViewRootImpl( 5002): Dropping event due to root view being removed: MotionEvent { action=ACTION_POINTER_DOWN(1), id[0]=0, x[0]=-65.42044, y[0]=696.48, toolType[0]=TOOL_TYPE_UNKNOWN, id[1]=1, x[1]=-275.0, y[1]=452.0, toolType[1]=TOOL_TYPE_UNKNOWN, buttonState=0, metaState=0, flags=0x0, edgeFlags=0x0, pointerCount=2, historySize=0, eventTime=4077701, downTime=4077700, deviceId=0, source=0x1002 }
W/ViewRootImpl( 5002): Dropping event due to root view being removed: MotionEvent { action=ACTION_MOVE, id[0]=0, x[0]=-20.782196, y[0]=698.75183, toolType[0]=TOOL_TYPE_UNKNOWN, id[1]=1, x[1]=-272.54572, y[1]=485.0053, toolType[1]=TOOL_TYPE_UNKNOWN, buttonState=0, metaState=0, flags=0x0, edgeFlags=0x0, pointerCount=2, historySize=3, eventTime=4077712, downTime=4077700, deviceId=0, source=0x1002 }
W/ViewRootImpl( 5002): Dropping event due to root view being removed: MotionEvent { action=ACTION_POINTER_UP(1), id[0]=0, x[0]=-0.25357056, y[0]=699.157, toolType[0]=TOOL_TYPE_UNKNOWN, id[1]=1, x[1]=-271.22272, y[1]=492.73083, toolType[1]=TOOL_TYPE_UNKNOWN, buttonState=0, metaState=0, flags=0x0, edgeFlags=0x0, pointerCount=2, historySize=0, eventTime=4077714, downTime=4077700, deviceId=0, source=0x1002 }
W/ViewRootImpl( 5002): Dropping event due to root view being removed: MotionEvent { action=ACTION_UP, id[0]=0, x[0]=12.402039, y[0]=699.8545, toolType[0]=TOOL_TYPE_UNKNOWN, buttonState=0, metaState=0, flags=0x0, edgeFlags=0x0, pointerCount=1, historySize=0, eventTime=4077715, downTime=4077700, deviceId=0, source=0x1002 }
W/ViewRootImpl( 1586): Dropping event due to no window focus: KeyEvent { action=ACTION_DOWN, keyCode=KEYCODE_DPAD_LEFT, scanCode=0, metaState=0, flags=0x8, repeatCount=0, eventTime=4077799, downTime=4077799, deviceId=-1, source=0x101 }
I/ActivityManager(  738): START u0 {act=android.intent.action.MAIN cat=[android.intent.category.LAUNCHER] flg=0x10200000 cmp=com.zzl.falcon.internal/com.squareup.leakcanary.internal.DisplayLeakActivity} from uid 0 on display 0
W/ViewRootImpl( 1586): Cancelling event due to no window focus: KeyEvent { action=ACTION_UP, keyCode=KEYCODE_DPAD_LEFT, scanCode=0, metaState=0, flags=0x28, repeatCount=0, eventTime=4077907, downTime=4077907, deviceId=-1, source=0x101 }
W/ViewRootImpl( 1586): Cancelling event due to no window focus: KeyEvent { action=ACTION_UP, keyCode=KEYCODE_DPAD_LEFT, scanCode=0, metaState=0, flags=0x28, repeatCount=0, eventTime=4077907, downTime=4077907, deviceId=-1, source=0x101 }
W/ViewRootImpl( 1586): Cancelling event due to no window focus: KeyEvent { action=ACTION_UP, keyCode=KEYCODE_DPAD_LEFT, scanCode=0, metaState=0, flags=0x28, repeatCount=0, eventTime=4077907, downTime=4077907, deviceId=-1, source=0x101 }
W/ViewRootImpl( 1586): Cancelling event due to no window focus: KeyEvent { action=ACTION_UP, keyCode=KEYCODE_DPAD_LEFT, scanCode=0, metaState=0, flags=0x28, repeatCount=0, eventTime=4077907, downTime=4077907, deviceId=-1, source=0x101 }
W/ViewRootImpl( 1586): Cancelling event due to no window focus: KeyEvent { action=ACTION_UP, keyCode=KEYCODE_DPAD_LEFT, scanCode=0, metaState=0, flags=0x28, repeatCount=0, eventTime=4077907, downTime=4077907, deviceId=-1, source=0x101 }
W/ViewRootImpl( 1586): Cancelling event due to no window focus: KeyEvent { action=ACTION_UP, keyCode=KEYCODE_DPAD_LEFT, scanCode=0, metaState=0, flags=0x28, repeatCount=0, eventTime=4077907, downTime=4077907, deviceId=-1, source=0x101 }
W/ViewRootImpl( 1586): Cancelling event due to no window focus: KeyEvent { action=ACTION_UP, keyCode=KEYCODE_DPAD_LEFT, scanCode=0, metaState=0, flags=0x28, repeatCount=0, eventTime=4077907, downTime=4077907, deviceId=-1, source=0x101 }
W/ViewRootImpl( 1586): Cancelling event due to no window focus: KeyEvent { action=ACTION_UP, keyCode=KEYCODE_DPAD_LEFT, scanCode=0, metaState=0, flags=0x28, repeatCount=0, eventTime=4077907, downTime=4077907, deviceId=-1, source=0x101 }
W/ViewRootImpl( 1586): Cancelling event due to no window focus: KeyEvent { action=ACTION_UP, keyCode=KEYCODE_DPAD_LEFT, scanCode=0, metaState=0, flags=0x28, repeatCount=0, eventTime=4077907, downTime=4077907, deviceId=-1, source=0x101 }
W/ViewRootImpl( 1586): Cancelling event due to no window focus: KeyEvent { action=ACTION_UP, keyCode=KEYCODE_MENU, scanCode=0, metaState=0, flags=0x28, repeatCount=0, eventTime=4078163, downTime=4078086, deviceId=-1, source=0x101 }
W/ViewRootImpl( 1586): Cancelling event due to no window focus: KeyEvent { action=ACTION_UP, keyCode=KEYCODE_MENU, scanCode=0, metaState=0, flags=0x28, repeatCount=0, eventTime=4078163, downTime=4078086, deviceId=-1, source=0x101 }
W/ViewRootImpl( 1586): Cancelling event due to no window focus: KeyEvent { action=ACTION_UP, keyCode=KEYCODE_MENU, scanCode=0, metaState=0, flags=0x28, repeatCount=0, eventTime=4078163, downTime=4078086, deviceId=-1, source=0x101 }
W/ViewRootImpl( 5002): Cancelling event due to no window focus: KeyEvent { action=ACTION_UP, keyCode=KEYCODE_MENU, scanCode=0, metaState=0, flags=0x28, repeatCount=0, eventTime=4078161, downTime=4078161, deviceId=-1, source=0x101 }
W/ViewRootImpl( 5002): Cancelling event due to no window focus: KeyEvent { action=ACTION_UP, keyCode=KEYCODE_MENU, scanCode=0, metaState=0, flags=0x28, repeatCount=0, eventTime=4078161, downTime=4078161, deviceId=-1, source=0x101 }
W/ViewRootImpl( 5002): Cancelling event due to no window focus: KeyEvent { action=ACTION_UP, keyCode=KEYCODE_MENU, scanCode=0, metaState=0, flags=0x28, repeatCount=0, eventTime=4078161, downTime=4078161, deviceId=-1, source=0x101 }
W/ViewRootImpl( 5002): Cancelling event due to no window focus: KeyEvent { action=ACTION_UP, keyCode=KEYCODE_MENU, scanCode=0, metaState=0, flags=0x28, repeatCount=0, eventTime=4078161, downTime=4078161, deviceId=-1, source=0x101 }
W/ViewRootImpl( 5002): Cancelling event due to no window focus: KeyEvent { action=ACTION_UP, keyCode=KEYCODE_MENU, scanCode=0, metaState=0, flags=0x28, repeatCount=0, eventTime=4078161, downTime=4078161, deviceId=-1, source=0x101 }
W/ViewRootImpl( 5002): Cancelling event due to no window focus: KeyEvent { action=ACTION_UP, keyCode=KEYCODE_MENU, scanCode=0, metaState=0, flags=0x28, repeatCount=0, eventTime=4078161, downTime=4078161, deviceId=-1, source=0x101 }
W/ViewRootImpl( 5002): Dropping event due to no window focus: KeyEvent { action=ACTION_DOWN, keyCode=KEYCODE_MENU, scanCode=0, metaState=0, flags=0x8, repeatCount=0, eventTime=4078165, downTime=4078165, deviceId=-1, source=0x101 }
V/WindowManager(  738): Adding window Window{24bb927e u0 SubPanel:com.zzl.falcon.internal/com.zzl.falcon.login.LoginActivity} at 5 of 13 (after Window{3d6989ff u0 com.zzl.falcon.internal/com.zzl.falcon.login.LoginActivity})
W/ViewRootImpl( 5002): Cancelling event due to no window focus: KeyEvent { action=ACTION_UP, keyCode=KEYCODE_MENU, scanCode=0, metaState=0, flags=0x28, repeatCount=0, eventTime=4078217, downTime=4078217, deviceId=-1, source=0x101 }
W/ViewRootImpl( 5002): Cancelling event due to no window focus: KeyEvent { action=ACTION_UP, keyCode=KEYCODE_MENU, scanCode=0, metaState=0, flags=0x28, repeatCount=0, eventTime=4078217, downTime=4078217, deviceId=-1, source=0x101 }
W/ViewRootImpl( 5002): Cancelling event due to no window focus: KeyEvent { action=ACTION_UP, keyCode=KEYCODE_MENU, scanCode=0, metaState=0, flags=0x28, repeatCount=0, eventTime=4078217, downTime=4078217, deviceId=-1, source=0x101 }
W/ViewRootImpl( 5002): Cancelling event due to no window focus: KeyEvent { action=ACTION_UP, keyCode=KEYCODE_MENU, scanCode=0, metaState=0, flags=0x28, repeatCount=0, eventTime=4078217, downTime=4078217, deviceId=-1, source=0x101 }
W/ViewRootImpl( 5002): Cancelling event due to no window focus: KeyEvent { action=ACTION_UP, keyCode=KEYCODE_MENU, scanCode=0, metaState=0, flags=0x28, repeatCount=0, eventTime=4078217, downTime=4078217, deviceId=-1, source=0x101 }
W/ViewRootImpl( 5002): Cancelling event due to no window focus: KeyEvent { action=ACTION_UP, keyCode=KEYCODE_MENU, scanCode=0, metaState=0, flags=0x28, repeatCount=0, eventTime=4078217, downTime=4078217, deviceId=-1, source=0x101 }
V/WindowManager(  738): Adding window Window{277a588a u0 PopupWindow:2e8788f1} at 7 of 14 (after Window{1e6d377d u0 com.zzl.falcon.internal/com.squareup.leakcanary.internal.DisplayLeakActivity})
W/ViewRootImpl( 5002): Cancelling event due to no window focus: KeyEvent { action=ACTION_UP, keyCode=KEYCODE_F, scanCode=0, metaState=0, flags=0x28, repeatCount=0, eventTime=4078403, downTime=4078403, deviceId=-1, source=0x101 }
W/ViewRootImpl( 5002): Cancelling event due to no window focus: KeyEvent { action=ACTION_UP, keyCode=KEYCODE_F, scanCode=0, metaState=0, flags=0x28, repeatCount=0, eventTime=4078403, downTime=4078403, deviceId=-1, source=0x101 }
W/ViewRootImpl( 5002): Cancelling event due to no window focus: KeyEvent { action=ACTION_UP, keyCode=KEYCODE_F, scanCode=0, metaState=0, flags=0x28, repeatCount=0, eventTime=4078403, downTime=4078403, deviceId=-1, source=0x101 }
W/ViewRootImpl( 5002): Cancelling event due to no window focus: KeyEvent { action=ACTION_UP, keyCode=KEYCODE_F, scanCode=0, metaState=0, flags=0x28, repeatCount=0, eventTime=4078403, downTime=4078403, deviceId=-1, source=0x101 }
W/ViewRootImpl( 5002): Cancelling event due to no window focus: KeyEvent { action=ACTION_UP, keyCode=KEYCODE_F, scanCode=0, metaState=0, flags=0x28, repeatCount=0, eventTime=4078403, downTime=4078403, deviceId=-1, source=0x101 }
W/ViewRootImpl( 5002): Cancelling event due to no window focus: KeyEvent { action=ACTION_UP, keyCode=KEYCODE_F, scanCode=0, metaState=0, flags=0x28, repeatCount=0, eventTime=4078403, downTime=4078403, deviceId=-1, source=0x101 }
W/ViewRootImpl( 5002): Cancelling event due to no window focus: KeyEvent { action=ACTION_UP, keyCode=KEYCODE_F, scanCode=0, metaState=0, flags=0x28, repeatCount=0, eventTime=4078403, downTime=4078403, deviceId=-1, source=0x101 }
W/ViewRootImpl( 5002): Cancelling event due to no window focus: KeyEvent { action=ACTION_UP, keyCode=KEYCODE_F, scanCode=0, metaState=0, flags=0x28, repeatCount=0, eventTime=4078403, downTime=4078403, deviceId=-1, source=0x101 }
W/ViewRootImpl( 5002): Cancelling event due to no window focus: KeyEvent { action=ACTION_UP, keyCode=KEYCODE_F, scanCode=0, metaState=0, flags=0x28, repeatCount=0, eventTime=4078403, downTime=4078403, deviceId=-1, source=0x101 }
W/ViewRootImpl( 5002): Dropping event due to no window focus: MotionEvent { action=ACTION_MOVE, id[0]=0, x[0]=1.0, y[0]=-2.0, toolType[0]=TOOL_TYPE_UNKNOWN, buttonState=0, metaState=0, flags=0x0, edgeFlags=0x0, pointerCount=1, historySize=8, eventTime=4078794, downTime=-1, deviceId=0, source=0x10004 }
I/ActivityManager(  738): START u0 {act=android.intent.action.CHOOSER cmp=android/com.android.internal.app.ChooserActivity (has extras)} from uid 10074 on display 0
W/ViewRootImpl( 5002): Dropping event due to root view being removed: MotionEvent { action=ACTION_DOWN, id[0]=0, x[0]=-254.0, y[0]=929.0, toolType[0]=TOOL_TYPE_UNKNOWN, buttonState=0, metaState=0, flags=0x0, edgeFlags=0x0, pointerCount=1, historySize=0, eventTime=4078941, downTime=4078941, deviceId=0, source=0x1002 }
W/ViewRootImpl( 5002): Dropping event due to root view being removed: MotionEvent { action=ACTION_POINTER_DOWN(1), id[0]=0, x[0]=-243.25772, y[0]=917.457, toolType[0]=TOOL_TYPE_UNKNOWN, id[1]=1, x[1]=386.0, y[1]=881.0, toolType[1]=TOOL_TYPE_UNKNOWN, buttonState=0, metaState=0, flags=0x0, edgeFlags=0x0, pointerCount=2, historySize=0, eventTime=4078944, downTime=4078941, deviceId=0, source=0x1002 }
W/ViewRootImpl( 5002): Dropping event due to root view being removed: MotionEvent { action=ACTION_MOVE, id[0]=0, x[0]=-201.50987, y[0]=869.42975, toolType[0]=TOOL_TYPE_UNKNOWN, id[1]=1, x[1]=400.0, y[1]=815.427, toolType[1]=TOOL_TYPE_UNKNOWN, buttonState=0, metaState=0, flags=0x0, edgeFlags=0x0, pointerCount=2, historySize=4, eventTime=4078947, downTime=4078941, deviceId=0, source=0x1002 }
W/ViewRootImpl( 5002): Dropping event due to root view being removed: MotionEvent { action=ACTION_POINTER_UP(1), id[0]=0, x[0]=-192.73154, y[0]=855.25684, toolType[0]=TOOL_TYPE_UNKNOWN, id[1]=1, x[1]=400.0, y[1]=798.34576, toolType[1]=TOOL_TYPE_UNKNOWN, buttonState=0, metaState=0, flags=0x0, edgeFlags=0x0, pointerCount=2, historySize=0, eventTime=4078949, downTime=4078941, deviceId=0, source=0x1002 }
W/ViewRootImpl( 5002): Dropping event due to root view being removed: MotionEvent { action=ACTION_UP, id[0]=0, x[0]=-176.57251, y[0]=853.7223, toolType[0]=TOOL_TYPE_UNKNOWN, buttonState=0, metaState=0, flags=0x0, edgeFlags=0x0, pointerCount=1, historySize=0, eventTime=4078950, downTime=4078941, deviceId=0, source=0x1002 }
W/ViewRootImpl( 5002): Dropping event due to root view being removed: MotionEvent { action=ACTION_DOWN, id[0]=0, x[0]=216.0, y[0]=896.0, toolType[0]=TOOL_TYPE_UNKNOWN, buttonState=0, metaState=0, flags=0x0, edgeFlags=0x0, pointerCount=1, historySize=0, eventTime=4078953, downTime=4078952, deviceId=0, source=0x1002 }
W/ViewRootImpl( 5002): Dropping event due to root view being removed: MotionEvent { action=ACTION_MOVE, id[0]=0, x[0]=201.86401, y[0]=866.73724, toolType[0]=TOOL_TYPE_UNKNOWN, buttonState=0, metaState=0, flags=0x0, edgeFlags=0x0, pointerCount=1, historySize=4, eventTime=4078977, downTime=4078952, deviceId=0, source=0x1002 }
W/ViewRootImpl( 5002): Dropping event due to root view being removed: MotionEvent { action=ACTION_UP, id[0]=0, x[0]=197.59253, y[0]=855.8784, toolType[0]=TOOL_TYPE_UNKNOWN, buttonState=0, metaState=0, flags=0x0, edgeFlags=0x0, pointerCount=1, historySize=0, eventTime=4078984, downTime=4078952, deviceId=0, source=0x1002 }
W/ViewRootImpl( 5002): Dropping event due to root view being removed: MotionEvent { action=ACTION_MOVE, id[0]=0, x[0]=-3.0, y[0]=-2.0, toolType[0]=TOOL_TYPE_UNKNOWN, buttonState=0, metaState=0, flags=0x0, edgeFlags=0x0, pointerCount=1, historySize=29, eventTime=4078940, downTime=-1, deviceId=0, source=0x10004 }
W/ViewRootImpl( 5002): Dropping event due to no window focus: KeyEvent { action=ACTION_DOWN, keyCode=KEYCODE_DPAD_RIGHT, scanCode=0, metaState=0, flags=0x8, repeatCount=0, eventTime=4078995, downTime=4078995, deviceId=-1, source=0x101 }
W/ViewRootImpl( 5002): Cancelling event due to no window focus: KeyEvent { action=ACTION_UP, keyCode=KEYCODE_DPAD_RIGHT, scanCode=0, metaState=0, flags=0x28, repeatCount=0, eventTime=4079027, downTime=4079027, deviceId=-1, source=0x101 }
W/ViewRootImpl( 5002): Cancelling event due to no window focus: KeyEvent { action=ACTION_UP, keyCode=KEYCODE_DPAD_RIGHT, scanCode=0, metaState=0, flags=0x28, repeatCount=0, eventTime=4079027, downTime=4079027, deviceId=-1, source=0x101 }
W/ViewRootImpl( 5002): Cancelling event due to no window focus: KeyEvent { action=ACTION_UP, keyCode=KEYCODE_DPAD_RIGHT, scanCode=0, metaState=0, flags=0x28, repeatCount=0, eventTime=4079027, downTime=4079027, deviceId=-1, source=0x101 }
I/ActivityManager(  738): START u0 {act=android.intent.action.MAIN cat=[android.intent.category.LAUNCHER] flg=0x10000000 cmp=com.android.contacts/.activities.PeopleActivity sel=act=android.intent.action.MAIN cat=[android.intent.category.APP_CONTACTS]}} from uid 1000 on display 0
W/ViewRootImpl( 5002): Cancelling event due to no window focus: KeyEvent { action=ACTION_UP, keyCode=KEYCODE_DPAD_RIGHT, scanCode=0, metaState=0, flags=0x28, repeatCount=0, eventTime=4079027, downTime=4079027, deviceId=-1, source=0x101 }
W/ViewRootImpl( 5002): Cancelling event due to no window focus: KeyEvent { action=ACTION_UP, keyCode=KEYCODE_DPAD_RIGHT, scanCode=0, metaState=0, flags=0x28, repeatCount=0, eventTime=4079027, downTime=4079027, deviceId=-1, source=0x101 }
W/ViewRootImpl( 5002): Cancelling event due to no window focus: KeyEvent { action=ACTION_UP, keyCode=KEYCODE_DPAD_RIGHT, scanCode=0, metaState=0, flags=0x28, repeatCount=0, eventTime=4079027, downTime=4079027, deviceId=-1, source=0x101 }
W/ViewRootImpl( 5002): Cancelling event due to no window focus: KeyEvent { action=ACTION_UP, keyCode=KEYCODE_DPAD_RIGHT, scanCode=0, metaState=0, flags=0x28, repeatCount=0, eventTime=4079027, downTime=4079027, deviceId=-1, source=0x101 }
W/ViewRootImpl( 5002): Cancelling event due to no window focus: KeyEvent { action=ACTION_UP, keyCode=KEYCODE_DPAD_RIGHT, scanCode=0, metaState=0, flags=0x28, repeatCount=0, eventTime=4079027, downTime=4079027, deviceId=-1, source=0x101 }
W/ViewRootImpl( 5002): Cancelling event due to no window focus: KeyEvent { action=ACTION_UP, keyCode=KEYCODE_DPAD_RIGHT, scanCode=0, metaState=0, flags=0x28, repeatCount=0, eventTime=4079027, downTime=4079027, deviceId=-1, source=0x101 }
W/ViewRootImpl( 5002): Dropping event due to no window focus: MotionEvent { action=ACTION_MOVE, id[0]=0, x[0]=-2.0, y[0]=-5.0, toolType[0]=TOOL_TYPE_UNKNOWN, buttonState=0, metaState=0, flags=0x0, edgeFlags=0x0, pointerCount=1, historySize=2, eventTime=4079041, downTime=-1, deviceId=0, source=0x10004 }
W/InputMethodManagerService(  738): Window already focused, ignoring focus gain of: com.android.internal.view.IInputMethodClient$Stub$Proxy@6ad7356 attribute=null, token = android.os.BinderProxy@ed349d4
