--------- beginning of crash
F/libc    (  373): Fatal signal 6 (SIGABRT), code -6 in tid 373 (surfaceflinger)
I/DEBUG   (  120): *** *** *** *** *** *** *** *** *** *** *** *** *** *** *** ***
I/DEBUG   (  120): Build fingerprint: 'generic/vbox86p/vbox86p:5.1/LMY47D/genymotion03202140:userdebug/test-keys'
I/DEBUG   (  120): Revision: '0'
I/DEBUG   (  120): ABI: 'x86'
I/DEBUG   (  120): pid: 373, tid: 373, name: surfaceflinger  >>> /system/bin/surfaceflinger <<<
I/DEBUG   (  120): signal 6 (SIGABRT), code -6 (SI_TKILL), fault addr --------
I/DEBUG   (  120):     eax 00000000  ebx 00000175  ecx 00000175  edx 00000006
I/DEBUG   (  120):     esi f77ccc48  edi 00000002
I/DEBUG   (  120):     xcs 00000023  xds 0000002b  xes 0000002b  xfs 00000003  xss 0000002b
I/DEBUG   (  120):     eip f76e5f06  ebp 00000175  esp ffafce60  flags 00000282
I/DEBUG   (  120): 
I/DEBUG   (  120): backtrace:
I/DEBUG   (  120):     #00 pc 00074f06  /system/lib/libc.so (tgkill+22)
I/DEBUG   (  120):     #01 pc 000221ab  /system/lib/libc.so (pthread_kill+155)
I/DEBUG   (  120):     #02 pc 00023a24  /system/lib/libc.so (raise+36)
I/DEBUG   (  120):     #03 pc 0001be24  /system/lib/libc.so (abort+84)
I/DEBUG   (  120):     #04 pc 00031b25  /system/lib/libsurfaceflinger.so
I/DEBUG   (  120):     #05 pc 00020717  /system/lib/libsurfaceflinger.so (android::SurfaceFlinger::init()+199)
I/DEBUG   (  120):     #06 pc 00000b51  /system/bin/surfaceflinger
I/DEBUG   (  120):     #07 pc 00012fc4  /system/lib/libc.so (__libc_init+100)
I/DEBUG   (  120):     #08 pc 00000cd6  /system/bin/surfaceflinger
--------- beginning of system
W/ViewRootImpl( 1574): Cancelling event due to no window focus: KeyEvent { action=ACTION_UP, keyCode=KEYCODE_DPAD_CENTER, scanCode=0, metaState=0, flags=0x28, repeatCount=0, eventTime=159265469, downTime=159265469, deviceId=-1, source=0x101 }
W/ViewRootImpl( 1574): Dropping event due to no window focus: KeyEvent { action=ACTION_DOWN, keyCode=KEYCODE_DPAD_RIGHT, scanCode=0, metaState=0, flags=0x8, repeatCount=0, eventTime=159265470, downTime=159265470, deviceId=-1, source=0x101 }
W/ViewRootImpl( 1574): Cancelling event due to no window focus: KeyEvent { action=ACTION_UP, keyCode=KEYCODE_DPAD_RIGHT, scanCode=0, metaState=0, flags=0x28, repeatCount=0, eventTime=159265471, downTime=159265471, deviceId=-1, source=0x101 }
W/ViewRootImpl(  877): Dropping event due to no window focus: MotionEvent { action=ACTION_MOVE, id[0]=0, x[0]=3.0, y[0]=3.0, toolType[0]=TOOL_TYPE_UNKNOWN, buttonState=0, metaState=0, flags=0x0, edgeFlags=0x0, pointerCount=1, historySize=6, eventTime=159265500, downTime=-1, deviceId=0, source=0x10004 }
W/ViewRootImpl(  877): Dropping event due to no window focus: KeyEvent { action=ACTION_DOWN, keyCode=KEYCODE_DPAD_RIGHT, scanCode=0, metaState=0, flags=0x8, repeatCount=0, eventTime=159265500, downTime=159265500, deviceId=-1, source=0x101 }
I/ActivityManager(  774): START u0 {act=android.intent.action.MAIN cat=[android.intent.category.LAUNCHER] flg=0x10000000 cmp=com.android.calendar/.AllInOneActivity sel=act=android.intent.action.MAIN cat=[android.intent.category.APP_CALENDAR]}} from uid 1000 on display 0
D/ConnectivityService(  774): setProvNotificationVisibleIntent: E visible=false networkType=0 extraInfo=null
D/Genyd   (  117): Received Set Clipboard
D/Genymotion(  117): Received Set Clipboard
D/Genyd   (  117): Received Set Clipboard
D/Genymotion(  117): Received Set Clipboard
D/Genyd   (  117): Received Set Clipboard
D/Genymotion(  117): Received Set Clipboard
D/Genyd   (  117): Received Set Clipboard
D/Genymotion(  117): Received Set Clipboard
D/Genyd   (  117): Received Set Clipboard
D/Genymotion(  117): Received Set Clipboard
D/Genyd   (  117): Received Set Clipboard
D/Genymotion(  117): Received Set Clipboard
D/Genyd   (  117): Received Set Clipboard
D/Genymotion(  117): Received Set Clipboard
D/Genyd   (  117): Received Set Clipboard
D/Genymotion(  117): Received Set Clipboard
D/Genyd   (  117): Received Set Clipboard
D/Genymotion(  117): Received Set Clipboard
D/Genyd   (  117): Received Set Clipboard
D/Genymotion(  117): Received Set Clipboard
D/Genyd   (  117): Received Set Clipboard
D/Genymotion(  117): Received Set Clipboard
D/ConnectivityService(  774): setProvNotificationVisibleIntent: E visible=false networkType=0 extraInfo=null
W/BroadcastQueue(  774): Skipping deliver [background] BroadcastRecord{3f02ffcc u-1 android.net.conn.CONNECTIVITY_CHANGE} to ReceiverList{21ff4215 12736 (unknown name)/0/u-1 remote:2eae291e}: process crashing
I/ActivityManager(  774): START u0 {act=android.intent.action.MAIN cat=[android.intent.category.LAUNCHER] flg=0x10200000 cmp=com.zzl.falcon.internal/com.zzl.falcon.EntranceActivity} from uid 0 on display 0
I/ActivityManager(  774): START u0 {act=android.intent.action.MAIN cat=[android.intent.category.HOME] flg=0x10200000 cmp=com.android.launcher3/.Launcher} from uid 1000 on display 0
W/InputMethodManagerService(  774): Window already focused, ignoring focus gain of: com.android.internal.view.IInputMethodClient$Stub$Proxy@310fb92a attribute=null, token = android.os.BinderProxy@210ebc96
W/ViewRootImpl(  877): Dropping event due to no window focus: MotionEvent { action=ACTION_MOVE, id[0]=0, x[0]=0.0, y[0]=-4.0, toolType[0]=TOOL_TYPE_UNKNOWN, buttonState=0, metaState=0, flags=0x0, edgeFlags=0x0, pointerCount=1, historySize=7, eventTime=159943049, downTime=-1, deviceId=0, source=0x10004 }
I/ActivityManager(  774): START u0 {act=android.intent.action.CALL_BUTTON flg=0x10000000 cmp=com.android.dialer/.DialtactsActivity} from uid 10099 on display 0
W/InputManager(  774): Input event injection from pid 12736 failed.
I/ActivityManager(  774): START u0 {act=android.intent.action.MAIN cat=[android.intent.category.LAUNCHER] flg=0x10200000 cmp=com.zzl.falcon.internal/com.zzl.falcon.EntranceActivity} from uid 0 on display 0
W/ViewRootImpl(  877): Dropping event due to no window focus: KeyEvent { action=ACTION_DOWN, keyCode=KEYCODE_VOLUME_UP, scanCode=0, metaState=0, flags=0x8, repeatCount=0, eventTime=159951344, downTime=159951344, deviceId=-1, source=0x101 }
W/ViewRootImpl(  877): Cancelling event due to no window focus: KeyEvent { action=ACTION_UP, keyCode=KEYCODE_VOLUME_UP, scanCode=0, metaState=0, flags=0x28, repeatCount=0, eventTime=159951378, downTime=159951378, deviceId=-1, source=0x101 }
W/ViewRootImpl(  877): Cancelling event due to no window focus: KeyEvent { action=ACTION_UP, keyCode=KEYCODE_VOLUME_UP, scanCode=0, metaState=0, flags=0x28, repeatCount=0, eventTime=159951378, downTime=159951378, deviceId=-1, source=0x101 }
W/ViewRootImpl(  877): Cancelling event due to no window focus: KeyEvent { action=ACTION_UP, keyCode=KEYCODE_VOLUME_UP, scanCode=0, metaState=0, flags=0x28, repeatCount=0, eventTime=159951378, downTime=159951378, deviceId=-1, source=0x101 }
W/ViewRootImpl(  877): Cancelling event due to no window focus: KeyEvent { action=ACTION_UP, keyCode=KEYCODE_VOLUME_UP, scanCode=0, metaState=0, flags=0x28, repeatCount=0, eventTime=159951378, downTime=159951378, deviceId=-1, source=0x101 }
W/ViewRootImpl(  877): Cancelling event due to no window focus: KeyEvent { action=ACTION_UP, keyCode=KEYCODE_VOLUME_UP, scanCode=0, metaState=0, flags=0x28, repeatCount=0, eventTime=159951378, downTime=159951378, deviceId=-1, source=0x101 }
W/ViewRootImpl(  877): Cancelling event due to no window focus: KeyEvent { action=ACTION_UP, keyCode=KEYCODE_VOLUME_UP, scanCode=0, metaState=0, flags=0x28, repeatCount=0, eventTime=159951378, downTime=159951378, deviceId=-1, source=0x101 }
W/ViewRootImpl(  877): Cancelling event due to no window focus: KeyEvent { action=ACTION_UP, keyCode=KEYCODE_VOLUME_UP, scanCode=0, metaState=0, flags=0x28, repeatCount=0, eventTime=159951378, downTime=159951378, deviceId=-1, source=0x101 }
W/ViewRootImpl(  877): Dropping event due to no window focus: KeyEvent { action=ACTION_DOWN, keyCode=KEYCODE_DPAD_DOWN, scanCode=0, metaState=0, flags=0x8, repeatCount=0, eventTime=159951628, downTime=159951628, deviceId=-1, source=0x101 }
W/ViewRootImpl(  877): Cancelling event due to no window focus: KeyEvent { action=ACTION_UP, keyCode=KEYCODE_DPAD_DOWN, scanCode=0, metaState=0, flags=0x28, repeatCount=0, eventTime=159951631, downTime=159951631, deviceId=-1, source=0x101 }
W/ViewRootImpl(  877): Cancelling event due to no window focus: KeyEvent { action=ACTION_UP, keyCode=KEYCODE_DPAD_DOWN, scanCode=0, metaState=0, flags=0x28, repeatCount=0, eventTime=159951631, downTime=159951631, deviceId=-1, source=0x101 }
W/ViewRootImpl(  877): Cancelling event due to no window focus: KeyEvent { action=ACTION_UP, keyCode=KEYCODE_DPAD_DOWN, scanCode=0, metaState=0, flags=0x28, repeatCount=0, eventTime=159951631, downTime=159951631, deviceId=-1, source=0x101 }
W/ViewRootImpl(  877): Cancelling event due to no window focus: KeyEvent { action=ACTION_UP, keyCode=KEYCODE_DPAD_DOWN, scanCode=0, metaState=0, flags=0x28, repeatCount=0, eventTime=159951631, downTime=159951631, deviceId=-1, source=0x101 }
W/ViewRootImpl(  877): Cancelling event due to no window focus: KeyEvent { action=ACTION_UP, keyCode=KEYCODE_DPAD_DOWN, scanCode=0, metaState=0, flags=0x28, repeatCount=0, eventTime=159951631, downTime=159951631, deviceId=-1, source=0x101 }
W/ViewRootImpl(  877): Cancelling event due to no window focus: KeyEvent { action=ACTION_UP, keyCode=KEYCODE_DPAD_DOWN, scanCode=0, metaState=0, flags=0x28, repeatCount=0, eventTime=159951631, downTime=159951631, deviceId=-1, source=0x101 }
W/ViewRootImpl(  877): Cancelling event due to no window focus: KeyEvent { action=ACTION_UP, keyCode=KEYCODE_DPAD_DOWN, scanCode=0, metaState=0, flags=0x28, repeatCount=0, eventTime=159951631, downTime=159951631, deviceId=-1, source=0x101 }
W/ViewRootImpl(  877): Cancelling event due to no window focus: KeyEvent { action=ACTION_UP, keyCode=KEYCODE_DPAD_DOWN, scanCode=0, metaState=0, flags=0x28, repeatCount=0, eventTime=159951631, downTime=159951631, deviceId=-1, source=0x101 }
W/ViewRootImpl(  877): Cancelling event due to no window focus: KeyEvent { action=ACTION_UP, keyCode=KEYCODE_DPAD_DOWN, scanCode=0, metaState=0, flags=0x28, repeatCount=0, eventTime=159951631, downTime=159951631, deviceId=-1, source=0x101 }
W/ViewRootImpl( 1574): Dropping event due to no window focus: KeyEvent { action=ACTION_MULTIPLE, keyCode=KEYCODE_DPAD_LEFT, scanCode=0, metaState=0, flags=0x400, repeatCount=2, eventTime=159952395, downTime=159952395, deviceId=-1, source=0x101 }
W/ViewRootImpl( 1574): Dropping event due to no window focus: KeyEvent { action=ACTION_DOWN, keyCode=KEYCODE_DPAD_LEFT, scanCode=0, metaState=0, flags=0x400, repeatCount=0, eventTime=159952395, downTime=159952395, deviceId=-1, source=0x101 }
W/ViewRootImpl( 1574): Cancelling event due to no window focus: KeyEvent { action=ACTION_UP, keyCode=KEYCODE_DPAD_LEFT, scanCode=0, metaState=0, flags=0x420, repeatCount=0, eventTime=159952395, downTime=159952395, deviceId=-1, source=0x101 }
W/ViewRootImpl( 1574): Cancelling event due to no window focus: KeyEvent { action=ACTION_UP, keyCode=KEYCODE_DPAD_LEFT, scanCode=0, metaState=0, flags=0x420, repeatCount=0, eventTime=159952395, downTime=159952395, deviceId=-1, source=0x101 }
W/ViewRootImpl( 1574): Cancelling event due to no window focus: KeyEvent { action=ACTION_UP, keyCode=KEYCODE_DPAD_LEFT, scanCode=0, metaState=0, flags=0x420, repeatCount=0, eventTime=159952395, downTime=159952395, deviceId=-1, source=0x101 }
W/ViewRootImpl( 1574): Dropping event due to no window focus: KeyEvent { action=ACTION_DOWN, keyCode=KEYCODE_DPAD_LEFT, scanCode=0, metaState=0, flags=0x400, repeatCount=0, eventTime=159952395, downTime=159952395, deviceId=-1, source=0x101 }
W/ViewRootImpl( 1574): Cancelling event due to no window focus: KeyEvent { action=ACTION_UP, keyCode=KEYCODE_DPAD_LEFT, scanCode=0, metaState=0, flags=0x420, repeatCount=0, eventTime=159952395, downTime=159952395, deviceId=-1, source=0x101 }
W/ViewRootImpl( 1574): Cancelling event due to no window focus: KeyEvent { action=ACTION_UP, keyCode=KEYCODE_DPAD_LEFT, scanCode=0, metaState=0, flags=0x420, repeatCount=0, eventTime=159952395, downTime=159952395, deviceId=-1, source=0x101 }
W/ViewRootImpl( 1574): Cancelling event due to no window focus: KeyEvent { action=ACTION_UP, keyCode=KEYCODE_DPAD_LEFT, scanCode=0, metaState=0, flags=0x420, repeatCount=0, eventTime=159952395, downTime=159952395, deviceId=-1, source=0x101 }
W/ViewRootImpl( 1574): Dropping event due to no window focus: KeyEvent { action=ACTION_DOWN, keyCode=KEYCODE_DPAD_LEFT, scanCode=0, metaState=0, flags=0x400, repeatCount=0, eventTime=159952395, downTime=159952395, deviceId=-1, source=0x101 }
W/ViewRootImpl( 1574): Cancelling event due to no window focus: KeyEvent { action=ACTION_UP, keyCode=KEYCODE_DPAD_LEFT, scanCode=0, metaState=0, flags=0x420, repeatCount=0, eventTime=159952395, downTime=159952395, deviceId=-1, source=0x101 }
W/ViewRootImpl( 1574): Cancelling event due to no window focus: KeyEvent { action=ACTION_UP, keyCode=KEYCODE_DPAD_LEFT, scanCode=0, metaState=0, flags=0x420, repeatCount=0, eventTime=159952395, downTime=159952395, deviceId=-1, source=0x101 }
W/ViewRootImpl( 1574): Cancelling event due to no window focus: KeyEvent { action=ACTION_UP, keyCode=KEYCODE_DPAD_LEFT, scanCode=0, metaState=0, flags=0x420, repeatCount=0, eventTime=159952395, downTime=159952395, deviceId=-1, source=0x101 }
W/ViewRootImpl( 1574): Dropping event due to no window focus: KeyEvent { action=ACTION_DOWN, keyCode=KEYCODE_DPAD_LEFT, scanCode=0, metaState=0, flags=0x400, repeatCount=0, eventTime=159952395, downTime=159952395, deviceId=-1, source=0x101 }
W/ViewRootImpl( 1574): Cancelling event due to no window focus: KeyEvent { action=ACTION_UP, keyCode=KEYCODE_DPAD_LEFT, scanCode=0, metaState=0, flags=0x420, repeatCount=0, eventTime=159952395, downTime=159952395, deviceId=-1, source=0x101 }
W/ViewRootImpl( 1574): Cancelling event due to no window focus: KeyEvent { action=ACTION_UP, keyCode=KEYCODE_DPAD_LEFT, scanCode=0, metaState=0, flags=0x420, repeatCount=0, eventTime=159952395, downTime=159952395, deviceId=-1, source=0x101 }
W/ViewRootImpl( 1574): Cancelling event due to no window focus: KeyEvent { action=ACTION_UP, keyCode=KEYCODE_DPAD_LEFT, scanCode=0, metaState=0, flags=0x420, repeatCount=0, eventTime=159952395, downTime=159952395, deviceId=-1, source=0x101 }
W/ViewRootImpl( 1574): Cancelling event due to no window focus: KeyEvent { action=ACTION_UP, keyCode=KEYCODE_DPAD_CENTER, scanCode=0, metaState=0, flags=0x28, repeatCount=0, eventTime=159951995, downTime=159951995, deviceId=-1, source=0x101 }
W/ViewRootImpl( 1574): Cancelling event due to no window focus: KeyEvent { action=ACTION_UP, keyCode=KEYCODE_DPAD_CENTER, scanCode=0, metaState=0, flags=0x28, repeatCount=0, eventTime=159951995, downTime=159951995, deviceId=-1, source=0x101 }
W/ViewRootImpl( 1574): Cancelling event due to no window focus: KeyEvent { action=ACTION_UP, keyCode=KEYCODE_DPAD_CENTER, scanCode=0, metaState=0, flags=0x28, repeatCount=0, eventTime=159951995, downTime=159951995, deviceId=-1, source=0x101 }
W/ViewRootImpl( 1574): Cancelling event due to no window focus: KeyEvent { action=ACTION_UP, keyCode=KEYCODE_DPAD_LEFT, scanCode=0, metaState=0, flags=0x420, repeatCount=0, eventTime=159952395, downTime=159952395, deviceId=-1, source=0x101 }
W/ViewRootImpl( 1574): Cancelling event due to no window focus: KeyEvent { action=ACTION_UP, keyCode=KEYCODE_DPAD_LEFT, scanCode=0, metaState=0, flags=0x420, repeatCount=0, eventTime=159952395, downTime=159952395, deviceId=-1, source=0x101 }
W/ViewRootImpl( 1574): Cancelling event due to no window focus: KeyEvent { action=ACTION_UP, keyCode=KEYCODE_DPAD_LEFT, scanCode=0, metaState=0, flags=0x420, repeatCount=0, eventTime=159952395, downTime=159952395, deviceId=-1, source=0x101 }
W/ViewRootImpl( 1574): Cancelling event due to no window focus: KeyEvent { action=ACTION_UP, keyCode=KEYCODE_DPAD_LEFT, scanCode=0, metaState=0, flags=0x420, repeatCount=0, eventTime=159952395, downTime=159952395, deviceId=-1, source=0x101 }
W/ViewRootImpl( 1574): Cancelling event due to no window focus: KeyEvent { action=ACTION_UP, keyCode=KEYCODE_DPAD_LEFT, scanCode=0, metaState=0, flags=0x420, repeatCount=0, eventTime=159952395, downTime=159952395, deviceId=-1, source=0x101 }
W/ViewRootImpl( 1574): Cancelling event due to no window focus: KeyEvent { action=ACTION_UP, keyCode=KEYCODE_DPAD_LEFT, scanCode=0, metaState=0, flags=0x420, repeatCount=0, eventTime=159952395, downTime=159952395, deviceId=-1, source=0x101 }
W/ViewRootImpl( 1574): Cancelling event due to no window focus: KeyEvent { action=ACTION_UP, keyCode=KEYCODE_DPAD_LEFT, scanCode=0, metaState=0, flags=0x420, repeatCount=0, eventTime=159952395, downTime=159952395, deviceId=-1, source=0x101 }
W/ViewRootImpl( 1574): Cancelling event due to no window focus: KeyEvent { action=ACTION_UP, keyCode=KEYCODE_DPAD_LEFT, scanCode=0, metaState=0, flags=0x420, repeatCount=0, eventTime=159952395, downTime=159952395, deviceId=-1, source=0x101 }
W/ViewRootImpl( 1574): Cancelling event due to no window focus: KeyEvent { action=ACTION_UP, keyCode=KEYCODE_DPAD_LEFT, scanCode=0, metaState=0, flags=0x420, repeatCount=0, eventTime=159952395, downTime=159952395, deviceId=-1, source=0x101 }
W/ViewRootImpl( 1574): Cancelling event due to no window focus: KeyEvent { action=ACTION_UP, keyCode=KEYCODE_DPAD_LEFT, scanCode=0, metaState=0, flags=0x420, repeatCount=0, eventTime=159952395, downTime=159952395, deviceId=-1, source=0x101 }
W/ViewRootImpl( 1574): Cancelling event due to no window focus: KeyEvent { action=ACTION_UP, keyCode=KEYCODE_DPAD_LEFT, scanCode=0, metaState=0, flags=0x420, repeatCount=0, eventTime=159952395, downTime=159952395, deviceId=-1, source=0x101 }
W/ViewRootImpl( 1574): Cancelling event due to no window focus: KeyEvent { action=ACTION_UP, keyCode=KEYCODE_DPAD_LEFT, scanCode=0, metaState=0, flags=0x420, repeatCount=0, eventTime=159952395, downTime=159952395, deviceId=-1, source=0x101 }
W/ViewRootImpl( 1574): Cancelling event due to no window focus: KeyEvent { action=ACTION_UP, keyCode=KEYCODE_DPAD_CENTER, scanCode=0, metaState=0, flags=0x28, repeatCount=0, eventTime=159951995, downTime=159951995, deviceId=-1, source=0x101 }
W/ViewRootImpl( 1574): Cancelling event due to no window focus: KeyEvent { action=ACTION_UP, keyCode=KEYCODE_DPAD_CENTER, scanCode=0, metaState=0, flags=0x28, repeatCount=0, eventTime=159951995, downTime=159951995, deviceId=-1, source=0x101 }
W/ViewRootImpl( 1574): Cancelling event due to no window focus: KeyEvent { action=ACTION_UP, keyCode=KEYCODE_DPAD_CENTER, scanCode=0, metaState=0, flags=0x28, repeatCount=0, eventTime=159951995, downTime=159951995, deviceId=-1, source=0x101 }
W/InputMethodManagerService(  774): Window already focused, ignoring focus gain of: com.android.internal.view.IInputMethodClient$Stub$Proxy@10b69ecd attribute=null, token = android.os.BinderProxy@210ebc96
I/ActivityManager(  774): START u0 {act=android.intent.action.MAIN cat=[android.intent.category.LAUNCHER] flg=0x10200000 cmp=com.zzl.falcon.internal/com.zzl.falcon.EntranceActivity} from uid 0 on display 0
W/ViewRootImpl(  877): Cancelling event due to no window focus: KeyEvent { action=ACTION_UP, keyCode=KEYCODE_DPAD_RIGHT, scanCode=0, metaState=0, flags=0x28, repeatCount=0, eventTime=159959868, downTime=159959868, deviceId=-1, source=0x101 }
W/ViewRootImpl(  877): Cancelling event due to no window focus: KeyEvent { action=ACTION_UP, keyCode=KEYCODE_DPAD_RIGHT, scanCode=0, metaState=0, flags=0x28, repeatCount=0, eventTime=159959868, downTime=159959868, deviceId=-1, source=0x101 }
W/ViewRootImpl(  877): Cancelling event due to no window focus: KeyEvent { action=ACTION_UP, keyCode=KEYCODE_DPAD_RIGHT, scanCode=0, metaState=0, flags=0x28, repeatCount=0, eventTime=159959868, downTime=159959868, deviceId=-1, source=0x101 }
W/ViewRootImpl(  877): Cancelling event due to no window focus: KeyEvent { action=ACTION_UP, keyCode=KEYCODE_DPAD_RIGHT, scanCode=0, metaState=0, flags=0x28, repeatCount=0, eventTime=159959868, downTime=159959868, deviceId=-1, source=0x101 }
W/ViewRootImpl(  877): Cancelling event due to no window focus: KeyEvent { action=ACTION_UP, keyCode=KEYCODE_DPAD_RIGHT, scanCode=0, metaState=0, flags=0x28, repeatCount=0, eventTime=159959868, downTime=159959868, deviceId=-1, source=0x101 }
W/ViewRootImpl(  877): Cancelling event due to no window focus: KeyEvent { action=ACTION_UP, keyCode=KEYCODE_DPAD_RIGHT, scanCode=0, metaState=0, flags=0x28, repeatCount=0, eventTime=159959868, downTime=159959868, deviceId=-1, source=0x101 }
W/ViewRootImpl(  877): Cancelling event due to no window focus: KeyEvent { action=ACTION_UP, keyCode=KEYCODE_DPAD_RIGHT, scanCode=0, metaState=0, flags=0x28, repeatCount=0, eventTime=159959868, downTime=159959868, deviceId=-1, source=0x101 }
W/ViewRootImpl(  877): Cancelling event due to no window focus: KeyEvent { action=ACTION_UP, keyCode=KEYCODE_DPAD_RIGHT, scanCode=0, metaState=0, flags=0x28, repeatCount=0, eventTime=159959868, downTime=159959868, deviceId=-1, source=0x101 }
W/ViewRootImpl(  877): Cancelling event due to no window focus: KeyEvent { action=ACTION_UP, keyCode=KEYCODE_DPAD_RIGHT, scanCode=0, metaState=0, flags=0x28, repeatCount=0, eventTime=159959868, downTime=159959868, deviceId=-1, source=0x101 }
W/ViewRootImpl(  877): Dropping event due to no window focus: KeyEvent { action=ACTION_DOWN, keyCode=KEYCODE_MENU, scanCode=0, metaState=0, flags=0x8, repeatCount=0, eventTime=159959898, downTime=159959898, deviceId=-1, source=0x101 }
W/ViewRootImpl(  877): Cancelling event due to no window focus: KeyEvent { action=ACTION_UP, keyCode=KEYCODE_MENU, scanCode=0, metaState=0, flags=0x28, repeatCount=0, eventTime=159960053, downTime=159960053, deviceId=-1, source=0x101 }
W/ViewRootImpl(  877): Cancelling event due to no window focus: KeyEvent { action=ACTION_UP, keyCode=KEYCODE_MENU, scanCode=0, metaState=0, flags=0x28, repeatCount=0, eventTime=159960053, downTime=159960053, deviceId=-1, source=0x101 }
W/ViewRootImpl(  877): Cancelling event due to no window focus: KeyEvent { action=ACTION_UP, keyCode=KEYCODE_MENU, scanCode=0, metaState=0, flags=0x28, repeatCount=0, eventTime=159960053, downTime=159960053, deviceId=-1, source=0x101 }
W/ViewRootImpl(  877): Cancelling event due to no window focus: KeyEvent { action=ACTION_UP, keyCode=KEYCODE_MENU, scanCode=0, metaState=0, flags=0x28, repeatCount=0, eventTime=159960053, downTime=159960053, deviceId=-1, source=0x101 }
W/ViewRootImpl(  877): Cancelling event due to no window focus: KeyEvent { action=ACTION_UP, keyCode=KEYCODE_MENU, scanCode=0, metaState=0, flags=0x28, repeatCount=0, eventTime=159960053, downTime=159960053, deviceId=-1, source=0x101 }
W/ViewRootImpl(  877): Cancelling event due to no window focus: KeyEvent { action=ACTION_UP, keyCode=KEYCODE_MENU, scanCode=0, metaState=0, flags=0x28, repeatCount=0, eventTime=159960053, downTime=159960053, deviceId=-1, source=0x101 }
W/ViewRootImpl(  877): Cancelling event due to no window focus: KeyEvent { action=ACTION_UP, keyCode=KEYCODE_MENU, scanCode=0, metaState=0, flags=0x28, repeatCount=0, eventTime=159960053, downTime=159960053, deviceId=-1, source=0x101 }
W/ViewRootImpl(  877): Cancelling event due to no window focus: KeyEvent { action=ACTION_UP, keyCode=KEYCODE_MENU, scanCode=0, metaState=0, flags=0x28, repeatCount=0, eventTime=159960053, downTime=159960053, deviceId=-1, source=0x101 }
W/ViewRootImpl(  877): Cancelling event due to no window focus: KeyEvent { action=ACTION_UP, keyCode=KEYCODE_MENU, scanCode=0, metaState=0, flags=0x28, repeatCount=0, eventTime=159960053, downTime=159960053, deviceId=-1, source=0x101 }
W/ViewRootImpl(  877): Dropping event due to no window focus: KeyEvent { action=ACTION_DOWN, keyCode=KEYCODE_DPAD_UP, scanCode=0, metaState=0, flags=0x8, repeatCount=0, eventTime=159960059, downTime=159960059, deviceId=-1, source=0x101 }
W/InputMethodManagerService(  774): Window already focused, ignoring focus gain of: com.android.internal.view.IInputMethodClient$Stub$Proxy@21b24382 attribute=null, token = android.os.BinderProxy@210ebc96
I/ActivityManager(  774): START u0 {act=android.intent.action.CALL_BUTTON flg=0x10000000 cmp=com.android.dialer/.DialtactsActivity} from uid 10099 on display 0
I/ActivityManager(  774): START u0 {act=android.intent.action.MAIN cat=[android.intent.category.LAUNCHER] flg=0x10200000 cmp=com.zzl.falcon.internal/com.zzl.falcon.EntranceActivity} from uid 0 on display 0
I/ActivityManager(  774): START u0 {act=android.intent.action.MAIN cat=[android.intent.category.LAUNCHER] flg=0x10200000 cmp=com.zzl.falcon.internal/com.zzl.falcon.EntranceActivity} from uid 0 on display 0
D/Genyd   (  117): Received Set Clipboard
D/Genymotion(  117): Received Set Clipboard
W/BroadcastQueue(  774): Skipping deliver [background] BroadcastRecord{33c515ce u-1 android.net.conn.CONNECTIVITY_CHANGE} to ReceiverList{2e33cef 12826 (unknown name)/0/u-1 remote:1ed9fad0}: process crashing
I/ActivityManager(  774): START u0 {act=android.intent.action.MAIN cat=[android.intent.category.LAUNCHER] flg=0x10200000 cmp=com.zzl.falcon.internal/com.zzl.falcon.EntranceActivity} from uid 0 on display 0
W/ViewRootImpl(  877): Cancelling event due to no window focus: KeyEvent { action=ACTION_UP, keyCode=KEYCODE_DPAD_DOWN, scanCode=0, metaState=0, flags=0x28, repeatCount=0, eventTime=160175462, downTime=160175462, deviceId=-1, source=0x101 }
W/ViewRootImpl(  877): Cancelling event due to no window focus: KeyEvent { action=ACTION_UP, keyCode=KEYCODE_DPAD_DOWN, scanCode=0, metaState=0, flags=0x28, repeatCount=0, eventTime=160175462, downTime=160175462, deviceId=-1, source=0x101 }
W/ViewRootImpl(  877): Cancelling event due to no window focus: KeyEvent { action=ACTION_UP, keyCode=KEYCODE_DPAD_DOWN, scanCode=0, metaState=0, flags=0x28, repeatCount=0, eventTime=160175462, downTime=160175462, deviceId=-1, source=0x101 }
W/ViewRootImpl(  877): Cancelling event due to no window focus: KeyEvent { action=ACTION_UP, keyCode=KEYCODE_DPAD_DOWN, scanCode=0, metaState=0, flags=0x28, repeatCount=0, eventTime=160175462, downTime=160175462, deviceId=-1, source=0x101 }
W/ViewRootImpl(  877): Cancelling event due to no window focus: KeyEvent { action=ACTION_UP, keyCode=KEYCODE_DPAD_DOWN, scanCode=0, metaState=0, flags=0x28, repeatCount=0, eventTime=160175462, downTime=160175462, deviceId=-1, source=0x101 }
W/ViewRootImpl(  877): Cancelling event due to no window focus: KeyEvent { action=ACTION_UP, keyCode=KEYCODE_DPAD_DOWN, scanCode=0, metaState=0, flags=0x28, repeatCount=0, eventTime=160175462, downTime=160175462, deviceId=-1, source=0x101 }
W/ViewRootImpl(  877): Cancelling event due to no window focus: KeyEvent { action=ACTION_UP, keyCode=KEYCODE_DPAD_DOWN, scanCode=0, metaState=0, flags=0x28, repeatCount=0, eventTime=160175462, downTime=160175462, deviceId=-1, source=0x101 }
W/ViewRootImpl(  877): Cancelling event due to no window focus: KeyEvent { action=ACTION_UP, keyCode=KEYCODE_DPAD_DOWN, scanCode=0, metaState=0, flags=0x28, repeatCount=0, eventTime=160175462, downTime=160175462, deviceId=-1, source=0x101 }
W/ViewRootImpl(  877): Cancelling event due to no window focus: KeyEvent { action=ACTION_UP, keyCode=KEYCODE_DPAD_DOWN, scanCode=0, metaState=0, flags=0x28, repeatCount=0, eventTime=160175462, downTime=160175462, deviceId=-1, source=0x101 }
W/ViewRootImpl(  877): Dropping event due to no window focus: KeyEvent { action=ACTION_DOWN, keyCode=KEYCODE_DPAD_DOWN, scanCode=0, metaState=0, flags=0x8, repeatCount=0, eventTime=160175480, downTime=160175480, deviceId=-1, source=0x101 }
W/ViewRootImpl(  877): Cancelling event due to no window focus: KeyEvent { action=ACTION_UP, keyCode=KEYCODE_DPAD_DOWN, scanCode=0, metaState=0, flags=0x28, repeatCount=0, eventTime=160175638, downTime=160175638, deviceId=-1, source=0x101 }
W/ViewRootImpl(  877): Cancelling event due to no window focus: KeyEvent { action=ACTION_UP, keyCode=KEYCODE_DPAD_DOWN, scanCode=0, metaState=0, flags=0x28, repeatCount=0, eventTime=160175638, downTime=160175638, deviceId=-1, source=0x101 }
W/ViewRootImpl(  877): Cancelling event due to no window focus: KeyEvent { action=ACTION_UP, keyCode=KEYCODE_DPAD_DOWN, scanCode=0, metaState=0, flags=0x28, repeatCount=0, eventTime=160175638, downTime=160175638, deviceId=-1, source=0x101 }
W/ViewRootImpl(  877): Cancelling event due to no window focus: KeyEvent { action=ACTION_UP, keyCode=KEYCODE_DPAD_DOWN, scanCode=0, metaState=0, flags=0x28, repeatCount=0, eventTime=160175638, downTime=160175638, deviceId=-1, source=0x101 }
W/ViewRootImpl(  877): Cancelling event due to no window focus: KeyEvent { action=ACTION_UP, keyCode=KEYCODE_DPAD_DOWN, scanCode=0, metaState=0, flags=0x28, repeatCount=0, eventTime=160175638, downTime=160175638, deviceId=-1, source=0x101 }
W/ViewRootImpl(  877): Cancelling event due to no window focus: KeyEvent { action=ACTION_UP, keyCode=KEYCODE_DPAD_DOWN, scanCode=0, metaState=0, flags=0x28, repeatCount=0, eventTime=160175638, downTime=160175638, deviceId=-1, source=0x101 }
W/ViewRootImpl(  877): Cancelling event due to no window focus: KeyEvent { action=ACTION_UP, keyCode=KEYCODE_DPAD_DOWN, scanCode=0, metaState=0, flags=0x28, repeatCount=0, eventTime=160175638, downTime=160175638, deviceId=-1, source=0x101 }
W/ViewRootImpl(  877): Cancelling event due to no window focus: KeyEvent { action=ACTION_UP, keyCode=KEYCODE_DPAD_DOWN, scanCode=0, metaState=0, flags=0x28, repeatCount=0, eventTime=160175638, downTime=160175638, deviceId=-1, source=0x101 }
W/ViewRootImpl(  877): Cancelling event due to no window focus: KeyEvent { action=ACTION_UP, keyCode=KEYCODE_DPAD_DOWN, scanCode=0, metaState=0, flags=0x28, repeatCount=0, eventTime=160175638, downTime=160175638, deviceId=-1, source=0x101 }
W/ViewRootImpl(  877): Dropping event due to no window focus: KeyEvent { action=ACTION_DOWN, keyCode=KEYCODE_MEDIA_FAST_FORWARD, scanCode=0, metaState=0, flags=0x8, repeatCount=0, eventTime=160175639, downTime=160175639, deviceId=-1, source=0x101 }
W/InputMethodManagerService(  774): Window already focused, ignoring focus gain of: com.android.internal.view.IInputMethodClient$Stub$Proxy@2250b90b attribute=null, token = android.os.BinderProxy@210ebc96
I/ActivityManager(  774): START u0 {act=android.intent.action.MAIN cat=[android.intent.category.LAUNCHER] flg=0x10200000 cmp=com.zzl.falcon.internal/com.zzl.falcon.EntranceActivity} from uid 0 on display 0
W/InputManager(  774): Input event injection from pid 12826 failed.
W/InputManager(  774): Input event injection from pid 12826 failed.
I/ActivityManager(  774): START u0 {act=android.intent.action.MAIN cat=[android.intent.category.LAUNCHER] flg=0x10200000 cmp=com.zzl.falcon.internal/com.zzl.falcon.EntranceActivity} from uid 0 on display 0
I/ActivityManager(  774): START u0 {act=android.intent.action.MAIN cat=[android.intent.category.LAUNCHER] flg=0x10200000 cmp=com.zzl.falcon.internal/com.zzl.falcon.EntranceActivity} from uid 0 on display 0
I/ActivityManager(  774): START u0 {act=android.intent.action.MAIN cat=[android.intent.category.LAUNCHER] flg=0x10200000 cmp=com.zzl.falcon.internal/com.zzl.falcon.EntranceActivity} from uid 0 on display 0
I/ActivityManager(  774): START u0 {act=android.intent.action.MAIN cat=[android.intent.category.LAUNCHER] flg=0x10200000 cmp=com.zzl.falcon.internal/com.zzl.falcon.EntranceActivity} from uid 0 on display 0
I/ActivityManager(  774): START u0 {act=android.intent.action.MAIN cat=[android.intent.category.HOME] flg=0x10200000 cmp=com.android.launcher3/.Launcher} from uid 1000 on display 0
I/ActivityManager(  774): START u0 {act=android.intent.action.MAIN cat=[android.intent.category.LAUNCHER] flg=0x10200000 cmp=com.zzl.falcon.internal/com.zzl.falcon.EntranceActivity} from uid 0 on display 0
I/ActivityManager(  774): START u0 {act=android.intent.action.MAIN cat=[android.intent.category.LAUNCHER] flg=0x10200000 cmp=com.zzl.falcon.internal/com.zzl.falcon.EntranceActivity} from uid 0 on display 0
I/ActivityManager(  774): START u0 {act=android.intent.action.MAIN cat=[android.intent.category.LAUNCHER] flg=0x10200000 cmp=com.zzl.falcon.internal/com.zzl.falcon.EntranceActivity} from uid 0 on display 0
I/ProcessStatsService(  774): Prepared write state in 0ms
D/Genyd   (  117): Received Set Clipboard
D/Genymotion(  117): Received Set Clipboard
D/Genyd   (  117): Received Set Clipboard
D/Genymotion(  117): Received Set Clipboard
D/Genyd   (  117): Received Set Clipboard
D/Genymotion(  117): Received Set Clipboard
D/Genyd   (  117): Received Set Clipboard
D/Genymotion(  117): Received Set Clipboard
D/Genyd   (  117): Received Set Clipboard
D/Genymotion(  117): Received Set Clipboard
I/UsageStatsService(  774): User[0] Flushing usage stats to disk
D/Genyd   (  117): Received Set Clipboard
D/Genymotion(  117): Received Set Clipboard
D/Genyd   (  117): Received Set Clipboard
D/Genymotion(  117): Received Set Clipboard
D/ConnectivityService(  774): setProvNotificationVisibleIntent: E visible=false networkType=0 extraInfo=null
W/BroadcastQueue(  774): Skipping deliver [background] BroadcastRecord{1b52542c u-1 android.net.conn.CONNECTIVITY_CHANGE} to ReceiverList{3dbb6ef5 12928 (unknown name)/0/u-1 remote:32888e7e}: process crashing
I/ActivityManager(  774): START u0 {act=android.intent.action.MAIN cat=[android.intent.category.LAUNCHER] flg=0x10200000 cmp=com.zzl.falcon.internal/com.zzl.falcon.EntranceActivity} from uid 0 on display 0
W/ViewRootImpl(  877): Dropping event due to no window focus: MotionEvent { action=ACTION_MOVE, id[0]=0, x[0]=-1.0, y[0]=3.0, toolType[0]=TOOL_TYPE_UNKNOWN, buttonState=0, metaState=0, flags=0x0, edgeFlags=0x0, pointerCount=1, historySize=11, eventTime=160798742, downTime=-1, deviceId=0, source=0x10004 }
W/ViewRootImpl(  877): Dropping event due to no window focus: KeyEvent { action=ACTION_DOWN, keyCode=KEYCODE_MUHENKAN, scanCode=0, metaState=0, flags=0x8, repeatCount=0, eventTime=160798744, downTime=160798744, deviceId=-1, source=0x101 }
W/ViewRootImpl(  877): Cancelling event due to no window focus: KeyEvent { action=ACTION_UP, keyCode=KEYCODE_MUHENKAN, scanCode=0, metaState=0, flags=0x28, repeatCount=0, eventTime=160798944, downTime=160798944, deviceId=-1, source=0x101 }
W/ViewRootImpl(  877): Cancelling event due to no window focus: KeyEvent { action=ACTION_UP, keyCode=KEYCODE_MUHENKAN, scanCode=0, metaState=0, flags=0x28, repeatCount=0, eventTime=160798944, downTime=160798944, deviceId=-1, source=0x101 }
W/ViewRootImpl(  877): Cancelling event due to no window focus: KeyEvent { action=ACTION_UP, keyCode=KEYCODE_MUHENKAN, scanCode=0, metaState=0, flags=0x28, repeatCount=0, eventTime=160798944, downTime=160798944, deviceId=-1, source=0x101 }
W/ViewRootImpl(  877): Cancelling event due to no window focus: KeyEvent { action=ACTION_UP, keyCode=KEYCODE_MUHENKAN, scanCode=0, metaState=0, flags=0x28, repeatCount=0, eventTime=160798944, downTime=160798944, deviceId=-1, source=0x101 }
W/ViewRootImpl(  877): Cancelling event due to no window focus: KeyEvent { action=ACTION_UP, keyCode=KEYCODE_MUHENKAN, scanCode=0, metaState=0, flags=0x28, repeatCount=0, eventTime=160798944, downTime=160798944, deviceId=-1, source=0x101 }
W/ViewRootImpl(  877): Cancelling event due to no window focus: KeyEvent { action=ACTION_UP, keyCode=KEYCODE_MUHENKAN, scanCode=0, metaState=0, flags=0x28, repeatCount=0, eventTime=160798944, downTime=160798944, deviceId=-1, source=0x101 }
W/ViewRootImpl(  877): Cancelling event due to no window focus: KeyEvent { action=ACTION_UP, keyCode=KEYCODE_MUHENKAN, scanCode=0, metaState=0, flags=0x28, repeatCount=0, eventTime=160798944, downTime=160798944, deviceId=-1, source=0x101 }
W/ViewRootImpl(  877): Cancelling event due to no window focus: KeyEvent { action=ACTION_UP, keyCode=KEYCODE_MUHENKAN, scanCode=0, metaState=0, flags=0x28, repeatCount=0, eventTime=160798944, downTime=160798944, deviceId=-1, source=0x101 }
W/ViewRootImpl(  877): Cancelling event due to no window focus: KeyEvent { action=ACTION_UP, keyCode=KEYCODE_MUHENKAN, scanCode=0, metaState=0, flags=0x28, repeatCount=0, eventTime=160798944, downTime=160798944, deviceId=-1, source=0x101 }
W/ViewRootImpl( 1574): Dropping event due to no window focus: KeyEvent { action=ACTION_DOWN, keyCode=KEYCODE_DPAD_DOWN, scanCode=0, metaState=0, flags=0x400, repeatCount=0, eventTime=160800062, downTime=160800062, deviceId=-1, source=0x101 }
W/ViewRootImpl( 1574): Cancelling event due to no window focus: KeyEvent { action=ACTION_UP, keyCode=KEYCODE_DPAD_DOWN, scanCode=0, metaState=0, flags=0x420, repeatCount=0, eventTime=160800062, downTime=160800062, deviceId=-1, source=0x101 }
W/ViewRootImpl( 1574): Cancelling event due to no window focus: KeyEvent { action=ACTION_UP, keyCode=KEYCODE_DPAD_DOWN, scanCode=0, metaState=0, flags=0x420, repeatCount=0, eventTime=160800062, downTime=160800062, deviceId=-1, source=0x101 }
W/ViewRootImpl( 1574): Cancelling event due to no window focus: KeyEvent { action=ACTION_UP, keyCode=KEYCODE_DPAD_DOWN, scanCode=0, metaState=0, flags=0x420, repeatCount=0, eventTime=160800062, downTime=160800062, deviceId=-1, source=0x101 }
W/ViewRootImpl( 1574): Dropping event due to no window focus: KeyEvent { action=ACTION_DOWN, keyCode=KEYCODE_DPAD_DOWN, scanCode=0, metaState=0, flags=0x400, repeatCount=0, eventTime=160800062, downTime=160800062, deviceId=-1, source=0x101 }
W/ViewRootImpl( 1574): Cancelling event due to no window focus: KeyEvent { action=ACTION_UP, keyCode=KEYCODE_DPAD_DOWN, scanCode=0, metaState=0, flags=0x420, repeatCount=0, eventTime=160800062, downTime=160800062, deviceId=-1, source=0x101 }
W/ViewRootImpl( 1574): Cancelling event due to no window focus: KeyEvent { action=ACTION_UP, keyCode=KEYCODE_DPAD_DOWN, scanCode=0, metaState=0, flags=0x420, repeatCount=0, eventTime=160800062, downTime=160800062, deviceId=-1, source=0x101 }
W/ViewRootImpl( 1574): Cancelling event due to no window focus: KeyEvent { action=ACTION_UP, keyCode=KEYCODE_DPAD_DOWN, scanCode=0, metaState=0, flags=0x420, repeatCount=0, eventTime=160800062, downTime=160800062, deviceId=-1, source=0x101 }
W/ViewRootImpl( 1574): Dropping event due to no window focus: KeyEvent { action=ACTION_DOWN, keyCode=KEYCODE_DPAD_DOWN, scanCode=0, metaState=0, flags=0x400, repeatCount=0, eventTime=160800062, downTime=160800062, deviceId=-1, source=0x101 }
W/ViewRootImpl( 1574): Cancelling event due to no window focus: KeyEvent { action=ACTION_UP, keyCode=KEYCODE_DPAD_DOWN, scanCode=0, metaState=0, flags=0x420, repeatCount=0, eventTime=160800062, downTime=160800062, deviceId=-1, source=0x101 }
W/ViewRootImpl( 1574): Cancelling event due to no window focus: KeyEvent { action=ACTION_UP, keyCode=KEYCODE_DPAD_DOWN, scanCode=0, metaState=0, flags=0x420, repeatCount=0, eventTime=160800062, downTime=160800062, deviceId=-1, source=0x101 }
W/ViewRootImpl( 1574): Cancelling event due to no window focus: KeyEvent { action=ACTION_UP, keyCode=KEYCODE_DPAD_DOWN, scanCode=0, metaState=0, flags=0x420, repeatCount=0, eventTime=160800062, downTime=160800062, deviceId=-1, source=0x101 }
W/ViewRootImpl( 1574): Dropping event due to no window focus: KeyEvent { action=ACTION_DOWN, keyCode=KEYCODE_DPAD_LEFT, scanCode=0, metaState=0, flags=0x8, repeatCount=0, eventTime=160798984, downTime=160798984, deviceId=-1, source=0x101 }
W/InputMethodManagerService(  774): Window already focused, ignoring focus gain of: com.android.internal.view.IInputMethodClient$Stub$Proxy@2b1b148a attribute=null, token = android.os.BinderProxy@210ebc96
I/ActivityManager(  774): START u0 {act=android.intent.action.MAIN cat=[android.intent.category.LAUNCHER] flg=0x10200000 cmp=com.zzl.falcon.internal/com.zzl.falcon.EntranceActivity} from uid 0 on display 0
W/ViewRootImpl(  877): Dropping event due to no window focus: KeyEvent { action=ACTION_DOWN, keyCode=KEYCODE_NUMPAD_5, scanCode=0, metaState=0, flags=0x8, repeatCount=0, eventTime=160814462, downTime=160814462, deviceId=-1, source=0x101 }
W/ViewRootImpl(  877): Dropping event due to no window focus: KeyEvent { action=ACTION_DOWN, keyCode=KEYCODE_DPAD_CENTER, scanCode=0, metaState=0, flags=0x8, repeatCount=0, eventTime=160814462, downTime=160814462, deviceId=-1, source=0x101 }
W/ViewRootImpl(  877): Cancelling event due to no window focus: KeyEvent { action=ACTION_UP, keyCode=KEYCODE_NUMPAD_5, scanCode=0, metaState=0, flags=0x28, repeatCount=0, eventTime=160814579, downTime=160814579, deviceId=-1, source=0x101 }
W/ViewRootImpl(  877): Cancelling event due to no window focus: KeyEvent { action=ACTION_UP, keyCode=KEYCODE_NUMPAD_5, scanCode=0, metaState=0, flags=0x28, repeatCount=0, eventTime=160814579, downTime=160814579, deviceId=-1, source=0x101 }
W/ViewRootImpl(  877): Cancelling event due to no window focus: KeyEvent { action=ACTION_UP, keyCode=KEYCODE_NUMPAD_5, scanCode=0, metaState=0, flags=0x28, repeatCount=0, eventTime=160814579, downTime=160814579, deviceId=-1, source=0x101 }
W/ViewRootImpl(  877): Cancelling event due to no window focus: KeyEvent { action=ACTION_UP, keyCode=KEYCODE_NUMPAD_5, scanCode=0, metaState=0, flags=0x28, repeatCount=0, eventTime=160814579, downTime=160814579, deviceId=-1, source=0x101 }
W/ViewRootImpl(  877): Cancelling event due to no window focus: KeyEvent { action=ACTION_UP, keyCode=KEYCODE_NUMPAD_5, scanCode=0, metaState=0, flags=0x28, repeatCount=0, eventTime=160814579, downTime=160814579, deviceId=-1, source=0x101 }
W/ViewRootImpl(  877): Cancelling event due to no window focus: KeyEvent { action=ACTION_UP, keyCode=KEYCODE_NUMPAD_5, scanCode=0, metaState=0, flags=0x28, repeatCount=0, eventTime=160814579, downTime=160814579, deviceId=-1, source=0x101 }
W/ViewRootImpl(  877): Cancelling event due to no window focus: KeyEvent { action=ACTION_UP, keyCode=KEYCODE_NUMPAD_5, scanCode=0, metaState=0, flags=0x28, repeatCount=0, eventTime=160814579, downTime=160814579, deviceId=-1, source=0x101 }
W/ViewRootImpl(  877): Cancelling event due to no window focus: KeyEvent { action=ACTION_UP, keyCode=KEYCODE_NUMPAD_5, scanCode=0, metaState=0, flags=0x28, repeatCount=0, eventTime=160814579, downTime=160814579, deviceId=-1, source=0x101 }
W/ViewRootImpl(  877): Cancelling event due to no window focus: KeyEvent { action=ACTION_UP, keyCode=KEYCODE_NUMPAD_5, scanCode=0, metaState=0, flags=0x28, repeatCount=0, eventTime=160814579, downTime=160814579, deviceId=-1, source=0x101 }
W/ViewRootImpl(  877): Cancelling event due to no window focus: KeyEvent { action=ACTION_UP, keyCode=KEYCODE_DPAD_CENTER, scanCode=0, metaState=0, flags=0x28, repeatCount=0, eventTime=160814579, downTime=160814579, deviceId=-1, source=0x101 }
W/ViewRootImpl(  877): Cancelling event due to no window focus: KeyEvent { action=ACTION_UP, keyCode=KEYCODE_DPAD_CENTER, scanCode=0, metaState=0, flags=0x28, repeatCount=0, eventTime=160814579, downTime=160814579, deviceId=-1, source=0x101 }
W/ViewRootImpl(  877): Cancelling event due to no window focus: KeyEvent { action=ACTION_UP, keyCode=KEYCODE_DPAD_CENTER, scanCode=0, metaState=0, flags=0x28, repeatCount=0, eventTime=160814579, downTime=160814579, deviceId=-1, source=0x101 }
W/ViewRootImpl(  877): Cancelling event due to no window focus: KeyEvent { action=ACTION_UP, keyCode=KEYCODE_DPAD_CENTER, scanCode=0, metaState=0, flags=0x28, repeatCount=0, eventTime=160814579, downTime=160814579, deviceId=-1, source=0x101 }
W/ViewRootImpl(  877): Cancelling event due to no window focus: KeyEvent { action=ACTION_UP, keyCode=KEYCODE_DPAD_CENTER, scanCode=0, metaState=0, flags=0x28, repeatCount=0, eventTime=160814579, downTime=160814579, deviceId=-1, source=0x101 }
W/ViewRootImpl(  877): Cancelling event due to no window focus: KeyEvent { action=ACTION_UP, keyCode=KEYCODE_DPAD_CENTER, scanCode=0, metaState=0, flags=0x28, repeatCount=0, eventTime=160814579, downTime=160814579, deviceId=-1, source=0x101 }
W/ViewRootImpl(  877): Cancelling event due to no window focus: KeyEvent { action=ACTION_UP, keyCode=KEYCODE_DPAD_CENTER, scanCode=0, metaState=0, flags=0x28, repeatCount=0, eventTime=160814579, downTime=160814579, deviceId=-1, source=0x101 }
W/ViewRootImpl(  877): Cancelling event due to no window focus: KeyEvent { action=ACTION_UP, keyCode=KEYCODE_DPAD_CENTER, scanCode=0, metaState=0, flags=0x28, repeatCount=0, eventTime=160814579, downTime=160814579, deviceId=-1, source=0x101 }
W/ViewRootImpl(  877): Cancelling event due to no window focus: KeyEvent { action=ACTION_UP, keyCode=KEYCODE_DPAD_CENTER, scanCode=0, metaState=0, flags=0x28, repeatCount=0, eventTime=160814579, downTime=160814579, deviceId=-1, source=0x101 }
W/ViewRootImpl( 1574): Dropping event due to no window focus: KeyEvent { action=ACTION_DOWN, keyCode=KEYCODE_DPAD_DOWN, scanCode=0, metaState=0, flags=0x400, repeatCount=0, eventTime=160815685, downTime=160815685, deviceId=-1, source=0x101 }
W/ViewRootImpl( 1574): Cancelling event due to no window focus: KeyEvent { action=ACTION_UP, keyCode=KEYCODE_DPAD_DOWN, scanCode=0, metaState=0, flags=0x420, repeatCount=0, eventTime=160815685, downTime=160815685, deviceId=-1, source=0x101 }
W/ViewRootImpl( 1574): Cancelling event due to no window focus: KeyEvent { action=ACTION_UP, keyCode=KEYCODE_DPAD_DOWN, scanCode=0, metaState=0, flags=0x420, repeatCount=0, eventTime=160815685, downTime=160815685, deviceId=-1, source=0x101 }
W/ViewRootImpl( 1574): Cancelling event due to no window focus: KeyEvent { action=ACTION_UP, keyCode=KEYCODE_DPAD_DOWN, scanCode=0, metaState=0, flags=0x420, repeatCount=0, eventTime=160815685, downTime=160815685, deviceId=-1, source=0x101 }
W/ViewRootImpl( 1574): Dropping event due to no window focus: KeyEvent { action=ACTION_DOWN, keyCode=KEYCODE_DPAD_DOWN, scanCode=0, metaState=0, flags=0x400, repeatCount=0, eventTime=160815685, downTime=160815685, deviceId=-1, source=0x101 }
W/ViewRootImpl( 1574): Cancelling event due to no window focus: KeyEvent { action=ACTION_UP, keyCode=KEYCODE_DPAD_DOWN, scanCode=0, metaState=0, flags=0x420, repeatCount=0, eventTime=160815685, downTime=160815685, deviceId=-1, source=0x101 }
W/ViewRootImpl( 1574): Cancelling event due to no window focus: KeyEvent { action=ACTION_UP, keyCode=KEYCODE_DPAD_DOWN, scanCode=0, metaState=0, flags=0x420, repeatCount=0, eventTime=160815685, downTime=160815685, deviceId=-1, source=0x101 }
W/ViewRootImpl( 1574): Cancelling event due to no window focus: KeyEvent { action=ACTION_UP, keyCode=KEYCODE_DPAD_DOWN, scanCode=0, metaState=0, flags=0x420, repeatCount=0, eventTime=160815685, downTime=160815685, deviceId=-1, source=0x101 }
W/ViewRootImpl( 1574): Dropping event due to no window focus: KeyEvent { action=ACTION_DOWN, keyCode=KEYCODE_DPAD_LEFT, scanCode=0, metaState=0, flags=0x8, repeatCount=0, eventTime=160815051, downTime=160815051, deviceId=-1, source=0x101 }
W/ViewRootImpl( 1574): Cancelling event due to no window focus: KeyEvent { action=ACTION_UP, keyCode=KEYCODE_DPAD_DOWN, scanCode=0, metaState=0, flags=0x420, repeatCount=0, eventTime=160815685, downTime=160815685, deviceId=-1, source=0x101 }
W/ViewRootImpl( 1574): Cancelling event due to no window focus: KeyEvent { action=ACTION_UP, keyCode=KEYCODE_DPAD_DOWN, scanCode=0, metaState=0, flags=0x420, repeatCount=0, eventTime=160815685, downTime=160815685, deviceId=-1, source=0x101 }
W/ViewRootImpl( 1574): Cancelling event due to no window focus: KeyEvent { action=ACTION_UP, keyCode=KEYCODE_DPAD_DOWN, scanCode=0, metaState=0, flags=0x420, repeatCount=0, eventTime=160815685, downTime=160815685, deviceId=-1, source=0x101 }
W/ViewRootImpl( 1574): Cancelling event due to no window focus: KeyEvent { action=ACTION_UP, keyCode=KEYCODE_DPAD_DOWN, scanCode=0, metaState=0, flags=0x420, repeatCount=0, eventTime=160815685, downTime=160815685, deviceId=-1, source=0x101 }
W/ViewRootImpl( 1574): Cancelling event due to no window focus: KeyEvent { action=ACTION_UP, keyCode=KEYCODE_DPAD_DOWN, scanCode=0, metaState=0, flags=0x420, repeatCount=0, eventTime=160815685, downTime=160815685, deviceId=-1, source=0x101 }
W/ViewRootImpl( 1574): Cancelling event due to no window focus: KeyEvent { action=ACTION_UP, keyCode=KEYCODE_DPAD_DOWN, scanCode=0, metaState=0, flags=0x420, repeatCount=0, eventTime=160815685, downTime=160815685, deviceId=-1, source=0x101 }
W/ViewRootImpl( 1574): Cancelling event due to no window focus: KeyEvent { action=ACTION_UP, keyCode=KEYCODE_DPAD_LEFT, scanCode=0, metaState=0, flags=0x28, repeatCount=0, eventTime=160815688, downTime=160815688, deviceId=-1, source=0x101 }
W/ViewRootImpl( 1574): Cancelling event due to no window focus: KeyEvent { action=ACTION_UP, keyCode=KEYCODE_DPAD_LEFT, scanCode=0, metaState=0, flags=0x28, repeatCount=0, eventTime=160815688, downTime=160815688, deviceId=-1, source=0x101 }
W/ViewRootImpl( 1574): Cancelling event due to no window focus: KeyEvent { action=ACTION_UP, keyCode=KEYCODE_DPAD_LEFT, scanCode=0, metaState=0, flags=0x28, repeatCount=0, eventTime=160815688, downTime=160815688, deviceId=-1, source=0x101 }
W/ViewRootImpl( 1574): Cancelling event due to no window focus: KeyEvent { action=ACTION_UP, keyCode=KEYCODE_DPAD_LEFT, scanCode=0, metaState=0, flags=0x28, repeatCount=0, eventTime=160815688, downTime=160815688, deviceId=-1, source=0x101 }
W/ViewRootImpl( 1574): Cancelling event due to no window focus: KeyEvent { action=ACTION_UP, keyCode=KEYCODE_DPAD_LEFT, scanCode=0, metaState=0, flags=0x28, repeatCount=0, eventTime=160815688, downTime=160815688, deviceId=-1, source=0x101 }
W/ViewRootImpl( 1574): Cancelling event due to no window focus: KeyEvent { action=ACTION_UP, keyCode=KEYCODE_DPAD_LEFT, scanCode=0, metaState=0, flags=0x28, repeatCount=0, eventTime=160815688, downTime=160815688, deviceId=-1, source=0x101 }
