W/ViewRootImpl( 1574): Cancelling event due to no window focus: KeyEvent { action=ACTION_UP, keyCode=KEYCODE_DPAD_DOWN, scanCode=0, metaState=0, flags=0x28, repeatCount=0, eventTime=162701599, downTime=162701599, deviceId=-1, source=0x101 }
W/ViewRootImpl( 1574): Cancelling event due to no window focus: KeyEvent { action=ACTION_UP, keyCode=KEYCODE_DPAD_DOWN, scanCode=0, metaState=0, flags=0x28, repeatCount=0, eventTime=162701599, downTime=162701599, deviceId=-1, source=0x101 }
W/ViewRootImpl( 1574): Cancelling event due to no window focus: KeyEvent { action=ACTION_UP, keyCode=KEYCODE_DPAD_DOWN, scanCode=0, metaState=0, flags=0x28, repeatCount=0, eventTime=162701599, downTime=162701599, deviceId=-1, source=0x101 }
W/ViewRootImpl( 1574): Cancelling event due to no window focus: KeyEvent { action=ACTION_UP, keyCode=KEYCODE_DPAD_DOWN, scanCode=0, metaState=0, flags=0x28, repeatCount=0, eventTime=162701599, downTime=162701599, deviceId=-1, source=0x101 }
W/ViewRootImpl( 1574): Cancelling event due to no window focus: KeyEvent { action=ACTION_UP, keyCode=KEYCODE_DPAD_DOWN, scanCode=0, metaState=0, flags=0x28, repeatCount=0, eventTime=162701599, downTime=162701599, deviceId=-1, source=0x101 }
W/ViewRootImpl( 1574): Cancelling event due to no window focus: KeyEvent { action=ACTION_UP, keyCode=KEYCODE_DPAD_DOWN, scanCode=0, metaState=0, flags=0x28, repeatCount=0, eventTime=162701599, downTime=162701599, deviceId=-1, source=0x101 }
W/ViewRootImpl( 1574): Dropping event due to no window focus: KeyEvent { action=ACTION_DOWN, keyCode=KEYCODE_MEDIA_NEXT, scanCode=0, metaState=0, flags=0x8, repeatCount=0, eventTime=162701602, downTime=162701602, deviceId=-1, source=0x101 }
V/WindowManager(  774): not Base app: Adding window Window{eb20fe0 u0 com.zzl.falcon.internal/com.zzl.falcon.setting.AboutBellActivity} at 5 of 10
W/ViewRootImpl( 1574): Cancelling event due to no window focus: KeyEvent { action=ACTION_UP, keyCode=KEYCODE_MEDIA_NEXT, scanCode=0, metaState=0, flags=0x28, repeatCount=0, eventTime=162701603, downTime=162701603, deviceId=-1, source=0x101 }
W/ViewRootImpl( 1574): Cancelling event due to no window focus: KeyEvent { action=ACTION_UP, keyCode=KEYCODE_MEDIA_NEXT, scanCode=0, metaState=0, flags=0x28, repeatCount=0, eventTime=162701603, downTime=162701603, deviceId=-1, source=0x101 }
W/ViewRootImpl( 1574): Cancelling event due to no window focus: KeyEvent { action=ACTION_UP, keyCode=KEYCODE_MEDIA_NEXT, scanCode=0, metaState=0, flags=0x28, repeatCount=0, eventTime=162701603, downTime=162701603, deviceId=-1, source=0x101 }
W/ViewRootImpl( 1574): Cancelling event due to no window focus: KeyEvent { action=ACTION_UP, keyCode=KEYCODE_MEDIA_NEXT, scanCode=0, metaState=0, flags=0x28, repeatCount=0, eventTime=162701603, downTime=162701603, deviceId=-1, source=0x101 }
W/ViewRootImpl( 1574): Cancelling event due to no window focus: KeyEvent { action=ACTION_UP, keyCode=KEYCODE_MEDIA_NEXT, scanCode=0, metaState=0, flags=0x28, repeatCount=0, eventTime=162701603, downTime=162701603, deviceId=-1, source=0x101 }
W/ViewRootImpl( 1574): Cancelling event due to no window focus: KeyEvent { action=ACTION_UP, keyCode=KEYCODE_MEDIA_NEXT, scanCode=0, metaState=0, flags=0x28, repeatCount=0, eventTime=162701603, downTime=162701603, deviceId=-1, source=0x101 }
W/ViewRootImpl( 1574): Cancelling event due to no window focus: KeyEvent { action=ACTION_UP, keyCode=KEYCODE_MEDIA_NEXT, scanCode=0, metaState=0, flags=0x28, repeatCount=0, eventTime=162701603, downTime=162701603, deviceId=-1, source=0x101 }
W/ViewRootImpl( 1574): Dropping event due to no window focus: KeyEvent { action=ACTION_DOWN, keyCode=KEYCODE_MENU, scanCode=0, metaState=0, flags=0x8, repeatCount=0, eventTime=162701839, downTime=162701839, deviceId=-1, source=0x101 }
W/ViewRootImpl( 1574): Cancelling event due to no window focus: KeyEvent { action=ACTION_UP, keyCode=KEYCODE_MENU, scanCode=0, metaState=0, flags=0x28, repeatCount=0, eventTime=162701851, downTime=162701851, deviceId=-1, source=0x101 }
W/ViewRootImpl( 1574): Cancelling event due to no window focus: KeyEvent { action=ACTION_UP, keyCode=KEYCODE_MENU, scanCode=0, metaState=0, flags=0x28, repeatCount=0, eventTime=162701851, downTime=162701851, deviceId=-1, source=0x101 }
W/ViewRootImpl( 1574): Cancelling event due to no window focus: KeyEvent { action=ACTION_UP, keyCode=KEYCODE_MENU, scanCode=0, metaState=0, flags=0x28, repeatCount=0, eventTime=162701851, downTime=162701851, deviceId=-1, source=0x101 }
W/ViewRootImpl( 1574): Cancelling event due to no window focus: KeyEvent { action=ACTION_UP, keyCode=KEYCODE_MENU, scanCode=0, metaState=0, flags=0x28, repeatCount=0, eventTime=162701851, downTime=162701851, deviceId=-1, source=0x101 }
W/ViewRootImpl( 1574): Cancelling event due to no window focus: KeyEvent { action=ACTION_UP, keyCode=KEYCODE_MENU, scanCode=0, metaState=0, flags=0x28, repeatCount=0, eventTime=162701851, downTime=162701851, deviceId=-1, source=0x101 }
W/ViewRootImpl( 1574): Cancelling event due to no window focus: KeyEvent { action=ACTION_UP, keyCode=KEYCODE_MENU, scanCode=0, metaState=0, flags=0x28, repeatCount=0, eventTime=162701851, downTime=162701851, deviceId=-1, source=0x101 }
W/ViewRootImpl( 1574): Dropping event due to no window focus: KeyEvent { action=ACTION_DOWN, keyCode=KEYCODE_DPAD_DOWN, scanCode=0, metaState=0, flags=0x8, repeatCount=0, eventTime=162701854, downTime=162701854, deviceId=-1, source=0x101 }
I/ActivityManager(  774): START u0 {act=android.intent.action.MAIN cat=[android.intent.category.LAUNCHER] flg=0x10200000 cmp=com.zzl.falcon.internal/com.zzl.falcon.EntranceActivity} from uid 0 on display 0
I/ActivityManager(  774): START u0 {act=android.intent.action.MAIN cat=[android.intent.category.LAUNCHER] flg=0x10000000 cmp=com.android.calendar/.AllInOneActivity sel=act=android.intent.action.MAIN cat=[android.intent.category.APP_CALENDAR]}} from uid 1000 on display 0
W/InputManager(  774): Input event injection from pid 13458 failed.
W/InputManager(  774): Input event injection from pid 13458 failed.
W/InputManager(  774): Input event injection from pid 13458 failed.
W/InputManager(  774): Input event injection from pid 13458 failed.
W/ViewRootImpl( 1574): Cancelling event due to no window focus: KeyEvent { action=ACTION_UP, keyCode=KEYCODE_DPAD_DOWN, scanCode=0, metaState=0, flags=0x28, repeatCount=0, eventTime=162703395, downTime=162703395, deviceId=-1, source=0x101 }
W/ViewRootImpl( 1574): Cancelling event due to no window focus: KeyEvent { action=ACTION_UP, keyCode=KEYCODE_DPAD_DOWN, scanCode=0, metaState=0, flags=0x28, repeatCount=0, eventTime=162703395, downTime=162703395, deviceId=-1, source=0x101 }
W/ViewRootImpl( 1574): Cancelling event due to no window focus: KeyEvent { action=ACTION_UP, keyCode=KEYCODE_DPAD_DOWN, scanCode=0, metaState=0, flags=0x28, repeatCount=0, eventTime=162703395, downTime=162703395, deviceId=-1, source=0x101 }
W/InputMethodManagerService(  774): Window already focused, ignoring focus gain of: com.android.internal.view.IInputMethodClient$Stub$Proxy@29e73299 attribute=null, token = android.os.BinderProxy@39639de4
V/WindowManager(  774): not Base app: Adding window Window{ef1e13f u0 com.zzl.falcon.internal/com.zzl.falcon.setting.AboutBellActivity} at 4 of 9
W/ViewRootImpl( 1574): Dropping event due to no window focus: KeyEvent { action=ACTION_DOWN, keyCode=KEYCODE_TV_RADIO_SERVICE, scanCode=0, metaState=0, flags=0x8, repeatCount=0, eventTime=162703798, downTime=162703798, deviceId=-1, source=0x101 }
W/ViewRootImpl( 1574): Cancelling event due to no window focus: KeyEvent { action=ACTION_UP, keyCode=KEYCODE_TV_RADIO_SERVICE, scanCode=0, metaState=0, flags=0x28, repeatCount=0, eventTime=162703915, downTime=162703915, deviceId=-1, source=0x101 }
W/ViewRootImpl( 1574): Cancelling event due to no window focus: KeyEvent { action=ACTION_UP, keyCode=KEYCODE_TV_RADIO_SERVICE, scanCode=0, metaState=0, flags=0x28, repeatCount=0, eventTime=162703915, downTime=162703915, deviceId=-1, source=0x101 }
W/ViewRootImpl( 1574): Cancelling event due to no window focus: KeyEvent { action=ACTION_UP, keyCode=KEYCODE_TV_RADIO_SERVICE, scanCode=0, metaState=0, flags=0x28, repeatCount=0, eventTime=162703915, downTime=162703915, deviceId=-1, source=0x101 }
W/ViewRootImpl( 1574): Cancelling event due to no window focus: KeyEvent { action=ACTION_UP, keyCode=KEYCODE_TV_RADIO_SERVICE, scanCode=0, metaState=0, flags=0x28, repeatCount=0, eventTime=162703915, downTime=162703915, deviceId=-1, source=0x101 }
W/ViewRootImpl( 1574): Cancelling event due to no window focus: KeyEvent { action=ACTION_UP, keyCode=KEYCODE_TV_RADIO_SERVICE, scanCode=0, metaState=0, flags=0x28, repeatCount=0, eventTime=162703915, downTime=162703915, deviceId=-1, source=0x101 }
W/ViewRootImpl( 1574): Cancelling event due to no window focus: KeyEvent { action=ACTION_UP, keyCode=KEYCODE_TV_RADIO_SERVICE, scanCode=0, metaState=0, flags=0x28, repeatCount=0, eventTime=162703915, downTime=162703915, deviceId=-1, source=0x101 }
W/ViewRootImpl( 1574): Cancelling event due to no window focus: KeyEvent { action=ACTION_UP, keyCode=KEYCODE_TV_RADIO_SERVICE, scanCode=0, metaState=0, flags=0x28, repeatCount=0, eventTime=162703915, downTime=162703915, deviceId=-1, source=0x101 }
W/ViewRootImpl( 1574): Cancelling event due to no window focus: KeyEvent { action=ACTION_UP, keyCode=KEYCODE_TV_RADIO_SERVICE, scanCode=0, metaState=0, flags=0x28, repeatCount=0, eventTime=162703915, downTime=162703915, deviceId=-1, source=0x101 }
W/ViewRootImpl( 1574): Cancelling event due to no window focus: KeyEvent { action=ACTION_UP, keyCode=KEYCODE_TV_RADIO_SERVICE, scanCode=0, metaState=0, flags=0x28, repeatCount=0, eventTime=162703915, downTime=162703915, deviceId=-1, source=0x101 }
W/ViewRootImpl( 1574): Cancelling event due to no window focus: KeyEvent { action=ACTION_UP, keyCode=KEYCODE_NUMPAD_3, scanCode=0, metaState=0, flags=0x28, repeatCount=0, eventTime=162704425, downTime=162704425, deviceId=-1, source=0x101 }
W/ViewRootImpl( 1574): Cancelling event due to no window focus: KeyEvent { action=ACTION_UP, keyCode=KEYCODE_NUMPAD_3, scanCode=0, metaState=0, flags=0x28, repeatCount=0, eventTime=162704425, downTime=162704425, deviceId=-1, source=0x101 }
W/ViewRootImpl( 1574): Cancelling event due to no window focus: KeyEvent { action=ACTION_UP, keyCode=KEYCODE_NUMPAD_3, scanCode=0, metaState=0, flags=0x28, repeatCount=0, eventTime=162704425, downTime=162704425, deviceId=-1, source=0x101 }
W/ViewRootImpl( 1574): Cancelling event due to no window focus: KeyEvent { action=ACTION_UP, keyCode=KEYCODE_NUMPAD_3, scanCode=0, metaState=0, flags=0x28, repeatCount=0, eventTime=162704425, downTime=162704425, deviceId=-1, source=0x101 }
W/ViewRootImpl( 1574): Cancelling event due to no window focus: KeyEvent { action=ACTION_UP, keyCode=KEYCODE_NUMPAD_3, scanCode=0, metaState=0, flags=0x28, repeatCount=0, eventTime=162704425, downTime=162704425, deviceId=-1, source=0x101 }
W/ViewRootImpl( 1574): Cancelling event due to no window focus: KeyEvent { action=ACTION_UP, keyCode=KEYCODE_NUMPAD_3, scanCode=0, metaState=0, flags=0x28, repeatCount=0, eventTime=162704425, downTime=162704425, deviceId=-1, source=0x101 }
W/ViewRootImpl( 1574): Dropping event due to no window focus: KeyEvent { action=ACTION_DOWN, keyCode=KEYCODE_MENU, scanCode=0, metaState=0, flags=0x8, repeatCount=0, eventTime=162704507, downTime=162704507, deviceId=-1, source=0x101 }
W/ViewRootImpl( 1574): Cancelling event due to no window focus: KeyEvent { action=ACTION_UP, keyCode=KEYCODE_MENU, scanCode=0, metaState=0, flags=0x28, repeatCount=0, eventTime=162704509, downTime=162704509, deviceId=-1, source=0x101 }
W/ViewRootImpl( 1574): Cancelling event due to no window focus: KeyEvent { action=ACTION_UP, keyCode=KEYCODE_MENU, scanCode=0, metaState=0, flags=0x28, repeatCount=0, eventTime=162704509, downTime=162704509, deviceId=-1, source=0x101 }
W/ViewRootImpl( 1574): Cancelling event due to no window focus: KeyEvent { action=ACTION_UP, keyCode=KEYCODE_MENU, scanCode=0, metaState=0, flags=0x28, repeatCount=0, eventTime=162704509, downTime=162704509, deviceId=-1, source=0x101 }
W/ViewRootImpl( 1574): Cancelling event due to no window focus: KeyEvent { action=ACTION_UP, keyCode=KEYCODE_MENU, scanCode=0, metaState=0, flags=0x28, repeatCount=0, eventTime=162704509, downTime=162704509, deviceId=-1, source=0x101 }
W/ViewRootImpl( 1574): Cancelling event due to no window focus: KeyEvent { action=ACTION_UP, keyCode=KEYCODE_MENU, scanCode=0, metaState=0, flags=0x28, repeatCount=0, eventTime=162704509, downTime=162704509, deviceId=-1, source=0x101 }
W/ViewRootImpl( 1574): Cancelling event due to no window focus: KeyEvent { action=ACTION_UP, keyCode=KEYCODE_MENU, scanCode=0, metaState=0, flags=0x28, repeatCount=0, eventTime=162704509, downTime=162704509, deviceId=-1, source=0x101 }
W/ViewRootImpl( 1574): Dropping event due to no window focus: KeyEvent { action=ACTION_DOWN, keyCode=KEYCODE_MENU, scanCode=0, metaState=0, flags=0x8, repeatCount=0, eventTime=162704510, downTime=162704510, deviceId=-1, source=0x101 }
W/InputMethodManagerService(  774): Window already focused, ignoring focus gain of: com.android.internal.view.IInputMethodClient$Stub$Proxy@5584a0c attribute=null, token = android.os.BinderProxy@39639de4
I/ActivityManager(  774): START u0 {act=android.intent.action.MAIN cat=[android.intent.category.LAUNCHER] flg=0x10000000 cmp=com.android.contacts/.activities.PeopleActivity sel=act=android.intent.action.MAIN cat=[android.intent.category.APP_CONTACTS]}} from uid 1000 on display 0
I/ActivityManager(  774): START u0 {act=android.intent.action.MAIN cat=[android.intent.category.LAUNCHER] flg=0x10200000 cmp=com.zzl.falcon.internal/com.zzl.falcon.EntranceActivity} from uid 0 on display 0
V/WindowManager(  774): not Base app: Adding window Window{1535ad6a u0 com.zzl.falcon.internal/com.zzl.falcon.setting.AboutBellActivity} at 4 of 9
W/ViewRootImpl( 1574): Dropping event due to no window focus: KeyEvent { action=ACTION_DOWN, keyCode=KEYCODE_DPAD_DOWN, scanCode=0, metaState=0, flags=0x8, repeatCount=0, eventTime=162705268, downTime=162705268, deviceId=-1, source=0x101 }
W/ViewRootImpl( 1574): Cancelling event due to no window focus: KeyEvent { action=ACTION_UP, keyCode=KEYCODE_DPAD_DOWN, scanCode=0, metaState=0, flags=0x28, repeatCount=0, eventTime=162705350, downTime=162705350, deviceId=-1, source=0x101 }
W/ViewRootImpl( 1574): Cancelling event due to no window focus: KeyEvent { action=ACTION_UP, keyCode=KEYCODE_DPAD_DOWN, scanCode=0, metaState=0, flags=0x28, repeatCount=0, eventTime=162705350, downTime=162705350, deviceId=-1, source=0x101 }
W/ViewRootImpl( 1574): Cancelling event due to no window focus: KeyEvent { action=ACTION_UP, keyCode=KEYCODE_DPAD_DOWN, scanCode=0, metaState=0, flags=0x28, repeatCount=0, eventTime=162705350, downTime=162705350, deviceId=-1, source=0x101 }
W/ViewRootImpl( 1574): Cancelling event due to no window focus: KeyEvent { action=ACTION_UP, keyCode=KEYCODE_DPAD_DOWN, scanCode=0, metaState=0, flags=0x28, repeatCount=0, eventTime=162705350, downTime=162705350, deviceId=-1, source=0x101 }
W/ViewRootImpl( 1574): Cancelling event due to no window focus: KeyEvent { action=ACTION_UP, keyCode=KEYCODE_DPAD_DOWN, scanCode=0, metaState=0, flags=0x28, repeatCount=0, eventTime=162705350, downTime=162705350, deviceId=-1, source=0x101 }
W/ViewRootImpl( 1574): Cancelling event due to no window focus: KeyEvent { action=ACTION_UP, keyCode=KEYCODE_DPAD_DOWN, scanCode=0, metaState=0, flags=0x28, repeatCount=0, eventTime=162705350, downTime=162705350, deviceId=-1, source=0x101 }
W/ViewRootImpl( 1574): Cancelling event due to no window focus: KeyEvent { action=ACTION_UP, keyCode=KEYCODE_DPAD_DOWN, scanCode=0, metaState=0, flags=0x28, repeatCount=0, eventTime=162705350, downTime=162705350, deviceId=-1, source=0x101 }
W/ViewRootImpl( 1574): Cancelling event due to no window focus: KeyEvent { action=ACTION_UP, keyCode=KEYCODE_DPAD_DOWN, scanCode=0, metaState=0, flags=0x28, repeatCount=0, eventTime=162705350, downTime=162705350, deviceId=-1, source=0x101 }
W/ViewRootImpl( 1574): Cancelling event due to no window focus: KeyEvent { action=ACTION_UP, keyCode=KEYCODE_DPAD_DOWN, scanCode=0, metaState=0, flags=0x28, repeatCount=0, eventTime=162705350, downTime=162705350, deviceId=-1, source=0x101 }
W/ViewRootImpl( 1574): Dropping event due to no window focus: KeyEvent { action=ACTION_DOWN, keyCode=KEYCODE_MENU, scanCode=0, metaState=0, flags=0x8, repeatCount=0, eventTime=162705356, downTime=162705356, deviceId=-1, source=0x101 }
W/ViewRootImpl( 1574): Cancelling event due to no window focus: KeyEvent { action=ACTION_UP, keyCode=KEYCODE_NUMPAD_LEFT_PAREN, scanCode=0, metaState=0, flags=0x28, repeatCount=0, eventTime=162705623, downTime=162705623, deviceId=-1, source=0x101 }
W/ViewRootImpl( 1574): Cancelling event due to no window focus: KeyEvent { action=ACTION_UP, keyCode=KEYCODE_NUMPAD_LEFT_PAREN, scanCode=0, metaState=0, flags=0x28, repeatCount=0, eventTime=162705623, downTime=162705623, deviceId=-1, source=0x101 }
W/ViewRootImpl( 1574): Cancelling event due to no window focus: KeyEvent { action=ACTION_UP, keyCode=KEYCODE_NUMPAD_LEFT_PAREN, scanCode=0, metaState=0, flags=0x28, repeatCount=0, eventTime=162705623, downTime=162705623, deviceId=-1, source=0x101 }
W/ViewRootImpl( 1574): Cancelling event due to no window focus: KeyEvent { action=ACTION_UP, keyCode=KEYCODE_NUMPAD_LEFT_PAREN, scanCode=0, metaState=0, flags=0x28, repeatCount=0, eventTime=162705623, downTime=162705623, deviceId=-1, source=0x101 }
W/ViewRootImpl( 1574): Cancelling event due to no window focus: KeyEvent { action=ACTION_UP, keyCode=KEYCODE_NUMPAD_LEFT_PAREN, scanCode=0, metaState=0, flags=0x28, repeatCount=0, eventTime=162705623, downTime=162705623, deviceId=-1, source=0x101 }
W/ViewRootImpl( 1574): Cancelling event due to no window focus: KeyEvent { action=ACTION_UP, keyCode=KEYCODE_NUMPAD_LEFT_PAREN, scanCode=0, metaState=0, flags=0x28, repeatCount=0, eventTime=162705623, downTime=162705623, deviceId=-1, source=0x101 }
W/ViewRootImpl( 1574): Cancelling event due to no window focus: KeyEvent { action=ACTION_UP, keyCode=KEYCODE_NUMPAD_LEFT_PAREN, scanCode=0, metaState=0, flags=0x28, repeatCount=0, eventTime=162705623, downTime=162705623, deviceId=-1, source=0x101 }
W/ViewRootImpl( 1574): Cancelling event due to no window focus: KeyEvent { action=ACTION_UP, keyCode=KEYCODE_NUMPAD_LEFT_PAREN, scanCode=0, metaState=0, flags=0x28, repeatCount=0, eventTime=162705623, downTime=162705623, deviceId=-1, source=0x101 }
W/ViewRootImpl( 1574): Cancelling event due to no window focus: KeyEvent { action=ACTION_UP, keyCode=KEYCODE_NUMPAD_LEFT_PAREN, scanCode=0, metaState=0, flags=0x28, repeatCount=0, eventTime=162705623, downTime=162705623, deviceId=-1, source=0x101 }
W/InputMethodManagerService(  774): Window already focused, ignoring focus gain of: com.android.internal.view.IInputMethodClient$Stub$Proxy@359a7fc2 attribute=null, token = android.os.BinderProxy@39639de4
V/WindowManager(  774): not Base app: Adding window Window{1dd93110 u0 com.zzl.falcon.internal/com.zzl.falcon.setting.AboutBellActivity} at 4 of 9
W/ViewRootImpl( 1574): Cancelling event due to no window focus: KeyEvent { action=ACTION_UP, keyCode=KEYCODE_MENU, scanCode=0, metaState=0, flags=0x28, repeatCount=0, eventTime=162705989, downTime=162705989, deviceId=-1, source=0x101 }
W/ViewRootImpl( 1574): Cancelling event due to no window focus: KeyEvent { action=ACTION_UP, keyCode=KEYCODE_MENU, scanCode=0, metaState=0, flags=0x28, repeatCount=0, eventTime=162705989, downTime=162705989, deviceId=-1, source=0x101 }
W/ViewRootImpl( 1574): Cancelling event due to no window focus: KeyEvent { action=ACTION_UP, keyCode=KEYCODE_MENU, scanCode=0, metaState=0, flags=0x28, repeatCount=0, eventTime=162705989, downTime=162705989, deviceId=-1, source=0x101 }
W/ViewRootImpl( 1574): Cancelling event due to no window focus: KeyEvent { action=ACTION_UP, keyCode=KEYCODE_MENU, scanCode=0, metaState=0, flags=0x28, repeatCount=0, eventTime=162705989, downTime=162705989, deviceId=-1, source=0x101 }
W/ViewRootImpl( 1574): Cancelling event due to no window focus: KeyEvent { action=ACTION_UP, keyCode=KEYCODE_MENU, scanCode=0, metaState=0, flags=0x28, repeatCount=0, eventTime=162705989, downTime=162705989, deviceId=-1, source=0x101 }
W/ViewRootImpl( 1574): Cancelling event due to no window focus: KeyEvent { action=ACTION_UP, keyCode=KEYCODE_MENU, scanCode=0, metaState=0, flags=0x28, repeatCount=0, eventTime=162705989, downTime=162705989, deviceId=-1, source=0x101 }
W/ViewRootImpl( 1574): Dropping event due to no window focus: KeyEvent { action=ACTION_DOWN, keyCode=KEYCODE_VOLUME_UP, scanCode=0, metaState=0, flags=0x8, repeatCount=0, eventTime=162706113, downTime=162706113, deviceId=-1, source=0x101 }
W/ViewRootImpl( 1574): Cancelling event due to no window focus: KeyEvent { action=ACTION_UP, keyCode=KEYCODE_VOLUME_UP, scanCode=0, metaState=0, flags=0x28, repeatCount=0, eventTime=162706119, downTime=162706119, deviceId=-1, source=0x101 }
W/ViewRootImpl( 1574): Cancelling event due to no window focus: KeyEvent { action=ACTION_UP, keyCode=KEYCODE_VOLUME_UP, scanCode=0, metaState=0, flags=0x28, repeatCount=0, eventTime=162706119, downTime=162706119, deviceId=-1, source=0x101 }
W/ViewRootImpl( 1574): Cancelling event due to no window focus: KeyEvent { action=ACTION_UP, keyCode=KEYCODE_VOLUME_UP, scanCode=0, metaState=0, flags=0x28, repeatCount=0, eventTime=162706119, downTime=162706119, deviceId=-1, source=0x101 }
W/ViewRootImpl( 1574): Cancelling event due to no window focus: KeyEvent { action=ACTION_UP, keyCode=KEYCODE_VOLUME_UP, scanCode=0, metaState=0, flags=0x28, repeatCount=0, eventTime=162706119, downTime=162706119, deviceId=-1, source=0x101 }
W/ViewRootImpl( 1574): Cancelling event due to no window focus: KeyEvent { action=ACTION_UP, keyCode=KEYCODE_VOLUME_UP, scanCode=0, metaState=0, flags=0x28, repeatCount=0, eventTime=162706119, downTime=162706119, deviceId=-1, source=0x101 }
W/ViewRootImpl( 1574): Cancelling event due to no window focus: KeyEvent { action=ACTION_UP, keyCode=KEYCODE_VOLUME_UP, scanCode=0, metaState=0, flags=0x28, repeatCount=0, eventTime=162706119, downTime=162706119, deviceId=-1, source=0x101 }
W/ViewRootImpl( 1574): Dropping event due to no window focus: KeyEvent { action=ACTION_DOWN, keyCode=KEYCODE_DPAD_RIGHT, scanCode=0, metaState=0, flags=0x8, repeatCount=0, eventTime=162706450, downTime=162706450, deviceId=-1, source=0x101 }
W/ViewRootImpl( 1574): Cancelling event due to no window focus: KeyEvent { action=ACTION_UP, keyCode=KEYCODE_DPAD_RIGHT, scanCode=0, metaState=0, flags=0x28, repeatCount=0, eventTime=162706690, downTime=162706690, deviceId=-1, source=0x101 }
W/ViewRootImpl( 1574): Cancelling event due to no window focus: KeyEvent { action=ACTION_UP, keyCode=KEYCODE_DPAD_RIGHT, scanCode=0, metaState=0, flags=0x28, repeatCount=0, eventTime=162706690, downTime=162706690, deviceId=-1, source=0x101 }
W/ViewRootImpl( 1574): Cancelling event due to no window focus: KeyEvent { action=ACTION_UP, keyCode=KEYCODE_DPAD_RIGHT, scanCode=0, metaState=0, flags=0x28, repeatCount=0, eventTime=162706690, downTime=162706690, deviceId=-1, source=0x101 }
W/InputMethodManagerService(  774): Window already focused, ignoring focus gain of: com.android.internal.view.IInputMethodClient$Stub$Proxy@366b982f attribute=null, token = android.os.BinderProxy@39639de4
I/ActivityManager(  774): START u0 {act=android.intent.action.CALL_BUTTON flg=0x10000000 cmp=com.android.dialer/.DialtactsActivity} from uid 10099 on display 0
V/WindowManager(  774): not Base app: Adding window Window{33cc451a u0 com.zzl.falcon.internal/com.zzl.falcon.setting.AboutBellActivity} at 4 of 10
W/ViewRootImpl( 1574): Dropping event due to no window focus: KeyEvent { action=ACTION_DOWN, keyCode=KEYCODE_DPAD_LEFT, scanCode=0, metaState=0, flags=0x8, repeatCount=0, eventTime=162707024, downTime=162707024, deviceId=-1, source=0x101 }
W/ViewRootImpl( 1574): Cancelling event due to no window focus: KeyEvent { action=ACTION_UP, keyCode=KEYCODE_DPAD_LEFT, scanCode=0, metaState=0, flags=0x28, repeatCount=0, eventTime=162707033, downTime=162707033, deviceId=-1, source=0x101 }
W/ViewRootImpl( 1574): Cancelling event due to no window focus: KeyEvent { action=ACTION_UP, keyCode=KEYCODE_DPAD_LEFT, scanCode=0, metaState=0, flags=0x28, repeatCount=0, eventTime=162707033, downTime=162707033, deviceId=-1, source=0x101 }
W/ViewRootImpl( 1574): Cancelling event due to no window focus: KeyEvent { action=ACTION_UP, keyCode=KEYCODE_DPAD_LEFT, scanCode=0, metaState=0, flags=0x28, repeatCount=0, eventTime=162707033, downTime=162707033, deviceId=-1, source=0x101 }
W/ViewRootImpl( 1574): Cancelling event due to no window focus: KeyEvent { action=ACTION_UP, keyCode=KEYCODE_DPAD_LEFT, scanCode=0, metaState=0, flags=0x28, repeatCount=0, eventTime=162707033, downTime=162707033, deviceId=-1, source=0x101 }
W/ViewRootImpl( 1574): Cancelling event due to no window focus: KeyEvent { action=ACTION_UP, keyCode=KEYCODE_DPAD_LEFT, scanCode=0, metaState=0, flags=0x28, repeatCount=0, eventTime=162707033, downTime=162707033, deviceId=-1, source=0x101 }
W/ViewRootImpl( 1574): Cancelling event due to no window focus: KeyEvent { action=ACTION_UP, keyCode=KEYCODE_DPAD_LEFT, scanCode=0, metaState=0, flags=0x28, repeatCount=0, eventTime=162707033, downTime=162707033, deviceId=-1, source=0x101 }
W/ViewRootImpl( 1574): Cancelling event due to no window focus: KeyEvent { action=ACTION_UP, keyCode=KEYCODE_DPAD_LEFT, scanCode=0, metaState=0, flags=0x28, repeatCount=0, eventTime=162707033, downTime=162707033, deviceId=-1, source=0x101 }
W/ViewRootImpl( 1574): Cancelling event due to no window focus: KeyEvent { action=ACTION_UP, keyCode=KEYCODE_DPAD_LEFT, scanCode=0, metaState=0, flags=0x28, repeatCount=0, eventTime=162707033, downTime=162707033, deviceId=-1, source=0x101 }
W/ViewRootImpl( 1574): Cancelling event due to no window focus: KeyEvent { action=ACTION_UP, keyCode=KEYCODE_DPAD_LEFT, scanCode=0, metaState=0, flags=0x28, repeatCount=0, eventTime=162707033, downTime=162707033, deviceId=-1, source=0x101 }
W/ViewRootImpl( 1574): Dropping event due to no window focus: KeyEvent { action=ACTION_DOWN, keyCode=KEYCODE_MENU, scanCode=0, metaState=0, flags=0x8, repeatCount=0, eventTime=162707034, downTime=162707034, deviceId=-1, source=0x101 }
W/ViewRootImpl( 1574): Dropping event due to no window focus: KeyEvent { action=ACTION_DOWN, keyCode=KEYCODE_MENU, scanCode=0, metaState=0, flags=0x8, repeatCount=0, eventTime=162708024, downTime=162708024, deviceId=-1, source=0x101 }
I/ActivityManager(  774): START u0 {act=android.intent.action.MAIN cat=[android.intent.category.LAUNCHER] flg=0x10200000 cmp=com.zzl.falcon.internal/com.zzl.falcon.EntranceActivity} from uid 0 on display 0
W/InputMethodManagerService(  774): Window already focused, ignoring focus gain of: com.android.internal.view.IInputMethodClient$Stub$Proxy@1723884b attribute=null, token = android.os.BinderProxy@39639de4
V/WindowManager(  774): not Base app: Adding window Window{6e21b41 u0 com.zzl.falcon.internal/com.zzl.falcon.setting.AboutBellActivity} at 5 of 10
W/ViewRootImpl( 1574): Dropping event due to no window focus: KeyEvent { action=ACTION_DOWN, keyCode=KEYCODE_CTRL_LEFT, scanCode=0, metaState=0, flags=0x8, repeatCount=0, eventTime=162708351, downTime=162708351, deviceId=-1, source=0x101 }
W/ViewRootImpl( 1574): Cancelling event due to no window focus: KeyEvent { action=ACTION_UP, keyCode=KEYCODE_CTRL_LEFT, scanCode=0, metaState=0, flags=0x28, repeatCount=0, eventTime=162708451, downTime=162708451, deviceId=-1, source=0x101 }
W/ViewRootImpl( 1574): Cancelling event due to no window focus: KeyEvent { action=ACTION_UP, keyCode=KEYCODE_CTRL_LEFT, scanCode=0, metaState=0, flags=0x28, repeatCount=0, eventTime=162708451, downTime=162708451, deviceId=-1, source=0x101 }
W/ViewRootImpl( 1574): Cancelling event due to no window focus: KeyEvent { action=ACTION_UP, keyCode=KEYCODE_CTRL_LEFT, scanCode=0, metaState=0, flags=0x28, repeatCount=0, eventTime=162708451, downTime=162708451, deviceId=-1, source=0x101 }
W/ViewRootImpl( 1574): Cancelling event due to no window focus: KeyEvent { action=ACTION_UP, keyCode=KEYCODE_CTRL_LEFT, scanCode=0, metaState=0, flags=0x28, repeatCount=0, eventTime=162708451, downTime=162708451, deviceId=-1, source=0x101 }
W/ViewRootImpl( 1574): Cancelling event due to no window focus: KeyEvent { action=ACTION_UP, keyCode=KEYCODE_CTRL_LEFT, scanCode=0, metaState=0, flags=0x28, repeatCount=0, eventTime=162708451, downTime=162708451, deviceId=-1, source=0x101 }
W/ViewRootImpl( 1574): Cancelling event due to no window focus: KeyEvent { action=ACTION_UP, keyCode=KEYCODE_CTRL_LEFT, scanCode=0, metaState=0, flags=0x28, repeatCount=0, eventTime=162708451, downTime=162708451, deviceId=-1, source=0x101 }
W/ViewRootImpl( 1574): Cancelling event due to no window focus: KeyEvent { action=ACTION_UP, keyCode=KEYCODE_CTRL_LEFT, scanCode=0, metaState=0, flags=0x28, repeatCount=0, eventTime=162708451, downTime=162708451, deviceId=-1, source=0x101 }
W/ViewRootImpl( 1574): Cancelling event due to no window focus: KeyEvent { action=ACTION_UP, keyCode=KEYCODE_CTRL_LEFT, scanCode=0, metaState=0, flags=0x28, repeatCount=0, eventTime=162708451, downTime=162708451, deviceId=-1, source=0x101 }
W/ViewRootImpl( 1574): Cancelling event due to no window focus: KeyEvent { action=ACTION_UP, keyCode=KEYCODE_CTRL_LEFT, scanCode=0, metaState=0, flags=0x28, repeatCount=0, eventTime=162708451, downTime=162708451, deviceId=-1, source=0x101 }
W/ViewRootImpl( 1574): Dropping event due to no window focus: KeyEvent { action=ACTION_DOWN, keyCode=KEYCODE_DPAD_RIGHT, scanCode=0, metaState=0, flags=0x8, repeatCount=0, eventTime=162708470, downTime=162708470, deviceId=-1, source=0x101 }
I/ActivityManager(  774): Waited long enough for: ServiceRecord{2cad525b u0 com.android.music/.MediaPlaybackService}
D/Genyd   (  117): Received Set Clipboard
D/Genymotion(  117): Received Set Clipboard
I/UsageStatsService(  774): User[0] Flushing usage stats to disk
W/BroadcastQueue(  774): Skipping deliver [background] BroadcastRecord{8742a7d u-1 android.net.conn.CONNECTIVITY_CHANGE} to ReceiverList{18165d72 13570 (unknown name)/0/u-1 remote:2c205e27}: process crashing
I/ActivityManager(  774): START u0 {act=android.intent.action.MAIN cat=[android.intent.category.LAUNCHER] flg=0x10200000 cmp=com.zzl.falcon.internal/com.zzl.falcon.EntranceActivity} from uid 0 on display 0
V/WindowManager(  774): Adding window Window{3ff8eb1f u0 SubPanel:com.zzl.falcon.internal/com.zzl.falcon.setting.AboutBellActivity} at 4 of 11 (after Window{bdde24d u0 com.zzl.falcon.internal/com.zzl.falcon.setting.AboutBellActivity})
I/ActivityManager(  774): START u0 {act=android.intent.action.MAIN cat=[android.intent.category.LAUNCHER] flg=0x10200000 cmp=com.zzl.falcon.internal/com.zzl.falcon.EntranceActivity} from uid 0 on display 0
I/ActivityManager(  774): START u0 {act=android.intent.action.VIEW dat=http://www.51bel.com cmp=com.android.browser/.BrowserActivity} from uid 10099 on display 0
W/ViewRootImpl( 1574): Cancelling event due to no window focus: KeyEvent { action=ACTION_UP, keyCode=KEYCODE_FORWARD, scanCode=0, metaState=0, flags=0x28, repeatCount=0, eventTime=162858454, downTime=162858454, deviceId=-1, source=0x101 }
W/ViewRootImpl( 1574): Cancelling event due to no window focus: KeyEvent { action=ACTION_UP, keyCode=KEYCODE_FORWARD, scanCode=0, metaState=0, flags=0x28, repeatCount=0, eventTime=162858454, downTime=162858454, deviceId=-1, source=0x101 }
W/ViewRootImpl( 1574): Cancelling event due to no window focus: KeyEvent { action=ACTION_UP, keyCode=KEYCODE_FORWARD, scanCode=0, metaState=0, flags=0x28, repeatCount=0, eventTime=162858454, downTime=162858454, deviceId=-1, source=0x101 }
W/InputMethodManagerService(  774): Window already focused, ignoring focus gain of: com.android.internal.view.IInputMethodClient$Stub$Proxy@274b1a3b attribute=null, token = android.os.BinderProxy@39639de4
I/ActivityManager(  774): START u0 {act=android.intent.action.CALL_BUTTON flg=0x10000000 cmp=com.android.dialer/.DialtactsActivity} from uid 10099 on display 0
W/ViewRootImpl( 1574): Dropping event due to no window focus: KeyEvent { action=ACTION_DOWN, keyCode=KEYCODE_DPAD_UP, scanCode=0, metaState=0, flags=0x8, repeatCount=0, eventTime=162859508, downTime=162859508, deviceId=-1, source=0x101 }
W/ViewRootImpl( 1574): Cancelling event due to no window focus: KeyEvent { action=ACTION_UP, keyCode=KEYCODE_DPAD_UP, scanCode=0, metaState=0, flags=0x28, repeatCount=0, eventTime=162859636, downTime=162859636, deviceId=-1, source=0x101 }
W/ViewRootImpl( 1574): Cancelling event due to no window focus: KeyEvent { action=ACTION_UP, keyCode=KEYCODE_DPAD_UP, scanCode=0, metaState=0, flags=0x28, repeatCount=0, eventTime=162859636, downTime=162859636, deviceId=-1, source=0x101 }
W/ViewRootImpl( 1574): Cancelling event due to no window focus: KeyEvent { action=ACTION_UP, keyCode=KEYCODE_DPAD_UP, scanCode=0, metaState=0, flags=0x28, repeatCount=0, eventTime=162859636, downTime=162859636, deviceId=-1, source=0x101 }
W/ViewRootImpl( 1574): Cancelling event due to no window focus: KeyEvent { action=ACTION_UP, keyCode=KEYCODE_DPAD_UP, scanCode=0, metaState=0, flags=0x28, repeatCount=0, eventTime=162859636, downTime=162859636, deviceId=-1, source=0x101 }
W/ViewRootImpl( 1574): Cancelling event due to no window focus: KeyEvent { action=ACTION_UP, keyCode=KEYCODE_DPAD_UP, scanCode=0, metaState=0, flags=0x28, repeatCount=0, eventTime=162859636, downTime=162859636, deviceId=-1, source=0x101 }
W/ViewRootImpl( 1574): Cancelling event due to no window focus: KeyEvent { action=ACTION_UP, keyCode=KEYCODE_DPAD_UP, scanCode=0, metaState=0, flags=0x28, repeatCount=0, eventTime=162859636, downTime=162859636, deviceId=-1, source=0x101 }
W/ViewRootImpl( 1574): Cancelling event due to no window focus: KeyEvent { action=ACTION_UP, keyCode=KEYCODE_DPAD_UP, scanCode=0, metaState=0, flags=0x28, repeatCount=0, eventTime=162859636, downTime=162859636, deviceId=-1, source=0x101 }
W/ViewRootImpl( 1574): Cancelling event due to no window focus: KeyEvent { action=ACTION_UP, keyCode=KEYCODE_DPAD_UP, scanCode=0, metaState=0, flags=0x28, repeatCount=0, eventTime=162859636, downTime=162859636, deviceId=-1, source=0x101 }
W/ViewRootImpl( 1574): Cancelling event due to no window focus: KeyEvent { action=ACTION_UP, keyCode=KEYCODE_DPAD_UP, scanCode=0, metaState=0, flags=0x28, repeatCount=0, eventTime=162859636, downTime=162859636, deviceId=-1, source=0x101 }
I/ActivityManager(  774): START u0 {cmp=com.zzl.falcon.internal/com.zzl.falcon.setting.CustomerServiceActivity} from uid 10099 on display 0
V/WindowManager(  774): addAppToken: AppWindowToken{239495b3 token=Token{3dd0722 ActivityRecord{2bc9aced u0 com.zzl.falcon.internal/com.zzl.falcon.setting.CustomerServiceActivity t189}}} to stack=1 task=189 at 2
V/WindowManager(  774): Adding window Window{2f212ae9 u0 com.zzl.falcon.internal/com.zzl.falcon.setting.CustomerServiceActivity} at 4 of 9 (after Window{bdde24d u0 com.zzl.falcon.internal/com.zzl.falcon.setting.AboutBellActivity})
W/ViewRootImpl( 1574): Cancelling event due to no window focus: KeyEvent { action=ACTION_UP, keyCode=KEYCODE_DPAD_LEFT, scanCode=0, metaState=0, flags=0x28, repeatCount=0, eventTime=162860076, downTime=162860076, deviceId=-1, source=0x101 }
W/ViewRootImpl( 1574): Cancelling event due to no window focus: KeyEvent { action=ACTION_UP, keyCode=KEYCODE_DPAD_LEFT, scanCode=0, metaState=0, flags=0x28, repeatCount=0, eventTime=162860076, downTime=162860076, deviceId=-1, source=0x101 }
W/ViewRootImpl( 1574): Cancelling event due to no window focus: KeyEvent { action=ACTION_UP, keyCode=KEYCODE_DPAD_LEFT, scanCode=0, metaState=0, flags=0x28, repeatCount=0, eventTime=162860076, downTime=162860076, deviceId=-1, source=0x101 }
W/ViewRootImpl( 1574): Cancelling event due to no window focus: KeyEvent { action=ACTION_UP, keyCode=KEYCODE_DPAD_LEFT, scanCode=0, metaState=0, flags=0x28, repeatCount=0, eventTime=162860076, downTime=162860076, deviceId=-1, source=0x101 }
W/ViewRootImpl( 1574): Cancelling event due to no window focus: KeyEvent { action=ACTION_UP, keyCode=KEYCODE_DPAD_LEFT, scanCode=0, metaState=0, flags=0x28, repeatCount=0, eventTime=162860076, downTime=162860076, deviceId=-1, source=0x101 }
W/ViewRootImpl( 1574): Cancelling event due to no window focus: KeyEvent { action=ACTION_UP, keyCode=KEYCODE_DPAD_LEFT, scanCode=0, metaState=0, flags=0x28, repeatCount=0, eventTime=162860076, downTime=162860076, deviceId=-1, source=0x101 }
W/ViewRootImpl( 1574): Cancelling event due to no window focus: KeyEvent { action=ACTION_UP, keyCode=KEYCODE_DPAD_LEFT, scanCode=0, metaState=0, flags=0x28, repeatCount=0, eventTime=162860076, downTime=162860076, deviceId=-1, source=0x101 }
W/ViewRootImpl( 1574): Cancelling event due to no window focus: KeyEvent { action=ACTION_UP, keyCode=KEYCODE_DPAD_LEFT, scanCode=0, metaState=0, flags=0x28, repeatCount=0, eventTime=162860076, downTime=162860076, deviceId=-1, source=0x101 }
W/ViewRootImpl( 1574): Cancelling event due to no window focus: KeyEvent { action=ACTION_UP, keyCode=KEYCODE_DPAD_LEFT, scanCode=0, metaState=0, flags=0x28, repeatCount=0, eventTime=162860076, downTime=162860076, deviceId=-1, source=0x101 }
W/ViewRootImpl( 1574): Dropping event due to no window focus: KeyEvent { action=ACTION_DOWN, keyCode=KEYCODE_CHANNEL_UP, scanCode=0, metaState=0, flags=0x8, repeatCount=0, eventTime=162860585, downTime=162860585, deviceId=-1, source=0x101 }
W/ViewRootImpl( 1574): Cancelling event due to no window focus: KeyEvent { action=ACTION_UP, keyCode=KEYCODE_CHANNEL_UP, scanCode=0, metaState=0, flags=0x28, repeatCount=0, eventTime=162860655, downTime=162860655, deviceId=-1, source=0x101 }
W/ViewRootImpl( 1574): Cancelling event due to no window focus: KeyEvent { action=ACTION_UP, keyCode=KEYCODE_CHANNEL_UP, scanCode=0, metaState=0, flags=0x28, repeatCount=0, eventTime=162860655, downTime=162860655, deviceId=-1, source=0x101 }
W/ViewRootImpl( 1574): Cancelling event due to no window focus: KeyEvent { action=ACTION_UP, keyCode=KEYCODE_CHANNEL_UP, scanCode=0, metaState=0, flags=0x28, repeatCount=0, eventTime=162860655, downTime=162860655, deviceId=-1, source=0x101 }
W/ViewRootImpl( 1574): Cancelling event due to no window focus: KeyEvent { action=ACTION_UP, keyCode=KEYCODE_CHANNEL_UP, scanCode=0, metaState=0, flags=0x28, repeatCount=0, eventTime=162860655, downTime=162860655, deviceId=-1, source=0x101 }
W/ViewRootImpl( 1574): Cancelling event due to no window focus: KeyEvent { action=ACTION_UP, keyCode=KEYCODE_CHANNEL_UP, scanCode=0, metaState=0, flags=0x28, repeatCount=0, eventTime=162860655, downTime=162860655, deviceId=-1, source=0x101 }
W/ViewRootImpl( 1574): Cancelling event due to no window focus: KeyEvent { action=ACTION_UP, keyCode=KEYCODE_CHANNEL_UP, scanCode=0, metaState=0, flags=0x28, repeatCount=0, eventTime=162860655, downTime=162860655, deviceId=-1, source=0x101 }
W/ViewRootImpl( 1574): Cancelling event due to no window focus: KeyEvent { action=ACTION_UP, keyCode=KEYCODE_CHANNEL_UP, scanCode=0, metaState=0, flags=0x28, repeatCount=0, eventTime=162860655, downTime=162860655, deviceId=-1, source=0x101 }
W/ViewRootImpl( 1574): Cancelling event due to no window focus: KeyEvent { action=ACTION_UP, keyCode=KEYCODE_CHANNEL_UP, scanCode=0, metaState=0, flags=0x28, repeatCount=0, eventTime=162860655, downTime=162860655, deviceId=-1, source=0x101 }
W/ViewRootImpl( 1574): Cancelling event due to no window focus: KeyEvent { action=ACTION_UP, keyCode=KEYCODE_CHANNEL_UP, scanCode=0, metaState=0, flags=0x28, repeatCount=0, eventTime=162860655, downTime=162860655, deviceId=-1, source=0x101 }
W/ViewRootImpl( 1574): Dropping event due to no window focus: KeyEvent { action=ACTION_DOWN, keyCode=KEYCODE_DPAD_CENTER, scanCode=0, metaState=0, flags=0x8, repeatCount=0, eventTime=162860656, downTime=162860656, deviceId=-1, source=0x101 }
W/ViewRootImpl( 1574): Cancelling event due to no window focus: KeyEvent { action=ACTION_UP, keyCode=KEYCODE_DPAD_CENTER, scanCode=0, metaState=0, flags=0x28, repeatCount=0, eventTime=162860661, downTime=162860661, deviceId=-1, source=0x101 }
W/ViewRootImpl( 1574): Cancelling event due to no window focus: KeyEvent { action=ACTION_UP, keyCode=KEYCODE_DPAD_CENTER, scanCode=0, metaState=0, flags=0x28, repeatCount=0, eventTime=162860661, downTime=162860661, deviceId=-1, source=0x101 }
W/ViewRootImpl( 1574): Cancelling event due to no window focus: KeyEvent { action=ACTION_UP, keyCode=KEYCODE_DPAD_CENTER, scanCode=0, metaState=0, flags=0x28, repeatCount=0, eventTime=162860661, downTime=162860661, deviceId=-1, source=0x101 }
W/ViewRootImpl( 1574): Cancelling event due to no window focus: KeyEvent { action=ACTION_UP, keyCode=KEYCODE_DPAD_CENTER, scanCode=0, metaState=0, flags=0x28, repeatCount=0, eventTime=162860661, downTime=162860661, deviceId=-1, source=0x101 }
W/ViewRootImpl( 1574): Cancelling event due to no window focus: KeyEvent { action=ACTION_UP, keyCode=KEYCODE_DPAD_CENTER, scanCode=0, metaState=0, flags=0x28, repeatCount=0, eventTime=162860661, downTime=162860661, deviceId=-1, source=0x101 }
W/ViewRootImpl( 1574): Cancelling event due to no window focus: KeyEvent { action=ACTION_UP, keyCode=KEYCODE_DPAD_CENTER, scanCode=0, metaState=0, flags=0x28, repeatCount=0, eventTime=162860661, downTime=162860661, deviceId=-1, source=0x101 }
W/ViewRootImpl( 1574): Cancelling event due to no window focus: KeyEvent { action=ACTION_UP, keyCode=KEYCODE_DPAD_CENTER, scanCode=0, metaState=0, flags=0x28, repeatCount=0, eventTime=162860661, downTime=162860661, deviceId=-1, source=0x101 }
W/ViewRootImpl( 1574): Cancelling event due to no window focus: KeyEvent { action=ACTION_UP, keyCode=KEYCODE_DPAD_CENTER, scanCode=0, metaState=0, flags=0x28, repeatCount=0, eventTime=162860661, downTime=162860661, deviceId=-1, source=0x101 }
W/ViewRootImpl( 1574): Cancelling event due to no window focus: KeyEvent { action=ACTION_UP, keyCode=KEYCODE_DPAD_CENTER, scanCode=0, metaState=0, flags=0x28, repeatCount=0, eventTime=162860661, downTime=162860661, deviceId=-1, source=0x101 }
W/ViewRootImpl( 1574): Dropping event due to no window focus: MotionEvent { action=ACTION_MOVE, id[0]=0, x[0]=0.0, y[0]=1.0, toolType[0]=TOOL_TYPE_UNKNOWN, buttonState=0, metaState=0, flags=0x0, edgeFlags=0x0, pointerCount=1, historySize=19, eventTime=162860697, downTime=-1, deviceId=0, source=0x10004 }
W/ViewRootImpl( 1574): Dropping event due to no window focus: KeyEvent { action=ACTION_DOWN, keyCode=KEYCODE_RIGHT_BRACKET, scanCode=0, metaState=0, flags=0x8, repeatCount=0, eventTime=162860698, downTime=162860698, deviceId=-1, source=0x101 }
V/WindowManager(  774): not Base app: Adding window Window{2079c488 u0 com.zzl.falcon.internal/com.zzl.falcon.setting.CustomerServiceActivity} at 4 of 9
W/ViewRootImpl( 1574): Dropping event due to no window focus: KeyEvent { action=ACTION_DOWN, keyCode=KEYCODE_DPAD_UP, scanCode=0, metaState=0, flags=0x8, repeatCount=0, eventTime=162861467, downTime=162861467, deviceId=-1, source=0x101 }
W/ViewRootImpl( 1574): Cancelling event due to no window focus: KeyEvent { action=ACTION_UP, keyCode=KEYCODE_DPAD_UP, scanCode=0, metaState=0, flags=0x28, repeatCount=0, eventTime=162861507, downTime=162861507, deviceId=-1, source=0x101 }
W/ViewRootImpl( 1574): Cancelling event due to no window focus: KeyEvent { action=ACTION_UP, keyCode=KEYCODE_DPAD_UP, scanCode=0, metaState=0, flags=0x28, repeatCount=0, eventTime=162861507, downTime=162861507, deviceId=-1, source=0x101 }
W/ViewRootImpl( 1574): Cancelling event due to no window focus: KeyEvent { action=ACTION_UP, keyCode=KEYCODE_DPAD_UP, scanCode=0, metaState=0, flags=0x28, repeatCount=0, eventTime=162861507, downTime=162861507, deviceId=-1, source=0x101 }
W/ViewRootImpl( 1574): Cancelling event due to no window focus: KeyEvent { action=ACTION_UP, keyCode=KEYCODE_DPAD_UP, scanCode=0, metaState=0, flags=0x28, repeatCount=0, eventTime=162861507, downTime=162861507, deviceId=-1, source=0x101 }
W/ViewRootImpl( 1574): Cancelling event due to no window focus: KeyEvent { action=ACTION_UP, keyCode=KEYCODE_DPAD_UP, scanCode=0, metaState=0, flags=0x28, repeatCount=0, eventTime=162861507, downTime=162861507, deviceId=-1, source=0x101 }
W/ViewRootImpl( 1574): Cancelling event due to no window focus: KeyEvent { action=ACTION_UP, keyCode=KEYCODE_DPAD_UP, scanCode=0, metaState=0, flags=0x28, repeatCount=0, eventTime=162861507, downTime=162861507, deviceId=-1, source=0x101 }
W/ViewRootImpl( 1574): Cancelling event due to no window focus: KeyEvent { action=ACTION_UP, keyCode=KEYCODE_DPAD_UP, scanCode=0, metaState=0, flags=0x28, repeatCount=0, eventTime=162861507, downTime=162861507, deviceId=-1, source=0x101 }
W/ViewRootImpl( 1574): Cancelling event due to no window focus: KeyEvent { action=ACTION_UP, keyCode=KEYCODE_DPAD_UP, scanCode=0, metaState=0, flags=0x28, repeatCount=0, eventTime=162861507, downTime=162861507, deviceId=-1, source=0x101 }
W/ViewRootImpl( 1574): Cancelling event due to no window focus: KeyEvent { action=ACTION_UP, keyCode=KEYCODE_DPAD_UP, scanCode=0, metaState=0, flags=0x28, repeatCount=0, eventTime=162861507, downTime=162861507, deviceId=-1, source=0x101 }
W/ViewRootImpl( 1574): Dropping event due to no window focus: KeyEvent { action=ACTION_DOWN, keyCode=KEYCODE_DPAD_DOWN, scanCode=0, metaState=0, flags=0x8, repeatCount=0, eventTime=162861509, downTime=162861509, deviceId=-1, source=0x101 }
V/WindowManager(  774): Adding window Window{14178246 u0 PopupWindow:20f62531} at 4 of 10 (after Window{2f212ae9 u0 com.zzl.falcon.internal/com.zzl.falcon.setting.CustomerServiceActivity})
W/ViewRootImpl( 1574): Cancelling event due to no window focus: KeyEvent { action=ACTION_UP, keyCode=KEYCODE_DPAD_DOWN, scanCode=0, metaState=0, flags=0x28, repeatCount=0, eventTime=162861687, downTime=162861687, deviceId=-1, source=0x101 }
W/ViewRootImpl( 1574): Cancelling event due to no window focus: KeyEvent { action=ACTION_UP, keyCode=KEYCODE_DPAD_DOWN, scanCode=0, metaState=0, flags=0x28, repeatCount=0, eventTime=162861687, downTime=162861687, deviceId=-1, source=0x101 }
W/ViewRootImpl( 1574): Cancelling event due to no window focus: KeyEvent { action=ACTION_UP, keyCode=KEYCODE_DPAD_DOWN, scanCode=0, metaState=0, flags=0x28, repeatCount=0, eventTime=162861687, downTime=162861687, deviceId=-1, source=0x101 }
W/ViewRootImpl( 1574): Cancelling event due to no window focus: KeyEvent { action=ACTION_UP, keyCode=KEYCODE_DPAD_DOWN, scanCode=0, metaState=0, flags=0x28, repeatCount=0, eventTime=162861687, downTime=162861687, deviceId=-1, source=0x101 }
W/ViewRootImpl( 1574): Cancelling event due to no window focus: KeyEvent { action=ACTION_UP, keyCode=KEYCODE_DPAD_DOWN, scanCode=0, metaState=0, flags=0x28, repeatCount=0, eventTime=162861687, downTime=162861687, deviceId=-1, source=0x101 }
W/ViewRootImpl( 1574): Cancelling event due to no window focus: KeyEvent { action=ACTION_UP, keyCode=KEYCODE_DPAD_DOWN, scanCode=0, metaState=0, flags=0x28, repeatCount=0, eventTime=162861687, downTime=162861687, deviceId=-1, source=0x101 }
W/ViewRootImpl( 1574): Cancelling event due to no window focus: KeyEvent { action=ACTION_UP, keyCode=KEYCODE_DPAD_DOWN, scanCode=0, metaState=0, flags=0x28, repeatCount=0, eventTime=162861687, downTime=162861687, deviceId=-1, source=0x101 }
W/ViewRootImpl( 1574): Cancelling event due to no window focus: KeyEvent { action=ACTION_UP, keyCode=KEYCODE_DPAD_DOWN, scanCode=0, metaState=0, flags=0x28, repeatCount=0, eventTime=162861687, downTime=162861687, deviceId=-1, source=0x101 }
W/ViewRootImpl( 1574): Cancelling event due to no window focus: KeyEvent { action=ACTION_UP, keyCode=KEYCODE_DPAD_DOWN, scanCode=0, metaState=0, flags=0x28, repeatCount=0, eventTime=162861687, downTime=162861687, deviceId=-1, source=0x101 }
W/ViewRootImpl(  877): Cancelling event due to no window focus: KeyEvent { action=ACTION_UP, keyCode=KEYCODE_DPAD_RIGHT, scanCode=0, metaState=0, flags=0x28, repeatCount=0, eventTime=162862070, downTime=162862070, deviceId=-1, source=0x101 }
W/ViewRootImpl(  877): Cancelling event due to no window focus: KeyEvent { action=ACTION_UP, keyCode=KEYCODE_DPAD_RIGHT, scanCode=0, metaState=0, flags=0x28, repeatCount=0, eventTime=162862070, downTime=162862070, deviceId=-1, source=0x101 }
W/ViewRootImpl(  877): Cancelling event due to no window focus: KeyEvent { action=ACTION_UP, keyCode=KEYCODE_DPAD_RIGHT, scanCode=0, metaState=0, flags=0x28, repeatCount=0, eventTime=162862070, downTime=162862070, deviceId=-1, source=0x101 }
W/ViewRootImpl(  877): Cancelling event due to no window focus: KeyEvent { action=ACTION_UP, keyCode=KEYCODE_DPAD_RIGHT, scanCode=0, metaState=0, flags=0x28, repeatCount=0, eventTime=162862070, downTime=162862070, deviceId=-1, source=0x101 }
W/ViewRootImpl(  877): Cancelling event due to no window focus: KeyEvent { action=ACTION_UP, keyCode=KEYCODE_DPAD_RIGHT, scanCode=0, metaState=0, flags=0x28, repeatCount=0, eventTime=162862070, downTime=162862070, deviceId=-1, source=0x101 }
W/ViewRootImpl(  877): Cancelling event due to no window focus: KeyEvent { action=ACTION_UP, keyCode=KEYCODE_DPAD_RIGHT, scanCode=0, metaState=0, flags=0x28, repeatCount=0, eventTime=162862070, downTime=162862070, deviceId=-1, source=0x101 }
W/ViewRootImpl(  877): Cancelling event due to no window focus: KeyEvent { action=ACTION_UP, keyCode=KEYCODE_DPAD_RIGHT, scanCode=0, metaState=0, flags=0x28, repeatCount=0, eventTime=162862070, downTime=162862070, deviceId=-1, source=0x101 }
W/ViewRootImpl(  877): Cancelling event due to no window focus: KeyEvent { action=ACTION_UP, keyCode=KEYCODE_DPAD_RIGHT, scanCode=0, metaState=0, flags=0x28, repeatCount=0, eventTime=162862070, downTime=162862070, deviceId=-1, source=0x101 }
