V/AudioPolicyManager(  303): getNewOutputDevice() selected device 2
V/AudioPolicyManager(  303): setOutputDevice() output 2 device 0002 delayMs 0
V/AudioPolicyManager(  303): setOutputDevice() prevDevice 0002
V/AudioPolicyManager(  303): setOutputDevice() setting same device 0002 or null device for output 2
V/AudioPolicyManager(  303): releaseOutput() 2
V/AudioPolicyManager(  303): getOutput() device 2, stream 1, samplingRate 0, format 0, channelMask 0, flags 3
V/AudioPolicyManager(  303): getOutputsForDevice device 0002 -> 0002
V/AudioPolicyManager(  303): getOutput() returns output 2
V/AudioPolicyManager(  303): getOutput() device 2, stream 1, samplingRate 0, format 0, channelMask 0, flags 3
V/AudioPolicyManager(  303): getOutputsForDevice device 0002 -> 0002
V/AudioPolicyManager(  303): getOutput() returns output 2
I/System.out(12668): (HTTPLog)-Static: isSBSettingEnabled false
V/AudioPolicyManager(  303): getOutputForAttr() usage=13, content=4, tag= flags=00000000
V/AudioPolicyManager(  303): getOutputForAttr() device 2, samplingRate 48000, format 1, channelMask 1, flags 4
V/AudioPolicyManager(  303): getOutputsForDevice device 0002 -> 0002
V/AudioPolicyManager(  303): getOutput() returns output 2
I/AudioPolicyManager(  303): getAudioPolicyConfig: situation=1;device=0
I/AudioPolicyManager(  303): getSituationVolume: isBTConnected:0 isHeadConnected:0
V/AudioPolicyManager(  303): deviceInt = 0, situationInt = 1, situationVolume = 0.500000
I/System.out(12668): KnoxVpnUidStorageknoxVpnSupported API value returned is false
I/InputDispatcher( 1036): Delivering key to (12668): action: 0x1 (0)
V/AudioPolicyManager(  303): startOutput() output 2, stream 1, session 388
V/AudioPolicyManager(  303): changeRefCount() stream 1, count 2
D/InputDispatcher( 1036): Waiting for application to become ready for input: xxxx Reason: Waiting to send key event because the focused window has not finished processing all of the input events that were previously delivered to it.  Outbound queue length: 0.  Wait queue length: 1.
V/AudioPolicyManager(  303): releaseOutput() 2
I/AudioPolicyManager(  303): getAudioPolicyConfig: situation=1;device=0
V/AudioPolicyManager(  303): getOutput() device 2, stream 1, samplingRate 0, format 0, channelMask 0, flags 3
V/AudioPolicyManager(  303): getOutputsForDevice device 0002 -> 0002
I/AudioPolicyManager(  303): getSituationVolume: isBTConnected:0 isHeadConnected:0
V/AudioPolicyManager(  303): getOutput() returns output 2
V/AudioPolicyManager(  303): deviceInt = 0, situationInt = 1, situationVolume = 0.500000
V/AudioPolicyManager(  303): getOutput() device 2, stream 1, samplingRate 0, format 0, channelMask 0, flags 3
V/AudioPolicyManager(  303): getOutputsForDevice device 0002 -> 0002
V/AudioPolicyManager(  303): getOutput() returns output 2
V/AudioPolicyManager(  303): getOutputForAttr() usage=13, content=4, tag= flags=00000000
V/AudioPolicyManager(  303): getOutputForAttr() device 2, samplingRate 48000, format 1, channelMask 1, flags 4
V/AudioPolicyManager(  303): getOutputsForDevice device 0002 -> 0002
V/AudioPolicyManager(  303): getOutput() returns output 2
V/AudioPolicyManager(  303): startOutput() output 2, stream 1, session 389
V/AudioPolicyManager(  303): changeRefCount() stream 1, count 3
V/AudioPolicyManager(  303): releaseOutput() 2
I/AudioPolicyManager(  303): getAudioPolicyConfig: situation=1;device=0
I/AudioPolicyManager(  303): getSituationVolume: isBTConnected:0 isHeadConnected:0
V/AudioPolicyManager(  303): getOutput() device 2, stream 1, samplingRate 0, format 0, channelMask 0, flags 3
V/AudioPolicyManager(  303): deviceInt = 0, situationInt = 1, situationVolume = 0.500000
V/AudioPolicyManager(  303): getOutputsForDevice device 0002 -> 0002
V/AudioPolicyManager(  303): getOutput() returns output 2
V/AudioPolicyManager(  303): getOutput() device 2, stream 1, samplingRate 0, format 0, channelMask 0, flags 3
V/AudioPolicyManager(  303): getOutputsForDevice device 0002 -> 0002
V/AudioPolicyManager(  303): getOutput() returns output 2
V/AudioPolicyManager(  303): getOutputForAttr() usage=13, content=4, tag= flags=00000000
V/AudioPolicyManager(  303): getOutputForAttr() device 2, samplingRate 48000, format 1, channelMask 1, flags 4
V/AudioPolicyManager(  303): getOutputsForDevice device 0002 -> 0002
V/AudioPolicyManager(  303): getOutput() returns output 2
I/InputDispatcher( 1036): Delivering key to (12668): action: 0x0 (0)
V/AudioPolicyManager(  303): startOutput() output 2, stream 1, session 390
V/AudioPolicyManager(  303): changeRefCount() stream 1, count 4
V/AudioPolicyManager(  303): releaseOutput() 2
D/InputDispatcher( 1036): Waiting for application to become ready for input: xxxx Reason: Waiting to send key event because the focused window has not finished processing all of the input events that were previously delivered to it.  Outbound queue length: 0.  Wait queue length: 1.
I/AudioPolicyManager(  303): getAudioPolicyConfig: situation=1;device=0
V/AudioPolicyManager(  303): getOutput() device 2, stream 1, samplingRate 0, format 0, channelMask 0, flags 3
V/AudioPolicyManager(  303): getOutputsForDevice device 0002 -> 0002
V/AudioPolicyManager(  303): getOutput() returns output 2
I/AudioPolicyManager(  303): getSituationVolume: isBTConnected:0 isHeadConnected:0
V/AudioPolicyManager(  303): deviceInt = 0, situationInt = 1, situationVolume = 0.500000
V/AudioPolicyManager(  303): getOutput() device 2, stream 1, samplingRate 0, format 0, channelMask 0, flags 3
V/AudioPolicyManager(  303): getOutputsForDevice device 0002 -> 0002
V/AudioPolicyManager(  303): getOutput() returns output 2
V/AudioPolicyManager(  303): getOutputForAttr() usage=13, content=4, tag= flags=00000000
V/AudioPolicyManager(  303): getOutputForAttr() device 2, samplingRate 48000, format 1, channelMask 1, flags 4
V/AudioPolicyManager(  303): getOutputsForDevice device 0002 -> 0002
V/AudioPolicyManager(  303): getOutput() returns output 2
V/AudioPolicyManager(  303): startOutput() output 2, stream 1, session 391
V/AudioPolicyManager(  303): changeRefCount() stream 1, count 5
V/AudioPolicyManager(  303): getOutput() device 2, stream 1, samplingRate 0, format 0, channelMask 0, flags 3
V/AudioPolicyManager(  303): getOutputsForDevice device 0002 -> 0002
V/AudioPolicyManager(  303): getOutput() returns output 2
I/AudioPolicyManager(  303): getAudioPolicyConfig: situation=1;device=0
I/AudioPolicyManager(  303): getSituationVolume: isBTConnected:0 isHeadConnected:0
V/AudioPolicyManager(  303): deviceInt = 0, situationInt = 1, situationVolume = 0.500000
V/AudioPolicyManager(  303): getOutput() device 2, stream 1, samplingRate 0, format 0, channelMask 0, flags 3
V/AudioPolicyManager(  303): getOutputsForDevice device 0002 -> 0002
V/AudioPolicyManager(  303): getOutput() returns output 2
V/AudioPolicyManager(  303): getOutputForAttr() usage=13, content=4, tag= flags=00000000
V/AudioPolicyManager(  303): getOutputForAttr() device 2, samplingRate 48000, format 1, channelMask 1, flags 4
V/AudioPolicyManager(  303): getOutputsForDevice device 0002 -> 0002
V/AudioPolicyManager(  303): getOutput() returns output 2
V/AudioPolicyManager(  303): startOutput() output 2, stream 1, session 392
V/AudioPolicyManager(  303): changeRefCount() stream 1, count 6
V/AudioPolicyManager(  303): getOutput() device 2, stream 1, samplingRate 0, format 0, channelMask 0, flags 3
V/AudioPolicyManager(  303): getOutputsForDevice device 0002 -> 0002
V/AudioPolicyManager(  303): getOutput() returns output 2
V/AudioPolicyManager(  303): getOutput() device 2, stream 1, samplingRate 0, format 0, channelMask 0, flags 3
V/AudioPolicyManager(  303): getOutputsForDevice device 0002 -> 0002
V/AudioPolicyManager(  303): getOutput() returns output 2
V/AudioPolicyManager(  303): getOutputForAttr() usage=13, content=4, tag= flags=00000000
V/AudioPolicyManager(  303): getOutputForAttr() device 2, samplingRate 48000, format 1, channelMask 1, flags 4
V/AudioPolicyManager(  303): getOutputsForDevice device 0002 -> 0002
V/AudioPolicyManager(  303): getOutput() returns output 2
V/AudioPolicyManager(  303): startOutput() output 2, stream 1, session 393
V/AudioPolicyManager(  303): changeRefCount() stream 1, count 7
I/InputDispatcher( 1036): Delivering key to (12668): action: 0x1 (0)
D/InputDispatcher( 1036): Waiting for application to become ready for input: xxxx Reason: Waiting to send key event because the focused window has not finished processing all of the input events that were previously delivered to it.  Outbound queue length: 0.  Wait queue length: 11.
I/AudioPolicyManager(  303): getAudioPolicyConfig: situation=1;device=0
I/AudioPolicyManager(  303): getSituationVolume: isBTConnected:0 isHeadConnected:0
V/AudioPolicyManager(  303): deviceInt = 0, situationInt = 1, situationVolume = 0.500000
V/AudioPolicyManager(  303): getOutput() device 2, stream 1, samplingRate 0, format 0, channelMask 0, flags 3
V/AudioPolicyManager(  303): getOutputsForDevice device 0002 -> 0002
V/AudioPolicyManager(  303): getOutput() returns output 2
V/AudioPolicyManager(  303): getOutput() device 2, stream 1, samplingRate 0, format 0, channelMask 0, flags 3
V/AudioPolicyManager(  303): getOutputsForDevice device 0002 -> 0002
V/AudioPolicyManager(  303): getOutput() returns output 2
V/AudioPolicyManager(  303): getOutputForAttr() usage=13, content=4, tag= flags=00000000
V/AudioPolicyManager(  303): getOutputForAttr() device 2, samplingRate 48000, format 1, channelMask 1, flags 4
V/AudioPolicyManager(  303): getOutputsForDevice device 0002 -> 0002
V/AudioPolicyManager(  303): getOutput() returns output 2
V/AudioPolicyManager(  303): startOutput() output 2, stream 1, session 394
V/AudioPolicyManager(  303): changeRefCount() stream 1, count 8
I/InputDispatcher( 1036): Delivering key to (12668): action: 0x0 (0)
D/InputDispatcher( 1036): Waiting for application to become ready for input: xxxx Reason: Waiting to send key event because the focused window has not finished processing all of the input events that were previously delivered to it.  Outbound queue length: 0.  Wait queue length: 1.
I/AudioPolicyManager(  303): getAudioPolicyConfig: situation=1;device=0
I/InputDispatcher( 1036): Delivering key to (12668): action: 0x1 (0)
I/AudioPolicyManager(  303): getSituationVolume: isBTConnected:0 isHeadConnected:0
V/AudioPolicyManager(  303): deviceInt = 0, situationInt = 1, situationVolume = 0.500000
V/AudioPolicyManager(  303): getOutput() device 2, stream 1, samplingRate 0, format 0, channelMask 0, flags 3
V/AudioPolicyManager(  303): getOutputsForDevice device 0002 -> 0002
V/AudioPolicyManager(  303): getOutput() returns output 2
V/AudioPolicyManager(  303): getOutput() device 2, stream 1, samplingRate 0, format 0, channelMask 0, flags 3
V/AudioPolicyManager(  303): getOutputsForDevice device 0002 -> 0002
V/AudioPolicyManager(  303): getOutput() returns output 2
I/InputDispatcher( 1036): Delivering touch to (1505): action: 0x4, toolType: 0
I/InputDispatcher( 1036): Delivering touch to (32233): action: 0x4, toolType: 0
I/InputDispatcher( 1036): Delivering touch to (12668): action: 0x0, toolType: 0
V/AudioPolicyManager(  303): getOutputForAttr() usage=13, content=4, tag= flags=00000000
V/AudioPolicyManager(  303): getOutputForAttr() device 2, samplingRate 48000, format 1, channelMask 1, flags 4
V/AudioPolicyManager(  303): getOutputsForDevice device 0002 -> 0002
V/AudioPolicyManager(  303): getOutput() returns output 2
I/InputDispatcher( 1036): Delivering touch to (12668): action: 0x1, toolType: 0
V/AudioPolicyManager(  303): startOutput() output 2, stream 1, session 395
V/AudioPolicyManager(  303): changeRefCount() stream 1, count 9
D/InputDispatcher( 1036): Waiting for application to become ready for input: xxxx Reason: Waiting to send key event because the focused window has not finished processing all of the input events that were previously delivered to it.  Outbound queue length: 0.  Wait queue length: 3.
D/ViewRootImpl(12668): ViewPostImeInputStage ACTION_DOWN
I/InputDispatcher( 1036): Delivering key to (12668): action: 0x0 (0)
D/InputDispatcher( 1036): Waiting for application to become ready for input: xxxx Reason: Waiting to send key event because the focused window has not finished processing all of the input events that were previously delivered to it.  Outbound queue length: 0.  Wait queue length: 1.
I/InputDispatcher( 1036): Delivering key to (12668): action: 0x1 (0)
I/InputDispatcher( 1036): Delivering key to (12668): action: 0x0 (0)
I/InputDispatcher( 1036): Delivering key to (12668): action: 0x1 (0)
V/AudioPolicyManager(  303): stopOutput() output 2, stream 1, session 387
V/AudioPolicyManager(  303): changeRefCount() stream 1, count 8
V/AudioPolicyManager(  303): releaseOutput() 2
V/AudioPolicyManager(  303): stopOutput() output 2, stream 1, session 389
V/AudioPolicyManager(  303): changeRefCount() stream 1, count 7
V/AudioPolicyManager(  303): releaseOutput() 2
V/AudioPolicyManager(  303): stopOutput() output 2, stream 1, session 388
V/AudioPolicyManager(  303): changeRefCount() stream 1, count 6
V/AudioPolicyManager(  303): releaseOutput() 2
I/InputDispatcher( 1036): Delivering key to (12668): action: 0x0 (0)
D/InputDispatcher( 1036): Waiting for application to become ready for input: xxxx Reason: Waiting to send key event because the focused window has not finished processing all of the input events that were previously delivered to it.  Outbound queue length: 0.  Wait queue length: 1.
I/InputDispatcher( 1036): Delivering key to (12668): action: 0x1 (0)
I/AudioPolicyManager(  303): getAudioPolicyConfig: situation=1;device=0
I/AudioPolicyManager(  303): getSituationVolume: isBTConnected:0 isHeadConnected:0
V/AudioPolicyManager(  303): deviceInt = 0, situationInt = 1, situationVolume = 0.500000
I/InputDispatcher( 1036): Delivering touch to (1505): action: 0x4, toolType: 0
I/InputDispatcher( 1036): Delivering touch to (32233): action: 0x4, toolType: 0
I/InputDispatcher( 1036): Delivering touch to (12668): action: 0x0, toolType: 0
V/AudioPolicyManager(  303): getOutput() device 2, stream 1, samplingRate 0, format 0, channelMask 0, flags 3
V/AudioPolicyManager(  303): getOutputsForDevice device 0002 -> 0002
V/AudioPolicyManager(  303): getOutput() returns output 2
V/AudioPolicyManager(  303): getOutput() device 2, stream 1, samplingRate 0, format 0, channelMask 0, flags 3
V/AudioPolicyManager(  303): getOutputsForDevice device 0002 -> 0002
V/AudioPolicyManager(  303): getOutput() returns output 2
I/InputDispatcher( 1036): Delivering touch to (12668): action: 0x105, toolType: 0
V/AudioPolicyManager(  303): getOutputForAttr() usage=13, content=4, tag= flags=00000000
V/AudioPolicyManager(  303): getOutputForAttr() device 2, samplingRate 48000, format 1, channelMask 1, flags 4
V/AudioPolicyManager(  303): getOutputsForDevice device 0002 -> 0002
V/AudioPolicyManager(  303): getOutput() returns output 2
D/ViewRootImpl(12668): ViewPostImeInputStage ACTION_DOWN
V/AudioPolicyManager(  303): startOutput() output 2, stream 1, session 396
V/AudioPolicyManager(  303): changeRefCount() stream 1, count 7
I/InputDispatcher( 1036): Delivering touch to (12668): action: 0x106, toolType: 0
I/InputDispatcher( 1036): Delivering touch to (12668): action: 0x1, toolType: 0
I/InputDispatcher( 1036): Delivering key to (12668): action: 0x0 (0)
D/InputDispatcher( 1036): Waiting for application to become ready for input: xxxx Reason: Waiting to send key event because the focused window has not finished processing all of the input events that were previously delivered to it.  Outbound queue length: 0.  Wait queue length: 1.
I/AudioPolicyManager(  303): getAudioPolicyConfig: situation=1;device=0
I/AudioPolicyManager(  303): getSituationVolume: isBTConnected:0 isHeadConnected:0
V/AudioPolicyManager(  303): deviceInt = 0, situationInt = 1, situationVolume = 0.500000
V/AudioPolicyManager(  303): getOutput() device 2, stream 1, samplingRate 0, format 0, channelMask 0, flags 3
V/AudioPolicyManager(  303): getOutputsForDevice device 0002 -> 0002
V/AudioPolicyManager(  303): getOutput() returns output 2
V/AudioPolicyManager(  303): getOutput() device 2, stream 1, samplingRate 0, format 0, channelMask 0, flags 3
V/AudioPolicyManager(  303): getOutputsForDevice device 0002 -> 0002
V/AudioPolicyManager(  303): getOutput() returns output 2
V/AudioPolicyManager(  303): getOutputForAttr() usage=13, content=4, tag= flags=00000000
V/AudioPolicyManager(  303): getOutputForAttr() device 2, samplingRate 48000, format 1, channelMask 1, flags 4
V/AudioPolicyManager(  303): getOutputsForDevice device 0002 -> 0002
V/AudioPolicyManager(  303): getOutput() returns output 2
V/AudioPolicyManager(  303): startOutput() output 2, stream 1, session 397
V/AudioPolicyManager(  303): changeRefCount() stream 1, count 8
E/PersonaManagerService( 1036): inState():  stateMachine is null !!
I/PersonaManagerService( 1036): PersonaId don't exist
I/ActivityManager( 1036): do not start freezing screen for locked container getKeyguardshowstate = false
V/AudioPolicyManager(  303): stopOutput() output 2, stream 1, session 390
V/AudioPolicyManager(  303): changeRefCount() stream 1, count 7
V/AudioPolicyManager(  303): releaseOutput() 2
V/AudioPolicyManager(  303): stopOutput() output 2, stream 1, session 391
V/AudioPolicyManager(  303): changeRefCount() stream 1, count 6
V/AudioPolicyManager(  303): releaseOutput() 2
W/FragmentManager(12668): moveToState: Fragment state for AssignFragment{2659ddf0 #6 id=0x7f0e0206 android:switcher:2131624454:2} not updated inline; expected state 3 found 2
I/InputDispatcher( 1036): Delivering key to (12668): action: 0x1 (0)
D/InputDispatcher( 1036): Waiting for application to become ready for input: xxxx Reason: Waiting to send key event because the focused window has not finished processing all of the input events that were previously delivered to it.  Outbound queue length: 0.  Wait queue length: 1.
I/Sally Service(32233): removeWindow window
D/PhoneStatusBar( 1505): animateCollapse(): mExpandedVisible=false flags=0
D/StatusBar-Window( 1505): fnf=true sanc=false, kni=false, sbf=false
D/CoverUI ( 1505): applyFocusableFlag() : Remove SAMSUNG_FLAG_SVIEW_COVER
E/HomeEventObserver(11034): processFlag: market, [main:1] g.onReceive(84): action: android.intent.action.CLOSE_SYSTEM_DIALOGS,reason: homekey
E/HomeEventObserver(11064): processFlag: daemon, [main:1] g.onReceive(84): action: android.intent.action.CLOSE_SYSTEM_DIALOGS,reason: homekey
E/HomeEventObserver(11180): processFlag: tools, [main:1] g.onReceive(84): action: android.intent.action.CLOSE_SYSTEM_DIALOGS,reason: homekey
E/HomeEventObserver(11514): processFlag: connect, [main:1] g.onReceive(84): action: android.intent.action.CLOSE_SYSTEM_DIALOGS,reason: homekey
E/HomeEventObserver(11013): processFlag: live, [main:1] g.onReceive(84): action: android.intent.action.CLOSE_SYSTEM_DIALOGS,reason: homekey
E/HomeEventObserver(11597): processFlag: web, [main:1] g.onReceive(84): action: android.intent.action.CLOSE_SYSTEM_DIALOGS,reason: homekey
I/InputDispatcher( 1036): Delivering key to (12668): action: 0x0 (0)
D/OkHttp  (12668): --> POST http://116.236.220.210:8084/appInvest/appInvestList?version=3&page=1&rows=10&productType=&sortField=default&sortType=asc http/1.1
D/OkHttp  (12668): Content-Length: 0
D/OkHttp  (12668): RC-Bel-Key: bel.zhiwang.zzl
D/OkHttp  (12668): RC-Timestamp: 1512378595
D/OkHttp  (12668): RC-Nonce: 6bc4ba36-e7d4-481f-a25f-d3eddace7ac1
D/OkHttp  (12668): RC-Signature: b65900713f8d75855fc84ac0510b851c7830a5c9
D/OkHttp  (12668): osType: Android
D/OkHttp  (12668): version: 2.4.1
D/OkHttp  (12668): --> END POST (0-byte body)
V/AudioPolicyManager(  303): stopOutput() output 2, stream 1, session 392
V/AudioPolicyManager(  303): changeRefCount() stream 1, count 5
V/AudioPolicyManager(  303): releaseOutput() 2
I/SurfaceFlinger(  263): id=544 Removed XebViewActi (9/11)
I/SurfaceFlinger(  263): id=544 Removed XebViewActi (-2/11)
I/InputDispatcher( 1036): Delivering key to (12668): action: 0x1 (0)
I/Timeline( 1036): Timeline: Activity_windows_visible id: ActivityRecord{1d13109f u0 com.zzl.falcon.internal/com.zzl.falcon.MainActivity t35} time:6830142
D/InputDispatcher( 1036): Waiting for application to become ready for input: xxxx Reason: Waiting to send key event because the focused window has not finished processing all of the input events that were previously delivered to it.  Outbound queue length: 0.  Wait queue length: 1.
V/AudioPolicyManager(  303): stopOutput() output 2, stream 1, session 393
V/AudioPolicyManager(  303): changeRefCount() stream 1, count 4
V/AudioPolicyManager(  303): releaseOutput() 2
I/InputDispatcher( 1036): Delivering key to (12668): action: 0x0 (0)
D/InputDispatcher( 1036): Waiting for application to become ready for input: xxxx Reason: Waiting to send key event because the focused window has not finished processing all of the input events that were previously delivered to it.  Outbound queue length: 0.  Wait queue length: 1.
I/InputDispatcher( 1036): Delivering key to (12668): action: 0x1 (0)
I/InputDispatcher( 1036): Delivering touch to (1505): action: 0x4, toolType: 0
I/InputDispatcher( 1036): Delivering touch to (32233): action: 0x4, toolType: 0
I/InputDispatcher( 1036): Delivering touch to (12668): action: 0x0, toolType: 0
I/SurfaceFlinger(  263): id=540 Removed EisplayLeak (5/10)
I/InputDispatcher( 1036): Delivering touch to (12668): action: 0x1, toolType: 0
I/SurfaceFlinger(  263): id=540 Removed EisplayLeak (-2/10)
D/ViewRootImpl(12668): ViewPostImeInputStage ACTION_DOWN
D/InputDispatcher( 1036): Waiting for application to become ready for input: xxxx Reason: Waiting to send key event because the focused window has not finished processing all of the input events that were previously delivered to it.  Outbound queue length: 0.  Wait queue length: 10.
I/AudioPolicyManager(  303): getAudioPolicyConfig: situation=1;device=0
I/AudioPolicyManager(  303): getSituationVolume: isBTConnected:0 isHeadConnected:0
V/AudioPolicyManager(  303): deviceInt = 0, situationInt = 1, situationVolume = 0.500000
V/AudioPolicyManager(  303): getOutput() device 2, stream 1, samplingRate 0, format 0, channelMask 0, flags 3
V/AudioPolicyManager(  303): getOutputsForDevice device 0002 -> 0002
V/AudioPolicyManager(  303): getOutput() returns output 2
V/AudioPolicyManager(  303): getOutput() device 2, stream 1, samplingRate 0, format 0, channelMask 0, flags 3
V/AudioPolicyManager(  303): getOutputsForDevice device 0002 -> 0002
V/AudioPolicyManager(  303): getOutput() returns output 2
V/AudioPolicyManager(  303): getOutputForAttr() usage=13, content=4, tag= flags=00000000
V/AudioPolicyManager(  303): getOutputForAttr() device 2, samplingRate 48000, format 1, channelMask 1, flags 4
V/AudioPolicyManager(  303): getOutputsForDevice device 0002 -> 0002
V/AudioPolicyManager(  303): getOutput() returns output 2
V/AudioPolicyManager(  303): startOutput() output 2, stream 1, session 398
V/AudioPolicyManager(  303): changeRefCount() stream 1, count 5
I/InputDispatcher( 1036): Delivering key to (12668): action: 0x0 (0)
D/InputDispatcher( 1036): Waiting for application to become ready for input: xxxx Reason: Waiting to send key event because the focused window has not finished processing all of the input events that were previously delivered to it.  Outbound queue length: 0.  Wait queue length: 1.
I/InputDispatcher( 1036): Delivering key to (12668): action: 0x1 (0)
D/InputDispatcher( 1036): Waiting for application to become ready for input: xxxx Reason: Waiting to send key event because the focused window has not finished processing all of the input events that were previously delivered to it.  Outbound queue length: 0.  Wait queue length: 1.
D/STATUSBAR-WifiQuickSettingButton( 1505): onWifiSignalChanged enabled=true enabledDesc:"ZZL-309"
D/StatusBar.MSimNetworkController( 1505): applyCU
I/InputDispatcher( 1036): Delivering key to (12668): action: 0x0 (0)
D/InputDispatcher( 1036): Waiting for application to become ready for input: xxxx Reason: Waiting to send key event because the focused window has not finished processing all of the input events that were previously delivered to it.  Outbound queue length: 0.  Wait queue length: 1.
I/InputDispatcher( 1036): Delivering key to (12668): action: 0x1 (0)
I/AudioPolicyManager(  303): getAudioPolicyConfig: situation=1;device=0
I/AudioPolicyManager(  303): getSituationVolume: isBTConnected:0 isHeadConnected:0
V/AudioPolicyManager(  303): deviceInt = 0, situationInt = 1, situationVolume = 0.500000
D/StatusBar.MSimNetworkController( 1505): applyCU
V/AudioPolicyManager(  303): getOutput() device 2, stream 1, samplingRate 0, format 0, channelMask 0, flags 3
V/AudioPolicyManager(  303): getOutputsForDevice device 0002 -> 0002
V/AudioPolicyManager(  303): getOutput() returns output 2
V/AudioPolicyManager(  303): getOutput() device 2, stream 1, samplingRate 0, format 0, channelMask 0, flags 3
V/AudioPolicyManager(  303): getOutputsForDevice device 0002 -> 0002
V/AudioPolicyManager(  303): getOutput() returns output 2
V/AudioPolicyManager(  303): getOutputForAttr() usage=13, content=4, tag= flags=00000000
V/AudioPolicyManager(  303): getOutputForAttr() device 2, samplingRate 48000, format 1, channelMask 1, flags 4
V/AudioPolicyManager(  303): getOutputsForDevice device 0002 -> 0002
V/AudioPolicyManager(  303): getOutput() returns output 2
I/InputDispatcher( 1036): Delivering key to (12668): action: 0x0 (0)
V/AudioPolicyManager(  303): startOutput() output 2, stream 1, session 399
V/AudioPolicyManager(  303): changeRefCount() stream 1, count 6
D/InputDispatcher( 1036): Waiting for application to become ready for input: xxxx Reason: Waiting to send key event because the focused window has not finished processing all of the input events that were previously delivered to it.  Outbound queue length: 0.  Wait queue length: 1.
I/InputDispatcher( 1036): Delivering key to (12668): action: 0x1 (0)
D/StatusBar.MSimNetworkController( 1505): applyCU
I/InputDispatcher( 1036): Dropped event because of pending overdue app switch.
D/InputDispatcher( 1036): Waiting for application to become ready for input: xxxx Reason: Waiting to send key event because the focused window has not finished processing all of the input events that were previously delivered to it.  Outbound queue length: 0.  Wait queue length: 1.
I/InputDispatcher( 1036): Delivering key to (12668): action: 0x1 (0)
D/StatusBar.MSimNetworkController( 1505): applyCU
D/InputDispatcher( 1036): Waiting for application to become ready for input: xxxx Reason: Waiting to send key event because the focused window has not finished processing all of the input events that were previously delivered to it.  Outbound queue length: 0.  Wait queue length: 1.
V/AudioPolicyManager(  303): stopOutput() output 2, stream 1, session 394
V/AudioPolicyManager(  303): changeRefCount() stream 1, count 5
V/AudioPolicyManager(  303): releaseOutput() 2
D/StatusBar.MSimNetworkController( 1505): getNumberOfActiveSim:0
I/InputDispatcher( 1036): Delivering key to (12668): action: 0x0 (0)
I/InputDispatcher( 1036): Delivering key to (12668): action: 0x1 (0)
I/AudioPolicyManager(  303): getAudioPolicyConfig: situation=1;device=0
I/AudioPolicyManager(  303): getSituationVolume: isBTConnected:0 isHeadConnected:0
V/AudioPolicyManager(  303): deviceInt = 0, situationInt = 1, situationVolume = 0.500000
V/AudioPolicyManager(  303): getOutput() device 2, stream 1, samplingRate 0, format 0, channelMask 0, flags 3
V/AudioPolicyManager(  303): getOutputsForDevice device 0002 -> 0002
V/AudioPolicyManager(  303): getOutput() returns output 2
V/AudioPolicyManager(  303): getOutput() device 2, stream 1, samplingRate 0, format 0, channelMask 0, flags 3
V/AudioPolicyManager(  303): getOutputsForDevice device 0002 -> 0002
V/AudioPolicyManager(  303): getOutput() returns output 2
V/AudioPolicyManager(  303): getOutputForAttr() usage=13, content=4, tag= flags=00000000
V/AudioPolicyManager(  303): getOutputForAttr() device 2, samplingRate 48000, format 1, channelMask 1, flags 4
V/AudioPolicyManager(  303): getOutputsForDevice device 0002 -> 0002
V/AudioPolicyManager(  303): getOutput() returns output 2
V/AudioPolicyManager(  303): startOutput() output 2, stream 1, session 400
V/AudioPolicyManager(  303): changeRefCount() stream 1, count 6
D/InputDispatcher( 1036): Waiting for application to become ready for input: xxxx Reason: Waiting to send key event because the focused window has not finished processing all of the input events that were previously delivered to it.  Outbound queue length: 0.  Wait queue length: 10.
V/AudioPolicyManager(  303): stopOutput() output 2, stream 1, session 395
V/AudioPolicyManager(  303): changeRefCount() stream 1, count 5
V/AudioPolicyManager(  303): releaseOutput() 2
I/InputDispatcher( 1036): Delivering key to (12668): action: 0x0 (0)
D/InputDispatcher( 1036): Waiting for application to become ready for input: xxxx Reason: Waiting to send key event because the focused window has not finished processing all of the input events that were previously delivered to it.  Outbound queue length: 0.  Wait queue length: 1.
I/AudioPolicyManager(  303): getAudioPolicyConfig: situation=1;device=0
I/AudioPolicyManager(  303): getSituationVolume: isBTConnected:0 isHeadConnected:0
V/AudioPolicyManager(  303): deviceInt = 0, situationInt = 1, situationVolume = 0.500000
V/AudioPolicyManager(  303): getOutput() device 2, stream 1, samplingRate 0, format 0, channelMask 0, flags 3
V/AudioPolicyManager(  303): getOutputsForDevice device 0002 -> 0002
V/AudioPolicyManager(  303): getOutput() returns output 2
V/AudioPolicyManager(  303): getOutput() device 2, stream 1, samplingRate 0, format 0, channelMask 0, flags 3
V/AudioPolicyManager(  303): getOutputsForDevice device 0002 -> 0002
V/AudioPolicyManager(  303): getOutput() returns output 2
V/AudioPolicyManager(  303): getOutputForAttr() usage=13, content=4, tag= flags=00000000
V/AudioPolicyManager(  303): getOutputForAttr() device 2, samplingRate 48000, format 1, channelMask 1, flags 4
I/AudioPolicyManager(  303): getAudioPolicyConfig: situation=1;device=0
V/AudioPolicyManager(  303): getOutputsForDevice device 0002 -> 0002
V/AudioPolicyManager(  303): getOutput() returns output 2
I/AudioPolicyManager(  303): getSituationVolume: isBTConnected:0 isHeadConnected:0
V/AudioPolicyManager(  303): deviceInt = 0, situationInt = 1, situationVolume = 0.500000
V/AudioPolicyManager(  303): startOutput() output 2, stream 1, session 401
V/AudioPolicyManager(  303): changeRefCount() stream 1, count 6
I/InputDispatcher( 1036): Delivering key to (12668): action: 0x1 (0)
V/AudioPolicyManager(  303): getOutput() device 2, stream 1, samplingRate 0, format 0, channelMask 0, flags 3
V/AudioPolicyManager(  303): getOutputsForDevice device 0002 -> 0002
V/AudioPolicyManager(  303): getOutput() returns output 2
I/AudioPolicyManager(  303): getAudioPolicyConfig: situation=1;device=0
I/AudioPolicyManager(  303): getSituationVolume: isBTConnected:0 isHeadConnected:0
V/AudioPolicyManager(  303): deviceInt = 0, situationInt = 1, situationVolume = 0.500000
V/AudioPolicyManager(  303): getOutput() device 2, stream 1, samplingRate 0, format 0, channelMask 0, flags 3
V/AudioPolicyManager(  303): getOutputsForDevice device 0002 -> 0002
V/AudioPolicyManager(  303): getOutput() returns output 2
V/AudioPolicyManager(  303): getOutputForAttr() usage=13, content=4, tag= flags=00000000
V/AudioPolicyManager(  303): getOutputForAttr() device 2, samplingRate 48000, format 1, channelMask 1, flags 4
V/AudioPolicyManager(  303): getOutputsForDevice device 0002 -> 0002
V/AudioPolicyManager(  303): getOutput() returns output 2
I/InputDispatcher( 1036): Delivering touch to (1505): action: 0x4, toolType: 0
I/InputDispatcher( 1036): Delivering touch to (32233): action: 0x4, toolType: 0
I/InputDispatcher( 1036): Delivering touch to (12668): action: 0x0, toolType: 0
I/InputDispatcher( 1036): Delivering touch to (12668): action: 0x1, toolType: 0
D/ViewRootImpl(12668): ViewPostImeInputStage ACTION_DOWN
D/InputDispatcher( 1036): Waiting for application to become ready for input: xxxx Reason: Waiting to send key event because the focused window has not finished processing all of the input events that were previously delivered to it.  Outbound queue length: 0.  Wait queue length: 2.
I/Timeline(12668): Timeline: Activity_launch_request id:com.zzl.falcon.internal time:6830297
E/PersonaManagerService( 1036): inState():  stateMachine is null !!
I/PersonaManagerService( 1036): Failed to execute isKioskModeEnabled. java.lang.SecurityException: You need MANAGE_USERS permission to: query user
I/ActivityManager( 1036): do not start freezing screen for locked container getKeyguardshowstate = false
V/AudioPolicyManager(  303): startOutput() output 2, stream 1, session 402
V/AudioPolicyManager(  303): changeRefCount() stream 1, count 7
V/AudioPolicyManager(  303): getOutput() device 2, stream 1, samplingRate 0, format 0, channelMask 0, flags 3
V/AudioPolicyManager(  303): getOutputsForDevice device 0002 -> 0002
V/AudioPolicyManager(  303): getOutput() returns output 2
V/AudioPolicyManager(  303): getOutput() device 2, stream 1, samplingRate 0, format 0, channelMask 0, flags 3
V/AudioPolicyManager(  303): getOutputsForDevice device 0002 -> 0002
V/AudioPolicyManager(  303): getOutput() returns output 2
V/AudioPolicyManager(  303): getOutputForAttr() usage=13, content=4, tag= flags=00000000
V/AudioPolicyManager(  303): getOutputForAttr() device 2, samplingRate 48000, format 1, channelMask 1, flags 4
V/AudioPolicyManager(  303): getOutputsForDevice device 0002 -> 0002
V/AudioPolicyManager(  303): getOutput() returns output 2
V/AudioPolicyManager(  303): startOutput() output 2, stream 1, session 403
V/AudioPolicyManager(  303): changeRefCount() stream 1, count 8
D/InputDispatcher( 1036): Waiting for application to become ready for input: xxxx Reason: Waiting because the focused window is paused.
D/PointerIcon( 1036): setMouseIconStyle1 pointerType: 1001iconType:101 flag:0
D/PointerIcon( 1036): setMouseCustomIcon IconType is same.101
D/PointerIcon( 1036): setHoveringSpenIconStyle1 pointerType: 10001iconType:1 flag:0
D/PointerIcon( 1036): setHoveringSpenCustomIcon IconType is same.1
V/AudioPolicyManager(  303): stopOutput() output 2, stream 1, session 396
V/AudioPolicyManager(  303): changeRefCount() stream 1, count 7
V/AudioPolicyManager(  303): releaseOutput() 2
D/OkHttp  (12668): <-- 200 OK http://116.236.220.210:8084/appInvest/appInvestList?version=3&page=1&rows=10&productType=&sortField=default&sortType=asc (185ms)
D/OkHttp  (12668): Server: Apache-Coyote/1.1
D/OkHttp  (12668): Set-Cookie: JSESSIONID=6AE6A7C96C9616F7C141B60E716CEA4A; Path=/; HttpOnly
D/OkHttp  (12668): Content-Type: application/json;charset=utf-8
D/OkHttp  (12668): Content-Length: 6535
D/OkHttp  (12668): Date: Mon, 04 Dec 2017 09:09:54 GMT
D/OkHttp  (12668): {"total":113,"data":[{"hasInvestAmt":0.00,"prdId":"2c908a885bd626c4015bd63e4a42003e","saleId":"de190d39707f40f5a346d85829875599","crmOrderId":"402881115bfb5705015bfb83fbdc0011","ordPrdNumber":"05111700271715","duetimeType":3,"remainingAmount":1000,"online_time":"2017-05-12 15:16:22","rate":0.0500,"activitiesRate":0.0000,"left_periods":7,"periods":7,"payment":2,"id":"2c908a885bd626c4015bd63e4a44003f","remainingRate":0.05,"productType":6,"prdTypeName":"天e宝1","finishTime":"2017-05-20 10:41:27","prdName":"天e宝1号","startDay":1,"prdNumber":"DT20170516-000003","custInfoId":"2c908a885bec8c4b015bf1232d9f0077","tradeStatus":0,"progress":0.00,"contractMoney":1000.00,"realyRate":0.05000000},{"hasInvestAmt":10000.00,"prdId":"2c908a885fe704b5015ffc526f7807f7","saleId":"","crmOrderId":"2c908a8860015a08016001a033710037","ordPrdNumber":"11281700081552","duetimeType":3,"remainingAmount":0,"online_time":"2017-11-28 15:56:04","rate":0.0500,"activitiesRate":0.0000,"left_periods":1,"endDay":"45","periods":1,"payment":2,"id":"2c908a885fe704b5015ffc526f7b07f8","remainingRate":0.05,"productType":3,"prdTypeName":"资楼宝","prdName":"赎楼产品","startDay":1,"prdNumber":"11281700081552","custInfoId":"2c908a885fdd9300015fe198f5a700d4","fullScaleCount":9,"tradeStatus":7,"progress":100.00,"contractMoney":10000.00,"realyRate":0.05000000},{"hasInvestAmt":1549.00,"prdId":"2c908a885d3a7383015d3aa017f800ca","saleId":"","crmOrderId":"2c908a885fb40cb0015fb41c8a6f003a","ordPrdNumber":"11131700021438","duetimeType":1,"remainingAmount":0,"online_time":"2017-11-13 14:41:30","rate":13.2000,"activitiesRate":0.0000,"left_periods":720,"periods":24,"payment":3,"id":"2c908a885d3a7383015d3aa0181000cb","remainingRate":13.2,"productType":2,"prdTypeName":"智惠系列","prdName":"贝信宝24期","startDay":1,"prdNumber":"11131700021438","custInfoId":"2c908a885fb40cb0015fb4195156001e","fullScaleCount":1,"tradeStatus":7,"progress":100.00,"contractMoney":1549.00,"realyRate":13.20000000},{"hasInvestAmt":38711.00,"prdId":"2c908a885d3a7383015d3aa017f800ca","saleId":"","crmOrderId":"2c908a885fb40cb0015fb41a84f20024","ordPrdNumber":"11131700011435","duetimeType":1,"remainingAmount":0,"online_time":"2017-11-13 14:39:17","rate":13.2000,"activitiesRate":0.0000,"left_periods":720,"periods":24,"payment":3,"id":"2c908a885d3a7383015d3aa0181000cb","remainingRate":13.2,"productType":2,"prdTypeName":"智惠系列","prdName":"贝信宝24期","startDay":1,"prdNumber":"11131700011435","custInfoId":"2c908a885fb40cb0015fb416ee850009","fullScaleCount":1,"tradeStatus":7,"progress":100.00,"contractMoney":38711.00,"realyRate":13.20000000},{"hasInvestAmt":2576.00,"prdId":"2c908a885d3a7383015d3aa017f800ca","saleId":"","crmOrderId":"2c908a885dcffe99015dd03df99d0066","ordPrdNumber":"08101700221423","duetimeType":1,"remainingAmount":0,"online_time":"2017-08-11 15:41:48","rate":13.2000,"activitiesRate":0.0000,"left_periods":720,"periods":24,"payment":3,"id":"2c908a885d3a7383015d3aa0181000cb","remainingRate":13.2,"productType":2,"prdTypeName":"智惠系列","prdName":"贝信宝24期","startDay":1,"prdNumber":"08101700221423","custInfoId":"2c908a885dc66a39015dcacf975606f3","fullScaleCount":2,"tradeStatus":7,"progress":100.00,"contractMoney":2576.00,"realyRate":13.20000000},{"hasInvestAmt":2189.00,"prdId":"2c908a885d3a7383015d3aa017f800ca","saleId":"","crmOrderId":"2c908a885dcffe99015dd03da2e10064","ordPrdNumber":"08101700291440","duetimeType":1,"remainingAmount":0,"online_time":"2017-08-11 15:41:26","rate":13.2000,"activitiesRate":0.0000,"left_periods":720,"periods":24,"payment":3,"id":"2c908a885d3a7383015d3aa0181000cb","remainingRate":13.2,"productType":2,"prdTypeName":"智惠系列","prdName":"贝信宝24期","startDay":1,"prdNumber":"08101700291440","custInfoId":"2c908a885dc66a39015dcadece40077a","fullScaleCount":2,"tradeStatus":7,"progress":100.00,"contractMoney":2189.00,"realyRate":13.20000000},{"hasInvestAmt":0.00,"prdId":"ff808081567c3d7301567c89d06f004b","saleId":"","crmOrderId":"2c908a82573b065a01573b15aa40005c","ordPrdNumber":"09181600031011","duetimeTyp
D/OkHttp  (12668): ":10000,"online_time":"2016-09-18 10:17:38","rate":0.0500,"activitiesRate":0.0000,"left_periods":1,"endDay":"45","periods":1,"payment":2,"id":"ff808081567c3d7301567c89d070004c","remainingRate":0.05,"productType":3,"prdTypeName":"楼盈计划","prdName":"楼盈30","startDay":1,"prdNumber":"09181600031011","custInfoId":"2c908a82573b065a01573b07aa2c0005","fullScaleCount":0,"tradeStatus":7,"progress":0.00,"contractMoney":10000.00,"realyRate":0.03800000},{"hasInvestAmt":38711.00,"prdId":"2c908a885d3a7383015d3aa017f800ca","saleId":"","crmOrderId":"2c908a885fb40cb0015fb4bcc88100e2","ordPrdNumber":"11131700071732","duetimeType":1,"remainingAmount":0,"online_time":"2017-11-13 17:36:31","rate":13.2000,"activitiesRate":0.0000,"left_periods":720,"periods":24,"payment":3,"id":"2c908a885d3a7383015d3aa0181000cb","remainingRate":13.2,"productType":2,"prdTypeName":"智惠系列","prdName":"贝信宝24期","startDay":1,"prdNumber":"11131700071732","custInfoId":"2c908a885fb40cb0015fb4b937e300cd","fullScaleCount":3,"tradeStatus":3,"progress":100.00,"contractMoney":38711.00,"realyRate":13.20000000},{"hasInvestAmt":38630.00,"prdId":"2c908a885d3a7383015d3aa017f800ca","saleId":"","crmOrderId":"2c908a885e2b95bd015e3c74d1022311","ordPrdNumber":"09011700351557","duetimeType":1,"remainingAmount":0,"online_time":"2017-09-01 16:00:42","rate":13.2000,"activitiesRate":0.0000,"left_periods":720,"periods":24,"payment":3,"id":"2c908a885d3a7383015d3aa0181000cb","remainingRate":13.2,"productType":2,"prdTypeName":"智惠系列","prdName":"贝信宝24期","startDay":1,"prdNumber":"09011700351557","custInfoId":"2c908a885e2b95bd015e3c71591e22f8","fullScaleCount":1,"tradeStatus":3,"progress":100.00,"contractMoney":38630.00,"realyRate":13.20000000},{"hasInvestAmt":10000.00,"prdId":"ff808081567c3d7301567c89d06f004b","saleId":"","remainderPeriod":0,"crmOrderId":"2c908a88600c5d8601600fed0fcb015e","ordPrdNumber":"12011700061014","duetimeType":3,"remainingAmount":0,"online_time":"2017-12-01 10:34:42","rate":0.0500,"activitiesRate":0.0000,"left_periods":1,"endDay":"45","periods":1,"payment":2,"id":"ff808081567c3d7301567c89d070004c","remainingRate":0.05,"productType":3,"prdTypeName":"楼盈计划","finishTime":"20171203","prdName":"楼盈30","startDay":1,"prdNumber":"12011700061014","custInfoId":"2c908a88600c5d8601600d6931ac006a","tradeStatus":1,"progress":100.00,"contractMoney":10000.00,"realyRate":0.03800000}],"responseCode":"1","info":"操作成功"}
D/OkHttp  (12668): <-- END HTTP (6535-byte body)
V/AudioPolicyManager(  303): stopOutput() output 2, stream 1, session 397
V/AudioPolicyManager(  303): changeRefCount() stream 1, count 6
V/AudioPolicyManager(  303): releaseOutput() 2
W/art     (12668): Attempt to remove local handle scope entry from IRT, ignoring
W/AwContents(12668): onDetachedFromWindow called when already detached. Ignoring
W/art     (12668): Attempt to remove local handle scope entry from IRT, ignoring
W/art     (12668): Attempt to remove local handle scope entry from IRT, ignoring
D/Activity(12668): performCreate Call secproduct feature valuefalse
D/Activity(12668): performCreate Call debug elastic valuetrue
D/ForegroundCallbacks(12668): still foreground
D/ActivityManager( 1036): post active user change for 0
D/KnoxTimeoutHandler( 1036): postActiveUserChange for user 0
D/KnoxTimeoutHandler( 1036): handleActiveUserChange for user 0
V/AudioPolicyManager(  303): stopOutput() output 2, stream 1, session 398
V/AudioPolicyManager(  303): changeRefCount() stream 1, count 5
V/AudioPolicyManager(  303): releaseOutput() 2
V/AudioPolicyManager(  303): stopOutput() output 2, stream 1, session 399
V/AudioPolicyManager(  303): changeRefCount() stream 1, count 4
V/AudioPolicyManager(  303): releaseOutput() 2
D/ResourcesManager(12668): creating new AssetManager and set to /system/app/SamsungTTS/SamsungTTS.apk
I/TextToSpeech(12668): Sucessfully bound to com.samsung.SMT
W/art     (12668): Attempt to remove local handle scope entry from IRT, ignoring
W/art     (12668): Attempt to remove local handle scope entry from IRT, ignoring
W/art     (12668): Attempt to remove local handle scope entry from IRT, ignoring
W/art     (12668): Attempt to remove local handle scope entry from IRT, ignoring
I/SurfaceFlinger(  263): id=546 createSurf (1080x1920),1 flag=404, XebViewActi
V/AudioPolicyManager(  303): stopOutput() output 2, stream 1, session 400
V/AudioPolicyManager(  303): changeRefCount() stream 1, count 3
I/InputDispatcher( 1036): Delivering key to (12668): action: 0x0 (0)
D/PointerIcon( 1036): setMouseIconStyle1 pointerType: 1001iconType:101 flag:0
D/PointerIcon( 1036): setMouseCustomIcon IconType is same.101
D/PointerIcon( 1036): setHoveringSpenIconStyle1 pointerType: 10001iconType:1 flag:0
D/PointerIcon( 1036): setHoveringSpenCustomIcon IconType is same.1
D/InputDispatcher( 1036): Waiting for application to become ready for input: xxxx Reason: Waiting to send key event because the focused window has not finished processing all of the input events that were previously delivered to it.  Outbound queue length: 0.  Wait queue length: 1.
V/AudioPolicyManager(  303): stopOutput() output 2, stream 1, session 401
V/AudioPolicyManager(  303): changeRefCount() stream 1, count 2
I/InputDispatcher( 1036): Delivering key to (12668): action: 0x1 (0)
D/InputDispatcher( 1036): Waiting for application to become ready for input: xxxx Reason: Waiting to send key event because the focused window has not finished processing all of the input events that were previously delivered to it.  Outbound queue length: 0.  Wait queue length: 1.
D/OkHttp  (12668): --> POST http://116.236.220.210:8084/appTransfer/transferList?pageNo=1&pageSize=10&sort=1&sortField=default&sortType=asc&version=3 http/1.1
D/OkHttp  (12668): Content-Length: 0
D/OkHttp  (12668): RC-Bel-Key: bel.zhiwang.zzl
D/OkHttp  (12668): RC-Timestamp: 1512378595
D/OkHttp  (12668): RC-Nonce: c9965f42-3aac-473d-80fe-2244d92397b6
D/OkHttp  (12668): RC-Signature: 2193d381214fa50052853e316c4b7f4568ae32cc
D/OkHttp  (12668): osType: Android
D/OkHttp  (12668): version: 2.4.1
D/OkHttp  (12668): --> END POST (0-byte body)
I/InputDispatcher( 1036): Delivering key to (12668): action: 0x0 (0)
I/InputDispatcher( 1036): Delivering key to (12668): action: 0x1 (0)
V/AudioPolicyManager(  303): stopOutput() output 2, stream 1, session 403
V/AudioPolicyManager(  303): changeRefCount() stream 1, count 1
V/AudioPolicyManager(  303): stopOutput() output 2, stream 1, session 402
V/AudioPolicyManager(  303): changeRefCount() stream 1, count 0
V/AudioPolicyManager(  303): getNewOutputDevice() selected device 0
V/AudioPolicyManager(  303): setOutputDevice() output 2 device 0000 delayMs 160
V/AudioPolicyManager(  303): setOutputDevice() prevDevice 0002
V/AudioPolicyManager(  303): setOutputDevice() setting same device 0000 or null device for output 2
D/PersonaManager( 1036): isKioskContainerExistOnDevice
D/PersonaManager( 1036): isKioskContainerExistOnDevice
E/HomeEventObserver(11034): processFlag: market, [main:1] g.onReceive(84): action: android.intent.action.CLOSE_SYSTEM_DIALOGS,reason: recentapps
E/HomeEventObserver(11514): processFlag: connect, [main:1] g.onReceive(84): action: android.intent.action.CLOSE_SYSTEM_DIALOGS,reason: recentapps
I/Sally Service(32233): removeWindow window
E/HomeEventObserver(11064): processFlag: daemon, [main:1] g.onReceive(84): action: android.intent.action.CLOSE_SYSTEM_DIALOGS,reason: recentapps
E/HomeEventObserver(11597): processFlag: web, [main:1] g.onReceive(84): action: android.intent.action.CLOSE_SYSTEM_DIALOGS,reason: recentapps
E/HomeEventObserver(11013): processFlag: live, [main:1] g.onReceive(84): action: android.intent.action.CLOSE_SYSTEM_DIALOGS,reason: recentapps
E/HomeEventObserver(11180): processFlag: tools, [main:1] g.onReceive(84): action: android.intent.action.CLOSE_SYSTEM_DIALOGS,reason: recentapps
D/ResourcesManager( 1505): creating new AssetManager and set to /system/priv-app/SecContacts_Phone_OSup_FLAGSHIP_CHN/SecContacts_Phone_OSup_FLAGSHIP_CHN.apk
D/StautsBar-RecentsTaskLoader( 1505): getTaskStack id: 11 label:联系人
D/StautsBar-RecentsTaskLoader( 1505): getTaskStack id: 12 label:WLAN
D/ResourcesManager( 1505): creating new AssetManager and set to /system/app/SamsungCamera2/SamsungCamera2.apk
D/StautsBar-RecentsTaskLoader( 1505): getTaskStack id: 14 label:照相机
D/StautsBar-RecentsTaskLoader( 1505): getTaskStack id: 9 label:日期和时间
D/ResourcesManager( 1505): creating new AssetManager and set to /system/priv-app/S-Voice_Android_phone/S-Voice_Android_phone.apk
D/StautsBar-RecentsTaskLoader( 1505): getTaskStack id: 18 label:S Voice
D/StautsBar-RecentsTaskLoader( 1505): getTaskStack id: 21 label:贝尔在线
D/ResourcesManager( 1505): creating new AssetManager and set to /system/app/SBrowser_3.0.38_LATEST/SBrowser_3.0.38_LATEST.apk
D/InputDispatcher( 1036): Waiting for application to become ready for input: xxxx Reason: Waiting to send key event because the focused window has not finished processing all of the input events that were previously delivered to it.  Outbound queue length: 0.  Wait queue length: 1.
I/InputDispatcher( 1036): Delivering key to (12668): action: 0x0 (0)
E/com.umeng.message.UTrack(12668): RegistrationId is empty
D/InputDispatcher( 1036): Waiting for application to become ready for input: xxxx Reason: Waiting to send key event because the focused window has not finished processing all of the input events that were previously delivered to it.  Outbound queue length: 0.  Wait queue length: 1.
E/com.umeng.message.UTrack(12668): RegistrationId is empty
I/InputDispatcher( 1036): Delivering key to (12668): action: 0x1 (0)
I/InputDispatcher( 1036): Delivering touch to (1505): action: 0x4, toolType: 0
I/InputDispatcher( 1036): Delivering touch to (32233): action: 0x4, toolType: 0
I/InputDispatcher( 1036): Delivering touch to (12668): action: 0x0, toolType: 0
I/InputDispatcher( 1036): Delivering touch to (12668): action: 0x1, toolType: 0
D/ViewRootImpl(12668): ViewPostImeInputStage ACTION_DOWN
D/MultiWindowTrayService(32233): MultiWindow enabled true
I/MultiWindowTrayService(32233): mIsFactoryMode : false  isOtaRegistrati