E/mm-camera-intf(  303): mm_stream_read_msm_frame: VIDIOC_DQBUF buf_index 4, frame_idx 5, stream type 6, time stamp 1512378527 796204000
E/mm-camera(  317): awb_process: E gains(r=1.439260,g=1.050000,b=1.596211), color_temp=4943
E/mm-camera(  317): module_faceproc_client_handle_buffer:1809] count 0
E/mm-camera(  317): module_faceproc_client_send_info:1751] active index 0 face_cnt 0
E/mm-camera(  317): module_faceproc_client_send_info:1763] face_cnt 0
E/mm-camera(  317): module_faceproc_client_send_faceinfo:692] 1.000000 1.000000 0 0 out scale 1.000000 1.000000
E/mm-camera(  317): module_faceproc_client_send_faceinfo:694] Num face detected 0
E/mm-camera(  317): module_faceproc_faces_stabilization:586] GJ Invalid input no faces 
E/mm-camera(  317): [FD_ZOOM_DBG] FD_Imglib Num face detected 0
E/mm-camera(  317): module_faceproc_client_send_faceinfo:735] session id 3 mct_mod 0xb4cb5f40
E/mm-camera(  317): module_faceproc_client_handle_buffer:1827] img_idx 1
E/mm-camera(  317): module_faceproc_client_handle_buffer:1840] buffer 2 0xb271d000 0xb3b6f000
E/mm-camera(  317): isp_pipeline_stats_config_update Received stats_config_update for pipeline 0xb20ef000
E/mm-camera-img(  317): faceproc_comp_queue_buffer:655] q_count 1
E/mm-camera-img(  317): img_q_wait:225] after wait count 1
E/mm-camera-img(  317): img_q_wait:229] data 0xb273a1c0
E/mm-camera-img(  317): faceproc_fd_execute:1142] E
E/mm-camera-img(  317): faceproc_fd_execute:1174] no faces detected X
E/mm-camera-img(  317): face_proc_thread_loop:420] state 2 abort 0
E/mm-camera(  317): module_faceproc_client_event_handler:1120] buffer idx 1
E/mm-camera-img(  317): face_proc_thread_loop:428] send event
E/mm-camera-img(  317): img_comp_get_param:163] param 514
E/mm-camera-img(  317): faceproc_fd_output:848] num_faces 0
E/mm-camera-img(  317): face_proc_thread_loop:430] send event
E/mm-camera-img(  317): img_q_wait: before wait
E/mm-camera(  317): cpp_module_handle_sof_notify_event:574, sending bus msg, session_id=3, R1=0, R2=0
E/mm-camera(  317): isp_pipeline_save_aec_params lux_idx 207.472443 exp_index 286 real_gain 3.213416 
E/mm-camera(  317): isp_pipeline_awb_trigger_update: color 4943 gain r=1.439260 g=1.050000 b=1.596211
E/mm-camera-intf(  303): mm_stream_read_msm_frame: VIDIOC_DQBUF buf_index 5, frame_idx 6, stream type 6, time stamp 1512378527 829489000
E/mm-camera-intf(  303): mm_stream_read_msm_frame: VIDIOC_DQBUF buf_index 5, frame_idx 5, stream type 1, time stamp 6762 868669000
E/mm-camera(  317): awb_process: E gains(r=1.452587,g=1.050000,b=1.576351), color_temp=4981
E/mm-camera(  317): module_faceproc_client_handle_buffer:1809] count 1
E/mm-camera(  317): isp_pipeline_stats_config_update Received stats_config_update for pipeline 0xb20ef000
E/mm-camera-intf(  303): mm_stream_read_msm_frame: VIDIOC_DQBUF buf_index 3, frame_idx 6, stream type 1, time stamp 6762 902104000
E/mm-camera(  317): awb_process: E gains(r=1.465066,g=1.050000,b=1.558477), color_temp=5035
E/mm-camera(  317): cpp_module_handle_sof_notify_event:574, sending bus msg, session_id=3, R1=4, R2=5
E/mm-camera(  317): isp_pipeline_save_aec_params lux_idx 307.266388 exp_index 286 real_gain 3.213416 
E/mm-camera(  317): isp_pipeline_awb_trigger_update: color 4981 gain r=1.452587 g=1.050000 b=1.576351
E/mm-camera-intf(  303): mm_stream_read_msm_frame: VIDIOC_DQBUF buf_index 6, frame_idx 7, stream type 6, time stamp 1512378527 871274000
E/mm-camera(  317): module_faceproc_client_handle_buffer:1809] count 0
E/mm-camera(  317): module_faceproc_client_send_info:1751] active index 1 face_cnt 0
E/mm-camera(  317): module_faceproc_client_send_info:1763] face_cnt 0
E/mm-camera(  317): module_faceproc_client_send_faceinfo:692] 1.000000 1.000000 0 0 out scale 1.000000 1.000000
E/mm-camera(  317): module_faceproc_client_send_faceinfo:694] Num face detected 0
E/mm-camera(  317): module_faceproc_faces_stabilization:586] GJ Invalid input no faces 
E/mm-camera(  317): [FD_ZOOM_DBG] FD_Imglib Num face detected 0
E/mm-camera(  317): module_faceproc_client_send_faceinfo:735] session id 3 mct_mod 0xb4cb5f40
E/mm-camera(  317): module_faceproc_client_handle_buffer:1827] img_idx 2
E/mm-camera(  317): module_faceproc_client_handle_buffer:1840] buffer 1 0xb27e4000 0xb3bfa000
E/mm-camera(  317): isp_pipeline_stats_config_update Received stats_config_update for pipeline 0xb20ef000
E/mm-camera-img(  317): faceproc_comp_queue_buffer:655] q_count 1
E/mm-camera-img(  317): img_q_wait:225] after wait count 1
E/mm-camera-img(  317): img_q_wait:229] data 0xb273a380
E/mm-camera-img(  317): faceproc_fd_execute:1142] E
E/mm-camera-img(  317): faceproc_fd_execute:1174] no faces detected X
E/mm-camera-img(  317): face_proc_thread_loop:420] state 2 abort 0
E/mm-camera(  317): module_faceproc_client_event_handler:1120] buffer idx 2
E/mm-camera-img(  317): face_proc_thread_loop:428] send event
E/mm-camera-img(  317): img_comp_get_param:163] param 514
E/mm-camera-img(  317): faceproc_fd_output:848] num_faces 0
E/mm-camera-img(  317): face_proc_thread_loop:430] send event
E/mm-camera-img(  317): img_q_wait: before wait
E/mm-camera(  317): cpp_module_handle_sof_notify_event:574, sending bus msg, session_id=3, R1=4, R2=5
E/mm-camera(  317): isp_pipeline_save_aec_params lux_idx 307.266388 exp_index 286 real_gain 3.213416 
E/mm-camera(  317): isp_pipeline_awb_trigger_update: color 5035 gain r=1.465066 g=1.050000 b=1.558477
E/mm-camera-intf(  303): mm_stream_read_msm_frame: VIDIOC_DQBUF buf_index 4, frame_idx 7, stream type 1, time stamp 6762 943851000
E/mm-camera-intf(  303): mm_stream_read_msm_frame: VIDIOC_DQBUF buf_index 7, frame_idx 8, stream type 6, time stamp 1512378527 912997000
E/mm-camera(  317): awb_process: E gains(r=1.472939,g=1.050000,b=1.538469), color_temp=5123
E/mm-camera(  317): module_faceproc_client_handle_buffer:1809] count 1
E/mm-camera(  317): isp_pipeline_stats_config_update Received stats_config_update for pipeline 0xb20ef000
E/mm-camera(  317): awb_process: E gains(r=1.480024,g=1.050000,b=1.520463), color_temp=5203
E/mm-camera-intf(  303): mm_stream_read_msm_frame: VIDIOC_DQBUF buf_index 5, frame_idx 8, stream type 1, time stamp 6762 985596000
D/Sensorhubs(  310): readContextData: 1, 1, 7, 0
D/SensorHubManager( 1036): onGetSensorHubDataLocked: library(4) = 1, 1, 7, 0
E/mm-camera(  317): cpp_module_handle_sof_notify_event:574, sending bus msg, session_id=3, R1=4, R2=5
E/mm-camera(  317): isp_pipeline_save_aec_params lux_idx 302.795258 exp_index 293 real_gain 2.817299 
E/mm-camera(  317): isp_pipeline_awb_trigger_update: color 5203 gain r=1.480024 g=1.050000 b=1.520463
E/mm-camera-intf(  303): mm_stream_read_msm_frame: VIDIOC_DQBUF buf_index 8, frame_idx 9, stream type 6, time stamp 1512378527 954749000
D/CAE     ( 1036): onGetSensorHubData(SensorHubParserProvider.java:87) - onGetSensorHubData Event [event buffer len :4], AP_WAKEUP
I/CAE     ( 1036): parse(SensorHubParserProvider.java:166) - buffer size = 4
I/CAE     ( 1036): parse(SensorHubParserProvider.java:177) - 1, 1, 7, 0,
D/CAE     ( 1036): display(ContextProvider.java:365) - ================= AUTO_ROTATION =================
I/CAE     ( 1036): display(ContextProvider.java:381) - Angle=[0]
D/SContextService( 1036): updateSContext() : event = Auto Rotation
V/WindowOrientationListener( 1036): mSContextAutoRotationListener.onSContextChanged, Rotation: 0
E/mm-camera(  317): module_faceproc_client_handle_buffer:1809] count 0
E/mm-camera(  317): module_faceproc_client_send_info:1751] active index 0 face_cnt 0
E/mm-camera(  317): module_faceproc_client_send_info:1763] face_cnt 0
E/mm-camera(  317): module_faceproc_client_send_faceinfo:692] 1.000000 1.000000 0 0 out scale 1.000000 1.000000
E/mm-camera(  317): module_faceproc_client_send_faceinfo:694] Num face detected 0
E/mm-camera(  317): module_faceproc_faces_stabilization:586] GJ Invalid input no faces 
E/mm-camera(  317): [FD_ZOOM_DBG] FD_Imglib Num face detected 0
E/mm-camera(  317): module_faceproc_client_send_faceinfo:735] session id 3 mct_mod 0xb4cb5f40
E/mm-camera(  317): module_faceproc_client_handle_buffer:1827] img_idx 3
E/mm-camera(  317): module_faceproc_client_handle_buffer:1840] buffer 0 0xb265a000 0xb3c17000
E/mm-camera-img(  317): faceproc_comp_queue_buffer:655] q_count 1
E/mm-camera-img(  317): img_q_wait:225] after wait count 1
E/mm-camera-img(  317): img_q_wait:229] data 0xb273a540
E/mm-camera-img(  317): faceproc_fd_execute:1142] E
E/mm-camera-img(  317): faceproc_fd_execute:1174] no faces detected X
E/mm-camera-img(  317): face_proc_thread_loop:420] state 2 abort 0
E/mm-camera(  317): module_faceproc_client_event_handler:1120] buffer idx 3
E/mm-camera-img(  317): face_proc_thread_loop:428] send event
E/mm-camera-img(  317): img_comp_get_param:163] param 514
E/mm-camera-img(  317): faceproc_fd_output:848] num_faces 0
E/mm-camera-img(  317): face_proc_thread_loop:430] send event
E/mm-camera-img(  317): img_q_wait: before wait
E/mm-camera(  317): isp_pipeline_stats_config_update Received stats_config_update for pipeline 0xb20ef000
E/mm-camera(  317): awb_process: E gains(r=1.486401,g=1.050000,b=1.504257), color_temp=5277
E/mm-camera-intf(  303): mm_stream_read_msm_frame: VIDIOC_DQBUF buf_index 3, frame_idx 9, stream type 1, time stamp 6763 27334000
E/mm-camera(  317): cpp_module_handle_sof_notify_event:574, sending bus msg, session_id=3, R1=4, R2=5
E/mm-camera(  317): isp_pipeline_save_aec_params lux_idx 302.795258 exp_index 293 real_gain 2.817299 
E/mm-camera(  317): isp_pipeline_awb_trigger_update: color 5203 gain r=1.480024 g=1.050000 b=1.520463
E/mm-camera-intf(  303): mm_stream_read_msm_frame: VIDIOC_DQBUF buf_index 9, frame_idx 10, stream type 6, time stamp 1512378528 13153000
E/mm-camera(  317): module_faceproc_client_handle_buffer:1809] count 1
E/mm-camera(  317): isp_pipeline_stats_config_update Received stats_config_update for pipeline 0xb20ef000
E/mm-camera-intf(  303): mm_stream_read_msm_frame: VIDIOC_DQBUF buf_index 4, frame_idx 10, stream type 1, time stamp 6763 85763000
E/mm-camera(  317): awb_process: E gains(r=1.492140,g=1.050000,b=1.489671), color_temp=5345
E/mm-camera(  317): cpp_module_handle_sof_notify_event:574, sending bus msg, session_id=3, R1=4, R2=5
E/mm-camera(  317): isp_pipeline_save_aec_params lux_idx 302.795258 exp_index 293 real_gain 2.817299 
E/mm-camera(  317): isp_pipeline_awb_trigger_update: color 5277 gain r=1.486401 g=1.050000 b=1.504257
E/mm-camera-intf(  303): mm_stream_read_msm_frame: VIDIOC_DQBUF buf_index 10, frame_idx 11, stream type 6, time stamp 1512378528 71606000
E/mm-camera(  317): module_faceproc_client_handle_buffer:1809] count 0
E/mm-camera(  317): module_faceproc_client_send_info:1751] active index 1 face_cnt 0
E/mm-camera(  317): module_faceproc_client_send_info:1763] face_cnt 0
E/mm-camera(  317): module_faceproc_client_send_faceinfo:692] 1.000000 1.000000 0 0 out scale 1.000000 1.000000
E/mm-camera(  317): module_faceproc_client_send_faceinfo:694] Num face detected 0
E/mm-camera(  317): module_faceproc_faces_stabilization:586] GJ Invalid input no faces 
E/mm-camera(  317): [FD_ZOOM_DBG] FD_Imglib Num face detected 0
E/mm-camera(  317): module_faceproc_client_send_faceinfo:735] session id 3 mct_mod 0xb4cb5f40
E/mm-camera(  317): module_faceproc_client_handle_buffer:1827] img_idx 0
E/mm-camera(  317): module_faceproc_client_handle_buffer:1840] buffer 2 0xb2683000 0xb3b6f000
E/mm-camera-img(  317): faceproc_comp_queue_buffer:655] q_count 1
E/mm-camera-img(  317): img_q_wait:225] after wait count 1
E/mm-camera-img(  317): img_q_wait:229] data 0xb273a000
E/mm-camera-img(  317): faceproc_fd_execute:1142] E
E/mm-camera-img(  317): faceproc_fd_execute:1174] no faces detected X
E/mm-camera-img(  317): face_proc_thread_loop:420] state 2 abort 0
E/mm-camera(  317): module_faceproc_client_event_handler:1120] buffer idx 0
E/mm-camera-img(  317): face_proc_thread_loop:428] send event
E/mm-camera-img(  317): img_comp_get_param:163] param 514
E/mm-camera-img(  317): faceproc_fd_output:848] num_faces 0
E/mm-camera-img(  317): face_proc_thread_loop:430] send event
E/mm-camera-img(  317): img_q_wait: before wait
E/mm-camera-intf(  303): mm_stream_read_msm_frame: VIDIOC_DQBUF buf_index 5, frame_idx 11, stream type 1, time stamp 6763 144180000
W/QCamera2HWI(  303): nodisplay_preview_stream_cb_routine: first preview frame. mCameraId=1
D/ShotSingle(  303): CAMERA_MSG_PREVIEW_FRAME E
E/mm-camera(  317): isp_pipeline_stats_config_update Received stats_config_update for pipeline 0xb20ef000
E/mm-camera(  317): awb_process: E gains(r=1.495680,g=1.050000,b=1.475286), color_temp=5413
I/EDMNativeHelperService( 1036): isCameraEnabled
E/mm-camera(  317): cpp_module_handle_sof_notify_event:574, sending bus msg, session_id=3, R1=4, R2=5
E/mm-camera(  317): isp_pipeline_save_aec_params lux_idx 302.795258 exp_index 297 real_gain 3.166814 
E/mm-camera(  317): isp_pipeline_awb_trigger_update: color 5345 gain r=1.492140 g=1.050000 b=1.489671
E/mm-camera-intf(  303): mm_stream_read_msm_frame: VIDIOC_DQBUF buf_index 11, frame_idx 12, stream type 6, time stamp 1512378528 129976000
D/ShotSingle(  303): CAMERA_MSG_PREVIEW_FRAME X
D/SecCameraCoreManager(  303): disableMsgType: 0x10
W/QCamera2HWI(  303): disable_msg_type : E, msg type 16
W/QCamera2HWI(  303): disable_msg_type : X
D/SecCamera-JNI-Java( 1036): handleMessage: 16
E/SmartScreen_JNI( 1036): processImage start : prev time [ 30424725 ]
D/SmartScreen_JNI( 1036): tmpfile : /data/smart_stay_hash.dmc
D/DMCFaceEngine( 1036): NEON : 1
D/DMCFaceEngine( 1036): caSmartDP_SmartStay orientation [0] count [0]
D/DMCFaceEngine( 1036): caSmartDP_SmartStay : FUNCTION START img width 320, height 240 previous angle 0
D/DMCFaceEngine( 1036): caSmartDP_SmartStay : loop Start with dir 1, width 240 and heighe 320
D/DMCFaceEngine( 1036): caFace_RunFaceDetection_SmartStayRotation : FaceDetection Start with width 240, heighe 320
D/DMCFaceEngine( 1036): fd_find_run : Use A New Sensor ==========> 0 [240][320]
D/SecCameraCoreManager(  303): enableMsgType: 0x10
W/QCamera2HWI(  303): enable_msg_type : E, msg type 16
W/QCamera2HWI(  303): enable_msg_type : X
E/mm-camera(  317): module_faceproc_client_handle_buffer:1809] count 1
E/mm-camera(  317): isp_pipeline_stats_config_update Received stats_config_update for pipeline 0xb20ef000
E/mm-camera(  317): awb_process: E gains(r=1.498865,g=1.050000,b=1.462339), color_temp=5476
E/mm-camera-intf(  303): mm_stream_read_msm_frame: VIDIOC_DQBUF buf_index 3, frame_idx 12, stream type 1, time stamp 6763 202578000
D/ShotSingle(  303): CAMERA_MSG_PREVIEW_FRAME E
D/DMCFaceEngine( 1036): fd_find_run : Use A New Sensor ==========> 0 [240][320]
E/mm-camera(  317): cpp_module_handle_sof_notify_event:574, sending bus msg, session_id=3, R1=4, R2=5
E/mm-camera(  317): isp_pipeline_save_aec_params lux_idx 302.999359 exp_index 297 real_gain 3.166814 
E/mm-camera(  317): isp_pipeline_awb_trigger_update: color 5413 gain r=1.495680 g=1.050000 b=1.475286
E/mm-camera-intf(  303): mm_stream_read_msm_frame: VIDIOC_DQBUF buf_index 12, frame_idx 13, stream type 6, time stamp 1512378528 188389000
I/EDMNativeHelperService( 1036): isCameraEnabled
D/ShotSingle(  303): CAMERA_MSG_PREVIEW_FRAME X
D/SecCameraCoreManager(  303): disableMsgType: 0x10
W/QCamera2HWI(  303): disable_msg_type : E, msg type 16
W/QCamera2HWI(  303): disable_msg_type : X
D/SecCamera-JNI-Java( 1036): handleMessage: 16
D/SecCameraCoreManager(  303): enableMsgType: 0x10
W/QCamera2HWI(  303): enable_msg_type : E, msg type 16
W/QCamera2HWI(  303): enable_msg_type : X
D/DMCFaceEngine( 1036): fd_find_run : Use A New Sensor ==========> 0 [240][320]
E/mm-camera(  317): module_faceproc_client_handle_buffer:1809] count 0
E/mm-camera(  317): module_faceproc_client_send_info:1751] active index 0 face_cnt 0
E/mm-camera(  317): module_faceproc_client_send_info:1763] face_cnt 0
E/mm-camera(  317): module_faceproc_client_send_faceinfo:692] 1.000000 1.000000 0 0 out scale 1.000000 1.000000
E/mm-camera(  317): module_faceproc_client_send_faceinfo:694] Num face detected 0
E/mm-camera(  317): module_faceproc_faces_stabilization:586] GJ Invalid input no faces 
E/mm-camera(  317): [FD_ZOOM_DBG] FD_Imglib Num face detected 0
E/mm-camera(  317): module_faceproc_client_send_faceinfo:735] session id 3 mct_mod 0xb4cb5f40
E/mm-camera(  317): module_faceproc_client_handle_buffer:1827] img_idx 1
E/mm-camera(  317): module_faceproc_client_handle_buffer:1840] buffer 1 0xb271d000 0xb3bfa000
E/mm-camera-img(  317): faceproc_comp_queue_buffer:655] q_count 1
E/mm-camera-img(  317): img_q_wait:225] after wait count 1
E/mm-camera-img(  317): img_q_wait:229] data 0xb273a1c0
E/mm-camera-img(  317): faceproc_fd_execute:1142] E
E/mm-camera-img(  317): faceproc_fd_execute:1174] no faces detected X
E/mm-camera-img(  317): face_proc_thread_loop:420] state 2 abort 0
E/mm-camera(  317): module_faceproc_client_event_handler:1120] buffer idx 1
E/mm-camera-img(  317): face_proc_thread_loop:428] send event
E/mm-camera-img(  317): img_comp_get_param:163] param 514
E/mm-camera-img(  317): faceproc_fd_output:848] num_faces 0
E/mm-camera-img(  317): face_proc_thread_loop:430] send event
E/mm-camera-img(  317): img_q_wait: before wait
E/mm-camera(  317): isp_pipeline_stats_config_update Received stats_config_update for pipeline 0xb20ef000
E/mm-camera-intf(  303): mm_stream_read_msm_frame: VIDIOC_DQBUF buf_index 4, frame_idx 13, stream type 1, time stamp 6763 260995000
D/ShotSingle(  303): CAMERA_MSG_PREVIEW_FRAME E
I/EDMNativeHelperService( 1036): isCameraEnabled
D/SecCameraCoreManager(  303): disableMsgType: 0x10
W/QCamera2HWI(  303): disable_msg_type : E, msg type 16
W/QCamera2HWI(  303): disable_msg_type : X
D/ShotSingle(  303): CAMERA_MSG_PREVIEW_FRAME X
D/SecCamera-JNI-Java( 1036): handleMessage: 16
D/SecCameraCoreManager(  303): enableMsgType: 0x10
W/QCamera2HWI(  303): enable_msg_type : E, msg type 16
W/QCamera2HWI(  303): enable_msg_type : X
D/DMCFaceEngine( 1036): fd_find_run : Use A New Sensor ==========> 0 [110][110]
E/mm-camera(  317): awb_process: E gains(r=1.501732,g=1.050000,b=1.450687), color_temp=5533
D/DMCFaceEngine( 1036): caFace_RunFaceDetection_SmartStayRotation : Detected No Face
D/DMCFaceEngine( 1036): caSmartDP_SmartStay : SINGLE EYE DETECTION LOOP START
D/DMCFaceEngine( 1036): caSmartDP_SmartStay : single eye detection loop start _ dir 1
D/DMCFaceEngine( 1036): caIF_RunEyeDetection_MCT_IRS : caIF_RunEyeDetection_MCT_IRS START
D/DMCFaceEngine( 1036): caIF_RunEyeDetection_MCT_IRS : Width 240, Height 320
E/mm-camera(  317): cpp_module_handle_sof_notify_event:574, sending bus msg, session_id=3, R1=4, R2=5
E/mm-camera(  317): isp_pipeline_save_aec_params lux_idx 300.564453 exp_index 299 real_gain 2.937776 
E/mm-camera(  317): isp_pipeline_awb_trigger_update: color 5476 gain r=1.498865 g=1.050000 b=1.462339
E/mm-camera-intf(  303): mm_stream_read_msm_frame: VIDIOC_DQBUF buf_index 13, frame_idx 14, stream type 6, time stamp 1512378528 246802000
E/mm-camera(  317): module_faceproc_client_handle_buffer:1809] count 1
E/mm-camera-intf(  303): mm_stream_read_msm_frame: VIDIOC_DQBUF buf_index 5, frame_idx 14, stream type 1, time stamp 6763 319411000
E/mm-camera(  317): isp_pipeline_stats_config_update Received stats_config_update for pipeline 0xb20ef000
E/mm-camera(  317): awb_process: E gains(r=1.504312,g=1.050000,b=1.440200), color_temp=5586
D/ShotSingle(  303): CAMERA_MSG_PREVIEW_FRAME E
I/EDMNativeHelperService( 1036): isCameraEnabled
D/ShotSingle(  303): CAMERA_MSG_PREVIEW_FRAME X
D/SecCameraCoreManager(  303): disableMsgType: 0x10
W/QCamera2HWI(  303): disable_msg_type : E, msg type 16
W/QCamera2HWI(  303): disable_msg_type : X
D/SecCamera-JNI-Java( 1036): handleMessage: 16
D/SecCameraCoreManager(  303): enableMsgType: 0x10
W/QCamera2HWI(  303): enable_msg_type : E, msg type 16
W/QCamera2HWI(  303): enable_msg_type : X
E/mm-camera(  317): cpp_module_handle_sof_notify_event:574, sending bus msg, session_id=3, R1=4, R2=4
E/mm-camera(  317): isp_pipeline_save_aec_params lux_idx 300.564453 exp_index 299 real_gain 2.937776 
E/mm-camera(  317): isp_pipeline_awb_trigger_update: color 5533 gain r=1.501732 g=1.050000 b=1.450687
E/mm-camera-intf(  303): mm_stream_read_msm_frame: VIDIOC_DQBUF buf_index 14, frame_idx 15, stream type 6, time stamp 1512378528 305232000
E/mm-camera(  317): module_faceproc_client_handle_buffer:1809] count 0
E/mm-camera(  317): module_faceproc_client_send_info:1751] active index 1 face_cnt 0
E/mm-camera(  317): module_faceproc_client_send_info:1763] face_cnt 0
E/mm-camera(  317): module_faceproc_client_send_faceinfo:692] 1.000000 1.000000 0 0 out scale 1.000000 1.000000
E/mm-camera(  317): module_faceproc_client_send_faceinfo:694] Num face detected 0
E/mm-camera(  317): module_faceproc_faces_stabilization:586] GJ Invalid input no faces 
E/mm-camera(  317): [FD_ZOOM_DBG] FD_Imglib Num face detected 0
E/mm-camera(  317): module_faceproc_client_send_faceinfo:735] session id 3 mct_mod 0xb4cb5f40
E/mm-camera(  317): module_faceproc_client_handle_buffer:1827] img_idx 2
E/mm-camera(  317): module_faceproc_client_handle_buffer:1840] buffer 0 0xb27e4000 0xb3c17000
E/mm-camera-img(  317): faceproc_comp_queue_buffer:655] q_count 1
E/mm-camera-img(  317): img_q_wait:225] after wait count 1
D/DMCFaceEngine( 1036): caIF_RunEyeDetection_MCT_IRS : caIF_RunEyeDetection_MCT_IRS END
E/mm-camera-img(  317): img_q_wait:229] data 0xb273a380
E/mm-camera-img(  317): faceproc_fd_execute:1142] E
D/DMCFaceEngine( 1036): caSmartDP_SmartStay : caFace_Aux_FindEyes_IRS time 102583
D/DMCFaceEngine( 1036): caSmartDP_SmartStay : Single Eye Detection Fail dir 1
D/DMCFaceEngine( 1036): caSmartDP_SmartStay : loop End ED dir 1 with nResult -1
D/DMCFaceEngine( 1036): caSmartDP_SmartStay : SINGLE EYE DETECTION LOOP END with nResult -1
E/mm-camera(  317): isp_pipeline_stats_config_update Received stats_config_update for pipeline 0xb20ef000
D/DMCFaceEngine( 1036): caSmartDP_SmartStay : DETECT HUMAN FAIL
D/DMCFaceEngine( 1036): caSmartDP_SmartStay : face : X[0] Y[0] W[0] H[0]
D/DMCFaceEngine( 1036): caSmartDP_SmartStay : eye  : LX[0] LY[0] RX[0] RY[0]
D/DMCFaceEngine( 1036): caSmartDP_DetermineFixedDevice : TmpFile exists /data/smart_stay_hash.dmc 
E/mm-camera-img(  317): faceproc_fd_execute:1174] no faces detected X
E/mm-camera-img(  317): face_proc_thread_loop:420] state 2 abort 0
E/mm-camera(  317): module_faceproc_client_event_handler:1120] buffer idx 2
E/mm-camera-img(  317): face_proc_thread_loop:428] send event
D/DMCFaceEngine( 1036): caSmartDP_HashingImage : wd [80] ht [60]
E/mm-camera-img(  317): img_comp_get_param:163] param 514
D/DMCFaceEngine( 1036): caSmartDP_DetermineFixedDevice : FIXED OR NOT  : difference 3.917292
E/mm-camera-img(  317): faceproc_fd_output:848] num_faces 0
E/mm-camera-img(  317): face_proc_thread_loop:430] send event
E/mm-camera-img(  317): img_q_wait: before wait
D/DMCFaceEngine( 1036): caSmartDP_DetermineFixedDevice : TmpFile making start /data/smart_stay_hash.dmc 
E/mm-camera-intf(  303): mm_stream_read_msm_frame: VIDIOC_DQBUF buf_index 3, frame_idx 15, stream type 1, time stamp 6763 377831000
D/ShotSingle(  303): CAMERA_MSG_PREVIEW_FRAME E
I/EDMNativeHelperService( 1036): isCameraEnabled
D/SecCameraCoreManager(  303): disableMsgType: 0x10
W/QCamera2HWI(  303): disable_msg_type : E, msg type 16
W/QCamera2HWI(  303): disable_msg_type : X
D/ShotSingle(  303): CAMERA_MSG_PREVIEW_FRAME X
D/SecCamera-JNI-Java( 1036): handleMessage: 16
D/SecCameraCoreManager(  303): enableMsgType: 0x10
W/QCamera2HWI(  303): enable_msg_type : E, msg type 16
W/QCamera2HWI(  303): enable_msg_type : X
D/DMCFaceEngine( 1036): caSmartDP_DetermineFixedDevice : TmpFile making end /data/smart_stay_hash.dmc 
D/DMCFaceEngine( 1036): caSmartDP_SmartStay result [-100] - [5.000000]
D/DMCFaceEngine( 1036): caSmartDP_SmartStay : [5.000000] determine[3] result [-100]
E/SmartScreen_JNI( 1036): processImage end : function time [ 189407 ] [-100] 
E/SmartFaceManager( 1036): checkForSmartStay onInfo: 100: 0
E/SmartScreen_JNI( 1036): processImage start : prev time [ 190234 ]
D/SmartScreen_JNI( 1036): tmpfile : /data/smart_stay_hash.dmc
D/DMCFaceEngine( 1036): NEON : 1
D/DMCFaceEngine( 1036): caSmartDP_SmartStay orientation [0] count [1]
D/DMCFaceEngine( 1036): caSmartDP_SmartStay : FUNCTION START img width 320, height 240 previous angle 0
E/mm-camera(  317): awb_process: E gains(r=1.506634,g=1.050000,b=1.430762), color_temp=5634
D/DMCFaceEngine( 1036): caSmartDP_SmartStay : loop Start with dir 1, width 240 and heighe 320
D/DMCFaceEngine( 1036): caFace_RunFaceDetection_SmartStayRotation : FaceDetection Start with width 240, heighe 320
D/DMCFaceEngine( 1036): fd_find_run : Use A New Sensor ==========> 0 [240][320]
E/mm-camera(  317): cpp_module_handle_sof_notify_event:574, sending bus msg, session_id=3, R1=4, R2=5
E/mm-camera(  317): isp_pipeline_save_aec_params lux_idx 302.616699 exp_index 299 real_gain 2.937776 
E/mm-camera(  317): isp_pipeline_awb_trigger_update: color 5586 gain r=1.504312 g=1.050000 b=1.440200
E/mm-camera-intf(  303): mm_stream_read_msm_frame: VIDIOC_DQBUF buf_index 15, frame_idx 16, stream type 6, time stamp 1512378528 371955000
D/DMCFaceEngine( 1036): fd_find_run : Use A New Sensor ==========> 0 [240][320]
D/DMCFaceEngine( 1036): fd_find_run : Use A New Sensor ==========> 0 [240][320]
D/DMCFaceEngine( 1036): fd_find_run : Use A New Sensor ==========> 0 [110][110]
E/mm-camera(  317): module_faceproc_client_handle_buffer:1809] count 1
E/mm-camera-intf(  303): mm_stream_read_msm_frame: VIDIOC_DQBUF buf_index 4, frame_idx 16, stream type 1, time stamp 6763 444563000
E/mm-camera(  317): isp_pipeline_stats_config_update Received stats_config_update for pipeline 0xb20ef000
D/ShotSingle(  303): CAMERA_MSG_PREVIEW_FRAME E
E/mm-camera(  317): awb_process: E gains(r=1.508724,g=1.050000,b=1.422267), color_temp=5677
I/EDMNativeHelperService( 1036): isCameraEnabled
D/ShotSingle(  303): CAMERA_MSG_PREVIEW_FRAME X
D/SecCameraCoreManager(  303): disableMsgType: 0x10
W/QCamera2HWI(  303): disable_msg_type : E, msg type 16
W/QCamera2HWI(  303): disable_msg_type : X
D/SecCamera-JNI-Java( 1036): handleMessage: 16
D/SecCameraCoreManager(  303): enableMsgType: 0x10
W/QCamera2HWI(  303): enable_msg_type : E, msg type 16
W/QCamera2HWI(  303): enable_msg_type : X
D/DMCFaceEngine( 1036): fd_find_run : Use A New Sensor ==========> 0 [110][110]
D/DMCFaceEngine( 1036): caFace_RunFaceDetection_SmartStayRotation : Detected No Face
D/DMCFaceEngine( 1036): caSmartDP_SmartStay : SINGLE EYE DETECTION LOOP START
D/DMCFaceEngine( 1036): caSmartDP_SmartStay : single eye detection loop start _ dir 1
D/DMCFaceEngine( 1036): caIF_RunEyeDetection_MCT_IRS : caIF_RunEyeDetection_MCT_IRS START
D/DMCFaceEngine( 1036): caIF_RunEyeDetection_MCT_IRS : Width 240, Height 320
E/mm-camera(  317): cpp_module_handle_sof_notify_event:574, sending bus msg, session_id=3, R1=4, R2=5
E/mm-camera(  317): isp_pipeline_save_aec_params lux_idx 302.616699 exp_index 299 real_gain 2.937776 
E/mm-camera(  317): isp_pipeline_awb_trigger_update: color 5677 gain r=1.508724 g=1.050000 b=1.422267
E/mm-camera-intf(  303): mm_stream_read_msm_frame: VIDIOC_DQBUF buf_index 16, frame_idx 17, stream type 6, time stamp 1512378528 438705000
E/mm-camera(  317): module_faceproc_client_handle_buffer:1809] count 0
E/mm-camera(  317): module_faceproc_client_send_info:1751] active index 0 face_cnt 0
E/mm-camera(  317): module_faceproc_client_send_info:1763] face_cnt 0
E/mm-camera(  317): module_faceproc_client_send_faceinfo:692] 1.000000 1.000000 0 0 out scale 1.000000 1.000000
E/mm-camera(  317): module_faceproc_client_send_faceinfo:694] Num face detected 0
E/mm-camera(  317): module_faceproc_faces_stabilization:586] GJ Invalid input no faces 
E/mm-camera(  317): [FD_ZOOM_DBG] FD_Imglib Num face detected 0
E/mm-camera(  317): module_faceproc_client_send_faceinfo:735] session id 3 mct_mod 0xb4cb5f40
E/mm-camera(  317): module_faceproc_client_handle_buffer:1827] img_idx 3
E/mm-camera(  317): module_faceproc_client_handle_buffer:1840] buffer 2 0xb265a000 0xb3b6f000
E/mm-camera-img(  317): faceproc_comp_queue_buffer:655] q_count 1
E/mm-camera-img(  317): img_q_wait:225] after wait count 1
E/mm-camera-img(  317): img_q_wait:229] data 0xb273a540
E/mm-camera-img(  317): faceproc_fd_execute:1142] E
E/mm-camera-img(  317): faceproc_fd_execute:1174] no faces detected X
E/mm-camera-img(  317): face_proc_thread_loop:420] state 2 abort 0
E/mm-camera(  317): module_faceproc_client_event_handler:1120] buffer idx 3
E/mm-camera-img(  317): face_proc_thread_loop:428] send event
E/mm-camera-img(  317): img_comp_get_param:163] param 514
E/mm-camera-img(  317): faceproc_fd_output:848] num_faces 0
E/mm-camera-img(  317): face_proc_thread_loop:430] send event
E/mm-camera-img(  317): img_q_wait: before wait
E/mm-camera-intf(  303): mm_stream_read_msm_frame: VIDIOC_DQBUF buf_index 5, frame_idx 17, stream type 1, time stamp 6763 511306000
D/ShotSingle(  303): CAMERA_MSG_PREVIEW_FRAME E
E/mm-camera(  317): isp_pipeline_stats_config_update Received stats_config_update for pipeline 0xb20ef000
I/EDMNativeHelperService( 1036): isCameraEnabled
D/ShotSingle(  303): CAMERA_MSG_PREVIEW_FRAME X
D/SecCameraCoreManager(  303): disableMsgType: 0x10
W/QCamera2HWI(  303): disable_msg_type : E, msg type 16
W/QCamera2HWI(  303): disable_msg_type : X
D/SecCamera-JNI-Java( 1036): handleMessage: 16
D/SecCameraCoreManager(  303): enableMsgType: 0x10
W/QCamera2HWI(  303): enable_msg_type : E, msg type 16
W/QCamera2HWI(  303): enable_msg_type : X
E/mm-camera(  317): awb_process: E gains(r=1.510604,g=1.050000,b=1.414622), color_temp=5717
E/mm-camera(  317): cpp_module_handle_sof_notify_event:574, sending bus msg, session_id=3, R1=4, R2=5
E/mm-camera(  317): isp_pipeline_save_aec_params lux_idx 300.983521 exp_index 299 real_gain 2.937776 
E/mm-camera(  317): isp_pipeline_awb_trigger_update: color 5677 gain r=1.508724 g=1.050000 b=1.422267
E/mm-camera-intf(  303): mm_stream_read_msm_frame: VIDIOC_DQBUF buf_index 17, frame_idx 18, stream type 6, time stamp 1512378528 505448000
D/DMCFaceEngine( 1036): caIF_RunEyeDetection_MCT_IRS : caIF_RunEyeDetection_MCT_IRS END
D/DMCFaceEngine( 1036): caSmartDP_SmartStay : caFace_Aux_FindEyes_IRS time 97804
D/DMCFaceEngine( 1036): caSmartDP_SmartStay : Single Eye Detection Fail dir 1
D/DMCFaceEngine( 1036): caSmartDP_SmartStay : loop End ED dir 1 with nResult -1
D/DMCFaceEngine( 1036): caSmartDP_SmartStay : SINGLE EYE DETECTION LOOP END with nResult -1
D/DMCFaceEngine( 1036): caSmartDP_SmartStay : DETECT HUMAN FAIL
D/DMCFaceEngine( 1036): caSmartDP_SmartStay : face : X[0] Y[0] W[0] H[0]
D/DMCFaceEngine( 1036): caSmartDP_SmartStay : eye  : LX[0] LY[0] RX[0] RY[0]
E/SmartScreen_JNI( 1036): processImage end : function time [ 196028 ] [-1] 
E/SmartFaceManager( 1036): checkForSmartStay onInfo: 100: 0
D/SecCameraCoreManager(  303): disableMsgType: 0x10
W/QCamera2HWI(  303): disable_msg_type : E, msg type 16
W/QCamera2HWI(  303): disable_msg_type : X
D/SecCameraCoreManager(  303): disableMsgType: 0x10
W/QCamera2HWI(  303): disable_msg_type : E, msg type 16
W/QCamera2HWI(  303): disable_msg_type : X
I/CameraClient(  303): stopPreview: Disable picture related messages 
D/SecCameraCoreManager(  303): disableMsgType: 0x3c2
W/QCamera2HWI(  303): disable_msg_type : E, msg type 962
W/QCamera2HWI(  303): disable_msg_type : X
D/SecCameraCoreManager(  303): stopPreview
D/SecCameraCoreManager(  303): virtual void android::SecCameraCoreManager::stopPreview():stop IT Policy checking thread
E/mm-camera(  317): module_faceproc_client_handle_buffer:1809] count 1
E/mm-camera-intf(  303): mm_stream_read_msm_frame: VIDIOC_DQBUF buf_index 3, frame_idx 18, stream type 1, time stamp 6763 578035000
E/mm-camera(  317): isp_pipeline_stats_config_update Received stats_config_update for pipeline 0xb20ef000
E/mm-camera(  317): awb_process: E gains(r=1.512297,g=1.050000,b=1.407742), color_temp=5753
D/ShotSingle(  303): stopPreview
W/QCamera2HWI(  303): disable_msg_type : E, msg type 962
W/QCamera2HWI(  303): disable_msg_type : X
V/ShotSingle(  303): stopPreview(1)
W/QCamera2HWI(  303): [KPI Perf] stop_preview: E
W/QCamera2HWI(  303): stopPreview: E mCameraId=1
I/        (  303): [DBG] int32_t qcamera::QCameraCmdThread::exit(): Before thread join
I/        (  303): [DBG] int32_t qcamera::QCameraCmdThread::exit(): After thread join
I/        (  303): [DBG] int32_t qcamera::QCameraCmdThread::exit(): Before thread join
I/        (  303): [DBG] int32_t qcamera::QCameraCmdThread::exit(): After thread join
E/mm-camera-intf(  303): mm_stream_streamoff: E, my_handle = 0x6701, fd = 71, state = 6
E/mm-camera(  317): server_process_hal_event:__DBG__ E event id=3
E/mm-camera(  317): server_process_hal_event:__DBG__ X sucess event id=3
E/mm-camera(  317): mct_pipeline_process_set:command=8000009
E/mm-camera(  317): mct_pipeline_process_set: stream_type = 1
E/mm-camera-sensor(  317): module_sensor_module_process_event:3542 ide 30002 MCT_EVENT_CONTROL_STREAMOFF
E/mm-camera-sensor(  317): module_sensor_module_process_event:3545 E STATEDBG MCT_EVENT_CONTROL_STREAMOFF
E/mm-camera-sensor(  317): sensor_util_change_state:1116 STATEDBG Enter
E/mm-camera-sensor(  317): sensor_util_change_state:1123 STATEDBG Enter cur state 0 new state 4
E/mm-camera-sensor(  317): sensor_util_change_state:1162 STATEDBG Exit cur state 4 new state 4
E/mm-camera-sensor(  317): sensor_util_change_state:1166 STATEDBG Exit
E/mm-camera-sensor(  317): module_sensor_stream_off:3097 ide 30002 MCT_EVENT_CONTROL_STREAMOFF
E/mm-camera(  317): port_isp_mct_ctrl_cmd: type=2
E/mm-camera(  317): port_isp_mct_ctrl_cmd: E, identity = 0x30002, STREAMOFF
E/mm-camera(  317): cpp_module_handle_streamoff_event:1873, info: doing stream-off for identity 0x30002
E/mm-camera-img(  317): faceproc_comp_abort:549] state 2
E/mm-camera-img(  317): img_q_wait:225] after wait count 0
E/mm-camera-img(  317): img_q_wait:229] data 0x0
E/mm-camera-img(  317): face_proc_thread_loop:434] state 3 abort 0
E/mm-camera-img(  317): face_proc_thread_loop:438] send event
E/mm-camera-img(  317): faceproc_comp_abort:562] thread id -1283074304
E/mm-camera-img(  317): faceproc_comp_eng_destroy:1856] faceproc engine clean
E/mm-camera-img(  317): faceproc_comp_eng_reset:1880]
E/mm-camera-img(  317): Free Wmemory 0
E/mm-camera-img(  317): faceproc_comp_abort:576] X
E/mm-camera(  317): cpp_module_handle_streamoff_event:1919] iden:0x30002, linked_params:0x0
E/mm-camera(  317): cpp_hardware_process_streamoff:502] skip_iden:0x0, duplicate_stream_status:0x0
E/mm-camera(  317): cpp_module_handle_streamoff_event:1930, info: stream-off done for identity 0x30002
E/mm-camera(  317): port_isp_mct_ctrl_cmd: E, identity = 0x30002, isp_streamoff
E/mm-camera(  317): isp_streamoff: E, session_id = 3
E/mm-camera(  317): isp_proc_async_command: E ISP_ASYNC_COMMAND_STREAMOFF = 3
E/mm-camera(  317): isp_proc_streamoff: E, session_id = 3, stream_id = 2, stream_type = 1
E/mm-camera(  317): isp_hw_subscribe_one_v4l2_event: event_type = 0x8000200, is_subscribe = 0
E/mm-camera(  317): isp_hw_subscribe_one_v4l2_event: event_type = 0x8000201, is_subscribe = 0
E/mm-camera(  317): isp_hw_subscribe_one_v4l2_event: event_type = 0x8000202, is_subscribe = 0
E/mm-camera(  317): isp_hw_subscribe_one_v4l2_event: event_type = 0x8000203, is_subscribe = 0
E/mm-camera(  317): isp_hw_subscribe_one_v4l2_event: event_type = 0x8000204, is_subscribe = 0
E/mm-camera(  317): isp_hw_subscribe_one_v4l2_event: event_type = 0x8000205, is_subscribe = 0
E/mm-camera(  317): isp_hw_subscribe_one_v4l2_event: event_type = 0x8000206, is_subscribe = 0
E/mm-camera(  317): isp_hw_subscribe_one_v4l2_event: event_type = 0x8000207, is_subscribe = 0
E/mm-camera(  317): isp_hw_subscribe_one_v4l2_event: event_type = 0x8000208, is_subscribe = 0
E/mm-camera(  317): isp_hw_subscribe_one_v4l2_event: event_type = 0x8000209, is_subscribe = 0
E/mm-camera(  317): isp_hw_subscribe_one_v4l2_event: event_type = 0x800020a, is_subscribe = 0
E/mm-camera(  317): isp_hw_subscribe_one_v4l2_event: event_type = 0x800020b, is_subscribe = 0
E/mm-camera(  317): isp_hw_subscribe_one_v4l2_event: event_type = 0x8000009, is_subscribe = 0
E/mm-camera(  317): isp_hw_subscribe_one_v4l2_event: event_type = 0x8000007, is_subscribe = 0
E/mm-camera(  317): isp_axi_util_subscribe_v4l2_event: event_type = 0x8000100, is_subscribe = 0
E/mm-camera(  317): stats_action_buf_config: cfg = 0, stats_mask = 0x7b8
E/mm-camera(  317): isp_pipeline_util_reset: module id = 0, action = 0xb6eba4ed
E/mm-camera(  317): isp_pipeline_util_reset: module id = 1, action = 0xb6eb6e69
E/mm-camera(  317): isp_pipeline_util_reset: module id = 2, action = 0xb6ea9069
E/mm-camera(  317): isp_pipeline_util_reset: module id = 3, action = 0xb6ebf2c1
E/mm-camera(  317): isp_pipeline_util_reset: module id = 4, action = 0xb6ebc9bd
E/mm-camera(  317): isp_pipeline_util_reset: module id = 5, action = 0xb6eae91d
E/mm-camera(  317): isp_pipeline_util_reset: module id = 7, action = 0xb6ebe9b1
E/mm-camera(  317): isp_pipeline_util_reset: module id = 8, action = 0xb6eb5d01
E/mm-camera(  317): isp_pipeline_util_reset: module id = 10, action = 0xb6ea9fa9
E/mm-camera(  317): isp_pipeline_util_reset: module id = 11, action = 0xb6eab0d1
E/mm-camera(  317): isp_pipeline_util_reset: module id = 12, action = 0xb6ea4289
E/mm-camera(  317): isp_pipeline_util_reset: module id = 13, action = 0xb6eaf8a5
E/mm-camera(  317): isp_pipeline_util_reset: module id = 14, action = 0xb6eb17f5
E/mm-camera(  317): isp_pipeline_util_reset: module id = 15, action = 0xb6ec07f9
E/mm-camera(  317): isp_pipeline_util_reset: module id = 16, action = 0xb6eb2d5d
E/mm-camera(  317): isp_pipeline_util_reset: module id = 17, action = 0xb6ea6831
E/mm-camera(  317): isp_pipeline_util_reset: module id = 18, action = 0xb6e9d041
E/mm-camera(  317): isp_pipeline_util_reset: module id = 19, action = 0xb6ea7d71
E/mm-camera(  317): isp_pipeline_util_reset: module id = 20, action = 0xb6ebd249
E/mm-camera(  317): isp_pipeline_util_reset: module id = 22, action = 0xb6ea10e1
E/mm-camera(  317): isp_pipeline_util_reset: module id = 23, action = 0xb6ea64b9
E/mm-camera(  317): isp_proc_async_command: X ISP_ASYNC_COMMAND_STREAMOFF = 3
E/mm-camera(  317): isp_proc_async_command: X, session_id = 3, async_cmd_id = 2
E/mm-camera(  317): isp_streamoff: X, session_id = 3
E/mm-camera(  317): port_isp_mct_ctrl_cmd: X, identity = 0x30002, isp_streamoff
E/mm-camera(  317): ispif_proc_streamoff: Enter
E/mm-camera(  317): ispif_proc_streamoff: Make ISPIF_CFG IOCTL!
E/mm-camera(  317): ispif_proc_streamoff: ISPIF_CFG IOCTL returns!
E/mm-camera(  317): ispif_proc_streamoff: X, rc = 0
E/mm-camera(  317): ispif_streamoff: session_id = 3, active_streams = 0
E/mm-camera(  317): release_isp_resource <------
E/mm-camera(  317): release isp0 rdi
E/mm-camera(  317): release_isp_resource: isp_id = 0, camif_session_bit = 0x0
E/mm-camera-sensor(  317): module_sensor_is_ready_for_stream_off:1193 any bundle started 0
E/mm-camera-sensor(  317): module_sensor_stream_off:3113 ide 30002 MCT_EVENT_CONTROL_STREAMOFF
E/mm-camera(  317): stop_sof_check_thread: Stopping/Joining SOF timeout thread
E/mm-camera-sensor(  317): sensor_util_change_state:1116 STATEDBG Enter
E/mm-camera-sensor(  317): sensor_util_change_state:1123 STATEDBG Enter cur state 4 new state 0
E/mm-camera-sensor(  317): sensor_util_change_state:1162 STATEDBG Exit cur state 0 new state 0
E/mm-camera-sensor(  317): sensor_util_change_state:1166 STATEDBG Exit
E/mm-camera-sensor(  317): module_sensor_module_process_event:3557 X STATEDBG MCT_EVENT_CONTROL_STREAMOFF
E/mm-camera(  317): main: return true, return type 0
E/mm-camera-intf(  303): mm_stream_streamoff: E, my_handle = 0x6600, fd = 68, state = 6
E/mm-camera(  317): server_process_hal_event:__DBG__ E event id=3
E/mm-camera(  317): server_process_hal_event:__DBG__ X sucess event id=3
E/mm-camera(  317): mct_pipeline_process_set:command=8000009
E/mm-camera(  317): mct_pipeline_process_set: stream_type = 6
E/mm-camera(  317): main: return true, return type 0
E/mm-camera(  317): main: return true, return type 1
E/mm-camera(  317): main: return true, return type 1
E/mm-camera(  317): main: return true, return type 1
E/mm-camera(  317): main: return true, return type 1
E/mm-camera(  317): main: return true, return type 1
E/mm-camera(  317): main: return true, return type 1
E/mm-camera(  317): main: return true, return type 1
E/mm-camera(  317): main: return true, return type 1
E/mm-camera(  317): main: return true, return type 1
E/mm-camera(  317): main: return true, return type 1
E/mm-camera(  317): main: return true, return type 1
E/mm-camera(  317): main: return true, return type 1
E/mm-camera(  317): main: return true, return type 1
E/mm-camera(  317): main: return true, return type 1
E/mm-camera(  317): main: return true, return type 1
E/mm-camera(  317): main: return true, return type 1
E/mm-camera(  317): main: return true, return type 1
E/mm-camera(  317): main: return true, return type 1
E/mm-camera(  317): main: return true, return type 1
E/mm-camera(  317): main: return true, return type 1
E/mm-camera(  317): main: return true, return type 1
E/mm-camera(  317): main: return true, return type 1
E/mm-camera(  317): main: return true, return type 1
E/mm-camera(  317): main: return true, return type 1
E/mm-camera(  317): main: return true, return type 1
E/mm-camera(  317): main: return true, return type 1
E/mm-camera(  317): main: return true, return type 1
E/mm-camera(  317): main: return true, return type 1
E/mm-camera(  317): main: return true, return type 1
E/mm-camera(  317): main: return true, return type 1
E/mm-camera(  317): main: return true, return type 1
E/mm-camera(  317): main: return true, return type 1
E/mm-camera(  317): main: return true, return type 1
E/mm-camera(  317): main: return true, return type 1
E/mm-camera(  317): main: return true, return type 1
E/mm-camera(  317): main: return true, return type 1
E/mm-camera(  317): main: return true, return type 1
E/mm-camera(  317): main: return true, return type 1
E/mm-camera(  317): main: return true, return type 1
E/mm-camera(  317): main: return true, return type 1
E/mm-camera(  317): main: return true, return type 1
E/mm-camera(  317): main: return true, return type 1
E/mm-camera(  317): main: return true, return type 1
E/mm-camera(  317): main: return true, return type 1
E/mm-camera(  317): main: return true, return type 1
E/mm-camera(  317): main: return true, return type 1
E/mm-camera(  317): main: return true, return type 1
E/mm-camera(  317): main: return true, return type 1
E/mm-camera(  317): main: return true, return type 1
E/mm-camera(  317): main: return true, return type 1
E/mm-camera(  317): main: return true, return type 1
E/mm-camera(  317): main: return true, return type 1
W/QCamera2HWI(  303): unpreparePreview: E mCameraId=1
E/mm-camera(  317): main: return true, return type 1
E/mm-camera(  317): main: return true, return type 1
E/mm-camera(  317): server_process_hal_event:__DBG__ E event id=3
E/mm-camera(  317): server_process_hal_event:__DBG__ X sucess event id=3
E/mm-camera(  317): mct_pipeline_process_set:command=800000b
E/mm-camera(  317): main: return true, return type 0
E/mm-camera(  317): main: return true, return type 1
E/mm-camera(  317): main: return true, return type 1
E/mm-camera(  317): server_process_hal_event:__DBG__ E event id=3
E/mm-camera(  317): server_process_hal_event:__DBG__ X sucess event id=3
E/mm-camera(  317): mct_pipeline_process_set:command=800000b
E/mm-camera-sensor(  317): port_sensor_unlink_func:662 ide 30002
E/mm-camera-sensor(  317): port_sensor_caps_unreserve:220 ide 30002
E/mm-camera(  317): port_isp_unlink_func: E, identity = 0x30002, port = 0xb4cb0460, direction = 2
E/mm-camera(  317): port_isp_unlink_func: X, ret = 0, identity = 0x30002, port = 0xb4cb0460, direction = 2
E/mm-camera(  317): port_isp_unlink_func: E, identity = 0x30002, port = 0xb4cb08e0, direction = 1
E/mm-camera(  317): port_isp_unlink_func: X, ret = 0, identity = 0x30002, port = 0xb4cb08e0, direction = 1
E/mm-camera(  317): cpp_port_check_caps_unreserve:170, identity=0x30002
E/mm-camera(  317): cpp_port_check_caps_unreserve:179, identity=0x30002, unreserved
E/mm-camera(  317): module_faceproc_port_unlink:758] E
E/mm-camera(  317): module_faceproc_port_unlink:785] X
E/mm-camera(  317): cpp_port_check_caps_unreserve:170, identity=0x30002
E/mm-camera(  317): cpp_port_check_caps_unreserve:179, identity=0x30002, unreserved
E/mm-camera(  317): module_faceproc_port_check_caps_unreserve:914] E
E/mm-camera(  317): module_faceproc_client_destroy:1159] state 1
E/mm-camera-img(  317): faceproc_comp_deinit:79] 
E/mm-camera-img(  317): faceproc_comp_abort:549] state 1
E/mm-camera-img(  317): faceproc_comp_eng_destroy:1856] faceproc engine clean
E/mm-camera-img(  317): faceproc_comp_eng_reset:1880]
E/mm-camera(  317): module_faceproc_client_destroy:1184] X
E/mm-camera(  317): module_faceproc_port_check_caps_unreserve:963] X
E/mm-camera(  317): mct_stream_check_name:mod=sensor, name=isp
E/mm-camera(  317): mct_stream_check_name:mod=iface, name=isp
E/mm-camera(  317): mct_stream_check_name:mod=isp, name=isp
E/mm-camera(  317): mct_stream_get_module: module: 0xb4c1be10
E/mm-camera(  317): port_isp_unlink_func: E, identity = 0x30002, port = 0xb4cb0760, direction = 1
E/mm-camera(  317): port_isp_unlink_func: X, ret = 0, identity = 0x30002, port = 0xb4cb0760, direction = 1
E/mm-camera(  317): af_thread_handler: af thread returned
E/mm-camera(  317): q3a_port_unlink X refcnt 0
E/mm-camera(  317): afd_thread_en_q_msg thread -1283077504 is set to inactive
E/mm-camera(  317): asd_port_ext_unlink E
E/mm-camera(  317): asd_port_ext_unlink: asd_data=0xb26c6000
E/mm-camera(  317): asd_thread_stop E
E/mm-camera(  317): asd_thread_en_q_msg:78 Message Stop Thread
E/mm-camera(  317): asd_thread_handler: asd thread returned
E/mm-camera(  317): asd_thread_stop joined
E/mm-camera(  317): asd_port_ext_unlink  X refcnt 0
E/mm-camera(  317): stats_port_unlink: X
E/mm-camera(  317): stats_port_check_caps_unreserve E
E/mm-camera(  317): stats_port_check_reserved_stream: private->reserved_id=0x30000
E/mm-camera(  317): stats_port_check_caps_unreserve X
E/mm-camera(  317): main: return true, return type 0
W/QCamera2HWI(  303): unpreparePreview: X mCameraId=1
W/QCamera2HWI(  303): stopPreview: X mCameraId=1
W/QCamera2HWI(  303): [KPI Perf] stop_preview: X
I/SecCamera-JNI-Java( 1036): stopPreview
D/SecCameraCoreManager(  303): disableMsgType: 0x10
W/QCamera2HWI(  303): disable_msg_type : E, msg type 16
W/QCamera2HWI(  303): disable_msg_type : X
D/SecCameraCoreManager(  303): disableMsgType: 0xffffffff
W/QCamera2HWI(  303): disable_msg_type : E, msg type -1
W/QCamera2HWI(  303): disable_msg_type : X
D/SecCameraCoreManager(  303): stopPreview
D/ShotSingle(  303): stopPreview
W/QCamera2HWI(  303): disable_msg_type : E, msg type 962
W/QCamera2HWI(  303): disable_msg_type : X
V/ShotSingle(  303): stopPreview(1)
W/QCamera2HWI(  303): [KPI Perf] stop_preview: E
W/QCamera2HWI(  303): [KPI Perf] stop_preview: X
D/SecCameraCoreManager(  303): cancelPicture
W/QCamera2HWI(  303): [KPI Perf] cancel_picture: E
W/QCameraStateMachine(  303): int32_t qcamera::QCameraStateMachine::procEvtPreviewStoppedState(qcamera::qcamera_sm_evt_enum_t, void*): No ops for evt(20) in state(0)
W/QCamera2HWI(  303): [KPI Perf] cancel_picture: X, ret 0
D/SecCameraCoreManager(  303): release
D/SecCameraCoreManager(  303): virtual void android::SecCameraCoreManager::release(): release IT policy checking thread
W/QCamera2HWI(  303): [KPI Perf] static void qcamera::QCamera2HardwareInterface::release(camera_device*): E
W/QCamera2HWI(  303): [KPI Perf] release: E
W/QCamera2HWI(  303): [KPI Perf] release: X
W/QCamera2HWI(  303): [KPI Perf] static void qcamera::QCamera2HardwareInterface::release(camera_device*): X
D/SecCameraCoreManager(  303): SecCameraCoreManager destroyed: pid=303
I/ShotSingle(  303): ShotSingle destroyed: pid=303
I/ShotSingle(  303): Wait for compressed image callback to be done.
I/ShotSingle(  303): Wait done. (0s. 0ms.) with [0, 19]
I/ShotCommon(  303): ShotCommon destroyed: pid=303
D/SecCameraCoreManager(  303): SecCameraCoreManager destroyed: before mHardware.clear()
I/SecCameraCoreManager(  303): Destroying camera 1
W/QCamera2HWI(  303): [KPI Perf] close_camera_device: E
W/QCamera2HWI(  303): [KPI Perf] closeCamera: E
E/mm-camera(  317): main: return true, return type 1
E/mm-camera(  317): main: return true, return type 1
I/QCamera2HWI(  303): [DBG] int qcamera::QCamera2HardwareInterface::closeCamera(): mParameter deinit done.
I/QCamera2HWI(  303): stopSnapshots
I/QCameraPostProc(  303): int32_t qcamera::QCameraPostProcessor::stop(): __DEBUG__ before sendCmd
W/QCameraPostProc(  303): dataProcessRoutine: stop data proc
I/QCameraPostProc(  303): dataProcessRoutine: initialize pme->mFramesRecvd
I/        (  303): int32_t qcamera::QCameraCmdThread::sendCmd(qcamera::camera_cmd_type_t, uint8_t, uint8_t): __DEBUG__ before waiting for sync_sem
I/        (  303): int32_t qcamera::QCameraCmdThread::sendCmd(qcamera::camera_cmd_type_t, uint8_t, uint8_t): __DEBUG__ after waiting for sync_sem
I/QCameraPostProc(  303): int32_t qcamera::QCameraPostProcessor::stop(): __DEBUG__ after send Cmd
I/        (  303): [DBG] int32_t qcamera::QCameraCmdThread::exit(): Before thread join
