I/InputDispatcher( 1036): Delivering key to (14075): action: 0x0 (0)
I/InputDispatcher( 1036): Delivering key to (14075): action: 0x1 (0)
D/InputDispatcher( 1036): Waiting for application to become ready for input: xxxx Reason: Waiting to send key event because the focused window has not finished processing all of the input events that were previously delivered to it.  Outbound queue length: 0.  Wait queue length: 1.
I/InputDispatcher( 1036): Delivering key to (14075): action: 0x0 (0)
I/InputDispatcher( 1036): Delivering key to (14075): action: 0x1 (0)
D/InputDispatcher( 1036): Waiting for application to become ready for input: xxxx Reason: Waiting to send key event because the focused window has not finished processing all of the input events that were previously delivered to it.  Outbound queue length: 0.  Wait queue length: 1.
I/AudioPolicyManager(  303): getAudioPolicyConfig: situation=1;device=0
I/AudioPolicyManager(  303): getSituationVolume: isBTConnected:0 isHeadConnected:0
V/AudioPolicyManager(  303): deviceInt = 0, situationInt = 1, situationVolume = 0.500000
V/AudioPolicyManager(  303): getOutput() device 2, stream 1, samplingRate 0, format 0, channelMask 0, flags 3
V/AudioPolicyManager(  303): getOutputsForDevice device 0002 -> 0002
V/AudioPolicyManager(  303): getOutput() returns output 2
V/AudioPolicyManager(  303): getOutput() device 2, stream 1, samplingRate 0, format 0, channelMask 0, flags 3
V/AudioPolicyManager(  303): getOutputsForDevice device 0002 -> 0002
V/AudioPolicyManager(  303): getOutput() returns output 2
V/AudioPolicyManager(  303): getOutputForAttr() usage=13, content=4, tag= flags=00000000
V/AudioPolicyManager(  303): getOutputForAttr() device 2, samplingRate 48000, format 1, channelMask 1, flags 4
V/AudioPolicyManager(  303): getOutputsForDevice device 0002 -> 0002
V/AudioPolicyManager(  303): getOutput() returns output 2
V/AudioPolicyManager(  303): startOutput() output 2, stream 1, session 377
V/AudioPolicyManager(  303): changeRefCount() stream 1, count 1
V/AudioPolicyManager(  303): getNewOutputDevice() selected device 2
V/AudioPolicyManager(  303): setOutputDevice() output 2 device 0002 delayMs 0
V/AudioPolicyManager(  303): setOutputDevice() prevDevice 0002
V/AudioPolicyManager(  303): setOutputDevice() setting same device 0002 or null device for output 2
V/AudioPolicyManager(  303): releaseOutput() 2
I/SurfaceFlinger(  263): id=541 Removed WolumePanel (11/11)
I/SurfaceFlinger(  263): id=541 Removed WolumePanel (-2/11)
I/InputDispatcher( 1036): Delivering key to (1505): action: 0x0 (0)
D/InputDispatcher( 1036): Waiting for application to become ready for input: xxxx Reason: Waiting to send key event because the focused window has not finished processing all of the input events that were previously delivered to it.  Outbound queue length: 0.  Wait queue length: 1.
D/Sensorhubs(  310): readContextData: 1, 1, 7, -1
D/SensorHubManager( 1036): onGetSensorHubDataLocked: library(4) = 1, 1, 7, -1
D/CAE     ( 1036): onGetSensorHubData(SensorHubParserProvider.java:87) - onGetSensorHubData Event [event buffer len :4], AP_WAKEUP
I/CAE     ( 1036): parse(SensorHubParserProvider.java:166) - buffer size = 4
I/CAE     ( 1036): parse(SensorHubParserProvider.java:177) - 1, 1, 7, -1,
D/CAE     ( 1036): display(ContextProvider.java:365) - ================= AUTO_ROTATION =================
I/CAE     ( 1036): display(ContextProvider.java:381) - Angle=[-1]
D/SContextService( 1036): updateSContext() : event = Auto Rotation
V/WindowOrientationListener( 1036): mSContextAutoRotationListener.onSContextChanged, Rotation: -1
D/PointerIcon( 1036): setMouseIconStyle1 pointerType: 1001iconType:101 flag:0
D/PointerIcon( 1036): setMouseCustomIcon IconType is same.101
D/PointerIcon( 1036): setHoveringSpenIconStyle1 pointerType: 10001iconType:1 flag:0
D/PointerIcon( 1036): setHoveringSpenCustomIcon IconType is same.1
I/Timeline( 1036): Timeline: Activity_windows_visible id: ActivityRecord{663b6be u0 com.zzl.falcon.internal/com.squareup.leakcanary.internal.DisplayLeakActivity t40} time:6828611
I/SurfaceFlinger(  263): id=538 Removed XebViewActi (5/10)
I/SurfaceFlinger(  263): id=538 Removed XebViewActi (-2/10)
I/awcn.ComponentCallbacks2(12668):  onTrimMemory level:20
I/awcn.SessionCenter(12668): |[seq:[default]] [background]
I/awcn.StrategyCenter(12668):  saveData
I/awcn.AmdcThreadPoolExecutor(12668):  thread created! name:AMDC8
I/awcn.SessionCenter(12668): |[seq:umeng:56aadbf567e58e38d4000976] [background]
I/awcn.StrategyCenter(12668):  saveData
D/QSpanel ( 1505): label top:23
D/StatusBar-QSPanel( 1505): onLayout left:0 top:0 record.row:0
D/QSpanel ( 1505): label top:23
D/StatusBar-QSPanel( 1505): onLayout left:206 top:0 record.row:0
D/QSpanel ( 1505): label top:23
D/StatusBar-QSPanel( 1505): onLayout left:412 top:0 record.row:0
D/QSpanel ( 1505): label top:0
D/StatusBar-QSPanel( 1505): onLayout left:618 top:0 record.row:0
D/QSpanel ( 1505): label top:23
D/StatusBar-QSPanel( 1505): onLayout left:824 top:0 record.row:0
D/QSpanel ( 1505): label top:0
D/StatusBar-QSPanel( 1505): onLayout left:1030 top:0 record.row:0
D/QSpanel ( 1505): label top:0
D/StatusBar-QSPanel( 1505): onLayout left:1236 top:0 record.row:0
D/QSpanel ( 1505): label top:0
D/StatusBar-QSPanel( 1505): onLayout left:1442 top:0 record.row:0
D/QSpanel ( 1505): label top:0
D/StatusBar-QSPanel( 1505): onLayout left:1648 top:0 record.row:0
D/QSpanel ( 1505): label top:23
D/StatusBar-QSPanel( 1505): onLayout left:1854 top:0 record.row:0
I/InputDispatcher( 1036): Delivering key to (1505): action: 0x1 (0)
I/InputDispatcher( 1036): Delivering touch to (1505): action: 0x0, toolType: 0
I/InputDispatcher( 1036): Delivering touch to (1505): action: 0x1, toolType: 0
D/InputDispatcher( 1036): Waiting for application to become ready for input: xxxx Reason: Waiting to send key event because the focused window has not finished processing all of the input events that were previously delivered to it.  Outbound queue length: 0.  Wait queue length: 12.
I/InputDispatcher( 1036): Delivering key to (1505): action: 0x0 (0)
I/InputDispatcher( 1036): Delivering key to (1505): action: 0x1 (0)
I/InputDispatcher( 1036): Delivering touch to (1505): action: 0x0, toolType: 0
D/ViewRootImpl( 1505): ViewPostImeInputStage ACTION_DOWN
I/InputDispatcher( 1036): Delivering touch to (1505): action: 0x1, toolType: 0
D/RippleInk_KeyguardEffect( 1505): onWindowFocusChanged hasWindowFocus = true
D/InputDispatcher( 1036): Waiting for application to become ready for input: xxxx Reason: Waiting to send key event because the focused window has not finished processing all of the input events that were previously delivered to it.  Outbound queue length: 0.  Wait queue length: 20.
I/AudioPolicyManager(  303): getAudioPolicyConfig: situation=1;device=0
I/AudioPolicyManager(  303): getSituationVolume: isBTConnected:0 isHeadConnected:0
V/AudioPolicyManager(  303): deviceInt = 0, situationInt = 1, situationVolume = 0.500000
V/AudioPolicyManager(  303): getOutput() device 2, stream 1, samplingRate 0, format 0, channelMask 0, flags 3
V/AudioPolicyManager(  303): getOutputsForDevice device 0002 -> 0002
V/AudioPolicyManager(  303): getOutput() returns output 2
V/AudioPolicyManager(  303): getOutput() device 2, stream 1, samplingRate 0, format 0, channelMask 0, flags 3
V/AudioPolicyManager(  303): getOutputsForDevice device 0002 -> 0002
V/AudioPolicyManager(  303): getOutput() returns output 2
V/AudioPolicyManager(  303): getOutputForAttr() usage=13, content=4, tag= flags=00000000
V/AudioPolicyManager(  303): getOutputForAttr() device 2, samplingRate 48000, format 1, channelMask 1, flags 4
V/AudioPolicyManager(  303): getOutputsForDevice device 0002 -> 0002
V/AudioPolicyManager(  303): getOutput() returns output 2
I/AudioPolicyManager(  303): getAudioPolicyConfig: situation=1;device=0
I/AudioPolicyManager(  303): getSituationVolume: isBTConnected:0 isHeadConnected:0
V/AudioPolicyManager(  303): deviceInt = 0, situationInt = 1, situationVolume = 0.500000
V/AudioPolicyManager(  303): startOutput() output 2, stream 1, session 378
V/AudioPolicyManager(  303): changeRefCount() stream 1, count 2
V/AudioPolicyManager(  303): releaseOutput() 2
V/AudioPolicyManager(  303): getOutput() device 2, stream 1, samplingRate 0, format 0, channelMask 0, flags 3
V/AudioPolicyManager(  303): getOutputsForDevice device 0002 -> 0002
V/AudioPolicyManager(  303): getOutput() returns output 2
V/AudioPolicyManager(  303): getOutput() device 2, stream 1, samplingRate 0, format 0, channelMask 0, flags 3
V/AudioPolicyManager(  303): getOutputsForDevice device 0002 -> 0002
V/AudioPolicyManager(  303): getOutput() returns output 2
V/AudioPolicyManager(  303): getOutputForAttr() usage=13, content=4, tag= flags=00000000
V/AudioPolicyManager(  303): getOutputForAttr() device 2, samplingRate 48000, format 1, channelMask 1, flags 4
V/AudioPolicyManager(  303): getOutputsForDevice device 0002 -> 0002
V/AudioPolicyManager(  303): getOutput() returns output 2
V/AudioPolicyManager(  303): startOutput() output 2, stream 1, session 379
V/AudioPolicyManager(  303): changeRefCount() stream 1, count 3
V/AudioPolicyManager(  303): releaseOutput() 2
I/AudioPolicyManager(  303): getAudioPolicyConfig: situation=1;device=0
I/AudioPolicyManager(  303): getSituationVolume: isBTConnected:0 isHeadConnected:0
V/AudioPolicyManager(  303): deviceInt = 0, situationInt = 1, situationVolume = 0.500000
V/AudioPolicyManager(  303): getOutput() device 2, stream 1, samplingRate 0, format 0, channelMask 0, flags 3
V/AudioPolicyManager(  303): getOutputsForDevice device 0002 -> 0002
V/AudioPolicyManager(  303): getOutput() returns output 2
V/AudioPolicyManager(  303): getOutput() device 2, stream 1, samplingRate 0, format 0, channelMask 0, flags 3
V/AudioPolicyManager(  303): getOutputsForDevice device 0002 -> 0002
V/AudioPolicyManager(  303): getOutput() returns output 2
V/AudioPolicyManager(  303): getOutputForAttr() usage=13, content=4, tag= flags=00000000
V/AudioPolicyManager(  303): getOutputForAttr() device 2, samplingRate 48000, format 1, channelMask 1, flags 4
V/AudioPolicyManager(  303): getOutputsForDevice device 0002 -> 0002
V/AudioPolicyManager(  303): getOutput() returns output 2
V/AudioPolicyManager(  303): startOutput() output 2, stream 1, session 380
V/AudioPolicyManager(  303): changeRefCount() stream 1, count 4
V/AudioPolicyManager(  303): releaseOutput() 2
I/InputDispatcher( 1036): Delivering key to (1505): action: 0x0 (0)
D/InputDispatcher( 1036): Waiting for application to become ready for input: xxxx Reason: Waiting to send key event because the focused window has not finished processing all of the input events that were previously delivered to it.  Outbound queue length: 0.  Wait queue length: 1.
D/SecContentProvider( 1036): uri = 17 selection = isSettingsChangesAllowed
I/AudioPolicyManager(  303): getAudioPolicyConfig: situation=1;device=0
I/AudioPolicyManager(  303): getSituationVolume: isBTConnected:0 isHeadConnected:0
V/AudioPolicyManager(  303): deviceInt = 0, situationInt = 1, situationVolume = 0.500000
V/AudioPolicyManager(  303): getOutput() device 2, stream 1, samplingRate 0, format 0, channelMask 0, flags 3
V/AudioPolicyManager(  303): getOutputsForDevice device 0002 -> 0002
V/AudioPolicyManager(  303): getOutput() returns output 2
D/SecContentProvider( 1036): uri = 17 selection = isSettingsChangesAllowed
V/AudioPolicyManager(  303): getOutput() device 2, stream 1, samplingRate 0, format 0, channelMask 0, flags 3
V/AudioPolicyManager(  303): getOutputsForDevice device 0002 -> 0002
V/AudioPolicyManager(  303): getOutput() returns output 2
V/AudioPolicyManager(  303): getOutputForAttr() usage=13, content=4, tag= flags=00000000
V/AudioPolicyManager(  303): getOutputForAttr() device 2, samplingRate 48000, format 1, channelMask 1, flags 4
V/AudioPolicyManager(  303): getOutputsForDevice device 0002 -> 0002
V/AudioPolicyManager(  303): getOutput() returns output 2
V/AudioPolicyManager(  303): startOutput() output 2, stream 1, session 381
V/AudioPolicyManager(  303): changeRefCount() stream 1, count 5
I/AudioPolicyManager(  303): getAudioPolicyConfig: situation=1;device=0
I/AudioPolicyManager(  303): getSituationVolume: isBTConnected:0 isHeadConnected:0
V/AudioPolicyManager(  303): deviceInt = 0, situationInt = 1, situationVolume = 0.500000
V/AudioPolicyManager(  303): getOutput() device 2, stream 1, samplingRate 0, format 0, channelMask 0, flags 3
V/AudioPolicyManager(  303): getOutputsForDevice device 0002 -> 0002
V/AudioPolicyManager(  303): getOutput() returns output 2
V/AudioPolicyManager(  303): getOutput() device 2, stream 1, samplingRate 0, format 0, channelMask 0, flags 3
V/AudioPolicyManager(  303): getOutputsForDevice device 0002 -> 0002
V/AudioPolicyManager(  303): getOutput() returns output 2
V/AudioPolicyManager(  303): getOutputForAttr() usage=13, content=4, tag= flags=00000000
V/AudioPolicyManager(  303): getOutputForAttr() device 2, samplingRate 48000, format 1, channelMask 1, flags 4
V/AudioPolicyManager(  303): getOutputsForDevice device 0002 -> 0002
V/AudioPolicyManager(  303): getOutput() returns output 2
I/InputDispatcher( 1036): Delivering key to (1505): action: 0x1 (0)
V/AudioPolicyManager(  303): startOutput() output 2, stream 1, session 382
V/AudioPolicyManager(  303): changeRefCount() stream 1, count 6
D/InputDispatcher( 1036): Waiting for application to become ready for input: xxxx Reason: Waiting to send key event because the focused window has not finished processing all of the input events that were previously delivered to it.  Outbound queue length: 0.  Wait queue length: 1.
I/InputDispatcher( 1036): Delivering key to (1505): action: 0x0 (0)
D/PhoneStatusBar( 1505): makeExpandedInvisible: mExpandedVisible=true mExpandedVisible=true
D/StatusBar-QSPanel( 1505): setSingleLine:true
D/tv.peel.samsung.widget.NotiRemoteService( 8738): action com.peel.widget.notification.HIDE_UI
D/StatusBar-QSPanel( 1505): updateButtonInfo mButtonWidth : 206 mColumns:5 orien: 1 displayWidth:1032
D/StatusBar-QSPanel( 1505): setSingleLine height:0
D/InputDispatcher( 1036): Waiting for application to become ready for input: xxxx Reason: Waiting to send key event because the focused window has not finished processing all of the input events that were previously delivered to it.  Outbound queue length: 0.  Wait queue length: 1.
D/StatusBar( 1505): getNumberOfActiveSim:0
D/PhoneStatusBar( 1505): updateQSpanelHeight: 279 height:279
D/PanelView( 1505): flingSettings mQsMin:393 mQsMax:393 mQsEx:393.0mQsPeek:279
V/AudioPolicyManager(  303): stopOutput() output 2, stream 1, session 377
V/AudioPolicyManager(  303): changeRefCount() stream 1, count 5
V/AudioPolicyManager(  303): releaseOutput() 2
D/StatusBar( 1505): getNumberOfActiveSim:0
D/PanelView( 1505): There is/are notification(s) 
D/StatusBar-Window( 1505): fnf=true sanc=false, kni=false, sbf=false
D/CoverUI ( 1505): applyFocusableFlag() : Remove SAMSUNG_FLAG_SVIEW_COVER
D/SecContentProvider2( 1036): uri = 14 selection = getSealedState
D/SecContentProvider2( 1036): mCursor = null
D/PhoneStatusBar( 1505): disable: < expand icons alerts system_info back home recent clock search >
D/SecContentProvider2( 1036): uri = 14 selection = getSealedState
D/SecContentProvider2( 1036): mCursor = null
D/SecContentProvider2( 1036): uri = 14 selection = getSealedState
D/SecContentProvider2( 1036): mCursor = null
D/SecContentProvider2( 1036): uri = 14 selection = getSealedState
D/SecContentProvider2( 1036): mCursor = null
I/InputDispatcher( 1036): Delivering key to (1505): action: 0x1 (0)
I/InputDispatcher( 1036): Delivering key to (14075): action: 0x1 (0)
D/InputDispatcher( 1036): Waiting for application to become ready for input: xxxx Reason: Waiting to send key event because the focused window has not finished processing all of the input events that were previously delivered to it.  Outbound queue length: 0.  Wait queue length: 1.
I/InputDispatcher( 1036): Delivering key to (14075): action: 0x0 (0)
I/InputDispatcher( 1036): Delivering key to (14075): action: 0x1 (0)
D/PointerIcon( 1036): setMouseIconStyle1 pointerType: 1001iconType:101 flag:0
D/PointerIcon( 1036): setMouseCustomIcon IconType is same.101
D/PointerIcon( 1036): setHoveringSpenIconStyle1 pointerType: 10001iconType:1 flag:0
D/PointerIcon( 1036): setHoveringSpenCustomIcon IconType is same.1
D/InputMethodManagerService( 1036): windowGainedFocus mCurrentFocusedUserId - 0 and mSecureKeypadEnabled-false
D/RippleInk_KeyguardEffect( 1505): onWindowFocusChanged hasWindowFocus = false
D/InputDispatcher( 1036): Waiting for application to become ready for input: xxxx Reason: Waiting to send key event because the focused window has not finished processing all of the input events that were previously delivered to it.  Outbound queue length: 0.  Wait queue length: 17.
V/AudioPolicyManager(  303): stopOutput() output 2, stream 1, session 378
V/AudioPolicyManager(  303): changeRefCount() stream 1, count 4
V/AudioPolicyManager(  303): releaseOutput() 2
I/InputDispatcher( 1036): Delivering key to (14075): action: 0x0 (0)
D/InputDispatcher( 1036): Waiting for application to become ready for input: xxxx Reason: Waiting to send key event because the focused window has not finished processing all of the input events that were previously delivered to it.  Outbound queue length: 0.  Wait queue length: 1.
I/AudioPolicyManager(  303): getAudioPolicyConfig: situation=1;device=0
I/AudioPolicyManager(  303): getSituationVolume: isBTConnected:0 isHeadConnected:0
V/AudioPolicyManager(  303): deviceInt = 0, situationInt = 1, situationVolume = 0.500000
V/AudioPolicyManager(  303): getOutput() device 2, stream 1, samplingRate 0, format 0, channelMask 0, flags 3
V/AudioPolicyManager(  303): getOutputsForDevice device 0002 -> 0002
V/AudioPolicyManager(  303): getOutput() returns output 2
V/AudioPolicyManager(  303): getOutput() device 2, stream 1, samplingRate 0, format 0, channelMask 0, flags 3
V/AudioPolicyManager(  303): getOutputsForDevice device 0002 -> 0002
V/AudioPolicyManager(  303): getOutput() returns output 2
V/AudioPolicyManager(  303): getOutputForAttr() usage=13, content=4, tag= flags=00000000
V/AudioPolicyManager(  303): getOutputForAttr() device 2, samplingRate 48000, format 1, channelMask 1, flags 4
V/AudioPolicyManager(  303): getOutputsForDevice device 0002 -> 0002
V/AudioPolicyManager(  303): getOutput() returns output 2
I/InputDispatcher( 1036): Delivering key to (14075): action: 0x1 (0)
V/AudioPolicyManager(  303): startOutput() output 2, stream 1, session 383
V/AudioPolicyManager(  303): changeRefCount() stream 1, count 5
D/InputDispatcher( 1036): Waiting for application to become ready for input: xxxx Reason: Waiting to send key event because the focused window has not finished processing all of the input events that were previously delivered to it.  Outbound queue length: 0.  Wait queue length: 1.
I/AudioPolicyManager(  303): getAudioPolicyConfig: situation=1;device=0
I/AudioPolicyManager(  303): getSituationVolume: isBTConnected:0 isHeadConnected:0
V/AudioPolicyManager(  303): deviceInt = 0, situationInt = 1, situationVolume = 0.500000
V/AudioPolicyManager(  303): getOutput() device 2, stream 1, samplingRate 0, format 0, channelMask 0, flags 3
V/AudioPolicyManager(  303): getOutputsForDevice device 0002 -> 0002
V/AudioPolicyManager(  303): getOutput() returns output 2
V/AudioPolicyManager(  303): getOutput() device 2, stream 1, samplingRate 0, format 0, channelMask 0, flags 3
V/AudioPolicyManager(  303): getOutputsForDevice device 0002 -> 0002
V/AudioPolicyManager(  303): getOutput() returns output 2
V/AudioPolicyManager(  303): getOutputForAttr() usage=13, content=4, tag= flags=00000000
V/AudioPolicyManager(  303): getOutputForAttr() device 2, samplingRate 48000, format 1, channelMask 1, flags 4
V/AudioPolicyManager(  303): getOutputsForDevice device 0002 -> 0002
V/AudioPolicyManager(  303): getOutput() returns output 2
V/AudioPolicyManager(  303): startOutput() output 2, stream 1, session 384
V/AudioPolicyManager(  303): changeRefCount() stream 1, count 6
D/Sensorhubs(  310): readContextData: 1, 1, 7, 0
D/SensorHubManager( 1036): onGetSensorHubDataLocked: library(4) = 1, 1, 7, 0
D/CAE     ( 1036): onGetSensorHubData(SensorHubParserProvider.java:87) - onGetSensorHubData Event [event buffer len :4], AP_WAKEUP
I/CAE     ( 1036): parse(SensorHubParserProvider.java:166) - buffer size = 4
I/CAE     ( 1036): parse(SensorHubParserProvider.java:177) - 1, 1, 7, 0,
D/CAE     ( 1036): display(ContextProvider.java:365) - ================= AUTO_ROTATION =================
I/CAE     ( 1036): display(ContextProvider.java:381) - Angle=[0]
D/SContextService( 1036): updateSContext() : event = Auto Rotation
V/WindowOrientationListener( 1036): mSContextAutoRotationListener.onSContextChanged, Rotation: 0
I/InputDispatcher( 1036): Delivering key to (14075): action: 0x0 (0)
D/PointerIcon( 1036): setMouseIconStyle1 pointerType: 1001iconType:101 flag:0
D/PointerIcon( 1036): setMouseCustomIcon IconType is same.101
D/PointerIcon( 1036): setHoveringSpenIconStyle1 pointerType: 10001iconType:1 flag:0
D/PointerIcon( 1036): setHoveringSpenCustomIcon IconType is same.1
D/InputDispatcher( 1036): Waiting for application to become ready for input: xxxx Reason: Waiting to send key event because the focused window has not finished processing all of the input events that were previously delivered to it.  Outbound queue length: 0.  Wait queue length: 1.
I/InputDispatcher( 1036): Delivering key to (14075): action: 0x1 (0)
I/InputDispatcher( 1036): Delivering touch to (1505): action: 0x4, toolType: 0
I/InputDispatcher( 1036): Delivering touch to (32233): action: 0x4, toolType: 0
I/InputDispatcher( 1036): Delivering touch to (14075): action: 0x0, toolType: 0
I/InputDispatcher( 1036): Delivering touch to (14075): action: 0x1, toolType: 0
I/InputDispatcher( 1036): Delivering touch to (1505): action: 0x4, toolType: 0
I/InputDispatcher( 1036): Delivering touch to (32233): action: 0x4, toolType: 0
I/InputDispatcher( 1036): Delivering touch to (14075): action: 0x0, toolType: 0
I/InputDispatcher( 1036): Delivering touch to (14075): action: 0x1, toolType: 0
I/SurfaceFlinger(  263): id=542 createSurf (193x193),1 flag=4, EisplayLeak
D/InputDispatcher( 1036): Waiting for application to become ready for input: xxxx Reason: Waiting to send key event because the focused window has not finished processing all of the input events that were previously delivered to it.  Outbound queue length: 0.  Wait queue length: 10.
D/ViewRootImpl(14075): ViewPostImeInputStage ACTION_DOWN
D/ViewRootImpl(14075): ViewPostImeInputStage ACTION_DOWN
I/InputDispatcher( 1036): Delivering key to (14075): action: 0x0 (0)
I/InputDispatcher( 1036): Delivering key to (14075): action: 0x1 (0)
V/AudioPolicyManager(  303): stopOutput() output 2, stream 1, session 379
V/AudioPolicyManager(  303): changeRefCount() stream 1, count 5
V/AudioPolicyManager(  303): releaseOutput() 2
V/AudioPolicyManager(  303): stopOutput() output 2, stream 1, session 380
V/AudioPolicyManager(  303): changeRefCount() stream 1, count 4
V/AudioPolicyManager(  303): releaseOutput() 2
I/AudioPolicyManager(  303): getAudioPolicyConfig: situation=1;device=0
I/AudioPolicyManager(  303): getSituationVolume: isBTConnected:0 isHeadConnected:0
V/AudioPolicyManager(  303): deviceInt = 0, situationInt = 1, situationVolume = 0.500000
V/AudioPolicyManager(  303): getOutput() device 2, stream 1, samplingRate 0, format 0, channelMask 0, flags 3
V/AudioPolicyManager(  303): getOutputsForDevice device 0002 -> 0002
V/AudioPolicyManager(  303): getOutput() returns output 2
V/AudioPolicyManager(  303): getOutput() device 2, stream 1, samplingRate 0, format 0, channelMask 0, flags 3
V/AudioPolicyManager(  303): getOutputsForDevice device 0002 -> 0002
V/AudioPolicyManager(  303): getOutput() returns output 2
V/AudioPolicyManager(  303): getOutputForAttr() usage=13, content=4, tag= flags=00000000
V/AudioPolicyManager(  303): getOutputForAttr() device 2, samplingRate 48000, format 1, channelMask 1, flags 4
V/AudioPolicyManager(  303): getOutputsForDevice device 0002 -> 0002
V/AudioPolicyManager(  303): getOutput() returns output 2
V/AudioPolicyManager(  303): startOutput() output 2, stream 1, session 385
V/AudioPolicyManager(  303): changeRefCount() stream 1, count 5
I/InputDispatcher( 1036): Delivering key to (14075): action: 0x0 (0)
D/InputDispatcher( 1036): Waiting for application to become ready for input: xxxx Reason: Waiting to send key event because the focused window has not finished processing all of the input events that were previously delivered to it.  Outbound queue length: 0.  Wait queue length: 1.
V/AudioPolicyManager(  303): stopOutput() output 2, stream 1, session 382
V/AudioPolicyManager(  303): changeRefCount() stream 1, count 4
V/AudioPolicyManager(  303): stopOutput() output 2, stream 1, session 381
V/AudioPolicyManager(  303): changeRefCount() stream 1, count 3
V/AudioPolicyManager(  303): releaseOutput() 2
I/InputDispatcher( 1036): Delivering key to (14075): action: 0x1 (0)
D/InputDispatcher( 1036): Waiting for application to become ready for input: xxxx Reason: Waiting to send key event because the focused window has not finished processing all of the input events that were previously delivered to it.  Outbound queue length: 0.  Wait queue length: 11.
D/OpenGLRenderer(14075): endAllStagingAnimators on 0x9f1d2400 (RippleDrawable) with handle 0x9d594780
I/wpa_supplicant( 1566): nl80211: Received scan results (13 BSSes)
I/InputDispatcher( 1036): Delivering key to (14075): action: 0x0 (0)
D/PointerIcon( 1036): setMouseIconStyle1 pointerType: 1001iconType:101 flag:0
D/PointerIcon( 1036): setMouseCustomIcon IconType is same.101
D/PointerIcon( 1036): setHoveringSpenIconStyle1 pointerType: 10001iconType:1 flag:0
D/PointerIcon( 1036): setHoveringSpenCustomIcon IconType is same.1
D/InputDispatcher( 1036): Waiting for application to become ready for input: xxxx Reason: Waiting to send key event because the focused window has not finished processing all of the input events that were previously delivered to it.  Outbound queue length: 0.  Wait queue length: 1.
I/InputDispatcher( 1036): Delivering key to (14075): action: 0x1 (0)
I/InputDispatcher( 1036): Delivering touch to (1505): action: 0x4, toolType: 0
I/InputDispatcher( 1036): Delivering touch to (32233): action: 0x4, toolType: 0
I/InputDispatcher( 1036): Delivering touch to (14075): action: 0x0, toolType: 0
I/InputDispatcher( 1036): Delivering touch to (14075): action: 0x1, toolType: 0
I/wifiscan( 1726): wifi=8863dfcd22e9SSID: yuhui, BSSID: 88:63:df:cd:22:e9, HESSID: <none>, capabilities: [WPA2-PSK-CCMP][ESS], level: -22, frequency: 2462, timestamp: 10984422929, distance: ?(cm), distanceSd: ?(cm)ec26ca3c19e2SSID: ZZL-309, BSSID: ec:26:ca:3c:19:e2, HESSID: <none>, capabilities: [WPA-PSK-CCMP][WPA2-PSK-CCMP][ESS], level: -43, frequency: 2412, timestamp: 10984422921, distance: ?(cm), distanceSd: ?(cm)3c950978a3f3SSID: llll, BSSID: 3c:95:09:78:a3:f3, HESSID: <none>, capabilities: [WPA2-PSK-CCMP][ESS], level: -49, frequency: 2437, timestamp: 10984422926, distance: ?(cm), distanceSd: ?(cm)ec26ca3c2adcSSID: ZZL-208, BSSID: ec:26:ca:3c:2a:dc, HESSID: <none>, capabilities: [WPA-PSK-CCMP][WPA2-PSK-CCMP][ESS], level: -76, frequency: 2437, timestamp: 10981400224, distance: ?(cm), distanceSd: ?(cm)ca50e92a54ceSSID: ChinaNet-6NpC, BSSID: ca:50:e9:2a:54:ce, HESSID: <none>, capabilities: [WPA-PSK-CCMP+TKIP][WPA2-PSK-CCMP+TKIP][ESS], level: -76, frequency: 2412, timestamp: 10984422919, distance: ?(cm), distanceSd: ?(cm)7cd1c386f704SSID: MacBook-Pro, BSSID: 7c:d1:c3:86:f7:04, HESSID: <none>, capabilities: [WPA2-PSK-CCMP][ESS], level: -80, frequency: 2462, timestamp: 10984422931, distance: ?(cm), distanceSd: ?(cm)0a11b52631e9SSID: i-Shanghai, BSSID: 0a:11:b5:26:31:e9, HESSID: <none>, capabilities: [ESS], level: -83, frequency: 2412, timestamp: 10981400194, distance: ?(cm), distanceSd: ?(cm)c4c7554d432aSSID: ChinaNet-3w5y, BSSID: c4:c7:55:4d:43:2a, HESSID: <none>, capabilities: [WPA-PSK-CCMP+TKIP][WPA2-PSK-CCMP+TKIP][WPS][ESS], level: -83, frequency: 2462, timestamp: 10984422933, distance: ?(cm), distanceSd: ?(cm)c4c7554d4334SSID: ChinaNet-46Nf, BSSID: c4:c7:55:4d:43:34, HESSID: <none>, capabilities: [WPA-PSK-CCMP+TKIP][WPA2-PSK-CCMP+TKIP][ESS], level: -84, frequency: 2462, timestamp: 10984422936, distance: ?(cm), distanceSd: ?(cm)c4c7554d41eaSSID: ChinaNet-KadJ, BSSID: c4:c7:55:4d:41:ea, HESSID: <none>, capabilities: [WPA-PSK-CCMP+TKIP][WPA2-PSK-CCMP+TKIP][WPS][ESS], level: -85, frequency: 2412, timestamp: 10981400202, distance: ?(cm), distanceSd: ?(cm)908d78597c38SSID: naonaobaby, BSSID: 90:8d:78:59:7c:38, HESSID: <none>, capabilities: [WPA-PSK-CCMP+TKIP][WPA2-PSK-CCMP+TKIP][WPS][ESS], level: -85, frequency: 2412, timestamp: 10984422913, distance: ?(cm), distanceSd: ?(cm)0011b52631e9SSID: CMCC-WEB, BSSID: 00:11:b5:26:31:e9, HESSID: <none>, capabilities: [ESS], level: -85, frequency: 2412, timestamp: 10984422924, distance: ?(cm), distanceSd: ?(cm)bc46999ae64eSSID: TP-LINK_E64E, BSSID: bc:46:99:9a:e6:4e, HESSID: <none>, capabilities: [WPA-PSK-CCMP][WPA2-PSK-CCMP][ESS], level: -87, frequency: 2412, timestamp: 10984422917, distance: ?(cm), distanceSd: ?(cm)
D/InputDispatcher( 1036): Waiting for application to become ready for input: xxxx Reason: Waiting to send key event because the focused window has not finished processing all of the input events that were previously delivered to it.  Outbound queue length: 0.  Wait queue length: 3.
D/baidu_location_service( 1726): wifi manager receive new wifi...
D/wifiscan( 1726): wifi manager receive new wifi...
D/baidu_location_service( 1726): on broadcast new Wifi received...
D/ViewRootImpl(14075): ViewPostImeInputStage ACTION_DOWN
I/AudioPolicyManager(  303): getAudioPolicyConfig: situation=1;device=0
I/AudioPolicyManager(  303): getSituationVolume: isBTConnected:0 isHeadConnected:0
V/AudioPolicyManager(  303): deviceInt = 0, situationInt = 1, situationVolume = 0.500000
V/AudioPolicyManager(  303): getOutput() device 2, stream 1, samplingRate 0, format 0, channelMask 0, flags 3
V/AudioPolicyManager(  303): getOutputsForDevice device 0002 -> 0002
V/AudioPolicyManager(  303): getOutput() returns output 2
V/AudioPolicyManager(  303): getOutput() device 2, stream 1, samplingRate 0, format 0, channelMask 0, flags 3
V/AudioPolicyManager(  303): getOutputsForDevice device 0002 -> 0002
V/AudioPolicyManager(  303): getOutput() returns output 2
V/AudioPolicyManager(  303): getOutputForAttr() usage=13, content=4, tag= flags=00000000
V/AudioPolicyManager(  303): getOutputForAttr() device 2, samplingRate 48000, format 1, channelMask 1, flags 4
V/AudioPolicyManager(  303): getOutputsForDevice device 0002 -> 0002
V/AudioPolicyManager(  303): getOutput() returns output 2
V/AudioPolicyManager(  303): startOutput() output 2, stream 1, session 386
V/AudioPolicyManager(  303): changeRefCount() stream 1, count 4
V/AudioPolicyManager(  303): releaseOutput() 2
I/InputDispatcher( 1036): Delivering key to (14075): action: 0x0 (0)
D/InputMethodManagerService( 1036): windowGainedFocus mCurrentFocusedUserId - 0 and mSecureKeypadEnabled-false
D/InputDispatcher( 1036): Waiting for application to become ready for input: xxxx Reason: Waiting to send key event because the focused window has not finished processing all of the input events that were previously delivered to it.  Outbound queue length: 0.  Wait queue length: 1.
E/ViewRootImpl(14075): sendUserActionEvent() mView == null
I/InputDispatcher( 1036): Delivering key to (14075): action: 0x1 (0)
I/InputDispatcher( 1036): Delivering touch to (1505): action: 0x4, toolType: 0
I/InputDispatcher( 1036): Delivering touch to (32233): action: 0x4, toolType: 0
I/InputDispatcher( 1036): Delivering touch to (14075): action: 0x0, toolType: 0
I/InputDispatcher( 1036): Delivering touch to (14075): action: 0x1, toolType: 0
D/InputDispatcher( 1036): Waiting for application to become ready for input: xxxx Reason: Waiting to send key event because the focused window has not finished processing all of the input events that were previously delivered to it.  Outbound queue length: 0.  Wait queue length: 6.
D/ViewRootImpl(14075): ViewPostImeInputStage ACTION_DOWN
I/InputDispatcher( 1036): Delivering key to (14075): action: 0x0 (0)
D/InputDispatcher( 1036): Waiting for application to become ready for input: xxxx Reason: Waiting to send key event because the focused window has not finished processing all of the input events that were previously delivered to it.  Outbound queue length: 0.  Wait queue length: 1.
I/InputDispatcher( 1036): Delivering key to (14075): action: 0x1 (0)
D/AbsListView(14075): Get MotionRecognitionManager
I/Timeline(23878): Timeline: Activity_launch_request id:com.zzl.falcon.internal time:6829205
E/PersonaManagerService( 1036): inState():  stateMachine is null !!
I/PersonaManagerService( 1036): PersonaId don't exist
I/ActivityManager( 1036): do not start freezing screen for locked container getKeyguardshowstate = false
I/Timeline(23878): Timeline: Activity_launch_request id:com.zzl.falcon.internal time:6829211
E/PersonaManagerService( 1036): inState():  stateMachine is null !!
I/PersonaManagerService( 1036): PersonaId don't exist
I/ActivityManager( 1036): do not start freezing screen for locked container getKeyguardshowstate = false
V/AudioPolicyManager(  303): stopOutput() output 2, stream 1, session 383
V/AudioPolicyManager(  303): changeRefCount() stream 1, count 3
D/PointerIcon( 1036): setMouseIconStyle1 pointerType: 1001iconType:101 flag:0
D/PointerIcon( 1036): setMouseCustomIcon IconType is same.101
D/PointerIcon( 1036): setHoveringSpenIconStyle1 pointerType: 10001iconType:1 flag:0
D/PointerIcon( 1036): setHoveringSpenCustomIcon IconType is same.1
V/AudioPolicyManager(  303): stopOutput() output 2, stream 1, session 384
V/AudioPolicyManager(  303): changeRefCount() stream 1, count 2
I/awcn.SerializeHelper(12668):  persist end. file:/storage/emulated/0/Android/data/com.zzl.falcon.internal/files/awcn_strategy/be248a837af00cb3aa6076bdf68846a1 cost:43
I/awcn.SerializeHelper(12668):  persist end. file:/storage/emulated/0/Android/data/com.zzl.falcon.internal/files/awcn_strategy/0c61135c2fdcd71f15ad7297245abe44 cost:5
I/awcn.SerializeHelper(12668):  persist end. file:/storage/emulated/0/Android/data/com.zzl.falcon.internal/files/awcn_strategy/49c6a36aaea8ee1549c1cd3e07070c79 cost:3
I/SurfaceFlinger(  263): id=543 createSurf (193x193),1 flag=4, EisplayLeak
D/PointerIcon( 1036): setMouseIconStyle1 pointerType: 1001iconType:101 flag:0
D/PointerIcon( 1036): setMouseCustomIcon IconType is same.101
D/PointerIcon( 1036): setHoveringSpenIconStyle1 pointerType: 10001iconType:1 flag:0
D/PointerIcon( 1036): setHoveringSpenCustomIcon IconType is same.1
D/InputDispatcher( 1036): Waiting for application to become ready for input: xxxx Reason: Waiting because no window has focus but there is a focused application that may eventually add a window when it finishes starting up.
I/art     ( 1036): Background sticky concurrent mark sweep GC freed 71340(3MB) AllocSpace objects, 10(1440KB) LOS objects, 5% free, 60MB/64MB, paused 9.440ms total 69.917ms
V/WindowOrientationListener( 1036): mSContextAutoRotationListener.getProposedRotation, mbResultFaceDectection: false
V/WindowOrientationListener( 1036): mSContextAutoRotationListener.getProposedRotation, Rotation: 0
V/WindowOrientationListener( 1036): mSContextAutoRotationListener.getProposedRotation, mbResultFaceDectection: false
V/WindowOrientationListener( 1036): mSContextAutoRotationListener.getProposedRotation, Rotation: 0
I/SurfaceFlinger(  263): id=542 Removed EisplayLeak (9/11)
I/SurfaceFlinger(  263): id=542 Removed EisplayLeak (-2/11)
V/AudioPolicyManager(  303): stopOutput() output 2, stream 1, session 385
V/AudioPolicyManager(  303): changeRefCount() stream 1, count 1
D/ForegroundCallbacks(12668): went foreground
I/awcn.SessionCenter(12668): |[seq:[default]] [forground]
I/awcn.SessionCenter(12668): |[seq:umeng:56aadbf567e58e38d4000976] [forground]
D/awcn.StrategyCenter(12668):  getSchemeByHost host:umengacs.m.taobao.com scheme:https
D/awcn.SessionCenter(12668): |[seq:umeng:56aadbf567e58e38d4000976] getInternal u:https://umengacs.m.taobao.com TypeClass:SPDY timeout:0
I/awcn.HttpDispatcher(12668):  sendAmdcRequest hosts:[umengacs.m.taobao.com, unszapi.m.yao.95095.com, api.m.yao.95095.com]
I/awcn.AmdcThreadPoolExecutor(12668):  merge amdc request delay:3000
I/awcn.AmdcThreadPoolExecutor(12668):  thread created! name:AMDC9
D/awcn.StrategyCenter(12668):  getSchemeByHost host:umengacs.m.taobao.com scheme:https
D/awcn.SessionCenter(12668): |[seq:umeng:56aadbf567e58e38d4000976] get internal hit cache session session:Session@[umeng:56aadbf567e58e38d4000976.AWCN2_1|http2_0rtt_acs]
D/ActivityManager( 1036): post active user change for 0
D/KnoxTimeoutHandler( 1036): postActiveUserChange for user 0
D/KnoxTimeoutHandler( 1036): handleActiveUserChange for user 0
I/SurfaceFlinger(  263): id=544 createSurf (1080x1920),1 flag=404, XebViewActi
I/InputDispatcher( 1036): Delivering key to (12668): action: 0x0 (0)
D/InputDispatcher( 1036): Waiting for application to become ready for input: xxxx Reason: Waiting to send key event because the focused window has not finished processing all of the input events that were previously delivered to it.  Outbound queue length: 0.  Wait queue length: 1.
D/PointerIcon( 1036): setMouseIconStyle1 pointerType: 1001iconType:101 flag:0
D/PointerIcon( 1036): setMouseCustomIcon IconType is same.101
D/PointerIcon( 1036): setHoveringSpenIconStyle1 pointerType: 10001iconType:1 flag:0
D/PointerIcon( 1036): setHoveringSpenCustomIcon IconType is same.1
I/InputDispatcher( 1036): Delivering key to (12668): action: 0x1 (0)
I/InputDispatcher( 1036): Delivering key to (12668): action: 0x0 (0)
D/InputDispatcher( 1036): Waiting for application to become ready for input: xxxx Reason: Waiting to send key event because the focused window has not finished processing all of the input events that were previously delivered to it.  Outbound queue length: 0.  Wait queue length: 1.
I/InputDispatcher( 1036): Delivering key to (12668): action: 0x1 (0)
D/InputMethodManagerService( 1036): windowGainedFocus mCurrentFocusedUserId - 0 and mSecureKeypadEnabled-false
I/InputDispatcher( 1036): Delivering touch to (12668): action: 0x0, toolType: 0
I/InputDispatcher( 1036): Delivering touch to (12668): action: 0x1, toolType: 0
D/InputDispatcher( 1036): Waiting for application to become ready for input: xxxx Reason: Waiting to send key event because the focused window has not finished processing all of the input events that were previously delivered to it.  Outbound queue length: 0.  Wait queue length: 13.
V/AudioPolicyManager(  303): stopOutput() output 2, stream 1, session 386
V/AudioPolicyManager(  303): changeRefCount() stream 1, count 0
V/AudioPolicyManager(  303): getNewOutputDevice() selected device 0
V/AudioPolicyManager(  303): setOutputDevice() output 2 device 0000 delayMs 160
V/AudioPolicyManager(  303): setOutputDevice() prevDevice 0002
V/AudioPolicyManager(  303): setOutputDevice() setting same device 0000 or null device for output 2
D/OpenGLRenderer(14075): endAllStagingAnimators on 0xa0f5a600 (ListView) with handle 0x9d5946d0
D/OpenGLRenderer(14075): endAllStagingAnimators on 0xa0f60c00 (RippleDrawable) with handle 0x9d594480
I/Timeline(12668): Timeline: Activity_idle id: android.os.BinderProxy@3e14604e time:6829452
I/InputDispatcher( 1036): Delivering key to (12668): action: 0x0 (0)
D/InputDispatcher( 1036): Waiting for application to become ready for input: xxxx Reason: Waiting to send key event because the focused window has not finished processing all of the input events that were previously delivered to it.  Outbound queue length: 0.  Wait queue length: 1.
I/InputDispatcher( 1036): Delivering key to (12668): action: 0x1 (0)
D/InputDispatcher( 1036): Waiting for application to become ready for input: xxxx Reason: Waiting to send key event because the focused window has not finished processing all of the input events that were previously delivered to it.  Outbound queue length: 0.  Wait queue length: 1.
I/InputDispatcher( 1036): Delivering key to (12668): action: 0x0 (0)
D/InputDispatcher( 1036): Waiting for application to become ready for input: xxxx Reason: Waiting to send key event because the focused window has not finished processing all of the input events that were previously delivered to it.  Outbound queue length: 0.  Wait queue length: 1.
I/InputDispatcher( 1036): Delivering key to (12668): action: 0x1 (0)
I/InputDispatcher( 1036): Delivering touch to (1505): action: 0x4, toolType: 0
I/InputDispatcher( 1036): Delivering touch to (32233): action: 0x4, toolType: 0
I/InputDispatcher( 1036): Delivering touch to (12668): action: 0x0, toolType: 0
I/InputDispatcher( 1036): Delivering touch to (12668): action: 0x1, toolType: 0
I/InputDispatcher( 1036): Delivering touch to (1505): action: 0x4, toolType: 0
I/InputDispatcher( 1036): Delivering touch to (32233): action: 0x4, toolType: 0
I/InputDispatcher( 1036): Delivering touch to (12668): action: 0x0, toolType: 0
I/InputDispatcher( 1036): Delivering touch to (12668): action: 0x105, toolType: 0
I/InputDispatcher( 1036): Delivering touch to (12668): action: 0x106, toolType: 0
I/InputDispatcher( 1036): Delivering touch to (12668): action: 0x1, toolType: 0
D/ViewRootImpl(12668): ViewPostImeInputStage ACTION_DOWN
D/InputDispatcher( 1036): Waiting for application to become ready for input: xxxx Reason: Waiting to send key event because the focused window has not finished processing all of the input events that were previously delivered to it.  Outbound queue length: 0.  Wait queue length: 15.
D/ViewRootImpl(12668): ViewPostImeInputStage ACTION_DOWN
I/InputDispatcher( 1036): Delivering key to (12668): action: 0x0 (0)
D/InputDispatcher( 1036): Waiting for application to become ready for input: xxxx Reason: Waiting to send key event because the focused window has not finished processing all of the input events that were previously delivered to it.  Outbound queue length: 0.  Wait queue length: 1.
I/InputDispatcher( 1036): Delivering key to (12668): action: 0x1 (0)
I/InputDispatcher( 1036): Delivering touch to (1505): action: 0x4, toolType: 0
I/InputDispatcher( 1036): Delivering touch to (32233): action: 0x4, toolType: 0
I/InputDispatcher( 1036): Delivering touch to (12668): action: 0x0, toolType: 0
I/InputDispatcher( 1036): Delivering touch to (12668): action: 0x1, toolType: 0
I/InputDispatcher( 1036): Delivering touch to (1505): action: 0x4, toolType: 0
I/InputDispatcher( 1036): Delivering touch to (32233): action: 0x4, toolType: 0
I/InputDispatcher( 1036): Delivering touch to (12668): action: 0x0, toolType: 0
D/InputDispatcher( 1036): Waiting for application to become ready for input: xxxx Reason: Waiting because the touched window is paused.
D/ViewRootImpl(12668): ViewPostImeInputStage ACTION_DOWN
D/ViewRootImpl(12668): ViewPostImeInputStage ACTION_DOWN
I/InputDispatcher( 1036): Delivering touch to (12668): action: 0x1, toolType: 0
I/InputDispatcher( 1036): Dropping event because there is no touchable window at (702, 647).
I/InputDispatcher( 1036): Dropping event because there is no touchable window at (330, 302).
D/wifiscan( 1726): locationclient wifi scan ...
D/wifiscan client( 1726): send wifi_scan to server...
D/wifiscan service( 1726): wifimanager start scan ...
E/WifiStateMachine( 1036): WifiStateMachine CMD_START_SCAN source 10023 txSuccessRate=0.25 rxSuccessRate=10.94 targetRoamBSSID=ec:26:ca:3c:19:e2 RSSI=-44
I/wpa_supplicant( 1566): wlan0: Setting scan request: 0 sec 0 usec
I/wpa_supplicant( 1566): P2P: Current p2p state = IDLE
I/wpa_supplicant( 1566): Scan requested (ret=0) - scan timeout 30 seconds
I/InputDispatcher( 1036): Dropping event because there is no touchable window at (905, 700).
D/InputDispatcher( 1036): Waiting for application to become ready for input: xxxx Reason: Waiting to send key event because the focused window has not finished processing all of the input events that were previously delivered to it.  Outbound queue length: 0.  Wait queue length: 24.
I/InputDispatcher( 1036): Delivering key to (12668): action: 0x0 (0)
D/InputDispatcher( 1036): Waiting for application to become ready for input: xxxx Reason: Waiting to send key event because the focused window has not finished processing all of the input events that were previously delivered to it.  Outbound queue length: 0.  Wait queue length: 1.
D/ForegroundCallbacks(12668): still foreground
D/ActivityManager( 1036): post active user change for 0
D/KnoxTimeoutHandler( 1036): postActiveUserChange for user 0
I/SurfaceFlinger(  263): id=543 Removed EisplayLeak (6/11)
I/SurfaceFlinger(  263): id=543 Removed EisplayLeak (-2/11)
D/KnoxTimeoutHandler( 1036): handleActiveUserChange for user 0
I/InputDispatcher( 1036): Delivering key to (12668): action: 0x1 (0)
I/Timeline(23878): Timeline: Activity_launch_request id:com.zzl.falcon.internal time:6829707
E/PersonaManagerService( 1036): inState():  stateMachine is null !!
I/PersonaManagerService( 1036): PersonaId don't exist
I/ActivityManager( 1036): do not start freezing screen for locked container getKeyguardshowstate = false
I/SurfaceFlinger(  263): id=545 createSurf (1080x1920),1 flag=404, NainActivit
I/InputDispatcher( 1036): Delivering key to (12668): action: 0x0 (0)
D/InputDispatcher( 1036): Waiting for application to become ready for input: xxxx Reason: Waiting to send key event because the focused window has not finished processing all of the input events that were previously delivered to it.  Outbound queue length: 0.  Wait queue length: 1.
D/PointerIcon( 1036): setMouseIconStyle1 pointerType: 1001iconType:101 flag:0
D/PointerIcon( 1036): setMouseCustomIcon IconType is same.101
D/PointerIcon( 1036): setHoveringSpenIconStyle1 pointerType: 10001iconType:1 flag:0
D/PointerIcon( 1036): setHoveringSpenCustomIcon IconType is same.1
I/InputDispatcher( 1036): Delivering key to (12668): action: 0x1 (0)
D/InputManager-JNI( 1036): !@interceptKeyBeforeQueueing(0), action=0
D/InputManager-JNI( 1036): !@handleInterceptActions(0), action=0, wmActions=1
D/InputMethodManagerService( 1036): windowGainedFocus mCurrentFocusedUserId - 0 and mSecureKeypadEnabled-false
D/PersonaManager( 1036): isKioskContainerExistOnDevice
D/InputManager-JNI( 1036): !@interceptKeyBeforeQueueing(0), action=1
D/InputManager-JNI( 1036): !@handleInterceptActions(0), action=1, wmActions=1
D/PersonaManager( 1036): isKioskContainerExistOnDevice
I/InputDispatcher( 1036): Delivering touch to (1505): action: 0x4, toolType: 0
I/InputDispatcher( 1036): Delivering touch to (32233): action: 0x4, toolType: 0
I/InputDispatcher( 1036): Delivering touch to (12668): action: 0x0, toolType: 0
I/InputDispatcher( 1036): Delivering touch to (12668): action: 0x1, toolType: 0
I/InputDispatcher( 1036): Delivering touch to (1505): action: 0x4, toolType: 0
I/InputDispatcher( 1036): Delivering touch to (32233): action: 0x4, toolType: 0
I/InputDispatcher( 1036): Delivering touch to (12668): action: 0x0, toolType: 0
I/InputDispatcher( 1036): Delivering touch to (12668): action: 0x1, toolType: 0
D/InputDispatcher( 1036): Waiting for application to become ready for input: xxxx Reason: Waiting to send key event because the focused window has not finished processing all of the input events that were previously delivered to it.  Outbound queue length: 0.  Wait queue length: 31.
D/ViewRootImpl(12668): ViewPostImeInputStage ACTION_DOWN
D/ViewRootImpl(12668): ViewPostImeInputStage ACTION_DOWN
I/InputDispatcher( 1036): Delivering key to (12668): action: 0x0 (0)
D/InputDispatcher( 1036): Waiting for application to become ready for input: xxxx Reason: Waiting to send key event because the focused window has not finished processing all of the input events that were previously delivered to it.  Outbound queue length: 0.  Wait queue length: 1.
I/AudioPolicyManager(  303): getAudioPolicyConfig: situation=1;device=0
I/AudioPolicyManager(  303): getSituationVolume: isBTConnected:0 isHeadConnected:0
V/AudioPolicyManager(  303): deviceInt = 0, situationInt = 1, situationVolume = 0.500000
V/AudioPolicyManager(  303): getOutput() device 2, stream 1, samplingRate 0, format 0, channelMask 0, flags 3
V/AudioPolicyManager(  303): getOutputsForDevice device 0002 -> 0002
V/AudioPolicyManager(  303): getOutput() returns output 2
V/AudioPolicyManager(  303): getOutput() device 2, stream 1, samplingRate 0, format 0, channelMask 0, flags 3
V/AudioPolicyManager(  303): getOutputsForDevice device 0002 -> 0002
V/AudioPolicyManager(  303): getOutput() returns output 2
V/AudioPolicyManager(  303): getOutputForAttr() usage=13, content=4, tag= flags=00000000
V/AudioPolicyManager(  303): getOutputForAttr() device 2, samplingRate 48000, format 1, channelMask 1, flags 4
V/AudioPolicyManager(  303): getOutputsForDevice device 0002 -> 0002
V/AudioPolicyManager(  303): getOutput() returns output 2
I/AudioPolicyManager(  303): getAudioPolicyConfig: situation=1;device=0
I/AudioPolicyManager(  303): getSituationVolume: isBTConnected:0 isHeadConnected:0
V/AudioPolicyManager(  303): deviceInt = 0, situationInt = 1, situationVolume = 0.500000
V/AudioPolicyManager(  303): startOutput() output 2, stream 1, session 387
V/AudioPolicyManager(  303): changeRefCount() stream 1, count 1
