W/ViewRootImpl( 2076): Cancelling event due to no window focus: KeyEvent { action=ACTION_UP, keyCode=KEYCODE_DPAD_LEFT, scanCode=0, metaState=0, flags=0x28, repeatCount=0, eventTime=134368, downTime=134368, deviceId=-1, source=0x101 }
W/ViewRootImpl( 2076): Cancelling event due to no window focus: KeyEvent { action=ACTION_UP, keyCode=KEYCODE_DPAD_LEFT, scanCode=0, metaState=0, flags=0x28, repeatCount=0, eventTime=134368, downTime=134368, deviceId=-1, source=0x101 }
W/ViewRootImpl( 2076): Cancelling event due to no window focus: KeyEvent { action=ACTION_UP, keyCode=KEYCODE_DPAD_LEFT, scanCode=0, metaState=0, flags=0x28, repeatCount=0, eventTime=134368, downTime=134368, deviceId=-1, source=0x101 }
D/        (  738): HostConnection::get() New Host Connection established 0xeeb20da0, tid 754
E/EGL_emulation(  773): tid 773: eglCreateSyncKHR(1209): error 0x3004 (EGL_BAD_ATTRIBUTE)
W/InputMethodManagerService(  738): Window already focused, ignoring focus gain of: com.android.internal.view.IInputMethodClient$Stub$Proxy@18e80978 attribute=null, token = android.os.BinderProxy@1f59bd71
I/InputDispatcher(  738): Dropping event because there is no touchable window at (36, 885).
W/InputManager(  738): Input event injection from pid 2062 failed.
W/InputManager(  738): Input event injection from pid 2062 failed.
W/InputManager(  738): Input event injection from pid 2062 failed.
W/InputManager(  738): Input event injection from pid 2062 failed.
W/InputManager(  738): Input event injection from pid 2062 failed.
W/InputManager(  738): Input event injection from pid 2062 failed.
W/InputManager(  738): Input event injection from pid 2062 failed.
W/InputManager(  738): Input event injection from pid 2062 failed.
W/InputManager(  738): Input event injection from pid 2062 failed.
W/InputManager(  738): Input event injection from pid 2062 failed.
D/ForegroundCallbacks( 1586): went foreground
I/awcn.SessionCenter( 1586): |[seq:[default]] [forground]
I/awcn.SessionCenter( 1586): |[seq:umeng:56aadbf567e58e38d4000976] [forground]
D/awcn.StrategyCenter( 1586):  getSchemeByHost host:umengacs.m.taobao.com scheme:https
D/awcn.SessionCenter( 1586): |[seq:umeng:56aadbf567e58e38d4000976] getInternal u:https://umengacs.m.taobao.com TypeClass:SPDY timeout:0
I/awcn.HttpDispatcher( 1586):  sendAmdcRequest hosts:[umengacs.m.taobao.com, unszapi.m.yao.95095.com, api.m.yao.95095.com]
I/awcn.AmdcThreadPoolExecutor( 1586):  merge amdc request delay:500
I/awcn.AmdcThreadPoolExecutor( 1586):  thread created! name:AMDC2
D/awcn.StrategyCenter( 1586):  getSchemeByHost host:umengacs.m.taobao.com scheme:https
D/awcn.SessionRequest( 1586): |[seq:umeng:56aadbf567e58e38d4000976.AWCN1] SessionRequest start host:https://umengacs.m.taobao.com type:SPDY
I/awcn.HttpDispatcher( 1586):  sendAmdcRequest hosts:[amdcopen.m.taobao.com]
D/getConnStrategyListByHost( 1586): |[seq:host] umengacs.m.taobao.com:result [{106.11.61.106 443 http2_0rtt_acs}, {106.11.61.106 80 http2_0rtt_acs}, {106.11.61.106 443 spdy_0rtt_acs}, {106.11.61.106 80 spdy_0rtt_acs}, {106.11.61.106 443 https}]
D/awcn.SessionRequest( 1586): |[seq:umeng:56aadbf567e58e38d4000976.AWCN1] [getAvailStrategy] strategies:[{106.11.61.106 443 http2_0rtt_acs}, {106.11.61.106 80 http2_0rtt_acs}, {106.11.61.106 443 spdy_0rtt_acs}, {106.11.61.106 80 spdy_0rtt_acs}]
I/awcn.SessionRequest( 1586): |[seq:umeng:56aadbf567e58e38d4000976.AWCN1_1] create connection... Host:https://umengacs.m.taobao.com Type:http2_0rtt_acs IP:106.11.61.106 Port:443 heartbeat:45000 session:Session@[umeng:56aadbf567e58e38d4000976.AWCN1_1|http2_0rtt_acs]
E/awcn.TnetSpdySession( 1586): |[seq:umeng:56aadbf567e58e38d4000976.AWCN1_1] [connect] host:https://umengacs.m.taobao.com connect :106.11.61.106:443 sessionId:1512794381584 SpdyProtocol,:http2_0rtt_acs proxyIp,: proxyPort,:0
E/awcn.Session( 1586): |[seq:umeng:56aadbf567e58e38d4000976.AWCN1_1] notifyStatus status:CONNECTING
E/awcn.Session( 1586): |[seq:umeng:56aadbf567e58e38d4000976.AWCN1_1] notifyStatus status:CONNECTED
I/accs.InAppConn_umeng:56aadbf567e58e38d4000976( 1586):  auth begin seq:umeng:56aadbf567e58e38d4000976.AWCN1_1
E/accs.InAppConn_umeng:56aadbf567e58e38d4000976( 1586):  1 auth URL:https://umengacs.m.taobao.com/accs/auth?1=WajMPL%2FDZuUDAJwcljDKSIFW&2=b72cb9a6e19f6dc73c45e6c6720a16c7c8c04b1db6c63753aa9205edf63f75d8&3=umeng:56aadbf567e58e38d4000976&5=1&6=wifi&7=31027&8=1.1.2&9=1512794265521&10=1&11=22&12=com.zzl.falcon.internal&13=2.4.1&14=android@umeng&15=Google Nexus 4 - 5.1.0 - API 22 - 768x1280&16=generic&17=221&19=0
I/awcn.TnetSpdySession( 1586):   request URL:https://umengacs.m.taobao.com/accs/auth?1=WajMPL%2FDZuUDAJwcljDKSIFW&2=b72cb9a6e19f6dc73c45e6c6720a16c7c8c04b1db6c63753aa9205edf63f75d8&3=umeng:56aadbf567e58e38d4000976&5=1&6=wifi&7=31027&8=1.1.2&9=1512794265521&10=1&11=22&12=com.zzl.falcon.internal&13=2.4.1&14=android@umeng&15=Google Nexus 4 - 5.1.0 - API 22 - 768x1280&16=generic&17=221&19=0
I/awcn.TnetSpdySession( 1586):   request Method:GET
I/awcn.TnetSpdySession( 1586):   request headers:{}
D/OpenGLRenderer( 1586): Use EGL_SWAP_BEHAVIOR_PRESERVED: true
D/awcn.TnetSpdySession( 1586):   streamId:1
D/awcn.DefaultHeartbeatImpl( 1586): |[seq:umeng:56aadbf567e58e38d4000976.AWCN1_1] reSchedule session:Session@[umeng:56aadbf567e58e38d4000976.AWCN1_1|http2_0rtt_acs] delay:1512794426603
E/awcn.TnetSpdySession( 1586): |[seq:umeng:56aadbf567e58e38d4000976.AWCN1_1] spdySessionConnectCB connect connectTime:7 sslTime::2
D/        ( 1586): HostConnection::get() New Host Connection established 0xe10235f0, tid 1586
D/Atlas   ( 1586): Validating map...
V/WindowManager(  738): Adding window Window{1c16988d u0 com.zzl.falcon.internal/com.zzl.falcon.EntranceActivity} at 3 of 9 (after Window{27544756 u0 com.zzl.falcon.internal/com.squareup.leakcanary.internal.DisplayLeakActivity})
W/Settings( 1586): Setting android_id has moved from android.provider.Settings.System to android.provider.Settings.Secure, returning read-only value.
W/Settings( 1586): Setting android_id has moved from android.provider.Settings.System to android.provider.Settings.Secure, returning read-only value.
E/com.umeng.message.UTrack( 1586): RegistrationId is empty
E/com.umeng.message.UTrack( 1586): RegistrationId is empty
W/Settings( 1586): Setting android_id has moved from android.provider.Settings.System to android.provider.Settings.Secure, returning read-only value.
W/Settings( 1586): Setting android_id has moved from android.provider.Settings.System to android.provider.Settings.Secure, returning read-only value.
D/libEGL  ( 1586): loaded /system/lib/egl/libEGL_emulation.so
D/libEGL  ( 1586): loaded /system/lib/egl/libGLESv1_CM_emulation.so
D/libEGL  ( 1586): loaded /system/lib/egl/libGLESv2_emulation.so
I/awcn.TnetSpdySession( 1586):   httpStatusCode:200
I/awcn.TnetSpdySession( 1586):   response headers:{server=[Tengine/Aserver/3.0.197_20171017114317], x-at=[WajMPL%2FDZuUDAJwcljDKSIFWumeng:56aadbf567e58e38d40009761512808781], date=[Sat, 09 Dec 2017 04:39:41 GMT], content-length=[0], x-workerid=[3469172538133708824], :status=[200]}
E/accs.InAppConn_umeng:56aadbf567e58e38d4000976( 1586):  AUTH httpStatusCode:200 seq:umeng:56aadbf567e58e38d4000976.AWCN1_1
E/awcn.Session( 1586): |[seq:umeng:56aadbf567e58e38d4000976.AWCN1_1] notifyStatus status:AUTH_SUCC
I/awcn.DefaultHeartbeatImpl( 1586): |[seq:umeng:56aadbf567e58e38d4000976.AWCN1_1] heartbeat start session:Session@[umeng:56aadbf567e58e38d4000976.AWCN1_1|http2_0rtt_acs]
D/awcn.TnetSpdySession( 1586): |[seq:umeng:56aadbf567e58e38d4000976.AWCN1_1] spdyOnStreamResponse authTime:0
I/accs.UtilityImpl( 1586):  	header:date value:Sat, 09 Dec 2017 04:39:41 GMT
I/accs.UtilityImpl( 1586):  	header:x-at value:WajMPL%2FDZuUDAJwcljDKSIFWumeng:56aadbf567e58e38d40009761512808781
I/accs.UtilityImpl( 1586):  	header:server value:Tengine/Aserver/3.0.197_20171017114317
I/accs.UtilityImpl( 1586):  	header:content-length value:0
I/accs.UtilityImpl( 1586):  	header:x-workerid value:3469172538133708824
I/accs.UtilityImpl( 1586):  	header::status value:200
D/awcn.SessionRequest( 1586): |[seq:umeng:56aadbf567e58e38d4000976.AWCN1_1] Session:Session@[umeng:56aadbf567e58e38d4000976.AWCN1_1|http2_0rtt_acs] EventType:AUTH_SUCC Event:
D/awcn.TnetSpdySession( 1586):  spdyStreamCloseCallback streamId:1
D/awcn.SessionRequest( 1586): |[seq:umeng:56aadbf567e58e38d4000976.AWCN1_1] Connect Success session:Session@[umeng:56aadbf567e58e38d4000976.AWCN1_1|http2_0rtt_acs] host:https://umengacs.m.taobao.com
D/awcn.SessionRequest( 1586):  Receive session event type:AUTH_SUCC
D/awcn.StrategyTable( 1586):  [notifyConnEvent] Host:umengacs.m.taobao.com IConnStrategy:{106.11.61.106 443 http2_0rtt_acs} ConnEvent:ConnEvent#Success
D/PhoneStatusBar(  861): disable: < expand ICONS* alerts SYSTEM_INFO* back home recent clock search >
D/        ( 1586): HostConnection::get() New Host Connection established 0xee839940, tid 2141
I/OpenGLRenderer( 1586): Initialized EGL, version 1.4
D/OpenGLRenderer( 1586): Enabling debug mode 0
W/EGL_emulation( 1586): eglSurfaceAttrib not implemented
W/OpenGLRenderer( 1586): Failed to set EGL_SWAP_BEHAVIOR on surface 0xee9375a0, error=EGL_SUCCESS
W/ViewRootImpl( 1586): Dropping event due to no window focus: MotionEvent { action=ACTION_MOVE, id[0]=0, x[0]=4.0, y[0]=-2.0, toolType[0]=TOOL_TYPE_UNKNOWN, buttonState=0, metaState=0, flags=0x0, edgeFlags=0x0, pointerCount=1, historySize=9, eventTime=134733, downTime=-1, deviceId=0, source=0x10004 }
W/ViewRootImpl( 1586): Dropping event due to no window focus: MotionEvent { action=ACTION_DOWN, id[0]=0, x[0]=0.0, y[0]=0.0, toolType[0]=TOOL_TYPE_UNKNOWN, buttonState=0, metaState=0, flags=0x0, edgeFlags=0x0, pointerCount=1, historySize=0, eventTime=134735, downTime=134504, deviceId=0, source=0x10004 }
W/ViewRootImpl( 1586): Cancelling event due to no window focus: MotionEvent { action=ACTION_CANCEL, id[0]=0, x[0]=0.0, y[0]=0.0, toolType[0]=TOOL_TYPE_UNKNOWN, buttonState=0, metaState=0, flags=0x0, edgeFlags=0x0, pointerCount=1, historySize=0, eventTime=134735, downTime=134504, deviceId=0, source=0x10004 }
W/ViewRootImpl( 1586): Cancelling event due to no window focus: MotionEvent { action=ACTION_CANCEL, id[0]=0, x[0]=0.0, y[0]=0.0, toolType[0]=TOOL_TYPE_UNKNOWN, buttonState=0, metaState=0, flags=0x0, edgeFlags=0x0, pointerCount=1, historySize=0, eventTime=134735, downTime=134504, deviceId=0, source=0x10004 }
W/ViewRootImpl( 1586): Cancelling event due to no window focus: MotionEvent { action=ACTION_CANCEL, id[0]=0, x[0]=0.0, y[0]=0.0, toolType[0]=TOOL_TYPE_UNKNOWN, buttonState=0, metaState=0, flags=0x0, edgeFlags=0x0, pointerCount=1, historySize=0, eventTime=134735, downTime=134504, deviceId=0, source=0x10004 }
W/ViewRootImpl( 1586): Cancelling event due to no window focus: MotionEvent { action=ACTION_CANCEL, id[0]=0, x[0]=0.0, y[0]=0.0, toolType[0]=TOOL_TYPE_UNKNOWN, buttonState=0, metaState=0, flags=0x0, edgeFlags=0x0, pointerCount=1, historySize=0, eventTime=134735, downTime=134504, deviceId=0, source=0x10004 }
W/ViewRootImpl( 1586): Cancelling event due to no window focus: MotionEvent { action=ACTION_CANCEL, id[0]=0, x[0]=0.0, y[0]=0.0, toolType[0]=TOOL_TYPE_UNKNOWN, buttonState=0, metaState=0, flags=0x0, edgeFlags=0x0, pointerCount=1, historySize=0, eventTime=134735, downTime=134504, deviceId=0, source=0x10004 }
W/ViewRootImpl( 1586): Cancelling event due to no window focus: MotionEvent { action=ACTION_CANCEL, id[0]=0, x[0]=0.0, y[0]=0.0, toolType[0]=TOOL_TYPE_UNKNOWN, buttonState=0, metaState=0, flags=0x0, edgeFlags=0x0, pointerCount=1, historySize=0, eventTime=134735, downTime=134504, deviceId=0, source=0x10004 }
W/ViewRootImpl( 1586): Cancelling event due to no window focus: MotionEvent { action=ACTION_CANCEL, id[0]=0, x[0]=0.0, y[0]=0.0, toolType[0]=TOOL_TYPE_UNKNOWN, buttonState=0, metaState=0, flags=0x0, edgeFlags=0x0, pointerCount=1, historySize=0, eventTime=134735, downTime=134504, deviceId=0, source=0x10004 }
I/AppiumUnicodeIME(  916): onFinishInput
I/AppiumUnicodeIME(  916): onStartInput
W/EGL_emulation(  861): eglSurfaceAttrib not implemented
W/OpenGLRenderer(  861): Failed to set EGL_SWAP_BEHAVIOR on surface 0xe201fc80, error=EGL_SUCCESS
W/ViewRootImpl(  861): Dropping event due to no window focus: KeyEvent { action=ACTION_DOWN, keyCode=KEYCODE_DPAD_UP, scanCode=0, metaState=0, flags=0x8, repeatCount=0, eventTime=134758, downTime=134758, deviceId=-1, source=0x101 }
I/awcn.HMacUtil( 1586):  hmacSha1Hex result:42b7ff472fa7fe07abf38a9ad418621a568972d1818d2f8422e8bbd63232160a
D/awcn.StrategyCenter( 1586):  getSchemeByHost host:amdcopen.m.taobao.com scheme:http
D/getConnStrategyListByHost( 1586): |[seq:host] amdcopen.m.taobao.com:result []
I/awcn.DispatchCore( 1586): |[seq:AMDC1] send amdc request url:http://amdcopen.m.taobao.com/amdc/mobileDispatch?appkey=umeng%3A56aadbf567e58e38d4000976&deviceId=WajMPL%2FDZuUDAJwcljDKSIFW&platform=android&v=4.0
W/ViewRootImpl(  861): Cancelling event due to no window focus: KeyEvent { action=ACTION_UP, keyCode=KEYCODE_DPAD_UP, scanCode=0, metaState=0, flags=0x28, repeatCount=0, eventTime=134985, downTime=134985, deviceId=-1, source=0x101 }
W/ViewRootImpl(  861): Cancelling event due to no window focus: KeyEvent { action=ACTION_UP, keyCode=KEYCODE_DPAD_UP, scanCode=0, metaState=0, flags=0x28, repeatCount=0, eventTime=134985, downTime=134985, deviceId=-1, source=0x101 }
W/ViewRootImpl(  861): Cancelling event due to no window focus: KeyEvent { action=ACTION_UP, keyCode=KEYCODE_DPAD_UP, scanCode=0, metaState=0, flags=0x28, repeatCount=0, eventTime=134985, downTime=134985, deviceId=-1, source=0x101 }
W/ViewRootImpl(  861): Cancelling event due to no window focus: KeyEvent { action=ACTION_UP, keyCode=KEYCODE_DPAD_UP, scanCode=0, metaState=0, flags=0x28, repeatCount=0, eventTime=134985, downTime=134985, deviceId=-1, source=0x101 }
W/ViewRootImpl(  861): Cancelling event due to no window focus: KeyEvent { action=ACTION_UP, keyCode=KEYCODE_DPAD_UP, scanCode=0, metaState=0, flags=0x28, repeatCount=0, eventTime=134985, downTime=134985, deviceId=-1, source=0x101 }
W/ViewRootImpl(  861): Cancelling event due to no window focus: KeyEvent { action=ACTION_UP, keyCode=KEYCODE_DPAD_UP, scanCode=0, metaState=0, flags=0x28, repeatCount=0, eventTime=134985, downTime=134985, deviceId=-1, source=0x101 }
W/ViewRootImpl(  861): Cancelling event due to no window focus: KeyEvent { action=ACTION_UP, keyCode=KEYCODE_DPAD_UP, scanCode=0, metaState=0, flags=0x28, repeatCount=0, eventTime=134985, downTime=134985, deviceId=-1, source=0x101 }
W/ViewRootImpl(  861): Cancelling event due to no window focus: KeyEvent { action=ACTION_UP, keyCode=KEYCODE_DPAD_UP, scanCode=0, metaState=0, flags=0x28, repeatCount=0, eventTime=134985, downTime=134985, deviceId=-1, source=0x101 }
W/ViewRootImpl(  861): Cancelling event due to no window focus: KeyEvent { action=ACTION_UP, keyCode=KEYCODE_DPAD_UP, scanCode=0, metaState=0, flags=0x28, repeatCount=0, eventTime=134985, downTime=134985, deviceId=-1, source=0x101 }
D/awcn.DispatchCore( 1586): |[seq:AMDC1] amdc response. code: 200 
D/awcn.DispatchCore( 1586): headers:{null=[HTTP/1.1 200 OK], Cache-Control=[no-cache], Connection=[close], Content-Encoding=[gzip], Content-Type=[application/json;charset=UTF-8], Date=[Sat, 09 Dec 2017 04:39:42 GMT], pragma=[no-cache], Server=[Tengine], Transfer-Encoding=[chunked], Vary=[Accept-Encoding], x-am-code=[1000], x-am-id=[amdc010150170034.eu13_1512794382197_223130785], x-am-sign=[9f72a888c154411034007f9c0777f5b4bf507cc93ed4751035f93c2c72194b34], X-Android-Received-Millis=[1512794382133], X-Android-Response-Source=[NETWORK 200], X-Android-Sent-Millis=[1512794382122]}
D/awcn.DispatchCore( 1586): |[seq:AMDC1] amdc response body 
D/awcn.DispatchCore( 1586): body:{"code":1000,"cv":1,"dns":[{"aisles":[{"cto":10000,"heartbeat":0,"port":443,"protocol":"https","retry":1,"rto":10000},{"cto":10000,"heartbeat":0,"port":80,"protocol":"http","retry":1,"rto":10000}],"host":"amdcopen.m.taobao.com","ips":["106.11.61.137"],"safeAisles":"http","ttl":300},{"aisles":[{"cto":10000,"heartbeat":0,"port":443,"protocol":"https","retry":1,"rto":10000},{"cto":10000,"heartbeat":0,"port":80,"protocol":"http","retry":1,"rto":10000}],"host":"api.m.yao.95095.com","ips":["106.11.52.97"],"isHot":1,"ttl":300},{"aisles":[{"cto":10000,"heartbeat":0,"port":443,"protocol":"https","retry":1,"rto":10000},{"cto":10000,"heartbeat":0,"port":80,"protocol":"http","retry":1,"rto":10000}],"host":"unszapi.m.yao.95095.com","ips":["106.11.133.9"],"isHot":1,"ttl":300},{"aisles":[{"cto":10000,"heartbeat":45000,"port":443,"protocol":"http2","publickey":"acs","retry":1,"rto":10000,"rtt":"0rtt"},{"cto":10000,"heartbeat":45000,"port":80,"protocol":"http2","publickey":"acs","retry":1,"rto":10000,"rtt":"0rtt"},{"cto":10000,"heartbeat":45000,"port":443,"protocol":"spdy","publickey":"acs","retry":1,"rto":10000,"rtt":"0rtt"},{"cto":10000,"heartbeat":45000,"port":80,"protocol":"spdy","publickey":"acs","retry":1,"rto":10000,"rtt":"0rtt"},{"cto":10000,"heartbeat":0,"port":443,"protocol":"https","retry":1,"rto":10000}],"host":"umengacs.m.taobao.com","ips":["106.11.61.106","106.11.52.16"],"isHot":1,"safeAisles":"https","ttl":300}],"ip":"101.81.49.47","unit":"unzbyun","utdid":"WajMPL/DZuUDAJwcljDKSIFW"}
E/DefaultNetworkAnalysis( 1586):  no NWNetworkAnalysisSDK sdk
I/awcn.HMacUtil( 1586):  hmacSha1Hex result:9f72a888c154411034007f9c0777f5b4bf507cc93ed4751035f93c2c72194b34
D/awcn.StrategyCenter( 1586):  receive DNS event
I/awcn.StrategyTable( 1586):  update strategyTable with httpDns response
D/awcn.StrategyTable( 1586):  uniqueId : WIFI$01:80:c2:00:00:03
D/awcn.StrategyTable( 1586): -------------------------hot domains:------------------------------------
D/awcn.StrategyTable( 1586):  api.m.yao.95095.com = 
D/awcn.StrategyTable( 1586): StrategyList = 1512794682147[{106.11.52.97 443 https}, {106.11.52.97 80 http}]
D/awcn.StrategyTable( 1586):  unszapi.m.yao.95095.com = 
D/awcn.StrategyTable( 1586): StrategyList = 1512794682147[{106.11.133.9 443 https}, {106.11.133.9 80 http}]
D/awcn.StrategyTable( 1586):  umengacs.m.taobao.com = 
D/awcn.StrategyTable( 1586): StrategyList = 1512794682147[{106.11.61.106 443 http2_0rtt_acs}, {106.11.61.106 80 http2_0rtt_acs}, {106.11.61.106 443 spdy_0rtt_acs}, {106.11.61.106 80 spdy_0rtt_acs}, {106.11.52.16 443 http2_0rtt_acs}, {106.11.52.16 80 http2_0rtt_acs}, {106.11.52.16 443 spdy_0rtt_acs}, {106.11.52.16 80 spdy_0rtt_acs}, {106.11.61.106 443 https}, {106.11.52.16 443 https}]
D/awcn.StrategyTable( 1586):  
D/awcn.StrategyTable( 1586): -------------------------cold domains:------------------------------------
D/awcn.StrategyTable( 1586):  amdcopen.m.taobao.com = 
D/awcn.StrategyTable( 1586): StrategyList = 1512794682147[{106.11.61.137 443 https}, {106.11.61.137 80 http}]
D/awcn.SafeAislesMap( 1586):  SafeAislesMap: {amdcopen.m.taobao.com=http, api.m.yao.95095.com=No_Result, unszapi.m.yao.95095.com=No_Result, umengacs.m.taobao.com=https}
D/awcn.UnitMap( 1586):  UnitMap : UnitMap: {WajMPL/DZuUDAJwcljDKSIFW=unzbyun}
I/awcn.StrategyCenter( 1586):  saveData
I/awcn.AmdcThreadPoolExecutor( 1586):  thread created! name:AMDC3
D/awcn.StrategyCenter( 1586):  getSchemeByHost host:umengacs.m.taobao.com scheme:https
D/awcn.SessionCenter( 1586): |[seq:umeng:56aadbf567e58e38d4000976] getInternal u:https://umengacs.m.taobao.com TypeClass:SPDY timeout:0
D/awcn.StrategyCenter( 1586):  getSchemeByHost host:umengacs.m.taobao.com scheme:https
D/awcn.SessionCenter( 1586): |[seq:umeng:56aadbf567e58e38d4000976] get internal hit cache session session:Session@[umeng:56aadbf567e58e38d4000976.AWCN1_1|http2_0rtt_acs]
I/accs.MsgDistributeService( 1586):  onStartCommand action:com.taobao.accs.intent.action.RECEIVE
D/accs.MsgDistribute( 1586):  action:com.taobao.accs.intent.action.RECEIVE
I/accs.MsgDistribute( 1586):  distribute command::103  serviceId::  dataId:: appkey: config:
I/ActivityManager(  738): Displayed com.zzl.falcon.internal/com.zzl.falcon.EntranceActivity: +1s94ms
I/awcn.SerializeHelper( 1586):  persist end. file:/storage/emulated/0/Android/data/com.zzl.falcon.internal/files/awcn_strategy/ef133debedbd6d843d539e5eb14cfdfd cost:24
I/awcn.SerializeHelper( 1586):  persist end. file:/storage/emulated/0/Android/data/com.zzl.falcon.internal/files/awcn_strategy/0c61135c2fdcd71f15ad7297245abe44 cost:7
I/awcn.SerializeHelper( 1586):  persist end. file:/storage/emulated/0/Android/data/com.zzl.falcon.internal/files/awcn_strategy/49c6a36aaea8ee1549c1cd3e07070c79 cost:8
I/ActivityManager(  738): START u0 {cmp=com.zzl.falcon.internal/com.zzl.falcon.MainActivity} from uid 10074 on display 0
V/WindowManager(  738): addAppToken: AppWindowToken{28eb413e token=Token{1ffa4df9 ActivityRecord{36bcfcc0 u0 com.zzl.falcon.internal/com.zzl.falcon.MainActivity t312}}} to stack=1 task=312 at 1
D/PhoneStatusBar(  861): disable: < expand icons* alerts system_info* back home recent clock search >
W/ViewRootImpl( 1586): Dropping event due to no window focus: KeyEvent { action=ACTION_DOWN, keyCode=KEYCODE_BUTTON_5, scanCode=0, metaState=0, flags=0x8, repeatCount=0, eventTime=135590, downTime=135590, deviceId=-1, source=0x101 }
W/ViewRootImpl( 1586): Cancelling event due to no window focus: KeyEvent { action=ACTION_UP, keyCode=KEYCODE_BUTTON_5, scanCode=0, metaState=0, flags=0x28, repeatCount=0, eventTime=136010, downTime=135590, deviceId=-1, source=0x101 }
W/ViewRootImpl( 1586): Cancelling event due to no window focus: KeyEvent { action=ACTION_UP, keyCode=KEYCODE_BUTTON_5, scanCode=0, metaState=0, flags=0x28, repeatCount=0, eventTime=136010, downTime=135590, deviceId=-1, source=0x101 }
W/ViewRootImpl( 1586): Cancelling event due to no window focus: KeyEvent { action=ACTION_UP, keyCode=KEYCODE_BUTTON_5, scanCode=0, metaState=0, flags=0x28, repeatCount=0, eventTime=136010, downTime=135590, deviceId=-1, source=0x101 }
W/ViewRootImpl( 1586): Dropping event due to no window focus: KeyEvent { action=ACTION_DOWN, keyCode=KEYCODE_DPAD_CENTER, scanCode=0, metaState=0, flags=0x8, repeatCount=0, eventTime=135590, downTime=135590, deviceId=-1, source=0x101 }
I/AppiumUnicodeIME(  916): onKeyUp (keyCode='192', event.keyCode='192', metaState='0')
W/EGL_emulation(  861): eglSurfaceAttrib not implemented
W/OpenGLRenderer(  861): Failed to set EGL_SWAP_BEHAVIOR on surface 0xe201fc80, error=EGL_SUCCESS
W/ViewRootImpl( 1586): Cancelling event due to no window focus: KeyEvent { action=ACTION_UP, keyCode=KEYCODE_BUTTON_5, scanCode=0, metaState=0, flags=0x28, repeatCount=0, eventTime=136010, downTime=135590, deviceId=-1, source=0x101 }
W/ViewRootImpl( 1586): Cancelling event due to no window focus: KeyEvent { action=ACTION_UP, keyCode=KEYCODE_BUTTON_5, scanCode=0, metaState=0, flags=0x28, repeatCount=0, eventTime=136010, downTime=135590, deviceId=-1, source=0x101 }
W/ViewRootImpl( 1586): Cancelling event due to no window focus: KeyEvent { action=ACTION_UP, keyCode=KEYCODE_BUTTON_5, scanCode=0, metaState=0, flags=0x28, repeatCount=0, eventTime=136010, downTime=135590, deviceId=-1, source=0x101 }
W/ViewRootImpl( 1586): Cancelling event due to no window focus: KeyEvent { action=ACTION_UP, keyCode=KEYCODE_BUTTON_5, scanCode=0, metaState=0, flags=0x28, repeatCount=0, eventTime=136010, downTime=135590, deviceId=-1, source=0x101 }
W/ViewRootImpl( 1586): Cancelling event due to no window focus: KeyEvent { action=ACTION_UP, keyCode=KEYCODE_BUTTON_5, scanCode=0, metaState=0, flags=0x28, repeatCount=0, eventTime=136010, downTime=135590, deviceId=-1, source=0x101 }
W/ViewRootImpl( 1586): Cancelling event due to no window focus: KeyEvent { action=ACTION_UP, keyCode=KEYCODE_BUTTON_5, scanCode=0, metaState=0, flags=0x28, repeatCount=0, eventTime=136010, downTime=135590, deviceId=-1, source=0x101 }
W/InputMethodManagerService(  738): Focus gain on non-focused client com.android.internal.view.IInputMethodClient$Stub$Proxy@3488d0b5 (uid=10074 pid=1586)
D/PhoneStatusBar(  861): disable: < expand ICONS* alerts SYSTEM_INFO* back home recent clock search >
D/PhoneStatusBar(  861): disable: < expand icons* alerts system_info* back home recent clock search >
I/accs.Config( 1586):  getDeviceToken token:
I/accs.Config( 1586):  getAgooAppKey appkey:umeng:56aadbf567e58e38d4000976
I/accs.SwitchDO( 1586):  buildData data:{"cmd":"enablePush","appKey":"umeng:56aadbf567e58e38d4000976","utdid":"WajMPL\/DZuUDAJwcljDKSIFW"}
D/accs.InAppConn_umeng:56aadbf567e58e38d4000976( 1586):  1 start
D/accs.InAppConn_umeng:56aadbf567e58e38d4000976( 1586):  send message, DATA delay:0 dataId:3
I/accs.InAppConn_umeng:56aadbf567e58e38d4000976( 1586):  try send:DATA dataId:3 appkey:umeng:56aadbf567e58e38d4000976
D/accs.UTMini( 1586):  commitEvent fail java.lang.NoClassDefFoundError: Failed resolution of: Lcom/ut/mini/internal/UTOriginalCustomHitBuilder;
D/awcn.SessionCenter( 1586): |[seq:umeng:56aadbf567e58e38d4000976] getInternal u:https://umengacs.m.taobao.com TypeClass:SPDY timeout:60000
D/awcn.StrategyCenter( 1586):  getSchemeByHost host:umengacs.m.taobao.com scheme:https
D/awcn.SessionCenter( 1586): |[seq:umeng:56aadbf567e58e38d4000976] get internal hit cache session session:Session@[umeng:56aadbf567e58e38d4000976.AWCN1_1|http2_0rtt_acs]
D/accs.Msg_umeng:56aadbf567e58e38d4000976( 1586):  Build Message
D/accs.Msg_umeng:56aadbf567e58e38d4000976( 1586):  	version:2 compress:0
D/accs.Msg_umeng:56aadbf567e58e38d4000976( 1586):  	flag: 0x40
D/accs.Msg_umeng:56aadbf567e58e38d4000976( 1586):  	totalLength:187
D/accs.Msg_umeng:56aadbf567e58e38d4000976( 1586):  	dataLength:185
D/accs.Msg_umeng:56aadbf567e58e38d4000976( 1586):  	flags:ffffc800
D/accs.Msg_umeng:56aadbf567e58e38d4000976( 1586):  	targetLength:16
D/accs.Msg_umeng:56aadbf567e58e38d4000976( 1586):  	target:2|AgooDeviceCmd|
D/accs.Msg_umeng:56aadbf567e58e38d4000976( 1586):  	sourceLength:63
D/accs.Msg_umeng:56aadbf567e58e38d4000976( 1586):  	source:WajMPL/DZuUDAJwcljDKSIFW|com.zzl.falcon.internal|AgooDeviceCmd|
D/accs.Msg_umeng:56aadbf567e58e38d4000976( 1586):  	dataIdLength:1
D/accs.Msg_umeng:56aadbf567e58e38d4000976( 1586):  	dataId:3
D/accs.Msg_umeng:56aadbf567e58e38d4000976( 1586):  	extHeader len:0
D/accs.Msg_umeng:56aadbf567e58e38d4000976( 1586):  	oriData:{"cmd":"enablePush","appKey":"umeng:56aadbf567e58e38d4000976","utdid":"WajMPL\/DZuUDAJwcljDKSIFW"}
D/accs.Msg_umeng:56aadbf567e58e38d4000976( 1586):  len:191
D/accs.Msg_umeng:56aadbf567e58e38d4000976( 1586):  20 40 0 bb 0 b9 c8 0 10 32 7c 41 67 6f 6f 44 65 76 69 63 65 43 6d 64 7c 3f 57 61 6a 4d 50 4c 2f 44 5a 75 55 44 41 4a 77 63 6c 6a 44 4b 53 49 46 57 7c 63 6f 6d 2e 7a 7a 6c 2e 66 61 6c 63 6f 6e 2e 69 6e 74 65 72 6e 61 6c 7c 41 67 6f 6f 44 65 76 69 63 65 43 6d 64 7c 1 33 0 0 7b 22 63 6d 64 22 3a 22 65 6e 61 62 6c 65 50 75 73 68 22 2c 22 61 70 70 4b 65 79 22 3a 22 75 6d 65 6e 67 3a 35 36 61 61 64 62 66 35 36 37 65 35 38 65 33 38 64 34 30 30 30 39 37 36 22 2c 22 75 74 64 69 64 22 3a 22 57 61 6a 4d 50 4c 5c 2f 44 5a 75 55 44 41 4a 77 63 6c 6a 44 4b 53 49 46 57 22 7d 
I/accs.InAppConn_umeng:56aadbf567e58e38d4000976( 1586):  send data  len:191 dataId:3 command:100 host:https://umengacs.m.taobao.com utdid:WajMPL/DZuUDAJwcljDKSIFW
E/awcn.TnetSpdySession( 1586): |[seq:umeng:56aadbf567e58e38d4000976.AWCN1_1] sendCustomFrame dataId:3 type:200
D/awcn.DefaultHeartbeatImpl( 1586): |[seq:umeng:56aadbf567e58e38d4000976.AWCN1_1] reSchedule session:Session@[umeng:56aadbf567e58e38d4000976.AWCN1_1|http2_0rtt_acs] delay:1468
D/accs.InAppConn_umeng:56aadbf567e58e38d4000976( 1586):  sendSucc true dataId:3
E/awcn.TnetSpdySession( 1586): |[seq:umeng:56aadbf567e58e38d4000976.AWCN1_1] [spdyCustomControlFrameRecvCallback] len:145 frameCb:com.taobao.accs.net.k@2fb9549f
E/awcn.TnetSpdySession( 1586): |[seq:umeng:56aadbf567e58e38d4000976.AWCN1_1] str:20 40 0 8d 0 8b e0 0 3f 57 61 6a 4d 50 4c 2f 44 5a 75 55 44 41 4a 77 63 6c 6a 44 4b 53 49 46 57 7c 63 6f 6d 2e 7a 7a 6c 2e 66 61 6c 63 6f 6e 2e 69 6e 74 65 72 6e 61 6c 7c 41 67 6f 6f 44 65 76 69 63 65 43 6d 64 7c 10 32 7c 41 67 6f 6f 44 65 76 69 63 65 43 6d 64 7c 1 33 0 9 24 7 75 6e 7a 62 79 75 6e 7b 22 72 65 73 75 6c 74 43 6f 64 65 22 3a 22 73 75 63 63 65 73 73 22 2c 22 63 6d 64 22 3a 22 65 6e 61 62 6c 65 50 75 73 68 22 7d 
I/accs.InAppConn_umeng:56aadbf567e58e38d4000976( 1586):  onDataReceive, type:200 len:145
E/accs.InAppConn_umeng:56aadbf567e58e38d4000976( 1586):  onDataReceive, end:
D/accs.MsgRecv_umeng:56aadbf567e58e38d4000976( 1586):  version:2
D/accs.MsgRecv_umeng:56aadbf567e58e38d4000976( 1586):  compress:0
D/accs.MsgRecv_umeng:56aadbf567e58e38d4000976( 1586):  totalLen:141
D/accs.MsgRecv_umeng:56aadbf567e58e38d4000976( 1586):  buf len:139
D/accs.MsgRecv_umeng:56aadbf567e58e38d4000976( 1586):  flag:e000
D/accs.MsgRecv_umeng:56aadbf567e58e38d4000976( 1586):  target:WajMPL/DZuUDAJwcljDKSIFW|com.zzl.falcon.internal|AgooDeviceCmd|
D/accs.MsgRecv_umeng:56aadbf567e58e38d4000976( 1586):  source:2|AgooDeviceCmd|
D/accs.MsgRecv_umeng:56aadbf567e58e38d4000976( 1586):  dataId:3
D/accs.MsgRecv_umeng:56aadbf567e58e38d4000976( 1586):  extHeaderLen:9
D/accs.MsgRecv_umeng:56aadbf567e58e38d4000976( 1586):   extHeaderType:9 value:unzbyun
D/accs.MsgRecv_umeng:56aadbf567e58e38d4000976( 1586):  oriData:[B@1baba9ec
I/accs.MsgRecv_umeng:56aadbf567e58e38d4000976( 1586):  1 dataId 3:type DATA:reqType RES:resType NO_ACK:target WajMPL/DZuUDAJwcljDKSIFW|com.zzl.falcon.internal|AgooDeviceCmd|
D/accs.MsgRecv_umeng:56aadbf567e58e38d4000976( 1586):  reqMessage not null
W/ActivityManager(  738): getTasks: caller 10074 does not hold GET_TASKS; limiting output
D/accs.MsgRecv_umeng:56aadbf567e58e38d4000976( 1586):  onResult command:100 erorcode:200
D/accs.MsgRecv_umeng:56aadbf567e58e38d4000976( 1586):  prepare send broadcast
D/accs.UTMini( 1586):  commitEvent fail java.lang.NoClassDefFoundError: Failed resolution of: Lcom/ut/mini/internal/UTOriginalCustomHitBuilder;
D/accs.InAppConn_umeng:56aadbf567e58e38d4000976( 1586):  try handle msg
D/accs.MsgDistribute( 1586):  action:com.taobao.accs.intent.action.RECEIVE
I/accs.MsgDistribute( 1586):  distribute command::100  serviceId::AgooDeviceCmd  dataId::1 appkey:umeng:56aadbf567e58e38d4000976 config:umeng:56aadbf567e58e38d4000976
W/accs.MsgDistribute( 1586):  appReceiver null! serviceId:AgooDeviceCmd appkey:umeng:56aadbf567e58e38d4000976
D/accs.UTMini( 1586):  commitEvent fail java.lang.NoClassDefFoundError: Failed resolution of: Lcom/ut/mini/internal/UTOriginalCustomHitBuilder;
I/accs.AccsAbstractDataListener( 1586):  onReceiveData dataId:1 serviceId:AgooDeviceCmd command:100
D/accs.UTMini( 1586):  commitEvent fail java.lang.NoClassDefFoundError: Failed resolution of: Lcom/ut/mini/internal/UTOriginalCustomHitBuilder;
I/accs.RequestListener( 1586):  RequestListener onResponse dataId:1 listener:com.umeng.message.PushAgent$3@2e6571b5 json:{"resultCode":"success","cmd":"enablePush"}
I/com.umeng.message.PushAgent( 1586): bindAgoo-->onSuccess
D/accs.UTMini( 1586):  commitEvent fail java.lang.NoClassDefFoundError: Failed resolution of: Lcom/ut/mini/internal/UTOriginalCustomHitBuilder;
D/ForegroundCallbacks( 1586): still foreground
I/art     ( 1586): Background sticky concurrent mark sweep GC freed 29687(2MB) AllocSpace objects, 10(160KB) LOS objects, 30% free, 6MB/9MB, paused 5.194ms total 36.476ms
V/WindowManager(  738): Adding window Window{24ab9f97 u0 com.zzl.falcon.internal/com.zzl.falcon.MainActivity} at 4 of 10 (after Window{1c16988d u0 com.zzl.falcon.internal/com.zzl.falcon.EntranceActivity})
W/FragmentManager( 1586): moveToState: Fragment state for FinanceFragment{2bcec808 #0 id=0x7f0e0108 android:switcher:2131624200:1} not updated inline; expected state 3 found 2
W/FragmentManager( 1586): moveToState: Fragment state for AccountFragment{20df5876 #1 id=0x7f0e0108 android:switcher:2131624200:2} not updated inline; expected state 3 found 2
W/FragmentManager( 1586): moveToState: Fragment state for SettingFragment{11c4227c #2 id=0x7f0e0108 android:switcher:2131624200:3} not updated inline; expected state 3 found 2
D/OkHttp  ( 1586): --> POST http://116.236.220.210:8084/appIndex/list?version=3 http/1.1
D/OkHttp  ( 1586): Content-Length: 0
D/OkHttp  ( 1586): RC-Bel-Key: bel.zhiwang.zzl
D/OkHttp  ( 1586): RC-Timestamp: 1512794383
D/OkHttp  ( 1586): RC-Nonce: a3e46874-ad72-4de2-8a29-407a6ada5969
D/OkHttp  ( 1586): RC-Signature: 8af2e94f44876c299225b1ccb092a7f0d869c14d
D/OkHttp  ( 1586): osType: Android
D/OkHttp  ( 1586): version: 2.4.1
D/OkHttp  ( 1586): --> END POST (0-byte body)
W/FragmentManager( 1586): moveToState: Fragment state for InvestFragment{8113629 #4 id=0x7f0e0206 android:switcher:2131624454:1} not updated inline; expected state 3 found 2
E/RecyclerView( 1586): Cannot scroll to position a LayoutManager set. Call setLayoutManager with a non-null argument.
E/RecyclerView( 1586): Cannot scroll to position a LayoutManager set. Call setLayoutManager with a non-null argument.
D/OkHttp  ( 1586): <-- 200 OK http://116.236.220.210:8084/appIndex/list?version=3 (65ms)
D/OkHttp  ( 1586): Server: Apache-Coyote/1.1
D/OkHttp  ( 1586): Set-Cookie: JSESSIONID=EF004A3A007179FCCD0FCBB33053D000; Path=/; HttpOnly
D/OkHttp  ( 1586): Content-Type: application/json;charset=utf-8
D/OkHttp  ( 1586): Content-Length: 866
D/OkHttp  ( 1586): Date: Sat, 09 Dec 2017 04:39:43 GMT
D/OkHttp  ( 1586): {"fixedInvestInfo":{"empId":"1","persiodUp":12,"rateDown":6.9,"persiodDown":3,"platformType":1,"remark":"","parentId":"0","rateUp":9.6,"paymentType":1,"createTime":"","payment":2,"id":"402897e7562c1dd101562c291ad10003","proName":"","periodsType":1,"proNumber":"","productType":1,"status":1},"bannel":[{"webDesc":"","imgurl":"20171114100735893.png","createTime":"2017-11-14 10:05:59","name":"","link":"http://116.236.220.210:8084/mobileWeb/commonActivity?activity=winter","id":"2c908a885fb40cb0015fb846a8d1018d","type":1,"seq":12,"status":1,"shareStatus":0}],"investInfo":[{"persiodUp":"48","rateDown":"10.8","persiodDown":"6","proName":"","rateUp":"14.5","productType":"2"}],"transferInfo":{"periodDesc":"","rateDown":"10","productType":"20","rateUp":"15"},"responseCode":"1"}
D/OkHttp  ( 1586): <-- END HTTP (866-byte body)
W/EGL_emulation( 1586): eglSurfaceAttrib not implemented
W/OpenGLRenderer( 1586): Failed to set EGL_SWAP_BEHAVIOR on surface 0xe10acf20, error=EGL_SUCCESS
W/ViewRootImpl( 1586): Cancelling event due to no window focus: KeyEvent { action=ACTION_UP, keyCode=KEYCODE_BUTTON_5, scanCode=0, metaState=0, flags=0x28, repeatCount=0, eventTime=135987, downTime=135987, deviceId=-1, source=0x101 }
W/ViewRootImpl( 1586): Cancelling event due to no window focus: KeyEvent { action=ACTION_UP, keyCode=KEYCODE_BUTTON_5, scanCode=0, metaState=0, flags=0x28, repeatCount=0, eventTime=135987, downTime=135987, deviceId=-1, source=0x101 }
W/ViewRootImpl( 1586): Cancelling event due to no window focus: KeyEvent { action=ACTION_UP, keyCode=KEYCODE_BUTTON_5, scanCode=0, metaState=0, flags=0x28, repeatCount=0, eventTime=135987, downTime=135987, deviceId=-1, source=0x101 }
W/ViewRootImpl( 1586): Cancelling event due to no window focus: KeyEvent { action=ACTION_UP, keyCode=KEYCODE_BUTTON_5, scanCode=0, metaState=0, flags=0x28, repeatCount=0, eventTime=135987, downTime=135987, deviceId=-1, source=0x101 }
W/ViewRootImpl( 1586): Cancelling event due to no window focus: KeyEvent { action=ACTION_UP, keyCode=KEYCODE_BUTTON_5, scanCode=0, metaState=0, flags=0x28, repeatCount=0, eventTime=135987, downTime=135987, deviceId=-1, source=0x101 }
W/ViewRootImpl( 1586): Cancelling event due to no window focus: KeyEvent { action=ACTION_UP, keyCode=KEYCODE_BUTTON_5, scanCode=0, metaState=0, flags=0x28, repeatCount=0, eventTime=135987, downTime=135987, deviceId=-1, source=0x101 }
W/ViewRootImpl( 1586): Cancelling event due to no window focus: KeyEvent { action=ACTION_UP, keyCode=KEYCODE_BUTTON_5, scanCode=0, metaState=0, flags=0x28, repeatCount=0, eventTime=135987, downTime=135987, deviceId=-1, source=0x101 }
W/ViewRootImpl( 1586): Cancelling event due to no window focus: KeyEvent { action=ACTION_UP, keyCode=KEYCODE_BUTTON_5, scanCode=0, metaState=0, flags=0x28, repeatCount=0, eventTime=135987, downTime=135987, deviceId=-1, source=0x101 }
W/ViewRootImpl( 1586): Cancelling event due to no window focus: KeyEvent { action=ACTION_UP, keyCode=KEYCODE_BUTTON_5, scanCode=0, metaState=0, flags=0x28, repeatCount=0, eventTime=135987, downTime=135987, deviceId=-1, source=0x101 }
W/ViewRootImpl( 1586): Dropping event due to no window focus: KeyEvent { action=ACTION_DOWN, keyCode=KEYCODE_DPAD_UP, scanCode=0, metaState=0, flags=0x8, repeatCount=0, eventTime=136606, downTime=136606, deviceId=-1, source=0x101 }
W/ViewRootImpl( 1586): Cancelling event due to no window focus: KeyEvent { action=ACTION_UP, keyCode=KEYCODE_DPAD_UP, scanCode=0, metaState=0, flags=0x28, repeatCount=0, eventTime=136727, downTime=136727, deviceId=-1, source=0x101 }
W/ViewRootImpl( 1586): Cancelling event due to no window focus: KeyEvent { action=ACTION_UP, keyCode=KEYCODE_DPAD_UP, scanCode=0, metaState=0, flags=0x28, repeatCount=0, eventTime=136727, downTime=136727, deviceId=-1, source=0x101 }
W/ViewRootImpl( 1586): Cancelling event due to no window focus: KeyEvent { action=ACTION_UP, keyCode=KEYCODE_DPAD_UP, scanCode=0, metaState=0, flags=0x28, repeatCount=0, eventTime=136727, downTime=136727, deviceId=-1, source=0x101 }
W/ViewRootImpl( 1586): Cancelling event due to no window focus: KeyEvent { action=ACTION_UP, keyCode=KEYCODE_DPAD_UP, scanCode=0, metaState=0, flags=0x28, repeatCount=0, eventTime=136727, downTime=136727, deviceId=-1, source=0x101 }
W/ViewRootImpl( 1586): Cancelling event due to no window focus: KeyEvent { action=ACTION_UP, keyCode=KEYCODE_DPAD_UP, scanCode=0, metaState=0, flags=0x28, repeatCount=0, eventTime=136727, downTime=136727, deviceId=-1, source=0x101 }
W/ViewRootImpl( 1586): Cancelling event due to no window focus: KeyEvent { action=ACTION_UP, keyCode=KEYCODE_DPAD_UP, scanCode=0, metaState=0, flags=0x28, repeatCount=0, eventTime=136727, downTime=136727, deviceId=-1, source=0x101 }
W/ViewRootImpl( 1586): Cancelling event due to no window focus: KeyEvent { action=ACTION_UP, keyCode=KEYCODE_DPAD_UP, scanCode=0, metaState=0, flags=0x28, repeatCount=0, eventTime=136727, downTime=136727, deviceId=-1, source=0x101 }
W/ViewRootImpl( 1586): Cancelling event due to no window focus: KeyEvent { action=ACTION_UP, keyCode=KEYCODE_DPAD_UP, scanCode=0, metaState=0, flags=0x28, repeatCount=0, eventTime=136727, downTime=136727, deviceId=-1, source=0x101 }
W/ViewRootImpl( 1586): Cancelling event due to no window focus: KeyEvent { action=ACTION_UP, keyCode=KEYCODE_DPAD_UP, scanCode=0, metaState=0, flags=0x28, repeatCount=0, eventTime=136727, downTime=136727, deviceId=-1, source=0x101 }
I/ActivityManager(  738): START u0 {cmp=com.zzl.falcon.internal/com.zzl.falcon.WebViewActivity (has extras)} from uid 10074 on display 0
V/WindowManager(  738): addAppToken: AppWindowToken{a49e1a2 token=Token{7cf616d ActivityRecord{2d7d2584 u0 com.zzl.falcon.internal/com.zzl.falcon.WebViewActivity t312}}} to stack=1 task=312 at 2
E/com.umeng.message.UTrack( 1586): RegistrationId is empty
E/com.umeng.message.UTrack( 1586): RegistrationId is empty
D/com.umeng.message.UmengMessageCallbackHandlerService( 1586): processName=com.zzl.falcon.internal
D/com.umeng.message.UmengMessageCallbackHandlerService( 1586): enable()-->status:true
I/AppiumUnicodeIME(  916): onFinishInput
I/AppiumUnicodeIME(  916): onStartInput
W/ActivityManager(  738): Activity pause timeout for ActivityRecord{36bcfcc0 u0 com.zzl.falcon.internal/com.zzl.falcon.MainActivity t312}
D/OkHttp  ( 1586): --> POST http://116.236.220.210:8084/appFixation/appFixationList?page=1&rows=10&sortField=default&sortType=asc&version=3 http/1.1
D/OkHttp  ( 1586): Content-Length: 0
D/OkHttp  ( 1586): RC-Bel-Key: bel.zhiwang.zzl
D/OkHttp  ( 1586): RC-Timestamp: 1512794384
D/OkHttp  ( 1586): RC-Nonce: 662167af-cf23-4590-9f1a-e5fd008b96f5
D/OkHttp  ( 1586): RC-Signature: 2a80799eb8bdfedaacf462d73267dc05baa717e1
D/OkHttp  ( 1586): osType: Android
D/OkHttp  ( 1586): version: 2.4.1
D/OkHttp  ( 1586): --> END POST (0-byte body)
I/Choreographer( 1586): Skipped 30 frames!  The application may be doing too much work on its main thread.
V/WebViewChromiumFactoryProvider( 1586): Binding Chromium to main looper Looper (main, tid 1) {364a8718}
I/LibraryLoader( 1586): Expected native library version number "",actual native library version number ""
I/chromium( 1586): [INFO:library_loader_hooks.cc(104)] Chromium logging enabled: level = 0, default verbosity = 0
I/BrowserStartupController( 1586): Initializing chromium process, singleProcess=true
W/art     ( 1586): Attempt to remove local handle scope entry from IRT, ignoring
D/OkHttp  ( 1586): <-- 200 OK http://116.236.220.210:8084/appFixation/appFixationList?page=1&rows=10&sortField=default&sortType=asc&version=3 (77ms)
D/OkHttp  ( 1586): Server: Apache-Coyote/1.1
D/OkHttp  ( 1586): Set-Cookie: JSESSIONID=79F29F79233D9FA695C79976C42DE415; Path=/; HttpOnly
D/OkHttp  ( 1586): Content-Type: application/json;charset=utf-8
D/OkHttp  ( 1586): Content-Length: 7399
D/OkHttp  ( 1586): Date: Sat, 09 Dec 2017 04:39:44 GMT
D/OkHttp  ( 1586): {"total":"441","data":[{"matureTime":"2017-12-09 09:28:04","hasInvestAmt":5151.0000,"orderNumber":"6_0818171353171083","rateDown":6.00,"investManageRate":0.37500000,"rateUp":12.00,"limitTime":"","remainingAmount":0.0000,"rate":8.70,"left_periods":180,"onlineTime":"2017-12-06 09:28:37","periods":6,"payment":2,"id":"2c908a885df47556015df4b3b31500e0","proName":"6","prdTypeName":"","stepAmount":1000.00,"fullScaleCount":"6","expireTime":"2017-12-06 15:29:19","createTime":"2017-08-18 17:36:43","tradeStatus":3,"progress":100.00,"bgPeriodsType":1,"contractMoney":5151.0000,"realyRate":8.70,"restAmt":0.0000,"desc":""},{"matureTime":"2017-10-29 09:01:01","hasInvestAmt":1128.0000,"orderNumber":"3_1026090020170161","rateDown":6.00,"investManageRate":0.66500000,"rateUp":12.00,"limitTime":"","remainingAmount":0.0000,"rate":5.22,"left_periods":90,"onlineTime":"2017-10-26 09:01:35","periods":3,"payment":2,"id":"2c908a885f528ba5015f5631becb014f","proName":"3","prdTypeName":"","stepAmount":1000.00,"fullScaleCount":"2","expireTime":"2017-10-28 10:54:36","createTime":"2017-10-26 09:00:21","tradeStatus":3,"progress":100.00,"bgPeriodsType":1,"contractMoney":1128.0000,"realyRate":5.22,"restAmt":0.0000,"desc":"3"},{"matureTime":"2017-10-13 15:01:20","hasInvestAmt":19057.0000,"orderNumber":"3_1010150146172077","rateDown":6.00,"investManageRate":0.66500000,"rateUp":12.00,"limitTime":"","remainingAmount":0.0000,"rate":5.22,"left_periods":90,"onlineTime":"2017-10-10 15:01:57","periods":3,"payment":2,"id":"2c908a885f04cd56015f0516e67f035d","proName":"3","prdTypeName":"","stepAmount":1000.00,"fullScaleCount":"2","expireTime":"2017-10-11 10:13:28","createTime":"2017-10-10 15:01:47","tradeStatus":3,"progress":100.00,"bgPeriodsType":1,"contractMoney":19057.0000,"realyRate":5.22,"restAmt":0.0000,"desc":"3"},{"matureTime":"2017-09-24 16:58:10","hasInvestAmt":13058.0000,"orderNumber":"_0921165625174378","rateDown":6.00,"investManageRate":0.10000000,"rateUp":12.00,"limitTime":"","remainingAmount":0.0000,"rate":10.80,"left_periods":90,"onlineTime":"2017-09-21 16:58:52","periods":3,"payment":2,"id":"402897385ea3832a015ea3a911f80022","proName":"","prdTypeName":"","stepAmount":100.00,"fullScaleCount":"2","expireTime":"2017-09-21 16:59:21","createTime":"2017-09-21 16:58:39","tradeStatus":3,"progress":100.00,"bgPeriodsType":1,"contractMoney":13058.0000,"realyRate":10.80,"restAmt":0.0000,"desc":""},{"matureTime":"2017-09-04 11:46:46","hasInvestAmt":38630.0000,"orderNumber":"6_0901114317175328","rateDown":6.00,"investManageRate":0.37500000,"rateUp":12.00,"limitTime":"","remainingAmount":0.0000,"rate":8.70,"left_periods":180,"onlineTime":"2017-09-01 11:45:08","periods":6,"payment":2,"id":"2c908a885e2b95bd015e3b8a5cb1212a","proName":"6","prdTypeName":"","stepAmount":1000.00,"fullScaleCount":"2","expireTime":"2017-09-01 16:11:15","createTime":"2017-09-01 11:44:37","tradeStatus":3,"progress":100.00,"bgPeriodsType":1,"contractMoney":38630.0000,"realyRate":8.70,"restAmt":0.0000,"desc":""},{"matureTime":"2017-12-08 15:34:30","hasInvestAmt":15000.0000,"orderNumber":"3_1205153447175015","rateDown":6.00,"investManageRate":0.66500000,"rateUp":12.00,"limitTime":"","remainingAmount":0.0000,"loanTime":"2017-12-05 15:35:22","rate":5.22,"left_periods":90,"repaymentDate":"2018-03-05"
D/OkHttp  ( 1586): ":"3_1205151058176776","rateDown":6.00,"investManageRate":0.66500000,"rateUp":12.00,"limitTime":"","remainingAmount":0.0000,"loanTime":"2017-12-05 15:24:53","rate":5.22,"left_periods":90,"repaymentDate":"2018-03-05","onlineTime":"2017-12-05 15:24:01","periods":3,"payment":2,"id":"2c908a886024d4a9016025833f790049","proName":"3","prdTypeName":"","stepAmount":1000.00,"fullScaleCount":"1","expireTime":"2017-12-05 15:24:53","createTime":"2017-12-05 15:10:46","tradeStatus":1,"progress":100.00,"bgPeriodsType":1,"contractMoney":8000.0000,"realyRate":5.22,"restAmt":0.0000,"desc":"3"},{"matureTime":"2017-12-08 14:50:26","hasInvestAmt":38711.0000,"orderNumber":"3_1205113609170700","rateDown":6.00,"investManageRate":0.66500000,"rateUp":12.00,"limitTime":"","remainingAmount":0.0000,"loanTime":"2017-12-05 14:53:40","rate":5.22,"left_periods":90,"repaymentDate":"2018-03-05","onlineTime":"2017-12-05 14:51:00","periods":3,"payment":2,"id":"2c908a8860216ca2016024bec85f020b","proName":"3","prdTypeName":"","stepAmount":1000.00,"fullScaleCount":"3","expireTime":"2017-12-05 14:53:40","createTime":"2017-12-05 11:36:11","tradeStatus":1,"progress":100.00,"bgPeriodsType":1,"contractMoney":38711.0000,"realyRate":5.22,"restAmt":0.0000,"desc":"3"},{"matureTime":"2017-12-08 09:14:18","hasInvestAmt":1005.0000,"orderNumber":"3_1204152045175854","rateDown":6.00,"investManageRate":0.66500000,"rateUp":12.00,"limitTime":"","remainingAmount":0.0000,"loanTime":"2017-12-05 18:45:31","rate":5.22,"left_periods":90,"repaymentDate":"2018-03-05","onlineTime":"2017-12-05 09:14:51","periods":3,"payment":2,"id":"2c908a88601f75b001602065dc22014e","proName":"3","prdTypeName":"","stepAmount":1000.00,"fullScaleCount":"1","expireTime":"2017-12-05 18:45:31","createTime":"2017-12-04 15:20:34","tradeStatus":1,"progress":100.00,"bgPeriodsType":1,"contractMoney":1005.0000,"realyRate":5.22,"restAmt":0.0000,"desc":"3"},{"matureTime":"2017-12-07 16:16:27","hasInvestAmt":2245.0000,"orderNumber":"3_1204152054177224","rateDown":6.00,"investManageRate":0.66500000,"rateUp":12.00,"limitTime":"","remainingAmount":0.0000,"loanTime":"2017-12-04 16:23:39","rate":5.22,"left_periods":90,"repaymentDate":"2018-03-04","onlineTime":"2017-12-04 16:17:00","periods":3,"payment":2,"id":"2c908a88601f75b001602065fd65014f","proName":"3","prdTypeName":"","stepAmount":1000.00,"fullScaleCount":"3","expireTime":"2017-12-04 16:23:39","createTime":"2017-12-04 15:20:43","tradeStatus":1,"progress":100.00,"bgPeriodsType":1,"contractMoney":2245.0000,"realyRate":5.22,"restAmt":0.0000,"desc":"3"}],"responseCode":"1","info":""}
D/OkHttp  ( 1586): <-- END HTTP (7399-byte body)
W/AudioManagerAndroid( 1586): Requires BLUETOOTH permission
W/chromium( 1586): [WARNING:resource_bundle.cc(304)] locale_file_path.empty()
I/chromium( 1586): [INFO:aw_browser_main_parts.cc(65)] Load from apk succesful, fd=62 off=46184 len=3037
I/chromium( 1586): [INFO:aw_browser_main_parts.cc(78)] Loading webviewchromium.pak from, fd:63 off:229484 len:1089587
W/chromium( 1586): [WARNING:mailbox_synchronizer.cc(41)] MailboxSync not supported due to missing EGL image/fence support
W/chromium( 1586): [WARNING:data_reduction_proxy_settings.cc(331)] SPDY proxy OFF at startup
D/accs.AdapterUtilityImpl( 1482):  getAppkey APPKEY:umeng:585b4a88766613539b00000e
I/accs.InAppConnection( 1482):  mTryStartServiceRunable bindapp
D/accs.ACCSManagerImpl( 1482):  bindApp APPKEY:umeng:585b4a88766613539b00000e
D/accs.AdapterUtilityImpl( 1482):  getAppkey APPKEY:umeng:585b4a88766613539b00000e
D/accs.UtilityImpl( 1482):  enableService,comptName=ComponentInfo{com.zzl.itoube/com.taobao.accs.ChannelService}
I/awcn.HMacUtil( 1482):  hmacSha1Hex result:1199264d26887d4f303ea19848d7336ba288bd1ac26bdb13dcbdab8ec348ad72
I/awcn.SessionCenter( 1482):  setDataReceiveCb AccsFrameCb:com.taobao.accs.net.i@14d739cc
I/awcn.SessionCenter( 1482):  sessions:0
I/awcn.SessionCenter( 1482):  sessions:0
I/awcn.SessionCenter( 1482):  sessions:0
I/awcn.SessionCenter( 1482):  sessions:0
D/accs.InAppConnection( 1482):  1 start
I/accs.ClientManager( 1482):  isAppBinded begin..appStatus=2,mBindStatus={com.zzl.itoube=2}
I/accs.ACCSManagerImpl( 1482):  com.zzl.itoube isAppBinded
D/accs.MessageHandler( 1482):  onResult command:1 erorcode:200
D/accs.MessageHandler( 1482):  prepare send broadcast
D/accs.accs.BindAppStatistic( 1482):  eventId=66001;arg1=WajMPL/DZuUDAJwcljDKSIFW;arg2=null;arg3=212;args={push_token=, fail_reasons=null, device_id=WajMPL/DZuUDAJwcljDKSIFW, ret=y, bind_date=1512794384752}
D/accs.UTMini( 1482):  commitEvent fail java.lang.NoClassDefFoundError: Failed resolution of: Lcom/ut/mini/internal/UTOriginalCustomHitBuilder;
I/art     ( 1482): Rejecting re-init on previously-failed class java.lang.Class<com.taobao.accs.utl.h$a>
W/accs.ACCSManagerImpl( 1482):  no orange sdk
D/accs.MsgDistribute( 1482):  action:com.taobao.accs.intent.action.RECEIVE
I/accs.MsgDistribute( 1482):  command:1 serviceId:null dataId:null
I/accs.TaobaoRegister( 1482):  onBindApp errorCode:200
I/accs.ClientManager( 1482):  isAgooRegistered begin..appStatus=2,mAgooBindStatus={com.zzl.itoube=2}
I/accs.TaobaoRegister( 1482):  agoo aready Registered return 
I/accs.Config( 1482):  getDeviceToken token:AvK2f2Lf8S83dT8hgYznUosdG25v8_KcvsKirfX7dzct
I/com.umeng.message.PushAgent( 1482): register-->onSuccess:AvK2f2Lf8S83dT8hgYznUosdG25v8_KcvsKirfX7dzct
