--------- beginning of system
D/local_opengl(    0): Starting local_opengl
D/local_opengl(    0): Getting player version
I/Vold    (  350): Vold 2.1 (the revenge) firing up
--------- beginning of crash
F/libc    (  351): Fatal signal 6 (SIGABRT), code -6 in tid 351 (surfaceflinger)
I/DEBUG   (  121): *** *** *** *** *** *** *** *** *** *** *** *** *** *** *** ***
I/DEBUG   (  121): Build fingerprint: 'generic/vbox86p/vbox86p:5.1/LMY47D/genymotion03202140:userdebug/test-keys'
I/DEBUG   (  121): Revision: '0'
I/DEBUG   (  121): ABI: 'x86'
I/DEBUG   (  121): pid: 351, tid: 351, name: surfaceflinger  >>> /system/bin/surfaceflinger <<<
I/DEBUG   (  121): signal 6 (SIGABRT), code -6 (SI_TKILL), fault addr --------
I/DEBUG   (  121):     eax 00000000  ebx 0000015f  ecx 0000015f  edx 00000006
I/DEBUG   (  121):     esi f7723c48  edi 00000002
I/DEBUG   (  121):     xcs 00000023  xds 0000002b  xes 0000002b  xfs 00000003  xss 0000002b
I/DEBUG   (  121):     eip f763cf06  ebp 0000015f  esp ffeb2130  flags 00000282
I/DEBUG   (  121): 
I/DEBUG   (  121): backtrace:
I/DEBUG   (  121):     #00 pc 00074f06  /system/lib/libc.so (tgkill+22)
I/DEBUG   (  121):     #01 pc 000221ab  /system/lib/libc.so (pthread_kill+155)
I/DEBUG   (  121):     #02 pc 00023a24  /system/lib/libc.so (raise+36)
I/DEBUG   (  121):     #03 pc 0001be24  /system/lib/libc.so (abort+84)
I/DEBUG   (  121):     #04 pc 00031b25  /system/lib/libsurfaceflinger.so
I/DEBUG   (  121):     #05 pc 00020717  /system/lib/libsurfaceflinger.so (android::SurfaceFlinger::init()+199)
I/DEBUG   (  121):     #06 pc 00000b51  /system/bin/surfaceflinger
I/DEBUG   (  121):     #07 pc 00012fc4  /system/lib/libc.so (__libc_init+100)
I/DEBUG   (  121):     #08 pc 00000cd6  /system/bin/surfaceflinger
D/Genyd   (  118): Received Get Capabilities
D/Genyd   (  118): Received Get GenymotionVersion
D/Genymotion(  118): Received Get GenymotionVersion
D/Genyd   (  118): Received Set Clipboard
D/Genymotion(  118): Received Set Clipboard
D/Genyd   (  118): Received Set TokenValidity
D/Genymotion(  118): Received Set TokenValidity 0
I/InstallerConnection(  738): disconnecting...
I/SystemServer(  738): Entered the Android system server!
I/SystemServiceManager(  738): Starting com.android.server.pm.Installer
I/Installer(  738): Waiting for installd to be ready.
I/InstallerConnection(  738): connecting...
I/SystemServiceManager(  738): Starting com.android.server.am.ActivityManagerService$Lifecycle
I/ActivityManager(  738): Memory class: 96
I/ServiceThread(  738): Enabled StrictMode logging for ActivityManager looper.
I/IntentFirewall(  738): Read new rules (A:0 B:0 S:0)
I/ServiceThread(  738): Enabled StrictMode logging for android.ui looper.
I/ServiceThread(  738): Enabled StrictMode logging for android.display looper.
D/AppOps  (  738): AppOpsService published
I/SystemServiceManager(  738): Starting com.android.server.power.PowerManagerService
I/ServiceThread(  738): Enabled StrictMode logging for PowerManagerService looper.
I/SystemServiceManager(  738): Starting com.android.server.display.DisplayManagerService
I/SystemServiceManager(  738): Starting phase 100
I/genymotion_audio(  488): Starting pcm server
I/genymotion_audio(  488): out sampling rate 44100
I/DisplayManagerService(  738): Display device added: DisplayDeviceInfo{"Built-in Screen": uniqueId="local:0", 768 x 1280, 60.000004 fps, supportedRefreshRates [60.000004], density 320, 320.0 x 320.0 dpi, appVsyncOff 0, presDeadline 17666666, touch INTERNAL, rotation 0, type BUILT_IN, state UNKNOWN, FLAG_DEFAULT_DISPLAY, FLAG_ROTATES_WITH_CONTENT, FLAG_SECURE, FLAG_SUPPORTS_PROTECTED_BUFFERS}
I/SystemServer(  738): Package Manager
W/SystemConfig(  738): No directory /system/etc/sysconfig, skipping
D/SELinuxMMAC(  738): Using policy file /system/etc/security/mac_permissions.xml
W/PackageManager(  738): Failed to parse /system/framework/x86: Missing base APK in /system/framework/x86
W/PackageParser(  738): No actions in intent filter at /system/priv-app/Contacts/Contacts.apk Binary XML file line #356
W/PackageParser(  738): No actions in intent filter at /system/priv-app/Dialer/Dialer.apk Binary XML file line #166
D/Sensors (  738): Client connection accepted (53)
W/PackageParser(  738): Unknown element under <intent-filter>: android at /system/priv-app/Telecom/Telecom.apk Binary XML file line #232
W/PackageParser(  738): No actions in intent filter at /system/app/Bluetooth/Bluetooth.apk Binary XML file line #209
W/PackageParser(  738): No actions in intent filter at /system/app/CMFileManager/CMFileManager.apk Binary XML file line #127
W/PackageParser(  738): Unknown element under <application>: permission at /system/app/Gallery2/Gallery2.apk Binary XML file line #242
W/PackageParser(  738): Unknown element under <application>: permission at /system/app/Gallery2/Gallery2.apk Binary XML file line #245
W/PackageParser(  738): No actions in intent filter at /data/app/ApiDemos/ApiDemos.apk Binary XML file line #3027
W/PackageParser(  738): No actions in intent filter at /data/app/ApiDemos/ApiDemos.apk Binary XML file line #3033
W/PackageManager(  738): Package com.example.android.apis desires unavailable shared library com.example.will.never.exist; ignoring!
I/PackageParser(  738): io.appium.settings: compat added android.permission.WRITE_EXTERNAL_STORAGE
W/PackageManager(  738): Package com.android.gallery3d desires unavailable shared library com.google.android.media.effects; ignoring!
W/PackageManager(  738): Package com.android.gallery3d desires unavailable shared library com.google.android.media.effects; ignoring!
W/PackageManager(  738): Package com.example.android.apis desires unavailable shared library com.example.will.never.exist; ignoring!
I/PackageManager(  738): Adjusting ABI for : com.android.inputdevices to x86
I/PackageManager(  738): Adjusting ABI for : com.android.providers.settings to x86
I/PackageManager(  738): Adjusting ABI for : com.genymotion.superuser to x86
I/PackageManager(  738): Adjusting ABI for : com.android.keychain to x86
I/PackageManager(  738): Adjusting ABI for : com.android.server.telecom to x86
I/PackageManager(  738): Adjusting ABI for : com.android.location.fused to x86
I/PackageManager(  738): Adjusting ABI for : com.android.settings to x86
I/PackageManager(  738): Time to scan packages: 2.153 seconds
W/PackageManager(  738): Not granting permission android.permission.UPDATE_DEVICE_STATS to package io.appium.settings (protectionLevel=18 flags=0x8446)
W/PackageManager(  738): Not granting permission android.permission.MODIFY_PHONE_STATE to package io.appium.settings (protectionLevel=18 flags=0x8446)
W/PackageManager(  738): Not granting permission android.permission.WRITE_SECURE_SETTINGS to package io.appium.settings (protectionLevel=50 flags=0x8446)
W/PackageManager(  738): Unknown permission android.permission.USE_FINGERPRINT in package com.zzl.falcon.internal
W/PackageManager(  738): Unknown permission android.permission.BROADCAST_PACKAGE_ADDED in package com.zzl.falcon.internal
W/PackageManager(  738): Unknown permission android.permission.BROADCAST_PACKAGE_CHANGED in package com.zzl.falcon.internal
W/PackageManager(  738): Unknown permission android.permission.BROADCAST_PACKAGE_INSTALL in package com.zzl.falcon.internal
W/PackageManager(  738): Unknown permission android.permission.BROADCAST_PACKAGE_REPLACED in package com.zzl.falcon.internal
W/PackageManager(  738): Unknown permission com.google.android.googleapps.permission.GOOGLE_AUTH in package com.android.providers.calendar
W/PackageManager(  738): Unknown permission com.google.android.googleapps.permission.GOOGLE_AUTH.cl in package com.android.providers.calendar
W/PackageManager(  738): Not granting permission android.permission.GLOBAL_SEARCH to package com.android.quicksearchbox (protectionLevel=18 flags=0x8be45)
W/PackageManager(  738): Not granting permission android.permission.ACCESS_DOWNLOAD_MANAGER to package com.android.browser (protectionLevel=18 flags=0x9be45)
W/PackageManager(  738): Not granting permission android.permission.SEND_DOWNLOAD_COMPLETED_INTENTS to package com.android.browser (protectionLevel=2 flags=0x9be45)
W/PackageManager(  738): Not granting permission android.permission.BIND_WALLPAPER to package com.android.camera2 (protectionLevel=18 flags=0x58bc45)
W/PackageManager(  738): Unknown permission android.permission.INSTALL_DRM in package com.android.mms
W/PackageManager(  738): Not granting permission android.permission.BIND_APPWIDGET to package com.android.launcher3 (protectionLevel=18 flags=0x483e45)
W/PackageManager(  738): Unknown permission com.android.launcher.permission.READ_SETTINGS in package com.android.launcher3
W/PackageManager(  738): Unknown permission com.android.launcher.permission.WRITE_SETTINGS in package com.android.launcher3
W/PackageManager(  738): Unknown permission com.google.android.googleapps.permission.GOOGLE_AUTH.mail in package com.android.calendar
W/PackageManager(  738): Unknown permission android.permission.BROADCAST_PACKAGE_ADDED in package com.zzl.itoube
W/PackageManager(  738): Unknown permission android.permission.BROADCAST_PACKAGE_CHANGED in package com.zzl.itoube
W/PackageManager(  738): Unknown permission android.permission.BROADCAST_PACKAGE_INSTALL in package com.zzl.itoube
W/PackageManager(  738): Unknown permission android.permission.BROADCAST_PACKAGE_REPLACED in package com.zzl.itoube
W/PackageManager(  738): Unknown permission com.android.launcher.permission.READ_SETTINGS in package com.android.onetimeinitializer
W/PackageManager(  738): Unknown permission com.android.launcher.permission.WRITE_SETTINGS in package com.android.onetimeinitializer
W/PackageManager(  738): Not granting permission android.permission.DELETE_PACKAGES to package com.svox.pico (protectionLevel=18 flags=0x8be45)
W/PackageManager(  738): Unknown permission com.cyanogenmod.filemanager.permissions.READ_THEME in package com.cyanogenmod.filemanager
W/PackageManager(  738): Unknown permission com.google.android.gallery3d.permission.PICASA_STORE in package com.android.dreams.phototable
W/PackageManager(  738): Unknown permission com.google.android.googleapps.permission.GOOGLE_AUTH in package com.android.settings
W/PackageManager(  738): Unknown permission com.android.launcher.permission.READ_SETTINGS in package com.android.settings
W/PackageManager(  738): Unknown permission com.android.launcher.permission.WRITE_SETTINGS in package com.android.settings
W/PackageManager(  738): Not granting permission android.permission.DEVICE_POWER to package com.android.deskclock (protectionLevel=2 flags=0x48be45)
W/PackageManager(  738): Unknown permission com.google.android.gallery3d.permission.GALLERY_PROVIDER in package com.android.bluetooth
W/PackageManager(  738): Unknown permission com.google.android.googleapps.permission.ACCESS_GOOGLE_PASSWORD in package com.android.development
W/PackageManager(  738): Unknown permission com.google.android.googleapps.permission.GOOGLE_AUTH in package com.android.development
W/PackageManager(  738): Unknown permission com.google.android.googleapps.permission.GOOGLE_AUTH.ALL_SERVICES in package com.android.development
W/PackageManager(  738): Unknown permission com.google.android.googleapps.permission.GOOGLE_AUTH.YouTubeUser in package com.android.development
I/SystemServer(  738): User Service
I/SystemServiceManager(  738): Starting com.android.server.lights.LightsService
I/SystemServiceManager(  738): Starting com.android.server.BatteryService
I/SystemServiceManager(  738): Starting com.android.server.usage.UsageStatsService
I/SystemServiceManager(  738): Starting com.android.server.webkit.WebViewUpdateService
I/SystemServer(  738): Reading configuration...
I/SystemServer(  738): Scheduling Policy
I/SystemServiceManager(  738): Starting com.android.server.telecom.TelecomLoaderService
I/SystemServer(  738): Telephony Registry
I/SystemServer(  738): Entropy Mixer
I/EntropyMixer(  738): Writing entropy...
I/SystemServer(  738): Account Manager
I/SystemServer(  738): Content Manager
I/SystemServer(  738): System Content Providers
I/SystemServer(  738): Vibrator Service
I/SystemServer(  738): Consumer IR Service
I/SystemServiceManager(  738): Starting com.android.server.AlarmManagerService
I/SystemServer(  738): Init Watchdog
I/SystemServer(  738): Input Manager
I/InputManager(  738): Initializing input manager, mUseDevInputEventForAudioJack=false
I/SystemServer(  738): Window Manager
I/WindowManager(  738): No existing display settings /data/system/display_settings.xml; starting empty
I/InputManager(  738): Starting input manager
I/SystemServer(  738): No Bluetooh Service (emulator)
I/SystemServer(  738): Input Method Service
W/InputMethodManagerService(  738): Couldn't create dir.: /data/system/inputmethod
I/SystemServer(  738): Accessibility Manager
I/ActivityManager(  738): Config changes=1df8 {1.0 ?mcc?mnc en_US ?layoutDir sw384dp w384dp h640dp 320dpi nrml long port ?uimode ?night -touch -keyb/v/h -nav/h s.2}
I/ActivityManager(  738): Config changes=500 {1.0 ?mcc?mnc en_US ?layoutDir sw384dp w384dp h567dp 320dpi nrml port ?uimode ?night -touch -keyb/v/h -nav/h s.3}
I/SystemServer(  738): Mount Service
D/MountService(  738): got storage path: /mnt/sdcard description: Internal storage primary: true removable: false emulated: true mtpReserve: 100 allowMassStorage: false maxFileSize: 0
D/MountService(  738): addVolumeLocked() StorageVolume:
D/MountService(  738):     mStorageId=65537 mPath=/storage/emulated/0 mDescriptionId=17040805 
D/MountService(  738):     mPrimary=true mRemovable=false mEmulated=true mMtpReserveSpace=100 
D/MountService(  738):     mAllowMassStorage=false mMaxFileSize=0 mOwner=UserHandle{0} mUuid=null 
D/MountService(  738):     mUserLabel=null mState=null 
I/SystemServer(  738): LockSettingsService
I/UsageStatsService(  738): User[0] Rollover scheduled @ 2017-12-08 19:00:00(1512777600000)
I/UsageStatsService(  738): User[0] Rolling over usage stats
I/UsageStatsService(  738): User[0] Flushing usage stats to disk
I/SystemServiceManager(  738): Starting com.android.server.devicepolicy.DevicePolicyManagerService$Lifecycle
I/SystemServer(  738): Status Bar
I/SystemServer(  738): Clipboard Service
I/SystemServer(  738): NetworkManagement Service
I/UsageStatsService(  738): User[0] Rollover scheduled @ 2017-12-09 19:00:00(1512864000000)
I/UsageStatsService(  738): User[0] Rolling over usage stats complete. Took 38 milliseconds
I/SystemServer(  738): Text Service Manager Service
W/PackageManager(  738): Not granting permission android.permission.UPDATE_DEVICE_STATS to package io.appium.settings (protectionLevel=18 flags=0x8446)
W/PackageManager(  738): Not granting permission android.permission.MODIFY_PHONE_STATE to package io.appium.settings (protectionLevel=18 flags=0x8446)
W/PackageManager(  738): Not granting permission android.permission.WRITE_SECURE_SETTINGS to package io.appium.settings (protectionLevel=50 flags=0x8446)
W/PackageManager(  738): Unknown permission android.permission.USE_FINGERPRINT in package com.zzl.falcon.internal
W/PackageManager(  738): Unknown permission android.permission.BROADCAST_PACKAGE_ADDED in package com.zzl.falcon.internal
W/PackageManager(  738): Unknown permission android.permission.BROADCAST_PACKAGE_CHANGED in package com.zzl.falcon.internal
W/PackageManager(  738): Unknown permission android.permission.BROADCAST_PACKAGE_INSTALL in package com.zzl.falcon.internal
W/PackageManager(  738): Unknown permission android.permission.BROADCAST_PACKAGE_REPLACED in package com.zzl.falcon.internal
W/PackageManager(  738): Unknown permission com.google.android.googleapps.permission.GOOGLE_AUTH in package com.android.providers.calendar
W/PackageManager(  738): Unknown permission com.google.android.googleapps.permission.GOOGLE_AUTH.cl in package com.android.providers.calendar
W/PackageManager(  738): Not granting permission android.permission.GLOBAL_SEARCH to package com.android.quicksearchbox (protectionLevel=18 flags=0x8be45)
W/PackageManager(  738): Not granting permission android.permission.ACCESS_DOWNLOAD_MANAGER to package com.android.browser (protectionLevel=18 flags=0x9be45)
W/PackageManager(  738): Not granting permission android.permission.SEND_DOWNLOAD_COMPLETED_INTENTS to package com.android.browser (protectionLevel=2 flags=0x9be45)
W/PackageManager(  738): Not granting permission android.permission.BIND_WALLPAPER to package com.android.camera2 (protectionLevel=18 flags=0x58bc45)
W/PackageManager(  738): Unknown permission android.permission.INSTALL_DRM in package com.android.mms
W/PackageManager(  738): Not granting permission android.permission.BIND_APPWIDGET to package com.android.launcher3 (protectionLevel=18 flags=0x483e45)
W/PackageManager(  738): Unknown permission com.android.launcher.permission.READ_SETTINGS in package com.android.launcher3
W/PackageManager(  738): Unknown permission com.android.launcher.permission.WRITE_SETTINGS in package com.android.launcher3
W/PackageManager(  738): Unknown permission com.google.android.googleapps.permission.GOOGLE_AUTH.mail in package com.android.calendar
W/PackageManager(  738): Unknown permission android.permission.BROADCAST_PACKAGE_ADDED in package com.zzl.itoube
W/PackageManager(  738): Unknown permission android.permission.BROADCAST_PACKAGE_CHANGED in package com.zzl.itoube
W/PackageManager(  738): Unknown permission android.permission.BROADCAST_PACKAGE_INSTALL in package com.zzl.itoube
W/PackageManager(  738): Unknown permission android.permission.BROADCAST_PACKAGE_REPLACED in package com.zzl.itoube
W/PackageManager(  738): Unknown permission com.android.launcher.permission.READ_SETTINGS in package com.android.onetimeinitializer
W/PackageManager(  738): Unknown permission com.android.launcher.permission.WRITE_SETTINGS in package com.android.onetimeinitializer
W/PackageManager(  738): Not granting permission android.permission.DELETE_PACKAGES to package com.svox.pico (protectionLevel=18 flags=0x8be45)
W/PackageManager(  738): Unknown permission com.cyanogenmod.filemanager.permissions.READ_THEME in package com.cyanogenmod.filemanager
W/PackageManager(  738): Unknown permission com.google.android.gallery3d.permission.PICASA_STORE in package com.android.dreams.phototable
W/PackageManager(  738): Unknown permission com.google.android.googleapps.permission.GOOGLE_AUTH in package com.android.settings
W/PackageManager(  738): Unknown permission com.android.launcher.permission.READ_SETTINGS in package com.android.settings
W/PackageManager(  738): Unknown permission com.android.launcher.permission.WRITE_SETTINGS in package com.android.settings
W/PackageManager(  738): Not granting permission android.permission.DEVICE_POWER to package com.android.deskclock (protectionLevel=2 flags=0x48be45)
W/PackageManager(  738): Unknown permission com.google.android.gallery3d.permission.GALLERY_PROVIDER in package com.android.bluetooth
W/PackageManager(  738): Unknown permission com.google.android.googleapps.permission.ACCESS_GOOGLE_PASSWORD in package com.android.development
W/PackageManager(  738): Unknown permission com.google.android.googleapps.permission.GOOGLE_AUTH in package com.android.development
W/PackageManager(  738): Unknown permission com.google.android.googleapps.permission.GOOGLE_AUTH.ALL_SERVICES in package com.android.development
W/PackageManager(  738): Unknown permission com.google.android.googleapps.permission.GOOGLE_AUTH.YouTubeUser in package com.android.development
I/SystemServer(  738): Network Score Service
I/SystemServer(  738): NetworkStats Service
I/SystemServer(  738): NetworkPolicy Service
I/SystemServiceManager(  738): Starting com.android.server.wifi.p2p.WifiP2pService
I/ActivityManager(  738): Config changes=68 {1.0 ?mcc?mnc en_US ?layoutDir sw384dp w384dp h567dp 320dpi nrml port ?uimode ?night finger -keyb/v/h dpad/v s.4}
I/SystemServiceManager(  738): Starting com.android.server.wifi.WifiService
I/SystemServiceManager(  738): Starting com.android.server.wifi.WifiScanningService
I/SystemServiceManager(  738): Starting com.android.server.wifi.RttService
I/SystemServer(  738): Connectivity Service
D/ConnectivityService(  738): ConnectivityService starting up
D/ConnectivityService(  738): wifiOnly=false
I/SystemServer(  738): Network Service Discovery Service
D/NsdService(  738): Network service discovery enabled true
I/SystemServer(  738): UpdateLock Service
I/SystemServiceManager(  738): Starting com.android.server.notification.NotificationManagerService
D/ZenLog  (  738): set_zen_mode: no_interruptions,setting
D/ZenLog  (  738): update_zen_mode: off -> no_interruptions
I/SystemServiceManager(  738): Starting com.android.server.storage.DeviceStorageMonitorService
I/SystemServer(  738): Location Manager
I/SystemServer(  738): Country Detector
I/SystemServer(  738): Search Service
I/SystemServer(  738): DropBox Service
I/SystemServer(  738): Wallpaper Service
I/SystemServer(  738): Audio Service
I/SystemServiceManager(  738): Starting com.android.server.DockObserver
W/DockObserver(  738): This kernel does not have dock station support
I/SystemServer(  738): Wired Accessory Manager
W/WiredAccessoryManager(  738): This kernel does not have wired headset support
W/WiredAccessoryManager(  738): This kernel does not have usb audio support
W/WiredAccessoryManager(  738): This kernel does not have HDMI audio support
I/SystemServiceManager(  738): Starting com.android.server.usb.UsbService$Lifecycle
I/SystemServer(  738): Serial Service
I/SystemServiceManager(  738): Starting com.android.server.twilight.TwilightService
I/SystemServiceManager(  738): Starting com.android.server.UiModeManagerService
I/SystemServiceManager(  738): Starting com.android.server.job.JobSchedulerService
I/SystemServiceManager(  738): Starting com.android.server.backup.BackupManagerService$Lifecycle
I/SystemServiceManager(  738): Starting com.android.server.appwidget.AppWidgetService
I/SystemServiceManager(  738): Starting com.android.server.voiceinteraction.VoiceInteractionManagerService
W/SoundTriggerHelper(  738): listModules status=0, # of modules=0
I/SystemServer(  738): DiskStats Service
I/SystemServer(  738): SamplingProfiler Service
I/SystemServer(  738): NetworkTimeUpdateService
I/SystemServer(  738): CommonTimeManagementService
I/SystemServer(  738): CertBlacklister
I/SystemServiceManager(  738): Starting com.android.server.dreams.DreamManagerService
I/SystemServer(  738): Assets Atlas Service
I/SystemServiceManager(  738): Starting com.android.server.print.PrintManagerService
I/SystemServiceManager(  738): Starting com.android.server.restrictions.RestrictionsManagerService
I/SystemServiceManager(  738): Starting com.android.server.media.MediaSessionService
I/SystemServer(  738): Media Router Service
I/SystemServer(  738): Genyd Service
I/SystemServiceManager(  738): Starting com.android.server.trust.TrustManagerService
I/SystemServiceManager(  738): Starting com.android.server.fingerprint.FingerprintService
I/SystemServer(  738): BackgroundDexOptService
I/SystemServiceManager(  738): Starting com.android.server.pm.LauncherAppsService
I/SystemServiceManager(  738): Starting com.android.server.media.projection.MediaProjectionManagerService
I/SystemServiceManager(  738): Starting com.android.server.MmsServiceBroker
E/LockSettingsStorage(  738): Cannot read file java.io.FileNotFoundException: /data/system/password.key: open failed: ENOENT (No such file or directory)
E/LockSettingsStorage(  738): Cannot read file java.io.FileNotFoundException: /data/system/gesture.key: open failed: ENOENT (No such file or directory)
I/SystemServiceManager(  738): Starting phase 480
I/SystemServiceManager(  738): Starting phase 500
I/WifiService(  738): WifiService starting up with Wi-Fi enabled
D/WifiService(  738): setWifiEnabled: true pid=738, uid=1000
E/WifiService(  738): Invoking mWifiStateMachine.setWifiEnabled
D/WifiService(  738): New client listening to asynchronous messages
D/WifiScanningService(  738): New client, channel: null messenger: null
I/ActivityManager(  738): Config changes=200 {1.0 ?mcc?mnc en_US ?layoutDir sw384dp w384dp h567dp 320dpi nrml port finger -keyb/v/h dpad/v s.5}
V/BackupManagerService(  738): No ancestral data
D/BackupManagerService(  738): Now staging backup of com.android.browser
D/BackupManagerService(  738): Now staging backup of com.google.android.marvin.talkback
D/BackupManagerService(  738): Now staging backup of android
D/BackupManagerService(  738): Now staging backup of com.android.calendar
D/BackupManagerService(  738): Now staging backup of com.android.providers.settings
D/BackupManagerService(  738): Now staging backup of com.android.sharedstoragebackup
D/BackupManagerService(  738): Now staging backup of com.android.dialer
D/BackupManagerService(  738): Now staging backup of com.android.providers.userdictionary
V/BackupManagerService(  738): Starting with transport android/com.android.internal.backup.LocalTransport
V/BackupManagerService(  738): Found transports: 1
I/BackupManagerService(  738): Binding to transport host ComponentInfo{android/com.android.internal.backup.LocalTransportService}
I/BackupManagerService(  738): Found stale backup journal, scheduling
I/DisplayManagerService(  738): Display device changed: DisplayDeviceInfo{"Built-in Screen": uniqueId="local:0", 768 x 1280, 60.000004 fps, supportedRefreshRates [60.000004], density 320, 320.0 x 320.0 dpi, appVsyncOff 0, presDeadline 17666666, touch INTERNAL, rotation 0, type BUILT_IN, state ON, FLAG_DEFAULT_DISPLAY, FLAG_ROTATES_WITH_CONTENT, FLAG_SECURE, FLAG_SUPPORTS_PROTECTED_BUFFERS}
I/AppOps  (  738): Pruning old package media/1013: new uid=-1
I/ActivityManager(  738): System now ready
I/SystemServer(  738): Making services ready
I/SystemServiceManager(  738): Starting phase 550
I/SystemServer(  738): WebViewFactory preparation
E/libprocessgroup(  843): failed to make and chown /acct/uid_1037: Read-only file system
I/ActivityManager(  738): Start proc 843:WebViewLoader-x86/1037 [android.webkit.WebViewFactory$RelroFileCreator] for 
E/libprocessgroup(  861): failed to make and chown /acct/uid_10013: Read-only file system
I/ActivityManager(  738): Start proc 861:com.android.systemui/u0a13 for service com.android.systemui/.SystemUIService
D/NetworkManagementService(  738): not enabling bandwidth control
W/MountService(  738): Duplicate state transition (mounted -> mounted) for /storage/emulated/0
W/NetworkStats(  738): bandwidth controls disabled, unable to track stats
W/NetworkPolicy(  738): bandwidth controls disabled, unable to enforce policy
I/SystemServiceManager(  738): Starting phase 600
I/BackupManagerService(  738): Backup enabled => false
I/BackupManagerService(  738): Opting out of backup
E/InputMethodManagerService(  738): Ignoring setImeWindowStatus due to an invalid token. uid:1000 token:null
E/libprocessgroup(  916): failed to make and chown /acct/uid_10059: Read-only file system
I/ActivityManager(  738): Start proc 916:io.appium.android.ime/u0a59 for service io.appium.android.ime/.UnicodeIME
V/InputMethodManagerService(  738): Adding window token: android.os.Binder@3f0d8472
V/FingerprintService(  738): startListening(android.service.fingerprint.IFingerprintServiceReceiver$Stub$Proxy@166bee22)
W/LocationManagerService(  738): no network location provider found
E/LocationManagerService(  738): no geocoder provider found
E/LocationManagerService(  738): FLP HAL not supported
E/LocationManagerService(  738): Unable to bind FLP Geofence proxy.
E/LocationManagerService(  738): Hardware Activity-Recognition not supported.
I/MmsServiceBroker(  738): Delay connecting to MmsService until an API is called
W/VoiceInteractionManagerService(  738): no available voice interaction services found for user 0
W/VoiceInteractionManagerService(  738): no available voice recognition services found for user 0
E/libprocessgroup(  986): failed to make and chown /acct/uid_1001: Read-only file system
I/ActivityManager(  738): Start proc 986:com.android.phone/1001 for added application com.android.phone
I/ActivityManager(  738): START u0 {act=android.intent.action.MAIN cat=[android.intent.category.HOME] flg=0x10000000 cmp=com.android.launcher3/.Launcher} from uid 0 on display 0
V/WindowManager(  738): addAppToken: AppWindowToken{2f356860 token=Token{10b9f463 ActivityRecord{2eb6f292 u0 com.android.launcher3/.Launcher t310}}} to stack=0 task=310 at 0
E/libprocessgroup( 1012): failed to make and chown /acct/uid_10039: Read-only file system
I/ActivityManager(  738): Start proc 1012:com.android.launcher3/u0a39 for activity com.android.launcher3/.Launcher
I/SystemServer(  738): Enabled StrictMode for system server main thread.
V/ActivityManager(  738): Display changed displayId=0
V/ActivityManager(  738): Display changed displayId=0
V/ActivityManager(  738): Display changed displayId=0
E/libprocessgroup( 1053): failed to make and chown /acct/uid_10050: Read-only file system
I/ActivityManager(  738): Start proc 1053:com.android.printspooler/u0a50 for service com.android.printspooler/.model.PrintSpoolerService
V/ActivityManager(  738): Display changed displayId=0
I/Telecom (  738): TelecomGlobals: TelecomGlobals initializing
E/libprocessgroup( 1124): failed to make and chown /acct/uid_10002: Read-only file system
I/ActivityManager(  738): Start proc 1124:android.process.acore/u0a2 for content provider com.android.providers.contacts/.CallLogProvider
I/Telecom (  738): TelecomGlobals: CallsManager initialized
D/ZenLog  (  738): downtime: Autotrigger skipped: already in zen
W/ResourcesManager(  738): Asset path '/system/framework/com.android.location.provider.jar' does not exist or contains no resources.
V/WiredAccessoryManager(  738): init()
D/ConnectivityService(  738): registerNetworkAgent NetworkAgentInfo{ ni{[type: WIFI[], state: CONNECTING/CONNECTING, reason: (unspecified), extra: 0x, roaming: false, failover: false, isAvailable: true, isConnectedToProvisioningNetwork: false]}  network{null}  lp{{LinkAddresses: []  Routes: [] DnsAddresses: [] Domains: null MTU: 0 TcpBufferSizes: 524288,1048576,2097152,262144,524288,1048576}}  nc{[ Transports: WIFI Capabilities: INTERNET&NOT_RESTRICTED&TRUSTED&NOT_VPN LinkUpBandwidth>=1048576Kbps LinkDnBandwidth>=1048576Kbps]}  Score{20}  everValidated{false}  lastValidated{false}  created{false}  explicitlySelected{false} }
D/ConnectivityService(  738): NetworkAgentInfo [WIFI () - 100] EVENT_NETWORK_INFO_CHANGED, going from null to CONNECTING
V/ActivityManager(  738): Display changed displayId=0
V/BackupManagerService(  738): Connected to transport ComponentInfo{android/com.android.internal.backup.LocalTransportService}
V/BackupManagerService(  738): Registering transport android/com.android.internal.backup.LocalTransportService::android/com.android.internal.backup.LocalTransport = android.app.backup.BackupTransport$TransportImpl@206a5af1
E/libprocessgroup( 1206): failed to make and chown /acct/uid_10042: Read-only file system
I/ActivityManager(  738): Start proc 1206:com.android.music/u0a42 for broadcast com.android.music/.MediaButtonIntentReceiver
E/libprocessgroup( 1243): failed to make and chown /acct/uid_10055: Read-only file system
I/ActivityManager(  738): Start proc 1243:com.android.smspush/u0a55 for service com.android.smspush/.WapPushManager
V/WindowManager(  738): Based on layer: Adding window Window{259ee922 u0 com.android.launcher3/com.android.launcher3.Launcher} at 0 of 2
E/ConnectivityService(  738): Failed to find Messenger in unregisterNetworkFactory
D/ConnectivityService(  738): Got NetworkFactory Messenger for Telephony
D/ConnectivityService(  738): Ignoring this network
E/libprocessgroup( 1294): failed to make and chown /acct/uid_10005: Read-only file system
I/ActivityManager(  738): Start proc 1294:android.process.media/u0a5 for content provider com.android.providers.media/.MediaProvider
D/ConnectivityService(  738): NetworkAgentInfo [WIFI () - 100] EVENT_NETWORK_INFO_CHANGED, going from CONNECTING to CONNECTED
D/ConnectivityService(  738): Adding iface eth1 to network 100
I/StatusBarManagerService(  738): registerStatusBar bar=com.android.internal.statusbar.IStatusBar$Stub$Proxy@341a0ba3
E/ConnectivityService(  738): Unexpected mtu value: 0, eth1
D/ConnectivityService(  738): Adding Route [fe80::/64 -> :: eth1] to network 100
D/ConnectivityService(  738): Adding Route [10.0.3.0/24 -> 0.0.0.0 eth1] to network 100
D/ConnectivityService(  738): Adding Route [0.0.0.0/0 -> 10.0.3.2 eth1] to network 100
D/ConnectivityService(  738): Setting Dns servers for network 100 to [/172.17.0.2]
D/ConnectivityService(  738): notifyType IP_CHANGED for NetworkAgentInfo [WIFI () - 100]
D/ConnectivityService(  738): notifyType PRECHECK for NetworkAgentInfo [WIFI () - 100]
D/ConnectivityService(  738): rematching NetworkAgentInfo [WIFI () - 100]
D/ConnectivityService(  738):    accepting network in place of null
D/ConnectivityService(  738): Switching to new default network: NetworkAgentInfo{ ni{[type: WIFI[], state: CONNECTED/CONNECTED, reason: (unspecified), extra: "WiredSSID", roaming: false, failover: false, isAvailable: true, isConnectedToProvisioningNetwork: false]}  network{100}  lp{{InterfaceName: eth1 LinkAddresses: [fe80::a00:27ff:fe6d:10ed/64,10.0.3.15/24,]  Routes: [fe80::/64 -> :: eth1,10.0.3.0/24 -> 0.0.0.0 eth1,0.0.0.0/0 -> 10.0.3.2 eth1,] DnsAddresses: [172.17.0.2,] Domains:  MTU: 0 TcpBufferSizes: 524288,1048576,2097152,262144,524288,1048576}}  nc{[ Transports: WIFI Capabilities: INTERNET&NOT_RESTRICTED&TRUSTED&NOT_VPN LinkUpBandwidth>=1048576Kbps LinkDnBandwidth>=1048576Kbps]}  Score{20}  everValidated{false}  lastValidated{false}  created{true}  explicitlySelected{false} }
D/ConnectivityService(  738): Setting tx/rx TCP buffers to 524288,1048576,2097152,262144,524288,1048576
D/ConnectivityService(  738): notifyType AVAILABLE for NetworkAgentInfo [WIFI () - 100]
D/CSLegacyTypeTracker(  738): Sending connected broadcast for type 1 NetworkAgentInfo [WIFI () - 100] isDefaultNetwork=true
D/ConnectivityService(  738): sendStickyBroadcast: action=android.net.conn.CONNECTIVITY_CHANGE_IMMEDIATE
D/ConnectivityService(  738): sendStickyBroadcast: action=android.net.conn.CONNECTIVITY_CHANGE
E/libprocessgroup( 1327): failed to make and chown /acct/uid_10008: Read-only file system
I/ActivityManager(  738): Start proc 1327:com.android.mms/u0a8 for broadcast com.android.mms/.transaction.MmsSystemEventReceiver
D/CountryDetector(  738): The first listener is added
D/WifiService(  738): New client listening to asynchronous messages
D/WifiService(  738): New client listening to asynchronous messages
D/MccTable(  986): updateMccMncConfiguration mccmnc='310260' fromServiceState=true
D/MccTable(  986): updateMccMncConfiguration defaultMccMnc=
D/MccTable(  986): updateMccMncConfiguration: mcc=310, mnc=260
D/MccTable(  986): defaultLanguageForMcc(310): country us uses en
D/MccTable(  986): getLocaleFromMcc to en_us mcc=310
D/MccTable(  986): getLocaleForLanguageCountry: skipping already persisted
D/MccTable(  986): WIFI_COUNTRY_CODE set to us
I/WifiService(  738): WifiService trying to set country code to us with persist set to true
E/libprocessgroup( 1372): failed to make and chown /acct/uid_10061: Read-only file system
I/ActivityManager(  738): Start proc 1372:com.zzl.itoube:channel/u0a61 for broadcast com.zzl.itoube/com.taobao.accs.EventReceiver
D/ConnectivityService(  738): listenForNetwork for NetworkRequest [ id=2, legacyType=-1, [] ]
D/ConnectivityService(  738): handleRegisterNetworkRequest checking NetworkAgentInfo [WIFI () - 100]
D/ConnectivityService(  738): apparently satisfied.  currentScore=20
W/KeyguardServiceDelegate(  738): onScreenTurnedOn(): no keyguard service!
D/MccTable(  986): updateMccMncConfiguration mccmnc='310270' fromServiceState=false
D/MccTable(  986): updateMccMncConfiguration defaultMccMnc=
D/MccTable(  986): updateMccMncConfiguration: mcc=310, mnc=270
D/MccTable(  986): defaultLanguageForMcc(310): country us uses en
D/MccTable(  986): getLocaleFromMcc to en_us mcc=310
D/MccTable(  986): getLocaleForLanguageCountry: skipping already persisted
D/MccTable(  986): updateMccMncConfiguration updateConfig config={1.0 310mcc270mnc ?locale ?layoutDir ?swdp ?wdp ?hdp ?density ?lsize ?long ?orien ?uimode ?night ?touch ?keyb/?/? ?nav/?}
I/ActivityManager(  738): Config changes=3 {1.0 310mcc270mnc en_US ?layoutDir sw384dp w384dp h567dp 320dpi nrml port finger -keyb/v/h dpad/v s.6}
I/UsageStatsService(  738): User[0] Flushing usage stats to disk
I/UsageStatsDatabase(  738): Moving file /data/system/usagestats/0/daily/1512172816765 to /data/system/usagestats/0/daily/1512172821699
I/UsageStatsDatabase(  738): Moving file /data/system/usagestats/0/daily/1512345616765 to /data/system/usagestats/0/daily/1512345621699
I/UsageStatsDatabase(  738): Moving file /data/system/usagestats/0/daily/1512432014522 to /data/system/usagestats/0/daily/1512432019456
I/UsageStatsDatabase(  738): Moving file /data/system/usagestats/0/daily/1512518408555 to /data/system/usagestats/0/daily/1512518413489
I/UsageStatsDatabase(  738): Moving file /data/system/usagestats/0/daily/1512604804306 to /data/system/usagestats/0/daily/1512604809240
I/UsageStatsDatabase(  738): Moving file /data/system/usagestats/0/daily/1512691204306 to /data/system/usagestats/0/daily/1512691209240
I/UsageStatsDatabase(  738): Moving file /data/system/usagestats/0/daily/1512777600000 to /data/system/usagestats/0/daily/1512777604934
I/UsageStatsDatabase(  738): Moving file /data/system/usagestats/0/weekly/1510843988056 to /data/system/usagestats/0/weekly/1510843992990
I/UsageStatsDatabase(  738): Moving file /data/system/usagestats/0/weekly/1511448780136 to /data/system/usagestats/0/weekly/1511448785070
I/UsageStatsDatabase(  738): Moving file /data/system/usagestats/0/weekly/1512053580136 to /data/system/usagestats/0/weekly/1512053585070
I/UsageStatsDatabase(  738): Moving file /data/system/usagestats/0/weekly/1512604804306 to /data/system/usagestats/0/weekly/1512604809240
I/UsageStatsDatabase(  738): Moving file /data/system/usagestats/0/monthly/1503413590082 to /data/system/usagestats/0/monthly/1503413595016
I/UsageStatsDatabase(  738): Moving file /data/system/usagestats/0/monthly/1506005590082 to /data/system/usagestats/0/monthly/1506005595016
I/UsageStatsDatabase(  738): Moving file /data/system/usagestats/0/monthly/1511189588056 to /data/system/usagestats/0/monthly/1511189592990
I/UsageStatsDatabase(  738): Moving file /data/system/usagestats/0/yearly/1482245590082 to /data/system/usagestats/0/yearly/1482245595016
I/UsageStatsService(  738): User[0] Rollover scheduled @ 2017-12-09 19:00:00(1512864000000)
V/WindowManager(  738): Based on layer: Adding window Window{274919af u0 com.android.launcher3/com.android.launcher3.Launcher} at 0 of 2
D/MccTable(  986): updateMccMncConfiguration mccmnc='310270' fromServiceState=false
D/MccTable(  986): updateMccMncConfiguration defaultMccMnc=310270
D/MccTable(  986): updateMccMncConfiguration: mcc=310, mnc=270
D/MccTable(  986): defaultLanguageForMcc(310): country us uses en
D/MccTable(  986): getLocaleFromMcc to en_us mcc=310
D/MccTable(  986): getLocaleForLanguageCountry: skipping already persisted
D/MccTable(  986): updateMccMncConfiguration updateConfig config={1.0 310mcc270mnc ?locale ?layoutDir ?swdp ?wdp ?hdp ?density ?lsize ?long ?orien ?uimode ?night ?touch ?keyb/?/? ?nav/?}
E/libprocessgroup( 1462): failed to make and chown /acct/uid_10074: Read-only file system
I/ActivityManager(  738): Start proc 1462:com.zzl.falcon.internal:channel/u0a74 for broadcast com.zzl.falcon.internal/com.taobao.accs.EventReceiver
E/libprocessgroup( 1482): failed to make and chown /acct/uid_10061: Read-only file system
I/ActivityManager(  738): Start proc 1482:com.zzl.itoube/u0a61 for content provider com.zzl.itoube/com.umeng.message.provider.MessageProvider
D/MccTable(  986): updateMccMncConfiguration mccmnc='310270' fromServiceState=false
D/MccTable(  986): updateMccMncConfiguration defaultMccMnc=310270
D/MccTable(  986): updateMccMncConfiguration: mcc=310, mnc=270
D/MccTable(  986): defaultLanguageForMcc(310): country us uses en
D/MccTable(  986): getLocaleFromMcc to en_us mcc=310
D/MccTable(  986): getLocaleForLanguageCountry: skipping already persisted
D/MccTable(  986): updateMccMncConfiguration updateConfig config={1.0 310mcc270mnc ?locale ?layoutDir ?swdp ?wdp ?hdp ?density ?lsize ?long ?orien ?uimode ?night ?touch ?keyb/?/? ?nav/?}
W/WindowManager(  738): Keyguard drawn timeout. Setting mKeyguardDrawComplete
W/ActivityManager(  738): Unable to start service Intent { act=org.rome.android.IPP_CALL pkg=com.eg.android.AlipayGphone cmp=com.eg.android.AlipayGphone/org.rome.android.ipp.binder.IppService (has extras) } U=0: not found
D/ConnectivityService(  738): updateNetworkScore for NetworkAgentInfo [WIFI () - 100] to 56
D/ConnectivityService(  738): rematching NetworkAgentInfo [WIFI () - 100]
D/ConnectivityService(  738): Network NetworkAgentInfo [WIFI () - 100] was already satisfying request 1. No change.
D/ConnectivityService(  738): notifyType AVAILABLE for NetworkAgentInfo [WIFI () - 100]
D/WifiService(  738): New client listening to asynchronous messages
I/ActivityManager(  738): Start proc 1547:com.android.calendar/u0a21 for broadcast com.android.calendar/.widget.CalendarAppWidgetService$CalendarFactory
E/libprocessgroup( 1547): failed to make and chown /acct/uid_10021: Read-only file system
D/WifiService(  738): New client listening to asynchronous messages
D/ZenLog  (  738): intercepted: 0|com.zzl.itoube|9371|null|10061,none
V/NotificationService(  738): pkg=com.zzl.itoube canInterrupt=false intercept=true
V/NotificationService(  738): pkg=com.zzl.itoube canInterrupt=false intercept=true
E/libprocessgroup( 1586): failed to make and chown /acct/uid_10074: Read-only file system
I/ActivityManager(  738): Start proc 1586:com.zzl.falcon.internal/u0a74 for content provider com.zzl.falcon.internal/com.umeng.message.provider.MessageProvider
I/ActivityManager(  738): Start proc 1613:com.android.deskclock/u0a27 for broadcast com.android.deskclock/.AlarmInitReceiver
E/libprocessgroup( 1613): failed to make and chown /acct/uid_10027: Read-only file system
I/ActivityManager(  738): Start proc 1630:com.android.providers.calendar/u0a1 for content provider com.android.providers.calendar/.CalendarProvider2
W/ActivityManager(  738): getTasks: caller 10061 does not hold GET_TASKS; limiting output
E/libprocessgroup( 1630): failed to make and chown /acct/uid_10001: Read-only file system
W/ResourcesManager( 1630): Asset path '/system/framework/android.test.runner.jar' does not exist or contains no resources.
D/WifiService(  738): New client listening to asynchronous messages
D/ConnectivityService(  738): updateNetworkScore for NetworkAgentInfo [WIFI () - 100] to 60
D/ConnectivityService(  738): rematching NetworkAgentInfo [WIFI () - 100]
D/ConnectivityService(  738): Network NetworkAgentInfo [WIFI () - 100] was already satisfying request 1. No change.
D/ConnectivityService(  738): notifyType AVAILABLE for NetworkAgentInfo [WIFI () - 100]
W/WindowManager(  738): App freeze timeout expired.
--------- beginning of main
D/FFmpegExtractor(  488): suppoted codec(vorbis) by official Stagefright
D/FFMPEG  (  488): android source close
I/FFmpegExtractor(  488): sniff through BetterSniffFFMPEG success
D/FFmpegExtractor(  488): ffmpeg detected media content as 'audio/vorbis' with confidence 0.08
I/CameraClient(  488): Opening camera 1
V/EmulatedCamera_Camera(  488): getCameraInfo
V/EmulatedCamera_BaseCamera(  488): getCameraInfo
V/EmulatedCamera_Camera(  488): connectCamera
V/EmulatedCamera_GenyDevice(  488): connectDevice
V/EmulatedCamera_GenyDevice(  488): connectDevice: Connected to device 'front'
V/EmulatedCamera_CallbackNotifier(  488): setCallbacks: 0xf74b2360, 0xf74b2710, 0xf74b2820, 0xf74b2d10 (0xf584ed60)
V/EmulatedCamera_CallbackNotifier(  488): enableMessage: msg_type = 0xc0d
V/EmulatedCamera_CallbackNotifier(  488):     CAMERA_MSG_ERROR
V/EmulatedCamera_CallbackNotifier(  488):     CAMERA_MSG_FOCUS
V/EmulatedCamera_CallbackNotifier(  488):     CAMERA_MSG_ZOOM
V/EmulatedCamera_CallbackNotifier(  488):     CAMERA_MSG_PREVIEW_METADATA
V/EmulatedCamera_CallbackNotifier(  488): **** Currently enabled messages:
V/EmulatedCamera_CallbackNotifier(  488):     CAMERA_MSG_ERROR
V/EmulatedCamera_CallbackNotifier(  488):     CAMERA_MSG_FOCUS
V/EmulatedCamera_CallbackNotifier(  488):     CAMERA_MSG_ZOOM
V/EmulatedCamera_CallbackNotifier(  488):     CAMERA_MSG_PREVIEW_METADATA
V/EmulatedCamera_CallbackNotifier(  488): disableMessage: msg_type = 0xffff
V/EmulatedCamera_CallbackNotifier(  488):     CAMERA_MSG_ERROR
V/EmulatedCamera_CallbackNotifier(  488):     CAMERA_MSG_SHUTTER
V/EmulatedCamera_CallbackNotifier(  488):     CAMERA_MSG_FOCUS
V/EmulatedCamera_CallbackNotifier(  488):     CAMERA_MSG_ZOOM
V/EmulatedCamera_CallbackNotifier(  488):     CAMERA_MSG_PREVIEW_FRAME
V/EmulatedCamera_CallbackNotifier(  488):     CAMERA_MSG_VIDEO_FRAME
V/EmulatedCamera_CallbackNotifier(  488):     CAMERA_MSG_POSTVIEW_FRAME
V/EmulatedCamera_CallbackNotifier(  488):     CAMERA_MSG_RAW_IMAGE
V/EmulatedCamera_CallbackNotifier(  488):     CAMERA_MSG_COMPRESSED_IMAGE
V/EmulatedCamera_CallbackNotifier(  488):     CAMERA_MSG_RAW_IMAGE_NOTIFY
V/EmulatedCamera_CallbackNotifier(  488):     CAMERA_MSG_PREVIEW_METADATA
V/EmulatedCamera_CallbackNotifier(  488): **** Currently enabled messages:
V/EmulatedCamera_Camera(  488): doStopPreview
V/EmulatedCamera_Camera(  488): cancelPicture
V/EmulatedCamera_Camera(  488): releaseCamera
V/EmulatedCamera_Camera(  488): doStopPreview
V/EmulatedCamera_GenyDevice(  488): disconnectDevice
V/EmulatedCamera_GenyDevice(  488): disconnectDevice: Disonnected from device 'front'
I/CameraClient(  488): Destroying camera 1
V/EmulatedCamera_Camera(  488): closeCamera
V/EmulatedCamera_Camera(  488): doStopPreview
D/NuPlayerDriver(  488): reset(0xf584ed00)
D/NuPlayerDriver(  488): notifyResetComplete(0xf584ed00)
D/NuPlayerDriver(  488): reset(0xf584ef40)
D/NuPlayerDriver(  488): notifyResetComplete(0xf584ef40)
V/EmulatedCamera_Camera(  488): getCameraInfo
V/EmulatedCamera_BaseCamera(  488): getCameraInfo
V/EmulatedCamera_Camera(  488): getCameraInfo
V/EmulatedCamera_BaseCamera(  488): getCameraInfo
V/EmulatedCamera_Camera(  488): getCameraInfo
V/EmulatedCamera_BaseCamera(  488): getCameraInfo
V/EmulatedCamera_Camera(  488): getCameraInfo
V/EmulatedCamera_BaseCamera(  488): getCameraInfo
D/OpenGLRenderer(  861): Use EGL_SWAP_BEHAVIOR_PRESERVED: true
D/        (  861): HostConnection::get() New Host Connection established 0xe20190e0, tid 861
D/Atlas   (  861): Validating map...
D/PhoneStatusBar(  861): disable: < EXPAND* icons alerts system_info BACK* HOME* RECENT* clock SEARCH* >
E/BluetoothAdapter(  861): Bluetooth binder is null
D/PhoneStatusBar(  861): heads up is enabled
V/KeyguardUpdateMonitor(  861): action android.intent.action.SIM_STATE_CHANGED state: NOT_READY slotId: 0 subid: -2
D/NetworkMonitor/NetworkAgentInfo [WIFI () - 100](  738): Probably not a portal: exception java.net.SocketTimeoutException: failed to connect to connectivitycheck.android.com/216.58.200.46 (port 80) after 10000ms
I/SurfaceFlinger(  773): Boot is finished (16687 ms)
I/Choreographer(  861): Skipped 628 frames!  The application may be doing too much work on its main thread.
D/ViewRootImpl(  861): changeCanvasOpacity: opaque=true
D/libEGL  (  861): loaded /system/lib/egl/libEGL_emulation.so
D/libEGL  (  861): loaded /system/lib/egl/libGLESv1_CM_emulation.so
D/libEGL  (  861): loaded /system/lib/egl/libGLESv2_emulation.so
D/        (  861): HostConnection::get() New Host Connection established 0xe2019f60, tid 1721
I/OpenGLRenderer(  861): Initialized EGL, version 1.4
D/OpenGLRenderer(  861): Enabling debug mode 0
W/EGL_emulation(  861): eglSurfaceAttrib not implemented
W/OpenGLRenderer(  861): Failed to set EGL_SWAP_BEHAVIOR on surface 0xe201fc80, error=EGL_SUCCESS
W/EGL_emulation(  861): eglSurfaceAttrib not implemented
W/OpenGLRenderer(  861): Failed to set EGL_SWAP_BEHAVIOR on surface 0xe201fca0, error=EGL_SUCCESS
D/WifiService(  738): New client listening to asynchronous messages
V/KeyguardUpdateMonitor(  861): action android.intent.action.SIM_STATE_CHANGED state: READY slotId: 0 subid: -2
V/KeyguardServiceDelegate(  738): *** Keyguard connected (yay!)
V/KeyguardUpdateMonitor(  861): action android.intent.action.SIM_STATE_CHANGED state: IMSI slotId: 0 subid: -2
D/accs.BaseReceiver( 1372):  onReceive
D/accs.ReceiverImpl( 1372):  ReceiverImpl onReceive begin......
D/accs.AdapterGlobalClientInfo( 1372):  getAgooCustomServiceName name:com.umeng.message.UmengIntentService
D/accs.AdapterGlobalClientInfo( 1372):  getAgooCustomServiceName name:com.umeng.message.UmengIntentService
I/accs.ElectionServiceImpl( 1372):  onStartCommand begin action:android.intent.action.USER_PRESENT
I/accs.ElectionServiceUtil( 1372):  getElectionResult from mem host:com.zzl.itoube retry:0
I/accs.ElectionServiceImpl( 1372):  deliver to channelservice host pkg:com.zzl.itoube
I/accs.ServiceImpl( 1372):  onHostStartCommand:Intent { act=android.intent.action.USER_PRESENT flg=0x24000010 cmp=com.zzl.itoube/com.taobao.accs.ChannelService }
I/accs.LoadSoFailUtil( 1372):  getSoFailTimes times:0
D/accs.SpdyConnection( 1372):  try ping, force:false
D/accs.BaseReceiver( 1462):  onReceive
D/accs.ReceiverImpl( 1462):  ReceiverImpl onReceive begin......
