D/awcn.DispatchCore( 1462): body:{"code":1000,"cv":-1,"dns":[{"aisles":[{"cto":10000,"heartbeat":45000,"port":80,"protocol":"spdy","publickey":"acs","retry":1,"rto":10000,"rtt":"0rtt"},{"cto":10000,"heartbeat":45000,"port":443,"protocol":"spdy","publickey":"acs","retry":1,"rto":10000,"rtt":"0rtt"}],"host":"umengjmacs.m.taobao.com","ips":["140.205.163.94","140.205.60.10"],"isHot":1,"safeAisles":"https","ttl":21600}],"ip":"101.81.49.47","unit":"unzbyun","utdid":"WajMPL/DZuUDAJwcljDKSIFW"}
E/DefaultNetworkAnalysis( 1462):  no NWNetworkAnalysisSDK sdk
I/awcn.HMacUtil( 1462):  hmacSha1Hex result:9b1aa63538900d476fde939c67b3a671a6545b0d9818b9bbfb34bb78e7da2469
D/awcn.StrategyCenter( 1462):  receive DNS event
I/awcn.StrategyTable( 1462):  update strategyTable with httpDns response
D/awcn.StrategyTable( 1462):  uniqueId : WIFI$01:80:c2:00:00:03
D/awcn.StrategyTable( 1462): -------------------------hot domains:------------------------------------
D/awcn.StrategyTable( 1462):  amdcopen.m.taobao.com = 
D/awcn.StrategyTable( 1462): StrategyList = 1512794310919[]
D/awcn.StrategyTable( 1462):  umengjmacs.m.taobao.com = 
D/awcn.StrategyTable( 1462): StrategyList = 1512815880949[{140.205.163.94 80 spdy_0rtt_acs}, {140.205.60.10 80 spdy_0rtt_acs}, {140.205.163.94 443 spdy_0rtt_acs}, {140.205.60.10 443 spdy_0rtt_acs}]
D/awcn.StrategyTable( 1462):  
D/awcn.StrategyTable( 1462): -------------------------cold domains:------------------------------------
D/awcn.SafeAislesMap( 1462):  SafeAislesMap: {amdcopen.m.taobao.com=No_Result, umengjmacs.m.taobao.com=https}
D/awcn.UnitMap( 1462):  UnitMap : UnitMap: {WajMPL/DZuUDAJwcljDKSIFW=unzbyun}
I/awcn.StrategyCenter( 1462):  saveData
I/awcn.HMacUtil( 1462):  hmacSha1Hex result:6f24fc320465ec2dec7b8e7166f79dedf4fc977f0b0478162bc2fed488c37bd7
D/awcn.StrategyCenter( 1462):  getSchemeByHost host:amdcopen.m.taobao.com scheme:http
D/getConnStrategyListByHost( 1462): |[seq:host] amdcopen.m.taobao.com:result []
I/awcn.DispatchCore( 1462): |[seq:AMDC2] send amdc request url:http://amdcopen.m.taobao.com/amdc/mobileDispatch?appkey=umeng%3A56aadbf567e58e38d4000976&deviceId=WajMPL%2FDZuUDAJwcljDKSIFW&platform=android&v=4.0
D/awcn.DispatchCore( 1462): |[seq:AMDC2] amdc response. code: 200 
D/awcn.DispatchCore( 1462): headers:{null=[HTTP/1.1 200 OK], Cache-Control=[no-cache], Connection=[close], Content-Length=[500], Content-Type=[application/json;charset=UTF-8], Date=[Sat, 09 Dec 2017 04:38:01 GMT], pragma=[no-cache], Server=[Tengine], x-am-code=[1000], x-am-id=[amdc011250185018.eu13_1512794281501_224509896], x-am-sign=[38f4b674270948feb8bc377c7b69729086b9dfdc6a1e2c73eb29b4cab83e5418], X-Android-Received-Millis=[1512794281436], X-Android-Response-Source=[NETWORK 200], X-Android-Sent-Millis=[1512794281426]}
D/awcn.DispatchCore( 1462): |[seq:AMDC2] amdc response body 
D/awcn.DispatchCore( 1462): body:{"code":1000,"cv":-1,"dns":[{"aisles":[{"cto":10000,"heartbeat":0,"port":443,"protocol":"https","retry":1,"rto":10000},{"cto":10000,"heartbeat":0,"port":80,"protocol":"http","retry":1,"rto":10000}],"host":"amdcopen.m.taobao.com","ips":["106.11.61.135","106.11.61.137"],"safeAisles":"http","ttl":300}],"ip":"101.81.49.47","unit":"unzbyun","utdid":"WajMPL/DZuUDAJwcljDKSIFW"}
I/awcn.HMacUtil( 1462):  hmacSha1Hex result:38f4b674270948feb8bc377c7b69729086b9dfdc6a1e2c73eb29b4cab83e5418
D/awcn.StrategyCenter( 1462):  receive DNS event
I/awcn.StrategyTable( 1462):  update strategyTable with httpDns response
D/awcn.StrategyTable( 1462):  uniqueId : WIFI$01:80:c2:00:00:03
D/awcn.StrategyTable( 1462): -------------------------hot domains:------------------------------------
D/awcn.StrategyTable( 1462):  umengjmacs.m.taobao.com = 
D/awcn.StrategyTable( 1462): StrategyList = 1512815880949[{140.205.163.94 80 spdy_0rtt_acs}, {140.205.60.10 80 spdy_0rtt_acs}, {140.205.163.94 443 spdy_0rtt_acs}, {140.205.60.10 443 spdy_0rtt_acs}]
D/awcn.StrategyTable( 1462):  
D/awcn.StrategyTable( 1462): -------------------------cold domains:------------------------------------
D/awcn.StrategyTable( 1462):  amdcopen.m.taobao.com = 
D/awcn.StrategyTable( 1462): StrategyList = 1512794581437[{106.11.61.135 443 https}, {106.11.61.137 443 https}, {106.11.61.135 80 http}, {106.11.61.137 80 http}]
D/awcn.SafeAislesMap( 1462):  SafeAislesMap: {umengjmacs.m.taobao.com=https, amdcopen.m.taobao.com=http}
D/awcn.UnitMap( 1462):  UnitMap : UnitMap: {WajMPL/DZuUDAJwcljDKSIFW=unzbyun}
I/awcn.StrategyCenter( 1462):  saveData
I/awcn.SerializeHelper( 1462):  persist end. file:/storage/emulated/0/Android/data/com.zzl.falcon.internal/files/awcn_strategy/channel/ef133debedbd6d843d539e5eb14cfdfd cost:7
I/awcn.SerializeHelper( 1462):  persist end. file:/storage/emulated/0/Android/data/com.zzl.falcon.internal/files/awcn_strategy/channel/0c61135c2fdcd71f15ad7297245abe44 cost:2
I/awcn.SerializeHelper( 1462):  persist end. file:/storage/emulated/0/Android/data/com.zzl.falcon.internal/files/awcn_strategy/channel/49c6a36aaea8ee1549c1cd3e07070c79 cost:2
I/awcn.StrategyCenter( 1462):  saveData
I/awcn.StrategyCenter( 1462):  saveData
E/WifiConfigStore(  738):  rewrite network history for "WiredSSID"NONE
D/JUtrack ( 1482): sendRequest() url=https://msg.umengcloud.com/launch
D/JUtrack ( 1482):  request = {"header":{"appkey":"585b4a88766613539b00000e","device_id":"epGokY7mQkDMFFUc+MuMJA==","idmd5":"5284047F4FFB4E04824A2FD1D1F0CD62","channel":"Umeng","mc":"08:00:27:6d:10:ed","android_id":"94c8b0577e2215e7","serial_number":"unknown","device_model":"Google Nexus 4 - 5.1.0 - API 22 - 768x1280","os":"Android","os_version":"5.1","resolution":"768*1184","cpu":"0","app_version":"1.0","version_code":"1","package_name":"com.zzl.itoube","sdk_type":"Android","sdk_version":"3.0.6","timezone":-5,"country":"US","language":"en","access":"Wi-Fi","access_subtype":"Unknown","carrier":"Android"},"utdid":"WajMPL\/DZuUDAJwcljDKSIFW","device_token":"AvK2f2Lf8S83dT8hgYznUosdG25v8_KcvsKirfX7dzct"}
D/JUtrack ( 1482):  response = {"success":"ok","interval":0,"launch_policy":"0","tag_policy":"0"}
D/JUtrack ( 1482): launch_policy:0
D/JUtrack ( 1482): tag_policy:0
D/NetworkMonitor/NetworkAgentInfo [WIFI () - 100](  738): Probably not a portal: exception java.net.SocketTimeoutException: failed to connect to connectivitycheck.android.com/216.58.200.46 (port 80) after 10000ms
I/ActivityManager(  738): Waited long enough for: ServiceRecord{508aeb3 u0 com.android.calendar/.alerts.InitAlarmsService}
D/NetworkMonitor/NetworkAgentInfo [WIFI () - 100](  738): EvaluatingState{ when=-5ms what=532486 arg1=3 target=com.android.internal.util.StateMachine$SmHandler }
D/NetworkMonitor/NetworkAgentInfo [WIFI () - 100](  738): Checking http://connectivitycheck.android.com/generate_204 on "WiredSSID"
D/NetworkMonitor/NetworkAgentInfo [WIFI () - 100](  738): Probably not a portal: exception java.net.SocketTimeoutException: failed to connect to connectivitycheck.android.com/216.58.200.46 (port 80) after 10000ms
D/ConnectivityService(  738): setProvNotificationVisibleIntent: E visible=false networkType=0 extraInfo=null
D/InitAlarmsService( 1547): Clearing and rescheduling alarms.
I/ActivityManager(  738): Killing 1053:com.android.printspooler/u0a50 (adj 15): empty #17
W/libprocessgroup(  738): failed to open /acct/uid_10050/pid_1053/cgroup.procs: No such file or directory
E/awcn.DefaultHeartbeatImpl( 1482):  close session in background
I/awcn.DefaultHeartbeatImpl( 1482):  heartbeat stop session:Session@[AWCN1_1|http2_0rtt_acs]
E/awcn.TnetSpdySession( 1482): |[seq:AWCN1_1] force close! session:Session@[AWCN1_1|http2_0rtt_acs]
E/awcn.Session( 1482): |[seq:AWCN1_1] notifyStatus status:DISCONNECTING
E/awcn.TnetSpdySession( 1482): |[seq:AWCN1_1] spdySessionCloseCallback  errorCode::-2002
E/awcn.Session( 1482): |[seq:AWCN1_1] notifyStatus status:DISCONNECTED
D/awcn.SessionRequest( 1482): |[seq:AWCN1_1] Session:Session@[AWCN1_1|http2_0rtt_acs] EventType:DISCONNECTED Event:anet.channel.entity.c@30fd79ad
D/awcn.SessionRequest( 1482): |[seq:AWCN1_1] Connect Disconnect session:Session@[AWCN1_1|http2_0rtt_acs] host:https://umengacs.m.taobao.com appIsBg:true isHandleFinish:false
I/accs.MsgDistributeService( 1482):  onStartCommand action:com.taobao.accs.intent.action.RECEIVE
D/accs.MsgDistribute( 1482):  action:com.taobao.accs.intent.action.RECEIVE
I/accs.MsgDistribute( 1482):  command:103 serviceId:null dataId:null
I/art     (  738): Explicit concurrent mark sweep GC freed 18812(1092KB) AllocSpace objects, 11(609KB) LOS objects, 33% free, 6MB/9MB, paused 827us total 23.398ms
I/MediaFocusControl(  738):  AudioFocus  abandonAudioFocus() from android.media.AudioManager@114c956ccom.android.music.MediaPlaybackService$3@30aab735
E/libprocessgroup( 2007): failed to make and chown /acct/uid_10009: Read-only file system
W/Zygote  ( 2007): createProcessGroup failed, kernel missing CONFIG_CGROUP_CPUACCT?
I/ActivityManager(  738): Start proc 2007:com.android.musicfx/u0a9 for broadcast com.android.musicfx/.ControlPanelReceiver
I/ActivityManager(  738): Killing 1206:com.android.music/u0a42 (adj 15): empty #17
W/libprocessgroup(  738): failed to open /acct/uid_10042/pid_1206/cgroup.procs: No such file or directory
I/art     (  489): Explicit concurrent mark sweep GC freed 706(30KB) AllocSpace objects, 0(0B) LOS objects, 91% free, 92KB/1116KB, paused 99us total 5.670ms
I/art     (  489): Explicit concurrent mark sweep GC freed 5(160B) AllocSpace objects, 0(0B) LOS objects, 91% free, 92KB/1116KB, paused 99us total 4.845ms
I/art     (  489): Explicit concurrent mark sweep GC freed 5(160B) AllocSpace objects, 0(0B) LOS objects, 91% free, 92KB/1116KB, paused 93us total 5.973ms
V/MusicFXControlPanelReceiver( 2007): onReceive
V/MusicFXControlPanelReceiver( 2007): Action: android.media.action.CLOSE_AUDIO_EFFECT_CONTROL_SESSION
V/MusicFXControlPanelReceiver( 2007): Package name: com.android.music
V/MusicFXControlPanelReceiver( 2007): Audio session: 4
V/MusicFXControlPanelEffect( 2007): closeSession(android.app.ReceiverRestrictedContext@1a01557d, com.android.music, 4)
I/ActivityManager(  738): Killing 1124:android.process.acore/u0a2 (adj 15): empty #17
W/libprocessgroup(  738): failed to open /acct/uid_10002/pid_1124/cgroup.procs: No such file or directory
W/AudioTrack(  738): AUDIO_OUTPUT_FLAG_FAST denied by client
E/cutils-trace(  488): Error opening trace file: Permission denied (13)
D/AndroidRuntime( 2041): >>>>>> START com.android.internal.os.RuntimeInit uid 0 <<<<<<
D/AndroidRuntime( 2041): CheckJNI is OFF
E/memtrack( 2041): Couldn't load memtrack module (No such file or directory)
E/android.os.Debug( 2041): failed to load memtrack module: -2
D/AndroidRuntime( 2041): Calling main entry com.android.commands.wm.Wm
D/AndroidRuntime( 2041): Shutting down VM
D/AndroidRuntime( 2062): >>>>>> START com.android.internal.os.RuntimeInit uid 0 <<<<<<
D/AndroidRuntime( 2062): CheckJNI is OFF
E/memtrack( 2062): Couldn't load memtrack module (No such file or directory)
E/android.os.Debug( 2062): failed to load memtrack module: -2
D/AndroidRuntime( 2062): Calling main entry com.android.commands.monkey.Monkey
W/BroadcastQueue(  738): Skipping deliver [background] BroadcastRecord{1fa50bfc u-1 android.net.conn.CONNECTIVITY_CHANGE} to ReceiverList{3d51285 2062 (unknown name)/0/u-1 remote:d626dce}: process crashing
I/ActivityManager(  738): START u0 {act=android.intent.action.MAIN cat=[android.intent.category.LAUNCHER] flg=0x10200000 cmp=com.zzl.falcon.internal/com.squareup.leakcanary.internal.DisplayLeakActivity} from uid 0 on display 0
V/WindowManager(  738): addAppToken: AppWindowToken{2134ebe8 token=Token{158eb10b ActivityRecord{253b98da u0 com.zzl.falcon.internal/com.squareup.leakcanary.internal.DisplayLeakActivity t311}}} to stack=1 task=311 at 0
V/WindowManager(  738): Adding window Window{10d8a6f5 u0 Starting com.zzl.falcon.internal} at 2 of 8 (after Window{274919af u0 com.android.launcher3/com.android.launcher3.Launcher})
E/libprocessgroup( 2076): failed to make and chown /acct/uid_10074: Read-only file system
W/Zygote  ( 2076): createProcessGroup failed, kernel missing CONFIG_CGROUP_CPUACCT?
I/art     ( 2076): Late-enabling -Xcheck:jni
I/ActivityManager(  738): Start proc 2076:com.zzl.falcon.internal:leakcanary/u0a74 for activity com.zzl.falcon.internal/com.squareup.leakcanary.internal.DisplayLeakActivity
D/OpenGLRenderer( 2076): Use EGL_SWAP_BEHAVIOR_PRESERVED: true
D/        ( 2076): HostConnection::get() New Host Connection established 0xf3e73a60, tid 2076
D/Atlas   ( 2076): Validating map...
V/WindowManager(  738): Adding window Window{27544756 u0 com.zzl.falcon.internal/com.squareup.leakcanary.internal.DisplayLeakActivity} at 2 of 9 (before Window{10d8a6f5 u0 Starting com.zzl.falcon.internal})
D/libEGL  ( 2076): loaded /system/lib/egl/libEGL_emulation.so
D/libEGL  ( 2076): loaded /system/lib/egl/libGLESv1_CM_emulation.so
D/libEGL  ( 2076): loaded /system/lib/egl/libGLESv2_emulation.so
D/        ( 2076): HostConnection::get() New Host Connection established 0xf3e73c70, tid 2095
I/OpenGLRenderer( 2076): Initialized EGL, version 1.4
D/OpenGLRenderer( 2076): Enabling debug mode 0
W/EGL_emulation( 2076): eglSurfaceAttrib not implemented
W/OpenGLRenderer( 2076): Failed to set EGL_SWAP_BEHAVIOR on surface 0xf3ee7760, error=EGL_SUCCESS
W/ViewRootImpl( 2076): Dropping event due to no window focus: KeyEvent { action=ACTION_DOWN, keyCode=KEYCODE_F, scanCode=0, metaState=0, flags=0x8, repeatCount=0, eventTime=130881, downTime=130881, deviceId=-1, source=0x101 }
W/ViewRootImpl( 2076): Cancelling event due to no window focus: KeyEvent { action=ACTION_UP, keyCode=KEYCODE_F, scanCode=0, metaState=0, flags=0x28, repeatCount=0, eventTime=131052, downTime=131052, deviceId=-1, source=0x101 }
W/ViewRootImpl( 2076): Cancelling event due to no window focus: KeyEvent { action=ACTION_UP, keyCode=KEYCODE_F, scanCode=0, metaState=0, flags=0x28, repeatCount=0, eventTime=131052, downTime=131052, deviceId=-1, source=0x101 }
W/ViewRootImpl( 2076): Cancelling event due to no window focus: KeyEvent { action=ACTION_UP, keyCode=KEYCODE_F, scanCode=0, metaState=0, flags=0x28, repeatCount=0, eventTime=131052, downTime=131052, deviceId=-1, source=0x101 }
W/ViewRootImpl( 2076): Cancelling event due to no window focus: KeyEvent { action=ACTION_UP, keyCode=KEYCODE_F, scanCode=0, metaState=0, flags=0x28, repeatCount=0, eventTime=131052, downTime=131052, deviceId=-1, source=0x101 }
W/ViewRootImpl( 2076): Cancelling event due to no window focus: KeyEvent { action=ACTION_UP, keyCode=KEYCODE_F, scanCode=0, metaState=0, flags=0x28, repeatCount=0, eventTime=131052, downTime=131052, deviceId=-1, source=0x101 }
W/ViewRootImpl( 2076): Cancelling event due to no window focus: KeyEvent { action=ACTION_UP, keyCode=KEYCODE_F, scanCode=0, metaState=0, flags=0x28, repeatCount=0, eventTime=131052, downTime=131052, deviceId=-1, source=0x101 }
W/ViewRootImpl( 2076): Cancelling event due to no window focus: KeyEvent { action=ACTION_UP, keyCode=KEYCODE_F, scanCode=0, metaState=0, flags=0x28, repeatCount=0, eventTime=131052, downTime=131052, deviceId=-1, source=0x101 }
W/ViewRootImpl( 2076): Cancelling event due to no window focus: KeyEvent { action=ACTION_UP, keyCode=KEYCODE_F, scanCode=0, metaState=0, flags=0x28, repeatCount=0, eventTime=131052, downTime=131052, deviceId=-1, source=0x101 }
W/ViewRootImpl( 2076): Cancelling event due to no window focus: KeyEvent { action=ACTION_UP, keyCode=KEYCODE_F, scanCode=0, metaState=0, flags=0x28, repeatCount=0, eventTime=131052, downTime=131052, deviceId=-1, source=0x101 }
W/ViewRootImpl( 2076): Dropping event due to no window focus: KeyEvent { action=ACTION_DOWN, keyCode=KEYCODE_MEDIA_PREVIOUS, scanCode=0, metaState=0, flags=0x8, repeatCount=0, eventTime=131302, downTime=131302, deviceId=-1, source=0x101 }
I/AppiumUnicodeIME(  916): onFinishInput
I/AppiumUnicodeIME(  916): onStartInput
E/libprocessgroup( 2099): failed to make and chown /acct/uid_10042: Read-only file system
W/Zygote  ( 2099): createProcessGroup failed, kernel missing CONFIG_CGROUP_CPUACCT?
I/ActivityManager(  738): Start proc 2099:com.android.music/u0a42 for broadcast com.android.music/.MediaButtonIntentReceiver
I/ActivityManager(  738): Killing 1733:com.android.keychain/1000 (adj 15): empty #17
W/libprocessgroup(  738): failed to open /acct/uid_1000/pid_1733/cgroup.procs: No such file or directory
I/ActivityManager(  738): Displayed com.zzl.falcon.internal/com.squareup.leakcanary.internal.DisplayLeakActivity: +819ms
I/AppiumUnicodeIME(  916): onKeyDown (keyCode='23', event.keyCode='23', metaState='0')
I/AppiumUnicodeIME(  916): onFinishInput
I/AppiumUnicodeIME(  916): onStartInput
I/AppiumUnicodeIME(  916): onKeyUp (keyCode='23', event.keyCode='23', metaState='0')
I/AppiumUnicodeIME(  916): onKeyDown (keyCode='82', event.keyCode='82', metaState='0')
I/AppiumUnicodeIME(  916): onKeyUp (keyCode='82', event.keyCode='82', metaState='0')
I/AppiumUnicodeIME(  916): onKeyDown (keyCode='25', event.keyCode='25', metaState='0')
W/AudioService(  738): stream was not muted by this client
E/AudioService(  738): Could not get client death handler for stream: 1
W/AudioService(  738): stream was not muted by this client
E/AudioService(  738): Could not get client death handler for stream: 2
W/AudioService(  738): stream was not muted by this client
E/AudioService(  738): Could not get client death handler for stream: 5
W/AudioService(  738): stream was not muted by this client
E/AudioService(  738): Could not get client death handler for stream: 7
W/AudioService(  738): stream was not muted by this client
E/AudioService(  738): Could not get client death handler for stream: 8
I/AppiumUnicodeIME(  916): onKeyUp (keyCode='25', event.keyCode='25', metaState='0')
I/AppiumUnicodeIME(  916): onKeyDown (keyCode='253', event.keyCode='253', metaState='0')
I/AppiumUnicodeIME(  916): onKeyUp (keyCode='253', event.keyCode='253', metaState='0')
I/AppiumUnicodeIME(  916): onKeyDown (keyCode='82', event.keyCode='82', metaState='0')
I/AppiumUnicodeIME(  916): onKeyUp (keyCode='82', event.keyCode='82', metaState='0')
I/AppiumUnicodeIME(  916): onKeyDown (keyCode='238', event.keyCode='238', metaState='0')
I/AppiumUnicodeIME(  916): onKeyUp (keyCode='238', event.keyCode='238', metaState='0')
I/AppiumUnicodeIME(  916): onKeyDown (keyCode='22', event.keyCode='22', metaState='0')
I/AppiumUnicodeIME(  916): onKeyUp (keyCode='22', event.keyCode='22', metaState='0')
I/AppiumUnicodeIME(  916): onKeyDown (keyCode='22', event.keyCode='22', metaState='0')
I/AppiumUnicodeIME(  916): onKeyUp (keyCode='22', event.keyCode='22', metaState='0')
I/AppiumUnicodeIME(  916): onKeyDown (keyCode='23', event.keyCode='23', metaState='0')
I/AppiumUnicodeIME(  916): onKeyUp (keyCode='23', event.keyCode='23', metaState='0')
W/AudioTrack(  738): AUDIO_OUTPUT_FLAG_FAST denied by client
I/AppiumUnicodeIME(  916): onKeyDown (keyCode='23', event.keyCode='23', metaState='0')
W/EGL_emulation(  861): eglSurfaceAttrib not implemented
W/OpenGLRenderer(  861): Failed to set EGL_SWAP_BEHAVIOR on surface 0xe201f880, error=EGL_SUCCESS
I/AppiumUnicodeIME(  916): onKeyUp (keyCode='23', event.keyCode='23', metaState='0')
W/AudioTrack(  738): AUDIO_OUTPUT_FLAG_FAST denied by client
I/AppiumUnicodeIME(  916): onKeyDown (keyCode='20', event.keyCode='20', metaState='0')
I/AppiumUnicodeIME(  916): onKeyUp (keyCode='20', event.keyCode='20', metaState='0')
I/AppiumUnicodeIME(  916): onKeyDown (keyCode='20', event.keyCode='20', metaState='0')
I/AppiumUnicodeIME(  916): onKeyUp (keyCode='20', event.keyCode='20', metaState='0')
I/AppiumUnicodeIME(  916): onKeyDown (keyCode='19', event.keyCode='19', metaState='0')
I/AppiumUnicodeIME(  916): onKeyUp (keyCode='19', event.keyCode='19', metaState='0')
I/AppiumUnicodeIME(  916): onKeyDown (keyCode='19', event.keyCode='19', metaState='0')
I/AppiumUnicodeIME(  916): onKeyUp (keyCode='19', event.keyCode='19', metaState='0')
I/AppiumUnicodeIME(  916): onKeyDown (keyCode='19', event.keyCode='19', metaState='0')
I/AppiumUnicodeIME(  916): onKeyUp (keyCode='19', event.keyCode='19', metaState='0')
W/AudioTrack(  738): AUDIO_OUTPUT_FLAG_FAST denied by client
W/AudioTrack(  738): AUDIO_OUTPUT_FLAG_FAST denied by client
I/AppiumUnicodeIME(  916): onKeyDown (keyCode='82', event.keyCode='82', metaState='0')
W/AudioTrack(  738): AUDIO_OUTPUT_FLAG_FAST denied by client
W/AudioTrack(  738): AUDIO_OUTPUT_FLAG_FAST denied by client
I/AppiumUnicodeIME(  916): onKeyUp (keyCode='82', event.keyCode='82', metaState='0')
I/AppiumUnicodeIME(  916): onKeyDown (keyCode='22', event.keyCode='22', metaState='0')
I/AppiumUnicodeIME(  916): onKeyDown (keyCode='22', event.keyCode='22', metaState='0')
I/AppiumUnicodeIME(  916): onKeyUp (keyCode='22', event.keyCode='22', metaState='0')
I/AppiumUnicodeIME(  916): onKeyDown (keyCode='22', event.keyCode='22', metaState='0')
I/AppiumUnicodeIME(  916): onKeyUp (keyCode='22', event.keyCode='22', metaState='0')
I/AppiumUnicodeIME(  916): onKeyDown (keyCode='22', event.keyCode='22', metaState='0')
I/AppiumUnicodeIME(  916): onKeyUp (keyCode='22', event.keyCode='22', metaState='0')
I/AppiumUnicodeIME(  916): onKeyDown (keyCode='23', event.keyCode='23', metaState='0')
W/AudioTrack(  738): AUDIO_OUTPUT_FLAG_FAST denied by client
V/WindowManager(  738): Adding window Window{2aab3206 u0 PopupWindow:31541710} at 3 of 10 (after Window{27544756 u0 com.zzl.falcon.internal/com.squareup.leakcanary.internal.DisplayLeakActivity})
I/AppiumUnicodeIME(  916): onKeyUp (keyCode='23', event.keyCode='23', metaState='0')
W/ViewRootImpl( 2076): Dropping event due to no window focus: KeyEvent { action=ACTION_DOWN, keyCode=KEYCODE_PAGE_DOWN, scanCode=0, metaState=0, flags=0x8, repeatCount=0, eventTime=132709, downTime=132709, deviceId=-1, source=0x101 }
W/ViewRootImpl( 2076): Cancelling event due to no window focus: KeyEvent { action=ACTION_UP, keyCode=KEYCODE_PAGE_DOWN, scanCode=0, metaState=0, flags=0x28, repeatCount=0, eventTime=132735, downTime=132735, deviceId=-1, source=0x101 }
W/ViewRootImpl( 2076): Cancelling event due to no window focus: KeyEvent { action=ACTION_UP, keyCode=KEYCODE_PAGE_DOWN, scanCode=0, metaState=0, flags=0x28, repeatCount=0, eventTime=132735, downTime=132735, deviceId=-1, source=0x101 }
W/ViewRootImpl( 2076): Cancelling event due to no window focus: KeyEvent { action=ACTION_UP, keyCode=KEYCODE_PAGE_DOWN, scanCode=0, metaState=0, flags=0x28, repeatCount=0, eventTime=132735, downTime=132735, deviceId=-1, source=0x101 }
W/ViewRootImpl( 2076): Cancelling event due to no window focus: KeyEvent { action=ACTION_UP, keyCode=KEYCODE_PAGE_DOWN, scanCode=0, metaState=0, flags=0x28, repeatCount=0, eventTime=132735, downTime=132735, deviceId=-1, source=0x101 }
W/ViewRootImpl( 2076): Cancelling event due to no window focus: KeyEvent { action=ACTION_UP, keyCode=KEYCODE_PAGE_DOWN, scanCode=0, metaState=0, flags=0x28, repeatCount=0, eventTime=132735, downTime=132735, deviceId=-1, source=0x101 }
W/ViewRootImpl( 2076): Cancelling event due to no window focus: KeyEvent { action=ACTION_UP, keyCode=KEYCODE_PAGE_DOWN, scanCode=0, metaState=0, flags=0x28, repeatCount=0, eventTime=132735, downTime=132735, deviceId=-1, source=0x101 }
W/ViewRootImpl( 2076): Cancelling event due to no window focus: KeyEvent { action=ACTION_UP, keyCode=KEYCODE_PAGE_DOWN, scanCode=0, metaState=0, flags=0x28, repeatCount=0, eventTime=132735, downTime=132735, deviceId=-1, source=0x101 }
W/ViewRootImpl( 2076): Cancelling event due to no window focus: KeyEvent { action=ACTION_UP, keyCode=KEYCODE_PAGE_DOWN, scanCode=0, metaState=0, flags=0x28, repeatCount=0, eventTime=132735, downTime=132735, deviceId=-1, source=0x101 }
W/ViewRootImpl( 2076): Cancelling event due to no window focus: KeyEvent { action=ACTION_UP, keyCode=KEYCODE_PAGE_DOWN, scanCode=0, metaState=0, flags=0x28, repeatCount=0, eventTime=132735, downTime=132735, deviceId=-1, source=0x101 }
W/EGL_emulation( 2076): eglSurfaceAttrib not implemented
W/OpenGLRenderer( 2076): Failed to set EGL_SWAP_BEHAVIOR on surface 0xe158d140, error=EGL_SUCCESS
W/InputEventReceiver( 2076): Attempted to finish an input event but the input event receiver has already been disposed.
I/AppiumUnicodeIME(  916): onKeyDown (keyCode='19', event.keyCode='19', metaState='0')
W/AudioTrack(  738): AUDIO_OUTPUT_FLAG_FAST denied by client
I/AppiumUnicodeIME(  916): onKeyUp (keyCode='19', event.keyCode='19', metaState='0')
W/InputMethodManagerService(  738): Window already focused, ignoring focus gain of: com.android.internal.view.IInputMethodClient$Stub$Proxy@164d3263 attribute=null, token = android.os.BinderProxy@1f59bd71
I/AppiumUnicodeIME(  916): onKeyDown (keyCode='19', event.keyCode='19', metaState='0')
I/AppiumUnicodeIME(  916): onKeyUp (keyCode='19', event.keyCode='19', metaState='0')
I/AppiumUnicodeIME(  916): onKeyDown (keyCode='82', event.keyCode='82', metaState='0')
I/AppiumUnicodeIME(  916): onKeyUp (keyCode='82', event.keyCode='82', metaState='0')
I/AppiumUnicodeIME(  916): onKeyDown (keyCode='20', event.keyCode='20', metaState='0')
W/AudioTrack(  738): AUDIO_OUTPUT_FLAG_FAST denied by client
W/AudioTrack(  738): AUDIO_OUTPUT_FLAG_FAST denied by client
V/WindowManager(  738): Adding window Window{127b4f19 u0 PopupWindow:127ffb1a} at 3 of 9 (after Window{27544756 u0 com.zzl.falcon.internal/com.squareup.leakcanary.internal.DisplayLeakActivity})
I/AppiumUnicodeIME(  916): onKeyUp (keyCode='20', event.keyCode='20', metaState='0')
W/ViewRootImpl( 2076): Dropping event due to no window focus: KeyEvent { action=ACTION_DOWN, keyCode=KEYCODE_DPAD_DOWN, scanCode=0, metaState=0, flags=0x8, repeatCount=0, eventTime=133410, downTime=133410, deviceId=-1, source=0x101 }
W/ViewRootImpl( 2076): Cancelling event due to no window focus: KeyEvent { action=ACTION_UP, keyCode=KEYCODE_DPAD_DOWN, scanCode=0, metaState=0, flags=0x28, repeatCount=0, eventTime=133437, downTime=133437, deviceId=-1, source=0x101 }
W/ViewRootImpl( 2076): Cancelling event due to no window focus: KeyEvent { action=ACTION_UP, keyCode=KEYCODE_DPAD_DOWN, scanCode=0, metaState=0, flags=0x28, repeatCount=0, eventTime=133437, downTime=133437, deviceId=-1, source=0x101 }
W/ViewRootImpl( 2076): Cancelling event due to no window focus: KeyEvent { action=ACTION_UP, keyCode=KEYCODE_DPAD_DOWN, scanCode=0, metaState=0, flags=0x28, repeatCount=0, eventTime=133437, downTime=133437, deviceId=-1, source=0x101 }
W/ViewRootImpl( 2076): Cancelling event due to no window focus: KeyEvent { action=ACTION_UP, keyCode=KEYCODE_DPAD_DOWN, scanCode=0, metaState=0, flags=0x28, repeatCount=0, eventTime=133437, downTime=133437, deviceId=-1, source=0x101 }
W/ViewRootImpl( 2076): Cancelling event due to no window focus: KeyEvent { action=ACTION_UP, keyCode=KEYCODE_DPAD_DOWN, scanCode=0, metaState=0, flags=0x28, repeatCount=0, eventTime=133437, downTime=133437, deviceId=-1, source=0x101 }
W/ViewRootImpl( 2076): Cancelling event due to no window focus: KeyEvent { action=ACTION_UP, keyCode=KEYCODE_DPAD_DOWN, scanCode=0, metaState=0, flags=0x28, repeatCount=0, eventTime=133437, downTime=133437, deviceId=-1, source=0x101 }
W/ViewRootImpl( 2076): Cancelling event due to no window focus: KeyEvent { action=ACTION_UP, keyCode=KEYCODE_DPAD_DOWN, scanCode=0, metaState=0, flags=0x28, repeatCount=0, eventTime=133437, downTime=133437, deviceId=-1, source=0x101 }
W/ViewRootImpl( 2076): Cancelling event due to no window focus: KeyEvent { action=ACTION_UP, keyCode=KEYCODE_DPAD_DOWN, scanCode=0, metaState=0, flags=0x28, repeatCount=0, eventTime=133437, downTime=133437, deviceId=-1, source=0x101 }
W/ViewRootImpl( 2076): Cancelling event due to no window focus: KeyEvent { action=ACTION_UP, keyCode=KEYCODE_DPAD_DOWN, scanCode=0, metaState=0, flags=0x28, repeatCount=0, eventTime=133437, downTime=133437, deviceId=-1, source=0x101 }
W/ViewRootImpl( 2076): Dropping event due to no window focus: KeyEvent { action=ACTION_DOWN, keyCode=KEYCODE_DPAD_LEFT, scanCode=0, metaState=0, flags=0x8, repeatCount=0, eventTime=133440, downTime=133440, deviceId=-1, source=0x101 }
W/EGL_emulation( 2076): eglSurfaceAttrib not implemented
W/OpenGLRenderer( 2076): Failed to set EGL_SWAP_BEHAVIOR on surface 0xf3f71f20, error=EGL_SUCCESS
W/ViewRootImpl( 2076): Cancelling event due to no window focus: KeyEvent { action=ACTION_UP, keyCode=KEYCODE_DPAD_LEFT, scanCode=0, metaState=0, flags=0x28, repeatCount=0, eventTime=133441, downTime=133441, deviceId=-1, source=0x101 }
W/ViewRootImpl( 2076): Cancelling event due to no window focus: KeyEvent { action=ACTION_UP, keyCode=KEYCODE_DPAD_LEFT, scanCode=0, metaState=0, flags=0x28, repeatCount=0, eventTime=133441, downTime=133441, deviceId=-1, source=0x101 }
W/ViewRootImpl( 2076): Cancelling event due to no window focus: KeyEvent { action=ACTION_UP, keyCode=KEYCODE_DPAD_LEFT, scanCode=0, metaState=0, flags=0x28, repeatCount=0, eventTime=133441, downTime=133441, deviceId=-1, source=0x101 }
W/ViewRootImpl( 2076): Cancelling event due to no window focus: KeyEvent { action=ACTION_UP, keyCode=KEYCODE_DPAD_LEFT, scanCode=0, metaState=0, flags=0x28, repeatCount=0, eventTime=133441, downTime=133441, deviceId=-1, source=0x101 }
W/ViewRootImpl( 2076): Cancelling event due to no window focus: KeyEvent { action=ACTION_UP, keyCode=KEYCODE_DPAD_LEFT, scanCode=0, metaState=0, flags=0x28, repeatCount=0, eventTime=133441, downTime=133441, deviceId=-1, source=0x101 }
W/ViewRootImpl( 2076): Cancelling event due to no window focus: KeyEvent { action=ACTION_UP, keyCode=KEYCODE_DPAD_LEFT, scanCode=0, metaState=0, flags=0x28, repeatCount=0, eventTime=133441, downTime=133441, deviceId=-1, source=0x101 }
W/ViewRootImpl( 2076): Cancelling event due to no window focus: KeyEvent { action=ACTION_UP, keyCode=KEYCODE_DPAD_LEFT, scanCode=0, metaState=0, flags=0x28, repeatCount=0, eventTime=133441, downTime=133441, deviceId=-1, source=0x101 }
W/ViewRootImpl( 2076): Cancelling event due to no window focus: KeyEvent { action=ACTION_UP, keyCode=KEYCODE_DPAD_LEFT, scanCode=0, metaState=0, flags=0x28, repeatCount=0, eventTime=133441, downTime=133441, deviceId=-1, source=0x101 }
W/ViewRootImpl( 2076): Cancelling event due to no window focus: KeyEvent { action=ACTION_UP, keyCode=KEYCODE_DPAD_LEFT, scanCode=0, metaState=0, flags=0x28, repeatCount=0, eventTime=133441, downTime=133441, deviceId=-1, source=0x101 }
W/AudioTrack(  738): AUDIO_OUTPUT_FLAG_FAST denied by client
W/InputEventReceiver( 2076): Attempted to finish an input event but the input event receiver has already been disposed.
W/ViewRootImpl( 2076): Dropping event due to root view being removed: MotionEvent { action=ACTION_MOVE, id[0]=0, x[0]=152.38544, y[0]=558.7697, toolType[0]=TOOL_TYPE_UNKNOWN, buttonState=0, metaState=0, flags=0x0, edgeFlags=0x0, pointerCount=1, historySize=6, eventTime=133622, downTime=133614, deviceId=0, source=0x1002 }
W/InputEventReceiver( 2076): Attempted to finish an input event but the input event receiver has already been disposed.
W/ViewRootImpl( 2076): Dropping event due to root view being removed: MotionEvent { action=ACTION_UP, id[0]=0, x[0]=134.99103, y[0]=555.05536, toolType[0]=TOOL_TYPE_UNKNOWN, buttonState=0, metaState=0, flags=0x0, edgeFlags=0x0, pointerCount=1, historySize=0, eventTime=133624, downTime=133614, deviceId=0, source=0x1002 }
W/InputEventReceiver( 2076): Attempted to finish an input event but the input event receiver has already been disposed.
W/ViewRootImpl( 2076): Dropping event due to root view being removed: MotionEvent { action=ACTION_DOWN, id[0]=0, x[0]=-165.0, y[0]=1118.0, toolType[0]=TOOL_TYPE_UNKNOWN, buttonState=0, metaState=0, flags=0x0, edgeFlags=0x0, pointerCount=1, historySize=0, eventTime=133626, downTime=133626, deviceId=0, source=0x1002 }
W/InputEventReceiver( 2076): Attempted to finish an input event but the input event receiver has already been disposed.
W/ViewRootImpl( 2076): Dropping event due to root view being removed: MotionEvent { action=ACTION_MOVE, id[0]=0, x[0]=-180.8623, y[0]=1010.44617, toolType[0]=TOOL_TYPE_UNKNOWN, buttonState=0, metaState=0, flags=0x0, edgeFlags=0x0, pointerCount=1, historySize=8, eventTime=133642, downTime=133626, deviceId=0, source=0x1002 }
W/InputEventReceiver( 2076): Attempted to finish an input event but the input event receiver has already been disposed.
W/ViewRootImpl( 2076): Dropping event due to root view being removed: MotionEvent { action=ACTION_UP, id[0]=0, x[0]=-181.8763, y[0]=997.4376, toolType[0]=TOOL_TYPE_UNKNOWN, buttonState=0, metaState=0, flags=0x0, edgeFlags=0x0, pointerCount=1, historySize=0, eventTime=133644, downTime=133626, deviceId=0, source=0x1002 }
W/InputEventReceiver( 2076): Attempted to finish an input event but the input event receiver has already been disposed.
W/ViewRootImpl( 2076): Dropping event due to no window focus: KeyEvent { action=ACTION_DOWN, keyCode=KEYCODE_DPAD_CENTER, scanCode=0, metaState=0, flags=0x8, repeatCount=0, eventTime=133646, downTime=133646, deviceId=-1, source=0x101 }
W/ViewRootImpl( 2076): Cancelling event due to no window focus: KeyEvent { action=ACTION_UP, keyCode=KEYCODE_DPAD_CENTER, scanCode=0, metaState=0, flags=0x28, repeatCount=0, eventTime=133686, downTime=133686, deviceId=-1, source=0x101 }
W/ViewRootImpl( 2076): Cancelling event due to no window focus: KeyEvent { action=ACTION_UP, keyCode=KEYCODE_DPAD_CENTER, scanCode=0, metaState=0, flags=0x28, repeatCount=0, eventTime=133686, downTime=133686, deviceId=-1, source=0x101 }
W/ViewRootImpl( 2076): Cancelling event due to no window focus: KeyEvent { action=ACTION_UP, keyCode=KEYCODE_DPAD_CENTER, scanCode=0, metaState=0, flags=0x28, repeatCount=0, eventTime=133686, downTime=133686, deviceId=-1, source=0x101 }
I/AppiumUnicodeIME(  916): onKeyUp (keyCode='23', event.keyCode='23', metaState='0')
W/ViewRootImpl( 2076): Cancelling event due to no window focus: KeyEvent { action=ACTION_UP, keyCode=KEYCODE_DPAD_CENTER, scanCode=0, metaState=0, flags=0x28, repeatCount=0, eventTime=133686, downTime=133686, deviceId=-1, source=0x101 }
W/ViewRootImpl( 2076): Cancelling event due to no window focus: KeyEvent { action=ACTION_UP, keyCode=KEYCODE_DPAD_CENTER, scanCode=0, metaState=0, flags=0x28, repeatCount=0, eventTime=133686, downTime=133686, deviceId=-1, source=0x101 }
W/ViewRootImpl( 2076): Cancelling event due to no window focus: KeyEvent { action=ACTION_UP, keyCode=KEYCODE_DPAD_CENTER, scanCode=0, metaState=0, flags=0x28, repeatCount=0, eventTime=133686, downTime=133686, deviceId=-1, source=0x101 }
W/ViewRootImpl( 2076): Cancelling event due to no window focus: KeyEvent { action=ACTION_UP, keyCode=KEYCODE_DPAD_CENTER, scanCode=0, metaState=0, flags=0x28, repeatCount=0, eventTime=133686, downTime=133686, deviceId=-1, source=0x101 }
W/ViewRootImpl( 2076): Cancelling event due to no window focus: KeyEvent { action=ACTION_UP, keyCode=KEYCODE_DPAD_CENTER, scanCode=0, metaState=0, flags=0x28, repeatCount=0, eventTime=133686, downTime=133686, deviceId=-1, source=0x101 }
W/ViewRootImpl( 2076): Cancelling event due to no window focus: KeyEvent { action=ACTION_UP, keyCode=KEYCODE_DPAD_CENTER, scanCode=0, metaState=0, flags=0x28, repeatCount=0, eventTime=133686, downTime=133686, deviceId=-1, source=0x101 }
W/ViewRootImpl( 2076): Dropping event due to no window focus: MotionEvent { action=ACTION_MOVE, id[0]=0, x[0]=4.0, y[0]=-4.0, toolType[0]=TOOL_TYPE_UNKNOWN, buttonState=0, metaState=0, flags=0x0, edgeFlags=0x0, pointerCount=1, historySize=0, eventTime=133688, downTime=-1, deviceId=0, source=0x10004 }
W/InputMethodManagerService(  738): Window already focused, ignoring focus gain of: com.android.internal.view.IInputMethodClient$Stub$Proxy@36f07bde attribute=null, token = android.os.BinderProxy@1f59bd71
I/AppiumUnicodeIME(  916): onKeyDown (keyCode='21', event.keyCode='21', metaState='0')
I/AppiumUnicodeIME(  916): onKeyUp (keyCode='21', event.keyCode='21', metaState='0')
I/AppiumUnicodeIME(  916): onKeyDown (keyCode='21', event.keyCode='21', metaState='0')
I/AppiumUnicodeIME(  916): onKeyUp (keyCode='21', event.keyCode='21', metaState='0')
I/AppiumUnicodeIME(  916): onKeyDown (keyCode='21', event.keyCode='21', metaState='0')
I/AppiumUnicodeIME(  916): onKeyUp (keyCode='21', event.keyCode='21', metaState='0')
I/AppiumUnicodeIME(  916): onKeyDown (keyCode='21', event.keyCode='21', metaState='0')
I/AppiumUnicodeIME(  916): onKeyUp (keyCode='21', event.keyCode='21', metaState='0')
I/AppiumUnicodeIME(  916): onKeyDown (keyCode='82', event.keyCode='82', metaState='0')
I/AppiumUnicodeIME(  916): onKeyUp (keyCode='82', event.keyCode='82', metaState='0')
W/AudioTrack(  738): AUDIO_OUTPUT_FLAG_FAST denied by client
V/WindowManager(  738): Adding window Window{257e708c u0 PopupWindow:13f8b87d} at 3 of 9 (after Window{27544756 u0 com.zzl.falcon.internal/com.squareup.leakcanary.internal.DisplayLeakActivity})
I/ActivityManager(  738): START u0 {act=android.intent.action.MAIN cat=[android.intent.category.LAUNCHER] flg=0x10200000 cmp=com.zzl.falcon.internal/com.squareup.leakcanary.internal.DisplayLeakActivity} from uid 0 on display 0
W/ViewRootImpl( 2076): Cancelling event due to no window focus: KeyEvent { action=ACTION_UP, keyCode=KEYCODE_NUMPAD_4, scanCode=0, metaState=0, flags=0x28, repeatCount=0, eventTime=133960, downTime=133960, deviceId=-1, source=0x101 }
W/ViewRootImpl( 2076): Cancelling event due to no window focus: KeyEvent { action=ACTION_UP, keyCode=KEYCODE_NUMPAD_4, scanCode=0, metaState=0, flags=0x28, repeatCount=0, eventTime=133960, downTime=133960, deviceId=-1, source=0x101 }
W/ViewRootImpl( 2076): Cancelling event due to no window focus: KeyEvent { action=ACTION_UP, keyCode=KEYCODE_NUMPAD_4, scanCode=0, metaState=0, flags=0x28, repeatCount=0, eventTime=133960, downTime=133960, deviceId=-1, source=0x101 }
W/ViewRootImpl( 2076): Cancelling event due to no window focus: KeyEvent { action=ACTION_UP, keyCode=KEYCODE_NUMPAD_4, scanCode=0, metaState=0, flags=0x28, repeatCount=0, eventTime=133960, downTime=133960, deviceId=-1, source=0x101 }
W/ViewRootImpl( 2076): Cancelling event due to no window focus: KeyEvent { action=ACTION_UP, keyCode=KEYCODE_NUMPAD_4, scanCode=0, metaState=0, flags=0x28, repeatCount=0, eventTime=133960, downTime=133960, deviceId=-1, source=0x101 }
W/ViewRootImpl( 2076): Cancelling event due to no window focus: KeyEvent { action=ACTION_UP, keyCode=KEYCODE_NUMPAD_4, scanCode=0, metaState=0, flags=0x28, repeatCount=0, eventTime=133960, downTime=133960, deviceId=-1, source=0x101 }
W/ViewRootImpl( 2076): Cancelling event due to no window focus: KeyEvent { action=ACTION_UP, keyCode=KEYCODE_NUMPAD_4, scanCode=0, metaState=0, flags=0x28, repeatCount=0, eventTime=133960, downTime=133960, deviceId=-1, source=0x101 }
W/ViewRootImpl( 2076): Cancelling event due to no window focus: KeyEvent { action=ACTION_UP, keyCode=KEYCODE_NUMPAD_4, scanCode=0, metaState=0, flags=0x28, repeatCount=0, eventTime=133960, downTime=133960, deviceId=-1, source=0x101 }
W/ViewRootImpl( 2076): Cancelling event due to no window focus: KeyEvent { action=ACTION_UP, keyCode=KEYCODE_NUMPAD_4, scanCode=0, metaState=0, flags=0x28, repeatCount=0, eventTime=133960, downTime=133960, deviceId=-1, source=0x101 }
I/AppiumUnicodeIME(  916): onKeyDown (keyCode='148', event.keyCode='148', metaState='0')
I/AppiumUnicodeIME(  916): onKeyUp (keyCode='148', event.keyCode='148', metaState='0')
I/AppiumUnicodeIME(  916): onKeyDown (keyCode='21', event.keyCode='21', metaState='0')
W/ViewRootImpl( 2076): Dropping event due to no window focus: MotionEvent { action=ACTION_MOVE, id[0]=0, x[0]=0.0, y[0]=-3.0, toolType[0]=TOOL_TYPE_UNKNOWN, buttonState=0, metaState=0, flags=0x0, edgeFlags=0x0, pointerCount=1, historySize=0, eventTime=134008, downTime=-1, deviceId=0, source=0x10004 }
W/EGL_emulation( 2076): eglSurfaceAttrib not implemented
W/OpenGLRenderer( 2076): Failed to set EGL_SWAP_BEHAVIOR on surface 0xe14f8b40, error=EGL_SUCCESS
W/AudioTrack(  738): AUDIO_OUTPUT_FLAG_FAST denied by client
I/ActivityManager(  738): START u0 {act=android.intent.action.CHOOSER cmp=android/com.android.internal.app.ChooserActivity (has extras)} from uid 10074 on display 0
W/ViewRootImpl( 2076): Dropping event due to no window focus: KeyEvent { action=ACTION_DOWN, keyCode=KEYCODE_DPAD_UP, scanCode=0, metaState=0, flags=0x8, repeatCount=0, eventTime=134273, downTime=134273, deviceId=-1, source=0x101 }
W/ViewRootImpl( 2076): Cancelling event due to no window focus: KeyEvent { action=ACTION_UP, keyCode=KEYCODE_DPAD_UP, scanCode=0, metaState=0, flags=0x28, repeatCount=0, eventTime=134346, downTime=134346, deviceId=-1, source=0x101 }
W/ViewRootImpl( 2076): Cancelling event due to no window focus: KeyEvent { action=ACTION_UP, keyCode=KEYCODE_DPAD_UP, scanCode=0, metaState=0, flags=0x28, repeatCount=0, eventTime=134346, downTime=134346, deviceId=-1, source=0x101 }
W/ViewRootImpl( 2076): Cancelling event due to no window focus: KeyEvent { action=ACTION_UP, keyCode=KEYCODE_DPAD_UP, scanCode=0, metaState=0, flags=0x28, repeatCount=0, eventTime=134346, downTime=134346, deviceId=-1, source=0x101 }
I/AppiumUnicodeIME(  916): onKeyUp (keyCode='19', event.keyCode='19', metaState='0')
W/ViewRootImpl( 2076): Cancelling event due to no window focus: KeyEvent { action=ACTION_UP, keyCode=KEYCODE_DPAD_UP, scanCode=0, metaState=0, flags=0x28, repeatCount=0, eventTime=134346, downTime=134346, deviceId=-1, source=0x101 }
W/ViewRootImpl( 2076): Cancelling event due to no window focus: KeyEvent { action=ACTION_UP, keyCode=KEYCODE_DPAD_UP, scanCode=0, metaState=0, flags=0x28, repeatCount=0, eventTime=134346, downTime=134346, deviceId=-1, source=0x101 }
W/ViewRootImpl( 2076): Cancelling event due to no window focus: KeyEvent { action=ACTION_UP, keyCode=KEYCODE_DPAD_UP, scanCode=0, metaState=0, flags=0x28, repeatCount=0, eventTime=134346, downTime=134346, deviceId=-1, source=0x101 }
W/ViewRootImpl( 2076): Cancelling event due to no window focus: KeyEvent { action=ACTION_UP, keyCode=KEYCODE_DPAD_UP, scanCode=0, metaState=0, flags=0x28, repeatCount=0, eventTime=134346, downTime=134346, deviceId=-1, source=0x101 }
W/ViewRootImpl( 2076): Cancelling event due to no window focus: KeyEvent { action=ACTION_UP, keyCode=KEYCODE_DPAD_UP, scanCode=0, metaState=0, flags=0x28, repeatCount=0, eventTime=134346, downTime=134346, deviceId=-1, source=0x101 }
W/ViewRootImpl( 2076): Cancelling event due to no window focus: KeyEvent { action=ACTION_UP, keyCode=KEYCODE_DPAD_UP, scanCode=0, metaState=0, flags=0x28, repeatCount=0, eventTime=134346, downTime=134346, deviceId=-1, source=0x101 }
W/ViewRootImpl( 2076): Dropping event due to no window focus: KeyEvent { action=ACTION_DOWN, keyCode=KEYCODE_DPAD_UP, scanCode=0, metaState=0, flags=0x8, repeatCount=0, eventTime=134347, downTime=134347, deviceId=-1, source=0x101 }
W/ViewRootImpl( 2076): Cancelling event due to no window focus: KeyEvent { action=ACTION_UP, keyCode=KEYCODE_DPAD_UP, scanCode=0, metaState=0, flags=0x28, repeatCount=0, eventTime=134352, downTime=134352, deviceId=-1, source=0x101 }
W/ViewRootImpl( 2076): Cancelling event due to no window focus: KeyEvent { action=ACTION_UP, keyCode=KEYCODE_DPAD_UP, scanCode=0, metaState=0, flags=0x28, repeatCount=0, eventTime=134352, downTime=134352, deviceId=-1, source=0x101 }
W/ViewRootImpl( 2076): Cancelling event due to no window focus: KeyEvent { action=ACTION_UP, keyCode=KEYCODE_DPAD_UP, scanCode=0, metaState=0, flags=0x28, repeatCount=0, eventTime=134352, downTime=134352, deviceId=-1, source=0x101 }
I/AppiumUnicodeIME(  916): onKeyUp (keyCode='19', event.keyCode='19', metaState='0')
W/ViewRootImpl( 2076): Cancelling event due to no window focus: KeyEvent { action=ACTION_UP, keyCode=KEYCODE_DPAD_UP, scanCode=0, metaState=0, flags=0x28, repeatCount=0, eventTime=134352, downTime=134352, deviceId=-1, source=0x101 }
W/ViewRootImpl( 2076): Cancelling event due to no window focus: KeyEvent { action=ACTION_UP, keyCode=KEYCODE_DPAD_UP, scanCode=0, metaState=0, flags=0x28, repeatCount=0, eventTime=134352, downTime=134352, deviceId=-1, source=0x101 }
W/ViewRootImpl( 2076): Cancelling event due to no window focus: KeyEvent { action=ACTION_UP, keyCode=KEYCODE_DPAD_UP, scanCode=0, metaState=0, flags=0x28, repeatCount=0, eventTime=134352, downTime=134352, deviceId=-1, source=0x101 }
W/ViewRootImpl( 2076): Cancelling event due to no window focus: KeyEvent { action=ACTION_UP, keyCode=KEYCODE_DPAD_UP, scanCode=0, metaState=0, flags=0x28, repeatCount=0, eventTime=134352, downTime=134352, deviceId=-1, source=0x101 }
W/ViewRootImpl( 2076): Cancelling event due to no window focus: KeyEvent { action=ACTION_UP, keyCode=KEYCODE_DPAD_UP, scanCode=0, metaState=0, flags=0x28, repeatCount=0, eventTime=134352, downTime=134352, deviceId=-1, source=0x101 }
W/ViewRootImpl( 2076): Cancelling event due to no window focus: KeyEvent { action=ACTION_UP, keyCode=KEYCODE_DPAD_UP, scanCode=0, metaState=0, flags=0x28, repeatCount=0, eventTime=134352, downTime=134352, deviceId=-1, source=0x101 }
W/ViewRootImpl( 2076): Dropping event due to no window focus: KeyEvent { action=ACTION_DOWN, keyCode=KEYCODE_DPAD_LEFT, scanCode=0, metaState=0, flags=0x8, repeatCount=0, eventTime=134356, downTime=134356, deviceId=-1, source=0x101 }
W/ViewRootImpl( 2076): Cancelling event due to no window focus: KeyEvent { action=ACTION_UP, keyCode=KEYCODE_DPAD_LEFT, scanCode=0, metaState=0, flags=0x28, repeatCount=0, eventTime=134363, downTime=134363, deviceId=-1, source=0x101 }
W/ViewRootImpl( 2076): Cancelling event due to no window focus: KeyEvent { action=ACTION_UP, keyCode=KEYCODE_DPAD_LEFT, scanCode=0, metaState=0, flags=0x28, repeatCount=0, eventTime=134363, downTime=134363, deviceId=-1, source=0x101 }
W/ViewRootImpl( 2076): Cancelling event due to no window focus: KeyEvent { action=ACTION_UP, keyCode=KEYCODE_DPAD_LEFT, scanCode=0, metaState=0, flags=0x28, repeatCount=0, eventTime=134363, downTime=134363, deviceId=-1, source=0x101 }
I/AppiumUnicodeIME(  916): onKeyUp (keyCode='21', event.keyCode='21', metaState='0')
W/ViewRootImpl( 2076): Cancelling event due to no window focus: KeyEvent { action=ACTION_UP, keyCode=KEYCODE_DPAD_LEFT, scanCode=0, metaState=0, flags=0x28, repeatCount=0, eventTime=134363, downTime=134363, deviceId=-1, source=0x101 }
W/ViewRootImpl( 2076): Cancelling event due to no window focus: KeyEvent { action=ACTION_UP, keyCode=KEYCODE_DPAD_LEFT, scanCode=0, metaState=0, flags=0x28, repeatCount=0, eventTime=134363, downTime=134363, deviceId=-1, source=0x101 }
W/ViewRootImpl( 2076): Cancelling event due to no window focus: KeyEvent { action=ACTION_UP, keyCode=KEYCODE_DPAD_LEFT, scanCode=0, metaState=0, flags=0x28, repeatCount=0, eventTime=134363, downTime=134363, deviceId=-1, source=0x101 }
W/ViewRootImpl( 2076): Cancelling event due to no window focus: KeyEvent { action=ACTION_UP, keyCode=KEYCODE_DPAD_LEFT, scanCode=0, metaState=0, flags=0x28, repeatCount=0, eventTime=134363, downTime=134363, deviceId=-1, source=0x101 }
W/ViewRootImpl( 2076): Cancelling event due to no window focus: KeyEvent { action=ACTION_UP, keyCode=KEYCODE_DPAD_LEFT, scanCode=0, metaState=0, flags=0x28, repeatCount=0, eventTime=134363, downTime=134363, deviceId=-1, source=0x101 }
W/ViewRootImpl( 2076): Cancelling event due to no window focus: KeyEvent { action=ACTION_UP, keyCode=KEYCODE_DPAD_LEFT, scanCode=0, metaState=0, flags=0x28, repeatCount=0, eventTime=134363, downTime=134363, deviceId=-1, source=0x101 }
W/ViewRootImpl( 2076): Dropping event due to no window focus: KeyEvent { action=ACTION_DOWN, keyCode=KEYCODE_DPAD_LEFT, scanCode=0, metaState=0, flags=0x8, repeatCount=0, eventTime=134366, downTime=134366, deviceId=-1, source=0x101 }
I/ActivityManager(  738): START u0 {act=android.intent.action.MAIN cat=[android.intent.category.LAUNCHER] flg=0x10200000 cmp=com.zzl.falcon.internal/com.zzl.falcon.EntranceActivity} from uid 0 on display 0
V/WindowManager(  738): addAppToken: AppWindowToken{386c8adb token=Token{150477ea ActivityRecord{1568c3d5 u0 com.zzl.falcon.internal/com.zzl.falcon.EntranceActivity t312}}} to stack=1 task=312 at 0
D/PermissionCache(  773): checking android.permission.READ_FRAME_BUFFER for uid=1000 => granted (136 us)
W/ViewRootImpl( 2076): Cancelling event due to no window focus: KeyEvent { action=ACTION_UP, keyCode=KEYCODE_DPAD_LEFT, scanCode=0, metaState=0, flags=0x28, repeatCount=0, eventTime=134368, downTime=134368, deviceId=-1, source=0x101 }
W/ViewRootImpl( 2076): Cancelling event due to no window focus: KeyEvent { action=ACTION_UP, keyCode=KEYCODE_DPAD_LEFT, scanCode=0, metaState=0, flags=0x28, repeatCount=0, eventTime=134368, downTime=134368, deviceId=-1, source=0x101 }
W/ViewRootImpl( 2076): Cancelling event due to no window focus: KeyEvent { action=ACTION_UP, keyCode=KEYCODE_DPAD_LEFT, scanCode=0, metaState=0, flags=0x28, repeatCount=0, eventTime=134368, downTime=134368, deviceId=-1, source=0x101 }
I/AppiumUnicodeIME(  916): onKeyUp (keyCode='21', event.keyCode='21', metaState='0')
W/ViewRootImpl( 2076): Cancelling event due to no window focus: KeyEvent { action=ACTION_UP, keyCode=KEYCODE_DPAD_LEFT, scanCode=0, metaState=0, flags=0x28, repeatCount=0, eventTime=134368, downTime=134368, deviceId=-1, source=0x101 }
W/ViewRootImpl( 2076): Cancelling event due to no window focus: KeyEvent { action=ACTION_UP, keyCode=KEYCODE_DPAD_LEFT, scanCode=0, metaState=0, flags=0x28, repeatCount=0, eventTime=134368, downTime=134368, deviceId=-1, source=0x101 }
W/ViewRootImpl( 2076): Cancelling event due to no window focus: KeyEvent { action=ACTION_UP, keyCode=KEYCODE_DPAD_LEFT, scanCode=0, metaState=0, flags=0x28, repeatCount=0, eventTime=134368, downTime=134368, deviceId=-1, source=0x101 }
