W/ViewRootImpl( 2076): Dropping event due to root view being removed: MotionEvent { action=ACTION_UP, id[0]=0, x[0]=137.47507, y[0]=672.1592, toolType[0]=TOOL_TYPE_UNKNOWN, buttonState=0, metaState=0, flags=0x0, edgeFlags=0x0, pointerCount=1, historySize=0, eventTime=1094512, downTime=1094511, deviceId=0, source=0x1002 }
W/InputEventReceiver( 2076): Attempted to finish an input event but the input event receiver has already been disposed.
W/ViewRootImpl( 2076): Dropping event due to no window focus: KeyEvent { action=ACTION_DOWN, keyCode=KEYCODE_DPAD_LEFT, scanCode=0, metaState=0, flags=0x8, repeatCount=0, eventTime=1094515, downTime=1094515, deviceId=-1, source=0x101 }
W/ViewRootImpl( 2076): Cancelling event due to no window focus: KeyEvent { action=ACTION_UP, keyCode=KEYCODE_DPAD_LEFT, scanCode=0, metaState=0, flags=0x28, repeatCount=0, eventTime=1094554, downTime=1094554, deviceId=-1, source=0x101 }
W/ViewRootImpl( 2076): Cancelling event due to no window focus: KeyEvent { action=ACTION_UP, keyCode=KEYCODE_DPAD_LEFT, scanCode=0, metaState=0, flags=0x28, repeatCount=0, eventTime=1094554, downTime=1094554, deviceId=-1, source=0x101 }
W/ViewRootImpl( 2076): Cancelling event due to no window focus: KeyEvent { action=ACTION_UP, keyCode=KEYCODE_DPAD_LEFT, scanCode=0, metaState=0, flags=0x28, repeatCount=0, eventTime=1094554, downTime=1094554, deviceId=-1, source=0x101 }
I/AppiumUnicodeIME(  916): onKeyUp (keyCode='21', event.keyCode='21', metaState='0')
W/ViewRootImpl( 2076): Cancelling event due to no window focus: KeyEvent { action=ACTION_UP, keyCode=KEYCODE_DPAD_LEFT, scanCode=0, metaState=0, flags=0x28, repeatCount=0, eventTime=1094554, downTime=1094554, deviceId=-1, source=0x101 }
W/ViewRootImpl( 2076): Cancelling event due to no window focus: KeyEvent { action=ACTION_UP, keyCode=KEYCODE_DPAD_LEFT, scanCode=0, metaState=0, flags=0x28, repeatCount=0, eventTime=1094554, downTime=1094554, deviceId=-1, source=0x101 }
W/ViewRootImpl( 2076): Cancelling event due to no window focus: KeyEvent { action=ACTION_UP, keyCode=KEYCODE_DPAD_LEFT, scanCode=0, metaState=0, flags=0x28, repeatCount=0, eventTime=1094554, downTime=1094554, deviceId=-1, source=0x101 }
W/ViewRootImpl( 2076): Cancelling event due to no window focus: KeyEvent { action=ACTION_UP, keyCode=KEYCODE_DPAD_LEFT, scanCode=0, metaState=0, flags=0x28, repeatCount=0, eventTime=1094554, downTime=1094554, deviceId=-1, source=0x101 }
W/ViewRootImpl( 2076): Cancelling event due to no window focus: KeyEvent { action=ACTION_UP, keyCode=KEYCODE_DPAD_LEFT, scanCode=0, metaState=0, flags=0x28, repeatCount=0, eventTime=1094554, downTime=1094554, deviceId=-1, source=0x101 }
W/ViewRootImpl( 2076): Cancelling event due to no window focus: KeyEvent { action=ACTION_UP, keyCode=KEYCODE_DPAD_LEFT, scanCode=0, metaState=0, flags=0x28, repeatCount=0, eventTime=1094554, downTime=1094554, deviceId=-1, source=0x101 }
W/ViewRootImpl( 2076): Dropping event due to no window focus: KeyEvent { action=ACTION_DOWN, keyCode=KEYCODE_12, scanCode=0, metaState=0, flags=0x8, repeatCount=0, eventTime=1094570, downTime=1094570, deviceId=-1, source=0x101 }
W/ViewRootImpl( 2076): Cancelling event due to no window focus: KeyEvent { action=ACTION_UP, keyCode=KEYCODE_12, scanCode=0, metaState=0, flags=0x28, repeatCount=0, eventTime=1094585, downTime=1094585, deviceId=-1, source=0x101 }
W/ViewRootImpl( 2076): Cancelling event due to no window focus: KeyEvent { action=ACTION_UP, keyCode=KEYCODE_12, scanCode=0, metaState=0, flags=0x28, repeatCount=0, eventTime=1094585, downTime=1094585, deviceId=-1, source=0x101 }
W/ViewRootImpl( 2076): Cancelling event due to no window focus: KeyEvent { action=ACTION_UP, keyCode=KEYCODE_12, scanCode=0, metaState=0, flags=0x28, repeatCount=0, eventTime=1094585, downTime=1094585, deviceId=-1, source=0x101 }
I/AppiumUnicodeIME(  916): onKeyUp (keyCode='228', event.keyCode='228', metaState='0')
W/ViewRootImpl( 2076): Cancelling event due to no window focus: KeyEvent { action=ACTION_UP, keyCode=KEYCODE_12, scanCode=0, metaState=0, flags=0x28, repeatCount=0, eventTime=1094585, downTime=1094585, deviceId=-1, source=0x101 }
W/ViewRootImpl( 2076): Cancelling event due to no window focus: KeyEvent { action=ACTION_UP, keyCode=KEYCODE_12, scanCode=0, metaState=0, flags=0x28, repeatCount=0, eventTime=1094585, downTime=1094585, deviceId=-1, source=0x101 }
W/ViewRootImpl( 2076): Cancelling event due to no window focus: KeyEvent { action=ACTION_UP, keyCode=KEYCODE_12, scanCode=0, metaState=0, flags=0x28, repeatCount=0, eventTime=1094585, downTime=1094585, deviceId=-1, source=0x101 }
W/ViewRootImpl( 2076): Cancelling event due to no window focus: KeyEvent { action=ACTION_UP, keyCode=KEYCODE_12, scanCode=0, metaState=0, flags=0x28, repeatCount=0, eventTime=1094585, downTime=1094585, deviceId=-1, source=0x101 }
W/ViewRootImpl( 2076): Cancelling event due to no window focus: KeyEvent { action=ACTION_UP, keyCode=KEYCODE_12, scanCode=0, metaState=0, flags=0x28, repeatCount=0, eventTime=1094585, downTime=1094585, deviceId=-1, source=0x101 }
W/ViewRootImpl( 2076): Cancelling event due to no window focus: KeyEvent { action=ACTION_UP, keyCode=KEYCODE_12, scanCode=0, metaState=0, flags=0x28, repeatCount=0, eventTime=1094585, downTime=1094585, deviceId=-1, source=0x101 }
W/InputMethodManagerService(  738): Window already focused, ignoring focus gain of: com.android.internal.view.IInputMethodClient$Stub$Proxy@286b8e36 attribute=null, token = android.os.BinderProxy@1f59bd71
I/AppiumUnicodeIME(  916): onKeyDown (keyCode='21', event.keyCode='21', metaState='0')
W/AudioTrack(  738): AUDIO_OUTPUT_FLAG_FAST denied by client
I/AppiumUnicodeIME(  916): onKeyUp (keyCode='21', event.keyCode='21', metaState='0')
V/WindowManager(  738): Adding window Window{5b1e6a4 u0 PopupWindow:8da5598} at 6 of 12 (after Window{27544756 u0 com.zzl.falcon.internal/com.squareup.leakcanary.internal.DisplayLeakActivity})
W/ViewRootImpl( 2076): Dropping event due to no window focus: KeyEvent { action=ACTION_DOWN, keyCode=KEYCODE_DPAD_RIGHT, scanCode=0, metaState=0, flags=0x8, repeatCount=0, eventTime=1094648, downTime=1094648, deviceId=-1, source=0x101 }
W/EGL_emulation( 2076): eglSurfaceAttrib not implemented
W/OpenGLRenderer( 2076): Failed to set EGL_SWAP_BEHAVIOR on surface 0xe150e4c0, error=EGL_SUCCESS
W/ViewRootImpl( 2076): Cancelling event due to no window focus: KeyEvent { action=ACTION_UP, keyCode=KEYCODE_DPAD_RIGHT, scanCode=0, metaState=0, flags=0x28, repeatCount=0, eventTime=1094796, downTime=1094796, deviceId=-1, source=0x101 }
W/ViewRootImpl( 2076): Cancelling event due to no window focus: KeyEvent { action=ACTION_UP, keyCode=KEYCODE_DPAD_RIGHT, scanCode=0, metaState=0, flags=0x28, repeatCount=0, eventTime=1094796, downTime=1094796, deviceId=-1, source=0x101 }
W/ViewRootImpl( 2076): Cancelling event due to no window focus: KeyEvent { action=ACTION_UP, keyCode=KEYCODE_DPAD_RIGHT, scanCode=0, metaState=0, flags=0x28, repeatCount=0, eventTime=1094796, downTime=1094796, deviceId=-1, source=0x101 }
W/ViewRootImpl( 2076): Cancelling event due to no window focus: KeyEvent { action=ACTION_UP, keyCode=KEYCODE_DPAD_RIGHT, scanCode=0, metaState=0, flags=0x28, repeatCount=0, eventTime=1094796, downTime=1094796, deviceId=-1, source=0x101 }
W/ViewRootImpl( 2076): Cancelling event due to no window focus: KeyEvent { action=ACTION_UP, keyCode=KEYCODE_DPAD_RIGHT, scanCode=0, metaState=0, flags=0x28, repeatCount=0, eventTime=1094796, downTime=1094796, deviceId=-1, source=0x101 }
W/ViewRootImpl( 2076): Cancelling event due to no window focus: KeyEvent { action=ACTION_UP, keyCode=KEYCODE_DPAD_RIGHT, scanCode=0, metaState=0, flags=0x28, repeatCount=0, eventTime=1094796, downTime=1094796, deviceId=-1, source=0x101 }
W/ViewRootImpl( 2076): Cancelling event due to no window focus: KeyEvent { action=ACTION_UP, keyCode=KEYCODE_DPAD_RIGHT, scanCode=0, metaState=0, flags=0x28, repeatCount=0, eventTime=1094796, downTime=1094796, deviceId=-1, source=0x101 }
W/ViewRootImpl( 2076): Cancelling event due to no window focus: KeyEvent { action=ACTION_UP, keyCode=KEYCODE_DPAD_RIGHT, scanCode=0, metaState=0, flags=0x28, repeatCount=0, eventTime=1094796, downTime=1094796, deviceId=-1, source=0x101 }
W/ViewRootImpl( 2076): Cancelling event due to no window focus: KeyEvent { action=ACTION_UP, keyCode=KEYCODE_DPAD_RIGHT, scanCode=0, metaState=0, flags=0x28, repeatCount=0, eventTime=1094796, downTime=1094796, deviceId=-1, source=0x101 }
W/InputEventReceiver( 2076): Attempted to finish an input event but the input event receiver has already been disposed.
I/AppiumUnicodeIME(  916): onKeyDown (keyCode='168', event.keyCode='168', metaState='0')
W/ViewRootImpl( 2076): Cancelling event due to no window focus: KeyEvent { action=ACTION_UP, keyCode=KEYCODE_ZOOM_IN, scanCode=0, metaState=0, flags=0x28, repeatCount=0, eventTime=1095056, downTime=1095056, deviceId=-1, source=0x101 }
W/ViewRootImpl( 2076): Cancelling event due to no window focus: KeyEvent { action=ACTION_UP, keyCode=KEYCODE_ZOOM_IN, scanCode=0, metaState=0, flags=0x28, repeatCount=0, eventTime=1095056, downTime=1095056, deviceId=-1, source=0x101 }
W/ViewRootImpl( 2076): Cancelling event due to no window focus: KeyEvent { action=ACTION_UP, keyCode=KEYCODE_ZOOM_IN, scanCode=0, metaState=0, flags=0x28, repeatCount=0, eventTime=1095056, downTime=1095056, deviceId=-1, source=0x101 }
I/AppiumUnicodeIME(  916): onKeyUp (keyCode='168', event.keyCode='168', metaState='0')
W/InputMethodManagerService(  738): Window already focused, ignoring focus gain of: com.android.internal.view.IInputMethodClient$Stub$Proxy@27dd5c0d attribute=null, token = android.os.BinderProxy@1f59bd71
I/AppiumUnicodeIME(  916): onKeyDown (keyCode='23', event.keyCode='23', metaState='0')
I/AppiumUnicodeIME(  916): onKeyUp (keyCode='23', event.keyCode='23', metaState='0')
I/AppiumUnicodeIME(  916): onKeyDown (keyCode='16', event.keyCode='16', metaState='0')
I/AppiumUnicodeIME(  916): onKeyUp (keyCode='16', event.keyCode='16', metaState='0')
I/AppiumUnicodeIME(  916): onKeyDown (keyCode='160', event.keyCode='160', metaState='0')
W/AudioTrack(  738): AUDIO_OUTPUT_FLAG_FAST denied by client
I/AppiumUnicodeIME(  916): onKeyDown (keyCode='66', event.keyCode='66', metaState='0')
I/AppiumUnicodeIME(  916): onKeyUp (keyCode='160', event.keyCode='160', metaState='0')
I/AppiumUnicodeIME(  916): onKeyUp (keyCode='66', event.keyCode='66', metaState='0')
W/AudioTrack(  738): AUDIO_OUTPUT_FLAG_FAST denied by client
I/AppiumUnicodeIME(  916): onKeyDown (keyCode='21', event.keyCode='21', metaState='0')
I/AppiumUnicodeIME(  916): onKeyUp (keyCode='21', event.keyCode='21', metaState='0')
W/ViewRootImpl(  738): Dropping event due to no window focus: KeyEvent { action=ACTION_DOWN, keyCode=KEYCODE_F11, scanCode=0, metaState=0, flags=0x8, repeatCount=0, eventTime=1095614, downTime=1095614, deviceId=-1, source=0x101 }
W/ViewRootImpl(  738): Cancelling event due to no window focus: KeyEvent { action=ACTION_UP, keyCode=KEYCODE_F11, scanCode=0, metaState=0, flags=0x28, repeatCount=0, eventTime=1095663, downTime=1095663, deviceId=-1, source=0x101 }
W/ViewRootImpl(  738): Cancelling event due to no window focus: KeyEvent { action=ACTION_UP, keyCode=KEYCODE_F11, scanCode=0, metaState=0, flags=0x28, repeatCount=0, eventTime=1095663, downTime=1095663, deviceId=-1, source=0x101 }
W/ViewRootImpl(  738): Cancelling event due to no window focus: KeyEvent { action=ACTION_UP, keyCode=KEYCODE_F11, scanCode=0, metaState=0, flags=0x28, repeatCount=0, eventTime=1095663, downTime=1095663, deviceId=-1, source=0x101 }
W/ViewRootImpl(  738): Cancelling event due to no window focus: KeyEvent { action=ACTION_UP, keyCode=KEYCODE_F11, scanCode=0, metaState=0, flags=0x28, repeatCount=0, eventTime=1095663, downTime=1095663, deviceId=-1, source=0x101 }
W/ViewRootImpl(  738): Cancelling event due to no window focus: KeyEvent { action=ACTION_UP, keyCode=KEYCODE_F11, scanCode=0, metaState=0, flags=0x28, repeatCount=0, eventTime=1095663, downTime=1095663, deviceId=-1, source=0x101 }
W/ViewRootImpl(  738): Cancelling event due to no window focus: KeyEvent { action=ACTION_UP, keyCode=KEYCODE_F11, scanCode=0, metaState=0, flags=0x28, repeatCount=0, eventTime=1095663, downTime=1095663, deviceId=-1, source=0x101 }
W/ViewRootImpl(  738): Cancelling event due to no window focus: KeyEvent { action=ACTION_UP, keyCode=KEYCODE_F11, scanCode=0, metaState=0, flags=0x28, repeatCount=0, eventTime=1095663, downTime=1095663, deviceId=-1, source=0x101 }
W/ViewRootImpl(  738): Cancelling event due to no window focus: KeyEvent { action=ACTION_UP, keyCode=KEYCODE_F11, scanCode=0, metaState=0, flags=0x28, repeatCount=0, eventTime=1095663, downTime=1095663, deviceId=-1, source=0x101 }
W/ViewRootImpl(  738): Cancelling event due to no window focus: KeyEvent { action=ACTION_UP, keyCode=KEYCODE_F11, scanCode=0, metaState=0, flags=0x28, repeatCount=0, eventTime=1095663, downTime=1095663, deviceId=-1, source=0x101 }
W/ViewRootImpl(  738): Dropping event due to no window focus: KeyEvent { action=ACTION_DOWN, keyCode=KEYCODE_3D_MODE, scanCode=0, metaState=0, flags=0x8, repeatCount=0, eventTime=1095663, downTime=1095663, deviceId=-1, source=0x101 }
I/AppiumUnicodeIME(  916): onKeyUp (keyCode='63', event.keyCode='63', metaState='0')
W/EGL_emulation(  738): eglSurfaceAttrib not implemented
W/OpenGLRenderer(  738): Failed to set EGL_SWAP_BEHAVIOR on surface 0xdf486fa0, error=EGL_SUCCESS
W/ViewRootImpl(  738): Cancelling event due to no window focus: KeyEvent { action=ACTION_UP, keyCode=KEYCODE_3D_MODE, scanCode=0, metaState=0, flags=0x28, repeatCount=0, eventTime=1095664, downTime=1095664, deviceId=-1, source=0x101 }
W/ViewRootImpl(  738): Cancelling event due to no window focus: KeyEvent { action=ACTION_UP, keyCode=KEYCODE_3D_MODE, scanCode=0, metaState=0, flags=0x28, repeatCount=0, eventTime=1095664, downTime=1095664, deviceId=-1, source=0x101 }
W/ViewRootImpl(  738): Cancelling event due to no window focus: KeyEvent { action=ACTION_UP, keyCode=KEYCODE_3D_MODE, scanCode=0, metaState=0, flags=0x28, repeatCount=0, eventTime=1095664, downTime=1095664, deviceId=-1, source=0x101 }
W/ViewRootImpl(  738): Cancelling event due to no window focus: KeyEvent { action=ACTION_UP, keyCode=KEYCODE_3D_MODE, scanCode=0, metaState=0, flags=0x28, repeatCount=0, eventTime=1095664, downTime=1095664, deviceId=-1, source=0x101 }
W/ViewRootImpl(  738): Cancelling event due to no window focus: KeyEvent { action=ACTION_UP, keyCode=KEYCODE_3D_MODE, scanCode=0, metaState=0, flags=0x28, repeatCount=0, eventTime=1095664, downTime=1095664, deviceId=-1, source=0x101 }
W/ViewRootImpl(  738): Cancelling event due to no window focus: KeyEvent { action=ACTION_UP, keyCode=KEYCODE_3D_MODE, scanCode=0, metaState=0, flags=0x28, repeatCount=0, eventTime=1095664, downTime=1095664, deviceId=-1, source=0x101 }
W/ViewRootImpl(  738): Cancelling event due to no window focus: KeyEvent { action=ACTION_UP, keyCode=KEYCODE_3D_MODE, scanCode=0, metaState=0, flags=0x28, repeatCount=0, eventTime=1095664, downTime=1095664, deviceId=-1, source=0x101 }
W/ViewRootImpl(  738): Cancelling event due to no window focus: KeyEvent { action=ACTION_UP, keyCode=KEYCODE_3D_MODE, scanCode=0, metaState=0, flags=0x28, repeatCount=0, eventTime=1095664, downTime=1095664, deviceId=-1, source=0x101 }
W/ViewRootImpl(  738): Cancelling event due to no window focus: KeyEvent { action=ACTION_UP, keyCode=KEYCODE_3D_MODE, scanCode=0, metaState=0, flags=0x28, repeatCount=0, eventTime=1095664, downTime=1095664, deviceId=-1, source=0x101 }
W/ViewRootImpl(  738): Dropping event due to no window focus: KeyEvent { action=ACTION_DOWN, keyCode=KEYCODE_MENU, scanCode=0, metaState=0, flags=0x8, repeatCount=0, eventTime=1095665, downTime=1095665, deviceId=-1, source=0x101 }
W/ViewRootImpl(  738): Cancelling event due to no window focus: KeyEvent { action=ACTION_UP, keyCode=KEYCODE_MENU, scanCode=0, metaState=0, flags=0x28, repeatCount=0, eventTime=1095924, downTime=1095924, deviceId=-1, source=0x101 }
W/ViewRootImpl(  738): Cancelling event due to no window focus: KeyEvent { action=ACTION_UP, keyCode=KEYCODE_MENU, scanCode=0, metaState=0, flags=0x28, repeatCount=0, eventTime=1095924, downTime=1095924, deviceId=-1, source=0x101 }
W/ViewRootImpl(  738): Cancelling event due to no window focus: KeyEvent { action=ACTION_UP, keyCode=KEYCODE_MENU, scanCode=0, metaState=0, flags=0x28, repeatCount=0, eventTime=1095924, downTime=1095924, deviceId=-1, source=0x101 }
W/ViewRootImpl(  738): Cancelling event due to no window focus: KeyEvent { action=ACTION_UP, keyCode=KEYCODE_MENU, scanCode=0, metaState=0, flags=0x28, repeatCount=0, eventTime=1095924, downTime=1095924, deviceId=-1, source=0x101 }
W/ViewRootImpl(  738): Cancelling event due to no window focus: KeyEvent { action=ACTION_UP, keyCode=KEYCODE_MENU, scanCode=0, metaState=0, flags=0x28, repeatCount=0, eventTime=1095924, downTime=1095924, deviceId=-1, source=0x101 }
W/ViewRootImpl(  738): Cancelling event due to no window focus: KeyEvent { action=ACTION_UP, keyCode=KEYCODE_MENU, scanCode=0, metaState=0, flags=0x28, repeatCount=0, eventTime=1095924, downTime=1095924, deviceId=-1, source=0x101 }
I/ActivityManager(  738): START u0 {act=android.speech.action.WEB_SEARCH} from uid 1000 on display 0
W/ViewRootImpl( 2076): Dropping event due to no window focus: KeyEvent { action=ACTION_DOWN, keyCode=KEYCODE_DVR, scanCode=0, metaState=0, flags=0x8, repeatCount=0, eventTime=1096385, downTime=1096385, deviceId=-1, source=0x101 }
W/InputEventReceiver(  738): Attempted to finish an input event but the input event receiver has already been disposed.
W/ViewRootImpl( 2076): Cancelling event due to no window focus: KeyEvent { action=ACTION_UP, keyCode=KEYCODE_DVR, scanCode=0, metaState=0, flags=0x28, repeatCount=0, eventTime=1096595, downTime=1096595, deviceId=-1, source=0x101 }
W/ViewRootImpl( 2076): Cancelling event due to no window focus: KeyEvent { action=ACTION_UP, keyCode=KEYCODE_DVR, scanCode=0, metaState=0, flags=0x28, repeatCount=0, eventTime=1096595, downTime=1096595, deviceId=-1, source=0x101 }
W/ViewRootImpl( 2076): Cancelling event due to no window focus: KeyEvent { action=ACTION_UP, keyCode=KEYCODE_DVR, scanCode=0, metaState=0, flags=0x28, repeatCount=0, eventTime=1096595, downTime=1096595, deviceId=-1, source=0x101 }
I/AppiumUnicodeIME(  916): onKeyUp (keyCode='173', event.keyCode='173', metaState='0')
W/ViewRootImpl(  738): Dropping event due to root view being removed: MotionEvent { action=ACTION_UP, id[0]=0, x[0]=447.26157, y[0]=-228.69641, toolType[0]=TOOL_TYPE_UNKNOWN, buttonState=0, metaState=0, flags=0x0, edgeFlags=0x0, pointerCount=1, historySize=0, eventTime=1096380, downTime=1096378, deviceId=0, source=0x1002 }
W/InputEventReceiver(  738): Attempted to finish an input event but the input event receiver has already been disposed.
W/ViewRootImpl( 2076): Cancelling event due to no window focus: KeyEvent { action=ACTION_UP, keyCode=KEYCODE_DVR, scanCode=0, metaState=0, flags=0x28, repeatCount=0, eventTime=1096595, downTime=1096595, deviceId=-1, source=0x101 }
W/ViewRootImpl( 2076): Cancelling event due to no window focus: KeyEvent { action=ACTION_UP, keyCode=KEYCODE_DVR, scanCode=0, metaState=0, flags=0x28, repeatCount=0, eventTime=1096595, downTime=1096595, deviceId=-1, source=0x101 }
W/ViewRootImpl( 2076): Cancelling event due to no window focus: KeyEvent { action=ACTION_UP, keyCode=KEYCODE_DVR, scanCode=0, metaState=0, flags=0x28, repeatCount=0, eventTime=1096595, downTime=1096595, deviceId=-1, source=0x101 }
W/ViewRootImpl( 2076): Cancelling event due to no window focus: KeyEvent { action=ACTION_UP, keyCode=KEYCODE_DVR, scanCode=0, metaState=0, flags=0x28, repeatCount=0, eventTime=1096595, downTime=1096595, deviceId=-1, source=0x101 }
W/ViewRootImpl( 2076): Cancelling event due to no window focus: KeyEvent { action=ACTION_UP, keyCode=KEYCODE_DVR, scanCode=0, metaState=0, flags=0x28, repeatCount=0, eventTime=1096595, downTime=1096595, deviceId=-1, source=0x101 }
W/ViewRootImpl( 2076): Cancelling event due to no window focus: KeyEvent { action=ACTION_UP, keyCode=KEYCODE_DVR, scanCode=0, metaState=0, flags=0x28, repeatCount=0, eventTime=1096595, downTime=1096595, deviceId=-1, source=0x101 }
W/ViewRootImpl(  738): Dropping event due to root view being removed: MotionEvent { action=ACTION_DOWN, id[0]=0, x[0]=341.0, y[0]=277.0, toolType[0]=TOOL_TYPE_UNKNOWN, buttonState=0, metaState=0, flags=0x0, edgeFlags=0x0, pointerCount=1, historySize=0, eventTime=1096381, downTime=1096381, deviceId=0, source=0x1002 }
W/InputEventReceiver(  738): Attempted to finish an input event but the input event receiver has already been disposed.
W/ViewRootImpl(  738): Dropping event due to root view being removed: MotionEvent { action=ACTION_UP, id[0]=0, x[0]=324.3949, y[0]=274.41962, toolType[0]=TOOL_TYPE_UNKNOWN, buttonState=0, metaState=0, flags=0x0, edgeFlags=0x0, pointerCount=1, historySize=0, eventTime=1096383, downTime=1096381, deviceId=0, source=0x1002 }
W/InputEventReceiver(  738): Attempted to finish an input event but the input event receiver has already been disposed.
W/ViewRootImpl( 2076): Dropping event due to no window focus: KeyEvent { action=ACTION_DOWN, keyCode=KEYCODE_DPAD_LEFT, scanCode=0, metaState=0, flags=0x8, repeatCount=0, eventTime=1096596, downTime=1096596, deviceId=-1, source=0x101 }
W/ViewRootImpl( 2076): Cancelling event due to no window focus: KeyEvent { action=ACTION_UP, keyCode=KEYCODE_DPAD_LEFT, scanCode=0, metaState=0, flags=0x28, repeatCount=0, eventTime=1096599, downTime=1096599, deviceId=-1, source=0x101 }
W/ViewRootImpl( 2076): Cancelling event due to no window focus: KeyEvent { action=ACTION_UP, keyCode=KEYCODE_DPAD_LEFT, scanCode=0, metaState=0, flags=0x28, repeatCount=0, eventTime=1096599, downTime=1096599, deviceId=-1, source=0x101 }
W/ViewRootImpl( 2076): Cancelling event due to no window focus: KeyEvent { action=ACTION_UP, keyCode=KEYCODE_DPAD_LEFT, scanCode=0, metaState=0, flags=0x28, repeatCount=0, eventTime=1096599, downTime=1096599, deviceId=-1, source=0x101 }
I/AppiumUnicodeIME(  916): onKeyUp (keyCode='21', event.keyCode='21', metaState='0')
W/ViewRootImpl( 2076): Cancelling event due to no window focus: KeyEvent { action=ACTION_UP, keyCode=KEYCODE_DPAD_LEFT, scanCode=0, metaState=0, flags=0x28, repeatCount=0, eventTime=1096599, downTime=1096599, deviceId=-1, source=0x101 }
W/ViewRootImpl( 2076): Cancelling event due to no window focus: KeyEvent { action=ACTION_UP, keyCode=KEYCODE_DPAD_LEFT, scanCode=0, metaState=0, flags=0x28, repeatCount=0, eventTime=1096599, downTime=1096599, deviceId=-1, source=0x101 }
W/ViewRootImpl( 2076): Cancelling event due to no window focus: KeyEvent { action=ACTION_UP, keyCode=KEYCODE_DPAD_LEFT, scanCode=0, metaState=0, flags=0x28, repeatCount=0, eventTime=1096599, downTime=1096599, deviceId=-1, source=0x101 }
W/ViewRootImpl( 2076): Cancelling event due to no window focus: KeyEvent { action=ACTION_UP, keyCode=KEYCODE_DPAD_LEFT, scanCode=0, metaState=0, flags=0x28, repeatCount=0, eventTime=1096599, downTime=1096599, deviceId=-1, source=0x101 }
W/ViewRootImpl( 2076): Cancelling event due to no window focus: KeyEvent { action=ACTION_UP, keyCode=KEYCODE_DPAD_LEFT, scanCode=0, metaState=0, flags=0x28, repeatCount=0, eventTime=1096599, downTime=1096599, deviceId=-1, source=0x101 }
W/ViewRootImpl( 2076): Cancelling event due to no window focus: KeyEvent { action=ACTION_UP, keyCode=KEYCODE_DPAD_LEFT, scanCode=0, metaState=0, flags=0x28, repeatCount=0, eventTime=1096599, downTime=1096599, deviceId=-1, source=0x101 }
W/ViewRootImpl( 2076): Dropping event due to no window focus: KeyEvent { action=ACTION_DOWN, keyCode=KEYCODE_MENU, scanCode=0, metaState=0, flags=0x8, repeatCount=0, eventTime=1096601, downTime=1096601, deviceId=-1, source=0x101 }
W/ViewRootImpl( 2076): Cancelling event due to no window focus: KeyEvent { action=ACTION_UP, keyCode=KEYCODE_MENU, scanCode=0, metaState=0, flags=0x28, repeatCount=0, eventTime=1096603, downTime=1096603, deviceId=-1, source=0x101 }
W/ViewRootImpl( 2076): Cancelling event due to no window focus: KeyEvent { action=ACTION_UP, keyCode=KEYCODE_MENU, scanCode=0, metaState=0, flags=0x28, repeatCount=0, eventTime=1096603, downTime=1096603, deviceId=-1, source=0x101 }
W/ViewRootImpl( 2076): Cancelling event due to no window focus: KeyEvent { action=ACTION_UP, keyCode=KEYCODE_MENU, scanCode=0, metaState=0, flags=0x28, repeatCount=0, eventTime=1096603, downTime=1096603, deviceId=-1, source=0x101 }
I/AppiumUnicodeIME(  916): onKeyUp (keyCode='82', event.keyCode='82', metaState='0')
W/ViewRootImpl( 2076): Cancelling event due to no window focus: KeyEvent { action=ACTION_UP, keyCode=KEYCODE_MENU, scanCode=0, metaState=0, flags=0x28, repeatCount=0, eventTime=1096603, downTime=1096603, deviceId=-1, source=0x101 }
W/ViewRootImpl( 2076): Cancelling event due to no window focus: KeyEvent { action=ACTION_UP, keyCode=KEYCODE_MENU, scanCode=0, metaState=0, flags=0x28, repeatCount=0, eventTime=1096603, downTime=1096603, deviceId=-1, source=0x101 }
W/ViewRootImpl( 2076): Cancelling event due to no window focus: KeyEvent { action=ACTION_UP, keyCode=KEYCODE_MENU, scanCode=0, metaState=0, flags=0x28, repeatCount=0, eventTime=1096603, downTime=1096603, deviceId=-1, source=0x101 }
W/ViewRootImpl( 2076): Dropping event due to no window focus: KeyEvent { action=ACTION_DOWN, keyCode=KEYCODE_DPAD_UP, scanCode=0, metaState=0, flags=0x8, repeatCount=0, eventTime=1096604, downTime=1096604, deviceId=-1, source=0x101 }
W/ViewRootImpl( 2076): Cancelling event due to no window focus: KeyEvent { action=ACTION_UP, keyCode=KEYCODE_DPAD_UP, scanCode=0, metaState=0, flags=0x28, repeatCount=0, eventTime=1096607, downTime=1096607, deviceId=-1, source=0x101 }
W/ViewRootImpl( 2076): Cancelling event due to no window focus: KeyEvent { action=ACTION_UP, keyCode=KEYCODE_DPAD_UP, scanCode=0, metaState=0, flags=0x28, repeatCount=0, eventTime=1096607, downTime=1096607, deviceId=-1, source=0x101 }
W/ViewRootImpl( 2076): Cancelling event due to no window focus: KeyEvent { action=ACTION_UP, keyCode=KEYCODE_DPAD_UP, scanCode=0, metaState=0, flags=0x28, repeatCount=0, eventTime=1096607, downTime=1096607, deviceId=-1, source=0x101 }
I/AppiumUnicodeIME(  916): onKeyUp (keyCode='19', event.keyCode='19', metaState='0')
W/ViewRootImpl( 2076): Cancelling event due to no window focus: KeyEvent { action=ACTION_UP, keyCode=KEYCODE_DPAD_UP, scanCode=0, metaState=0, flags=0x28, repeatCount=0, eventTime=1096607, downTime=1096607, deviceId=-1, source=0x101 }
W/ViewRootImpl( 2076): Cancelling event due to no window focus: KeyEvent { action=ACTION_UP, keyCode=KEYCODE_DPAD_UP, scanCode=0, metaState=0, flags=0x28, repeatCount=0, eventTime=1096607, downTime=1096607, deviceId=-1, source=0x101 }
W/ViewRootImpl( 2076): Cancelling event due to no window focus: KeyEvent { action=ACTION_UP, keyCode=KEYCODE_DPAD_UP, scanCode=0, metaState=0, flags=0x28, repeatCount=0, eventTime=1096607, downTime=1096607, deviceId=-1, source=0x101 }
W/ViewRootImpl( 2076): Cancelling event due to no window focus: KeyEvent { action=ACTION_UP, keyCode=KEYCODE_DPAD_UP, scanCode=0, metaState=0, flags=0x28, repeatCount=0, eventTime=1096607, downTime=1096607, deviceId=-1, source=0x101 }
W/ViewRootImpl( 2076): Cancelling event due to no window focus: KeyEvent { action=ACTION_UP, keyCode=KEYCODE_DPAD_UP, scanCode=0, metaState=0, flags=0x28, repeatCount=0, eventTime=1096607, downTime=1096607, deviceId=-1, source=0x101 }
W/ViewRootImpl( 2076): Cancelling event due to no window focus: KeyEvent { action=ACTION_UP, keyCode=KEYCODE_DPAD_UP, scanCode=0, metaState=0, flags=0x28, repeatCount=0, eventTime=1096607, downTime=1096607, deviceId=-1, source=0x101 }
W/ViewRootImpl( 2076): Dropping event due to no window focus: KeyEvent { action=ACTION_DOWN, keyCode=KEYCODE_DPAD_DOWN, scanCode=0, metaState=0, flags=0x8, repeatCount=0, eventTime=1096608, downTime=1096608, deviceId=-1, source=0x101 }
W/ViewRootImpl( 2076): Cancelling event due to no window focus: KeyEvent { action=ACTION_UP, keyCode=KEYCODE_DPAD_DOWN, scanCode=0, metaState=0, flags=0x28, repeatCount=0, eventTime=1096609, downTime=1096609, deviceId=-1, source=0x101 }
W/ViewRootImpl( 2076): Cancelling event due to no window focus: KeyEvent { action=ACTION_UP, keyCode=KEYCODE_DPAD_DOWN, scanCode=0, metaState=0, flags=0x28, repeatCount=0, eventTime=1096609, downTime=1096609, deviceId=-1, source=0x101 }
W/ViewRootImpl( 2076): Cancelling event due to no window focus: KeyEvent { action=ACTION_UP, keyCode=KEYCODE_DPAD_DOWN, scanCode=0, metaState=0, flags=0x28, repeatCount=0, eventTime=1096609, downTime=1096609, deviceId=-1, source=0x101 }
I/AppiumUnicodeIME(  916): onKeyUp (keyCode='20', event.keyCode='20', metaState='0')
W/ViewRootImpl( 2076): Cancelling event due to no window focus: KeyEvent { action=ACTION_UP, keyCode=KEYCODE_DPAD_DOWN, scanCode=0, metaState=0, flags=0x28, repeatCount=0, eventTime=1096609, downTime=1096609, deviceId=-1, source=0x101 }
W/ViewRootImpl( 2076): Cancelling event due to no window focus: KeyEvent { action=ACTION_UP, keyCode=KEYCODE_DPAD_DOWN, scanCode=0, metaState=0, flags=0x28, repeatCount=0, eventTime=1096609, downTime=1096609, deviceId=-1, source=0x101 }
W/ViewRootImpl( 2076): Cancelling event due to no window focus: KeyEvent { action=ACTION_UP, keyCode=KEYCODE_DPAD_DOWN, scanCode=0, metaState=0, flags=0x28, repeatCount=0, eventTime=1096609, downTime=1096609, deviceId=-1, source=0x101 }
W/ViewRootImpl( 2076): Cancelling event due to no window focus: KeyEvent { action=ACTION_UP, keyCode=KEYCODE_DPAD_DOWN, scanCode=0, metaState=0, flags=0x28, repeatCount=0, eventTime=1096609, downTime=1096609, deviceId=-1, source=0x101 }
W/ViewRootImpl( 2076): Cancelling event due to no window focus: KeyEvent { action=ACTION_UP, keyCode=KEYCODE_DPAD_DOWN, scanCode=0, metaState=0, flags=0x28, repeatCount=0, eventTime=1096609, downTime=1096609, deviceId=-1, source=0x101 }
W/ViewRootImpl( 2076): Cancelling event due to no window focus: KeyEvent { action=ACTION_UP, keyCode=KEYCODE_DPAD_DOWN, scanCode=0, metaState=0, flags=0x28, repeatCount=0, eventTime=1096609, downTime=1096609, deviceId=-1, source=0x101 }
W/ViewRootImpl( 2076): Dropping event due to no window focus: KeyEvent { action=ACTION_DOWN, keyCode=KEYCODE_DPAD_RIGHT, scanCode=0, metaState=0, flags=0x8, repeatCount=0, eventTime=1096610, downTime=1096610, deviceId=-1, source=0x101 }
W/ViewRootImpl( 2076): Cancelling event due to no window focus: KeyEvent { action=ACTION_UP, keyCode=KEYCODE_DPAD_RIGHT, scanCode=0, metaState=0, flags=0x28, repeatCount=0, eventTime=1096613, downTime=1096613, deviceId=-1, source=0x101 }
W/ViewRootImpl( 2076): Cancelling event due to no window focus: KeyEvent { action=ACTION_UP, keyCode=KEYCODE_DPAD_RIGHT, scanCode=0, metaState=0, flags=0x28, repeatCount=0, eventTime=1096613, downTime=1096613, deviceId=-1, source=0x101 }
W/ViewRootImpl( 2076): Cancelling event due to no window focus: KeyEvent { action=ACTION_UP, keyCode=KEYCODE_DPAD_RIGHT, scanCode=0, metaState=0, flags=0x28, repeatCount=0, eventTime=1096613, downTime=1096613, deviceId=-1, source=0x101 }
I/AppiumUnicodeIME(  916): onKeyUp (keyCode='22', event.keyCode='22', metaState='0')
W/ViewRootImpl( 2076): Cancelling event due to no window focus: KeyEvent { action=ACTION_UP, keyCode=KEYCODE_DPAD_RIGHT, scanCode=0, metaState=0, flags=0x28, repeatCount=0, eventTime=1096613, downTime=1096613, deviceId=-1, source=0x101 }
W/ViewRootImpl( 2076): Cancelling event due to no window focus: KeyEvent { action=ACTION_UP, keyCode=KEYCODE_DPAD_RIGHT, scanCode=0, metaState=0, flags=0x28, repeatCount=0, eventTime=1096613, downTime=1096613, deviceId=-1, source=0x101 }
W/ViewRootImpl( 2076): Cancelling event due to no window focus: KeyEvent { action=ACTION_UP, keyCode=KEYCODE_DPAD_RIGHT, scanCode=0, metaState=0, flags=0x28, repeatCount=0, eventTime=1096613, downTime=1096613, deviceId=-1, source=0x101 }
W/ViewRootImpl( 2076): Cancelling event due to no window focus: KeyEvent { action=ACTION_UP, keyCode=KEYCODE_DPAD_RIGHT, scanCode=0, metaState=0, flags=0x28, repeatCount=0, eventTime=1096613, downTime=1096613, deviceId=-1, source=0x101 }
W/ViewRootImpl( 2076): Cancelling event due to no window focus: KeyEvent { action=ACTION_UP, keyCode=KEYCODE_DPAD_RIGHT, scanCode=0, metaState=0, flags=0x28, repeatCount=0, eventTime=1096613, downTime=1096613, deviceId=-1, source=0x101 }
W/ViewRootImpl( 2076): Cancelling event due to no window focus: KeyEvent { action=ACTION_UP, keyCode=KEYCODE_DPAD_RIGHT, scanCode=0, metaState=0, flags=0x28, repeatCount=0, eventTime=1096613, downTime=1096613, deviceId=-1, source=0x101 }
W/ViewRootImpl( 2076): Dropping event due to no window focus: KeyEvent { action=ACTION_DOWN, keyCode=KEYCODE_DPAD_UP, scanCode=0, metaState=0, flags=0x8, repeatCount=0, eventTime=1096613, downTime=1096613, deviceId=-1, source=0x101 }
W/ViewRootImpl( 2076): Cancelling event due to no window focus: KeyEvent { action=ACTION_UP, keyCode=KEYCODE_DPAD_UP, scanCode=0, metaState=0, flags=0x28, repeatCount=0, eventTime=1096618, downTime=1096618, deviceId=-1, source=0x101 }
W/ViewRootImpl( 2076): Cancelling event due to no window focus: KeyEvent { action=ACTION_UP, keyCode=KEYCODE_DPAD_UP, scanCode=0, metaState=0, flags=0x28, repeatCount=0, eventTime=1096618, downTime=1096618, deviceId=-1, source=0x101 }
W/ViewRootImpl( 2076): Cancelling event due to no window focus: KeyEvent { action=ACTION_UP, keyCode=KEYCODE_DPAD_UP, scanCode=0, metaState=0, flags=0x28, repeatCount=0, eventTime=1096618, downTime=1096618, deviceId=-1, source=0x101 }
I/AppiumUnicodeIME(  916): onKeyUp (keyCode='19', event.keyCode='19', metaState='0')
W/ViewRootImpl( 2076): Cancelling event due to no window focus: KeyEvent { action=ACTION_UP, keyCode=KEYCODE_DPAD_UP, scanCode=0, metaState=0, flags=0x28, repeatCount=0, eventTime=1096618, downTime=1096618, deviceId=-1, source=0x101 }
W/ViewRootImpl( 2076): Cancelling event due to no window focus: KeyEvent { action=ACTION_UP, keyCode=KEYCODE_DPAD_UP, scanCode=0, metaState=0, flags=0x28, repeatCount=0, eventTime=1096618, downTime=1096618, deviceId=-1, source=0x101 }
W/ViewRootImpl( 2076): Cancelling event due to no window focus: KeyEvent { action=ACTION_UP, keyCode=KEYCODE_DPAD_UP, scanCode=0, metaState=0, flags=0x28, repeatCount=0, eventTime=1096618, downTime=1096618, deviceId=-1, source=0x101 }
W/ViewRootImpl( 2076): Cancelling event due to no window focus: KeyEvent { action=ACTION_UP, keyCode=KEYCODE_DPAD_UP, scanCode=0, metaState=0, flags=0x28, repeatCount=0, eventTime=1096618, downTime=1096618, deviceId=-1, source=0x101 }
W/ViewRootImpl( 2076): Cancelling event due to no window focus: KeyEvent { action=ACTION_UP, keyCode=KEYCODE_DPAD_UP, scanCode=0, metaState=0, flags=0x28, repeatCount=0, eventTime=1096618, downTime=1096618, deviceId=-1, source=0x101 }
W/ViewRootImpl( 2076): Cancelling event due to no window focus: KeyEvent { action=ACTION_UP, keyCode=KEYCODE_DPAD_UP, scanCode=0, metaState=0, flags=0x28, repeatCount=0, eventTime=1096618, downTime=1096618, deviceId=-1, source=0x101 }
W/InputMethodManagerService(  738): Window already focused, ignoring focus gain of: com.android.internal.view.IInputMethodClient$Stub$Proxy@117f962e attribute=null, token = android.os.BinderProxy@1f59bd71
I/AppiumUnicodeIME(  916): onKeyDown (keyCode='19', event.keyCode='19', metaState='0')
I/AppiumUnicodeIME(  916): onKeyUp (keyCode='19', event.keyCode='19', metaState='0')
I/AppiumUnicodeIME(  916): onKeyDown (keyCode='19', event.keyCode='19', metaState='0')
I/AppiumUnicodeIME(  916): onKeyUp (keyCode='19', event.keyCode='19', metaState='0')
I/AppiumUnicodeIME(  916): onKeyDown (keyCode='19', event.keyCode='19', metaState='0')
I/AppiumUnicodeIME(  916): onKeyUp (keyCode='19', event.keyCode='19', metaState='0')
I/AppiumUnicodeIME(  916): onKeyDown (keyCode='19', event.keyCode='19', metaState='0')
I/AppiumUnicodeIME(  916): onKeyUp (keyCode='19', event.keyCode='19', metaState='0')
W/AudioTrack(  738): AUDIO_OUTPUT_FLAG_FAST denied by client
I/AppiumUnicodeIME(  916): onKeyDown (keyCode='19', event.keyCode='19', metaState='0')
I/AppiumUnicodeIME(  916): onKeyDown (keyCode='19', event.keyCode='19', metaState='0')
I/AppiumUnicodeIME(  916): onKeyUp (keyCode='19', event.keyCode='19', metaState='0')
I/AppiumUnicodeIME(  916): onKeyDown (keyCode='19', event.keyCode='19', metaState='0')
I/AppiumUnicodeIME(  916): onKeyUp (keyCode='19', event.keyCode='19', metaState='0')
I/AppiumUnicodeIME(  916): onKeyDown (keyCode='19', event.keyCode='19', metaState='0')
I/AppiumUnicodeIME(  916): onKeyUp (keyCode='19', event.keyCode='19', metaState='0')
I/AppiumUnicodeIME(  916): onKeyDown (keyCode='19', event.keyCode='19', metaState='0')
I/AppiumUnicodeIME(  916): onKeyUp (keyCode='19', event.keyCode='19', metaState='0')
I/AppiumUnicodeIME(  916): onKeyDown (keyCode='21', event.keyCode='21', metaState='0')
I/AppiumUnicodeIME(  916): onKeyUp (keyCode='21', event.keyCode='21', metaState='0')
W/AudioTrack(  738): AUDIO_OUTPUT_FLAG_FAST denied by client
I/AppiumUnicodeIME(  916): onKeyDown (keyCode='32', event.keyCode='32', metaState='0')
I/AppiumUnicodeIME(  916): onKeyUp (keyCode='32', event.keyCode='32', metaState='0')
W/AudioTrack(  738): AUDIO_OUTPUT_FLAG_FAST denied by client
W/AudioTrack(  738): AUDIO_OUTPUT_FLAG_FAST denied by client
W/AudioTrack(  738): AUDIO_OUTPUT_FLAG_FAST denied by client
I/ActivityManager(  738): START u0 {act=android.intent.action.MAIN cat=[android.intent.category.LAUNCHER] flg=0x10200000 cmp=com.zzl.falcon.internal/com.zzl.falcon.EntranceActivity} from uid 0 on display 0
W/AudioTrack(  738): AUDIO_OUTPUT_FLAG_FAST denied by client
I/AppiumUnicodeIME(  916): onKeyDown (keyCode='20', event.keyCode='20', metaState='0')
I/AppiumUnicodeIME(  916): onKeyUp (keyCode='20', event.keyCode='20', metaState='0')
I/AppiumUnicodeIME(  916): onKeyDown (keyCode='20', event.keyCode='20', metaState='0')
I/AppiumUnicodeIME(  916): onKeyUp (keyCode='20', event.keyCode='20', metaState='0')
I/AppiumUnicodeIME(  916): onKeyDown (keyCode='20', event.keyCode='20', metaState='0')
I/AppiumUnicodeIME(  916): onKeyUp (keyCode='20', event.keyCode='20', metaState='0')
I/AppiumUnicodeIME(  916): onKeyDown (keyCode='20', event.keyCode='20', metaState='0')
I/AppiumUnicodeIME(  916): onKeyUp (keyCode='20', event.keyCode='20', metaState='0')
I/AppiumUnicodeIME(  916): onKeyDown (keyCode='21', event.keyCode='21', metaState='0')
I/AppiumUnicodeIME(  916): onKeyDown (keyCode='21', event.keyCode='21', metaState='0')
I/AppiumUnicodeIME(  916): onKeyUp (keyCode='21', event.keyCode='21', metaState='0')
I/AppiumUnicodeIME(  916): onKeyDown (keyCode='21', event.keyCode='21', metaState='0')
I/AppiumUnicodeIME(  916): onKeyUp (keyCode='21', event.keyCode='21', metaState='0')
I/AppiumUnicodeIME(  916): onKeyDown (keyCode='21', event.keyCode='21', metaState='0')
I/AppiumUnicodeIME(  916): onKeyUp (keyCode='21', event.keyCode='21', metaState='0')
W/AudioTrack(  738): AUDIO_OUTPUT_FLAG_FAST denied by client
W/AudioTrack(  738): AUDIO_OUTPUT_FLAG_FAST denied by client
W/AudioTrack(  738): AUDIO_OUTPUT_FLAG_FAST denied by client
W/AudioTrack(  738): AUDIO_OUTPUT_FLAG_FAST denied by client
D/        (  738): HostConnection::get() New Host Connection established 0xdb461230, tid 1279
E/EGL_emulation(  773): tid 773: eglCreateSyncKHR(1209): error 0x3004 (EGL_BAD_ATTRIBUTE)
I/InputDispatcher(  738): Dropping event because there is no touchable window at (764, 206).
W/InputManager(  738): Input event injection from pid 2430 failed.
W/InputManager(  738): Input event injection from pid 2430 failed.
I/AppiumUnicodeIME(  916): onKeyDown (keyCode='82', event.keyCode='82', metaState='0')
I/AppiumUnicodeIME(  916): onKeyUp (keyCode='82', event.keyCode='82', metaState='0')
W/AudioTrack(  738): AUDIO_OUTPUT_FLAG_FAST denied by client
I/InputDispatcher(  738): Dropping event because there is no touchable window at (333, 675).
W/InputManager(  738): Input event injection from pid 2430 failed.
W/InputManager(  738): Input event injection from pid 2430 failed.
W/InputManager(  738): Input event injection from pid 2430 failed.
W/InputManager(  738): Input event injection from pid 2430 failed.
W/InputManager(  738): Input event injection from pid 2430 failed.
D/ForegroundCallbacks( 1586): went foreground
I/awcn.SessionCenter( 1586): |[seq:[default]] [forground]
I/awcn.SessionCenter( 1586): |[seq:umeng:56aadbf567e58e38d4000976] [forground]
D/awcn.StrategyCenter( 1586):  getSchemeByHost host:umengacs.m.taobao.com scheme:https
D/awcn.SessionCenter( 1586): |[seq:umeng:56aadbf567e58e38d4000976] getInternal u:https://umengacs.m.taobao.com TypeClass:SPDY timeout:0
I/awcn.HttpDispatcher( 1586):  sendAmdcRequest hosts:[umengacs.m.taobao.com, unszapi.m.yao.95095.com, api.m.yao.95095.com]
I/awcn.AmdcThreadPoolExecutor( 1586):  merge amdc request delay:500
I/awcn.AmdcThreadPoolExecutor( 1586):  thread created! name:AMDC5
D/awcn.StrategyCenter( 1586):  getSchemeByHost host:umengacs.m.taobao.com scheme:https
D/awcn.SessionCenter( 1586): |[seq:umeng:56aadbf567e58e38d4000976] get internal hit cache session session:Session@[umeng:56aadbf567e58e38d4000976.AWCN1_1|http2_0rtt_acs]
V/WindowManager(  738): Adding window Window{26a45b5c u0 PopupWindow:28330562} at 3 of 12 (after Window{27544756 u0 com.zzl.falcon.internal/com.squareup.leakcanary.internal.DisplayLeakActivity})
I/AppiumUnicodeIME(  916): onKeyDown (keyCode='122', event.keyCode='122', metaState='0')
I/AppiumUnicodeIME(  916): onKeyUp (keyCode='122', event.keyCode='122', metaState='0')
W/EGL_emulation( 1586): eglSurfaceAttrib not implemented
W/OpenGLRenderer( 1586): Failed to set EGL_SWAP_BEHAVIOR on surface 0xdbc69e20, error=EGL_SUCCESS
W/ViewRootImpl( 1586): Cancelling event due to no window focus: KeyEvent { action=ACTION_UP, keyCode=KEYCODE_MOVE_HOME, scanCode=0, metaState=0, flags=0x28, repeatCount=0, eventTime=1096949, downTime=1096949, deviceId=-1, source=0x101 }
W/ViewRootImpl( 1586): Cancelling event due to no window focus: KeyEvent { action=ACTION_UP, keyCode=KEYCODE_MOVE_HOME, scanCode=0, metaState=0, flags=0x28, repeatCount=0, eventTime=1096949, downTime=1096949, deviceId=-1, source=0x101 }
W/ViewRootImpl( 1586): Cancelling event due to no window focus: KeyEvent { action=ACTION_UP, keyCode=KEYCODE_MOVE_HOME, scanCode=0, metaState=0, flags=0x28, repeatCount=0, eventTime=1096949, downTime=1096949, deviceId=-1, source=0x101 }
W/ViewRootImpl( 1586): Cancelling event due to no window focus: KeyEvent { action=ACTION_UP, keyCode=KEYCODE_MOVE_HOME, scanCode=0, metaState=0, flags=0x28, repeatCount=0, eventTime=1096949, downTime=1096949, deviceId=-1, source=0x101 }
W/ViewRootImpl( 1586): Cancelling event due to no window focus: KeyEvent { action=ACTION_UP, keyCode=KEYCODE_MOVE_HOME, scanCode=0, metaState=0, flags=0x28, repeatCount=0, eventTime=1096949, downTime=1096949, deviceId=-1, source=0x101 }
W/ViewRootImpl( 1586): Cancelling event due to no window focus: KeyEvent { action=ACTION_UP, keyCode=KEYCODE_MOVE_HOME, scanCode=0, metaState=0, flags=0x28, repeatCount=0, eventTime=1096949, downTime=1096949, deviceId=-1, source=0x101 }
W/ViewRootImpl( 1586): Cancelling event due to no window focus: KeyEvent { action=ACTION_UP, keyCode=KEYCODE_MOVE_HOME, scanCode=0, metaState=0, flags=0x28, repeatCount=0, eventTime=1096949, downTime=1096949, deviceId=-1, source=0x101 }
W/ViewRootImpl( 1586): Cancelling event due to no window focus: KeyEvent { action=ACTION_UP, keyCode=KEYCODE_MOVE_HOME, scanCode=0, metaState=0, flags=0x28, repeatCount=0, eventTime=1096949, downTime=1096949, deviceId=-1, source=0x101 }
W/ViewRootImpl( 1586): Cancelling event due to no window focus: KeyEvent { action=ACTION_UP, keyCode=KEYCODE_MOVE_HOME, scanCode=0, metaState=0, flags=0x28, repeatCount=0, eventTime=1096949, downTime=1096949, deviceId=-1, source=0x101 }
W/ViewRootImpl( 1586): Dropping event due to no window focus: MotionEvent { action=ACTION_MOVE, id[0]=0, x[0]=3.0, y[0]=2.0, toolType[0]=TOOL_TYPE_UNKNOWN, buttonState=0, metaState=0, flags=0x0, edgeFlags=0x0, pointerCount=1, historySize=9, eventTime=1096978, downTime=-1, deviceId=0, source=0x10004 }
W/ViewRootImpl( 1586): Dropping event due to no window focus: KeyEvent { action=ACTION_DOWN, keyCode=KEYCODE_DPAD_CENTER, scanCode=0, metaState=0, flags=0x8, repeatCount=0, eventTime=1096979, downTime=1096979, deviceId=-1, source=0x101 }
I/AppiumUnicodeIME(  916): onKeyUp (keyCode='23', event.keyCode='23', metaState='0')
I/AppiumUnicodeIME(  916): onFinishInput
I/AppiumUnicodeIME(  916): onStartInput
I/AppiumUnicodeIME(  916): onKeyDown (keyCode='82', event.keyCode='82', metaState='0')
I/AppiumUnicodeIME(  916): onKeyUp (keyCode='82', event.keyCode='82', metaState='0')
I/AppiumUnicodeIME(  916): onKeyDown (keyCode='22', event.keyCode='22', metaState='0')
W/AudioTrack(  738): AUDIO_OUTPUT_FLAG_FAST denied by client
I/AppiumUnicodeIME(  916): onKeyUp (keyCode='22', event.keyCode='22', metaState='0')
I/AppiumUnicodeIME(  916): onKeyDown (keyCode='22', event.keyCode='22', metaState='0')
I/AppiumUnicodeIME(  916): onKeyUp (keyCode='22', event.keyCode='22', metaState='0')
I/AppiumUnicodeIME(  916): onKeyDown (keyCode='21', event.keyCode='21', metaState='0')
I/AppiumUnicodeIME(  916): onKeyUp (keyCode='21', event.keyCode='21', metaState='0')
I/AppiumUnicodeIME(  916): onKeyDown (keyCode='21', event.keyCode='21', metaState='0')
I/AppiumUnicodeIME(  916): onKeyUp (keyCode='21', event.keyCode='21', metaState='0')
I/AppiumUnicodeIME(  916): onKeyDown (keyCode='21', event.keyCode='21', metaState='0')
I/AppiumUnicodeIME(  916): onKeyUp (keyCode='21', event.keyCode='21', metaState='0')
I/AppiumUnicodeIME(  916): onKeyDown (keyCode='21', event.keyCode='21', metaState='0')
I/AppiumUnicodeIME(  916): onKeyUp (keyCode='21', event.keyCode='21', metaState='0')
W/EGL_emulation( 2076): eglSurfaceAttrib not implemented
W/OpenGLRenderer( 2076): Failed to set EGL_SWAP_BEHAVIOR on surface 0xe14f8220, error=EGL_SUCCESS
I/AppiumUnicodeIME(  916): onKeyDown (keyCode='21', event.keyCode='21', metaState='0')
I/AppiumUnicodeIME(  916): onKeyDown (keyCode='21', event.keyCode='21', metaState='0')
I/AppiumUnicodeIME(  916): onKeyUp (keyCode='21', event.keyCode='21', metaState='0')
I/AppiumUnicodeIME(  916): onKeyDown (keyCode='21', event.keyCode='21', metaState='0')
I/AppiumUnicodeIME(  916): onKeyUp (keyCode='21', event.keyCode='21', metaState='0')
I/AppiumUnicodeIME(  916): onKeyDown (keyCode='21', event.keyCode='21', metaState='0')
I/AppiumUnicodeIME(  916): onKeyUp (keyCode='21', event.keyCode='21', metaState='0')
I/art     ( 2430): System.exit called, status: 0
I/AndroidRuntime( 2430): VM exiting with result code 0.
I/awcn.HMacUtil( 1586):  hmacSha1Hex result:a21891bf4d10437f7da96be86dc2677f14765110948cc8de0b7ad199b449fc1d
D/awcn.StrategyCenter( 1586):  getSchemeByHost host:amdcopen.m.taobao.com scheme:http
D/getConnStrategyListByHost( 1586): |[seq:host] amdcopen.m.taobao.com:result [{106.11.61.137 443 https}, {106.11.61.137 80 http}]
I/awcn.DispatchCore( 1586): |[seq:AMDC2] send amdc request url:http://106.11.61.137:80/amdc/mobileDispatch?appkey=umeng%3A56aadbf567e58e38d4000976&deviceId=WajMPL%2FDZuUDAJwcljDKSIFW&platform=android&v=4.0
D/awcn.DispatchCore( 1586): |[seq:AMDC2] amdc response. code: 200 
D/awcn.DispatchCore( 1586): headers:{null=[HTTP/1.1 200 OK], Cache-Control=[no-cache], Connection=[close], Content-Encoding=[gzip], Content-Type=[application/json;charset=UTF-8], Date=[Sat, 09 Dec 2017 04:55:44 GMT], pragma=[no-cache], Server=[Tengine], Transfer-Encoding=[chunked], Vary=[Accept-Encoding], x-am-code=[1000], x-am-id=[amdc011131243027.center.eu13_1512795344803_218643485], x-am-sign=[ee185a9ffea1e8d6715471f6714ab98cada81f5a36e376a340a2bc3e5c7114d1], X-Android-Received-Millis=[1512795344735], X-Android-Response-Source=[NETWORK 200], X-Android-Sent-Millis=[1512795344404]}
D/awcn.DispatchCore( 1586): |[seq:AMDC2] amdc response body 
D/awcn.DispatchCore( 1586): body:{"code":1000,"cv":0,"dns":[{"aisles":[{"cto":10000,"heartbeat":0,"port":443,"protocol":"https","retry":1,"rto":10000},{"cto":10000,"heartbeat":0,"port":80,"protocol":"http","retry":1,"rto":10000}],"host":"api.m.yao.95095.com","ips":["106.11.53.97"],"isHot":1,"ttl":300},{"aisles":[{"cto":10000,"heartbeat":0,"port":443,"protocol":"https","retry":1,"rto":10000},{"cto":10000,"heartbeat":0,"port":80,"protocol":"http","retry":1,"rto":10000}],"host":"unszapi.m.yao.95095.com","ips":["106.11.133.9"],"isHot":1,"ttl":300},{"aisles":[{"cto":10000,"heartbeat":45000,"port":443,"protocol":"http2","publickey":"acs","retry":1,"rto":10000,"rtt":"0rtt"},{"cto":10000,"heartbeat":45000,"port":80,"protocol":"http2","publickey":"acs","retry":1,"rto":10000,"rtt":"0rtt"},{"cto":10000,"heartbeat":45000,"port":443,"protocol":"spdy","publickey":"acs","retry":1,"rto":10000,"rtt":"0rtt"},{"cto":10000,"heartbeat":45000,"port":80,"protocol":"spdy","publickey":"acs","retry":1,"rto":10000,"rtt":"0rtt"},{"cto":10000,"heartbeat":0,"port":443,"protocol":"https","retry":1,"rto":10000}],"host":"umengacs.m.taobao.com","ips":["106.11.61.106"],"isHot":1,"safeAisles":"https","ttl":300}],"ip":"101.81.49.47","unit":"unzbyun","utdid":"WajMPL/DZuUDAJwcljDKSIFW"}
I/awcn.HMacUtil( 1586):  hmacSha1Hex result:ee185a9ffea1e8d6715471f6714ab98cada81f5a36e376a340a2bc3e5c7114d1
D/awcn.StrategyCenter( 1586):  receive DNS event
I/awcn.StrategyTable( 1586):  update strategyTable with httpDns response
D/awcn.StrategyTable( 1586):  uniqueId : WIFI$01:80:c2:00:00:03
D/awcn.StrategyTable( 1586): -------------------------hot domains:------------------------------------
D/awcn.StrategyTable( 1586):  api.m.yao.95095.com = 
