D/accs.HeartbeatManager( 1419):  set 480
D/accs.UtilityImpl( 1419):  setServiceTime:1512362342717
I/art     (  774): Explicit concurrent mark sweep GC freed 6564(262KB) AllocSpace objects, 0(0B) LOS objects, 33% free, 9MB/14MB, paused 965us total 25.511ms
I/art     (  877): Explicit concurrent mark sweep GC freed 3632(188KB) AllocSpace objects, 0(0B) LOS objects, 39% free, 9MB/15MB, paused 628us total 12.733ms
I/art     (  774): Explicit concurrent mark sweep GC freed 5984(236KB) AllocSpace objects, 0(0B) LOS objects, 33% free, 9MB/14MB, paused 908us total 17.923ms
I/art     (  877): Explicit concurrent mark sweep GC freed 3621(188KB) AllocSpace objects, 0(0B) LOS objects, 39% free, 9MB/15MB, paused 191us total 10.226ms
I/art     (  774): Explicit concurrent mark sweep GC freed 6800(273KB) AllocSpace objects, 0(0B) LOS objects, 33% free, 9MB/14MB, paused 1.169ms total 23.410ms
I/art     (  877): Explicit concurrent mark sweep GC freed 3621(188KB) AllocSpace objects, 0(0B) LOS objects, 39% free, 9MB/15MB, paused 228us total 9.378ms
I/art     (  774): Explicit concurrent mark sweep GC freed 6452(257KB) AllocSpace objects, 0(0B) LOS objects, 33% free, 9MB/14MB, paused 1.257ms total 22.088ms
I/tnet-jni( 1467): 104 - [spdyPingRecvCallback] - 
I/tnet-jni( 1467): 104 - [SpdySessionCallBack.spdyPingRecvCallback] - org.android.spdy.SpdySession@26860312
D/accs.SilenceConn_umeng:56aadbf567e58e38d4000976( 1467):  spdyPingRecvCallback uniId:1592
D/accs.MsgRecv_umeng:56aadbf567e58e38d4000976( 1467):  onRcvPing
D/accs.HeartbeatManager( 1467):  onHeartbeatSucc
D/accs.OrangeAdapter( 1467):  isSmartHb result:true
D/accs.HeartbeatManager( 1467):  set 480
D/accs.UtilityImpl( 1467):  setServiceTime:1512362360143
I/art     (  877): Explicit concurrent mark sweep GC freed 3622(188KB) AllocSpace objects, 0(0B) LOS objects, 39% free, 9MB/15MB, paused 492us total 10.041ms
I/art     (  774): Explicit concurrent mark sweep GC freed 6604(267KB) AllocSpace objects, 0(0B) LOS objects, 33% free, 9MB/14MB, paused 396us total 18.272ms
D/awcn.DefaultHeartbeatImpl( 1574): |[seq:umeng:56aadbf567e58e38d4000976.AWCN1_1] heartbeat session:Session@[umeng:56aadbf567e58e38d4000976.AWCN1_1|http2_0rtt_acs]
D/awcn.TnetSpdySession( 1574): |[seq:umeng:56aadbf567e58e38d4000976.AWCN1_1] ping host:https://umengacs.m.taobao.com thread:AWCN Scheduler1
D/awcn.TnetSpdySession( 1574): |[seq:umeng:56aadbf567e58e38d4000976.AWCN1_1] https://umengacs.m.taobao.com submit ping ms:45050 force:true
D/awcn.DefaultHeartbeatImpl( 1574): |[seq:umeng:56aadbf567e58e38d4000976.AWCN1_1] reSchedule session:Session@[umeng:56aadbf567e58e38d4000976.AWCN1_1|http2_0rtt_acs] delay:45050
I/awcn.TnetSpdySession( 1574): |[seq:umeng:56aadbf567e58e38d4000976.AWCN1_1] ping receive Host:https://umengacs.m.taobao.com id:7419
I/art     (  877): Explicit concurrent mark sweep GC freed 3612(188KB) AllocSpace objects, 0(0B) LOS objects, 40% free, 9MB/15MB, paused 234us total 9.862ms
I/art     (  774): Explicit concurrent mark sweep GC freed 5942(234KB) AllocSpace objects, 0(0B) LOS objects, 33% free, 9MB/14MB, paused 804us total 29.455ms
I/art     (  877): Explicit concurrent mark sweep GC freed 3621(188KB) AllocSpace objects, 0(0B) LOS objects, 40% free, 9MB/15MB, paused 381us total 9.857ms
I/art     (  774): Explicit concurrent mark sweep GC freed 6799(273KB) AllocSpace objects, 0(0B) LOS objects, 33% free, 9MB/14MB, paused 709us total 26.908ms
I/art     (  877): Explicit concurrent mark sweep GC freed 3622(188KB) AllocSpace objects, 0(0B) LOS objects, 40% free, 9MB/15MB, paused 526us total 11.566ms
I/art     (  774): Explicit concurrent mark sweep GC freed 6452(258KB) AllocSpace objects, 0(0B) LOS objects, 33% free, 9MB/14MB, paused 559us total 25.160ms
I/art     (  877): Explicit concurrent mark sweep GC freed 3621(188KB) AllocSpace objects, 0(0B) LOS objects, 40% free, 9MB/15MB, paused 229us total 9.921ms
I/art     (  774): Explicit concurrent mark sweep GC freed 6647(285KB) AllocSpace objects, 0(0B) LOS objects, 33% free, 9MB/14MB, paused 476us total 16.897ms
I/art     (  877): Explicit concurrent mark sweep GC freed 3612(188KB) AllocSpace objects, 0(0B) LOS objects, 40% free, 9MB/15MB, paused 456us total 11.058ms
I/art     (  774): Explicit concurrent mark sweep GC freed 5946(234KB) AllocSpace objects, 0(0B) LOS objects, 33% free, 9MB/14MB, paused 391us total 22.414ms
D/NetworkMonitor/NetworkAgentInfo [WIFI () - 100](  774): OfflineState{ when=-101ms what=532488 arg2=1 target=com.android.internal.util.StateMachine$SmHandler }
D/NetworkMonitor/NetworkAgentInfo [WIFI () - 100](  774): DefaultState{ when=-101ms what=532488 arg2=1 target=com.android.internal.util.StateMachine$SmHandler }
D/NetworkMonitor/NetworkAgentInfo [WIFI () - 100](  774): Forcing reevaluation
D/NetworkMonitor/NetworkAgentInfo [WIFI () - 100](  774): EvaluatingState{ when=0 what=532486 arg1=277 target=com.android.internal.util.StateMachine$SmHandler }
D/NetworkMonitor/NetworkAgentInfo [WIFI () - 100](  774): Checking http://connectivitycheck.android.com/generate_204 on "WiredSSID"
I/art     (  877): Explicit concurrent mark sweep GC freed 3621(188KB) AllocSpace objects, 0(0B) LOS objects, 40% free, 9MB/15MB, paused 410us total 9.220ms
I/art     (  774): Explicit concurrent mark sweep GC freed 6974(283KB) AllocSpace objects, 0(0B) LOS objects, 33% free, 9MB/14MB, paused 344us total 18.284ms
I/art     (  877): Explicit concurrent mark sweep GC freed 3947(201KB) AllocSpace objects, 0(0B) LOS objects, 40% free, 9MB/15MB, paused 390us total 10.505ms
I/art     (  774): Explicit concurrent mark sweep GC freed 6538(261KB) AllocSpace objects, 0(0B) LOS objects, 33% free, 9MB/14MB, paused 687us total 19.220ms
D/NetworkMonitor/NetworkAgentInfo [WIFI () - 100](  774): Probably not a portal: exception java.net.SocketTimeoutException: failed to connect to connectivitycheck.android.com/172.217.24.14 (port 80) after 10000ms
D/ConnectivityService(  774): setProvNotificationVisibleIntent: E visible=false networkType=0 extraInfo=null
I/art     (  877): Explicit concurrent mark sweep GC freed 3641(189KB) AllocSpace objects, 0(0B) LOS objects, 40% free, 9MB/15MB, paused 392us total 12.174ms
I/art     (  774): Explicit concurrent mark sweep GC freed 6849(279KB) AllocSpace objects, 0(0B) LOS objects, 33% free, 9MB/14MB, paused 555us total 17.104ms
I/art     (  877): Explicit concurrent mark sweep GC freed 3612(188KB) AllocSpace objects, 0(0B) LOS objects, 39% free, 9MB/15MB, paused 226us total 11.274ms
D/awcn.DefaultHeartbeatImpl( 1574): |[seq:umeng:56aadbf567e58e38d4000976.AWCN1_1] heartbeat session:Session@[umeng:56aadbf567e58e38d4000976.AWCN1_1|http2_0rtt_acs]
D/awcn.TnetSpdySession( 1574): |[seq:umeng:56aadbf567e58e38d4000976.AWCN1_1] ping host:https://umengacs.m.taobao.com thread:AWCN Scheduler1
D/awcn.TnetSpdySession( 1574): |[seq:umeng:56aadbf567e58e38d4000976.AWCN1_1] https://umengacs.m.taobao.com submit ping ms:45052 force:true
D/awcn.DefaultHeartbeatImpl( 1574): |[seq:umeng:56aadbf567e58e38d4000976.AWCN1_1] reSchedule session:Session@[umeng:56aadbf567e58e38d4000976.AWCN1_1|http2_0rtt_acs] delay:45052
I/awcn.TnetSpdySession( 1574): |[seq:umeng:56aadbf567e58e38d4000976.AWCN1_1] ping receive Host:https://umengacs.m.taobao.com id:7421
I/art     (  774): Explicit concurrent mark sweep GC freed 6459(258KB) AllocSpace objects, 0(0B) LOS objects, 33% free, 9MB/14MB, paused 818us total 16.697ms
I/art     (  877): Explicit concurrent mark sweep GC freed 3621(188KB) AllocSpace objects, 0(0B) LOS objects, 39% free, 9MB/15MB, paused 239us total 10.388ms
I/art     (  774): Explicit concurrent mark sweep GC freed 6333(252KB) AllocSpace objects, 0(0B) LOS objects, 33% free, 9MB/14MB, paused 693us total 16.727ms
I/art     (  877): Explicit concurrent mark sweep GC freed 3622(188KB) AllocSpace objects, 0(0B) LOS objects, 39% free, 9MB/15MB, paused 330us total 10.113ms
I/art     (  774): Explicit concurrent mark sweep GC freed 6423(256KB) AllocSpace objects, 0(0B) LOS objects, 33% free, 9MB/14MB, paused 653us total 17.602ms
I/art     (  877): Explicit concurrent mark sweep GC freed 3612(188KB) AllocSpace objects, 0(0B) LOS objects, 40% free, 9MB/15MB, paused 226us total 10.281ms
I/art     (  774): Explicit concurrent mark sweep GC freed 6433(257KB) AllocSpace objects, 0(0B) LOS objects, 33% free, 9MB/14MB, paused 270us total 18.553ms
I/art     (  877): Explicit concurrent mark sweep GC freed 3621(188KB) AllocSpace objects, 0(0B) LOS objects, 40% free, 9MB/15MB, paused 191us total 10.763ms
I/art     (  774): Explicit concurrent mark sweep GC freed 6805(274KB) AllocSpace objects, 0(0B) LOS objects, 33% free, 9MB/14MB, paused 295us total 16.815ms
I/art     (  877): Explicit concurrent mark sweep GC freed 3621(188KB) AllocSpace objects, 0(0B) LOS objects, 40% free, 9MB/15MB, paused 184us total 9.626ms
I/art     (  774): Explicit concurrent mark sweep GC freed 5961(235KB) AllocSpace objects, 0(0B) LOS objects, 33% free, 9MB/14MB, paused 304us total 16.881ms
I/art     (  877): Explicit concurrent mark sweep GC freed 3622(188KB) AllocSpace objects, 0(0B) LOS objects, 40% free, 9MB/15MB, paused 181us total 11.021ms
I/art     (  774): Explicit concurrent mark sweep GC freed 6422(256KB) AllocSpace objects, 0(0B) LOS objects, 33% free, 9MB/14MB, paused 288us total 16.378ms
I/art     (  877): Explicit concurrent mark sweep GC freed 3612(188KB) AllocSpace objects, 0(0B) LOS objects, 40% free, 9MB/15MB, paused 995us total 12.646ms
I/art     (  774): Explicit concurrent mark sweep GC freed 6649(285KB) AllocSpace objects, 0(0B) LOS objects, 33% free, 9MB/14MB, paused 370us total 18.314ms
I/art     (  877): Explicit concurrent mark sweep GC freed 3621(188KB) AllocSpace objects, 0(0B) LOS objects, 40% free, 9MB/15MB, paused 435us total 10.378ms
I/art     (  774): Explicit concurrent mark sweep GC freed 6821(274KB) AllocSpace objects, 0(0B) LOS objects, 33% free, 9MB/14MB, paused 461us total 16.030ms
D/awcn.DefaultHeartbeatImpl( 1574): |[seq:umeng:56aadbf567e58e38d4000976.AWCN1_1] heartbeat session:Session@[umeng:56aadbf567e58e38d4000976.AWCN1_1|http2_0rtt_acs]
D/awcn.TnetSpdySession( 1574): |[seq:umeng:56aadbf567e58e38d4000976.AWCN1_1] ping host:https://umengacs.m.taobao.com thread:AWCN Scheduler1
D/awcn.TnetSpdySession( 1574): |[seq:umeng:56aadbf567e58e38d4000976.AWCN1_1] https://umengacs.m.taobao.com submit ping ms:45051 force:true
D/awcn.DefaultHeartbeatImpl( 1574): |[seq:umeng:56aadbf567e58e38d4000976.AWCN1_1] reSchedule session:Session@[umeng:56aadbf567e58e38d4000976.AWCN1_1|http2_0rtt_acs] delay:45051
I/awcn.TnetSpdySession( 1574): |[seq:umeng:56aadbf567e58e38d4000976.AWCN1_1] ping receive Host:https://umengacs.m.taobao.com id:7423
I/art     (  877): Explicit concurrent mark sweep GC freed 3622(188KB) AllocSpace objects, 0(0B) LOS objects, 40% free, 9MB/15MB, paused 423us total 9.757ms
I/art     (  774): Explicit concurrent mark sweep GC freed 6538(261KB) AllocSpace objects, 0(0B) LOS objects, 33% free, 9MB/14MB, paused 998us total 16.677ms
I/art     (  877): Explicit concurrent mark sweep GC freed 3947(201KB) AllocSpace objects, 0(0B) LOS objects, 40% free, 9MB/15MB, paused 387us total 10.587ms
I/art     (  774): Explicit concurrent mark sweep GC freed 5978(236KB) AllocSpace objects, 0(0B) LOS objects, 33% free, 9MB/14MB, paused 247us total 15.134ms
I/art     (  877): Explicit concurrent mark sweep GC freed 3632(188KB) AllocSpace objects, 0(0B) LOS objects, 39% free, 9MB/15MB, paused 479us total 17.008ms
I/art     (  774): Explicit concurrent mark sweep GC freed 6432(256KB) AllocSpace objects, 0(0B) LOS objects, 33% free, 9MB/14MB, paused 371us total 22.167ms
I/art     (  877): Explicit concurrent mark sweep GC freed 3621(188KB) AllocSpace objects, 0(0B) LOS objects, 39% free, 9MB/15MB, paused 536us total 14.911ms
I/art     (  774): Explicit concurrent mark sweep GC freed 6805(273KB) AllocSpace objects, 0(0B) LOS objects, 33% free, 9MB/14MB, paused 247us total 17.219ms
I/art     (  877): Explicit concurrent mark sweep GC freed 3622(188KB) AllocSpace objects, 0(0B) LOS objects, 39% free, 9MB/15MB, paused 686us total 16.274ms
I/art     (  774): Explicit concurrent mark sweep GC freed 6492(260KB) AllocSpace objects, 0(0B) LOS objects, 33% free, 9MB/14MB, paused 255us total 15.662ms
I/art     (  877): Explicit concurrent mark sweep GC freed 3621(188KB) AllocSpace objects, 0(0B) LOS objects, 39% free, 9MB/15MB, paused 215us total 9.676ms
I/art     (  774): Explicit concurrent mark sweep GC freed 5981(236KB) AllocSpace objects, 0(0B) LOS objects, 33% free, 9MB/14MB, paused 339us total 16.765ms
I/art     (  877): Explicit concurrent mark sweep GC freed 3612(188KB) AllocSpace objects, 0(0B) LOS objects, 40% free, 9MB/15MB, paused 300us total 14.248ms
I/art     (  774): Explicit concurrent mark sweep GC freed 6428(256KB) AllocSpace objects, 0(0B) LOS objects, 33% free, 9MB/14MB, paused 440us total 20.231ms
I/art     (  877): Explicit concurrent mark sweep GC freed 3621(188KB) AllocSpace objects, 0(0B) LOS objects, 40% free, 9MB/15MB, paused 306us total 9.630ms
I/art     (  774): Explicit concurrent mark sweep GC freed 6824(275KB) AllocSpace objects, 0(0B) LOS objects, 33% free, 9MB/14MB, paused 286us total 16.445ms
I/art     (  877): Explicit concurrent mark sweep GC freed 3622(188KB) AllocSpace objects, 0(0B) LOS objects, 40% free, 9MB/15MB, paused 413us total 12.538ms
D/awcn.DefaultHeartbeatImpl( 1574): |[seq:umeng:56aadbf567e58e38d4000976.AWCN1_1] heartbeat session:Session@[umeng:56aadbf567e58e38d4000976.AWCN1_1|http2_0rtt_acs]
D/awcn.TnetSpdySession( 1574): |[seq:umeng:56aadbf567e58e38d4000976.AWCN1_1] ping host:https://umengacs.m.taobao.com thread:AWCN Scheduler1
D/awcn.TnetSpdySession( 1574): |[seq:umeng:56aadbf567e58e38d4000976.AWCN1_1] https://umengacs.m.taobao.com submit ping ms:45051 force:true
D/awcn.DefaultHeartbeatImpl( 1574): |[seq:umeng:56aadbf567e58e38d4000976.AWCN1_1] reSchedule session:Session@[umeng:56aadbf567e58e38d4000976.AWCN1_1|http2_0rtt_acs] delay:45051
I/awcn.TnetSpdySession( 1574): |[seq:umeng:56aadbf567e58e38d4000976.AWCN1_1] ping receive Host:https://umengacs.m.taobao.com id:7425
I/art     (  774): Explicit concurrent mark sweep GC freed 6431(256KB) AllocSpace objects, 0(0B) LOS objects, 33% free, 9MB/14MB, paused 310us total 17.612ms
I/art     (  877): Explicit concurrent mark sweep GC freed 3612(188KB) AllocSpace objects, 0(0B) LOS objects, 40% free, 9MB/15MB, paused 366us total 11.995ms
I/art     (  774): Explicit concurrent mark sweep GC freed 6158(262KB) AllocSpace objects, 0(0B) LOS objects, 33% free, 9MB/14MB, paused 271us total 16.229ms
I/art     (  877): Explicit concurrent mark sweep GC freed 3621(188KB) AllocSpace objects, 0(0B) LOS objects, 40% free, 9MB/15MB, paused 327us total 10.213ms
I/art     (  774): Explicit concurrent mark sweep GC freed 6800(274KB) AllocSpace objects, 0(0B) LOS objects, 33% free, 9MB/14MB, paused 355us total 16.524ms
I/art     (  877): Explicit concurrent mark sweep GC freed 3621(188KB) AllocSpace objects, 0(0B) LOS objects, 40% free, 9MB/15MB, paused 375us total 10.115ms
I/art     (  774): Explicit concurrent mark sweep GC freed 6452(258KB) AllocSpace objects, 0(0B) LOS objects, 33% free, 9MB/14MB, paused 241us total 16.847ms
I/art     (  877): Explicit concurrent mark sweep GC freed 3947(201KB) AllocSpace objects, 0(0B) LOS objects, 40% free, 9MB/15MB, paused 283us total 10.258ms
I/art     (  774): Explicit concurrent mark sweep GC freed 6546(262KB) AllocSpace objects, 0(0B) LOS objects, 33% free, 9MB/14MB, paused 440us total 19.842ms
I/art     (  877): Explicit concurrent mark sweep GC freed 3632(188KB) AllocSpace objects, 0(0B) LOS objects, 39% free, 9MB/15MB, paused 328us total 10.460ms
I/art     (  774): Explicit concurrent mark sweep GC freed 6450(257KB) AllocSpace objects, 0(0B) LOS objects, 33% free, 9MB/14MB, paused 514us total 18.989ms
I/art     (  877): Explicit concurrent mark sweep GC freed 3621(188KB) AllocSpace objects, 0(0B) LOS objects, 39% free, 9MB/15MB, paused 228us total 10.461ms
I/art     (  774): Explicit concurrent mark sweep GC freed 7250(292KB) AllocSpace objects, 0(0B) LOS objects, 33% free, 9MB/14MB, paused 307us total 16.625ms
I/art     (  877): Explicit concurrent mark sweep GC freed 3622(188KB) AllocSpace objects, 0(0B) LOS objects, 39% free, 9MB/15MB, paused 200us total 11.833ms
I/art     (  774): Explicit concurrent mark sweep GC freed 6477(260KB) AllocSpace objects, 0(0B) LOS objects, 33% free, 9MB/14MB, paused 273us total 16.644ms
I/art     (  877): Explicit concurrent mark sweep GC freed 3621(188KB) AllocSpace objects, 0(0B) LOS objects, 39% free, 9MB/15MB, paused 332us total 10.319ms
I/art     (  774): Explicit concurrent mark sweep GC freed 6431(256KB) AllocSpace objects, 0(0B) LOS objects, 33% free, 9MB/14MB, paused 529us total 25.195ms
D/awcn.DefaultHeartbeatImpl( 1574): |[seq:umeng:56aadbf567e58e38d4000976.AWCN1_1] heartbeat session:Session@[umeng:56aadbf567e58e38d4000976.AWCN1_1|http2_0rtt_acs]
D/awcn.TnetSpdySession( 1574): |[seq:umeng:56aadbf567e58e38d4000976.AWCN1_1] ping host:https://umengacs.m.taobao.com thread:AWCN Scheduler1
D/awcn.TnetSpdySession( 1574): |[seq:umeng:56aadbf567e58e38d4000976.AWCN1_1] https://umengacs.m.taobao.com submit ping ms:45050 force:true
D/awcn.DefaultHeartbeatImpl( 1574): |[seq:umeng:56aadbf567e58e38d4000976.AWCN1_1] reSchedule session:Session@[umeng:56aadbf567e58e38d4000976.AWCN1_1|http2_0rtt_acs] delay:45050
I/awcn.TnetSpdySession( 1574): |[seq:umeng:56aadbf567e58e38d4000976.AWCN1_1] ping receive Host:https://umengacs.m.taobao.com id:7427
I/art     (  877): Explicit concurrent mark sweep GC freed 3612(188KB) AllocSpace objects, 0(0B) LOS objects, 40% free, 9MB/15MB, paused 235us total 12.722ms
I/art     (  774): Explicit concurrent mark sweep GC freed 6433(257KB) AllocSpace objects, 0(0B) LOS objects, 33% free, 9MB/14MB, paused 737us total 26.846ms
I/tnet-jni( 1419): 101 - [spdyPingRecvCallback] - 
I/tnet-jni( 1419): 101 - [SpdySessionCallBack.spdyPingRecvCallback] - org.android.spdy.SpdySession@15ea5a37
D/accs.SpdyConnection( 1419):  spdyPingRecvCallback uniId:1594
D/accs.MessageHandler( 1419):  onRcvPing
D/accs.HeartbeatManager( 1419):  onHeartbeatSucc
D/accs.OrangeAdapter( 1419):  isSmartHb result:true
D/accs.HeartbeatManager( 1419):  set 480
I/art     (  877): Explicit concurrent mark sweep GC freed 3621(188KB) AllocSpace objects, 0(0B) LOS objects, 40% free, 9MB/15MB, paused 444us total 12.888ms
I/art     (  774): Explicit concurrent mark sweep GC freed 6573(276KB) AllocSpace objects, 1(26KB) LOS objects, 33% free, 9MB/14MB, paused 463us total 27.368ms
I/art     (  877): Explicit concurrent mark sweep GC freed 3622(188KB) AllocSpace objects, 0(0B) LOS objects, 40% free, 9MB/15MB, paused 266us total 9.413ms
I/art     (  774): Explicit concurrent mark sweep GC freed 6492(260KB) AllocSpace objects, 0(0B) LOS objects, 33% free, 9MB/14MB, paused 244us total 16.754ms
I/art     (  877): Explicit concurrent mark sweep GC freed 3621(188KB) AllocSpace objects, 0(0B) LOS objects, 40% free, 9MB/15MB, paused 348us total 10.384ms
I/art     (  774): Explicit concurrent mark sweep GC freed 7007(314KB) AllocSpace objects, 1(16KB) LOS objects, 33% free, 9MB/14MB, paused 293us total 16.569ms
I/tnet-jni( 1467): 104 - [spdyPingRecvCallback] - 
I/tnet-jni( 1467): 104 - [SpdySessionCallBack.spdyPingRecvCallback] - org.android.spdy.SpdySession@26860312
D/accs.SilenceConn_umeng:56aadbf567e58e38d4000976( 1467):  spdyPingRecvCallback uniId:1594
D/accs.MsgRecv_umeng:56aadbf567e58e38d4000976( 1467):  onRcvPing
D/accs.HeartbeatManager( 1467):  onHeartbeatSucc
D/accs.OrangeAdapter( 1467):  isSmartHb result:true
D/accs.HeartbeatManager( 1467):  set 480
I/art     (  877): Explicit concurrent mark sweep GC freed 3612(188KB) AllocSpace objects, 0(0B) LOS objects, 40% free, 9MB/15MB, paused 482us total 11.239ms
I/art     (  774): Explicit concurrent mark sweep GC freed 6657(270KB) AllocSpace objects, 0(0B) LOS objects, 33% free, 9MB/14MB, paused 267us total 21.619ms
I/art     (  877): Explicit concurrent mark sweep GC freed 3621(188KB) AllocSpace objects, 0(0B) LOS objects, 40% free, 9MB/15MB, paused 258us total 10.354ms
I/art     (  774): Explicit concurrent mark sweep GC freed 6828(275KB) AllocSpace objects, 0(0B) LOS objects, 33% free, 9MB/14MB, paused 240us total 17.893ms
I/ProcessStatsService(  774): Prepared write state in 0ms
I/art     (  877): Explicit concurrent mark sweep GC freed 3948(201KB) AllocSpace objects, 0(0B) LOS objects, 40% free, 9MB/15MB, paused 243us total 8.828ms
I/art     (  774): Explicit concurrent mark sweep GC freed 6151(253KB) AllocSpace objects, 0(0B) LOS objects, 33% free, 9MB/14MB, paused 269us total 18.260ms
I/art     (  877): Explicit concurrent mark sweep GC freed 3632(188KB) AllocSpace objects, 0(0B) LOS objects, 39% free, 9MB/15MB, paused 213us total 10.689ms
I/art     (  774): Explicit concurrent mark sweep GC freed 6470(259KB) AllocSpace objects, 0(0B) LOS objects, 33% free, 9MB/14MB, paused 391us total 18.407ms
I/art     (  877): Explicit concurrent mark sweep GC freed 3621(188KB) AllocSpace objects, 0(0B) LOS objects, 39% free, 9MB/15MB, paused 200us total 10.681ms
D/awcn.DefaultHeartbeatImpl( 1574): |[seq:umeng:56aadbf567e58e38d4000976.AWCN1_1] heartbeat session:Session@[umeng:56aadbf567e58e38d4000976.AWCN1_1|http2_0rtt_acs]
D/awcn.TnetSpdySession( 1574): |[seq:umeng:56aadbf567e58e38d4000976.AWCN1_1] ping host:https://umengacs.m.taobao.com thread:AWCN Scheduler1
D/awcn.TnetSpdySession( 1574): |[seq:umeng:56aadbf567e58e38d4000976.AWCN1_1] https://umengacs.m.taobao.com submit ping ms:45050 force:true
D/awcn.DefaultHeartbeatImpl( 1574): |[seq:umeng:56aadbf567e58e38d4000976.AWCN1_1] reSchedule session:Session@[umeng:56aadbf567e58e38d4000976.AWCN1_1|http2_0rtt_acs] delay:45050
I/awcn.TnetSpdySession( 1574): |[seq:umeng:56aadbf567e58e38d4000976.AWCN1_1] ping receive Host:https://umengacs.m.taobao.com id:7429
I/art     (  774): Explicit concurrent mark sweep GC freed 6809(273KB) AllocSpace objects, 0(0B) LOS objects, 33% free, 9MB/14MB, paused 246us total 15.967ms
I/art     (  877): Explicit concurrent mark sweep GC freed 3621(188KB) AllocSpace objects, 0(0B) LOS objects, 39% free, 9MB/15MB, paused 183us total 10.601ms
I/art     (  774): Explicit concurrent mark sweep GC freed 6452(258KB) AllocSpace objects, 0(0B) LOS objects, 33% free, 9MB/14MB, paused 380us total 17.089ms
I/art     (  877): Explicit concurrent mark sweep GC freed 3622(188KB) AllocSpace objects, 0(0B) LOS objects, 39% free, 9MB/15MB, paused 192us total 11.036ms
I/art     (  774): Explicit concurrent mark sweep GC freed 5940(234KB) AllocSpace objects, 0(0B) LOS objects, 33% free, 9MB/14MB, paused 535us total 22.697ms
I/art     (  877): Explicit concurrent mark sweep GC freed 3612(188KB) AllocSpace objects, 0(0B) LOS objects, 40% free, 9MB/15MB, paused 174us total 10.326ms
I/art     (  774): Explicit concurrent mark sweep GC freed 6424(256KB) AllocSpace objects, 0(0B) LOS objects, 33% free, 9MB/14MB, paused 310us total 17.660ms
I/art     (  877): Explicit concurrent mark sweep GC freed 3621(188KB) AllocSpace objects, 0(0B) LOS objects, 40% free, 9MB/15MB, paused 227us total 12.580ms
I/art     (  774): Explicit concurrent mark sweep GC freed 6805(273KB) AllocSpace objects, 0(0B) LOS objects, 33% free, 9MB/14MB, paused 411us total 16.272ms
I/art     (  877): Explicit concurrent mark sweep GC freed 3622(188KB) AllocSpace objects, 0(0B) LOS objects, 40% free, 9MB/15MB, paused 247us total 11.167ms
I/art     (  774): Explicit concurrent mark sweep GC freed 6455(258KB) AllocSpace objects, 0(0B) LOS objects, 33% free, 9MB/14MB, paused 255us total 17.182ms
I/art     (  877): Explicit concurrent mark sweep GC freed 3621(188KB) AllocSpace objects, 0(0B) LOS objects, 40% free, 9MB/15MB, paused 321us total 10.647ms
I/art     (  774): Explicit concurrent mark sweep GC freed 6647(285KB) AllocSpace objects, 0(0B) LOS objects, 33% free, 9MB/14MB, paused 277us total 17.129ms
I/art     (  877): Explicit concurrent mark sweep GC freed 3612(188KB) AllocSpace objects, 0(0B) LOS objects, 40% free, 9MB/15MB, paused 242us total 11.525ms
I/art     (  774): Explicit concurrent mark sweep GC freed 5946(234KB) AllocSpace objects, 0(0B) LOS objects, 33% free, 9MB/14MB, paused 318us total 21.097ms
I/art     (  877): Explicit concurrent mark sweep GC freed 3621(188KB) AllocSpace objects, 0(0B) LOS objects, 40% free, 9MB/15MB, paused 178us total 9.955ms
I/art     (  774): Explicit concurrent mark sweep GC freed 6796(273KB) AllocSpace objects, 0(0B) LOS objects, 33% free, 9MB/14MB, paused 286us total 15.948ms
D/awcn.DefaultHeartbeatImpl( 1574): |[seq:umeng:56aadbf567e58e38d4000976.AWCN1_1] heartbeat session:Session@[umeng:56aadbf567e58e38d4000976.AWCN1_1|http2_0rtt_acs]
D/awcn.TnetSpdySession( 1574): |[seq:umeng:56aadbf567e58e38d4000976.AWCN1_1] ping host:https://umengacs.m.taobao.com thread:AWCN Scheduler1
D/awcn.TnetSpdySession( 1574): |[seq:umeng:56aadbf567e58e38d4000976.AWCN1_1] https://umengacs.m.taobao.com submit ping ms:45051 force:true
D/awcn.DefaultHeartbeatImpl( 1574): |[seq:umeng:56aadbf567e58e38d4000976.AWCN1_1] reSchedule session:Session@[umeng:56aadbf567e58e38d4000976.AWCN1_1|http2_0rtt_acs] delay:45050
I/awcn.TnetSpdySession( 1574): |[seq:umeng:56aadbf567e58e38d4000976.AWCN1_1] ping receive Host:https://umengacs.m.taobao.com id:7431
I/art     (  877): Explicit concurrent mark sweep GC freed 3947(201KB) AllocSpace objects, 0(0B) LOS objects, 40% free, 9MB/15MB, paused 390us total 9.454ms
I/art     (  774): Explicit concurrent mark sweep GC freed 6540(261KB) AllocSpace objects, 0(0B) LOS objects, 33% free, 9MB/14MB, paused 257us total 15.494ms
I/art     (  877): Explicit concurrent mark sweep GC freed 3641(189KB) AllocSpace objects, 0(0B) LOS objects, 40% free, 9MB/15MB, paused 509us total 13.462ms
I/art     (  774): Explicit concurrent mark sweep GC freed 6471(259KB) AllocSpace objects, 0(0B) LOS objects, 33% free, 9MB/14MB, paused 593us total 18.648ms
I/art     (  877): Explicit concurrent mark sweep GC freed 3612(188KB) AllocSpace objects, 0(0B) LOS objects, 39% free, 9MB/15MB, paused 215us total 9.266ms
I/art     (  774): Explicit concurrent mark sweep GC freed 5948(234KB) AllocSpace objects, 0(0B) LOS objects, 33% free, 9MB/14MB, paused 249us total 15.511ms
I/art     (  877): Explicit concurrent mark sweep GC freed 3621(188KB) AllocSpace objects, 0(0B) LOS objects, 39% free, 9MB/15MB, paused 181us total 9.555ms
I/art     (  774): Explicit concurrent mark sweep GC freed 6815(274KB) AllocSpace objects, 0(0B) LOS objects, 33% free, 9MB/14MB, paused 323us total 17.922ms
I/art     (  877): Explicit concurrent mark sweep GC freed 3622(188KB) AllocSpace objects, 0(0B) LOS objects, 39% free, 9MB/15MB, paused 270us total 14.420ms
I/art     (  774): Explicit concurrent mark sweep GC freed 6432(256KB) AllocSpace objects, 0(0B) LOS objects, 33% free, 9MB/14MB, paused 602us total 23.201ms
I/art     (  877): Explicit concurrent mark sweep GC freed 3612(188KB) AllocSpace objects, 0(0B) LOS objects, 40% free, 9MB/15MB, paused 601us total 17.401ms
I/art     (  774): Explicit concurrent mark sweep GC freed 6433(257KB) AllocSpace objects, 0(0B) LOS objects, 33% free, 9MB/14MB, paused 267us total 17.026ms
I/art     (  877): Explicit concurrent mark sweep GC freed 3621(188KB) AllocSpace objects, 0(0B) LOS objects, 40% free, 9MB/15MB, paused 714us total 17.159ms
I/art     (  774): Explicit concurrent mark sweep GC freed 6314(251KB) AllocSpace objects, 0(0B) LOS objects, 33% free, 9MB/14MB, paused 314us total 17.142ms
I/art     (  877): Explicit concurrent mark sweep GC freed 3621(188KB) AllocSpace objects, 0(0B) LOS objects, 40% free, 9MB/15MB, paused 536us total 17.073ms
I/art     (  774): Explicit concurrent mark sweep GC freed 6443(257KB) AllocSpace objects, 0(0B) LOS objects, 33% free, 9MB/14MB, paused 199us total 16.927ms
D/awcn.DefaultHeartbeatImpl( 1574): |[seq:umeng:56aadbf567e58e38d4000976.AWCN1_1] heartbeat session:Session@[umeng:56aadbf567e58e38d4000976.AWCN1_1|http2_0rtt_acs]
D/awcn.TnetSpdySession( 1574): |[seq:umeng:56aadbf567e58e38d4000976.AWCN1_1] ping host:https://umengacs.m.taobao.com thread:AWCN Scheduler1
D/awcn.TnetSpdySession( 1574): |[seq:umeng:56aadbf567e58e38d4000976.AWCN1_1] https://umengacs.m.taobao.com submit ping ms:45051 force:true
D/awcn.DefaultHeartbeatImpl( 1574): |[seq:umeng:56aadbf567e58e38d4000976.AWCN1_1] reSchedule session:Session@[umeng:56aadbf567e58e38d4000976.AWCN1_1|http2_0rtt_acs] delay:45051
I/art     (  877): Explicit concurrent mark sweep GC freed 3622(188KB) AllocSpace objects, 0(0B) LOS objects, 40% free, 9MB/15MB, paused 517us total 12.476ms
I/awcn.TnetSpdySession( 1574): |[seq:umeng:56aadbf567e58e38d4000976.AWCN1_1] ping receive Host:https://umengacs.m.taobao.com id:7433
I/art     (  774): Explicit concurrent mark sweep GC freed 6431(256KB) AllocSpace objects, 0(0B) LOS objects, 33% free, 9MB/14MB, paused 342us total 16.475ms
I/art     (  877): Explicit concurrent mark sweep GC freed 3612(188KB) AllocSpace objects, 0(0B) LOS objects, 40% free, 9MB/15MB, paused 228us total 11.872ms
I/art     (  774): Explicit concurrent mark sweep GC freed 6649(285KB) AllocSpace objects, 0(0B) LOS objects, 33% free, 9MB/14MB, paused 356us total 15.190ms
I/art     (  877): Explicit concurrent mark sweep GC freed 3621(188KB) AllocSpace objects, 0(0B) LOS objects, 40% free, 9MB/15MB, paused 294us total 12.362ms
I/art     (  774): Explicit concurrent mark sweep GC freed 6809(273KB) AllocSpace objects, 0(0B) LOS objects, 33% free, 9MB/14MB, paused 390us total 21.733ms
I/art     (  877): Explicit concurrent mark sweep GC freed 3622(188KB) AllocSpace objects, 0(0B) LOS objects, 40% free, 9MB/15MB, paused 367us total 10.102ms
I/art     (  774): Explicit concurrent mark sweep GC freed 6121(242KB) AllocSpace objects, 0(0B) LOS objects, 33% free, 9MB/14MB, paused 1.007ms total 24.201ms
I/art     (  877): Explicit concurrent mark sweep GC freed 3946(201KB) AllocSpace objects, 0(0B) LOS objects, 40% free, 9MB/15MB, paused 210us total 10.745ms
I/art     (  774): Explicit concurrent mark sweep GC freed 6471(259KB) AllocSpace objects, 0(0B) LOS objects, 33% free, 9MB/14MB, paused 263us total 15.194ms
I/art     (  877): Explicit concurrent mark sweep GC freed 3623(188KB) AllocSpace objects, 0(0B) LOS objects, 40% free, 9MB/15MB, paused 191us total 9.241ms
I/art     (  774): Explicit concurrent mark sweep GC freed 6441(257KB) AllocSpace objects, 0(0B) LOS objects, 33% free, 9MB/14MB, paused 277us total 16.144ms
I/art     (  877): Explicit concurrent mark sweep GC freed 3621(188KB) AllocSpace objects, 0(0B) LOS objects, 40% free, 9MB/15MB, paused 340us total 9.698ms
I/art     (  774): Explicit concurrent mark sweep GC freed 6805(272KB) AllocSpace objects, 0(0B) LOS objects, 33% free, 9MB/14MB, paused 314us total 18.773ms
I/art     (  877): Explicit concurrent mark sweep GC freed 3622(188KB) AllocSpace objects, 0(0B) LOS objects, 40% free, 9MB/15MB, paused 260us total 12.903ms
I/art     (  774): Explicit concurrent mark sweep GC freed 5961(235KB) AllocSpace objects, 0(0B) LOS objects, 33% free, 9MB/14MB, paused 371us total 16.509ms
I/art     (  877): Explicit concurrent mark sweep GC freed 3621(188KB) AllocSpace objects, 0(0B) LOS objects, 40% free, 9MB/15MB, paused 173us total 10.216ms
I/art     (  774): Explicit concurrent mark sweep GC freed 6422(256KB) AllocSpace objects, 0(0B) LOS objects, 33% free, 9MB/14MB, paused 271us total 16.278ms
D/awcn.DefaultHeartbeatImpl( 1574): |[seq:umeng:56aadbf567e58e38d4000976.AWCN1_1] heartbeat session:Session@[umeng:56aadbf567e58e38d4000976.AWCN1_1|http2_0rtt_acs]
D/awcn.TnetSpdySession( 1574): |[seq:umeng:56aadbf567e58e38d4000976.AWCN1_1] ping host:https://umengacs.m.taobao.com thread:AWCN Scheduler1
D/awcn.TnetSpdySession( 1574): |[seq:umeng:56aadbf567e58e38d4000976.AWCN1_1] https://umengacs.m.taobao.com submit ping ms:45050 force:true
D/awcn.DefaultHeartbeatImpl( 1574): |[seq:umeng:56aadbf567e58e38d4000976.AWCN1_1] reSchedule session:Session@[umeng:56aadbf567e58e38d4000976.AWCN1_1|http2_0rtt_acs] delay:45050
I/awcn.TnetSpdySession( 1574): |[seq:umeng:56aadbf567e58e38d4000976.AWCN1_1] ping receive Host:https://umengacs.m.taobao.com id:7435
I/art     (  877): Explicit concurrent mark sweep GC freed 3612(188KB) AllocSpace objects, 0(0B) LOS objects, 40% free, 9MB/15MB, paused 190us total 11.041ms
I/art     (  774): Explicit concurrent mark sweep GC freed 6433(257KB) AllocSpace objects, 0(0B) LOS objects, 33% free, 9MB/14MB, paused 550us total 17.574ms
I/art     (  877): Explicit concurrent mark sweep GC freed 3621(188KB) AllocSpace objects, 0(0B) LOS objects, 40% free, 9MB/15MB, paused 202us total 9.591ms
I/art     (  774): Explicit concurrent mark sweep GC freed 6805(274KB) AllocSpace objects, 0(0B) LOS objects, 33% free, 9MB/14MB, paused 271us total 16.585ms
I/art     (  877): Explicit concurrent mark sweep GC freed 3622(188KB) AllocSpace objects, 0(0B) LOS objects, 40% free, 9MB/15MB, paused 219us total 10.001ms
I/art     (  774): Explicit concurrent mark sweep GC freed 6452(258KB) AllocSpace objects, 0(0B) LOS objects, 33% free, 9MB/14MB, paused 242us total 16.773ms
I/art     (  877): Explicit concurrent mark sweep GC freed 3621(188KB) AllocSpace objects, 0(0B) LOS objects, 40% free, 9MB/15MB, paused 176us total 9.957ms
I/art     (  774): Explicit concurrent mark sweep GC freed 6156(262KB) AllocSpace objects, 0(0B) LOS objects, 33% free, 9MB/14MB, paused 254us total 15.878ms
I/art     (  877): Explicit concurrent mark sweep GC freed 3612(188KB) AllocSpace objects, 0(0B) LOS objects, 39% free, 9MB/15MB, paused 321us total 9.943ms
I/art     (  774): Explicit concurrent mark sweep GC freed 6800(274KB) AllocSpace objects, 0(0B) LOS objects, 33% free, 9MB/14MB, paused 580us total 27.639ms
I/art     (  877): Explicit concurrent mark sweep GC freed 3621(188KB) AllocSpace objects, 0(0B) LOS objects, 39% free, 9MB/15MB, paused 506us total 12.508ms
I/art     (  774): Explicit concurrent mark sweep GC freed 6452(258KB) AllocSpace objects, 0(0B) LOS objects, 33% free, 9MB/14MB, paused 1.133ms total 28.037ms
I/tnet-jni( 1419): 101 - [spdyPingRecvCallback] - 
I/tnet-jni( 1419): 101 - [SpdySessionCallBack.spdyPingRecvCallback] - org.android.spdy.SpdySession@15ea5a37
D/accs.SpdyConnection( 1419):  spdyPingRecvCallback uniId:1596
D/accs.MessageHandler( 1419):  onRcvPing
D/accs.HeartbeatManager( 1419):  onHeartbeatSucc
D/accs.OrangeAdapter( 1419):  isSmartHb result:true
D/accs.HeartbeatManager( 1419):  set 480
D/accs.UtilityImpl( 1419):  setServiceTime:1512362762764
I/art     (  877): Explicit concurrent mark sweep GC freed 3947(201KB) AllocSpace objects, 0(0B) LOS objects, 39% free, 9MB/15MB, paused 393us total 10.126ms
I/art     (  774): Explicit concurrent mark sweep GC freed 6635(266KB) AllocSpace objects, 0(0B) LOS objects, 33% free, 9MB/14MB, paused 355us total 26.091ms
I/art     (  877): Explicit concurrent mark sweep GC freed 3632(188KB) AllocSpace objects, 0(0B) LOS objects, 40% free, 9MB/15MB, paused 193us total 13.496ms
I/art     (  774): Explicit concurrent mark sweep GC freed 5970(235KB) AllocSpace objects, 0(0B) LOS objects, 33% free, 9MB/14MB, paused 485us total 26.357ms
D/awcn.DefaultHeartbeatImpl( 1574): |[seq:umeng:56aadbf567e58e38d4000976.AWCN1_1] heartbeat session:Session@[umeng:56aadbf567e58e38d4000976.AWCN1_1|http2_0rtt_acs]
D/awcn.TnetSpdySession( 1574): |[seq:umeng:56aadbf567e58e38d4000976.AWCN1_1] ping host:https://umengacs.m.taobao.com thread:AWCN Scheduler1
D/awcn.TnetSpdySession( 1574): |[seq:umeng:56aadbf567e58e38d4000976.AWCN1_1] https://umengacs.m.taobao.com submit ping ms:45051 force:true
D/awcn.DefaultHeartbeatImpl( 1574): |[seq:umeng:56aadbf567e58e38d4000976.AWCN1_1] reSchedule session:Session@[umeng:56aadbf567e58e38d4000976.AWCN1_1|http2_0rtt_acs] delay:45052
I/awcn.TnetSpdySession( 1574): |[seq:umeng:56aadbf567e58e38d4000976.AWCN1_1] ping receive Host:https://umengacs.m.taobao.com id:7437
I/art     (  877): Explicit concurrent mark sweep GC freed 3621(188KB) AllocSpace objects, 0(0B) LOS objects, 40% free, 9MB/15MB, paused 181us total 10.644ms
I/art     (  774): Explicit concurrent mark sweep GC freed 6796(273KB) AllocSpace objects, 0(0B) LOS objects, 33% free, 9MB/14MB, paused 444us total 26.812ms
I/art     (  877): Explicit concurrent mark sweep GC freed 3622(188KB) AllocSpace objects, 0(0B) LOS objects, 40% free, 9MB/15MB, paused 180us total 10.873ms
I/tnet-jni( 1467): 104 - [spdyPingRecvCallback] - 
I/tnet-jni( 1467): 104 - [SpdySessionCallBack.spdyPingRecvCallback] - org.android.spdy.SpdySession@26860312
D/accs.SilenceConn_umeng:56aadbf567e58e38d4000976( 1467):  spdyPingRecvCallback uniId:1596
D/accs.MsgRecv_umeng:56aadbf567e58e38d4000976( 1467):  onRcvPing
D/accs.HeartbeatManager( 1467):  onHeartbeatSucc
D/accs.OrangeAdapter( 1467):  isSmartHb result:true
D/accs.HeartbeatManager( 1467):  set 480
D/accs.UtilityImpl( 1467):  setServiceTime:1512362780265
I/art     (  774): Explicit concurrent mark sweep GC freed 6858(289KB) AllocSpace objects, 1(16KB) LOS objects, 33% free, 9MB/14MB, paused 470us total 20.733ms
I/art     (  877): Explicit concurrent mark sweep GC freed 3621(188KB) AllocSpace objects, 0(0B) LOS objects, 40% free, 9MB/15MB, paused 177us total 9.134ms
I/art     (  774): Explicit concurrent mark sweep GC freed 6520(262KB) AllocSpace objects, 0(0B) LOS objects, 33% free, 9MB/14MB, paused 299us total 18.416ms
I/art     (  877): Explicit concurrent mark sweep GC freed 3612(188KB) AllocSpace objects, 0(0B) LOS objects, 40% free, 9MB/15MB, paused 524us total 20.986ms
I/art     (  774): Explicit concurrent mark sweep GC freed 6437(257KB) AllocSpace objects, 0(0B) LOS objects, 33% free, 9MB/14MB, paused 396us total 24.929ms
I/art     (  877): Explicit concurrent mark sweep GC freed 3621(188KB) AllocSpace objects, 0(0B) LOS objects, 40% free, 9MB/15MB, paused 365us total 11.096ms
I/art     (  774): Explicit concurrent mark sweep GC freed 6314(251KB) AllocSpace objects, 0(0B) LOS objects, 33% free, 9MB/14MB, paused 302us total 16.392ms
I/art     (  877): Explicit concurrent mark sweep GC freed 3622(188KB) AllocSpace objects, 0(0B) LOS objects, 40% free, 9MB/15MB, paused 410us total 9.833ms
I/art     (  774): Explicit concurrent mark sweep GC freed 6443(257KB) AllocSpace objects, 0(0B) LOS objects, 33% free, 9MB/14MB, paused 334us total 16.598ms
I/art     (  877): Explicit concurrent mark sweep GC freed 3621(188KB) AllocSpace objects, 0(0B) LOS objects, 40% free, 9MB/15MB, paused 548us total 17.963ms
I/art     (  774): Explicit concurrent mark sweep GC freed 6647(285KB) AllocSpace objects, 0(0B) LOS objects, 33% free, 9MB/14MB, paused 250us total 15.694ms
I/art     (  877): Explicit concurrent mark sweep GC freed 3612(188KB) AllocSpace objects, 0(0B) LOS objects, 39% free, 9MB/15MB, paused 332us total 11.078ms
I/art     (  774): Explicit concurrent mark sweep GC freed 6437(257KB) AllocSpace objects, 0(0B) LOS objects, 33% free, 9MB/14MB, paused 268us total 16.041ms
I/art     (  877): Explicit concurrent mark sweep GC freed 3621(188KB) AllocSpace objects, 0(0B) LOS objects, 39% free, 9MB/15MB, paused 286us total 9.760ms
D/awcn.DefaultHeartbeatImpl( 1574): |[seq:umeng:56aadbf567e58e38d4000976.AWCN1_1] heartbeat session:Session@[umeng:56aadbf567e58e38d4000976.AWCN1_1|http2_0rtt_acs]
D/awcn.TnetSpdySession( 1574): |[seq:umeng:56aadbf567e58e38d4000976.AWCN1_1] ping host:https://umengacs.m.taobao.com thread:AWCN Scheduler1
D/awcn.TnetSpdySession( 1574): |[seq:umeng:56aadbf567e58e38d4000976.AWCN1_1] https://umengacs.m.taobao.com submit ping ms:45050 force:true
D/awcn.DefaultHeartbeatImpl( 1574): |[seq:umeng:56aadbf567e58e38d4000976.AWCN1_1] reSchedule session:Session@[umeng:56aadbf567e58e38d4000976.AWCN1_1|http2_0rtt_acs] delay:45050
I/awcn.TnetSpdySession( 1574): |[seq:umeng:56aadbf567e58e38d4000976.AWCN1_1] ping receive Host:https://umengacs.m.taobao.com id:7439
I/art     (  774): Explicit concurrent mark sweep GC freed 6824(275KB) AllocSpace objects, 0(0B) LOS objects, 33% free, 9MB/14MB, paused 393us total 18.249ms
I/art     (  877): Explicit concurrent mark sweep GC freed 3948(201KB) AllocSpace objects, 0(0B) LOS objects, 39% free, 9MB/15MB, paused 687us total 16.317ms
I/art     (  774): Explicit concurrent mark sweep GC freed 6027(236KB) AllocSpace objects, 0(0B) LOS objects, 33% free, 9MB/14MB, paused 360us total 15.249ms
I/art     (  877): Explicit concurrent mark sweep GC freed 3632(188KB) AllocSpace objects, 0(0B) LOS objects, 40% free, 9MB/15MB, paused 183us total 10.681ms
I/art     (  774): Explicit concurrent mark sweep GC freed 6466(259KB) AllocSpace objects, 0(0B) LOS objects, 33% free, 9MB/14MB, paused 328us total 19.960ms
I/art     (  877): Explicit concurrent mark sweep GC freed 3621(188KB) AllocSpace objects, 0(0B) LOS objects, 40% free, 9MB/15MB, paused 254us total 18.066ms
I/art     (  774): Explicit concurrent mark sweep GC freed 6808(274KB) AllocSpace objects, 0(0B) LOS objects, 33% free, 9MB/14MB, paused 443us total 22.981ms
I/art     (  877): Explicit concurrent mark sweep GC freed 3621(188KB) AllocSpace objects, 0(0B) LOS objects, 40% free, 9MB/15MB, paused 682us total 13.291ms
I/art     (  774): Explicit concurrent mark sweep GC freed 6452(258KB) AllocSpace objects, 0(0B) LOS objects, 33% free, 9MB/14MB, paused 278us total 21.064ms
I/art     (  877): Explicit concurrent mark sweep GC freed 3622(188KB) AllocSpace objects, 0(0B) LOS objects, 40% free, 9MB/15MB, paused 278us total 13.880ms
I/art     (  774): Explicit concurrent mark sweep GC freed 5940(233KB) AllocSpace objects, 0(0B) LOS objects, 33% free, 9MB/14MB, paused 262us total 16.376ms
I/art     (  877): Explicit concurrent mark sweep GC freed 3612(188KB) AllocSpace objects, 0(0B) LOS objects, 40% free, 9MB/15MB, paused 189us total 11.617ms
I/art     (  774): Explicit concurrent mark sweep GC freed 6424(256KB) AllocSpace objects, 0(0B) LOS objects, 33% free, 9MB/14MB, paused 307us total 16.449ms
I/art     (  877): Explicit concurrent mark sweep GC freed 3621(188KB) AllocSpace objects, 0(0B) LOS objects, 40% free, 9MB/15MB, paused 219us total 11.161ms
I/art     (  774): Explicit concurrent mark sweep GC freed 6808(274KB) AllocSpace objects, 0(0B) LOS objects, 33% free, 9MB/14MB, paused 331us total 24.458ms
I/art     (  877): Explicit concurrent mark sweep GC freed 3622(188KB) AllocSpace objects, 0(0B) LOS objects, 40% free, 9MB/15MB, paused 451us total 10.287ms
I/art     (  774): Explicit concurrent mark sweep GC freed 6452(258KB) AllocSpace objects, 0(0B) LOS objects, 33% free, 9MB/14MB, paused 352us total 23.992ms
D/awcn.DefaultHeartbeatImpl( 1574): |[seq:umeng:56aadbf567e58e38d4000976.AWCN1_1] heartbeat session:Session@[umeng:56aadbf567e58e38d4000976.AWCN1_1|http2_0rtt_acs]
D/awcn.TnetSpdySession( 1574): |[seq:umeng:56aadbf567e58e38d4000976.AWCN1_1] ping host:https://umengacs.m.taobao.com thread:AWCN Scheduler1
D/awcn.TnetSpdySession( 1574): |[seq:umeng:56aadbf567e58e38d4000976.AWCN1_1] https://umengacs.m.taobao.com submit ping ms:45050 force:true
D/awcn.DefaultHeartbeatImpl( 1574): |[seq:umeng:56aadbf567e58e38d4000976.AWCN1_1] reSchedule session:Session@[umeng:56aadbf567e58e38d4000976.AWCN1_1|http2_0rtt_acs] delay:45050
I/awcn.TnetSpdySession( 1574): |[seq:umeng:56aadbf567e58e38d4000976.AWCN1_1] ping receive Host:https://umengacs.m.taobao.com id:7441
I/art     (  877): Explicit concurrent mark sweep GC freed 3621(188KB) AllocSpace objects, 0(0B) LOS objects, 40% free, 9MB/15MB, paused 401us total 11.317ms
I/art     (  774): Explicit concurrent mark sweep GC freed 6647(285KB) AllocSpace objects, 0(0B) LOS objects, 33% free, 9MB/14MB, paused 255us total 16.391ms
I/art     (  877): Explicit concurrent mark sweep GC freed 3612(188KB) AllocSpace objects, 0(0B) LOS objects, 39% free, 9MB/15MB, paused 228us total 9.679ms
I/art     (  774): Explicit concurrent mark sweep GC freed 5946(234KB) AllocSpace objects, 0(0B) LOS objects, 33% free, 9MB/14MB, paused 553us total 24.443ms
I/art     (  877): Explicit concurrent mark sweep GC freed 3621(188KB) AllocSpace objects, 0(0B) LOS objects, 39% free, 9MB/15MB, paused 528us total 11.066ms
I/art     (  774): Explicit concurrent mark sweep GC freed 6796(273KB) AllocSpace objects, 0(0B) LOS objects, 33% free, 9MB/14MB, paused 276us total 18.353ms
I/art     (  877): Explicit concurrent mark sweep GC freed 3947(201KB) AllocSpace objects, 0(0B) LOS objects, 39% free, 9MB/15MB, paused 616us total 15.364ms
I/art     (  774): Explicit concurrent mark sweep GC freed 6538(261KB) AllocSpace objects, 0(0B) LOS objects, 33% free, 9MB/14MB, paused 250us total 15.875ms
I/art     (  877): Explicit concurrent mark sweep GC freed 3966(201KB) AllocSpace objects, 0(0B) LOS objects, 39% free, 9MB/15MB, paused 214us total 12.340ms
I/art     (  774): Explicit concurrent mark sweep GC freed 6559(262KB) AllocSpace objects, 0(0B) LOS objects, 33% free, 9MB/14MB, paused 533us total 25.077ms
I/art     (  877): Explicit concurrent mark sweep GC freed 3632(188KB) AllocSpace objects, 0(0B) LOS objects, 40% free, 9MB/15MB, paused 259us total 11.285ms
I/art     (  774): Explicit concurrent mark sweep GC freed 5988(237KB) AllocSpace objects, 0(0B) LOS objects, 33% free, 9MB/14MB, paused 764us total 19.024ms
I/art     (  877): Explicit concurrent mark sweep GC freed 3621(188KB) AllocSpace objects, 0(0B) LOS objects, 40% free, 9MB/15MB, paused 347us total 8.943ms
I/art     (  774): Explicit concurrent mark sweep GC freed 7759(317KB) AllocSpace objects, 0(0B) LOS objects, 33% free, 9MB/14MB, paused 841us total 19.102ms
I/art     (  877): Explicit concurrent mark sweep GC freed 3622(188KB) AllocSpace objects, 0(0B) LOS objects, 40% free, 9MB/15MB, paused 232us total 10.452ms
I/art     (  774): Explicit concurrent mark sweep GC freed 6501(259KB) AllocSpace objects, 0(0B) LOS objects, 33% free, 9MB/14MB, paused 296us total 16.007ms
I/art     (  877): Explicit concurrent mark sweep GC freed 3612(188KB) AllocSpace objects, 0(0B) LOS objects, 40% free, 9MB/15MB, paused 405us total 10.109ms
D/awcn.DefaultHeartbeatImpl( 1574): |[seq:umeng:56aadbf567e58e38d4000976.AWCN1_1] heartbeat session:Session@[umeng:56aadbf567e58e38d4000976.AWCN1_1|http2_0rtt_acs]
D/awcn.TnetSpdySession( 1574): |[seq:umeng:56aadbf567e58e38d4000976.AWCN1_1] ping host:https://umengacs.m.taobao.com thread:AWCN Scheduler1
D/awcn.TnetSpdySession( 1574): |[seq:umeng:56aadbf567e58e38d4000976.AWCN1_1] https://umengacs.m.taobao.com submit ping ms:45051 force:true
D/awcn.DefaultHeartbeatImpl( 1574): |[seq:umeng:56aadbf567e58e38d4000976.AWCN1_1] reSchedule session:Session@[umeng:56aadbf567e58e38d4000976.AWCN1_1|http2_0rtt_acs] delay:45051
I/awcn.TnetSpdySession( 1574): |[seq:umeng:56aadbf567e58e38d4000976.AWCN1_1] ping receive Host:https://umengacs.m.taobao.com id:7443
I/art     (  774): Explicit concurrent mark sweep GC freed 6473(259KB) AllocSpace objects, 0(0B) LOS objects, 33% free, 9MB/14MB, paused 273us total 17.830ms
I/art     (  877): Explicit concurrent mark sweep GC freed 3621(188KB) AllocSpace objects, 0(0B) LOS objects, 40% free, 9MB/15MB, paused 448us total 10.728ms
I/art     (  774): Explicit concurrent mark sweep GC freed 6809(274KB) AllocSpace objects, 0(0B) LOS objects, 33% free, 9MB/14MB, paused 1.163ms total 18.042ms
I/art     (  877): Explicit concurrent mark sweep GC freed 3621(188KB) AllocSpace objects, 0(0B) LOS objects, 40% free, 9MB/15MB, paused 229us total 10.944ms
I/art     (  774): Explicit concurrent mark sweep GC freed 5961(235KB) AllocSpace objects, 0(0B) LOS objects, 33% free, 9MB/14MB, paused 726us total 17.100ms
I/art     (  877): Explicit concurrent mark sweep GC freed 3622(188KB) AllocSpace objects, 0(0B) LOS objects, 40% free, 9MB/15MB, paused 196us total 11.355ms
I/art     (  774): Explicit concurrent mark sweep GC freed 6422(256KB) AllocSpace objects, 0(0B) LOS objects