W/ViewRootImpl( 5727): Cancelling event due to no window focus: KeyEvent { action=ACTION_UP, keyCode=KEYCODE_DPAD_CENTER, scanCode=0, metaState=0, flags=0x28, repeatCount=0, eventTime=26750197, downTime=26750197, deviceId=-1, source=0x101 }
W/ViewRootImpl( 5727): Cancelling event due to no window focus: KeyEvent { action=ACTION_UP, keyCode=KEYCODE_DPAD_CENTER, scanCode=0, metaState=0, flags=0x28, repeatCount=0, eventTime=26750197, downTime=26750197, deviceId=-1, source=0x101 }
W/ViewRootImpl( 5727): Cancelling event due to no window focus: KeyEvent { action=ACTION_UP, keyCode=KEYCODE_DPAD_CENTER, scanCode=0, metaState=0, flags=0x28, repeatCount=0, eventTime=26750197, downTime=26750197, deviceId=-1, source=0x101 }
W/ViewRootImpl( 5727): Cancelling event due to no window focus: KeyEvent { action=ACTION_UP, keyCode=KEYCODE_DPAD_CENTER, scanCode=0, metaState=0, flags=0x28, repeatCount=0, eventTime=26750197, downTime=26750197, deviceId=-1, source=0x101 }
W/ViewRootImpl( 5727): Cancelling event due to no window focus: KeyEvent { action=ACTION_UP, keyCode=KEYCODE_DPAD_CENTER, scanCode=0, metaState=0, flags=0x28, repeatCount=0, eventTime=26750197, downTime=26750197, deviceId=-1, source=0x101 }
W/ViewRootImpl( 5727): Cancelling event due to no window focus: KeyEvent { action=ACTION_UP, keyCode=KEYCODE_DPAD_CENTER, scanCode=0, metaState=0, flags=0x28, repeatCount=0, eventTime=26750197, downTime=26750197, deviceId=-1, source=0x101 }
I/AppiumUnicodeIME(  756): onFinishInput
I/AppiumUnicodeIME(  756): onStartInput
I/AppiumUnicodeIME(  756): onKeyDown (keyCode='23', event.keyCode='23', metaState='0')
D/PhoneStatusBar(  717): disable: < expand ICONS* alerts SYSTEM_INFO* back home recent clock search >
I/AppiumUnicodeIME(  756): onKeyUp (keyCode='23', event.keyCode='23', metaState='0')
W/EGL_emulation(  717): eglSurfaceAttrib not implemented
W/OpenGLRenderer(  717): Failed to set EGL_SWAP_BEHAVIOR on surface 0xeec35da0, error=EGL_SUCCESS
W/ViewRootImpl( 5727): Dropping event due to no window focus: KeyEvent { action=ACTION_DOWN, keyCode=KEYCODE_DPAD_RIGHT, scanCode=0, metaState=0, flags=0x400, repeatCount=0, eventTime=26750547, downTime=26750547, deviceId=-1, source=0x101 }
W/ViewRootImpl( 5727): Cancelling event due to no window focus: KeyEvent { action=ACTION_UP, keyCode=KEYCODE_DPAD_RIGHT, scanCode=0, metaState=0, flags=0x420, repeatCount=0, eventTime=26750547, downTime=26750547, deviceId=-1, source=0x101 }
W/ViewRootImpl( 5727): Cancelling event due to no window focus: KeyEvent { action=ACTION_UP, keyCode=KEYCODE_DPAD_RIGHT, scanCode=0, metaState=0, flags=0x420, repeatCount=0, eventTime=26750547, downTime=26750547, deviceId=-1, source=0x101 }
W/ViewRootImpl( 5727): Cancelling event due to no window focus: KeyEvent { action=ACTION_UP, keyCode=KEYCODE_DPAD_RIGHT, scanCode=0, metaState=0, flags=0x420, repeatCount=0, eventTime=26750547, downTime=26750547, deviceId=-1, source=0x101 }
W/ViewRootImpl( 5727): Dropping event due to no window focus: KeyEvent { action=ACTION_DOWN, keyCode=KEYCODE_DPAD_RIGHT, scanCode=0, metaState=0, flags=0x400, repeatCount=0, eventTime=26750547, downTime=26750547, deviceId=-1, source=0x101 }
W/ViewRootImpl( 5727): Cancelling event due to no window focus: KeyEvent { action=ACTION_UP, keyCode=KEYCODE_DPAD_RIGHT, scanCode=0, metaState=0, flags=0x420, repeatCount=0, eventTime=26750547, downTime=26750547, deviceId=-1, source=0x101 }
W/ViewRootImpl( 5727): Cancelling event due to no window focus: KeyEvent { action=ACTION_UP, keyCode=KEYCODE_DPAD_RIGHT, scanCode=0, metaState=0, flags=0x420, repeatCount=0, eventTime=26750547, downTime=26750547, deviceId=-1, source=0x101 }
W/ViewRootImpl( 5727): Cancelling event due to no window focus: KeyEvent { action=ACTION_UP, keyCode=KEYCODE_DPAD_RIGHT, scanCode=0, metaState=0, flags=0x420, repeatCount=0, eventTime=26750547, downTime=26750547, deviceId=-1, source=0x101 }
I/AppiumUnicodeIME(  756): onKeyUp (keyCode='22', event.keyCode='22', metaState='0')
I/AppiumUnicodeIME(  756): onKeyUp (keyCode='22', event.keyCode='22', metaState='0')
W/ViewRootImpl( 5727): Cancelling event due to no window focus: KeyEvent { action=ACTION_UP, keyCode=KEYCODE_DPAD_RIGHT, scanCode=0, metaState=0, flags=0x420, repeatCount=0, eventTime=26750547, downTime=26750547, deviceId=-1, source=0x101 }
W/ViewRootImpl( 5727): Cancelling event due to no window focus: KeyEvent { action=ACTION_UP, keyCode=KEYCODE_DPAD_RIGHT, scanCode=0, metaState=0, flags=0x420, repeatCount=0, eventTime=26750547, downTime=26750547, deviceId=-1, source=0x101 }
W/ViewRootImpl( 5727): Cancelling event due to no window focus: KeyEvent { action=ACTION_UP, keyCode=KEYCODE_DPAD_RIGHT, scanCode=0, metaState=0, flags=0x420, repeatCount=0, eventTime=26750547, downTime=26750547, deviceId=-1, source=0x101 }
W/ViewRootImpl( 5727): Cancelling event due to no window focus: KeyEvent { action=ACTION_UP, keyCode=KEYCODE_DPAD_RIGHT, scanCode=0, metaState=0, flags=0x420, repeatCount=0, eventTime=26750547, downTime=26750547, deviceId=-1, source=0x101 }
W/ViewRootImpl( 5727): Cancelling event due to no window focus: KeyEvent { action=ACTION_UP, keyCode=KEYCODE_DPAD_RIGHT, scanCode=0, metaState=0, flags=0x420, repeatCount=0, eventTime=26750547, downTime=26750547, deviceId=-1, source=0x101 }
W/ViewRootImpl( 5727): Cancelling event due to no window focus: KeyEvent { action=ACTION_UP, keyCode=KEYCODE_DPAD_RIGHT, scanCode=0, metaState=0, flags=0x420, repeatCount=0, eventTime=26750547, downTime=26750547, deviceId=-1, source=0x101 }
W/ViewRootImpl( 5727): Cancelling event due to no window focus: KeyEvent { action=ACTION_UP, keyCode=KEYCODE_DPAD_RIGHT, scanCode=0, metaState=0, flags=0x420, repeatCount=0, eventTime=26750547, downTime=26750547, deviceId=-1, source=0x101 }
W/ViewRootImpl( 5727): Cancelling event due to no window focus: KeyEvent { action=ACTION_UP, keyCode=KEYCODE_DPAD_RIGHT, scanCode=0, metaState=0, flags=0x420, repeatCount=0, eventTime=26750547, downTime=26750547, deviceId=-1, source=0x101 }
W/ViewRootImpl( 5727): Cancelling event due to no window focus: KeyEvent { action=ACTION_UP, keyCode=KEYCODE_DPAD_RIGHT, scanCode=0, metaState=0, flags=0x420, repeatCount=0, eventTime=26750547, downTime=26750547, deviceId=-1, source=0x101 }
W/ViewRootImpl( 5727): Cancelling event due to no window focus: KeyEvent { action=ACTION_UP, keyCode=KEYCODE_DPAD_RIGHT, scanCode=0, metaState=0, flags=0x420, repeatCount=0, eventTime=26750547, downTime=26750547, deviceId=-1, source=0x101 }
W/ViewRootImpl( 5727): Cancelling event due to no window focus: KeyEvent { action=ACTION_UP, keyCode=KEYCODE_DPAD_RIGHT, scanCode=0, metaState=0, flags=0x420, repeatCount=0, eventTime=26750547, downTime=26750547, deviceId=-1, source=0x101 }
W/ViewRootImpl( 5727): Cancelling event due to no window focus: KeyEvent { action=ACTION_UP, keyCode=KEYCODE_DPAD_RIGHT, scanCode=0, metaState=0, flags=0x420, repeatCount=0, eventTime=26750547, downTime=26750547, deviceId=-1, source=0x101 }
W/ViewRootImpl(  717): Dropping event due to no window focus: KeyEvent { action=ACTION_DOWN, keyCode=KEYCODE_DPAD_RIGHT, scanCode=0, metaState=0, flags=0x8, repeatCount=0, eventTime=26750446, downTime=26750446, deviceId=-1, source=0x101 }
W/ViewRootImpl(  717): Cancelling event due to no window focus: KeyEvent { action=ACTION_UP, keyCode=KEYCODE_DPAD_RIGHT, scanCode=0, metaState=0, flags=0x28, repeatCount=0, eventTime=26750600, downTime=26750600, deviceId=-1, source=0x101 }
W/ViewRootImpl(  717): Cancelling event due to no window focus: KeyEvent { action=ACTION_UP, keyCode=KEYCODE_DPAD_RIGHT, scanCode=0, metaState=0, flags=0x28, repeatCount=0, eventTime=26750600, downTime=26750600, deviceId=-1, source=0x101 }
W/ViewRootImpl(  717): Cancelling event due to no window focus: KeyEvent { action=ACTION_UP, keyCode=KEYCODE_DPAD_RIGHT, scanCode=0, metaState=0, flags=0x28, repeatCount=0, eventTime=26750600, downTime=26750600, deviceId=-1, source=0x101 }
W/ViewRootImpl(  717): Cancelling event due to no window focus: KeyEvent { action=ACTION_UP, keyCode=KEYCODE_DPAD_RIGHT, scanCode=0, metaState=0, flags=0x28, repeatCount=0, eventTime=26750600, downTime=26750600, deviceId=-1, source=0x101 }
W/ViewRootImpl(  717): Cancelling event due to no window focus: KeyEvent { action=ACTION_UP, keyCode=KEYCODE_DPAD_RIGHT, scanCode=0, metaState=0, flags=0x28, repeatCount=0, eventTime=26750600, downTime=26750600, deviceId=-1, source=0x101 }
W/ViewRootImpl(  717): Cancelling event due to no window focus: KeyEvent { action=ACTION_UP, keyCode=KEYCODE_DPAD_RIGHT, scanCode=0, metaState=0, flags=0x28, repeatCount=0, eventTime=26750600, downTime=26750600, deviceId=-1, source=0x101 }
W/ViewRootImpl(  717): Cancelling event due to no window focus: KeyEvent { action=ACTION_UP, keyCode=KEYCODE_DPAD_RIGHT, scanCode=0, metaState=0, flags=0x28, repeatCount=0, eventTime=26750600, downTime=26750600, deviceId=-1, source=0x101 }
W/ViewRootImpl(  717): Cancelling event due to no window focus: KeyEvent { action=ACTION_UP, keyCode=KEYCODE_DPAD_RIGHT, scanCode=0, metaState=0, flags=0x28, repeatCount=0, eventTime=26750600, downTime=26750600, deviceId=-1, source=0x101 }
W/ViewRootImpl(  717): Cancelling event due to no window focus: KeyEvent { action=ACTION_UP, keyCode=KEYCODE_DPAD_RIGHT, scanCode=0, metaState=0, flags=0x28, repeatCount=0, eventTime=26750600, downTime=26750600, deviceId=-1, source=0x101 }
D/PhoneStatusBar(  717): disable: < expand icons* alerts system_info* back home recent clock search >
W/ViewRootImpl( 5727): Dropping event due to no window focus: KeyEvent { action=ACTION_DOWN, keyCode=KEYCODE_INFO, scanCode=0, metaState=0, flags=0x8, repeatCount=0, eventTime=26750723, downTime=26750723, deviceId=-1, source=0x101 }
W/ViewRootImpl( 5727): Cancelling event due to no window focus: KeyEvent { action=ACTION_UP, keyCode=KEYCODE_INFO, scanCode=0, metaState=0, flags=0x28, repeatCount=0, eventTime=26750750, downTime=26750750, deviceId=-1, source=0x101 }
W/ViewRootImpl( 5727): Cancelling event due to no window focus: KeyEvent { action=ACTION_UP, keyCode=KEYCODE_INFO, scanCode=0, metaState=0, flags=0x28, repeatCount=0, eventTime=26750750, downTime=26750750, deviceId=-1, source=0x101 }
W/ViewRootImpl( 5727): Cancelling event due to no window focus: KeyEvent { action=ACTION_UP, keyCode=KEYCODE_INFO, scanCode=0, metaState=0, flags=0x28, repeatCount=0, eventTime=26750750, downTime=26750750, deviceId=-1, source=0x101 }
I/AppiumUnicodeIME(  756): onKeyUp (keyCode='165', event.keyCode='165', metaState='0')
W/ViewRootImpl( 5727): Cancelling event due to no window focus: KeyEvent { action=ACTION_UP, keyCode=KEYCODE_INFO, scanCode=0, metaState=0, flags=0x28, repeatCount=0, eventTime=26750750, downTime=26750750, deviceId=-1, source=0x101 }
W/ViewRootImpl( 5727): Cancelling event due to no window focus: KeyEvent { action=ACTION_UP, keyCode=KEYCODE_INFO, scanCode=0, metaState=0, flags=0x28, repeatCount=0, eventTime=26750750, downTime=26750750, deviceId=-1, source=0x101 }
W/ViewRootImpl( 5727): Cancelling event due to no window focus: KeyEvent { action=ACTION_UP, keyCode=KEYCODE_INFO, scanCode=0, metaState=0, flags=0x28, repeatCount=0, eventTime=26750750, downTime=26750750, deviceId=-1, source=0x101 }
W/ViewRootImpl( 5727): Cancelling event due to no window focus: KeyEvent { action=ACTION_UP, keyCode=KEYCODE_INFO, scanCode=0, metaState=0, flags=0x28, repeatCount=0, eventTime=26750750, downTime=26750750, deviceId=-1, source=0x101 }
W/ViewRootImpl( 5727): Cancelling event due to no window focus: KeyEvent { action=ACTION_UP, keyCode=KEYCODE_INFO, scanCode=0, metaState=0, flags=0x28, repeatCount=0, eventTime=26750750, downTime=26750750, deviceId=-1, source=0x101 }
W/ViewRootImpl( 5727): Cancelling event due to no window focus: KeyEvent { action=ACTION_UP, keyCode=KEYCODE_INFO, scanCode=0, metaState=0, flags=0x28, repeatCount=0, eventTime=26750750, downTime=26750750, deviceId=-1, source=0x101 }
W/InputMethodManagerService(  595): Window already focused, ignoring focus gain of: com.android.internal.view.IInputMethodClient$Stub$Proxy@1150e966 attribute=null, token = android.os.BinderProxy@13c90732
I/AppiumUnicodeIME(  756): onKeyDown (keyCode='95', event.keyCode='95', metaState='0')
I/AppiumUnicodeIME(  756): onKeyUp (keyCode='95', event.keyCode='95', metaState='0')
I/AppiumUnicodeIME(  756): onKeyDown (keyCode='22', event.keyCode='22', metaState='0')
I/AppiumUnicodeIME(  756): onKeyUp (keyCode='22', event.keyCode='22', metaState='0')
W/AudioTrack(  595): AUDIO_OUTPUT_FLAG_FAST denied by client
I/AppiumUnicodeIME(  756): onKeyDown (keyCode='22', event.keyCode='22', metaState='0')
W/EGL_emulation(  717): eglSurfaceAttrib not implemented
W/OpenGLRenderer(  717): Failed to set EGL_SWAP_BEHAVIOR on surface 0xeec35da0, error=EGL_SUCCESS
I/AppiumUnicodeIME(  756): onFinishInput
I/AppiumUnicodeIME(  756): onStartInput
I/AppiumUnicodeIME(  756): onKeyUp (keyCode='22', event.keyCode='22', metaState='0')
I/AppiumUnicodeIME(  756): onKeyDown (keyCode='82', event.keyCode='82', metaState='0')
I/AppiumUnicodeIME(  756): onKeyUp (keyCode='82', event.keyCode='82', metaState='0')
V/WindowManager(  595): Adding window Window{18ff2d54 u0 SubPanel:com.zzl.falcon.internal/com.zzl.falcon.MainActivity} at 3 of 8 (after Window{2f757c83 u0 com.zzl.falcon.internal/com.zzl.falcon.MainActivity})
W/ViewRootImpl( 5727): Dropping event due to no window focus: KeyEvent { action=ACTION_DOWN, keyCode=KEYCODE_MENU, scanCode=0, metaState=0, flags=0x8, repeatCount=0, eventTime=26750844, downTime=26750844, deviceId=-1, source=0x101 }
W/AudioTrack(  595): AUDIO_OUTPUT_FLAG_FAST denied by client
W/EGL_emulation( 5727): eglSurfaceAttrib not implemented
W/OpenGLRenderer( 5727): Failed to set EGL_SWAP_BEHAVIOR on surface 0xe1cba7c0, error=EGL_SUCCESS
W/ViewRootImpl( 5727): Cancelling event due to no window focus: KeyEvent { action=ACTION_UP, keyCode=KEYCODE_MENU, scanCode=0, metaState=0, flags=0x28, repeatCount=0, eventTime=26750914, downTime=26750914, deviceId=-1, source=0x101 }
W/ViewRootImpl( 5727): Cancelling event due to no window focus: KeyEvent { action=ACTION_UP, keyCode=KEYCODE_MENU, scanCode=0, metaState=0, flags=0x28, repeatCount=0, eventTime=26750914, downTime=26750914, deviceId=-1, source=0x101 }
W/ViewRootImpl( 5727): Cancelling event due to no window focus: KeyEvent { action=ACTION_UP, keyCode=KEYCODE_MENU, scanCode=0, metaState=0, flags=0x28, repeatCount=0, eventTime=26750914, downTime=26750914, deviceId=-1, source=0x101 }
W/ViewRootImpl( 5727): Cancelling event due to no window focus: KeyEvent { action=ACTION_UP, keyCode=KEYCODE_MENU, scanCode=0, metaState=0, flags=0x28, repeatCount=0, eventTime=26750914, downTime=26750914, deviceId=-1, source=0x101 }
W/ViewRootImpl( 5727): Cancelling event due to no window focus: KeyEvent { action=ACTION_UP, keyCode=KEYCODE_MENU, scanCode=0, metaState=0, flags=0x28, repeatCount=0, eventTime=26750914, downTime=26750914, deviceId=-1, source=0x101 }
W/ViewRootImpl( 5727): Cancelling event due to no window focus: KeyEvent { action=ACTION_UP, keyCode=KEYCODE_MENU, scanCode=0, metaState=0, flags=0x28, repeatCount=0, eventTime=26750914, downTime=26750914, deviceId=-1, source=0x101 }
W/ViewRootImpl( 5727): Dropping event due to no window focus: KeyEvent { action=ACTION_DOWN, keyCode=KEYCODE_DPAD_RIGHT, scanCode=0, metaState=0, flags=0x8, repeatCount=0, eventTime=26750915, downTime=26750915, deviceId=-1, source=0x101 }
W/AudioTrack(  595): AUDIO_OUTPUT_FLAG_FAST denied by client
W/ViewRootImpl( 5727): Cancelling event due to no window focus: KeyEvent { action=ACTION_UP, keyCode=KEYCODE_DPAD_RIGHT, scanCode=0, metaState=0, flags=0x28, repeatCount=0, eventTime=26750996, downTime=26750996, deviceId=-1, source=0x101 }
W/ViewRootImpl( 5727): Cancelling event due to no window focus: KeyEvent { action=ACTION_UP, keyCode=KEYCODE_DPAD_RIGHT, scanCode=0, metaState=0, flags=0x28, repeatCount=0, eventTime=26750996, downTime=26750996, deviceId=-1, source=0x101 }
W/ViewRootImpl( 5727): Cancelling event due to no window focus: KeyEvent { action=ACTION_UP, keyCode=KEYCODE_DPAD_RIGHT, scanCode=0, metaState=0, flags=0x28, repeatCount=0, eventTime=26750996, downTime=26750996, deviceId=-1, source=0x101 }
W/ViewRootImpl( 5727): Cancelling event due to no window focus: KeyEvent { action=ACTION_UP, keyCode=KEYCODE_DPAD_RIGHT, scanCode=0, metaState=0, flags=0x28, repeatCount=0, eventTime=26750996, downTime=26750996, deviceId=-1, source=0x101 }
W/ViewRootImpl( 5727): Cancelling event due to no window focus: KeyEvent { action=ACTION_UP, keyCode=KEYCODE_DPAD_RIGHT, scanCode=0, metaState=0, flags=0x28, repeatCount=0, eventTime=26750996, downTime=26750996, deviceId=-1, source=0x101 }
W/ViewRootImpl( 5727): Cancelling event due to no window focus: KeyEvent { action=ACTION_UP, keyCode=KEYCODE_DPAD_RIGHT, scanCode=0, metaState=0, flags=0x28, repeatCount=0, eventTime=26750996, downTime=26750996, deviceId=-1, source=0x101 }
W/ViewRootImpl( 5727): Cancelling event due to no window focus: KeyEvent { action=ACTION_UP, keyCode=KEYCODE_DPAD_RIGHT, scanCode=0, metaState=0, flags=0x28, repeatCount=0, eventTime=26750996, downTime=26750996, deviceId=-1, source=0x101 }
W/ViewRootImpl( 5727): Cancelling event due to no window focus: KeyEvent { action=ACTION_UP, keyCode=KEYCODE_DPAD_RIGHT, scanCode=0, metaState=0, flags=0x28, repeatCount=0, eventTime=26750996, downTime=26750996, deviceId=-1, source=0x101 }
W/ViewRootImpl( 5727): Cancelling event due to no window focus: KeyEvent { action=ACTION_UP, keyCode=KEYCODE_DPAD_RIGHT, scanCode=0, metaState=0, flags=0x28, repeatCount=0, eventTime=26750996, downTime=26750996, deviceId=-1, source=0x101 }
W/ViewRootImpl( 5727): Dropping event due to no window focus: MotionEvent { action=ACTION_MOVE, id[0]=0, x[0]=-4.0, y[0]=-4.0, toolType[0]=TOOL_TYPE_UNKNOWN, buttonState=0, metaState=0, flags=0x0, edgeFlags=0x0, pointerCount=1, historySize=0, eventTime=26751009, downTime=-1, deviceId=0, source=0x10004 }
D/PhoneStatusBar(  717): disable: < expand ICONS* alerts SYSTEM_INFO* back home recent clock search >
W/InputMethodManagerService(  595): Window already focused, ignoring focus gain of: com.android.internal.view.IInputMethodClient$Stub$Proxy@3ecbcac0 attribute=android.view.inputmethod.EditorInfo@250c03f9, token = android.os.BinderProxy@13c90732
I/AppiumUnicodeIME(  756): onFinishInput
I/AppiumUnicodeIME(  756): onStartInput
I/ActivityManager(  595): START u0 {cmp=com.zzl.falcon.internal/com.zzl.falcon.invest.InvestmentDetailActivity (has extras)} from uid 10099 on display 0
W/AudioTrack(  595): AUDIO_OUTPUT_FLAG_FAST denied by client
V/WindowManager(  595): addAppToken: AppWindowToken{1c02d2ec token=Token{35bf819f ActivityRecord{3ae9bf3e u0 com.zzl.falcon.internal/com.zzl.falcon.invest.InvestmentDetailActivity t183}}} to stack=1 task=183 at 1
I/AppiumUnicodeIME(  756): onKeyDown (keyCode='19', event.keyCode='19', metaState='0')
I/AppiumUnicodeIME(  756): onKeyUp (keyCode='19', event.keyCode='19', metaState='0')
W/EGL_emulation(  717): eglSurfaceAttrib not implemented
W/OpenGLRenderer(  717): Failed to set EGL_SWAP_BEHAVIOR on surface 0xeec35da0, error=EGL_SUCCESS
W/ViewRootImpl(  717): Cancelling event due to no window focus: KeyEvent { action=ACTION_UP, keyCode=KEYCODE_DPAD_UP, scanCode=0, metaState=0, flags=0x28, repeatCount=0, eventTime=26751066, downTime=26751066, deviceId=-1, source=0x101 }
W/ViewRootImpl(  717): Cancelling event due to no window focus: KeyEvent { action=ACTION_UP, keyCode=KEYCODE_DPAD_UP, scanCode=0, metaState=0, flags=0x28, repeatCount=0, eventTime=26751066, downTime=26751066, deviceId=-1, source=0x101 }
W/ViewRootImpl(  717): Cancelling event due to no window focus: KeyEvent { action=ACTION_UP, keyCode=KEYCODE_DPAD_UP, scanCode=0, metaState=0, flags=0x28, repeatCount=0, eventTime=26751066, downTime=26751066, deviceId=-1, source=0x101 }
W/ViewRootImpl(  717): Cancelling event due to no window focus: KeyEvent { action=ACTION_UP, keyCode=KEYCODE_DPAD_UP, scanCode=0, metaState=0, flags=0x28, repeatCount=0, eventTime=26751066, downTime=26751066, deviceId=-1, source=0x101 }
W/ViewRootImpl(  717): Cancelling event due to no window focus: KeyEvent { action=ACTION_UP, keyCode=KEYCODE_DPAD_UP, scanCode=0, metaState=0, flags=0x28, repeatCount=0, eventTime=26751066, downTime=26751066, deviceId=-1, source=0x101 }
W/ViewRootImpl(  717): Cancelling event due to no window focus: KeyEvent { action=ACTION_UP, keyCode=KEYCODE_DPAD_UP, scanCode=0, metaState=0, flags=0x28, repeatCount=0, eventTime=26751066, downTime=26751066, deviceId=-1, source=0x101 }
W/ViewRootImpl(  717): Cancelling event due to no window focus: KeyEvent { action=ACTION_UP, keyCode=KEYCODE_DPAD_UP, scanCode=0, metaState=0, flags=0x28, repeatCount=0, eventTime=26751066, downTime=26751066, deviceId=-1, source=0x101 }
W/ViewRootImpl(  717): Cancelling event due to no window focus: KeyEvent { action=ACTION_UP, keyCode=KEYCODE_DPAD_UP, scanCode=0, metaState=0, flags=0x28, repeatCount=0, eventTime=26751066, downTime=26751066, deviceId=-1, source=0x101 }
W/ViewRootImpl(  717): Cancelling event due to no window focus: KeyEvent { action=ACTION_UP, keyCode=KEYCODE_DPAD_UP, scanCode=0, metaState=0, flags=0x28, repeatCount=0, eventTime=26751066, downTime=26751066, deviceId=-1, source=0x101 }
W/ViewRootImpl(  717): Dropping event due to no window focus: MotionEvent { action=ACTION_MOVE, id[0]=0, x[0]=4.0, y[0]=-1.0, toolType[0]=TOOL_TYPE_UNKNOWN, buttonState=0, metaState=0, flags=0x0, edgeFlags=0x0, pointerCount=1, historySize=9, eventTime=26751152, downTime=-1, deviceId=0, source=0x10004 }
W/ViewRootImpl(  717): Dropping event due to no window focus: KeyEvent { action=ACTION_DOWN, keyCode=KEYCODE_DPAD_LEFT, scanCode=0, metaState=0, flags=0x8, repeatCount=0, eventTime=26751153, downTime=26751153, deviceId=-1, source=0x101 }
W/InputMethodManagerService(  595): Starting input on non-focused client com.android.internal.view.IInputMethodClient$Stub$Proxy@17ffe6b5 (uid=10099 pid=5727)
V/WindowManager(  595): Adding window Window{52498bb u0 com.zzl.falcon.internal/com.zzl.falcon.invest.InvestmentDetailActivity} at 3 of 8 (after Window{2f757c83 u0 com.zzl.falcon.internal/com.zzl.falcon.MainActivity})
D/ForegroundCallbacks( 5727): still foreground
D/OkHttp  ( 5727): --> POST http://116.236.220.210:8084/appFixation/appFixationDetail?id=2c908a886005c4c70160068a800f013b http/1.1
D/OkHttp  ( 5727): Content-Length: 0
D/OkHttp  ( 5727): RC-Bel-Key: bel.zhiwang.zzl
D/OkHttp  ( 5727): RC-Timestamp: 1512062419
D/OkHttp  ( 5727): RC-Nonce: f0648914-185f-4bce-a2e4-b3b720933c0b
D/OkHttp  ( 5727): RC-Signature: e13844bb651513c8d061dcfa81c760816661f96e
D/OkHttp  ( 5727): osType: Android
D/OkHttp  ( 5727): version: 2.4.0
D/OkHttp  ( 5727): --> END POST (0-byte body)
V/WindowManager(  595): Adding window Window{10153931 u0 com.zzl.falcon.internal/com.zzl.falcon.invest.InvestmentDetailActivity} at 3 of 9 (before Window{52498bb u0 com.zzl.falcon.internal/com.zzl.falcon.invest.InvestmentDetailActivity})
E/com.umeng.message.UTrack( 5727): RegistrationId is empty
E/com.umeng.message.UTrack( 5727): RegistrationId is empty
W/ViewRootImpl(  717): Cancelling event due to no window focus: KeyEvent { action=ACTION_UP, keyCode=KEYCODE_DPAD_LEFT, scanCode=0, metaState=0, flags=0x28, repeatCount=0, eventTime=26751289, downTime=26751289, deviceId=-1, source=0x101 }
W/ViewRootImpl(  717): Cancelling event due to no window focus: KeyEvent { action=ACTION_UP, keyCode=KEYCODE_DPAD_LEFT, scanCode=0, metaState=0, flags=0x28, repeatCount=0, eventTime=26751289, downTime=26751289, deviceId=-1, source=0x101 }
W/ViewRootImpl(  717): Cancelling event due to no window focus: KeyEvent { action=ACTION_UP, keyCode=KEYCODE_DPAD_LEFT, scanCode=0, metaState=0, flags=0x28, repeatCount=0, eventTime=26751289, downTime=26751289, deviceId=-1, source=0x101 }
W/ViewRootImpl(  717): Cancelling event due to no window focus: KeyEvent { action=ACTION_UP, keyCode=KEYCODE_DPAD_LEFT, scanCode=0, metaState=0, flags=0x28, repeatCount=0, eventTime=26751289, downTime=26751289, deviceId=-1, source=0x101 }
W/ViewRootImpl(  717): Cancelling event due to no window focus: KeyEvent { action=ACTION_UP, keyCode=KEYCODE_DPAD_LEFT, scanCode=0, metaState=0, flags=0x28, repeatCount=0, eventTime=26751289, downTime=26751289, deviceId=-1, source=0x101 }
W/ViewRootImpl(  717): Cancelling event due to no window focus: KeyEvent { action=ACTION_UP, keyCode=KEYCODE_DPAD_LEFT, scanCode=0, metaState=0, flags=0x28, repeatCount=0, eventTime=26751289, downTime=26751289, deviceId=-1, source=0x101 }
W/ViewRootImpl(  717): Cancelling event due to no window focus: KeyEvent { action=ACTION_UP, keyCode=KEYCODE_DPAD_LEFT, scanCode=0, metaState=0, flags=0x28, repeatCount=0, eventTime=26751289, downTime=26751289, deviceId=-1, source=0x101 }
W/ViewRootImpl(  717): Cancelling event due to no window focus: KeyEvent { action=ACTION_UP, keyCode=KEYCODE_DPAD_LEFT, scanCode=0, metaState=0, flags=0x28, repeatCount=0, eventTime=26751289, downTime=26751289, deviceId=-1, source=0x101 }
W/ViewRootImpl(  717): Cancelling event due to no window focus: KeyEvent { action=ACTION_UP, keyCode=KEYCODE_DPAD_LEFT, scanCode=0, metaState=0, flags=0x28, repeatCount=0, eventTime=26751289, downTime=26751289, deviceId=-1, source=0x101 }
D/OkHttp  ( 5727): <-- 200 OK http://116.236.220.210:8084/appFixation/appFixationDetail?id=2c908a886005c4c70160068a800f013b (35ms)
D/OkHttp  ( 5727): Server: Apache-Coyote/1.1
D/OkHttp  ( 5727): Set-Cookie: JSESSIONID=054F5091D5B0B7B36BAFD205B376B4F6; Path=/; HttpOnly
D/OkHttp  ( 5727): Content-Type: application/json;charset=utf-8
D/OkHttp  ( 5727): Content-Length: 1081
D/OkHttp  ( 5727): Date: Fri, 01 Dec 2017 08:12:58 GMT
D/OkHttp  ( 5727): {"data":{"matureTime":"2017-12-02 14:51:02","hasInvestAmt":1000.0000,"orderNumber":"6_1129145026176817","rateDown":6.00,"investManageRate":0.37500000,"interestTotal":"0.00","rateUp":12.00,"limitTime":"","remainingAmount":37711,"rate":8.70,"left_periods":180,"onlineTime":"2017-11-29 14:51:02","periods":6,"payment":2,"id":"2c908a886005c4c70160068a800f013b","proName":"6","remainingRate":8.7,"prdTypeName":"","advanceQuitMethod":" ","guaranteeModel":"100%","stepAmount":1000.00,"fullScaleCount":"1","createTime":"2017-11-29 14:50:28","tradeStatus":0,"progress":2.58,"bgPeriodsType":1,"contractMoney":38711.0000,"realyRate":8.70,"restAmt":37711.0000,"desc":""},"responseCode":"1","info":""}
D/OkHttp  ( 5727): <-- END HTTP (1081-byte body)
W/ViewRootImpl(  717): Dropping event due to no window focus: KeyEvent { action=ACTION_DOWN, keyCode=KEYCODE_MENU, scanCode=0, metaState=0, flags=0x8, repeatCount=0, eventTime=26751295, downTime=26751295, deviceId=-1, source=0x101 }
W/ViewRootImpl(  717): Cancelling event due to no window focus: KeyEvent { action=ACTION_UP, keyCode=KEYCODE_MENU, scanCode=0, metaState=0, flags=0x28, repeatCount=0, eventTime=26751413, downTime=26751413, deviceId=-1, source=0x101 }
W/ViewRootImpl(  717): Cancelling event due to no window focus: KeyEvent { action=ACTION_UP, keyCode=KEYCODE_MENU, scanCode=0, metaState=0, flags=0x28, repeatCount=0, eventTime=26751413, downTime=26751413, deviceId=-1, source=0x101 }
W/ViewRootImpl(  717): Cancelling event due to no window focus: KeyEvent { action=ACTION_UP, keyCode=KEYCODE_MENU, scanCode=0, metaState=0, flags=0x28, repeatCount=0, eventTime=26751413, downTime=26751413, deviceId=-1, source=0x101 }
W/ViewRootImpl(  717): Cancelling event due to no window focus: KeyEvent { action=ACTION_UP, keyCode=KEYCODE_MENU, scanCode=0, metaState=0, flags=0x28, repeatCount=0, eventTime=26751413, downTime=26751413, deviceId=-1, source=0x101 }
W/ViewRootImpl(  717): Cancelling event due to no window focus: KeyEvent { action=ACTION_UP, keyCode=KEYCODE_MENU, scanCode=0, metaState=0, flags=0x28, repeatCount=0, eventTime=26751413, downTime=26751413, deviceId=-1, source=0x101 }
W/ViewRootImpl(  717): Cancelling event due to no window focus: KeyEvent { action=ACTION_UP, keyCode=KEYCODE_MENU, scanCode=0, metaState=0, flags=0x28, repeatCount=0, eventTime=26751413, downTime=26751413, deviceId=-1, source=0x101 }
W/ViewRootImpl(  717): Cancelling event due to no window focus: KeyEvent { action=ACTION_UP, keyCode=KEYCODE_MENU, scanCode=0, metaState=0, flags=0x28, repeatCount=0, eventTime=26751413, downTime=26751413, deviceId=-1, source=0x101 }
W/ViewRootImpl(  717): Cancelling event due to no window focus: KeyEvent { action=ACTION_UP, keyCode=KEYCODE_MENU, scanCode=0, metaState=0, flags=0x28, repeatCount=0, eventTime=26751413, downTime=26751413, deviceId=-1, source=0x101 }
W/ViewRootImpl(  717): Cancelling event due to no window focus: KeyEvent { action=ACTION_UP, keyCode=KEYCODE_MENU, scanCode=0, metaState=0, flags=0x28, repeatCount=0, eventTime=26751413, downTime=26751413, deviceId=-1, source=0x101 }
W/ViewRootImpl(  717): Dropping event due to no window focus: KeyEvent { action=ACTION_DOWN, keyCode=KEYCODE_DPAD_DOWN, scanCode=0, metaState=0, flags=0x8, repeatCount=0, eventTime=26751414, downTime=26751414, deviceId=-1, source=0x101 }
W/ViewRootImpl(  717): Cancelling event due to no window focus: KeyEvent { action=ACTION_UP, keyCode=KEYCODE_DPAD_DOWN, scanCode=0, metaState=0, flags=0x28, repeatCount=0, eventTime=26751416, downTime=26751416, deviceId=-1, source=0x101 }
W/ViewRootImpl(  717): Cancelling event due to no window focus: KeyEvent { action=ACTION_UP, keyCode=KEYCODE_DPAD_DOWN, scanCode=0, metaState=0, flags=0x28, repeatCount=0, eventTime=26751416, downTime=26751416, deviceId=-1, source=0x101 }
W/ViewRootImpl(  717): Cancelling event due to no window focus: KeyEvent { action=ACTION_UP, keyCode=KEYCODE_DPAD_DOWN, scanCode=0, metaState=0, flags=0x28, repeatCount=0, eventTime=26751416, downTime=26751416, deviceId=-1, source=0x101 }
W/ViewRootImpl(  717): Cancelling event due to no window focus: KeyEvent { action=ACTION_UP, keyCode=KEYCODE_DPAD_DOWN, scanCode=0, metaState=0, flags=0x28, repeatCount=0, eventTime=26751416, downTime=26751416, deviceId=-1, source=0x101 }
W/ViewRootImpl(  717): Cancelling event due to no window focus: KeyEvent { action=ACTION_UP, keyCode=KEYCODE_DPAD_DOWN, scanCode=0, metaState=0, flags=0x28, repeatCount=0, eventTime=26751416, downTime=26751416, deviceId=-1, source=0x101 }
W/ViewRootImpl(  717): Cancelling event due to no window focus: KeyEvent { action=ACTION_UP, keyCode=KEYCODE_DPAD_DOWN, scanCode=0, metaState=0, flags=0x28, repeatCount=0, eventTime=26751416, downTime=26751416, deviceId=-1, source=0x101 }
W/ViewRootImpl(  717): Cancelling event due to no window focus: KeyEvent { action=ACTION_UP, keyCode=KEYCODE_DPAD_DOWN, scanCode=0, metaState=0, flags=0x28, repeatCount=0, eventTime=26751416, downTime=26751416, deviceId=-1, source=0x101 }
W/ViewRootImpl(  717): Cancelling event due to no window focus: KeyEvent { action=ACTION_UP, keyCode=KEYCODE_DPAD_DOWN, scanCode=0, metaState=0, flags=0x28, repeatCount=0, eventTime=26751416, downTime=26751416, deviceId=-1, source=0x101 }
W/ViewRootImpl(  717): Cancelling event due to no window focus: KeyEvent { action=ACTION_UP, keyCode=KEYCODE_DPAD_DOWN, scanCode=0, metaState=0, flags=0x28, repeatCount=0, eventTime=26751416, downTime=26751416, deviceId=-1, source=0x101 }
W/ViewRootImpl(  717): Dropping event due to no window focus: KeyEvent { action=ACTION_DOWN, keyCode=KEYCODE_DPAD_DOWN, scanCode=0, metaState=0, flags=0x8, repeatCount=0, eventTime=26751417, downTime=26751417, deviceId=-1, source=0x101 }
W/ViewRootImpl(  717): Cancelling event due to no window focus: KeyEvent { action=ACTION_UP, keyCode=KEYCODE_DPAD_DOWN, scanCode=0, metaState=0, flags=0x28, repeatCount=0, eventTime=26751420, downTime=26751420, deviceId=-1, source=0x101 }
W/ViewRootImpl(  717): Cancelling event due to no window focus: KeyEvent { action=ACTION_UP, keyCode=KEYCODE_DPAD_DOWN, scanCode=0, metaState=0, flags=0x28, repeatCount=0, eventTime=26751420, downTime=26751420, deviceId=-1, source=0x101 }
W/ViewRootImpl(  717): Cancelling event due to no window focus: KeyEvent { action=ACTION_UP, keyCode=KEYCODE_DPAD_DOWN, scanCode=0, metaState=0, flags=0x28, repeatCount=0, eventTime=26751420, downTime=26751420, deviceId=-1, source=0x101 }
W/ViewRootImpl(  717): Cancelling event due to no window focus: KeyEvent { action=ACTION_UP, keyCode=KEYCODE_DPAD_DOWN, scanCode=0, metaState=0, flags=0x28, repeatCount=0, eventTime=26751420, downTime=26751420, deviceId=-1, source=0x101 }
W/ViewRootImpl(  717): Cancelling event due to no window focus: KeyEvent { action=ACTION_UP, keyCode=KEYCODE_DPAD_DOWN, scanCode=0, metaState=0, flags=0x28, repeatCount=0, eventTime=26751420, downTime=26751420, deviceId=-1, source=0x101 }
W/ViewRootImpl(  717): Cancelling event due to no window focus: KeyEvent { action=ACTION_UP, keyCode=KEYCODE_DPAD_DOWN, scanCode=0, metaState=0, flags=0x28, repeatCount=0, eventTime=26751420, downTime=26751420, deviceId=-1, source=0x101 }
W/ViewRootImpl(  717): Cancelling event due to no window focus: KeyEvent { action=ACTION_UP, keyCode=KEYCODE_DPAD_DOWN, scanCode=0, metaState=0, flags=0x28, repeatCount=0, eventTime=26751420, downTime=26751420, deviceId=-1, source=0x101 }
W/ViewRootImpl(  717): Cancelling event due to no window focus: KeyEvent { action=ACTION_UP, keyCode=KEYCODE_DPAD_DOWN, scanCode=0, metaState=0, flags=0x28, repeatCount=0, eventTime=26751420, downTime=26751420, deviceId=-1, source=0x101 }
W/ViewRootImpl(  717): Cancelling event due to no window focus: KeyEvent { action=ACTION_UP, keyCode=KEYCODE_DPAD_DOWN, scanCode=0, metaState=0, flags=0x28, repeatCount=0, eventTime=26751420, downTime=26751420, deviceId=-1, source=0x101 }
W/ViewRootImpl(  717): Dropping event due to no window focus: KeyEvent { action=ACTION_DOWN, keyCode=KEYCODE_DPAD_UP, scanCode=0, metaState=0, flags=0x8, repeatCount=0, eventTime=26751421, downTime=26751421, deviceId=-1, source=0x101 }
W/ViewRootImpl(  717): Cancelling event due to no window focus: KeyEvent { action=ACTION_UP, keyCode=KEYCODE_DPAD_UP, scanCode=0, metaState=0, flags=0x28, repeatCount=0, eventTime=26751424, downTime=26751424, deviceId=-1, source=0x101 }
W/ViewRootImpl(  717): Cancelling event due to no window focus: KeyEvent { action=ACTION_UP, keyCode=KEYCODE_DPAD_UP, scanCode=0, metaState=0, flags=0x28, repeatCount=0, eventTime=26751424, downTime=26751424, deviceId=-1, source=0x101 }
W/ViewRootImpl(  717): Cancelling event due to no window focus: KeyEvent { action=ACTION_UP, keyCode=KEYCODE_DPAD_UP, scanCode=0, metaState=0, flags=0x28, repeatCount=0, eventTime=26751424, downTime=26751424, deviceId=-1, source=0x101 }
W/ViewRootImpl(  717): Cancelling event due to no window focus: KeyEvent { action=ACTION_UP, keyCode=KEYCODE_DPAD_UP, scanCode=0, metaState=0, flags=0x28, repeatCount=0, eventTime=26751424, downTime=26751424, deviceId=-1, source=0x101 }
W/ViewRootImpl(  717): Cancelling event due to no window focus: KeyEvent { action=ACTION_UP, keyCode=KEYCODE_DPAD_UP, scanCode=0, metaState=0, flags=0x28, repeatCount=0, eventTime=26751424, downTime=26751424, deviceId=-1, source=0x101 }
W/ViewRootImpl(  717): Cancelling event due to no window focus: KeyEvent { action=ACTION_UP, keyCode=KEYCODE_DPAD_UP, scanCode=0, metaState=0, flags=0x28, repeatCount=0, eventTime=26751424, downTime=26751424, deviceId=-1, source=0x101 }
W/ViewRootImpl(  717): Cancelling event due to no window focus: KeyEvent { action=ACTION_UP, keyCode=KEYCODE_DPAD_UP, scanCode=0, metaState=0, flags=0x28, repeatCount=0, eventTime=26751424, downTime=26751424, deviceId=-1, source=0x101 }
W/ViewRootImpl(  717): Cancelling event due to no window focus: KeyEvent { action=ACTION_UP, keyCode=KEYCODE_DPAD_UP, scanCode=0, metaState=0, flags=0x28, repeatCount=0, eventTime=26751424, downTime=26751424, deviceId=-1, source=0x101 }
W/ViewRootImpl(  717): Cancelling event due to no window focus: KeyEvent { action=ACTION_UP, keyCode=KEYCODE_DPAD_UP, scanCode=0, metaState=0, flags=0x28, repeatCount=0, eventTime=26751424, downTime=26751424, deviceId=-1, source=0x101 }
W/EGL_emulation( 5727): eglSurfaceAttrib not implemented
W/OpenGLRenderer( 5727): Failed to set EGL_SWAP_BEHAVIOR on surface 0xdf028740, error=EGL_SUCCESS
W/View    (  717): requestLayout() improperly called by com.android.systemui.statusbar.phone.StatusBarHeaderView{10ac8739 VFE...C. .F....ID 0,0-768,120 #7f0f00f6 app:id/header} during layout: running second layout pass
W/View    (  717): requestLayout() improperly called by com.android.systemui.statusbar.SignalClusterView{39bf217e V.E..... ......ID 573,43-657,77 #7f0f012a app:id/signal_cluster} during layout: running second layout pass
W/View    (  717): requestLayout() improperly called by android.widget.LinearLayout{3809d6df V.E..... ......ID 0,0-108,50 #7f0f0128 app:id/system_icons} during layout: running second layout pass
W/View    (  717): requestLayout() improperly called by android.widget.TextView{2b229f2c V.ED.... ......ID 0,0-0,0 #7f0f0087 app:id/battery_level} during layout: running second layout pass
W/View    (  717): requestLayout() improperly called by android.widget.LinearLayout{32455df5 VFE...C. ......ID 568,0-684,120 #7f0f0085 app:id/system_icons_super_container} during layout: running second layout pass
W/View    (  717): requestLayout() improperly called by com.android.systemui.statusbar.phone.MultiUserSwitch{2aa7d78a VFE...C. ......I. 684,0-752,120 #7f0f0083 app:id/multi_user_switch} during layout: running second layout pass
W/View    (  717): requestLayout() improperly called by android.widget.TextClock{bdf01fb V.ED.... ......ID 0,13-71,51 #7f0f00e1 app:id/time_view} during layout: running second layout pass
W/View    (  717): requestLayout() improperly called by android.widget.FrameLayout{3b08218 V.E..... ......I. 16,62-343,100 #7f0f00f9 app:id/date_group} during layout: running second layout pass
I/ActivityManager(  595): START u0 {act=android.intent.action.CALL_BUTTON flg=0x10000000 cmp=com.android.dialer/.DialtactsActivity} from uid 10013 on display 0
W/EGL_emulation( 5727): eglSurfaceAttrib not implemented
W/OpenGLRenderer( 5727): Failed to set EGL_SWAP_BEHAVIOR on surface 0xdf3ff9e0, error=EGL_SUCCESS
W/ViewRootImpl( 5727): Dropping event due to no window focus: KeyEvent { action=ACTION_DOWN, keyCode=KEYCODE_MENU, scanCode=0, metaState=0, flags=0x8, repeatCount=0, eventTime=26751888, downTime=26751888, deviceId=-1, source=0x101 }
I/ActivityManager(  595): Displayed com.zzl.falcon.internal/com.zzl.falcon.invest.InvestmentDetailActivity: +701ms
W/ViewRootImpl( 5727): Cancelling event due to no window focus: KeyEvent { action=ACTION_UP, keyCode=KEYCODE_MENU, scanCode=0, metaState=0, flags=0x28, repeatCount=0, eventTime=26751931, downTime=26751931, deviceId=-1, source=0x101 }
W/ViewRootImpl( 5727): Cancelling event due to no window focus: KeyEvent { action=ACTION_UP, keyCode=KEYCODE_MENU, scanCode=0, metaState=0, flags=0x28, repeatCount=0, eventTime=26751931, downTime=26751931, deviceId=-1, source=0x101 }
W/ViewRootImpl( 5727): Cancelling event due to no window focus: KeyEvent { action=ACTION_UP, keyCode=KEYCODE_MENU, scanCode=0, metaState=0, flags=0x28, repeatCount=0, eventTime=26751931, downTime=26751931, deviceId=-1, source=0x101 }
W/ViewRootImpl( 5727): Cancelling event due to no window focus: KeyEvent { action=ACTION_UP, keyCode=KEYCODE_MENU, scanCode=0, metaState=0, flags=0x28, repeatCount=0, eventTime=26751931, downTime=26751931, deviceId=-1, source=0x101 }
W/ViewRootImpl( 5727): Cancelling event due to no window focus: KeyEvent { action=ACTION_UP, keyCode=KEYCODE_MENU, scanCode=0, metaState=0, flags=0x28, repeatCount=0, eventTime=26751931, downTime=26751931, deviceId=-1, source=0x101 }
W/ViewRootImpl( 5727): Cancelling event due to no window focus: KeyEvent { action=ACTION_UP, keyCode=KEYCODE_MENU, scanCode=0, metaState=0, flags=0x28, repeatCount=0, eventTime=26751931, downTime=26751931, deviceId=-1, source=0x101 }
W/ViewRootImpl( 5727): Dropping event due to no window focus: KeyEvent { action=ACTION_DOWN, keyCode=KEYCODE_P, scanCode=0, metaState=0, flags=0x8, repeatCount=0, eventTime=26751935, downTime=26751935, deviceId=-1, source=0x101 }
W/ViewRootImpl( 5727): Cancelling event due to no window focus: KeyEvent { action=ACTION_UP, keyCode=KEYCODE_P, scanCode=0, metaState=0, flags=0x28, repeatCount=0, eventTime=26752042, downTime=26752042, deviceId=-1, source=0x101 }
W/ViewRootImpl( 5727): Cancelling event due to no window focus: KeyEvent { action=ACTION_UP, keyCode=KEYCODE_P, scanCode=0, metaState=0, flags=0x28, repeatCount=0, eventTime=26752042, downTime=26752042, deviceId=-1, source=0x101 }
W/ViewRootImpl( 5727): Cancelling event due to no window focus: KeyEvent { action=ACTION_UP, keyCode=KEYCODE_P, scanCode=0, metaState=0, flags=0x28, repeatCount=0, eventTime=26752042, downTime=26752042, deviceId=-1, source=0x101 }
W/ViewRootImpl( 5727): Cancelling event due to no window focus: KeyEvent { action=ACTION_UP, keyCode=KEYCODE_P, scanCode=0, metaState=0, flags=0x28, repeatCount=0, eventTime=26752042, downTime=26752042, deviceId=-1, source=0x101 }
W/ViewRootImpl( 5727): Cancelling event due to no window focus: KeyEvent { action=ACTION_UP, keyCode=KEYCODE_P, scanCode=0, metaState=0, flags=0x28, repeatCount=0, eventTime=26752042, downTime=26752042, deviceId=-1, source=0x101 }
W/ViewRootImpl( 5727): Cancelling event due to no window focus: KeyEvent { action=ACTION_UP, keyCode=KEYCODE_P, scanCode=0, metaState=0, flags=0x28, repeatCount=0, eventTime=26752042, downTime=26752042, deviceId=-1, source=0x101 }
W/ViewRootImpl( 5727): Cancelling event due to no window focus: KeyEvent { action=ACTION_UP, keyCode=KEYCODE_P, scanCode=0, metaState=0, flags=0x28, repeatCount=0, eventTime=26752042, downTime=26752042, deviceId=-1, source=0x101 }
W/ViewRootImpl( 5727): Cancelling event due to no window focus: KeyEvent { action=ACTION_UP, keyCode=KEYCODE_P, scanCode=0, metaState=0, flags=0x28, repeatCount=0, eventTime=26752042, downTime=26752042, deviceId=-1, source=0x101 }
W/ViewRootImpl( 5727): Cancelling event due to no window focus: KeyEvent { action=ACTION_UP, keyCode=KEYCODE_P, scanCode=0, metaState=0, flags=0x28, repeatCount=0, eventTime=26752042, downTime=26752042, deviceId=-1, source=0x101 }
W/ViewRootImpl( 5727): Dropping event due to no window focus: KeyEvent { action=ACTION_DOWN, keyCode=KEYCODE_DPAD_LEFT, scanCode=0, metaState=0, flags=0x8, repeatCount=0, eventTime=26752044, downTime=26752044, deviceId=-1, source=0x101 }
W/ViewRootImpl( 5727): Cancelling event due to no window focus: KeyEvent { action=ACTION_UP, keyCode=KEYCODE_DPAD_LEFT, scanCode=0, metaState=0, flags=0x28, repeatCount=0, eventTime=26752045, downTime=26752045, deviceId=-1, source=0x101 }
W/ViewRootImpl( 5727): Cancelling event due to no window focus: KeyEvent { action=ACTION_UP, keyCode=KEYCODE_DPAD_LEFT, scanCode=0, metaState=0, flags=0x28, repeatCount=0, eventTime=26752045, downTime=26752045, deviceId=-1, source=0x101 }
W/ViewRootImpl( 5727): Cancelling event due to no window focus: KeyEvent { action=ACTION_UP, keyCode=KEYCODE_DPAD_LEFT, scanCode=0, metaState=0, flags=0x28, repeatCount=0, eventTime=26752045, downTime=26752045, deviceId=-1, source=0x101 }
W/ViewRootImpl( 5727): Cancelling event due to no window focus: KeyEvent { action=ACTION_UP, keyCode=KEYCODE_DPAD_LEFT, scanCode=0, metaState=0, flags=0x28, repeatCount=0, eventTime=26752045, downTime=26752045, deviceId=-1, source=0x101 }
W/ViewRootImpl( 5727): Cancelling event due to no window focus: KeyEvent { action=ACTION_UP, keyCode=KEYCODE_DPAD_LEFT, scanCode=0, metaState=0, flags=0x28, repeatCount=0, eventTime=26752045, downTime=26752045, deviceId=-1, source=0x101 }
W/ViewRootImpl( 5727): Cancelling event due to no window focus: KeyEvent { action=ACTION_UP, keyCode=KEYCODE_DPAD_LEFT, scanCode=0, metaState=0, flags=0x28, repeatCount=0, eventTime=26752045, downTime=26752045, deviceId=-1, source=0x101 }
W/ViewRootImpl( 5727): Cancelling event due to no window focus: KeyEvent { action=ACTION_UP, keyCode=KEYCODE_DPAD_LEFT, scanCode=0, metaState=0, flags=0x28, repeatCount=0, eventTime=26752045, downTime=26752045, deviceId=-1, source=0x101 }
W/ViewRootImpl( 5727): Cancelling event due to no window focus: KeyEvent { action=ACTION_UP, keyCode=KEYCODE_DPAD_LEFT, scanCode=0, metaState=0, flags=0x28, repeatCount=0, eventTime=26752045, downTime=26752045, deviceId=-1, source=0x101 }
W/ViewRootImpl( 5727): Cancelling event due to no window focus: KeyEvent { action=ACTION_UP, keyCode=KEYCODE_DPAD_LEFT, scanCode=0, metaState=0, flags=0x28, repeatCount=0, eventTime=26752045, downTime=26752045, deviceId=-1, source=0x101 }
D/OkHttp  ( 5727): --> POST http://116.236.220.210:8084/appAccount/appMyAccount?userId=7ac76fc40a87449ca54f1e0649628e2e&bankAccount=6212461030000503429 http/1.1
D/OkHttp  ( 5727): Content-Length: 0
D/OkHttp  ( 5727): RC-Bel-Key: bel.zhiwang.zzl
D/OkHttp  ( 5727): RC-Timestamp: 1512062420
D/OkHttp  ( 5727): RC-Nonce: fab14852-c5d7-44d2-9a18-0c1b0012a971
D/OkHttp  ( 5727): RC-Signature: 5d04c10bcfc2f6368d356f9d282f0409e3a400dc
D/OkHttp  ( 5727): osType: Android
D/OkHttp  ( 5727): version: 2.4.0
D/OkHttp  ( 5727): --> END POST (0-byte body)
W/ViewRootImpl( 5727): Dropping event due to no window focus: MotionEvent { action=ACTION_MOVE, id[0]=0, x[0]=-5.0, y[0]=2.0, toolType[0]=TOOL_TYPE_UNKNOWN, buttonState=0, metaState=0, flags=0x0, edgeFlags=0x0, pointerCount=1, historySize=9, eventTime=26752058, downTime=-1, deviceId=0, source=0x10004 }
W/ViewRootImpl( 5727): Dropping event due to no window focus: KeyEvent { action=ACTION_DOWN, keyCode=KEYCODE_BUTTON_13, scanCode=0, metaState=0, flags=0x8, repeatCount=0, eventTime=26752059, downTime=26752059, deviceId=-1, source=0x101 }
W/ViewRootImpl( 5727): Dropping event due to no window focus: KeyEvent { action=ACTION_DOWN, keyCode=KEYCODE_DPAD_CENTER, scanCode=0, metaState=0, flags=0x8, repeatCount=0, eventTime=26752059, downTime=26752059, deviceId=-1, source=0x101 }
W/ViewRootImpl( 5727): Cancelling event due to no window focus: KeyEvent { action=ACTION_UP, keyCode=KEYCODE_BUTTON_13, scanCode=0, metaState=0, flags=0x28, repeatCount=0, eventTime=26752099, downTime=26752099, deviceId=-1, source=0x101 }
W/ViewRootImpl( 5727): Cancelling event due to no window focus: KeyEvent { action=ACTION_UP, keyCode=KEYCODE_BUTTON_13, scanCode=0, metaState=0, flags=0x28, repeatCount=0, eventTime=26752099, downTime=26752099, deviceId=-1, source=0x101 }
W/ViewRootImpl( 5727): Cancelling event due to no window focus: KeyEvent { action=ACTION_UP, keyCode=KEYCODE_BUTTON_13, scanCode=0, metaState=0, flags=0x28, repeatCount=0, eventTime=26752099, downTime=26752099, deviceId=-1, source=0x101 }
W/ViewRootImpl( 5727): Cancelling event due to no window focus: KeyEvent { action=ACTION_UP, keyCode=KEYCODE_BUTTON_13, scanCode=0, metaState=0, flags=0x28, repeatCount=0, eventTime=26752099, downTime=26752099, deviceId=-1, source=0x101 }
W/ViewRootImpl( 5727): Cancelling event due to no window focus: KeyEvent { action=ACTION_UP, keyCode=KEYCODE_BUTTON_13, scanCode=0, metaState=0, flags=0x28, repeatCount=0, eventTime=26752099, downTime=26752099, deviceId=-1, source=0x101 }
W/ViewRootImpl( 5727): Cancelling event due to no window focus: KeyEvent { action=ACTION_UP, keyCode=KEYCODE_BUTTON_13, scanCode=0, metaState=0, flags=0x28, repeatCount=0, eventTime=26752099, downTime=26752099, deviceId=-1, source=0x101 }
W/ViewRootImpl( 5727): Cancelling event due to no window focus: KeyEvent { action=ACTION_UP, keyCode=KEYCODE_BUTTON_13, scanCode=0, metaState=0, flags=0x28, repeatCount=0, eventTime=26752099, downTime=26752099, deviceId=-1, source=0x101 }
W/ViewRootImpl( 5727): Cancelling event due to no window focus: KeyEvent { action=ACTION_UP, keyCode=KEYCODE_BUTTON_13, scanCode=0, metaState=0, flags=0x28, repeatCount=0, eventTime=26752099, downTime=26752099, deviceId=-1, source=0x101 }
W/ViewRootImpl( 5727): Cancelling event due to no window focus: KeyEvent { action=ACTION_UP, keyCode=KEYCODE_BUTTON_13, scanCode=0, metaState=0, flags=0x28, repeatCount=0, eventTime=26752099, downTime=26752099, deviceId=-1, source=0x101 }
W/ViewRootImpl( 5727): Cancelling event due to no window focus: KeyEvent { action=ACTION_UP, keyCode=KEYCODE_DPAD_CENTER, scanCode=0, metaState=0, flags=0x28, repeatCount=0, eventTime=26752099, downTime=26752099, deviceId=-1, source=0x101 }
W/ViewRootImpl( 5727): Cancelling event due to no window focus: KeyEvent { action=ACTION_UP, keyCode=KEYCODE_DPAD_CENTER, scanCode=0, metaState=0, flags=0x28, repeatCount=0, eventTime=26752099, downTime=26752099, deviceId=-1, source=0x101 }
W/ViewRootImpl( 5727): Cancelling event due to no window focus: KeyEvent { action=ACTION_UP, keyCode=KEYCODE_DPAD_CENTER, scanCode=0, metaState=0, flags=0x28, repeatCount=0, eventTime=26752099, downTime=26752099, deviceId=-1, source=0x101 }
W/ViewRootImpl( 5727): Cancelling event due to no window focus: KeyEvent { action=ACTION_UP, keyCode=KEYCODE_DPAD_CENTER, scanCode=0, metaState=0, flags=0x28, repeatCount=0, eventTime=26752099, downTime=26752099, deviceId=-1, source=0x101 }
W/ViewRootImpl( 5727): Cancelling event due to no window focus: KeyEvent { action=ACTION_UP, keyCode=KEYCODE_DPAD_CENTER, scanCode=0, metaState=0, flags=0x28, repeatCount=0, eventTime=26752099, downTime=26752099, deviceId=-1, source=0x101 }
W/ViewRootImpl( 5727): Cancelling event due to no window focus: KeyEvent { action=ACTION_UP, keyCode=KEYCODE_DPAD_CENTER, scanCode=0, metaState=0, flags=0x28, repeatCount=0, eventTime=26752099, downTime=26752099, deviceId=-1, source=0x101 }
W/ViewRootImpl( 5727): Cancelling event due to no window focus: KeyEvent { action=ACTION_UP, keyCode=KEYCODE_DPAD_CENTER, scanCode=0, metaState=0, flags=0x28, repeatCount=0, eventTime=26752099, downTime=26752099, deviceId=-1, source=0x101 }
