D/accs.Msg_umeng:56aadbf567e58e38d4000976( 5727):  20 40 0 bb 0 b9 c8 0 10 32 7c 41 67 6f 6f 44 65 76 69 63 65 43 6d 64 7c 3f 57 61 6a 4d 50 4c 2f 44 5a 75 55 44 41 4a 77 63 6c 6a 44 4b 53 49 46 57 7c 63 6f 6d 2e 7a 7a 6c 2e 66 61 6c 63 6f 6e 2e 69 6e 74 65 72 6e 61 6c 7c 41 67 6f 6f 44 65 76 69 63 65 43 6d 64 7c 1 35 0 0 7b 22 63 6d 64 22 3a 22 65 6e 61 62 6c 65 50 75 73 68 22 2c 22 61 70 70 4b 65 79 22 3a 22 75 6d 65 6e 67 3a 35 36 61 61 64 62 66 35 36 37 65 35 38 65 33 38 64 34 30 30 30 39 37 36 22 2c 22 75 74 64 69 64 22 3a 22 57 61 6a 4d 50 4c 5c 2f 44 5a 75 55 44 41 4a 77 63 6c 6a 44 4b 53 49 46 57 22 7d 
I/accs.InAppConn_umeng:56aadbf567e58e38d4000976( 5727):  send data  len:191 dataId:5 command:100 host:https://umengacs.m.taobao.com utdid:WajMPL/DZuUDAJwcljDKSIFW
E/awcn.TnetSpdySession( 5727): |[seq:umeng:56aadbf567e58e38d4000976.AWCN2_2] sendCustomFrame dataId:5 type:200
D/awcn.DefaultHeartbeatImpl( 5727): |[seq:umeng:56aadbf567e58e38d4000976.AWCN2_2] reSchedule session:Session@[umeng:56aadbf567e58e38d4000976.AWCN2_2|spdy_0rtt_acs] delay:29217
D/accs.InAppConn_umeng:56aadbf567e58e38d4000976( 5727):  sendSucc true dataId:5
E/awcn.TnetSpdySession( 5727): |[seq:umeng:56aadbf567e58e38d4000976.AWCN2_2] [spdyCustomControlFrameRecvCallback] len:145 frameCb:com.taobao.accs.net.k@39340805
E/awcn.TnetSpdySession( 5727): |[seq:umeng:56aadbf567e58e38d4000976.AWCN2_2] str:20 40 0 8d 0 8b e0 0 3f 57 61 6a 4d 50 4c 2f 44 5a 75 55 44 41 4a 77 63 6c 6a 44 4b 53 49 46 57 7c 63 6f 6d 2e 7a 7a 6c 2e 66 61 6c 63 6f 6e 2e 69 6e 74 65 72 6e 61 6c 7c 41 67 6f 6f 44 65 76 69 63 65 43 6d 64 7c 10 32 7c 41 67 6f 6f 44 65 76 69 63 65 43 6d 64 7c 1 35 0 9 24 7 75 6e 7a 62 79 75 6e 7b 22 72 65 73 75 6c 74 43 6f 64 65 22 3a 22 73 75 63 63 65 73 73 22 2c 22 63 6d 64 22 3a 22 65 6e 61 62 6c 65 50 75 73 68 22 7d 
I/accs.InAppConn_umeng:56aadbf567e58e38d4000976( 5727):  onDataReceive, type:200 len:145
E/accs.InAppConn_umeng:56aadbf567e58e38d4000976( 5727):  onDataReceive, end:
D/accs.MsgRecv_umeng:56aadbf567e58e38d4000976( 5727):  version:2
D/accs.MsgRecv_umeng:56aadbf567e58e38d4000976( 5727):  compress:0
D/accs.MsgRecv_umeng:56aadbf567e58e38d4000976( 5727):  totalLen:141
D/accs.MsgRecv_umeng:56aadbf567e58e38d4000976( 5727):  buf len:139
D/accs.MsgRecv_umeng:56aadbf567e58e38d4000976( 5727):  flag:e000
D/accs.MsgRecv_umeng:56aadbf567e58e38d4000976( 5727):  target:WajMPL/DZuUDAJwcljDKSIFW|com.zzl.falcon.internal|AgooDeviceCmd|
D/accs.MsgRecv_umeng:56aadbf567e58e38d4000976( 5727):  source:2|AgooDeviceCmd|
D/accs.MsgRecv_umeng:56aadbf567e58e38d4000976( 5727):  dataId:5
D/accs.MsgRecv_umeng:56aadbf567e58e38d4000976( 5727):  extHeaderLen:9
D/accs.MsgRecv_umeng:56aadbf567e58e38d4000976( 5727):   extHeaderType:9 value:unzbyun
D/accs.MsgRecv_umeng:56aadbf567e58e38d4000976( 5727):  oriData:[B@a894117
I/accs.MsgRecv_umeng:56aadbf567e58e38d4000976( 5727):  1 dataId 5:type DATA:reqType RES:resType NO_ACK:target WajMPL/DZuUDAJwcljDKSIFW|com.zzl.falcon.internal|AgooDeviceCmd|
D/accs.MsgRecv_umeng:56aadbf567e58e38d4000976( 5727):  reqMessage not null
W/ActivityManager(  595): getTasks: caller 10099 does not hold GET_TASKS; limiting output
D/accs.MsgRecv_umeng:56aadbf567e58e38d4000976( 5727):  onResult command:100 erorcode:200
D/accs.MsgRecv_umeng:56aadbf567e58e38d4000976( 5727):  prepare send broadcast
D/accs.UTMini( 5727):  commitEvent fail java.lang.NoClassDefFoundError: Failed resolution of: Lcom/ut/mini/internal/UTOriginalCustomHitBuilder;
D/accs.InAppConn_umeng:56aadbf567e58e38d4000976( 5727):  try handle msg
D/accs.MsgDistribute( 5727):  action:com.taobao.accs.intent.action.RECEIVE
I/accs.MsgDistribute( 5727):  distribute command::100  serviceId::AgooDeviceCmd  dataId::2 appkey:umeng:56aadbf567e58e38d4000976 config:umeng:56aadbf567e58e38d4000976
W/accs.MsgDistribute( 5727):  appReceiver null! serviceId:AgooDeviceCmd appkey:umeng:56aadbf567e58e38d4000976
D/accs.UTMini( 5727):  commitEvent fail java.lang.NoClassDefFoundError: Failed resolution of: Lcom/ut/mini/internal/UTOriginalCustomHitBuilder;
I/accs.AccsAbstractDataListener( 5727):  onReceiveData dataId:2 serviceId:AgooDeviceCmd command:100
D/accs.UTMini( 5727):  commitEvent fail java.lang.NoClassDefFoundError: Failed resolution of: Lcom/ut/mini/internal/UTOriginalCustomHitBuilder;
I/accs.RequestListener( 5727):  RequestListener onResponse dataId:2 listener:com.umeng.message.PushAgent$3@3d0fe904 json:{"resultCode":"success","cmd":"enablePush"}
I/com.umeng.message.PushAgent( 5727): bindAgoo-->onSuccess
D/accs.UTMini( 5727):  commitEvent fail java.lang.NoClassDefFoundError: Failed resolution of: Lcom/ut/mini/internal/UTOriginalCustomHitBuilder;
E/RecyclerView( 5727): Cannot scroll to position a LayoutManager set. Call setLayoutManager with a non-null argument.
E/RecyclerView( 5727): Cannot scroll to position a LayoutManager set. Call setLayoutManager with a non-null argument.
D/ForegroundCallbacks( 5727): still foreground
D/OkHttp  ( 5727): --> POST http://116.236.220.210:8084/appIndex/list?version=3 http/1.1
D/OkHttp  ( 5727): Content-Length: 0
D/OkHttp  ( 5727): RC-Bel-Key: bel.zhiwang.zzl
D/OkHttp  ( 5727): RC-Timestamp: 1512062491
D/OkHttp  ( 5727): RC-Nonce: 8a37794d-71cf-40c1-b3c2-676640ea2191
D/OkHttp  ( 5727): RC-Signature: ecaead92b2bc8b49a20a0b5da276b192b171e9a7
D/OkHttp  ( 5727): osType: Android
D/OkHttp  ( 5727): version: 2.4.0
D/OkHttp  ( 5727): --> END POST (0-byte body)
V/WindowManager(  595): Adding window Window{2ee182ff u0 com.zzl.falcon.internal/com.zzl.falcon.MainActivity} at 2 of 8 (before Window{1ec780f u0 com.zzl.falcon.internal/com.zzl.falcon.invest.InvestmentDetailActivity})
I/AppiumUnicodeIME(  756): onKeyUp (keyCode='82', event.keyCode='82', metaState='0')
D/OkHttp  ( 5727): <-- 200 OK http://116.236.220.210:8084/appIndex/list?version=3 (37ms)
D/OkHttp  ( 5727): Server: Apache-Coyote/1.1
D/OkHttp  ( 5727): Set-Cookie: JSESSIONID=5333BE1915E8E9999005424A0983E34A; Path=/; HttpOnly
D/OkHttp  ( 5727): Content-Type: application/json;charset=utf-8
D/OkHttp  ( 5727): Content-Length: 866
D/OkHttp  ( 5727): Date: Fri, 01 Dec 2017 08:14:10 GMT
D/OkHttp  ( 5727): {"fixedInvestInfo":{"empId":"1","persiodUp":12,"rateDown":6.9,"persiodDown":3,"platformType":1,"remark":"","parentId":"0","rateUp":9.6,"paymentType":1,"createTime":"","payment":2,"id":"402897e7562c1dd101562c291ad10003","proName":"","periodsType":1,"proNumber":"","productType":1,"status":1},"bannel":[{"webDesc":"","imgurl":"20171114100735893.png","createTime":"2017-11-14 10:05:59","name":"","link":"http://116.236.220.210:8084/mobileWeb/commonActivity?activity=winter","id":"2c908a885fb40cb0015fb846a8d1018d","type":1,"seq":12,"status":1,"shareStatus":0}],"investInfo":[{"persiodUp":"48","rateDown":"10.8","persiodDown":"6","proName":"","rateUp":"14.5","productType":"2"}],"transferInfo":{"periodDesc":"","rateDown":"10","productType":"20","rateUp":"15"},"responseCode":"1"}
D/OkHttp  ( 5727): <-- END HTTP (866-byte body)
W/EGL_emulation( 5727): eglSurfaceAttrib not implemented
W/OpenGLRenderer( 5727): Failed to set EGL_SWAP_BEHAVIOR on surface 0xdf028c80, error=EGL_SUCCESS
W/ViewRootImpl( 5727): Dropping event due to no window focus: KeyEvent { action=ACTION_DOWN, keyCode=KEYCODE_DPAD_DOWN, scanCode=0, metaState=0, flags=0x8, repeatCount=0, eventTime=26823373, downTime=26823373, deviceId=-1, source=0x101 }
W/ViewRootImpl( 5727): Cancelling event due to no window focus: KeyEvent { action=ACTION_UP, keyCode=KEYCODE_DPAD_DOWN, scanCode=0, metaState=0, flags=0x28, repeatCount=0, eventTime=26823583, downTime=26823583, deviceId=-1, source=0x101 }
W/ViewRootImpl( 5727): Cancelling event due to no window focus: KeyEvent { action=ACTION_UP, keyCode=KEYCODE_DPAD_DOWN, scanCode=0, metaState=0, flags=0x28, repeatCount=0, eventTime=26823583, downTime=26823583, deviceId=-1, source=0x101 }
W/ViewRootImpl( 5727): Cancelling event due to no window focus: KeyEvent { action=ACTION_UP, keyCode=KEYCODE_DPAD_DOWN, scanCode=0, metaState=0, flags=0x28, repeatCount=0, eventTime=26823583, downTime=26823583, deviceId=-1, source=0x101 }
W/ViewRootImpl( 5727): Cancelling event due to no window focus: KeyEvent { action=ACTION_UP, keyCode=KEYCODE_DPAD_DOWN, scanCode=0, metaState=0, flags=0x28, repeatCount=0, eventTime=26823583, downTime=26823583, deviceId=-1, source=0x101 }
W/ViewRootImpl( 5727): Cancelling event due to no window focus: KeyEvent { action=ACTION_UP, keyCode=KEYCODE_DPAD_DOWN, scanCode=0, metaState=0, flags=0x28, repeatCount=0, eventTime=26823583, downTime=26823583, deviceId=-1, source=0x101 }
W/ViewRootImpl( 5727): Cancelling event due to no window focus: KeyEvent { action=ACTION_UP, keyCode=KEYCODE_DPAD_DOWN, scanCode=0, metaState=0, flags=0x28, repeatCount=0, eventTime=26823583, downTime=26823583, deviceId=-1, source=0x101 }
W/AudioTrack(  595): AUDIO_OUTPUT_FLAG_FAST denied by client
W/ViewRootImpl( 5727): Cancelling event due to no window focus: KeyEvent { action=ACTION_UP, keyCode=KEYCODE_DPAD_DOWN, scanCode=0, metaState=0, flags=0x28, repeatCount=0, eventTime=26823583, downTime=26823583, deviceId=-1, source=0x101 }
W/ViewRootImpl( 5727): Cancelling event due to no window focus: KeyEvent { action=ACTION_UP, keyCode=KEYCODE_DPAD_DOWN, scanCode=0, metaState=0, flags=0x28, repeatCount=0, eventTime=26823583, downTime=26823583, deviceId=-1, source=0x101 }
W/ViewRootImpl( 5727): Cancelling event due to no window focus: KeyEvent { action=ACTION_UP, keyCode=KEYCODE_DPAD_DOWN, scanCode=0, metaState=0, flags=0x28, repeatCount=0, eventTime=26823583, downTime=26823583, deviceId=-1, source=0x101 }
W/ViewRootImpl( 5727): Dropping event due to no window focus: KeyEvent { action=ACTION_DOWN, keyCode=KEYCODE_DPAD_CENTER, scanCode=0, metaState=0, flags=0x8, repeatCount=0, eventTime=26823749, downTime=26823749, deviceId=-1, source=0x101 }
W/ViewRootImpl( 5727): Cancelling event due to no window focus: KeyEvent { action=ACTION_UP, keyCode=KEYCODE_DPAD_CENTER, scanCode=0, metaState=0, flags=0x28, repeatCount=0, eventTime=26823751, downTime=26823751, deviceId=-1, source=0x101 }
W/ViewRootImpl( 5727): Cancelling event due to no window focus: KeyEvent { action=ACTION_UP, keyCode=KEYCODE_DPAD_CENTER, scanCode=0, metaState=0, flags=0x28, repeatCount=0, eventTime=26823751, downTime=26823751, deviceId=-1, source=0x101 }
W/ViewRootImpl( 5727): Cancelling event due to no window focus: KeyEvent { action=ACTION_UP, keyCode=KEYCODE_DPAD_CENTER, scanCode=0, metaState=0, flags=0x28, repeatCount=0, eventTime=26823751, downTime=26823751, deviceId=-1, source=0x101 }
W/ViewRootImpl( 5727): Cancelling event due to no window focus: KeyEvent { action=ACTION_UP, keyCode=KEYCODE_DPAD_CENTER, scanCode=0, metaState=0, flags=0x28, repeatCount=0, eventTime=26823751, downTime=26823751, deviceId=-1, source=0x101 }
W/ViewRootImpl( 5727): Cancelling event due to no window focus: KeyEvent { action=ACTION_UP, keyCode=KEYCODE_DPAD_CENTER, scanCode=0, metaState=0, flags=0x28, repeatCount=0, eventTime=26823751, downTime=26823751, deviceId=-1, source=0x101 }
W/ViewRootImpl( 5727): Cancelling event due to no window focus: KeyEvent { action=ACTION_UP, keyCode=KEYCODE_DPAD_CENTER, scanCode=0, metaState=0, flags=0x28, repeatCount=0, eventTime=26823751, downTime=26823751, deviceId=-1, source=0x101 }
W/ViewRootImpl( 5727): Cancelling event due to no window focus: KeyEvent { action=ACTION_UP, keyCode=KEYCODE_DPAD_CENTER, scanCode=0, metaState=0, flags=0x28, repeatCount=0, eventTime=26823751, downTime=26823751, deviceId=-1, source=0x101 }
W/ViewRootImpl( 5727): Cancelling event due to no window focus: KeyEvent { action=ACTION_UP, keyCode=KEYCODE_DPAD_CENTER, scanCode=0, metaState=0, flags=0x28, repeatCount=0, eventTime=26823751, downTime=26823751, deviceId=-1, source=0x101 }
W/ViewRootImpl( 5727): Cancelling event due to no window focus: KeyEvent { action=ACTION_UP, keyCode=KEYCODE_DPAD_CENTER, scanCode=0, metaState=0, flags=0x28, repeatCount=0, eventTime=26823751, downTime=26823751, deviceId=-1, source=0x101 }
E/com.umeng.message.UTrack( 5727): RegistrationId is empty
E/com.umeng.message.UTrack( 5727): RegistrationId is empty
D/com.umeng.message.UmengMessageCallbackHandlerService( 5727): processName=com.zzl.falcon.internal
D/com.umeng.message.UmengMessageCallbackHandlerService( 5727): enable()-->status:true
D/OkHttp  ( 5727): --> POST http://116.236.220.210:8084/appAccount/appGetUser?custId=7ac76fc40a87449ca54f1e0649628e2e http/1.1
D/OkHttp  ( 5727): Content-Length: 0
D/OkHttp  ( 5727): RC-Bel-Key: bel.zhiwang.zzl
D/OkHttp  ( 5727): RC-Timestamp: 1512062491
D/OkHttp  ( 5727): RC-Nonce: fb30c293-2658-4bd6-b513-ba9507af61fa
D/OkHttp  ( 5727): RC-Signature: f3112fad4a961ed5e4b502fe7478e8abd6236318
D/OkHttp  ( 5727): osType: Android
D/OkHttp  ( 5727): version: 2.4.0
D/OkHttp  ( 5727): --> END POST (0-byte body)
D/OkHttp  ( 5727): --> POST http://116.236.220.210:8084/appAccount/appMyAccount?userId=7ac76fc40a87449ca54f1e0649628e2e&bankAccount=6212461030000503429 http/1.1
D/OkHttp  ( 5727): Content-Length: 0
D/OkHttp  ( 5727): RC-Bel-Key: bel.zhiwang.zzl
D/OkHttp  ( 5727): RC-Timestamp: 1512062491
D/OkHttp  ( 5727): RC-Nonce: 676c7a69-a9f4-4a32-9907-684c892b91eb
D/OkHttp  ( 5727): RC-Signature: 3ee51c0dd5340063eed0d45321eef928fac8308d
D/OkHttp  ( 5727): osType: Android
D/OkHttp  ( 5727): version: 2.4.0
D/OkHttp  ( 5727): --> END POST (0-byte body)
D/OkHttp  ( 5727): <-- 200 OK http://116.236.220.210:8084/appAccount/appGetUser?custId=7ac76fc40a87449ca54f1e0649628e2e (40ms)
D/OkHttp  ( 5727): Server: Apache-Coyote/1.1
D/OkHttp  ( 5727): Set-Cookie: JSESSIONID=8C189FC487F4841206A12703E62BCE1E; Path=/; HttpOnly
D/OkHttp  ( 5727): Content-Type: application/json;charset=UTF-8
D/OkHttp  ( 5727): Content-Length: 834
D/OkHttp  ( 5727): Date: Fri, 01 Dec 2017 08:14:10 GMT
D/OkHttp  ( 5727): {"fingerGestures":{"firstHintStatus":"1"},"user":{"onlineLogin":1,"bindCardState":1,"loginNum":2,"score":"0","custSource":1,"password":"6367c48dd193d56ea7b0baad25b19455e529f5ee","reservedDomain":"1","bankVerify":1,"emailVerify":0,"custIc":"321001201707265233","id":"7ac76fc40a87449ca54f1e0649628e2e","invitationVerify":"null","transferSignVerify":1,"bankAccount":"6212461030000503429","automaticSignVerify":1,"efCustInfoId":"23d83a0517eb4154b7ab1e4d37111cc1","fyVerify":0,"fyAccount":"","mobile":"13900010001","custInfoId":"45342b81d0204529ae7be3fa321c5b4b","zzlLogin":1,"custName":"","mobileVerify":1,"lastLoginTime":"2017-11-30 17:07:04","bindCardMobile":"13900010001","createTime":"2017-07-26 15:17:04","custEmail":"","evaluationFlag":2,"realnameVerify":1,"username":"xuxu1","withdrawPwStatus":1},"responseCode":"1"}
D/OkHttp  ( 5727): <-- END HTTP (834-byte body)
V/WindowManager(  595): not Base app: Adding window Window{a589ef6 u0 com.zzl.falcon.internal/com.zzl.falcon.MainActivity} at 3 of 9
W/ViewRootImpl( 5727): Dropping event due to no window focus: KeyEvent { action=ACTION_DOWN, keyCode=KEYCODE_B, scanCode=0, metaState=0, flags=0x8, repeatCount=0, eventTime=26823759, downTime=26823759, deviceId=-1, source=0x101 }
W/ViewRootImpl( 5727): Cancelling event due to no window focus: KeyEvent { action=ACTION_UP, keyCode=KEYCODE_B, scanCode=0, metaState=0, flags=0x28, repeatCount=0, eventTime=26823917, downTime=26823917, deviceId=-1, source=0x101 }
W/ViewRootImpl( 5727): Cancelling event due to no window focus: KeyEvent { action=ACTION_UP, keyCode=KEYCODE_B, scanCode=0, metaState=0, flags=0x28, repeatCount=0, eventTime=26823917, downTime=26823917, deviceId=-1, source=0x101 }
W/ViewRootImpl( 5727): Cancelling event due to no window focus: KeyEvent { action=ACTION_UP, keyCode=KEYCODE_B, scanCode=0, metaState=0, flags=0x28, repeatCount=0, eventTime=26823917, downTime=26823917, deviceId=-1, source=0x101 }
W/ViewRootImpl( 5727): Cancelling event due to no window focus: KeyEvent { action=ACTION_UP, keyCode=KEYCODE_B, scanCode=0, metaState=0, flags=0x28, repeatCount=0, eventTime=26823917, downTime=26823917, deviceId=-1, source=0x101 }
E/awcn.DispatchCore( 5727):  amdc request's parameter invalid!
W/ViewRootImpl( 5727): Cancelling event due to no window focus: KeyEvent { action=ACTION_UP, keyCode=KEYCODE_B, scanCode=0, metaState=0, flags=0x28, repeatCount=0, eventTime=26823917, downTime=26823917, deviceId=-1, source=0x101 }
W/ViewRootImpl( 5727): Cancelling event due to no window focus: KeyEvent { action=ACTION_UP, keyCode=KEYCODE_B, scanCode=0, metaState=0, flags=0x28, repeatCount=0, eventTime=26823917, downTime=26823917, deviceId=-1, source=0x101 }
W/ViewRootImpl( 5727): Cancelling event due to no window focus: KeyEvent { action=ACTION_UP, keyCode=KEYCODE_B, scanCode=0, metaState=0, flags=0x28, repeatCount=0, eventTime=26823917, downTime=26823917, deviceId=-1, source=0x101 }
W/ViewRootImpl( 5727): Cancelling event due to no window focus: KeyEvent { action=ACTION_UP, keyCode=KEYCODE_B, scanCode=0, metaState=0, flags=0x28, repeatCount=0, eventTime=26823917, downTime=26823917, deviceId=-1, source=0x101 }
W/ViewRootImpl( 5727): Cancelling event due to no window focus: KeyEvent { action=ACTION_UP, keyCode=KEYCODE_B, scanCode=0, metaState=0, flags=0x28, repeatCount=0, eventTime=26823917, downTime=26823917, deviceId=-1, source=0x101 }
W/ViewRootImpl( 5727): Dropping event due to no window focus: KeyEvent { action=ACTION_DOWN, keyCode=KEYCODE_BUTTON_6, scanCode=0, metaState=0, flags=0x8, repeatCount=0, eventTime=26823918, downTime=26823918, deviceId=-1, source=0x101 }
W/ViewRootImpl( 5727): Dropping event due to no window focus: KeyEvent { action=ACTION_DOWN, keyCode=KEYCODE_DPAD_CENTER, scanCode=0, metaState=0, flags=0x8, repeatCount=0, eventTime=26823918, downTime=26823918, deviceId=-1, source=0x101 }
I/AppiumUnicodeIME(  756): onFinishInput
I/AppiumUnicodeIME(  756): onStartInput
W/EGL_emulation( 5727): eglSurfaceAttrib not implemented
W/OpenGLRenderer( 5727): Failed to set EGL_SWAP_BEHAVIOR on surface 0xe1c43e40, error=EGL_SUCCESS
W/ViewRootImpl( 5727): Cancelling event due to no window focus: KeyEvent { action=ACTION_UP, keyCode=KEYCODE_BUTTON_6, scanCode=0, metaState=0, flags=0x28, repeatCount=0, eventTime=26823919, downTime=26823919, deviceId=-1, source=0x101 }
W/ViewRootImpl( 5727): Cancelling event due to no window focus: KeyEvent { action=ACTION_UP, keyCode=KEYCODE_BUTTON_6, scanCode=0, metaState=0, flags=0x28, repeatCount=0, eventTime=26823919, downTime=26823919, deviceId=-1, source=0x101 }
W/ViewRootImpl( 5727): Cancelling event due to no window focus: KeyEvent { action=ACTION_UP, keyCode=KEYCODE_BUTTON_6, scanCode=0, metaState=0, flags=0x28, repeatCount=0, eventTime=26823919, downTime=26823919, deviceId=-1, source=0x101 }
W/ViewRootImpl( 5727): Cancelling event due to no window focus: KeyEvent { action=ACTION_UP, keyCode=KEYCODE_BUTTON_6, scanCode=0, metaState=0, flags=0x28, repeatCount=0, eventTime=26823919, downTime=26823919, deviceId=-1, source=0x101 }
W/ViewRootImpl( 5727): Cancelling event due to no window focus: KeyEvent { action=ACTION_UP, keyCode=KEYCODE_BUTTON_6, scanCode=0, metaState=0, flags=0x28, repeatCount=0, eventTime=26823919, downTime=26823919, deviceId=-1, source=0x101 }
W/ViewRootImpl( 5727): Cancelling event due to no window focus: KeyEvent { action=ACTION_UP, keyCode=KEYCODE_BUTTON_6, scanCode=0, metaState=0, flags=0x28, repeatCount=0, eventTime=26823919, downTime=26823919, deviceId=-1, source=0x101 }
W/ViewRootImpl( 5727): Cancelling event due to no window focus: KeyEvent { action=ACTION_UP, keyCode=KEYCODE_BUTTON_6, scanCode=0, metaState=0, flags=0x28, repeatCount=0, eventTime=26823919, downTime=26823919, deviceId=-1, source=0x101 }
W/ViewRootImpl( 5727): Cancelling event due to no window focus: KeyEvent { action=ACTION_UP, keyCode=KEYCODE_BUTTON_6, scanCode=0, metaState=0, flags=0x28, repeatCount=0, eventTime=26823919, downTime=26823919, deviceId=-1, source=0x101 }
W/ViewRootImpl( 5727): Cancelling event due to no window focus: KeyEvent { action=ACTION_UP, keyCode=KEYCODE_BUTTON_6, scanCode=0, metaState=0, flags=0x28, repeatCount=0, eventTime=26823919, downTime=26823919, deviceId=-1, source=0x101 }
W/ViewRootImpl( 5727): Cancelling event due to no window focus: KeyEvent { action=ACTION_UP, keyCode=KEYCODE_DPAD_CENTER, scanCode=0, metaState=0, flags=0x28, repeatCount=0, eventTime=26823919, downTime=26823919, deviceId=-1, source=0x101 }
W/ViewRootImpl( 5727): Cancelling event due to no window focus: KeyEvent { action=ACTION_UP, keyCode=KEYCODE_DPAD_CENTER, scanCode=0, metaState=0, flags=0x28, repeatCount=0, eventTime=26823919, downTime=26823919, deviceId=-1, source=0x101 }
W/ViewRootImpl( 5727): Cancelling event due to no window focus: KeyEvent { action=ACTION_UP, keyCode=KEYCODE_DPAD_CENTER, scanCode=0, metaState=0, flags=0x28, repeatCount=0, eventTime=26823919, downTime=26823919, deviceId=-1, source=0x101 }
W/ViewRootImpl( 5727): Cancelling event due to no window focus: KeyEvent { action=ACTION_UP, keyCode=KEYCODE_DPAD_CENTER, scanCode=0, metaState=0, flags=0x28, repeatCount=0, eventTime=26823919, downTime=26823919, deviceId=-1, source=0x101 }
W/ViewRootImpl( 5727): Cancelling event due to no window focus: KeyEvent { action=ACTION_UP, keyCode=KEYCODE_DPAD_CENTER, scanCode=0, metaState=0, flags=0x28, repeatCount=0, eventTime=26823919, downTime=26823919, deviceId=-1, source=0x101 }
W/ViewRootImpl( 5727): Cancelling event due to no window focus: KeyEvent { action=ACTION_UP, keyCode=KEYCODE_DPAD_CENTER, scanCode=0, metaState=0, flags=0x28, repeatCount=0, eventTime=26823919, downTime=26823919, deviceId=-1, source=0x101 }
W/ViewRootImpl( 5727): Cancelling event due to no window focus: KeyEvent { action=ACTION_UP, keyCode=KEYCODE_DPAD_CENTER, scanCode=0, metaState=0, flags=0x28, repeatCount=0, eventTime=26823919, downTime=26823919, deviceId=-1, source=0x101 }
D/OkHttp  ( 5727): --> POST http://116.236.220.210:8084/appFixation/appFixationList?page=1&rows=10&sortField=default&sortType=asc&version=3 http/1.1
D/OkHttp  ( 5727): Content-Length: 0
W/ViewRootImpl( 5727): Cancelling event due to no window focus: KeyEvent { action=ACTION_UP, keyCode=KEYCODE_DPAD_CENTER, scanCode=0, metaState=0, flags=0x28, repeatCount=0, eventTime=26823919, downTime=26823919, deviceId=-1, source=0x101 }
D/OkHttp  ( 5727): RC-Bel-Key: bel.zhiwang.zzl
D/OkHttp  ( 5727): RC-Timestamp: 1512062492
W/ViewRootImpl( 5727): Cancelling event due to no window focus: KeyEvent { action=ACTION_UP, keyCode=KEYCODE_DPAD_CENTER, scanCode=0, metaState=0, flags=0x28, repeatCount=0, eventTime=26823919, downTime=26823919, deviceId=-1, source=0x101 }
D/OkHttp  ( 5727): RC-Nonce: 0f567f4e-2bdb-49a4-bd29-77f406ecb345
D/OkHttp  ( 5727): RC-Signature: dd928a0877086bd6d59b594b6b7159c0ec5d6f12
D/OkHttp  ( 5727): osType: Android
D/OkHttp  ( 5727): version: 2.4.0
D/OkHttp  ( 5727): --> END POST (0-byte body)
W/ViewRootImpl( 5727): Dropping event due to no window focus: KeyEvent { action=ACTION_DOWN, keyCode=KEYCODE_DPAD_CENTER, scanCode=0, metaState=0, flags=0x8, repeatCount=0, eventTime=26823978, downTime=26823978, deviceId=-1, source=0x101 }
W/ViewRootImpl( 5727): Cancelling event due to no window focus: KeyEvent { action=ACTION_UP, keyCode=KEYCODE_DPAD_CENTER, scanCode=0, metaState=0, flags=0x28, repeatCount=0, eventTime=26824226, downTime=26824226, deviceId=-1, source=0x101 }
W/ViewRootImpl( 5727): Cancelling event due to no window focus: KeyEvent { action=ACTION_UP, keyCode=KEYCODE_DPAD_CENTER, scanCode=0, metaState=0, flags=0x28, repeatCount=0, eventTime=26824226, downTime=26824226, deviceId=-1, source=0x101 }
W/ViewRootImpl( 5727): Cancelling event due to no window focus: KeyEvent { action=ACTION_UP, keyCode=KEYCODE_DPAD_CENTER, scanCode=0, metaState=0, flags=0x28, repeatCount=0, eventTime=26824226, downTime=26824226, deviceId=-1, source=0x101 }
W/ViewRootImpl( 5727): Cancelling event due to no window focus: KeyEvent { action=ACTION_UP, keyCode=KEYCODE_DPAD_CENTER, scanCode=0, metaState=0, flags=0x28, repeatCount=0, eventTime=26824226, downTime=26824226, deviceId=-1, source=0x101 }
W/ViewRootImpl( 5727): Cancelling event due to no window focus: KeyEvent { action=ACTION_UP, keyCode=KEYCODE_DPAD_CENTER, scanCode=0, metaState=0, flags=0x28, repeatCount=0, eventTime=26824226, downTime=26824226, deviceId=-1, source=0x101 }
W/ViewRootImpl( 5727): Cancelling event due to no window focus: KeyEvent { action=ACTION_UP, keyCode=KEYCODE_DPAD_CENTER, scanCode=0, metaState=0, flags=0x28, repeatCount=0, eventTime=26824226, downTime=26824226, deviceId=-1, source=0x101 }
W/ViewRootImpl( 5727): Cancelling event due to no window focus: KeyEvent { action=ACTION_UP, keyCode=KEYCODE_DPAD_CENTER, scanCode=0, metaState=0, flags=0x28, repeatCount=0, eventTime=26824226, downTime=26824226, deviceId=-1, source=0x101 }
W/ViewRootImpl( 5727): Cancelling event due to no window focus: KeyEvent { action=ACTION_UP, keyCode=KEYCODE_DPAD_CENTER, scanCode=0, metaState=0, flags=0x28, repeatCount=0, eventTime=26824226, downTime=26824226, deviceId=-1, source=0x101 }
W/ViewRootImpl( 5727): Cancelling event due to no window focus: KeyEvent { action=ACTION_UP, keyCode=KEYCODE_DPAD_CENTER, scanCode=0, metaState=0, flags=0x28, repeatCount=0, eventTime=26824226, downTime=26824226, deviceId=-1, source=0x101 }
W/ViewRootImpl( 5727): Dropping event due to no window focus: KeyEvent { action=ACTION_DOWN, keyCode=KEYCODE_MENU, scanCode=0, metaState=0, flags=0x8, repeatCount=0, eventTime=26824234, downTime=26824234, deviceId=-1, source=0x101 }
I/AppiumUnicodeIME(  756): onKeyDown (keyCode='20', event.keyCode='20', metaState='0')
I/AppiumUnicodeIME(  756): onKeyUp (keyCode='20', event.keyCode='20', metaState='0')
I/AppiumUnicodeIME(  756): onKeyDown (keyCode='20', event.keyCode='20', metaState='0')
I/AppiumUnicodeIME(  756): onKeyUp (keyCode='20', event.keyCode='20', metaState='0')
I/AppiumUnicodeIME(  756): onKeyDown (keyCode='20', event.keyCode='20', metaState='0')
I/AppiumUnicodeIME(  756): onKeyUp (keyCode='20', event.keyCode='20', metaState='0')
I/AppiumUnicodeIME(  756): onKeyDown (keyCode='20', event.keyCode='20', metaState='0')
I/AppiumUnicodeIME(  756): onKeyUp (keyCode='20', event.keyCode='20', metaState='0')
D/OkHttp  ( 5727): <-- 200 OK http://116.236.220.210:8084/appFixation/appFixationList?page=1&rows=10&sortField=default&sortType=asc&version=3 (43ms)
D/OkHttp  ( 5727): Server: Apache-Coyote/1.1
D/OkHttp  ( 5727): Set-Cookie: JSESSIONID=3ADC7C8819D520CBBD35689D3F146A8E; Path=/; HttpOnly
D/OkHttp  ( 5727): Content-Type: application/json;charset=utf-8
D/OkHttp  ( 5727): Content-Length: 7816
D/OkHttp  ( 5727): Date: Fri, 01 Dec 2017 08:14:11 GMT
D/OkHttp  ( 5727): {"total":"435","data":[{"matureTime":"2017-12-04 10:59:14","hasInvestAmt":0.0000,"orderNumber":"6_1201105913178371","rateDown":6.00,"investManageRate":0.37500000,"rateUp":12.00,"limitTime":"","remainingAmount":38711.0000,"rate":8.70,"left_periods":180,"onlineTime":"2017-12-01 10:59:47","periods":6,"payment":2,"id":"2c908a88600ff93d0160100381bc0039","proName":"6","prdTypeName":"","stepAmount":1000.00,"fullScaleCount":"0","createTime":"2017-12-01 10:59:13","tradeStatus":0,"progress":0.00,"bgPeriodsType":1,"contractMoney":38711.0000,"realyRate":8.70,"restAmt":38711.0000,"desc":""},{"matureTime":"2017-12-02 14:50:29","hasInvestAmt":1000.0000,"orderNumber":"6_1129145026176817","rateDown":6.00,"investManageRate":0.37500000,"rateUp":12.00,"limitTime":"","remainingAmount":37711.0000,"rate":8.70,"left_periods":180,"onlineTime":"2017-11-29 14:51:02","periods":6,"payment":2,"id":"2c908a886005c4c70160068a800f013b","proName":"6","prdTypeName":"","stepAmount":1000.00,"fullScaleCount":"1","createTime":"2017-11-29 14:50:28","tradeStatus":0,"progress":2.58,"bgPeriodsType":1,"contractMoney":38711.0000,"realyRate":8.70,"restAmt":37711.0000,"desc":""},{"matureTime":"2017-11-25 10:59:30","hasInvestAmt":38711.0000,"orderNumber":"6_1122105928175556","rateDown":6.00,"investManageRate":0.37500000,"rateUp":12.00,"limitTime":"","remainingAmount":0.0000,"rate":8.70,"left_periods":180,"onlineTime":"2017-11-22 11:00:04","periods":6,"payment":2,"id":"2c908a885fdd9300015fe1aa856c012f","proName":"6","prdTypeName":"","stepAmount":1000.00,"fullScaleCount":"1","expireTime":"2017-11-22 17:50:24","createTime":"2017-11-22 10:59:29","tradeStatus":3,"progress":100.00,"bgPeriodsType":1,"contractMoney":38711.0000,"realyRate":8.70,"restAmt":0.0000,"desc":""},{"matureTime":"2017-11-20 18:40:51","hasInvestAmt":38711.0000,"orderNumber":"6_1117184050171277","rateDown":6.00,"investManageRate":0.37500000,"rateUp":12.00,"limitTime":"","remainingAmount":0.0000,"rate":8.70,"left_periods":180,"onlineTime":"2017-11-17 18:41:25","periods":6,"payment":2,"id":"2c908a885fc8deb1015fc9911b1c01f5","proName":"6","prdTypeName":"","stepAmount":1000.00,"fullScaleCount":"5","expireTime":"2017-11-20 17:41:59","createTime":"2017-11-17 18:40:50","tradeStatus":3,"progress":100.00,"bgPeriodsType":1,"contractMoney":38711.0000,"realyRate":8.70,"restAmt":0.0000,"desc":""},{"matureTime":"2017-11-18 10:47:45","hasInvestAmt":38711.0000,"orderNumber":"3_1115104809170042","rateDown":6.00,"investManageRate":0.66500000,"rateUp":12.00,"limitTime":"","remainingAmount":0.0000,"rate":5.22,"left_periods":90,"onlineTime":"2017-11-15 10:48:18","periods":3,"payment":2,"id":"2c908a885fb930e4015fbd93a217018b","proName":"3","prdTypeName":"","stepAmount":1000.00,"fullScaleCount":"6","expireTime":"2017-11-17 17:33:33","createTime":"2017-11-15 10:48:09","trade
D/OkHttp  ( 5727): 15:01:20","hasInvestAmt":19057.0000,"orderNumber":"3_1010150146172077","rateDown":6.00,"investManageRate":0.66500000,"rateUp":12.00,"limitTime":"","remainingAmount":0.0000,"rate":5.22,"left_periods":90,"onlineTime":"2017-10-10 15:01:57","periods":3,"payment":2,"id":"2c908a885f04cd56015f0516e67f035d","proName":"3","prdTypeName":"","stepAmount":1000.00,"fullScaleCount":"2","expireTime":"2017-10-11 10:13:28","createTime":"2017-10-10 15:01:47","tradeStatus":3,"progress":100.00,"bgPeriodsType":1,"contractMoney":19057.0000,"realyRate":5.22,"restAmt":0.0000,"desc":"3"},{"matureTime":"2017-09-24 16:58:10","hasInvestAmt":13058.0000,"orderNumber":"_0921165625174378","rateDown":6.00,"investManageRate":0.10000000,"rateUp":12.00,"limitTime":"","remainingAmount":0.0000,"rate":10.80,"left_periods":90,"onlineTime":"2017-09-21 16:58:52","periods":3,"payment":2,"id":"402897385ea3832a015ea3a911f80022","proName":"","prdTypeName":"","stepAmount":100.00,"fullScaleCount":"2","expireTime":"2017-09-21 16:59:21","createTime":"2017-09-21 16:58:39","tradeStatus":3,"progress":100.00,"bgPeriodsType":1,"contractMoney":13058.0000,"realyRate":10.80,"restAmt":0.0000,"desc":""},{"matureTime":"2017-09-04 11:46:46","hasInvestAmt":38630.0000,"orderNumber":"6_0901114317175328","rateDown":6.00,"investManageRate":0.37500000,"rateUp":12.00,"limitTime":"","remainingAmount":0.0000,"rate":8.70,"left_periods":180,"onlineTime":"2017-09-01 11:45:08","periods":6,"payment":2,"id":"2c908a885e2b95bd015e3b8a5cb1212a","proName":"6","prdTypeName":"","stepAmount":1000.00,"fullScaleCount":"2","expireTime":"2017-09-01 16:11:15","createTime":"2017-09-01 11:44:37","tradeStatus":3,"progress":100.00,"bgPeriodsType":1,"contractMoney":38630.0000,"realyRate":8.70,"restAmt":0.0000,"desc":""},{"matureTime":"2017-12-04 15:43:21","hasInvestAmt":38711.0000,"orderNumber":"3_1201153821172867","rateDown":6.00,"investManageRate":0.66500000,"rateUp":12.00,"limitTime":"","remainingAmount":0.0000,"loanTime":"2017-12-01 15:45:01","rate":5.22,"left_periods":90,"repaymentDate":"2018-03-01","onlineTime":"2017-12-01 15:43:55","periods":3,"payment":2,"id":"2c908a886010afbc01601102ed5300a3","proName":"3","prdTypeName":"","stepAmount":1000.00,"fullScaleCount":"2","expireTime":"2017-12-01 15:45:01","createTime":"2017-12-01 15:38:12","tradeStatus":1,"progress":100.00,"bgPeriodsType":1,"contractMoney":38711.0000,"realyRate":5.22,"restAmt":0.0000,"desc":"3"}],"responseCode":"1","info":""}
D/OkHttp  ( 5727): <-- END HTTP (7816-byte body)
W/AudioTrack(  595): AUDIO_OUTPUT_FLAG_FAST denied by client
D/OkHttp  ( 5727): <-- 200 OK http://116.236.220.210:8084/appAccount/appMyAccount?userId=7ac76fc40a87449ca54f1e0649628e2e&bankAccount=6212461030000503429 (2239ms)
D/OkHttp  ( 5727): Server: Apache-Coyote/1.1
D/OkHttp  ( 5727): Set-Cookie: JSESSIONID=85F737EADFDEFC31F771CDD309E9199E; Path=/; HttpOnly
D/OkHttp  ( 5727): Content-Type: application/json;charset=UTF-8
D/OkHttp  ( 5727): Content-Length: 528
D/OkHttp  ( 5727): Date: Fri, 01 Dec 2017 08:14:11 GMT
D/OkHttp  ( 5727): {"appSignInActivityStatus":1,"noticesPrizeType":0,"todayBonusStatus":0,"interestTotal":"0.4","appOpenBonusStatus":1,"expDirTransferTotal":1000.00,"haveMeaasge":"0","signInDays":0,"responseCode":"1","availableBalance":"7498131.91","receivedPrinciaplTotal":"300","signInStatus":0,"bonusTotalAmount":0,"haveMoney":"0","haveScore":"","unUseVirtualTotal":0,"balance":"7676519.91","unReceivedInterestTotal":"16895.84","unReceivedPrinciaplTotal":"389110","expDirPrinciaplTotal":154844.00,"unReadMessageTotal":0,"firstScoreRecordId":""}
D/OkHttp  ( 5727): <-- END HTTP (528-byte body)
W/AudioTrack(  595): AUDIO_OUTPUT_FLAG_FAST denied by client
I/AppiumUnicodeIME(  756): onFinishInput
I/AppiumUnicodeIME(  756): onStartInput
I/art     (  595): Explicit concurrent mark sweep GC freed 17926(934KB) AllocSpace objects, 1(15KB) LOS objects, 33% free, 11MB/17MB, paused 495us total 29.880ms
W/InputEventReceiver( 5727): Attempted to finish an input event but the input event receiver has already been disposed.
W/ViewRootImpl( 5727): Dropping event due to root view being removed: MotionEvent { action=ACTION_POINTER_DOWN(1), id[0]=0, x[0]=105.873856, y[0]=-139.98346, toolType[0]=TOOL_TYPE_UNKNOWN, id[1]=1, x[1]=571.0, y[1]=588.0, toolType[1]=TOOL_TYPE_UNKNOWN, buttonState=0, metaState=0, flags=0x0, edgeFlags=0x0, pointerCount=2, historySize=0, eventTime=26824489, downTime=26824488, deviceId=0, source=0x1002 }
W/InputEventReceiver( 5727): Attempted to finish an input event but the input event receiver has already been disposed.
W/ViewRootImpl( 5727): Dropping event due to root view being removed: MotionEvent { action=ACTION_MOVE, id[0]=0, x[0]=116.93762, y[0]=-125.46533, toolType[0]=TOOL_TYPE_UNKNOWN, id[1]=1, x[1]=573.0085, y[1]=570.9292, toolType[1]=TOOL_TYPE_UNKNOWN, buttonState=0, metaState=0, flags=0x0, edgeFlags=0x0, pointerCount=2, historySize=1, eventTime=26824490, downTime=26824488, deviceId=0, source=0x1002 }
W/InputEventReceiver( 5727): Attempted to finish an input event but the input event receiver has already been disposed.
W/ViewRootImpl( 5727): Dropping event due to root view being removed: MotionEvent { action=ACTION_POINTER_UP(1), id[0]=0, x[0]=118.09404, y[0]=-110.42563, toolType[0]=TOOL_TYPE_UNKNOWN, id[1]=1, x[1]=574.19135, y[1]=547.70044, toolType[1]=TOOL_TYPE_UNKNOWN, buttonState=0, metaState=0, flags=0x0, edgeFlags=0x0, pointerCount=2, historySize=0, eventTime=26824491, downTime=26824488, deviceId=0, source=0x1002 }
W/InputEventReceiver( 5727): Attempted to finish an input event but the input event receiver has already been disposed.
W/ViewRootImpl( 5727): Dropping event due to root view being removed: MotionEvent { action=ACTION_UP, id[0]=0, x[0]=129.04556, y[0]=-97.50125, toolType[0]=TOOL_TYPE_UNKNOWN, buttonState=0, metaState=0, flags=0x0, edgeFlags=0x0, pointerCount=1, historySize=0, eventTime=26824491, downTime=26824488, deviceId=0, source=0x1002 }
W/InputEventReceiver( 5727): Attempted to finish an input event but the input event receiver has already been disposed.
W/ViewRootImpl( 5727): Dropping event due to root view being removed: MotionEvent { action=ACTION_DOWN, id[0]=0, x[0]=505.0, y[0]=-29.0, toolType[0]=TOOL_TYPE_UNKNOWN, buttonState=0, metaState=0, flags=0x0, edgeFlags=0x0, pointerCount=1, historySize=0, eventTime=26824497, downTime=26824497, deviceId=0, source=0x1002 }
W/InputEventReceiver( 5727): Attempted to finish an input event but the input event receiver has already been disposed.
W/ViewRootImpl( 5727): Dropping event due to root view being removed: MotionEvent { action=ACTION_MOVE, id[0]=0, x[0]=486.26718, y[0]=24.400726, toolType[0]=TOOL_TYPE_UNKNOWN, buttonState=0, metaState=0, flags=0x0, edgeFlags=0x0, pointerCount=1, historySize=2, eventTime=26824501, downTime=26824497, deviceId=0, source=0x1002 }
W/InputEventReceiver( 5727): Attempted to finish an input event but the input event receiver has already been disposed.
W/ViewRootImpl( 5727): Dropping event due to root view being removed: MotionEvent { action=ACTION_UP, id[0]=0, x[0]=481.91287, y[0]=30.572937, toolType[0]=TOOL_TYPE_UNKNOWN, buttonState=0, metaState=0, flags=0x0, edgeFlags=0x0, pointerCount=1, historySize=0, eventTime=26824502, downTime=26824497, deviceId=0, source=0x1002 }
W/InputEventReceiver( 5727): Attempted to finish an input event but the input event receiver has already been disposed.
W/ViewRootImpl( 5727): Dropping event due to root view being removed: MotionEvent { action=ACTION_MOVE, id[0]=0, x[0]=-5.0, y[0]=-1.0, toolType[0]=TOOL_TYPE_UNKNOWN, buttonState=0, metaState=0, flags=0x0, edgeFlags=0x0, pointerCount=1, historySize=9, eventTime=26824487, downTime=-1, deviceId=0, source=0x10004 }
W/InputEventReceiver( 5727): Attempted to finish an input event but the input event receiver has already been disposed.
W/ViewRootImpl( 5727): Dropping event due to no window focus: KeyEvent { action=ACTION_DOWN, keyCode=KEYCODE_DPAD_UP, scanCode=0, metaState=0, flags=0x8, repeatCount=0, eventTime=26824503, downTime=26824503, deviceId=-1, source=0x101 }
W/ViewRootImpl( 5727): Cancelling event due to no window focus: KeyEvent { action=ACTION_UP, keyCode=KEYCODE_DPAD_UP, scanCode=0, metaState=0, flags=0x28, repeatCount=0, eventTime=26824555, downTime=26824555, deviceId=-1, source=0x101 }
W/ViewRootImpl( 5727): Cancelling event due to no window focus: KeyEvent { action=ACTION_UP, keyCode=KEYCODE_DPAD_UP, scanCode=0, metaState=0, flags=0x28, repeatCount=0, eventTime=26824555, downTime=26824555, deviceId=-1, source=0x101 }
W/ViewRootImpl( 5727): Cancelling event due to no window focus: KeyEvent { action=ACTION_UP, keyCode=KEYCODE_DPAD_UP, scanCode=0, metaState=0, flags=0x28, repeatCount=0, eventTime=26824555, downTime=26824555, deviceId=-1, source=0x101 }
I/AppiumUnicodeIME(  756): onKeyUp (keyCode='19', event.keyCode='19', metaState='0')
W/ViewRootImpl( 5727): Cancelling event due to no window focus: KeyEvent { action=ACTION_UP, keyCode=KEYCODE_DPAD_UP, scanCode=0, metaState=0, flags=0x28, repeatCount=0, eventTime=26824555, downTime=26824555, deviceId=-1, source=0x101 }
W/ViewRootImpl( 5727): Cancelling event due to no window focus: KeyEvent { action=ACTION_UP, keyCode=KEYCODE_DPAD_UP, scanCode=0, metaState=0, flags=0x28, repeatCount=0, eventTime=26824555, downTime=26824555, deviceId=-1, source=0x101 }
W/ViewRootImpl( 5727): Cancelling event due to no window focus: KeyEvent { action=ACTION_UP, keyCode=KEYCODE_DPAD_UP, scanCode=0, metaState=0, flags=0x28, repeatCount=0, eventTime=26824555, downTime=26824555, deviceId=-1, source=0x101 }
W/ViewRootImpl( 5727): Cancelling event due to no window focus: KeyEvent { action=ACTION_UP, keyCode=KEYCODE_DPAD_UP, scanCode=0, metaState=0, flags=0x28, repeatCount=0, eventTime=26824555, downTime=26824555, deviceId=-1, source=0x101 }
W/ViewRootImpl( 5727): Cancelling event due to no window focus: KeyEvent { action=ACTION_UP, keyCode=KEYCODE_DPAD_UP, scanCode=0, metaState=0, flags=0x28, repeatCount=0, eventTime=26824555, downTime=26824555, deviceId=-1, source=0x101 }
W/ViewRootImpl( 5727): Cancelling event due to no window focus: KeyEvent { action=ACTION_UP, keyCode=KEYCODE_DPAD_UP, scanCode=0, metaState=0, flags=0x28, repeatCount=0, eventTime=26824555, downTime=26824555, deviceId=-1, source=0x101 }
W/ViewRootImpl( 5727): Dropping event due to no window focus: KeyEvent { action=ACTION_DOWN, keyCode=KEYCODE_F1, scanCode=0, metaState=0, flags=0x8, repeatCount=0, eventTime=26824559, downTime=26824559, deviceId=-1, source=0x101 }
W/ViewRootImpl( 5727): Cancelling event due to no window focus: KeyEvent { action=ACTION_UP, keyCode=KEYCODE_F1, scanCode=0, metaState=0, flags=0x28, repeatCount=0, eventTime=26824640, downTime=26824640, deviceId=-1, source=0x101 }
W/ViewRootImpl( 5727): Cancelling event due to no window focus: KeyEvent { action=ACTION_UP, keyCode=KEYCODE_F1, scanCode=0, metaState=0, flags=0x28, repeatCount=0, eventTime=26824640, downTime=26824640, deviceId=-1, source=0x101 }
W/ViewRootImpl( 5727): Cancelling event due to no window focus: KeyEvent { action=ACTION_UP, keyCode=KEYCODE_F1, scanCode=0, metaState=0, flags=0x28, repeatCount=0, eventTime=26824640, downTime=26824640, deviceId=-1, source=0x101 }
I/AppiumUnicodeIME(  756): onKeyUp (keyCode='131', event.keyCode='131', metaState='0')
W/ViewRootImpl( 5727): Cancelling event due to no window focus: KeyEvent { action=ACTION_UP, keyCode=KEYCODE_F1, scanCode=0, metaState=0, flags=0x28, repeatCount=0, eventTime=26824640, downTime=26824640, deviceId=-1, source=0x101 }
W/ViewRootImpl( 5727): Cancelling event due to no window focus: KeyEvent { action=ACTION_UP, keyCode=KEYCODE_F1, scanCode=0, metaState=0, flags=0x28, repeatCount=0, eventTime=26824640, downTime=26824640, deviceId=-1, source=0x101 }
W/ViewRootImpl( 5727): Cancelling event due to no window focus: KeyEvent { action=ACTION_UP, keyCode=KEYCODE_F1, scanCode=0, metaState=0, flags=0x28, repeatCount=0, eventTime=26824640, downTime=26824640, deviceId=-1, source=0x101 }
W/ViewRootImpl( 5727): Cancelling event due to no window focus: KeyEvent { action=ACTION_UP, keyCode=KEYCODE_F1, scanCode=0, metaState=0, flags=0x28, repeatCount=0, eventTime=26824640, downTime=26824640, deviceId=-1, source=0x101 }
W/ViewRootImpl( 5727): Cancelling event due to no window focus: KeyEvent { action=ACTION_UP, keyCode=KEYCODE_F1, scanCode=0, metaState=0, flags=0x28, repeatCount=0, eventTime=26824640, downTime=26824640, deviceId=-1, source=0x101 }
W/ViewRootImpl( 5727): Cancelling event due to no window focus: KeyEvent { action=ACTION_UP, keyCode=KEYCODE_F1, scanCode=0, metaState=0, flags=0x28, repeatCount=0, eventTime=26824640, downTime=26824640, deviceId=-1, source=0x101 }
W/InputMethodManagerService(  595): Window already focused, ignoring focus gain of: com.android.internal.view.IInputMethodClient$Stub$Proxy@2ae7b482 attribute=android.view.inputmethod.EditorInfo@3c33a793, token = android.os.BinderProxy@3af76a1e
I/AppiumUnicodeIME(  756): onFinishInput
I/AppiumUnicodeIME(  756): onStartInput
I/AppiumUnicodeIME(  756): onKeyDown (keyCode='203', event.keyCode='203', metaState='0')
I/AppiumUnicodeIME(  756): onKeyDown (keyCode='23', event.keyCode='23', metaState='0')
D/OkHttp  ( 5727): <-- 200 OK http://116.236.220.210:8084/appAccount/appMyAccount?userId=7ac76fc40a87449ca54f1e0649628e2e&bankAccount=6212461030000503429 (2014ms)
D/OkHttp  ( 5727): Server: Apache-Coyote/1.1
D/OkHttp  ( 5727): Set-Cookie: JSESSIONID=1D4DCC0A38190526754CE74E482C9075; Path=/; HttpOnly
D/OkHttp  ( 5727): Content-Type: application/json;charset=UTF-8
D/OkHttp  ( 5727): Content-Length: 528
D/OkHttp  ( 5727): Date: Fri, 01 Dec 2017 08:14:11 GMT
D/OkHttp  ( 5727): {"appSignInActivityStatus":1,"noticesPrizeType":0,"todayBonusStatus":0,"interestTotal":"0.4","appOpenBonusStatus":1,"expDirTransferTotal":1000.00,"haveMeaasge":"0","signInDays":0,"responseCode":"1","availableBalance":"7498131.91","receivedPrinciaplTotal":"300","signInStatus":0,"bonusTotalAmount":0,"haveMoney":"0","haveScore":"","unUseVirtualTotal":0,"balance":"7676519.91","unReceivedInterestTotal":"16895.84","unReceivedPrinciaplTotal":"389110","expDirPrinciaplTotal":154844.00,"unReadMessageTotal":0,"firstScoreRecordId":""}
D/OkHttp  ( 5727): <-- END HTTP (528-byte body)
I/AppiumUnicodeIME(  756): onKeyUp (keyCode='203', event.keyCode='203', metaState='0')
V/WindowManager(  595): not Base app: Adding window Window{8e03fc9 u0 com.zzl.falcon.internal/com.zzl.falcon.MainActivity} at 3 of 8
W/ViewRootImpl( 5727): Dropping event due to no window focus: KeyEvent { action=ACTION_DOWN, keyCode=KEYCODE_DPAD_RIGHT, scanCode=0, metaState=0, flags=0x8, repeatCount=0, eventTime=26824873, downTime=26824873, deviceId=-1, source=0x101 }
I/AppiumUnicodeIME(  756): onKeyUp (keyCode='23', event.keyCode='23', metaState='0')
I/AppiumUnicodeIME(  756): onFinishInput
I/AppiumUnicodeIME(  756): onStartInput
W/ViewRootImpl( 5727): Cancelling event due to no window focus: KeyEvent { action=ACTION_UP, keyCode=KEYCODE_DPAD_RIGHT, scanCode=0, metaState=0, flags=0x28, repeatCount=0, eventTime=26824920, downTime=26824920, deviceId=-1, source=0x101 }
W/ViewRootImpl( 5727): Cancelling event due to no window focus: KeyEvent { action=ACTION_UP, keyCode=KEYCODE_DPAD_RIGHT, scanCode=0, metaState=0, flags=0x28, repeatCount=0, eventTime=26824920, downTime=26824920, deviceId=-1, source=0x101 }
W/ViewRootImpl( 5727): Cancelling event due to no window focus: KeyEvent { action=ACTION_UP, keyCode=KEYCODE_DPAD_RIGHT, scanCode=0, metaState=0, flags=0x28, repeatCount=0, eventTime=26824920, downTime=26824920, deviceId=-1, source=0x101 }
W/ViewRootImpl( 5727): Cancelling event due to no window focus: KeyEvent { action=ACTION_UP, keyCode=KEYCODE_DPAD_RIGHT, scanCode=0, metaState=0, flags=0x28, repeatCount=0, eventTime=26824920, downTime=26824920, deviceId=-1, source=0x101 }
W/ViewRootImpl( 5727): Cancelling event due to no window focus: KeyEvent { action=ACTION_UP, keyCode=KEYCODE_DPAD_RIGHT, scanCode=0, metaState=0, flags=0x28, repeatCount=0, eventTime=26824920, downTime=26824920, deviceId=-1, source=0x101 }
W/ViewRootImpl( 5727): Cancelling event due to no window focus: KeyEvent { action=ACTION_UP, keyCode=KEYCODE_DPAD_RIGHT, scanCode=0, metaState=0, flags=0x28, repeatCount=0, eventTime=26824920, downTime=26824920, deviceId=-1, source=0x101 }
W/ViewRootImpl( 5727): Cancelling event due to no window focus: KeyEvent { action=ACTION_UP, keyCode=KEYCODE_DPAD_RIGHT, scanCode=0, metaState=0, flags=0x28, repeatCount=0, eventTime=26824920, downTime=26824920, deviceId=-1, source=0x101 }
W/ViewRootImpl( 5727): Cancelling event due to no window focus: KeyEvent { action=ACTION_UP, keyCode=KEYCODE_DPAD_RIGHT, scanCode=0, metaState=0, flags=0x28, repeatCount=0, eventTime=26824920, downTime=26824920, deviceId=-1, source=0x101 }
W/ViewRootImpl( 5727): Cancelling event due to no window focus: KeyEvent { action=ACTION_UP, keyCode=KEYCODE_DPAD_RIGHT, scanCode=0, metaState=0, flags=0x28, repeatCount=0, eventTime=26824920, downTime=26824920, deviceId=-1, source=0x101 }
W/EGL_emulation( 5727): eglSurfaceAttrib not implemented
W/OpenGLRenderer( 5727): Failed to set EGL_SWAP_BEHAVIOR on surface 0xdf0e0200, error=EGL_SUCCESS
W/ViewRootImpl( 5727): Dropping event due to no window focus: KeyEvent { action=ACTION_DOWN, keyCode=KEYCODE_DPAD_DOWN, scanCode=0, metaState=0, flags=0x8, repeatCount=0, eventTime=26824922, downTime=26824922, deviceId=-1, source=0x101 }
W/ViewRootImpl( 5727): Cancelling event due to no window focus: KeyEvent { action=ACTION_UP, keyCode=KEYCODE_DPAD_DOWN, scanCode=0, metaState=0, flags=0x28, repeatCount=0, eventTime=26824926, downTime=26824926, deviceId=-1, source=0x101 }
W/ViewRootImpl( 5727): Cancelling event due to no window focus: KeyEvent { action=ACTION_UP, keyCode=KEYCODE_DPAD_DOWN, scanCode=0, metaState=0, flags=0x28, repeatCount=0, eventTime=26824926, downTime=26824926, deviceId=-1, source=0x101 }
W/ViewRootImpl( 5727): Cancelling event due to no window focus: KeyEvent { action=ACTION_UP, keyCode=KEYCODE_DPAD_DOWN, scanCode=0, metaState=0, flags=0x28, repeatCount=0, eventTime=26824926, downTime=26824926, deviceId=-1, source=0x101 }
W/ViewRootImpl( 5727): Cancelling event due to no window focus: KeyEvent { action=ACTION_UP, keyCode=KEYCODE_DPAD_DOWN, scanCode=0, metaState=0, flags=0x28, repeatCount=0, eventTime=26824926, downTime=26824926, deviceId=-1, source=0x101 }
W/ViewRootImpl( 5727): Cancelling event due to no window focus: KeyEvent { action=ACTION_UP, keyCode=KEYCODE_DPAD_DOWN, scanCode=0, metaState=0, flags=0x28, repeatCount=0, eventTime=26824926, downTime=26824926, deviceId=-1, source=0x101 }
W/ViewRootImpl( 5727): Cancelling event due to no window focus: KeyEvent { action=ACTION_UP, keyCode=KEYCODE_DPAD_DOWN, scanCode=0, metaState=0, flags=0x28, repeatCount=0, eventTime=26824926, downTime=26824926, deviceId=-1, source=0x101 }
W/ViewRootImpl( 5727): Cancelling event due to no window focus: KeyEvent { action=ACTION_UP, keyCode=KEYCODE_DPAD_DOWN, scanCode=0, metaState=0, flags=0x28, repeatCount=0, eventTime=26824926, downTime=26824926, deviceId=-1, source=0x101 }
W/ViewRootImpl( 5727): Cancelling event due to no window focus: KeyEvent { action=ACTION_UP, keyCode=KEYCODE_DPAD_DOWN, scanCode=0, metaState=0, flags=0x28, repeatCount=0, eventTime=26824926, downTime=26824926, deviceId=-1, source=0x101 }
W/ViewRootImpl( 5727): Cancelling event due to no window focus: KeyEvent { action=ACTION_UP, keyCode=KEYCODE_DPAD_DOWN, scanCode=0, metaState=0, flags=0x28, repeatCount=0, eventTime=26824926, downTime=26824926, deviceId=-1, source=0x101 }
W/ViewRootImpl( 5727): Dropping event due to no window focus: KeyEvent { action=ACTION_DOWN, keyCode=KEYCODE_DPAD_CENTER, scanCode=0, metaState=0, flags=0x8, repeatCount=0, eventTime=26825088, downTime=26825088, deviceId=-1, source=0x101 }
I/AppiumUnicodeIME(  756): onKeyDown (keyCode='21', event.keyCode='21', metaState='0')
I/AppiumUnicodeIME(  756): onKeyUp (keyCode='21', event.keyCode='21', metaState='0')
I/AppiumUnicodeIME(  756): onKeyDown (keyCode='21', event.keyCode='21', metaState='0')
I/AppiumUnicodeIME(  756): onKeyUp (keyCode='21', event.keyCode='21', metaState='0')
W/AudioTrack(  595): AUDIO_OUTPUT_FLAG_FAST denied by client
I/AppiumUnicodeIME(  756): onFinishInput
I/AppiumUnicodeIME(  756): onStartInput
