D/accs.NetworkThread_umeng:56aadbf567e58e38d4000976( 5387):  ready to get message
D/accs.NetworkThread_umeng:56aadbf567e58e38d4000976( 5387):  no message, wait
D/awcn.DefaultHeartbeatImpl( 5312): |[seq:umeng:56aadbf567e58e38d4000976.AWCN2_2] heartbeat session:Session@[umeng:56aadbf567e58e38d4000976.AWCN2_2|spdy_0rtt_acs]
D/awcn.TnetSpdySession( 5312): |[seq:umeng:56aadbf567e58e38d4000976.AWCN2_2] ping host:https://umengacs.m.taobao.com thread:AWCN Scheduler1
D/awcn.TnetSpdySession( 5312): |[seq:umeng:56aadbf567e58e38d4000976.AWCN2_2] https://umengacs.m.taobao.com submit ping ms:45048 force:true
D/awcn.DefaultHeartbeatImpl( 5312): |[seq:umeng:56aadbf567e58e38d4000976.AWCN2_2] reSchedule session:Session@[umeng:56aadbf567e58e38d4000976.AWCN2_2|spdy_0rtt_acs] delay:45052
I/awcn.TnetSpdySession( 5312): |[seq:umeng:56aadbf567e58e38d4000976.AWCN2_2] ping receive Host:https://umengacs.m.taobao.com id:1
D/AndroidRuntime( 5452): >>>>>> START com.android.internal.os.RuntimeInit uid 0 <<<<<<
D/AndroidRuntime( 5452): CheckJNI is OFF
E/memtrack( 5452): Couldn't load memtrack module (No such file or directory)
E/android.os.Debug( 5452): failed to load memtrack module: -2
D/AndroidRuntime( 5452): Calling main entry com.android.commands.pm.Pm
E/libprocessgroup( 5466): failed to make and chown /acct/uid_10003: Read-only file system
W/Zygote  ( 5466): createProcessGroup failed, kernel missing CONFIG_CGROUP_CPUACCT?
I/ActivityManager(  595): Start proc 5466:com.android.defcontainer/u0a3 for service com.android.defcontainer/.DefaultContainerService
D/DefContainer( 5466): Copying /data/local/tmp/settings_apk-debug.apk to base.apk
I/PackageParser(  595): io.appium.settings: compat added android.permission.WRITE_EXTERNAL_STORAGE
D/PackageManager(  595): Renaming /data/app/vmdl1567738785.tmp to /data/app/io.appium.settings-2
W/PackageManager(  595): Attempt to re-install io.appium.settings without first uninstalling.
I/art     (  595): Explicit concurrent mark sweep GC freed 54376(3MB) AllocSpace objects, 8(688KB) LOS objects, 33% free, 9MB/14MB, paused 1.411ms total 54.099ms
I/art     ( 5452): System.exit called, status: 1
I/AndroidRuntime( 5452): VM exiting with result code 1.
D/AndroidRuntime( 5490): >>>>>> START com.android.internal.os.RuntimeInit uid 0 <<<<<<
D/AndroidRuntime( 5490): CheckJNI is OFF
E/memtrack( 5490): Couldn't load memtrack module (No such file or directory)
E/android.os.Debug( 5490): failed to load memtrack module: -2
D/AndroidRuntime( 5490): Calling main entry com.android.commands.pm.Pm
D/DefContainer( 5466): Copying /data/local/tmp/unlock_apk-debug.apk to base.apk
D/PackageManager(  595): Renaming /data/app/vmdl1554697804.tmp to /data/app/io.appium.unlock-2
W/PackageManager(  595): Attempt to re-install io.appium.unlock without first uninstalling.
I/art     (  595): Explicit concurrent mark sweep GC freed 7448(421KB) AllocSpace objects, 2(32KB) LOS objects, 33% free, 9MB/14MB, paused 823us total 24.219ms
I/art     ( 5490): System.exit called, status: 1
I/AndroidRuntime( 5490): VM exiting with result code 1.
D/AndroidRuntime( 5510): >>>>>> START com.android.internal.os.RuntimeInit uid 0 <<<<<<
D/AndroidRuntime( 5510): CheckJNI is OFF
E/memtrack( 5510): Couldn't load memtrack module (No such file or directory)
E/android.os.Debug( 5510): failed to load memtrack module: -2
D/AndroidRuntime( 5510): Calling main entry com.android.commands.uiautomator.Launcher
I/UiWatchers( 5510): Registed GUI Exception watchers
D/AndroidRuntime( 5531): >>>>>> START com.android.internal.os.RuntimeInit uid 0 <<<<<<
D/AndroidRuntime( 5531): CheckJNI is OFF
E/memtrack( 5531): Couldn't load memtrack module (No such file or directory)
E/android.os.Debug( 5531): failed to load memtrack module: -2
D/AndroidRuntime( 5531): Calling main entry com.android.commands.am.Am
I/ActivityManager(  595): Force stopping com.zzl.falcon.internal appid=10099 user=0: from pid 5531
I/ActivityManager(  595): Killing 5312:com.zzl.falcon.internal/u0a99 (adj 0): stop com.zzl.falcon.internal
W/libprocessgroup(  595): failed to open /acct/uid_10099/pid_5312/cgroup.procs: No such file or directory
W/ActivityManager(  595): Scheduling restart of crashed service com.zzl.falcon.internal/com.taobao.accs.data.MsgDistributeService in 1000ms
W/ActivityManager(  595): Force removing ActivityRecord{d7fa231 u0 com.zzl.falcon.internal/com.zzl.falcon.MainActivity t181}: app died, no saved state
I/ActivityManager(  595): Killing 5387:com.zzl.falcon.internal:channel/u0a99 (adj 5): stop com.zzl.falcon.internal
W/libprocessgroup(  595): failed to open /acct/uid_10099/pid_5387/cgroup.procs: No such file or directory
W/ActivityManager(  595): Scheduling restart of crashed service com.zzl.falcon.internal/com.taobao.accs.ChannelService in 1000ms
I/ActivityManager(  595):   Force stopping service ServiceRecord{24e0e0e4 u0 com.zzl.falcon.internal/com.taobao.accs.ChannelService}
D/WifiService(  595): Client connection lost with reason: 4
W/InputDispatcher(  595): channel '15f13c95 com.zzl.falcon.internal/com.zzl.falcon.MainActivity (server)' ~ Consumer closed input channel or an error occurred.  events=0x9
E/InputDispatcher(  595): channel '15f13c95 com.zzl.falcon.internal/com.zzl.falcon.MainActivity (server)' ~ Channel is unrecoverably broken and will be disposed!
W/InputDispatcher(  595): channel '3157499e com.zzl.falcon.internal/com.zzl.falcon.MainActivity (server)' ~ Consumer closed input channel or an error occurred.  events=0x9
E/InputDispatcher(  595): channel '3157499e com.zzl.falcon.internal/com.zzl.falcon.MainActivity (server)' ~ Channel is unrecoverably broken and will be disposed!
D/WifiService(  595): Client connection lost with reason: 4
I/WindowState(  595): WIN DEATH: Window{3157499e u0 com.zzl.falcon.internal/com.zzl.falcon.MainActivity}
W/InputDispatcher(  595): Attempted to unregister already unregistered input channel '3157499e com.zzl.falcon.internal/com.zzl.falcon.MainActivity (server)'
I/WindowState(  595): WIN DEATH: Window{15f13c95 u0 com.zzl.falcon.internal/com.zzl.falcon.MainActivity}
W/InputDispatcher(  595): Attempted to unregister already unregistered input channel '15f13c95 com.zzl.falcon.internal/com.zzl.falcon.MainActivity (server)'
W/EGL_emulation(  855): eglSurfaceAttrib not implemented
W/OpenGLRenderer(  855): Failed to set EGL_SWAP_BEHAVIOR on surface 0xe101a2c0, error=EGL_SUCCESS
W/InputMethodManagerService(  595): Got RemoteException sending setActive(false) notification to pid 5312 uid 10099
I/AppiumUnicodeIME(  756): onFinishInput
I/AppiumUnicodeIME(  756): onStartInput
I/ActivityManager(  595): START u0 {act=android.intent.action.MAIN cat=[android.intent.category.LAUNCHER] flg=0x10200000 cmp=com.zzl.falcon.internal/com.zzl.falcon.MainActivity} from uid 0 on display 0
V/WindowManager(  595): addAppToken: AppWindowToken{8c028e3 token=Token{2bdb2912 ActivityRecord{1376e374 u0 com.zzl.falcon.internal/com.zzl.falcon.MainActivity t182}}} to stack=1 task=182 at 0
D/AndroidRuntime( 5531): Shutting down VM
V/WindowManager(  595): Adding window Window{1faec86a u0 Starting com.zzl.falcon.internal} at 2 of 7 (after Window{2534a5a5 u0 com.android.launcher3/com.android.launcher3.Launcher})
E/libprocessgroup( 5546): failed to make and chown /acct/uid_10099: Read-only file system
W/Zygote  ( 5546): createProcessGroup failed, kernel missing CONFIG_CGROUP_CPUACCT?
I/art     ( 5546): Late-enabling -Xcheck:jni
I/ActivityManager(  595): Start proc 5546:com.zzl.falcon.internal/u0a99 for activity com.zzl.falcon.internal/com.zzl.falcon.MainActivity
I/art     ( 5546): Rejecting re-init on previously-failed class java.lang.Class<com.taobao.accs.utl.i$a>
I/art     ( 5546): Rejecting re-init on previously-failed class java.lang.Class<com.taobao.accs.utl.i$a>
D/FileCheckUtils( 5546): st.getAvailableBlocks()=1197957,st.getAvailableBlocks() * blockSize=4906831872
D/WifiService(  595): New client listening to asynchronous messages
I/art     ( 5546): Background sticky concurrent mark sweep GC freed 2199(90KB) AllocSpace objects, 0(0B) LOS objects, 5% free, 1950KB/2MB, paused 6.822ms total 17.219ms
I/WebViewFactory( 5546): Loading com.android.webview version 39 (eng.genymotion-x86) (code 399997)
I/LibraryLoader( 5546): Time to load native libraries: 14 ms (timestamps 9259-9273)
I/LibraryLoader( 5546): Expected native library version number "",actual native library version number ""
W/art     ( 5546): Attempt to remove local handle scope entry from IRT, ignoring
I/art     ( 5546): Rejecting re-init on previously-failed class java.lang.Class<com.taobao.accs.utl.k>
I/art     ( 5546): Rejecting re-init on previously-failed class java.lang.Class<com.taobao.accs.utl.k>
D/ForegroundCallbacks( 5546): went foreground
D/OpenGLRenderer( 5546): Use EGL_SWAP_BEHAVIOR_PRESERVED: true
D/        ( 5546): HostConnection::get() New Host Connection established 0xf3fc0490, tid 5546
D/Atlas   ( 5546): Validating map...
V/WindowManager(  595): Adding window Window{17b12bd4 u0 com.zzl.falcon.internal/com.zzl.falcon.MainActivity} at 2 of 8 (before Window{1faec86a u0 Starting com.zzl.falcon.internal})
D/com.umeng.message.PushAgent( 5546): The AndroidManifest config is right
E/umengsocial( 5546): ----sdkversion:6.4.4---
E/umengsocial( 5546):  debug:APPIDConfig.DEBUG = true
E/umengsocial( 5546): https://at.umeng.com/0fqeCy?cid=476
D/6.4.4net_test----( 5546): URequest  = com.umeng.socialize.net.stats.DauStatsRequest
D/6.4.4net_test----( 5546): urlPath=https://stats.umsns.com/sdkstats?  SocializeNetUtils url=md5imei=5284047F4FFB4E04824A2FD1D1F0CD62&ak=56aadbf567e58e38d4000976&de=Google+Nexus+4+-+5.1.0+-+API+22+-+768x1280&ek=c695ac60ec599dfabf90399f248ea020&imei=000000000000000&test=0&ni=1&useshareview=true&isjump=false&sdkv=6.4.4&android_id=94c8b0577e2215e7&pcv=2.0&mac=08%3A00%3A27%3Aa7%3Afe%3A60&sn=unknown&pkname=com.zzl.falcon.internal&os=Android&stats_type=dau&opid=0&isauth=false&isshare=false&en=Wi-Fi&uid=528447f4ffb4e4824a2fd1d1fcd62&tp=1&os_version=5.1&u_sharetype=native&dt=1512062227509
I/accs.Utils( 5546):  setMode mode:0
I/accs.AccsClientConfig_umeng:56aadbf567e58e38d4000976( 5546):  build config:AccsClientConfig{mAppKey=umeng:56aadbf567e58e38d4000976, mAppSecret=de6c6ea9227d256e20df4f0cf58d1c9d, mInappHost=umengacs.m.taobao.com, mChannelHost=umengjmacs.m.taobao.com, mSecurity=2, mAuthCode=null, mInappPubKey=11, mChannelPubKey=11, mKeepalive=true, mAutoUnit=false, mConfigEnv=0, mTag=umeng:56aadbf567e58e38d4000976, mDisableChannel=false
I/accs.ACCSClient( 5546):  init config:AccsClientConfig{mAppKey=umeng:56aadbf567e58e38d4000976, mAppSecret=de6c6ea9227d256e20df4f0cf58d1c9d, mInappHost=umengacs.m.taobao.com, mChannelHost=umengjmacs.m.taobao.com, mSecurity=2, mAuthCode=null, mInappPubKey=11, mChannelPubKey=11, mKeepalive=true, mAutoUnit=false, mConfigEnv=0, mTag=umeng:56aadbf567e58e38d4000976, mDisableChannel=false
I/accs.TaobaoRegister( 5546):  register appKey:umeng:56aadbf567e58e38d4000976 configTag:umeng:56aadbf567e58e38d4000976
I/accs.Config( 5546):  setAgooAppKey appkey:umeng:56aadbf567e58e38d4000976
I/accs.TaobaoRegister( 5546):  config exist config:AccsClientConfig{mAppKey=umeng:56aadbf567e58e38d4000976, mAppSecret=de6c6ea9227d256e20df4f0cf58d1c9d, mInappHost=umengacs.m.taobao.com, mChannelHost=umengjmacs.m.taobao.com, mSecurity=2, mAuthCode=null, mInappPubKey=11, mChannelPubKey=11, mKeepalive=true, mAutoUnit=false, mConfigEnv=0, mTag=umeng:56aadbf567e58e38d4000976, mDisableChannel=false
W/accs.ACCSManager( 5546):  new accs instance configTag:umeng:56aadbf567e58e38d4000976
D/accs.MsgRecv_umeng:56aadbf567e58e38d4000976( 5546):  message file not exist
D/FileCheckUtils( 5546): st.getAvailableBlocks()=1197957,st.getAvailableBlocks() * blockSize=4906831872
W/accs.OrangeAdapter( 5546):  no orange sdk
I/accs.OrangeAdapter( 5546):  isTnetLogOff result:true
D/accs.ACCSMgrImpl_umeng:56aadbf567e58e38d4000976( 5546):  bindApp APPKEY:umeng:56aadbf567e58e38d4000976
D/accs.UtilityImpl( 5546):  enableService,comptName=ComponentInfo{com.zzl.falcon.internal/com.taobao.accs.ChannelService}
I/awcn.HMacUtil( 5546):  hmacSha1Hex result:b72cb9a6e19f6dc73c45e6c6720a16c7c8c04b1db6c63753aa9205edf63f75d8
D/accs.UtilityImpl( 5546):  get EMUI version is:
E/awcn.GlobalAppRuntimeInfo( 5546):   CurrentProcess:com.zzl.falcon.internal TargetProcess:com.zzl.falcon.internal
I/awcn.HMacUtil( 5546):  hmacSha1Hex result:b72cb9a6e19f6dc73c45e6c6720a16c7c8c04b1db6c63753aa9205edf63f75d8
D/awcn.StrategyCenter( 5546):  getSchemeByHost host:umengacs.m.taobao.com scheme:https
D/awcn.SessionCenter( 5546): |[seq:umeng:56aadbf567e58e38d4000976] getInternal u:https://umengacs.m.taobao.com TypeClass:SPDY timeout:0
I/awcn.HttpDispatcher( 5546):  sendAmdcRequest hosts:[umengacs.m.taobao.com, unszapi.m.yao.95095.com, api.m.yao.95095.com]
D/awcn.StrategyCenter( 5546):  getSchemeByHost host:umengacs.m.taobao.com scheme:https
D/awcn.SessionRequest( 5546): |[seq:umeng:56aadbf567e58e38d4000976.AWCN2] SessionRequest start host:https://umengacs.m.taobao.com type:SPDY
D/getConnStrategyListByHost( 5546): |[seq:host] umengacs.m.taobao.com:result [{106.11.61.106 443 spdy_0rtt_acs}, {106.11.61.106 80 spdy_0rtt_acs}, {106.11.61.106 443 http2_0rtt_acs}, {140.205.160.76 443 http2_0rtt_acs}, {140.205.160.76 80 http2_0rtt_acs}, {140.205.160.76 443 spdy_0rtt_acs}, {140.205.160.76 80 spdy_0rtt_acs}, {106.11.61.106 443 https}, {140.205.160.76 443 https}, {106.11.61.106 80 http2_0rtt_acs}]
D/awcn.SessionRequest( 5546): |[seq:umeng:56aadbf567e58e38d4000976.AWCN2] [getAvailStrategy] strategies:[{106.11.61.106 443 spdy_0rtt_acs}, {106.11.61.106 80 spdy_0rtt_acs}, {106.11.61.106 443 http2_0rtt_acs}, {140.205.160.76 443 http2_0rtt_acs}, {140.205.160.76 80 http2_0rtt_acs}, {140.205.160.76 443 spdy_0rtt_acs}, {140.205.160.76 80 spdy_0rtt_acs}, {106.11.61.106 80 http2_0rtt_acs}]
I/awcn.SessionRequest( 5546): |[seq:umeng:56aadbf567e58e38d4000976.AWCN2_1] create connection... Host:https://umengacs.m.taobao.com Type:spdy_0rtt_acs IP:106.11.61.106 Port:443 heartbeat:45000 session:Session@[umeng:56aadbf567e58e38d4000976.AWCN2_1|spdy_0rtt_acs]
E/awcn.TnetSpdySession( 5546): |[seq:umeng:56aadbf567e58e38d4000976.AWCN2_1] [connect] host:https://umengacs.m.taobao.com connect :106.11.61.106:443 sessionId:1512062227577 SpdyProtocol,:spdy_0rtt_acs proxyIp,: proxyPort,:0
E/awcn.Session( 5546): |[seq:umeng:56aadbf567e58e38d4000976.AWCN2_1] notifyStatus status:CONNECTING
I/accs.InAppConn_umeng:56aadbf567e58e38d4000976( 5546):  registerSessionInfo host:umengacs.m.taobao.com
E/accs.InAppConn_umeng:56aadbf567e58e38d4000976( 5546):  init awcn success!
D/accs.InAppConn_umeng:56aadbf567e58e38d4000976( 5546):  1 start
I/accs.ClientManager_umeng:56aadbf567e58e38d4000976( 5546):  restoreClients mBindStatus restore={com.zzl.falcon.internal=2}
I/accs.ClientManager_umeng:56aadbf567e58e38d4000976( 5546):  isAppBinded begin..appStatus=2,mBindStatus={com.zzl.falcon.internal=2}
I/accs.ACCSMgrImpl_umeng:56aadbf567e58e38d4000976( 5546):  com.zzl.falcon.internal isAppBinded
D/accs.MsgRecv_umeng:56aadbf567e58e38d4000976( 5546):  onResult command:1 erorcode:200
D/accs.MsgRecv_umeng:56aadbf567e58e38d4000976( 5546):  prepare send broadcast
D/accs.MsgDistribute( 5546):  action:com.taobao.accs.intent.action.RECEIVE
I/accs.MsgDistribute( 5546):  distribute command::1  serviceId::  dataId:: appkey:umeng:56aadbf567e58e38d4000976 config:umeng:56aadbf567e58e38d4000976
I/accs.TaobaoRegister( 5546):  onBindApp errorCode:200
D/accs.accs.BindAppStatistic( 5546):  eventId=66001;arg1=WajMPL/DZuUDAJwcljDKSIFW;arg2=null;arg3=221;args={push_token=, fail_reasons=null, device_id=WajMPL/DZuUDAJwcljDKSIFW, ret=y, bind_date=1512062227583}
E/awcn.Session( 5546): |[seq:umeng:56aadbf567e58e38d4000976.AWCN2_1] notifyStatus status:CONNECTED
I/accs.InAppConn_umeng:56aadbf567e58e38d4000976( 5546):  auth begin seq:umeng:56aadbf567e58e38d4000976.AWCN2_1
E/accs.InAppConn_umeng:56aadbf567e58e38d4000976( 5546):  1 auth URL:https://umengacs.m.taobao.com/accs/auth?1=WajMPL%2FDZuUDAJwcljDKSIFW&2=b72cb9a6e19f6dc73c45e6c6720a16c7c8c04b1db6c63753aa9205edf63f75d8&3=umeng:56aadbf567e58e38d4000976&5=1&6=wifi&7=31027&8=1.1.2&9=1512062227575&10=1&11=22&12=com.zzl.falcon.internal&13=2.4.0&14=android@umeng&15=Google Nexus 4 - 5.1.0 - API 22 - 768x1280&16=generic&17=221&19=0
D/accs.UTMini( 5546):  commitEvent fail java.lang.NoClassDefFoundError: Failed resolution of: Lcom/ut/mini/internal/UTOriginalCustomHitBuilder;
I/art     ( 5546): Rejecting re-init on previously-failed class java.lang.Class<com.taobao.accs.utl.i$a>
W/accs.ACCSMgrImpl_umeng:56aadbf567e58e38d4000976( 5546):  no orange sdk
I/awcn.TnetSpdySession( 5546):   request URL:https://umengacs.m.taobao.com/accs/auth?1=WajMPL%2FDZuUDAJwcljDKSIFW&2=b72cb9a6e19f6dc73c45e6c6720a16c7c8c04b1db6c63753aa9205edf63f75d8&3=umeng:56aadbf567e58e38d4000976&5=1&6=wifi&7=31027&8=1.1.2&9=1512062227575&10=1&11=22&12=com.zzl.falcon.internal&13=2.4.0&14=android@umeng&15=Google Nexus 4 - 5.1.0 - API 22 - 768x1280&16=generic&17=221&19=0
I/awcn.TnetSpdySession( 5546):   request Method:GET
I/awcn.TnetSpdySession( 5546):   request headers:{}
I/accs.AgooBindCache( 5546):  restoreAgooClients packs null return
I/accs.AgooBindCache( 5546):  isAgooRegistered begin..appStatus=null,mAgooBindStatus={}
D/awcn.TnetSpdySession( 5546):   streamId:1
D/awcn.DefaultHeartbeatImpl( 5546): |[seq:umeng:56aadbf567e58e38d4000976.AWCN2_1] reSchedule session:Session@[umeng:56aadbf567e58e38d4000976.AWCN2_1|spdy_0rtt_acs] delay:1512062272596
E/awcn.TnetSpdySession( 5546): |[seq:umeng:56aadbf567e58e38d4000976.AWCN2_1] spdySessionConnectCB connect connectTime:16 sslTime::0
D/accs.UtilityImpl( 5546):  get EMUI version is:
I/accs.GlobalConfig( 5546):  setEnableForground enable:false
I/accs.OrangeAdapter( 5546):  saveConfigToSP key:support_foreground_v value:0
I/accs.RegisterDO( 5546):  buildData data:{"cmd":"register","appKey":"umeng:56aadbf567e58e38d4000976","utdid":"WajMPL\/DZuUDAJwcljDKSIFW","appVersion":"2.4.0","sdkVersion":"221","ttid":"android@umeng","packageName":"com.zzl.falcon.internal","notifyEnable":"true","romInfo":"","c0":"generic","c1":"Google Nexus 4 - 5.1.0 - API 22 - 768x1280","c2":"000000000000000","c3":"310270000000000"}
D/accs.InAppConn_umeng:56aadbf567e58e38d4000976( 5546):  1 start
D/accs.InAppConn_umeng:56aadbf567e58e38d4000976( 5546):  send message, DATA delay:0 dataId:4
I/accs.MsgDistribute( 5546):  distribMessage serviceId is null!! command:1
I/accs.InAppConn_umeng:56aadbf567e58e38d4000976( 5546):  try send:DATA dataId:4 appkey:umeng:56aadbf567e58e38d4000976
D/awcn.SessionCenter( 5546): |[seq:umeng:56aadbf567e58e38d4000976] getInternal u:https://umengacs.m.taobao.com TypeClass:SPDY timeout:60000
D/awcn.StrategyCenter( 5546):  getSchemeByHost host:umengacs.m.taobao.com scheme:https
D/awcn.SessionRequest( 5546): |[seq:umeng:56aadbf567e58e38d4000976.AWCN3] SessionRequest start host:https://umengacs.m.taobao.com type:SPDY
D/awcn.SessionRequest( 5546): |[seq:umeng:56aadbf567e58e38d4000976.AWCN3] session is connecting, return host:https://umengacs.m.taobao.com
D/awcn.SessionRequest( 5546):  [await] timeoutMs:60000
W/Settings( 5546): Setting android_id has moved from android.provider.Settings.System to android.provider.Settings.Secure, returning read-only value.
D/awcn.TnetSpdySession( 5546):  spdyStreamCloseCallback streamId:1
E/awcn.TnetSpdySession( 5546):  spdyStreamCloseCallback error status code:-2032
E/accs.InAppConn_umeng:56aadbf567e58e38d4000976( 5546):  AUTH onFinish statusCode:-2032 seq:umeng:56aadbf567e58e38d4000976.AWCN2_1
E/awcn.Session( 5546): |[seq:umeng:56aadbf567e58e38d4000976.AWCN2_1] notifyStatus status:AUTH_FAIL
E/awcn.TnetSpdySession( 5546): |[seq:umeng:56aadbf567e58e38d4000976.AWCN2_1] force close! session:Session@[umeng:56aadbf567e58e38d4000976.AWCN2_1|spdy_0rtt_acs]
E/awcn.Session( 5546): |[seq:umeng:56aadbf567e58e38d4000976.AWCN2_1] notifyStatus status:DISCONNECTING
I/awcn.DefaultHeartbeatImpl( 5546): |[seq:umeng:56aadbf567e58e38d4000976.AWCN2_1] heartbeat stop session:Session@[umeng:56aadbf567e58e38d4000976.AWCN2_1|spdy_0rtt_acs]
E/awcn.TnetSpdySession( 5546): |[seq:umeng:56aadbf567e58e38d4000976.AWCN2_1] spdySessionCloseCallback  errorCode::-2032
E/awcn.Session( 5546): |[seq:umeng:56aadbf567e58e38d4000976.AWCN2_1] notifyStatus status:DISCONNECTED
D/awcn.SessionRequest( 5546):  Receive session event type:AUTH_FAIL
D/awcn.StrategyTable( 5546):  [notifyConnEvent] Host:umengacs.m.taobao.com IConnStrategy:{106.11.61.106 443 spdy_0rtt_acs} ConnEvent:ConnEvent#Fail
D/awcn.SessionRequest( 5546): |[seq:umeng:56aadbf567e58e38d4000976.AWCN2_1] Session:Session@[umeng:56aadbf567e58e38d4000976.AWCN2_1|spdy_0rtt_acs] EventType:DISCONNECTED Event:anet.channel.entity.c@1d4c7d4e
D/awcn.SessionRequest( 5546): |[seq:umeng:56aadbf567e58e38d4000976.AWCN2_1] Connect failed session:Session@[umeng:56aadbf567e58e38d4000976.AWCN2_1|spdy_0rtt_acs] host:https://umengacs.m.taobao.com isHandleFinish:false
D/awcn.SessionRequest( 5546): |[seq:umeng:56aadbf567e58e38d4000976.AWCN2_1] use next connInfo to create session host:https://umengacs.m.taobao.com
I/awcn.SessionRequest( 5546): |[seq:umeng:56aadbf567e58e38d4000976.AWCN2_2] create connection... Host:https://umengacs.m.taobao.com Type:spdy_0rtt_acs IP:106.11.61.106 Port:443 heartbeat:45000 session:Session@[umeng:56aadbf567e58e38d4000976.AWCN2_2|spdy_0rtt_acs]
E/awcn.TnetSpdySession( 5546): |[seq:umeng:56aadbf567e58e38d4000976.AWCN2_2] [connect] host:https://umengacs.m.taobao.com connect :106.11.61.106:443 sessionId:1512062227628 SpdyProtocol,:spdy_0rtt_acs proxyIp,: proxyPort,:0
E/awcn.Session( 5546): |[seq:umeng:56aadbf567e58e38d4000976.AWCN2_2] notifyStatus status:CONNECTING
E/awcn.Session( 5546): |[seq:umeng:56aadbf567e58e38d4000976.AWCN2_2] notifyStatus status:CONNECTED
I/accs.InAppConn_umeng:56aadbf567e58e38d4000976( 5546):  auth begin seq:umeng:56aadbf567e58e38d4000976.AWCN2_2
E/accs.InAppConn_umeng:56aadbf567e58e38d4000976( 5546):  1 auth URL:https://umengacs.m.taobao.com/accs/auth?1=WajMPL%2FDZuUDAJwcljDKSIFW&2=b72cb9a6e19f6dc73c45e6c6720a16c7c8c04b1db6c63753aa9205edf63f75d8&3=umeng:56aadbf567e58e38d4000976&5=1&6=wifi&7=31027&8=1.1.2&9=1512062227575&10=1&11=22&12=com.zzl.falcon.internal&13=2.4.0&14=android@umeng&15=Google Nexus 4 - 5.1.0 - API 22 - 768x1280&16=generic&17=221&19=0
I/awcn.TnetSpdySession( 5546):   request URL:https://umengacs.m.taobao.com/accs/auth?1=WajMPL%2FDZuUDAJwcljDKSIFW&2=b72cb9a6e19f6dc73c45e6c6720a16c7c8c04b1db6c63753aa9205edf63f75d8&3=umeng:56aadbf567e58e38d4000976&5=1&6=wifi&7=31027&8=1.1.2&9=1512062227575&10=1&11=22&12=com.zzl.falcon.internal&13=2.4.0&14=android@umeng&15=Google Nexus 4 - 5.1.0 - API 22 - 768x1280&16=generic&17=221&19=0
I/awcn.TnetSpdySession( 5546):   request Method:GET
I/awcn.TnetSpdySession( 5546):   request headers:{}
D/awcn.TnetSpdySession( 5546):   streamId:1
D/awcn.DefaultHeartbeatImpl( 5546): |[seq:umeng:56aadbf567e58e38d4000976.AWCN2_2] reSchedule session:Session@[umeng:56aadbf567e58e38d4000976.AWCN2_2|spdy_0rtt_acs] delay:1512062272648
E/awcn.TnetSpdySession( 5546): |[seq:umeng:56aadbf567e58e38d4000976.AWCN2_2] spdySessionConnectCB connect connectTime:18 sslTime::1
W/Settings( 5546): Setting android_id has moved from android.provider.Settings.System to android.provider.Settings.Secure, returning read-only value.
I/awcn.TnetSpdySession( 5546):   httpStatusCode:200
I/awcn.TnetSpdySession( 5546):   response headers:{:version=[HTTP/1.1], x-at=[WajMPL%2FDZuUDAJwcljDKSIFWumeng:56aadbf567e58e38d40009761512130186], date=[Fri, 01 Dec 2017 08:09:46 GMT], server=[Tengine/Aserver/3.0.197_20171017114317], content-length=[0], x-workerid=[3397114944095780894], :status=[200]}
E/accs.InAppConn_umeng:56aadbf567e58e38d4000976( 5546):  AUTH httpStatusCode:200 seq:umeng:56aadbf567e58e38d4000976.AWCN2_2
E/awcn.Session( 5546): |[seq:umeng:56aadbf567e58e38d4000976.AWCN2_2] notifyStatus status:AUTH_SUCC
I/awcn.DefaultHeartbeatImpl( 5546): |[seq:umeng:56aadbf567e58e38d4000976.AWCN2_2] heartbeat start session:Session@[umeng:56aadbf567e58e38d4000976.AWCN2_2|spdy_0rtt_acs]
D/awcn.TnetSpdySession( 5546): |[seq:umeng:56aadbf567e58e38d4000976.AWCN2_2] spdyOnStreamResponse authTime:0
I/accs.UtilityImpl( 5546):  	header:server value:Tengine/Aserver/3.0.197_20171017114317
I/accs.UtilityImpl( 5546):  	header:date value:Fri, 01 Dec 2017 08:09:46 GMT
I/accs.UtilityImpl( 5546):  	header:x-at value:WajMPL%2FDZuUDAJwcljDKSIFWumeng:56aadbf567e58e38d40009761512130186
I/accs.UtilityImpl( 5546):  	header::version value:HTTP/1.1
I/accs.UtilityImpl( 5546):  	header:content-length value:0
I/accs.UtilityImpl( 5546):  	header:x-workerid value:3397114944095780894
I/accs.UtilityImpl( 5546):  	header::status value:200
D/awcn.SessionRequest( 5546): |[seq:umeng:56aadbf567e58e38d4000976.AWCN2_2] Session:Session@[umeng:56aadbf567e58e38d4000976.AWCN2_2|spdy_0rtt_acs] EventType:AUTH_SUCC Event:
D/awcn.TnetSpdySession( 5546):  spdyStreamCloseCallback streamId:1
D/6.4.4net_test----( 5546): requestMethod:GET;origin data:ok
E/UClient ( 5546): org.json.JSONException: Value ok of type java.lang.String cannot be converted to JSONObject:  [Caught Exception in decryptData()]
E/UClient ( 5546):         at	 org.json.JSON.typeMismatch(JSON.java:111)
E/UClient ( 5546):         at	 org.json.JSONObject.<init>(JSONObject.java:160)
E/UClient ( 5546):         at	 org.json.JSONObject.<init>(JSONObject.java:173)
E/UClient ( 5546):         at	 com.umeng.socialize.net.utils.UClient.decryptData(UClient.java:480)
E/UClient ( 5546):         at	 com.umeng.socialize.net.utils.UClient.parseResult(UClient.java:413)
E/UClient ( 5546):         at	 com.umeng.socialize.net.utils.UClient.httpGetRequest(UClient.java:216)
E/UClient ( 5546):         at	 com.umeng.socialize.net.utils.UClient.execute(UClient.java:72)
E/UClient ( 5546):         at	 com.umeng.socialize.net.base.SocializeClient.execute(SocializeClient.java:33)
E/UClient ( 5546):         at	 com.umeng.socialize.net.stats.StatsAPIs.dauStats(StatsAPIs.java:124)
E/UClient ( 5546):         at	 com.umeng.socialize.net.analytics.SocialAnalytics$8.run(SocialAnalytics.java:238)
E/UClient ( 5546):         at	 java.util.concurrent.Executors$RunnableAdapter.call(Executors.java:422)
E/UClient ( 5546):         at	 java.util.concurrent.FutureTask.run(FutureTask.java:237)
E/UClient ( 5546):         at	 java.util.concurrent.ThreadPoolExecutor.runWorker(ThreadPoolExecutor.java:1112)
E/UClient ( 5546):         at	 java.util.concurrent.ThreadPoolExecutor$Worker.run(ThreadPoolExecutor.java:587)
E/UClient ( 5546):         at	 java.lang.Thread.run(Thread.java:818)
D/6.4.4net_test----( 5546): result  = null
D/StatsAPIs( 5546): read stats log
D/awcn.SessionRequest( 5546): |[seq:umeng:56aadbf567e58e38d4000976.AWCN2_2] Connect Success session:Session@[umeng:56aadbf567e58e38d4000976.AWCN2_2|spdy_0rtt_acs] host:https://umengacs.m.taobao.com
D/awcn.SessionRequest( 5546):  Receive session event type:AUTH_SUCC
D/awcn.StrategyTable( 5546):  [notifyConnEvent] Host:umengacs.m.taobao.com IConnStrategy:{106.11.61.106 443 spdy_0rtt_acs} ConnEvent:ConnEvent#Success
D/accs.Msg_umeng:56aadbf567e58e38d4000976( 5546):  Build Message
D/accs.Msg_umeng:56aadbf567e58e38d4000976( 5546):  	version:2 compress:1
D/accs.Msg_umeng:56aadbf567e58e38d4000976( 5546):  	flag: 0x40
D/accs.Msg_umeng:56aadbf567e58e38d4000976( 5546):  	totalLength:354
D/accs.Msg_umeng:56aadbf567e58e38d4000976( 5546):  	dataLength:352
D/accs.Msg_umeng:56aadbf567e58e38d4000976( 5546):  	flags:ffffc800
D/accs.Msg_umeng:56aadbf567e58e38d4000976( 5546):  	targetLength:16
D/accs.Msg_umeng:56aadbf567e58e38d4000976( 5546):  	target:2|AgooDeviceCmd|
D/accs.Msg_umeng:56aadbf567e58e38d4000976( 5546):  	sourceLength:63
D/accs.Msg_umeng:56aadbf567e58e38d4000976( 5546):  	source:WajMPL/DZuUDAJwcljDKSIFW|com.zzl.falcon.internal|AgooDeviceCmd|
D/accs.Msg_umeng:56aadbf567e58e38d4000976( 5546):  	dataIdLength:1
D/accs.Msg_umeng:56aadbf567e58e38d4000976( 5546):  	dataId:4
D/accs.Msg_umeng:56aadbf567e58e38d4000976( 5546):  	extHeader len:0
D/accs.Msg_umeng:56aadbf567e58e38d4000976( 5546):  	oriData:{"cmd":"register","appKey":"umeng:56aadbf567e58e38d4000976","utdid":"WajMPL\/DZuUDAJwcljDKSIFW","appVersion":"2.4.0","sdkVersion":"221","ttid":"android@umeng","packageName":"com.zzl.falcon.internal","notifyEnable":"true","romInfo":"","c0":"generic","c1":"Google Nexus 4 - 5.1.0 - API 22 - 768x1280","c2":"000000000000000","c3":"310270000000000"}
D/accs.Msg_umeng:56aadbf567e58e38d4000976( 5546):  len:358
D/c       ( 5546): dir path/data/data/com.zzl.falcon.internal/files/umSocialStateLog
D/accs.Msg_umeng:56aadbf567e58e38d4000976( 5546):  21 40 1 62 1 60 c8 0 10 32 7c 41 67 6f 6f 44 65 76 69 63 65 43 6d 64 7c 3f 57 61 6a 4d 50 4c 2f 44 5a 75 55 44 41 4a 77 63 6c 6a 44 4b 53 49 46 57 7c 63 6f 6d 2e 7a 7a 6c 2e 66 61 6c 63 6f 6e 2e 69 6e 74 65 72 6e 61 6c 7c 41 67 6f 6f 44 65 76 69 63 65 43 6d 64 7c 1 34 0 0 1f 8b 8 0 0 0 0 0 0 0 55 8e 4d 4f c3 30 c 86 ff 4a d5 33 84 34 fd 64 27 26 15 50 19 4c 93 10 4c 42 5c bc c4 ad b2 a5 c9 94 a6 62 1b e2 bf e3 8e cb f0 c5 7e 1f bf fe f8 8e 65 af e2 59 ec b1 d3 43 40 1f 5f c5 b0 df 2f f0 48 6c ec d1 76 b3 bc 0 50 9b 36 2f 4a cc 2b 4c 2b 95 71 ce 6f cb 82 9c 63 50 7a 1a 5e c3 f6 65 f5 fc 79 53 7f 8c 6f f5 fc e9 4b 9a 6d bd 78 6d 1e d6 7f db de d1 f da 59 32 a 96 31 4e 70 50 bb b 28 12 42 21 9c 57 81 55 de 69 75 77 be 4d 78 f 72 7 1d 2e a1 47 ea 4a d7 b3 d3 c9 b0 16 8c 74 96 69 4b 1f 5b 30 e4 b3 2e e8 f6 78 6f 61 63 26 63 f0 23 12 f5 ae 6f 6c eb 8 90 90 9c 72 87 16 bd 96 93 4c 48 3e 3a d7 19 8c 96 78 18 87 28 8b ae a3 9c 25 8c 53 9e af 9a 48 8 2a ca a2 3a 24 a2 9a be 96 82 26 f8 ff 98 70 4a 38 4d b8 28 2f f0 cf 2f 6f 1d 8f 49 59 1 0 0 
I/accs.InAppConn_umeng:56aadbf567e58e38d4000976( 5546):  send data  len:358 dataId:4 command:100 host:https://umengacs.m.taobao.com utdid:WajMPL/DZuUDAJwcljDKSIFW
E/awcn.TnetSpdySession( 5546): |[seq:umeng:56aadbf567e58e38d4000976.AWCN2_2] sendCustomFrame dataId:4 type:200
D/b       ( 5546): read:236
D/accs.InAppConn_umeng:56aadbf567e58e38d4000976( 5546):  sendSucc true dataId:4
E/com.umeng.message.UTrack( 5546): RegistrationId is empty
E/com.umeng.message.UTrack( 5546): RegistrationId is empty
D/awcn.NetworkStatusMonitor( 5546):  receiver:android.net.conn.CONNECTIVITY_CHANGE
D/awcn.NetworkStatusMonitor( 5546):  [checkNetworkStatus]
I/awcn.NetworkStatusMonitor( 5546):  checkNetworkStatus info.isConnected:true info.isAvailable:true
E/awcn.TnetSpdySession( 5546): |[seq:umeng:56aadbf567e58e38d4000976.AWCN2_2] [spdyCustomControlFrameRecvCallback] len:156 frameCb:com.taobao.accs.net.k@2b542a14
E/awcn.TnetSpdySession( 5546): |[seq:umeng:56aadbf567e58e38d4000976.AWCN2_2] str:20 40 0 98 0 96 e0 0 3f 57 61 6a 4d 50 4c 2f 44 5a 75 55 44 41 4a 77 63 6c 6a 44 4b 53 49 46 57 7c 63 6f 6d 2e 7a 7a 6c 2e 66 61 6c 63 6f 6e 2e 69 6e 74 65 72 6e 61 6c 7c 41 67 6f 6f 44 65 76 69 63 65 43 6d 64 7c 10 32 7c 41 67 6f 6f 44 65 76 69 63 65 43 6d 64 7c 1 34 0 9 24 7 75 6e 7a 62 79 75 6e 7b 22 72 65 73 75 6c 74 43 6f 64 65 22 3a 22 65 72 5f 70 61 72 61 6d 5f 61 70 70 5f 70 61 63 6b 61 67 65 22 2c 22 63 6d 64 22 3a 22 72 65 67 69 73 74 65 72 22 7d 
I/accs.InAppConn_umeng:56aadbf567e58e38d4000976( 5546):  onDataReceive, type:200 len:156
E/accs.InAppConn_umeng:56aadbf567e58e38d4000976( 5546):  onDataReceive, end:
D/accs.MsgRecv_umeng:56aadbf567e58e38d4000976( 5546):  version:2
D/accs.MsgRecv_umeng:56aadbf567e58e38d4000976( 5546):  compress:0
D/accs.MsgRecv_umeng:56aadbf567e58e38d4000976( 5546):  totalLen:152
D/accs.MsgRecv_umeng:56aadbf567e58e38d4000976( 5546):  buf len:150
D/accs.MsgRecv_umeng:56aadbf567e58e38d4000976( 5546):  flag:e000
D/accs.MsgRecv_umeng:56aadbf567e58e38d4000976( 5546):  target:WajMPL/DZuUDAJwcljDKSIFW|com.zzl.falcon.internal|AgooDeviceCmd|
D/accs.MsgRecv_umeng:56aadbf567e58e38d4000976( 5546):  source:2|AgooDeviceCmd|
D/accs.MsgRecv_umeng:56aadbf567e58e38d4000976( 5546):  dataId:4
D/accs.MsgRecv_umeng:56aadbf567e58e38d4000976( 5546):  extHeaderLen:9
D/accs.MsgRecv_umeng:56aadbf567e58e38d4000976( 5546):   extHeaderType:9 value:unzbyun
D/accs.MsgRecv_umeng:56aadbf567e58e38d4000976( 5546):  oriData:[B@372032bd
I/accs.MsgRecv_umeng:56aadbf567e58e38d4000976( 5546):  1 dataId 4:type DATA:reqType RES:resType NO_ACK:target WajMPL/DZuUDAJwcljDKSIFW|com.zzl.falcon.internal|AgooDeviceCmd|
D/accs.MsgRecv_umeng:56aadbf567e58e38d4000976( 5546):  reqMessage not null
W/ActivityManager(  595): getTasks: caller 10099 does not hold GET_TASKS; limiting output
D/accs.MsgRecv_umeng:56aadbf567e58e38d4000976( 5546):  onResult command:100 erorcode:200
D/accs.MsgRecv_umeng:56aadbf567e58e38d4000976( 5546):  prepare send broadcast
D/accs.UTMini( 5546):  commitEvent fail java.lang.NoClassDefFoundError: Failed resolution of: Lcom/ut/mini/internal/UTOriginalCustomHitBuilder;
D/accs.InAppConn_umeng:56aadbf567e58e38d4000976( 5546):  try handle msg
D/accs.MsgDistribute( 5546):  action:com.taobao.accs.intent.action.RECEIVE
I/accs.MsgDistribute( 5546):  distribute command::100  serviceId::AgooDeviceCmd  dataId::1 appkey:umeng:56aadbf567e58e38d4000976 config:umeng:56aadbf567e58e38d4000976
W/accs.MsgDistribute( 5546):  appReceiver null! serviceId:AgooDeviceCmd appkey:umeng:56aadbf567e58e38d4000976
D/accs.UTMini( 5546):  commitEvent fail java.lang.NoClassDefFoundError: Failed resolution of: Lcom/ut/mini/internal/UTOriginalCustomHitBuilder;
I/accs.AccsAbstractDataListener( 5546):  onReceiveData dataId:1 serviceId:AgooDeviceCmd command:100
D/accs.UTMini( 5546):  commitEvent fail java.lang.NoClassDefFoundError: Failed resolution of: Lcom/ut/mini/internal/UTOriginalCustomHitBuilder;
I/accs.RequestListener( 5546):  RequestListener onResponse dataId:1 listener:com.umeng.message.PushAgent$2@35960b2 json:{"resultCode":"er_param_app_package","cmd":"register"}
I/accs.MsgDistributeService( 5546):  onStartCommand action:com.taobao.accs.intent.action.RECEIVE
I/com.umeng.message.PushAgent( 5546): register-->onFailure-->s:er_param_app_package,s1:agoo server error
D/accs.UTMini( 5546):  commitEvent fail java.lang.NoClassDefFoundError: Failed resolution of: Lcom/ut/mini/internal/UTOriginalCustomHitBuilder;
D/accs.MsgDistribute( 5546):  action:com.taobao.accs.intent.action.RECEIVE
I/accs.MsgDistribute( 5546):  distribute command::103  serviceId::  dataId:: appkey: config:
W/FragmentManager( 5546): moveToState: Fragment state for FinanceFragment{1c845c5b #0 id=0x7f0e0108 android:switcher:2131624200:1} not updated inline; expected state 3 found 2
E/awcn.DispatchCore( 5546):  amdc request's parameter invalid!
W/FragmentManager( 5546): moveToState: Fragment state for AccountFragment{2373b0be #1 id=0x7f0e0108 android:switcher:2131624200:2} not updated inline; expected state 3 found 2
W/FragmentManager( 5546): moveToState: Fragment state for SettingFragment{319b5c1b #2 id=0x7f0e0108 android:switcher:2131624200:3} not updated inline; expected state 3 found 2
D/OkHttp  ( 5546): --> POST http://116.236.220.210:8084/appIndex/list?version=3 http/1.1
D/OkHttp  ( 5546): Content-Length: 0
D/OkHttp  ( 5546): RC-Bel-Key: bel.zhiwang.zzl
D/OkHttp  ( 5546): RC-Timestamp: 1512062227
D/OkHttp  ( 5546): RC-Nonce: bc76331c-d0cd-452e-97ef-c2eb2a392aaf
D/OkHttp  ( 5546): RC-Signature: 653af388913fc660e17e7b21d752a5adaa50d548
D/OkHttp  ( 5546): osType: Android
D/OkHttp  ( 5546): version: 2.4.0
D/OkHttp  ( 5546): --> END POST (0-byte body)
W/FragmentManager( 5546): moveToState: Fragment state for InvestFragment{2d2707fd #4 id=0x7f0e020e android:switcher:2131624462:1} not updated inline; expected state 3 found 2
E/RecyclerView( 5546): Cannot scroll to position a LayoutManager set. Call setLayoutManager with a non-null argument.
E/RecyclerView( 5546): Cannot scroll to position a LayoutManager set. Call setLayoutManager with a non-null argument.
D/OkHttp  ( 5546): <-- 200 OK http://116.236.220.210:8084/appIndex/list?version=3 (34ms)
D/OkHttp  ( 5546): Server: Apache-Coyote/1.1
D/OkHttp  ( 5546): Set-Cookie: JSESSIONID=35A8B053D91162BB244CA995F04AC01C; Path=/; HttpOnly
D/OkHttp  ( 5546): Content-Type: application/json;charset=utf-8
D/OkHttp  ( 5546): Content-Length: 866
D/OkHttp  ( 5546): Date: Fri, 01 Dec 2017 08:09:46 GMT
D/OkHttp  ( 5546): {"fixedInvestInfo":{"empId":"1","persiodUp":12,"rateDown":6.9,"persiodDown":3,"platformType":1,"remark":"","parentId":"0","rateUp":9.6,"paymentType":1,"createTime":"","payment":2,"id":"402897e7562c1dd101562c291ad10003","proName":"","periodsType":1,"proNumber":"","productType":1,"status":1},"bannel":[{"webDesc":"","imgurl":"20171114100735893.png","createTime":"2017-11-14 10:05:59","name":"","link":"http://116.236.220.210:8084/mobileWeb/commonActivity?activity=winter","id":"2c908a885fb40cb0015fb846a8d1018d","type":1,"seq":12,"status":1,"shareStatus":0}],"investInfo":[{"persiodUp":"48","rateDown":"10.8","persiodDown":"6","proName":"","rateUp":"14.5","productType":"2"}],"transferInfo":{"periodDesc":"","rateDown":"10","productType":"20","rateUp":"15"},"responseCode":"1"}
D/OkHttp  ( 5546): <-- END HTTP (866-byte body)
D/libEGL  ( 5546): loaded /system/lib/egl/libEGL_emulation.so
D/libEGL  ( 5546): loaded /system/lib/egl/libGLESv1_CM_emulation.so
D/libEGL  ( 5546): loaded /system/lib/egl/libGLESv2_emulation.so
D/        ( 5546): HostConnection::get() New Host Connection established 0xf3fc05d0, tid 5590
I/OpenGLRenderer( 5546): Initialized EGL, version 1.4
D/OpenGLRenderer( 5546): Enabling debug mode 0
W/EGL_emulation( 5546): eglSurfaceAttrib not implemented
W/OpenGLRenderer( 5546): Failed to set EGL_SWAP_BEHAVIOR on surface 0xe1cd6540, error=EGL_SUCCESS
I/accs.MsgDistributeService( 5546):  onStartCommand action:com.taobao.accs.intent.action.RECEIVE
D/accs.MsgDistribute( 5546):  action:com.taobao.accs.intent.action.RECEIVE
I/accs.MsgDistribute( 5546):  distribute command::103  serviceId::  dataId:: appkey: config:
V/WindowManager(  595): Adding window Window{29fbd4c3 u0 com.zzl.falcon.internal/com.zzl.falcon.MainActivity} at 3 of 9 (before Window{1faec86a u0 Starting com.zzl.falcon.internal})
I/accs.MsgDistributeService( 5546):  onStartCommand action:com.taobao.accs.intent.action.RECEIVE
D/accs.MsgDistribute( 5546):  action:com.taobao.accs.intent.action.RECEIVE
I/accs.MsgDistribute( 5546):  distribute command::103  serviceId::  dataId:: appkey: config:
I/accs.MsgDistributeService( 5546):  onStartCommand action:com.taobao.accs.intent.action.RECEIVE
D/accs.MsgDistribute( 5546):  action:com.taobao.accs.intent.action.RECEIVE
I/accs.MsgDistribute( 5546):  distribute command::103  serviceId::  dataId:: appkey: config:
D/com.umeng.message.UmengMessageCallbackHandlerService( 5546): processName=com.zzl.falcon.internal
D/com.umeng.message.UmengMessageCallbackHandlerService( 5546): enable(): register-->:null,status:false
D/OkHttp  ( 5546): --> POST http://116.236.220.210:8084/appAccount/appGetUser?custId=7ac76fc40a87449ca54f1e0649628e2e http/1.1
D/OkHttp  ( 5546): Content-Length: 0
D/OkHttp  ( 5546): RC-Bel-Key: bel.zhiwang.zzl
D/OkHttp  ( 5546): RC-Timestamp: 1512062228
D/OkHttp  ( 5546): RC-Nonce: c8bafc63-8c3d-454d-aabd-55c5da4fab98
D/OkHttp  ( 5546): RC-Signature: 83620aa59613d62a18b8027da35c0d44d05e081a
D/OkHttp  ( 5546): osType: Android
D/OkHttp  ( 5546): version: 2.4.0
D/OkHttp  ( 5546): --> END POST (0-byte body)
D/OkHttp  ( 5546): --> POST http://116.236.220.210:8084/appAccount/appMyAccount?userId=7ac76fc40a87449ca54f1e0649628e2e&bankAccount=6212461030000503429 http/1.1
D/OkHttp  ( 5546): Content-Length: 0
D/OkHttp  ( 5546): RC-Bel-Key: bel.zhiwang.zzl
D/OkHttp  ( 5546): RC-Timestamp: 1512062228
D/OkHttp  ( 5546): RC-Nonce: 776524d4-b886-4499-bcb6-58d1fa974a13
D/OkHttp  ( 5546): RC-Signature: 146b123883e27785a4db145be73f0b5bfc96cdc1
D/OkHttp  ( 5546): osType: Android
D/OkHttp  ( 5546): version: 2.4.0
D/OkHttp  ( 5546): --> END POST (0-byte body)
I/WindowManager(  595): Switching to real app window: Window{17b12bd4 u0 com.zzl.falcon.internal/com.zzl.falcon.MainActivity}
I/AppiumUnicodeIME(  756): onFinishInput
I/AppiumUnicodeIME(  756): onStartInput
D/OkHttp  ( 5546): <-- 200 OK http://116.236.220.210:8084/appAccount/appGetUser?custId=7ac76fc40a87449ca54f1e0649628e2e (22ms)
D/OkHttp  ( 5546): Server: Apache-Coyote/1.1
D/OkHttp  ( 5546): Set-Cookie: JSESSIONID=DDF4FC1203D32B986E1774E6A02ED853; Path=/; HttpOnly
D/OkHttp  ( 5546): Content-Type: application/json;charset=UTF-8
D/OkHttp  ( 5546): Content-Length: 834
D/OkHttp  ( 5546): Date: Fri, 01 Dec 2017 08:09:46 GMT
D/OkHttp  ( 5546): {"fingerGestures":{"firstHintStatus":"1"},"user":{"onlineLogin":1,"bindCardState":1,"loginNum":2,"score":"0","custSource":1,"password":"6367c48dd193d56ea7b0baad25b19455e529f5ee","reservedDomain":"1","bankVerify":1,"emailVerify":0,"custIc":"321001201707265233","id":"7ac76fc40a87449ca54f1e0649628e2e","invitationVerify":"null","transferSignVerify":1,"bankAccount":"6212461030000503429","automaticSignVerify":1,"efCustInfoId":"23d83a0517eb4154b7ab1e4d37111cc1","fyVerify":0,"fyAccount":"","mobile":"13900010001","custInfoId":"45342b81d0204529ae7be3fa321c5b4b","zzlLogin":1,"custName":"","mobileVerify":1,"lastLoginTime":"2017-11-30 17:07:04","bindCardMobile":"13900010001","createTime":"2017-07-26 15:17:04","custEmail":"","evaluationFlag":2,"realnameVerify":1,"username":"xuxu1","withdrawPwStatus":1},"responseCode":"1"}
D/OkHttp  ( 5546): <-- END HTTP (834-byte body)
W/EGL_emulation( 5546): eglSurfaceAttrib not implemented
W/OpenGLRenderer( 5546): Failed to set EGL_SWAP_BEHAVIOR on surface 0xdf0a7580, error=EGL_SUCCESS
D/OkHttp  ( 5546): --> POST http://116.236.220.210:8084/appFixation/appFixationList?page=1&rows=10&sortField=default&sortType=asc&version=3 http/1.1
D/OkHttp  ( 5546): Content-Length: 0
D/OkHttp  ( 5546): RC-Bel-Key: bel.zhiwang.zzl
D/OkHttp  ( 5546): RC-Timestamp: 1512062228
D/OkHttp  ( 5546): RC-Nonce: 08faae7e-75e8-4bb1-a287-547861df95a4
D/OkHttp  ( 5546): RC-Signature: 995ccb0b690ad9f2d7abc05c4c7b87fa9dc45326
D/OkHttp  ( 5546): osType: Android
D/OkHttp  ( 5546): version: 2.4.0
D/OkHttp  ( 5546): --> END POST (0-byte body)
D/OkHttp  ( 5546): <-- 200 OK http://116.236.220.210:8084/appFixation/appFixationList?page=1&rows=10&sortField=default&sortType=asc&version=3 (60ms)
D/OkHttp  ( 5546): Server: Apache-Coyote/1.1
D/OkHttp  ( 5546): Set-Cookie: JSESSIONID=96E4A5827FB96AA01C7AAF8E355F0588; Path=/; HttpOnly
D/OkHttp  ( 5546): Content-Type: application/json;charset=utf-8
D/OkHttp  ( 5546): Content-Length: 7816
D/OkHttp  ( 5546): Date: Fri, 01 Dec 2017 08:09:47 GMT
D/OkHttp  ( 5546): {"total":"435","data":[{"matureTime":"2017-12-04 10:59:14","hasInvestAmt":0.0000,"orderNumber":"6_1201105913178371","rateDown":6.00,"investManageRate":0.37500000,"rateUp":12.00,"limitTime":"","remainingAmount":38711.0000,"rate":8.70,"left_periods":180,"onlineTime":"2017-12-01 10:59:47","periods":6,"payment":2,"id":"2c908a88600ff93d0160100381bc0039","proName":"6","prdTypeName":"","stepAmount":1000.00,"fullScaleCount":"0","createTime":"2017-12-01 10:59:13","tradeStatus":0,"progress":0.00,"bgPeriodsType":1,"contractMoney":38711.0000,"realyRate":8.70,"restAmt":38711.0000,"desc":""},{"matureTime":"2017-12-02 14:50:29","hasInvestAmt":1000.0000,"orderNumber":"6_1129145026176817","rateDown":6.00,"investManageRate":0.37500000,"rateUp":12.00,"limitTime":"","remainingAmount":37711.0000,"rate":8.70,"left_periods":180,"onlineTime":"2017-11-29 14:51:02","periods":6,"payment":2,"id":"2c908a886005c4c70160068a800f013b","proName":"6","prdTypeName":"","stepAmount":1000.00,"fullScaleCount":"1","createTime":"2017-11-29 14:50:28","tradeStatus":0,"progress":2.58,"bgPeriodsType":1,"contractMoney":38711.0000,"realyRate":8.70,"restAmt":37711.0000,"desc":""},{"matureTime":"2017-11-25 10:59:30","hasInvestAmt":38711.0000,"orderNumber":"6_1122105928175556","rateDown":6.00,"investManageRate":0.37500000,"rateUp":12.00,"limitTime":"","remainingAmount":0.0000,"rate":8.70,"left_periods":180,"onlineTime":"2017-11-22 11:00:04","periods":6,"payment":2,"id":"2c908a885fdd9300015fe1aa856c012f","proName":"6","prdTypeName":"","stepAmount":1000.00,"fullScaleCount":"1","expireTime":"2017-11-22 17:50:24","createTime":"2017-11-22 10:59:29","tradeStatus":3,"progress":100.00,"bgPeriodsType":1,"contractMoney":38711.0000,"realyRate":8.70,"restAmt":0.0000,"desc":""},{"matureTime":"2017-11-20 18:40:51","hasInvestAmt":38711.0000,"orderNumber":"6_1117184050171277","rateDown":6.00,"investManageRate":0.37500000,"rateUp":12.00,"limitTime":"","remainingAmount":0.0000,"rate":8.70,"left_periods":180,"onlineTime":"2017-11-17 18:41:25","periods":6,"payment":2,"id":"2c908a885fc8deb1015fc9911b1c01f5","proName":"6","prdTypeName":"","stepAmount":1000.00,"fullScaleCount":"5","expireTime":"2017-11-20 17:41:59","createTime":"2017-11-17 18:40:50","tradeStatus":3,"progress":100.00,"bgPeriodsType":1,"contractMoney":38711.0000,"realyRate":8.70,"restAmt":0.0000,"desc":""},{"matureTime":"2017-11-18 10:47:45","hasInvestAmt":38711.0000,"orderNumber":"3_1115104809170042","rateDown":6.00,"investManageRate":0.66500000,"rateUp":12.00,"limitTime":"","remainingAmount":0.0000,"rate":5.22,"left_periods":90,"onlineTime":"2017-11-15 10:48:18","periods":3,"payment":2,"id":"2c908a885fb930e4015fbd93a217018b","proName":"3","prdTypeName":"","stepAmount":1000.00,"fullScaleCount":"6","expireTime":"2017-11-17 17:33:33","createTime":"2017-11-15 10:48:09","trade
D/OkHttp  ( 5546): 15:01:20","hasInvestAmt":19057.0000,"orderNumber":"3_1010150146172077","rateDown":6.00,"investManageRate":0.66500000,"rateUp":12.00,"limitTime":"","remainingAmount":0.0000,"rate":5.22,"left_periods":90,"onlineTime":"2017-10-10 15:01:57","periods":3,"payment":2,"id":"2c908a885f04cd56015f0516e67f035d","proName":"3","prdTypeName":"","stepAmount":1000.00,"fullScaleCount":"2","expireTime":"2017-10-11 10:13:28","createTime":"2017-10-10 15:01:47","tradeStatus":3,"progress":100.00,"bgPeriodsType":1,"contractMoney":19057.0000,"realyRate":5.22,"restAmt":0.0000,"desc":"3"},{"matureTime":"2017-09-24 16:58:10","hasInvestAmt":13058.0000,"orderNumber":"_0921165625174378","rateDown":6.00,"investManageRate":0.10000000,"rateUp":12.00,"limitTime":"","remainingAmount":0.0000,"rate":10.80,"left_periods":90,"onlineTime":"2017-09-21 16:58:52","periods":3,"payment":2,"id":"402897385ea3832a015ea3a911f80022","proName":"","prdTypeName":"","stepAmount":100.00,"fullScaleCount":"2","expireTime":"2017-09-21 16:59:21","createTime":"2017-09-21 16:58:39","tradeStatus":3,"progress":100.00,"bgPeriodsType":1,"contractMoney":13058.0000,"realyRate":10.80,"restAmt":0.0000,"desc":""},{"matureTime":"2017-09-04 11:46:46","hasInvestAmt":38630.0000,"orderNumber":"6_0901114317175328","rateDown":6.00,"investManageRate":0.37500000,"rateUp":12.00,"limitTime":"","remainingAmount":0.0000,"rate":8.70,"left_periods":180,"onlineTime":"2017-09-01 11:45:08","periods":6,"payment":2,"id":"2c908a885e2b95bd015e3b8a5cb1212a","proName":"6","prdTypeName":"","stepAmount":1000.00,"fullScaleCount":"2","expireTime":"2017-09-01 16:11:15","createTime":"2017-09-01 11:44:37","tradeStatus":3,"progress":100.00,"bgPeriodsType":1,"contractMoney":38630.0000,"realyRate":8.70,"restAmt":0.0000,"desc":""},{"matureTime":"2017-12-04 15:43:21","hasInvestAmt":38711.0000,"orderNumber":"3_1201153821172867","rateDown":6.00,"investManageRate":0.66500000,"rateUp":12.00,"limitTime":"","remainingAmount":0.0000,"loanTime":"2017-12-01 15:45:01","rate":5.22,"left_periods":90,"repaymentDate":"2018-03-01","onlineTime":"2017-12-01 15:43:55","periods":3,"payment":2,"id":"2c908a886010afbc01601102ed5300a3","proName":"3","prdTypeName":"","stepAmount":1000.00,"fullScaleCount":"2","expireTime":"2017-12-01 15:45:01","createTime":"2017-12-01 15:38:12","tradeStatus":1,"progress":100.00,"bgPeriodsType":1,"contractMoney":38711.0000,"realyRate":5.22,"restAmt":0.0000,"desc":"3"}],"responseCode":"1","info":""}
D/OkHttp  ( 5546): <-- END HTTP (7816-byte body)
I/ActivityManager(  595): Displayed com.zzl.falcon.internal/com.zzl.falcon.MainActivity: +1s972ms
I/accs.InAppConn_default( 5546):  try send:DATA dataId:1 appkey:0
D/awcn.SessionCenter( 5546): |[seq:0] getInternal u:https://msgacs.m.taobao.com TypeClass:SPDY timeout:60000
D/awcn.StrategyCenter( 5546):  getSchemeByHost host:msgacs.m.taobao.com scheme:https
D/awcn.SessionRequest( 5546): |[seq:0.AWCN4] SessionRequest start host:https://msgacs.m.taobao.com type:SPDY
D/awcn.LocalDnsStrategyTable( 5546):  try resolve ip with local dns host:msgacs.m.taobao.com
D/getConnStrategyListByHost( 5546): |[seq:host] msgacs.m.taobao.com:result []
D/awcn.SessionRequest( 5546): |[seq:0.AWCN4] [getAvailStrategy] strategies:[]
I/awcn.SessionRequest( 5546): |[seq:0.AWCN4] no avalible strategy, can't create session host:https://msgacs.m.taobao.com type:SPDY
W/awcn.SessionCenter( 5546): |[seq:0] [Get]no strategy url:https://msgacs.m.taobao.com
E/accs.InAppConn_default( 5546):  reSend dataid:1 retryTimes:2
D/accs.InAppConn_default( 5546):  send message, DATA delay:2000 dataId:1
D/accs.InAppConn_default( 5546):  sendSucc false dataId:1
D/OkHttp  ( 5546): <-- 200 OK http://116.236.220.210:8084/appAccount/appMyAccount?userId=7ac76fc40a87449ca54f1e0649628e2e&bankAccount=6212461030000503429 (2109ms)
D/OkHttp  ( 5546): Server: Apache-Coyote/1.1
D/OkHttp  ( 5546): Set-Cookie: JSESSIONID=05AAF18E185E2A8796D497068F13ABBA; Path=/; HttpOnly
D/OkHttp  ( 5546): Content-Type: application/json;charset=UTF-8
D/OkHttp  ( 5546): Content-Length: 530
D/OkHttp  ( 5546): Date: Fri, 01 Dec 2017 08:09:49 GMT
