D/OkHttp  ( 5546): {"appSignInActivityStatus":1,"noticesPrizeType":0,"todayBonusStatus":0,"interestTotal":"0.4","appOpenBonusStatus":1,"expDirTransferTotal":1000.00,"haveMeaasge":"1","signInDays":0,"responseCode":"1","availableBalance":"7498131.91","receivedPrinciaplTotal":"300","signInStatus":0,"bonusTotalAmount":0,"haveMoney":"0","haveScore":"","unUseVirtualTotal":0,"balance":"7676519.91","unReceivedInterestTotal":"16895.84","unReceivedPrinciaplTotal":"389110","expDirPrinciaplTotal":154844.00,"unReadMessageTotal":308,"firstScoreRecordId":""}
D/OkHttp  ( 5546): <-- END HTTP (530-byte body)
D/TaskPersister(  595): removeObsoleteFile: deleting file=181_task.xml
I/accs.InAppConn_default( 5546):  try send:DATA dataId:1 appkey:0
D/awcn.SessionCenter( 5546): |[seq:0] getInternal u:https://msgacs.m.taobao.com TypeClass:SPDY timeout:60000
D/awcn.StrategyCenter( 5546):  getSchemeByHost host:msgacs.m.taobao.com scheme:https
D/awcn.SessionRequest( 5546): |[seq:0.AWCN5] SessionRequest start host:https://msgacs.m.taobao.com type:SPDY
D/awcn.LocalDnsStrategyTable( 5546):  try resolve ip with local dns host:msgacs.m.taobao.com
D/getConnStrategyListByHost( 5546): |[seq:host] msgacs.m.taobao.com:result []
D/awcn.SessionRequest( 5546): |[seq:0.AWCN5] [getAvailStrategy] strategies:[]
I/awcn.SessionRequest( 5546): |[seq:0.AWCN5] no avalible strategy, can't create session host:https://msgacs.m.taobao.com type:SPDY
W/awcn.SessionCenter( 5546): |[seq:0] [Get]no strategy url:https://msgacs.m.taobao.com
E/accs.InAppConn_default( 5546):  reSend dataid:1 retryTimes:3
D/accs.InAppConn_default( 5546):  send message, DATA delay:2000 dataId:1
D/accs.InAppConn_default( 5546):  sendSucc false dataId:1
E/QueryController( 5510): Got null root node from accessibility - Retrying...
W/art     ( 5510): Long monitor contention event with owner method=void java.lang.Object.wait!(long, int) from Object.java:4294967294 waiters=0 for 5.026s
D/AndroidRuntime( 5625): >>>>>> START com.android.internal.os.RuntimeInit uid 0 <<<<<<
D/AndroidRuntime( 5625): CheckJNI is OFF
E/memtrack( 5625): Couldn't load memtrack module (No such file or directory)
E/android.os.Debug( 5625): failed to load memtrack module: -2
D/AndroidRuntime( 5625): Calling main entry com.android.commands.input.Input
I/Input   ( 5625): injectKeyEvent: KeyEvent { action=ACTION_DOWN, keyCode=KEYCODE_HOME, scanCode=0, metaState=0, flags=0x0, repeatCount=0, eventTime=26564549, downTime=26564549, deviceId=-1, source=0x101 }
I/Input   ( 5625): injectKeyEvent: KeyEvent { action=ACTION_UP, keyCode=KEYCODE_HOME, scanCode=0, metaState=0, flags=0x0, repeatCount=0, eventTime=26564549, downTime=26564549, deviceId=-1, source=0x101 }
I/ActivityManager(  595): START u0 {act=android.intent.action.MAIN cat=[android.intent.category.HOME] flg=0x10200000 cmp=com.android.launcher3/.Launcher} from uid 1000 on display 0
D/        (  595): HostConnection::get() New Host Connection established 0xdec80e50, tid 658
E/EGL_emulation(  613): tid 613: eglCreateSyncKHR(1209): error 0x3004 (EGL_BAD_ATTRIBUTE)
D/AndroidRuntime( 5625): Shutting down VM
W/EGL_emulation(  855): eglSurfaceAttrib not implemented
W/OpenGLRenderer(  855): Failed to set EGL_SWAP_BEHAVIOR on surface 0xe1027380, error=EGL_SUCCESS
W/art     (  595): Long monitor contention event with owner method=void com.android.server.wm.WindowAnimator$1.run() from WindowAnimator.java:124 waiters=0 for 124ms
W/WindowManager(  595): Attempted to remove non-existing token: android.os.Binder@163b67f1
I/AppiumUnicodeIME(  756): onFinishInput
I/AppiumUnicodeIME(  756): onStartInput
W/QueryController( 5510): AccessibilityNodeInfo returned a null child (0 of 1)
W/QueryController( 5510): parent = android.view.accessibility.AccessibilityNodeInfo@8000834e; boundsInParent: Rect(0, 0 - 729, 399); boundsInScreen: Rect(19, 417 - 748, 816); packageName: com.zzl.falcon.internal; className: android.widget.FrameLayout; text: null; error: null; maxTextLength: -1; contentDescription: null; viewIdResName: null; checkable: false; checked: false; focusable: false; focused: false; selected: false; clickable: false; longClickable: false; enabled: true; password: false; scrollable: false; actions: [AccessibilityAction: ACTION_SELECT - null, AccessibilityAction: ACTION_CLEAR_SELECTION - null, AccessibilityAction: ACTION_ACCESSIBILITY_FOCUS - null]
E/UiDevice( 5510): Exceuting watcher: CRASH2
E/UiDevice( 5510): java.lang.IllegalStateException: UiAutomation not connected!
E/UiDevice( 5510): 	at android.app.UiAutomation.throwIfNotConnectedLocked(UiAutomation.java:914)
E/UiDevice( 5510): 	at android.app.UiAutomation.waitForIdle(UiAutomation.java:576)
E/UiDevice( 5510): 	at com.android.uiautomator.core.UiAutomatorBridge.waitForIdle(UiAutomatorBridge.java:96)
E/UiDevice( 5510): 	at com.android.uiautomator.core.UiAutomatorBridge.waitForIdle(UiAutomatorBridge.java:91)
E/UiDevice( 5510): 	at com.android.uiautomator.core.QueryController.findAccessibilityNodeInfo(QueryController.java:143)
E/UiDevice( 5510): 	at com.android.uiautomator.core.QueryController.findAccessibilityNodeInfo(QueryController.java:138)
E/UiDevice( 5510): 	at com.android.uiautomator.core.UiObject.findAccessibilityNodeInfo(UiObject.java:168)
E/UiDevice( 5510): 	at com.android.uiautomator.core.UiObject.waitForExists(UiObject.java:848)
E/UiDevice( 5510): 	at com.android.uiautomator.core.UiObject.exists(UiObject.java:899)
E/UiDevice( 5510): 	at com.android.uiautomator.common.UiWatchers$4.checkForCondition(UiWatchers.java:107)
E/UiDevice( 5510): 	at com.android.uiautomator.core.UiDevice.runWatchers(UiDevice.java:557)
E/UiDevice( 5510): 	at com.android.uiautomator.core.UiObject.findAccessibilityNodeInfo(UiObject.java:173)
E/UiDevice( 5510): 	at com.android.uiautomator.core.UiObject.waitForExists(UiObject.java:848)
E/UiDevice( 5510): 	at com.android.uiautomator.core.UiObject.exists(UiObject.java:899)
E/UiDevice( 5510): 	at io.appium.android.bootstrap.utils.TheWatchers.isDialogPresent(TheWatchers.java:35)
E/UiDevice( 5510): 	at io.appium.android.bootstrap.utils.TheWatchers.check(TheWatchers.java:20)
E/UiDevice( 5510): 	at io.appium.android.bootstrap.SocketServer$1.run(SocketServer.java:124)
E/UiDevice( 5510): 	at java.util.Timer$TimerImpl.run(Timer.java:284)
I/art     ( 5510): System.exit called, status: 0
I/AndroidRuntime( 5510): VM exiting with result code 0.
D/ForegroundCallbacks( 5546): went background
I/accs.InAppConn_default( 5546):  try send:DATA dataId:1 appkey:0
D/awcn.SessionCenter( 5546): |[seq:0] getInternal u:https://msgacs.m.taobao.com TypeClass:SPDY timeout:60000
D/awcn.StrategyCenter( 5546):  getSchemeByHost host:msgacs.m.taobao.com scheme:https
D/awcn.SessionRequest( 5546): |[seq:0.AWCN6] SessionRequest start host:https://msgacs.m.taobao.com type:SPDY
D/awcn.LocalDnsStrategyTable( 5546):  try resolve ip with local dns host:msgacs.m.taobao.com
D/getConnStrategyListByHost( 5546): |[seq:host] msgacs.m.taobao.com:result []
D/awcn.SessionRequest( 5546): |[seq:0.AWCN6] [getAvailStrategy] strategies:[]
I/awcn.SessionRequest( 5546): |[seq:0.AWCN6] no avalible strategy, can't create session host:https://msgacs.m.taobao.com type:SPDY
W/awcn.SessionCenter( 5546): |[seq:0] [Get]no strategy url:https://msgacs.m.taobao.com
E/accs.InAppConn_default( 5546):  reSend dataid:1 retryTimes:4
D/accs.InAppConn_default( 5546):  send message, DATA delay:2000 dataId:1
D/accs.InAppConn_default( 5546):  sendSucc false dataId:1
I/awcn.ComponentCallbacks2( 5546):  onTrimMemory level:20
I/awcn.SessionCenter( 5546): |[seq:[default]] [background]
I/awcn.StrategyCenter( 5546):  saveData
I/awcn.SessionCenter( 5546): |[seq:0] [background]
I/awcn.StrategyCenter( 5546):  saveData
I/awcn.SessionCenter( 5546): |[seq:umeng:56aadbf567e58e38d4000976] [background]
I/awcn.StrategyCenter( 5546):  saveData
W/OpenGLRenderer(  855): Incorrectly called buildLayer on View: ShortcutAndWidgetContainer, destroying layer...
W/ResourceType(  717): No package identifier when getting value for resource number 0x00000000
W/PackageManager(  717): Failure retrieving resources for com.zzl.falcon.internal: Resource ID #0x0
I/awcn.SerializeHelper( 5546):  persist end. file:/storage/emulated/0/Android/data/com.zzl.falcon.internal/files/awcn_strategy/ef133debedbd6d843d539e5eb14cfdfd cost:25
I/awcn.SerializeHelper( 5546):  persist end. file:/storage/emulated/0/Android/data/com.zzl.falcon.internal/files/awcn_strategy/0c61135c2fdcd71f15ad7297245abe44 cost:5
I/awcn.SerializeHelper( 5546):  persist end. file:/storage/emulated/0/Android/data/com.zzl.falcon.internal/files/awcn_strategy/49c6a36aaea8ee1549c1cd3e07070c79 cost:4
D/AndroidRuntime( 5654): >>>>>> START com.android.internal.os.RuntimeInit uid 0 <<<<<<
D/AndroidRuntime( 5654): CheckJNI is OFF
E/memtrack( 5654): Couldn't load memtrack module (No such file or directory)
E/android.os.Debug( 5654): failed to load memtrack module: -2
D/AndroidRuntime( 5654): Calling main entry com.android.commands.pm.Pm
D/DefContainer( 5466): Copying /data/local/tmp/settings_apk-debug.apk to base.apk
I/PackageParser(  595): io.appium.settings: compat added android.permission.WRITE_EXTERNAL_STORAGE
D/PackageManager(  595): Renaming /data/app/vmdl721453709.tmp to /data/app/io.appium.settings-2
W/PackageManager(  595): Attempt to re-install io.appium.settings without first uninstalling.
I/art     (  595): Explicit concurrent mark sweep GC freed 15912(892KB) AllocSpace objects, 7(112KB) LOS objects, 33% free, 10MB/15MB, paused 516us total 29.151ms
I/art     ( 5654): System.exit called, status: 1
I/AndroidRuntime( 5654): VM exiting with result code 1.
D/AndroidRuntime( 5672): >>>>>> START com.android.internal.os.RuntimeInit uid 0 <<<<<<
D/AndroidRuntime( 5672): CheckJNI is OFF
E/memtrack( 5672): Couldn't load memtrack module (No such file or directory)
E/android.os.Debug( 5672): failed to load memtrack module: -2
D/AndroidRuntime( 5672): Calling main entry com.android.commands.pm.Pm
D/DefContainer( 5466): Copying /data/local/tmp/unlock_apk-debug.apk to base.apk
D/PackageManager(  595): Renaming /data/app/vmdl21327556.tmp to /data/app/io.appium.unlock-2
W/PackageManager(  595): Attempt to re-install io.appium.unlock without first uninstalling.
I/art     (  595): Explicit concurrent mark sweep GC freed 5535(315KB) AllocSpace objects, 2(32KB) LOS objects, 33% free, 10MB/15MB, paused 306us total 18.653ms
I/art     ( 5672): System.exit called, status: 1
I/AndroidRuntime( 5672): VM exiting with result code 1.
I/accs.InAppConn_default( 5546):  try send:DATA dataId:1 appkey:0
D/awcn.SessionCenter( 5546): |[seq:0] getInternal u:https://msgacs.m.taobao.com TypeClass:SPDY timeout:60000
D/awcn.StrategyCenter( 5546):  getSchemeByHost host:msgacs.m.taobao.com scheme:https
W/awcn.SessionCenter( 5546): |[seq:0] app background, forbid to create accs session
E/awcn.SessionCenter( 5546): |[seq:0] [Get]connect exception errMsg:accs session connecting forbidden in background url:https://msgacs.m.taobao.com
D/accs.MsgRecv_default( 5546):  onResult command:100 erorcode:-11
D/accs.MsgRecv_default( 5546):  prepare send broadcast
D/accs.MsgDistribute( 5546):  action:com.taobao.accs.intent.action.RECEIVE
I/accs.MsgDistribute( 5546):  distribute command::100  serviceId::AgooDeviceCmd  dataId::1 appkey:0 config:default
W/accs.MsgDistribute( 5546):  appReceiver null! serviceId:AgooDeviceCmd appkey:0
D/accs.UTMini( 5546):  commitEvent fail java.lang.NoClassDefFoundError: Failed resolution of: Lcom/ut/mini/internal/UTOriginalCustomHitBuilder;
D/accs.InAppConn_default( 5546):  sendSucc false dataId:1
D/accs.UTMini( 5546):  commitEvent fail java.lang.NoClassDefFoundError: Failed resolution of: Lcom/ut/mini/internal/UTOriginalCustomHitBuilder;
I/accs.AccsAbstractDataListener( 5546):  onReceiveData dataId:1 serviceId:AgooDeviceCmd command:100
D/accs.UTMini( 5546):  commitEvent fail java.lang.NoClassDefFoundError: Failed resolution of: Lcom/ut/mini/internal/UTOriginalCustomHitBuilder;
D/accs.UTMini( 5546):  commitEvent fail java.lang.NoClassDefFoundError: Failed resolution of: Lcom/ut/mini/internal/UTOriginalCustomHitBuilder;
D/AndroidRuntime( 5692): >>>>>> START com.android.internal.os.RuntimeInit uid 0 <<<<<<
D/AndroidRuntime( 5692): CheckJNI is OFF
E/memtrack( 5692): Couldn't load memtrack module (No such file or directory)
E/android.os.Debug( 5692): failed to load memtrack module: -2
D/AndroidRuntime( 5692): Calling main entry com.android.commands.uiautomator.Launcher
I/UiWatchers( 5692): Registed GUI Exception watchers
D/AndroidRuntime( 5713): >>>>>> START com.android.internal.os.RuntimeInit uid 0 <<<<<<
D/AndroidRuntime( 5713): CheckJNI is OFF
E/memtrack( 5713): Couldn't load memtrack module (No such file or directory)
E/android.os.Debug( 5713): failed to load memtrack module: -2
D/AndroidRuntime( 5713): Calling main entry com.android.commands.am.Am
I/ActivityManager(  595): Force stopping com.zzl.falcon.internal appid=10099 user=0: from pid 5713
I/ActivityManager(  595): Killing 5546:com.zzl.falcon.internal/u0a99 (adj 7): stop com.zzl.falcon.internal
W/libprocessgroup(  595): failed to open /acct/uid_10099/pid_5546/cgroup.procs: No such file or directory
W/ActivityManager(  595): Scheduling restart of crashed service com.zzl.falcon.internal/com.taobao.accs.data.MsgDistributeService in 1000ms
I/ActivityManager(  595):   Force finishing activity 3 ActivityRecord{1376e374 u0 com.zzl.falcon.internal/com.zzl.falcon.MainActivity t182}
D/WifiService(  595): Client connection lost with reason: 4
I/ActivityManager(  595): START u0 {act=android.intent.action.MAIN cat=[android.intent.category.LAUNCHER] flg=0x10200000 cmp=com.zzl.falcon.internal/com.zzl.falcon.MainActivity} from uid 0 on display 0
V/WindowManager(  595): addAppToken: AppWindowToken{2201f3ff token=Token{177eff1e ActivityRecord{1670d759 u0 com.zzl.falcon.internal/com.zzl.falcon.MainActivity t183}}} to stack=1 task=183 at 0
D/AndroidRuntime( 5713): Shutting down VM
V/WindowManager(  595): Adding window Window{339dd3f6 u0 Starting com.zzl.falcon.internal} at 2 of 7 (after Window{2534a5a5 u0 com.android.launcher3/com.android.launcher3.Launcher})
E/libprocessgroup( 5727): failed to make and chown /acct/uid_10099: Read-only file system
W/Zygote  ( 5727): createProcessGroup failed, kernel missing CONFIG_CGROUP_CPUACCT?
I/art     ( 5727): Late-enabling -Xcheck:jni
I/ActivityManager(  595): Start proc 5727:com.zzl.falcon.internal/u0a99 for activity com.zzl.falcon.internal/com.zzl.falcon.MainActivity
I/art     ( 5727): Rejecting re-init on previously-failed class java.lang.Class<com.taobao.accs.utl.i$a>
I/art     ( 5727): Rejecting re-init on previously-failed class java.lang.Class<com.taobao.accs.utl.i$a>
D/FileCheckUtils( 5727): st.getAvailableBlocks()=1197951,st.getAvailableBlocks() * blockSize=4906807296
D/WifiService(  595): New client listening to asynchronous messages
I/WebViewFactory( 5727): Loading com.android.webview version 39 (eng.genymotion-x86) (code 399997)
I/LibraryLoader( 5727): Time to load native libraries: 5 ms (timestamps 8620-8625)
I/LibraryLoader( 5727): Expected native library version number "",actual native library version number ""
W/art     ( 5727): Attempt to remove local handle scope entry from IRT, ignoring
W/art     ( 5727): Suspending all threads took: 7.682ms
I/art     ( 5727): Background partial concurrent mark sweep GC freed 3212(228KB) AllocSpace objects, 2(32KB) LOS objects, 39% free, 2MB/3MB, paused 9.255ms total 43.429ms
I/art     ( 5727): Rejecting re-init on previously-failed class java.lang.Class<com.taobao.accs.utl.k>
I/art     ( 5727): Rejecting re-init on previously-failed class java.lang.Class<com.taobao.accs.utl.k>
D/ForegroundCallbacks( 5727): went foreground
D/OpenGLRenderer( 5727): Use EGL_SWAP_BEHAVIOR_PRESERVED: true
D/        ( 5727): HostConnection::get() New Host Connection established 0xf3ffa550, tid 5727
D/Atlas   ( 5727): Validating map...
V/WindowManager(  595): Adding window Window{2f757c83 u0 com.zzl.falcon.internal/com.zzl.falcon.MainActivity} at 2 of 8 (before Window{339dd3f6 u0 Starting com.zzl.falcon.internal})
D/com.umeng.message.PushAgent( 5727): The AndroidManifest config is right
E/umengsocial( 5727): ----sdkversion:6.4.4---
E/umengsocial( 5727):  debug:APPIDConfig.DEBUG = true
E/umengsocial( 5727): https://at.umeng.com/0fqeCy?cid=476
I/accs.Utils( 5727):  setMode mode:0
I/accs.AccsClientConfig_umeng:56aadbf567e58e38d4000976( 5727):  build config:AccsClientConfig{mAppKey=umeng:56aadbf567e58e38d4000976, mAppSecret=de6c6ea9227d256e20df4f0cf58d1c9d, mInappHost=umengacs.m.taobao.com, mChannelHost=umengjmacs.m.taobao.com, mSecurity=2, mAuthCode=null, mInappPubKey=11, mChannelPubKey=11, mKeepalive=true, mAutoUnit=false, mConfigEnv=0, mTag=umeng:56aadbf567e58e38d4000976, mDisableChannel=false
I/accs.ACCSClient( 5727):  init config:AccsClientConfig{mAppKey=umeng:56aadbf567e58e38d4000976, mAppSecret=de6c6ea9227d256e20df4f0cf58d1c9d, mInappHost=umengacs.m.taobao.com, mChannelHost=umengjmacs.m.taobao.com, mSecurity=2, mAuthCode=null, mInappPubKey=11, mChannelPubKey=11, mKeepalive=true, mAutoUnit=false, mConfigEnv=0, mTag=umeng:56aadbf567e58e38d4000976, mDisableChannel=false
D/6.4.4net_test----( 5727): URequest  = com.umeng.socialize.net.stats.DauStatsRequest
I/accs.TaobaoRegister( 5727):  register appKey:umeng:56aadbf567e58e38d4000976 configTag:umeng:56aadbf567e58e38d4000976
I/accs.Config( 5727):  setAgooAppKey appkey:umeng:56aadbf567e58e38d4000976
I/accs.TaobaoRegister( 5727):  config exist config:AccsClientConfig{mAppKey=umeng:56aadbf567e58e38d4000976, mAppSecret=de6c6ea9227d256e20df4f0cf58d1c9d, mInappHost=umengacs.m.taobao.com, mChannelHost=umengjmacs.m.taobao.com, mSecurity=2, mAuthCode=null, mInappPubKey=11, mChannelPubKey=11, mKeepalive=true, mAutoUnit=false, mConfigEnv=0, mTag=umeng:56aadbf567e58e38d4000976, mDisableChannel=false
W/accs.ACCSManager( 5727):  new accs instance configTag:umeng:56aadbf567e58e38d4000976
D/accs.MsgRecv_umeng:56aadbf567e58e38d4000976( 5727):  message file not exist
W/accs.OrangeAdapter( 5727):  no orange sdk
I/accs.OrangeAdapter( 5727):  isTnetLogOff result:true
D/FileCheckUtils( 5727): st.getAvailableBlocks()=1197951,st.getAvailableBlocks() * blockSize=4906807296
D/accs.ACCSMgrImpl_umeng:56aadbf567e58e38d4000976( 5727):  bindApp APPKEY:umeng:56aadbf567e58e38d4000976
D/accs.UtilityImpl( 5727):  enableService,comptName=ComponentInfo{com.zzl.falcon.internal/com.taobao.accs.ChannelService}
I/awcn.HMacUtil( 5727):  hmacSha1Hex result:b72cb9a6e19f6dc73c45e6c6720a16c7c8c04b1db6c63753aa9205edf63f75d8
D/accs.UtilityImpl( 5727):  get EMUI version is:
D/6.4.4net_test----( 5727): urlPath=https://stats.umsns.com/sdkstats?  SocializeNetUtils url=md5imei=5284047F4FFB4E04824A2FD1D1F0CD62&ak=56aadbf567e58e38d4000976&de=Google+Nexus+4+-+5.1.0+-+API+22+-+768x1280&ek=c695ac60ec599dfabf90399f248ea020&imei=000000000000000&test=0&ni=1&useshareview=true&isjump=false&sdkv=6.4.4&android_id=94c8b0577e2215e7&pcv=2.0&mac=08%3A00%3A27%3Aa7%3Afe%3A60&sn=unknown&pkname=com.zzl.falcon.internal&os=Android&stats_type=dau&opid=0&isauth=false&isshare=false&en=Wi-Fi&uid=528447f4ffb4e4824a2fd1d1fcd62&tp=1&os_version=5.1&u_sharetype=native&dt=1512062236895
E/awcn.GlobalAppRuntimeInfo( 5727):   CurrentProcess:com.zzl.falcon.internal TargetProcess:com.zzl.falcon.internal
I/awcn.HMacUtil( 5727):  hmacSha1Hex result:b72cb9a6e19f6dc73c45e6c6720a16c7c8c04b1db6c63753aa9205edf63f75d8
D/awcn.StrategyCenter( 5727):  getSchemeByHost host:umengacs.m.taobao.com scheme:https
D/awcn.SessionCenter( 5727): |[seq:umeng:56aadbf567e58e38d4000976] getInternal u:https://umengacs.m.taobao.com TypeClass:SPDY timeout:0
D/awcn.StrategyCenter( 5727):  getSchemeByHost host:umengacs.m.taobao.com scheme:https
D/awcn.SessionRequest( 5727): |[seq:umeng:56aadbf567e58e38d4000976.AWCN2] SessionRequest start host:https://umengacs.m.taobao.com type:SPDY
D/getConnStrategyListByHost( 5727): |[seq:host] umengacs.m.taobao.com:result [{106.11.61.106 80 spdy_0rtt_acs}, {106.11.61.106 443 http2_0rtt_acs}, {140.205.160.76 443 http2_0rtt_acs}, {140.205.160.76 80 http2_0rtt_acs}, {140.205.160.76 443 spdy_0rtt_acs}, {140.205.160.76 80 spdy_0rtt_acs}, {106.11.61.106 443 https}, {140.205.160.76 443 https}, {106.11.61.106 443 spdy_0rtt_acs}, {106.11.61.106 80 http2_0rtt_acs}]
D/awcn.SessionRequest( 5727): |[seq:umeng:56aadbf567e58e38d4000976.AWCN2] [getAvailStrategy] strategies:[{106.11.61.106 80 spdy_0rtt_acs}, {106.11.61.106 443 http2_0rtt_acs}, {140.205.160.76 443 http2_0rtt_acs}, {140.205.160.76 80 http2_0rtt_acs}, {140.205.160.76 443 spdy_0rtt_acs}, {140.205.160.76 80 spdy_0rtt_acs}, {106.11.61.106 443 spdy_0rtt_acs}, {106.11.61.106 80 http2_0rtt_acs}]
I/awcn.SessionRequest( 5727): |[seq:umeng:56aadbf567e58e38d4000976.AWCN2_1] create connection... Host:https://umengacs.m.taobao.com Type:spdy_0rtt_acs IP:106.11.61.106 Port:80 heartbeat:45000 session:Session@[umeng:56aadbf567e58e38d4000976.AWCN2_1|spdy_0rtt_acs]
E/awcn.TnetSpdySession( 5727): |[seq:umeng:56aadbf567e58e38d4000976.AWCN2_1] [connect] host:https://umengacs.m.taobao.com connect :106.11.61.106:80 sessionId:1512062236917 SpdyProtocol,:spdy_0rtt_acs proxyIp,: proxyPort,:0
E/awcn.Session( 5727): |[seq:umeng:56aadbf567e58e38d4000976.AWCN2_1] notifyStatus status:CONNECTING
I/accs.InAppConn_umeng:56aadbf567e58e38d4000976( 5727):  registerSessionInfo host:umengacs.m.taobao.com
E/accs.InAppConn_umeng:56aadbf567e58e38d4000976( 5727):  init awcn success!
D/accs.InAppConn_umeng:56aadbf567e58e38d4000976( 5727):  1 start
I/accs.ClientManager_umeng:56aadbf567e58e38d4000976( 5727):  restoreClients mBindStatus restore={com.zzl.falcon.internal=2}
I/accs.ClientManager_umeng:56aadbf567e58e38d4000976( 5727):  isAppBinded begin..appStatus=2,mBindStatus={com.zzl.falcon.internal=2}
I/accs.ACCSMgrImpl_umeng:56aadbf567e58e38d4000976( 5727):  com.zzl.falcon.internal isAppBinded
D/accs.MsgRecv_umeng:56aadbf567e58e38d4000976( 5727):  onResult command:1 erorcode:200
D/accs.MsgRecv_umeng:56aadbf567e58e38d4000976( 5727):  prepare send broadcast
D/accs.accs.BindAppStatistic( 5727):  eventId=66001;arg1=WajMPL/DZuUDAJwcljDKSIFW;arg2=null;arg3=221;args={push_token=, fail_reasons=null, device_id=WajMPL/DZuUDAJwcljDKSIFW, ret=y, bind_date=1512062236928}
D/accs.MsgDistribute( 5727):  action:com.taobao.accs.intent.action.RECEIVE
I/accs.MsgDistribute( 5727):  distribute command::1  serviceId::  dataId:: appkey:umeng:56aadbf567e58e38d4000976 config:umeng:56aadbf567e58e38d4000976
D/accs.UTMini( 5727):  commitEvent fail java.lang.NoClassDefFoundError: Failed resolution of: Lcom/ut/mini/internal/UTOriginalCustomHitBuilder;
I/accs.TaobaoRegister( 5727):  onBindApp errorCode:200
I/art     ( 5727): Rejecting re-init on previously-failed class java.lang.Class<com.taobao.accs.utl.i$a>
W/accs.ACCSMgrImpl_umeng:56aadbf567e58e38d4000976( 5727):  no orange sdk
I/accs.GlobalConfig( 5727):  setEnableForground enable:false
I/accs.OrangeAdapter( 5727):  saveConfigToSP key:support_foreground_v value:0
I/art     ( 5727): Background sticky concurrent mark sweep GC freed 5987(540KB) AllocSpace objects, 7(112KB) LOS objects, 23% free, 2MB/3MB, paused 5.656ms total 41.514ms
E/awcn.Session( 5727): |[seq:umeng:56aadbf567e58e38d4000976.AWCN2_1] notifyStatus status:CONNECTED
I/accs.InAppConn_umeng:56aadbf567e58e38d4000976( 5727):  auth begin seq:umeng:56aadbf567e58e38d4000976.AWCN2_1
E/accs.InAppConn_umeng:56aadbf567e58e38d4000976( 5727):  1 auth URL:https://umengacs.m.taobao.com/accs/auth?1=WajMPL%2FDZuUDAJwcljDKSIFW&2=b72cb9a6e19f6dc73c45e6c6720a16c7c8c04b1db6c63753aa9205edf63f75d8&3=umeng:56aadbf567e58e38d4000976&5=1&6=wifi&7=31027&8=1.1.2&9=1512062236916&10=1&11=22&12=com.zzl.falcon.internal&13=2.4.0&14=android@umeng&15=Google Nexus 4 - 5.1.0 - API 22 - 768x1280&16=generic&17=221&19=0
I/awcn.TnetSpdySession( 5727):   request URL:https://umengacs.m.taobao.com/accs/auth?1=WajMPL%2FDZuUDAJwcljDKSIFW&2=b72cb9a6e19f6dc73c45e6c6720a16c7c8c04b1db6c63753aa9205edf63f75d8&3=umeng:56aadbf567e58e38d4000976&5=1&6=wifi&7=31027&8=1.1.2&9=1512062236916&10=1&11=22&12=com.zzl.falcon.internal&13=2.4.0&14=android@umeng&15=Google Nexus 4 - 5.1.0 - API 22 - 768x1280&16=generic&17=221&19=0
I/awcn.TnetSpdySession( 5727):   request Method:GET
I/awcn.TnetSpdySession( 5727):   request headers:{}
D/awcn.TnetSpdySession( 5727):   streamId:1
D/awcn.DefaultHeartbeatImpl( 5727): |[seq:umeng:56aadbf567e58e38d4000976.AWCN2_1] reSchedule session:Session@[umeng:56aadbf567e58e38d4000976.AWCN2_1|spdy_0rtt_acs] delay:1512062281944
E/awcn.TnetSpdySession( 5727): |[seq:umeng:56aadbf567e58e38d4000976.AWCN2_1] spdySessionConnectCB connect connectTime:14 sslTime::6
I/accs.AgooBindCache( 5727):  restoreAgooClients packs null return
I/accs.AgooBindCache( 5727):  isAgooRegistered begin..appStatus=null,mAgooBindStatus={}
D/accs.UtilityImpl( 5727):  get EMUI version is:
I/accs.RegisterDO( 5727):  buildData data:{"cmd":"register","appKey":"umeng:56aadbf567e58e38d4000976","utdid":"WajMPL\/DZuUDAJwcljDKSIFW","appVersion":"2.4.0","sdkVersion":"221","ttid":"android@umeng","packageName":"com.zzl.falcon.internal","notifyEnable":"true","romInfo":"","c0":"generic","c1":"Google Nexus 4 - 5.1.0 - API 22 - 768x1280","c2":"000000000000000","c3":"310270000000000"}
D/accs.InAppConn_umeng:56aadbf567e58e38d4000976( 5727):  1 start
W/Settings( 5727): Setting android_id has moved from android.provider.Settings.System to android.provider.Settings.Secure, returning read-only value.
D/awcn.TnetSpdySession( 5727):  spdyStreamCloseCallback streamId:1
D/accs.InAppConn_umeng:56aadbf567e58e38d4000976( 5727):  send message, DATA delay:0 dataId:4
E/awcn.TnetSpdySession( 5727):  spdyStreamCloseCallback error status code:-2032
I/accs.InAppConn_umeng:56aadbf567e58e38d4000976( 5727):  try send:DATA dataId:4 appkey:umeng:56aadbf567e58e38d4000976
D/awcn.SessionCenter( 5727): |[seq:umeng:56aadbf567e58e38d4000976] getInternal u:https://umengacs.m.taobao.com TypeClass:SPDY timeout:60000
D/awcn.StrategyCenter( 5727):  getSchemeByHost host:umengacs.m.taobao.com scheme:https
D/awcn.SessionRequest( 5727): |[seq:umeng:56aadbf567e58e38d4000976.AWCN3] SessionRequest start host:https://umengacs.m.taobao.com type:SPDY
D/awcn.SessionRequest( 5727): |[seq:umeng:56aadbf567e58e38d4000976.AWCN3] session is connecting, return host:https://umengacs.m.taobao.com
D/awcn.SessionRequest( 5727):  [await] timeoutMs:60000
E/accs.InAppConn_umeng:56aadbf567e58e38d4000976( 5727):  AUTH onFinish statusCode:-2032 seq:umeng:56aadbf567e58e38d4000976.AWCN2_1
E/awcn.Session( 5727): |[seq:umeng:56aadbf567e58e38d4000976.AWCN2_1] notifyStatus status:AUTH_FAIL
E/awcn.TnetSpdySession( 5727): |[seq:umeng:56aadbf567e58e38d4000976.AWCN2_1] force close! session:Session@[umeng:56aadbf567e58e38d4000976.AWCN2_1|spdy_0rtt_acs]
E/awcn.Session( 5727): |[seq:umeng:56aadbf567e58e38d4000976.AWCN2_1] notifyStatus status:DISCONNECTING
D/awcn.SessionRequest( 5727):  Receive session event type:AUTH_FAIL
I/accs.MsgDistribute( 5727):  distribMessage serviceId is null!! command:1
D/awcn.StrategyTable( 5727):  [notifyConnEvent] Host:umengacs.m.taobao.com IConnStrategy:{106.11.61.106 80 spdy_0rtt_acs} ConnEvent:ConnEvent#Fail
I/awcn.DefaultHeartbeatImpl( 5727): |[seq:umeng:56aadbf567e58e38d4000976.AWCN2_1] heartbeat stop session:Session@[umeng:56aadbf567e58e38d4000976.AWCN2_1|spdy_0rtt_acs]
E/awcn.TnetSpdySession( 5727): |[seq:umeng:56aadbf567e58e38d4000976.AWCN2_1] spdySessionCloseCallback  errorCode::-2032
E/awcn.Session( 5727): |[seq:umeng:56aadbf567e58e38d4000976.AWCN2_1] notifyStatus status:DISCONNECTED
D/awcn.SessionRequest( 5727): |[seq:umeng:56aadbf567e58e38d4000976.AWCN2_1] Session:Session@[umeng:56aadbf567e58e38d4000976.AWCN2_1|spdy_0rtt_acs] EventType:DISCONNECTED Event:anet.channel.entity.c@2bd12b1c
D/awcn.SessionRequest( 5727): |[seq:umeng:56aadbf567e58e38d4000976.AWCN2_1] Connect failed session:Session@[umeng:56aadbf567e58e38d4000976.AWCN2_1|spdy_0rtt_acs] host:https://umengacs.m.taobao.com isHandleFinish:false
D/awcn.SessionRequest( 5727): |[seq:umeng:56aadbf567e58e38d4000976.AWCN2_1] use next connInfo to create session host:https://umengacs.m.taobao.com
I/awcn.SessionRequest( 5727): |[seq:umeng:56aadbf567e58e38d4000976.AWCN2_2] create connection... Host:https://umengacs.m.taobao.com Type:spdy_0rtt_acs IP:106.11.61.106 Port:80 heartbeat:45000 session:Session@[umeng:56aadbf567e58e38d4000976.AWCN2_2|spdy_0rtt_acs]
E/awcn.TnetSpdySession( 5727): |[seq:umeng:56aadbf567e58e38d4000976.AWCN2_2] [connect] host:https://umengacs.m.taobao.com connect :106.11.61.106:80 sessionId:1512062236966 SpdyProtocol,:spdy_0rtt_acs proxyIp,: proxyPort,:0
E/awcn.Session( 5727): |[seq:umeng:56aadbf567e58e38d4000976.AWCN2_2] notifyStatus status:CONNECTING
E/awcn.Session( 5727): |[seq:umeng:56aadbf567e58e38d4000976.AWCN2_2] notifyStatus status:CONNECTED
I/accs.InAppConn_umeng:56aadbf567e58e38d4000976( 5727):  auth begin seq:umeng:56aadbf567e58e38d4000976.AWCN2_2
E/accs.InAppConn_umeng:56aadbf567e58e38d4000976( 5727):  1 auth URL:https://umengacs.m.taobao.com/accs/auth?1=WajMPL%2FDZuUDAJwcljDKSIFW&2=b72cb9a6e19f6dc73c45e6c6720a16c7c8c04b1db6c63753aa9205edf63f75d8&3=umeng:56aadbf567e58e38d4000976&5=1&6=wifi&7=31027&8=1.1.2&9=1512062236916&10=1&11=22&12=com.zzl.falcon.internal&13=2.4.0&14=android@umeng&15=Google Nexus 4 - 5.1.0 - API 22 - 768x1280&16=generic&17=221&19=0
I/awcn.TnetSpdySession( 5727):   request URL:https://umengacs.m.taobao.com/accs/auth?1=WajMPL%2FDZuUDAJwcljDKSIFW&2=b72cb9a6e19f6dc73c45e6c6720a16c7c8c04b1db6c63753aa9205edf63f75d8&3=umeng:56aadbf567e58e38d4000976&5=1&6=wifi&7=31027&8=1.1.2&9=1512062236916&10=1&11=22&12=com.zzl.falcon.internal&13=2.4.0&14=android@umeng&15=Google Nexus 4 - 5.1.0 - API 22 - 768x1280&16=generic&17=221&19=0
I/awcn.TnetSpdySession( 5727):   request Method:GET
I/awcn.TnetSpdySession( 5727):   request headers:{}
D/awcn.TnetSpdySession( 5727):   streamId:1
D/awcn.DefaultHeartbeatImpl( 5727): |[seq:umeng:56aadbf567e58e38d4000976.AWCN2_2] reSchedule session:Session@[umeng:56aadbf567e58e38d4000976.AWCN2_2|spdy_0rtt_acs] delay:1512062281981
E/awcn.TnetSpdySession( 5727): |[seq:umeng:56aadbf567e58e38d4000976.AWCN2_2] spdySessionConnectCB connect connectTime:13 sslTime::0
W/Settings( 5727): Setting android_id has moved from android.provider.Settings.System to android.provider.Settings.Secure, returning read-only value.
I/awcn.TnetSpdySession( 5727):   httpStatusCode:200
I/awcn.TnetSpdySession( 5727):   response headers:{:version=[HTTP/1.1], x-at=[WajMPL%2FDZuUDAJwcljDKSIFWumeng:56aadbf567e58e38d40009761512130196], date=[Fri, 01 Dec 2017 08:09:56 GMT], server=[Tengine/Aserver/3.0.191_20170923193325], content-length=[0], x-workerid=[-2984203153399873513], :status=[200]}
E/accs.InAppConn_umeng:56aadbf567e58e38d4000976( 5727):  AUTH httpStatusCode:200 seq:umeng:56aadbf567e58e38d4000976.AWCN2_2
E/awcn.Session( 5727): |[seq:umeng:56aadbf567e58e38d4000976.AWCN2_2] notifyStatus status:AUTH_SUCC
I/awcn.DefaultHeartbeatImpl( 5727): |[seq:umeng:56aadbf567e58e38d4000976.AWCN2_2] heartbeat start session:Session@[umeng:56aadbf567e58e38d4000976.AWCN2_2|spdy_0rtt_acs]
D/awcn.TnetSpdySession( 5727): |[seq:umeng:56aadbf567e58e38d4000976.AWCN2_2] spdyOnStreamResponse authTime:0
I/accs.UtilityImpl( 5727):  	header:server value:Tengine/Aserver/3.0.191_20170923193325
I/accs.UtilityImpl( 5727):  	header:date value:Fri, 01 Dec 2017 08:09:56 GMT
I/accs.UtilityImpl( 5727):  	header:x-at value:WajMPL%2FDZuUDAJwcljDKSIFWumeng:56aadbf567e58e38d40009761512130196
I/accs.UtilityImpl( 5727):  	header::version value:HTTP/1.1
I/accs.UtilityImpl( 5727):  	header:content-length value:0
I/accs.UtilityImpl( 5727):  	header:x-workerid value:-2984203153399873513
I/accs.UtilityImpl( 5727):  	header::status value:200
D/awcn.TnetSpdySession( 5727):  spdyStreamCloseCallback streamId:1
D/awcn.SessionRequest( 5727): |[seq:umeng:56aadbf567e58e38d4000976.AWCN2_2] Session:Session@[umeng:56aadbf567e58e38d4000976.AWCN2_2|spdy_0rtt_acs] EventType:AUTH_SUCC Event:
D/awcn.SessionRequest( 5727): |[seq:umeng:56aadbf567e58e38d4000976.AWCN2_2] Connect Success session:Session@[umeng:56aadbf567e58e38d4000976.AWCN2_2|spdy_0rtt_acs] host:https://umengacs.m.taobao.com
D/awcn.SessionRequest( 5727):  Receive session event type:AUTH_SUCC
D/awcn.StrategyTable( 5727):  [notifyConnEvent] Host:umengacs.m.taobao.com IConnStrategy:{106.11.61.106 80 spdy_0rtt_acs} ConnEvent:ConnEvent#Success
D/6.4.4net_test----( 5727): requestMethod:GET;origin data:ok
E/UClient ( 5727): org.json.JSONException: Value ok of type java.lang.String cannot be converted to JSONObject:  [Caught Exception in decryptData()]
E/UClient ( 5727):         at	 org.json.JSON.typeMismatch(JSON.java:111)
E/UClient ( 5727):         at	 org.json.JSONObject.<init>(JSONObject.java:160)
E/UClient ( 5727):         at	 org.json.JSONObject.<init>(JSONObject.java:173)
E/UClient ( 5727):         at	 com.umeng.socialize.net.utils.UClient.decryptData(UClient.java:480)
E/UClient ( 5727):         at	 com.umeng.socialize.net.utils.UClient.parseResult(UClient.java:413)
E/UClient ( 5727):         at	 com.umeng.socialize.net.utils.UClient.httpGetRequest(UClient.java:216)
E/UClient ( 5727):         at	 com.umeng.socialize.net.utils.UClient.execute(UClient.java:72)
E/UClient ( 5727):         at	 com.umeng.socialize.net.base.SocializeClient.execute(SocializeClient.java:33)
E/UClient ( 5727):         at	 com.umeng.socialize.net.stats.StatsAPIs.dauStats(StatsAPIs.java:124)
E/UClient ( 5727):         at	 com.umeng.socialize.net.analytics.SocialAnalytics$8.run(SocialAnalytics.java:238)
E/UClient ( 5727):         at	 java.util.concurrent.Executors$RunnableAdapter.call(Executors.java:422)
E/UClient ( 5727):         at	 java.util.concurrent.FutureTask.run(FutureTask.java:237)
E/UClient ( 5727):         at	 java.util.concurrent.ThreadPoolExecutor.runWorker(ThreadPoolExecutor.java:1112)
E/UClient ( 5727):         at	 java.util.concurrent.ThreadPoolExecutor$Worker.run(ThreadPoolExecutor.java:587)
E/UClient ( 5727):         at	 java.lang.Thread.run(Thread.java:818)
D/6.4.4net_test----( 5727): result  = null
D/StatsAPIs( 5727): read stats log
D/accs.Msg_umeng:56aadbf567e58e38d4000976( 5727):  Build Message
D/accs.Msg_umeng:56aadbf567e58e38d4000976( 5727):  	version:2 compress:1
D/accs.Msg_umeng:56aadbf567e58e38d4000976( 5727):  	flag: 0x40
D/accs.Msg_umeng:56aadbf567e58e38d4000976( 5727):  	totalLength:354
D/accs.Msg_umeng:56aadbf567e58e38d4000976( 5727):  	dataLength:352
D/accs.Msg_umeng:56aadbf567e58e38d4000976( 5727):  	flags:ffffc800
D/accs.Msg_umeng:56aadbf567e58e38d4000976( 5727):  	targetLength:16
D/accs.Msg_umeng:56aadbf567e58e38d4000976( 5727):  	target:2|AgooDeviceCmd|
D/accs.Msg_umeng:56aadbf567e58e38d4000976( 5727):  	sourceLength:63
D/accs.Msg_umeng:56aadbf567e58e38d4000976( 5727):  	source:WajMPL/DZuUDAJwcljDKSIFW|com.zzl.falcon.internal|AgooDeviceCmd|
D/accs.Msg_umeng:56aadbf567e58e38d4000976( 5727):  	dataIdLength:1
D/accs.Msg_umeng:56aadbf567e58e38d4000976( 5727):  	dataId:4
D/accs.Msg_umeng:56aadbf567e58e38d4000976( 5727):  	extHeader len:0
D/accs.Msg_umeng:56aadbf567e58e38d4000976( 5727):  	oriData:{"cmd":"register","appKey":"umeng:56aadbf567e58e38d4000976","utdid":"WajMPL\/DZuUDAJwcljDKSIFW","appVersion":"2.4.0","sdkVersion":"221","ttid":"android@umeng","packageName":"com.zzl.falcon.internal","notifyEnable":"true","romInfo":"","c0":"generic","c1":"Google Nexus 4 - 5.1.0 - API 22 - 768x1280","c2":"000000000000000","c3":"310270000000000"}
D/accs.Msg_umeng:56aadbf567e58e38d4000976( 5727):  len:358
D/c       ( 5727): dir path/data/data/com.zzl.falcon.internal/files/umSocialStateLog
D/b       ( 5727): read:240
E/com.umeng.message.UTrack( 5727): RegistrationId is empty
E/com.umeng.message.UTrack( 5727): RegistrationId is empty
D/awcn.NetworkStatusMonitor( 5727):  receiver:android.net.conn.CONNECTIVITY_CHANGE
D/awcn.NetworkStatusMonitor( 5727):  [checkNetworkStatus]
I/awcn.NetworkStatusMonitor( 5727):  checkNetworkStatus info.isConnected:true info.isAvailable:true
I/accs.MsgDistributeService( 5727):  onStartCommand action:com.taobao.accs.intent.action.RECEIVE
I/accs.MsgDistributeService( 5727):  onStartCommand action:com.taobao.accs.intent.action.RECEIVE
D/accs.MsgDistribute( 5727):  action:com.taobao.accs.intent.action.RECEIVE
I/accs.MsgDistribute( 5727):  distribute command::103  serviceId::  dataId:: appkey: config:
D/accs.MsgDistribute( 5727):  action:com.taobao.accs.intent.action.RECEIVE
I/accs.MsgDistribute( 5727):  distribute command::103  serviceId::  dataId:: appkey: config:
D/accs.Msg_umeng:56aadbf567e58e38d4000976( 5727):  21 40 1 62 1 60 c8 0 10 32 7c 41 67 6f 6f 44 65 76 69 63 65 43 6d 64 7c 3f 57 61 6a 4d 50 4c 2f 44 5a 75 55 44 41 4a 77 63 6c 6a 44 4b 53 49 46 57 7c 63 6f 6d 2e 7a 7a 6c 2e 66 61 6c 63 6f 6e 2e 69 6e 74 65 72 6e 61 6c 7c 41 67 6f 6f 44 65 76 69 63 65 43 6d 64 7c 1 34 0 0 1f 8b 8 0 0 0 0 0 0 0 55 8e 4d 4f c3 30 c 86 ff 4a d5 33 84 34 fd 64 27 26 15 50 19 4c 93 10 4c 42 5c bc c4 ad b2 a5 c9 94 a6 62 1b e2 bf e3 8e cb f0 c5 7e 1f bf fe f8 8e 65 af e2 59 ec b1 d3 43 40 1f 5f c5 b0 df 2f f0 48 6c ec d1 76 b3 bc 0 50 9b 36 2f 4a cc 2b 4c 2b 95 71 ce 6f cb 82 9c 63 50 7a 1a 5e c3 f6 65 f5 fc 79 53 7f 8c 6f f5 fc e9 4b 9a 6d bd 78 6d 1e d6 7f db de d1 f da 59 32 a 96 31 4e 70 50 bb b 28 12 42 21 9c 57 81 55 de 69 75 77 be 4d 78 f 72 7 1d 2e a1 47 ea 4a d7 b3 d3 c9 b0 16 8c 74 96 69 4b 1f 5b 30 e4 b3 2e e8 f6 78 6f 61 63 26 63 f0 23 12 f5 ae 6f 6c eb 8 90 90 9c 72 87 16 bd 96 93 4c 48 3e 3a d7 19 8c 96 78 18 87 28 8b ae a3 9c 25 8c 53 9e af 9a 48 8 2a ca a2 3a 24 a2 9a be 96 82 26 f8 ff 98 70 4a 38 4d b8 28 2f f0 cf 2f 6f 1d 8f 49 59 1 0 0 
I/accs.InAppConn_umeng:56aadbf567e58e38d4000976( 5727):  send data  len:358 dataId:4 command:100 host:https://umengacs.m.taobao.com utdid:WajMPL/DZuUDAJwcljDKSIFW
E/awcn.TnetSpdySession( 5727): |[seq:umeng:56aadbf567e58e38d4000976.AWCN2_2] sendCustomFrame dataId:4 type:200
D/accs.InAppConn_umeng:56aadbf567e58e38d4000976( 5727):  sendSucc true dataId:4
E/awcn.TnetSpdySession( 5727): |[seq:umeng:56aadbf567e58e38d4000976.AWCN2_2] [spdyCustomControlFrameRecvCallback] len:156 frameCb:com.taobao.accs.net.k@39340805
E/awcn.TnetSpdySession( 5727): |[seq:umeng:56aadbf567e58e38d4000976.AWCN2_2] str:20 40 0 98 0 96 e0 0 3f 57 61 6a 4d 50 4c 2f 44 5a 75 55 44 41 4a 77 63 6c 6a 44 4b 53 49 46 57 7c 63 6f 6d 2e 7a 7a 6c 2e 66 61 6c 63 6f 6e 2e 69 6e 74 65 72 6e 61 6c 7c 41 67 6f 6f 44 65 76 69 63 65 43 6d 64 7c 10 32 7c 41 67 6f 6f 44 65 76 69 63 65 43 6d 64 7c 1 34 0 9 24 7 75 6e 7a 62 79 75 6e 7b 22 72 65 73 75 6c 74 43 6f 64 65 22 3a 22 65 72 5f 70 61 72 61 6d 5f 61 70 70 5f 70 61 63 6b 61 67 65 22 2c 22 63 6d 64 22 3a 22 72 65 67 69 73 74 65 72 22 7d 
I/accs.InAppConn_umeng:56aadbf567e58e38d4000976( 5727):  onDataReceive, type:200 len:156
E/accs.InAppConn_umeng:56aadbf567e58e38d4000976( 5727):  onDataReceive, end:
D/accs.MsgRecv_umeng:56aadbf567e58e38d4000976( 5727):  version:2
D/accs.MsgRecv_umeng:56aadbf567e58e38d4000976( 5727):  compress:0
D/accs.MsgRecv_umeng:56aadbf567e58e38d4000976( 5727):  totalLen:152
D/accs.MsgRecv_umeng:56aadbf567e58e38d4000976( 5727):  buf len:150
D/accs.MsgRecv_umeng:56aadbf567e58e38d4000976( 5727):  flag:e000
D/accs.MsgRecv_umeng:56aadbf567e58e38d4000976( 5727):  target:WajMPL/DZuUDAJwcljDKSIFW|com.zzl.falcon.internal|AgooDeviceCmd|
D/accs.MsgRecv_umeng:56aadbf567e58e38d4000976( 5727):  source:2|AgooDeviceCmd|
D/accs.MsgRecv_umeng:56aadbf567e58e38d4000976( 5727):  dataId:4
D/accs.MsgRecv_umeng:56aadbf567e58e38d4000976( 5727):  extHeaderLen:9
D/accs.MsgRecv_umeng:56aadbf567e58e38d4000976( 5727):   extHeaderType:9 value:unzbyun
D/accs.MsgRecv_umeng:56aadbf567e58e38d4000976( 5727):  oriData:[B@2e77205a
I/accs.MsgRecv_umeng:56aadbf567e58e38d4000976( 5727):  1 dataId 4:type DATA:reqType RES:resType NO_ACK:target WajMPL/DZuUDAJwcljDKSIFW|com.zzl.falcon.internal|AgooDeviceCmd|
D/accs.MsgRecv_umeng:56aadbf567e58e38d4000976( 5727):  reqMessage not null
W/ActivityManager(  595): getTasks: caller 10099 does not hold GET_TASKS; limiting output
D/accs.MsgRecv_umeng:56aadbf567e58e38d4000976( 5727):  onResult command:100 erorcode:200
D/accs.MsgRecv_umeng:56aadbf567e58e38d4000976( 5727):  prepare send broadcast
D/accs.UTMini( 5727):  commitEvent fail java.lang.NoClassDefFoundError: Failed resolution of: Lcom/ut/mini/internal/UTOriginalCustomHitBuilder;
D/accs.InAppConn_umeng:56aadbf567e58e38d4000976( 5727):  try handle msg
D/accs.MsgDistribute( 5727):  action:com.taobao.accs.intent.action.RECEIVE
I/accs.MsgDistribute( 5727):  distribute command::100  serviceId::AgooDeviceCmd  dataId::1 appkey:umeng:56aadbf567e58e38d4000976 config:umeng:56aadbf567e58e38d4000976
W/accs.MsgDistribute( 5727):  appReceiver null! serviceId:AgooDeviceCmd appkey:umeng:56aadbf567e58e38d4000976
D/accs.UTMini( 5727):  commitEvent fail java.lang.NoClassDefFoundError: Failed resolution of: Lcom/ut/mini/internal/UTOriginalCustomHitBuilder;
I/accs.AccsAbstractDataListener( 5727):  onReceiveData dataId:1 serviceId:AgooDeviceCmd command:100
D/accs.UTMini( 5727):  commitEvent fail java.lang.NoClassDefFoundError: Failed resolution of: Lcom/ut/mini/internal/UTOriginalCustomHitBuilder;
I/accs.RequestListener( 5727):  RequestListener onResponse dataId:1 listener:com.umeng.message.PushAgent$2@1f223db9 json:{"resultCode":"er_param_app_package","cmd":"register"}
I/com.umeng.message.PushAgent( 5727): register-->onFailure-->s:er_param_app_package,s1:agoo server error
D/accs.UTMini( 5727):  commitEvent fail java.lang.NoClassDefFoundError: Failed resolution of: Lcom/ut/mini/internal/UTOriginalCustomHitBuilder;
W/FragmentManager( 5727): moveToState: Fragment state for FinanceFragment{400eaf1 #0 id=0x7f0e0108 android:switcher:2131624200:1} not updated inline; expected state 3 found 2
W/FragmentManager( 5727): moveToState: Fragment state for AccountFragment{2e8c4b3f #1 id=0x7f0e0108 android:switcher:2131624200:2} not updated inline; expected state 3 found 2
W/FragmentManager( 5727): moveToState: Fragment state for SettingFragment{bfe9758 #2 id=0x7f0e0108 android:switcher:2131624200:3} not updated inline; expected state 3 found 2
E/QueryController( 5692): Got null root node from accessibility - Retrying...
D/OkHttp  ( 5727): --> POST http://116.236.220.210:8084/appIndex/list?version=3 http/1.1
D/OkHttp  ( 5727): Content-Length: 0
D/OkHttp  ( 5727): RC-Bel-Key: bel.zhiwang.zzl
D/OkHttp  ( 5727): RC-Timestamp: 1512062237
D/OkHttp  ( 5727): RC-Nonce: 8e8bc07d-45f9-4457-b2ad-bc49ecdf99aa
D/OkHttp  ( 5727): RC-Signature: 48ea43ff4ad9ca607e5305e4f55ef4376ed36298
D/OkHttp  ( 5727): osType: Android
D/OkHttp  ( 5727): version: 2.4.0
D/OkHttp  ( 5727): --> END POST (0-byte body)
E/awcn.DispatchCore( 5727):  amdc request's parameter invalid!
W/FragmentManager( 5727): moveToState: Fragment state for InvestFragment{1385fd92 #4 id=0x7f0e020e android:switcher:2131624462:1} not updated inline; expected state 3 found 2
E/RecyclerView( 5727): Cannot scroll to position a LayoutManager set. Call setLayoutManager with a non-null argument.
E/RecyclerView( 5727): Cannot scroll to position a LayoutManager set. Call setLayoutManager with a non-null argument.
D/OkHttp  ( 5727): <-- 200 OK http://116.236.220.210:8084/appIndex/list?version=3 (63ms)
D/OkHttp  ( 5727): Server: Apache-Coyote/1.1
D/OkHttp  ( 5727): Set-Cookie: JSESSIONID=7267FB75AF617BDB4A6A4D27B6CD8A2E; Path=/; HttpOnly
D/OkHttp  ( 5727): Content-Type: application/json;charset=utf-8
D/OkHttp  ( 5727): Content-Length: 866
D/OkHttp  ( 5727): Date: Fri, 01 Dec 2017 08:09:55 GMT
D/OkHttp  ( 5727): {"fixedInvestInfo":{"empId":"1","persiodUp":12,"rateDown":6.9,"persiodDown":3,"platformType":1,"remark":"","parentId":"0","rateUp":9.6,"paymentType":1,"createTime":"","payment":2,"id":"402897e7562c1dd101562c291ad10003","proName":"","periodsType":1,"proNumber":"","productType":1,"status":1},"bannel":[{"webDesc":"","imgurl":"20171114100735893.png","createTime":"2017-11-14 10:05:59","name":"","link":"http://116.236.220.210:8084/mobileWeb/commonActivity?activity=winter","id":"2c908a885fb40cb0015fb846a8d1018d","type":1,"seq":12,"status":1,"shareStatus":0}],"investInfo":[{"persiodUp":"48","rateDown":"10.8","persiodDown":"6","proName":"","rateUp":"14.5","productType":"2"}],"transferInfo":{"periodDesc":"","rateDown":"10","productType":"20","rateUp":"15"},"responseCode":"1"}
D/OkHttp  ( 5727): <-- END HTTP (866-byte body)
D/libEGL  ( 5727): loaded /system/lib/egl/libEGL_emulation.so
E/QueryController( 5692): Got null root node from accessibility - Retrying...
D/libEGL  ( 5727): loaded /system/lib/egl/libGLESv1_CM_emulation.so
D/libEGL  ( 5727): loaded /system/lib/egl/libGLESv2_emulation.so
D/        ( 5727): HostConnection::get() New Host Connection established 0xf3fd8f40, tid 5771
I/OpenGLRenderer( 5727): Initialized EGL, version 1.4
D/OpenGLRenderer( 5727): Enabling debug mode 0
W/EGL_emulation( 5727): eglSurfaceAttrib not implemented
W/OpenGLRenderer( 5727): Failed to set EGL_SWAP_BEHAVIOR on surface 0xe1c43840, error=EGL_SUCCESS
E/QueryController( 5692): Got null root node from accessibility - Retrying...
V/WindowManager(  595): Adding window Window{37111a2c u0 com.zzl.falcon.internal/com.zzl.falcon.MainActivity} at 3 of 9 (before Window{339dd3f6 u0 Starting com.zzl.falcon.internal})
I/accs.MsgDistributeService( 5727):  onStartCommand action:com.taobao.accs.intent.action.RECEIVE
D/accs.MsgDistribute( 5727):  action:com.taobao.accs.intent.action.RECEIVE
I/accs.MsgDistribute( 5727):  distribute command::103  serviceId::  dataId:: appkey: config:
I/accs.MsgDistributeService( 5727):  onStartCommand action:com.taobao.accs.intent.action.RECEIVE
D/accs.MsgDistribute( 5727):  action:com.taobao.accs.intent.action.RECEIVE
I/accs.MsgDistribute( 5727):  distribute command::103  serviceId::  dataId:: appkey: config:
D/com.umeng.message.UmengMessageCallbackHandlerService( 5727): processName=com.zzl.falcon.internal
D/com.umeng.message.UmengMessageCallbackHandlerService( 5727): enable(): register-->:null,status:false
D/OkHttp  ( 5727): --> POST http://116.236.220.210:8084/appAccount/appGetUser?custId=7ac76fc40a87449ca54f1e0649628e2e http/1.1
D/OkHttp  ( 5727): Content-Length: 0
D/OkHttp  ( 5727): RC-Bel-Key: bel.zhiwang.zzl
D/OkHttp  ( 5727): RC-Timestamp: 1512062237
D/OkHttp  ( 5727): RC-Nonce: 5889bbdb-a159-46d3-b1d7-39c947e185c0
D/OkHttp  ( 5727): RC-Signature: f35f8074ef8d4e4c5f5d3fd1a208cc67e5767000
D/OkHttp  ( 5727): osType: Android
D/OkHttp  ( 5727): version: 2.4.0
D/OkHttp  ( 5727): --> END POST (0-byte body)
D/OkHttp  ( 5727): --> POST http://116.236.220.210:8084/appAccount/appMyAccount?userId=7ac76fc40a87449ca54f1e0649628e2e&bankAccount=6212461030000503429 http/1.1
D/OkHttp  ( 5727): Content-Length: 0
D/OkHttp  ( 5727): RC-Bel-Key: bel.zhiwang.zzl
D/OkHttp  ( 5727): RC-Timestamp: 1512062237
D/OkHttp  ( 5727): RC-Nonce: cb1ce303-f7ce-4845-b8e1-3c889d1eec1d
D/OkHttp  ( 5727): RC-Signature: e8fa3d07b907bf7042a52cecf135a94ac84eb06f
D/OkHttp  ( 5727): osType: Android
D/OkHttp  ( 5727): version: 2.4.0
D/OkHttp  ( 5727): --> END POST (0-byte body)
I/WindowManager(  595): Switching to real app window: Window{2f757c83 u0 com.zzl.falcon.internal/com.zzl.falcon.MainActivity}
I/AppiumUnicodeIME(  756): onFinishInput
I/AppiumUnicodeIME(  756): onStartInput
D/OkHttp  ( 5727): --> POST http://116.236.220.210:8084/appFixation/appFixationList?page=1&rows=10&sortField=default&sortType=asc&version=3 http/1.1
D/OkHttp  ( 5727): Content-Length: 0
D/OkHttp  ( 5727): RC-Bel-Key: bel.zhiwang.zzl
D/OkHttp  ( 5727): RC-Timestamp: 1512062237
D/OkHttp  ( 5727): RC-Nonce: 0ff3ef92-cd23-4e3d-b5e9-9c2becf372bd
D/OkHttp  ( 5727): RC-Signature: 73323706c77bd9b1e45c57b9009369e296f333de
D/OkHttp  ( 5727): osType: Android
D/OkHttp  ( 5727): version: 2.4.0
D/OkHttp  ( 5727): --> END POST (0-byte body)
D/TaskPersister(  595): removeObsoleteFile: deleting file=182_task.xml
D/TaskPersister(  595): removeObsoleteFile: deleting file=182_task_thumbnail.png
D/OkHttp  ( 5727): <-- 200 OK http://116.236.220.210:8084/appAccount/appGetUser?custId=7ac76fc40a87449ca54f1e0649628e2e (34ms)
D/OkHttp  ( 5727): Server: Apache-Coyote/1.1
D/OkHttp  ( 5727): Set-Cookie: JSESSIONID=C4366C29DF4E14D6995B50AECE23EC2A; Path=/; HttpOnly
D/OkHttp  ( 5727): Content-Type: application/json;charset=UTF-8
D/OkHttp  ( 5727): Content-Length: 834
D/OkHttp  ( 5727): Date: Fri, 01 Dec 2017 08:09:56 GMT
D/OkHttp  ( 5727): {"fingerGestures":{"firstHintStatus":"1"},"user":{"onlineLogin":1,"bindCardState":1,"loginNum":2,"score":"0","custSource":1,"password":"6367c48dd193d56ea7b0baad25b19455e529f5ee","reservedDomain":"1","bankVerify":1,"emailVerify":0,"custIc":"321001201707265233","id":"7ac76fc40a87449ca54f1e0649628e2e","invitationVerify":"null","transferSignVerify":1,"bankAccount":"6212461030000503429","automaticSignVerify":1,"efCustInfoId":"23d83a0517eb4154b7ab1e4d37111cc1","fyVerify":0,"fyAccount":"","mobile":"13900010001","custInfoId":"45342b81d0204529ae7be3fa321c5b4b","zzlLogin":1,"custName":"","mobileVerify":1,"lastLoginTime":"2017-11-30 17:07:04","bindCardMobile":"13900010001","createTime":"2017-07-26 15:17:04","custEmail":"","evaluationFlag":2,"realnameVerify":1,"username":"xuxu1","withdrawPwStatus":1},"responseCode":"1"}
D/OkHttp  ( 5727): <-- END HTTP (834-byte body)
D/OkHttp  ( 5727): <-- 200 OK http://116.236.220.210:8084/appFixation/appFixationList?page=1&rows=10&sortField=default&sortType=asc&version=3 (85ms)
D/OkHttp  ( 5727): Server: Apache-Coyote/1.1
D/OkHttp  ( 5727): Set-Cookie: JSESSIONID=8A9DB05B3E3C98D4D722D996ED3FCEAF; Path=/; HttpOnly
D/OkHttp  ( 5727): Content-Type: application/json;charset=utf-8
D/OkHttp  ( 5727): Content-Length: 7816
D/OkHttp  ( 5727): Date: Fri, 01 Dec 2017 08:09:56 GMT
