W/ViewRootImpl( 1586): Cancelling event due to no window focus: KeyEvent { action=ACTION_UP, keyCode=KEYCODE_MENU, scanCode=0, metaState=0, flags=0x28, repeatCount=0, eventTime=2178379, downTime=2178379, deviceId=-1, source=0x101 }
I/art     ( 2640): System.exit called, status: 0
I/AndroidRuntime( 2640): VM exiting with result code 0.
D/ForegroundCallbacks( 1586): went background
I/awcn.ComponentCallbacks2( 1586):  onTrimMemory level:20
I/awcn.SessionCenter( 1586): |[seq:[default]] [background]
I/awcn.StrategyCenter( 1586):  saveData
I/awcn.AmdcThreadPoolExecutor( 1586):  thread created! name:AMDC6
I/awcn.SessionCenter( 1586): |[seq:umeng:56aadbf567e58e38d4000976] [background]
I/awcn.StrategyCenter( 1586):  saveData
W/ResourceType(  861): No package identifier when getting value for resource number 0x00000000
W/PackageManager(  861): Failure retrieving resources for com.zzl.falcon.internal: Resource ID #0x0
I/awcn.SerializeHelper( 1586):  persist end. file:/storage/emulated/0/Android/data/com.zzl.falcon.internal/files/awcn_strategy/ef133debedbd6d843d539e5eb14cfdfd cost:12
I/awcn.SerializeHelper( 1586):  persist end. file:/storage/emulated/0/Android/data/com.zzl.falcon.internal/files/awcn_strategy/0c61135c2fdcd71f15ad7297245abe44 cost:5
I/awcn.SerializeHelper( 1586):  persist end. file:/storage/emulated/0/Android/data/com.zzl.falcon.internal/files/awcn_strategy/49c6a36aaea8ee1549c1cd3e07070c79 cost:6
I/art     ( 1586): Explicit concurrent mark sweep GC freed 54088(3MB) AllocSpace objects, 23(361KB) LOS objects, 24% free, 11MB/15MB, paused 377us total 30.012ms
I/art     ( 1586): Explicit concurrent mark sweep GC freed 252(10KB) AllocSpace objects, 0(0B) LOS objects, 24% free, 10MB/13MB, paused 139us total 16.993ms
I/art     ( 1586): Explicit concurrent mark sweep GC freed 3(96B) AllocSpace objects, 0(0B) LOS objects, 24% free, 10MB/13MB, paused 255us total 15.762ms
I/art     ( 1586): Explicit concurrent mark sweep GC freed 3(96B) AllocSpace objects, 0(0B) LOS objects, 24% free, 10MB/13MB, paused 138us total 17.415ms
I/art     ( 1586): Explicit concurrent mark sweep GC freed 3(96B) AllocSpace objects, 0(0B) LOS objects, 24% free, 10MB/13MB, paused 140us total 16.573ms
I/art     ( 1586): Explicit concurrent mark sweep GC freed 3(96B) AllocSpace objects, 0(0B) LOS objects, 24% free, 10MB/13MB, paused 140us total 19.218ms
E/awcn.DefaultHeartbeatImpl( 1586): |[seq:umeng:56aadbf567e58e38d4000976.AWCN1_1] close session in background session:Session@[umeng:56aadbf567e58e38d4000976.AWCN1_1|http2_0rtt_acs]
E/awcn.TnetSpdySession( 1586): |[seq:umeng:56aadbf567e58e38d4000976.AWCN1_1] force close! session:Session@[umeng:56aadbf567e58e38d4000976.AWCN1_1|http2_0rtt_acs]
E/awcn.Session( 1586): |[seq:umeng:56aadbf567e58e38d4000976.AWCN1_1] notifyStatus status:DISCONNECTING
I/awcn.DefaultHeartbeatImpl( 1586): |[seq:umeng:56aadbf567e58e38d4000976.AWCN1_1] heartbeat stop session:Session@[umeng:56aadbf567e58e38d4000976.AWCN1_1|http2_0rtt_acs]
E/awcn.TnetSpdySession( 1586): |[seq:umeng:56aadbf567e58e38d4000976.AWCN1_1] spdySessionCloseCallback  errorCode::-2002
E/awcn.Session( 1586): |[seq:umeng:56aadbf567e58e38d4000976.AWCN1_1] notifyStatus status:DISCONNECTED
D/awcn.SessionRequest( 1586): |[seq:umeng:56aadbf567e58e38d4000976.AWCN1_1] Session:Session@[umeng:56aadbf567e58e38d4000976.AWCN1_1|http2_0rtt_acs] EventType:DISCONNECTED Event:anet.channel.entity.c@2b27b482
I/accs.MsgDistributeService( 1586):  onStartCommand action:com.taobao.accs.intent.action.RECEIVE
D/awcn.SessionRequest( 1586): |[seq:umeng:56aadbf567e58e38d4000976.AWCN1_1] Connect Disconnect session:Session@[umeng:56aadbf567e58e38d4000976.AWCN1_1|http2_0rtt_acs] host:https://umengacs.m.taobao.com appIsBg:true isHandleFinish:false
D/accs.MsgDistribute( 1586):  action:com.taobao.accs.intent.action.RECEIVE
I/accs.MsgDistribute( 1586):  distribute command::103  serviceId::  dataId:: appkey: config:
I/AppiumUnicodeIME(  916): onKeyDown (keyCode='4', event.keyCode='4', metaState='0')
I/AppiumUnicodeIME(  916): onKeyUp (keyCode='4', event.keyCode='4', metaState='0')
W/AudioTrack(  738): AUDIO_OUTPUT_FLAG_FAST denied by client
I/AppiumUnicodeIME(  916): onKeyDown (keyCode='4', event.keyCode='4', metaState='0')
I/AppiumUnicodeIME(  916): onKeyUp (keyCode='4', event.keyCode='4', metaState='0')
W/AudioTrack(  738): AUDIO_OUTPUT_FLAG_FAST denied by client
D/        (  738): HostConnection::get() New Host Connection established 0xdb452790, tid 1041
E/EGL_emulation(  773): tid 773: eglCreateSyncKHR(1209): error 0x3004 (EGL_BAD_ATTRIBUTE)
W/EGL_emulation( 1586): eglSurfaceAttrib not implemented
W/OpenGLRenderer( 1586): Failed to set EGL_SWAP_BEHAVIOR on surface 0xdec3f940, error=EGL_SUCCESS
W/EGL_emulation( 1586): eglSurfaceAttrib not implemented
W/OpenGLRenderer( 1586): Failed to set EGL_SWAP_BEHAVIOR on surface 0xdef30140, error=EGL_SUCCESS
D/ForegroundCallbacks( 1586): went foreground
I/awcn.SessionCenter( 1586): |[seq:[default]] [forground]
I/awcn.SessionCenter( 1586): |[seq:umeng:56aadbf567e58e38d4000976] [forground]
D/awcn.StrategyCenter( 1586):  getSchemeByHost host:umengacs.m.taobao.com scheme:https
D/awcn.SessionCenter( 1586): |[seq:umeng:56aadbf567e58e38d4000976] getInternal u:https://umengacs.m.taobao.com TypeClass:SPDY timeout:0
I/awcn.HttpDispatcher( 1586):  sendAmdcRequest hosts:[umengacs.m.taobao.com, unszapi.m.yao.95095.com, api.m.yao.95095.com]
I/awcn.AmdcThreadPoolExecutor( 1586):  merge amdc request delay:3000
I/awcn.AmdcThreadPoolExecutor( 1586):  thread created! name:AMDC7
D/awcn.StrategyCenter( 1586):  getSchemeByHost host:umengacs.m.taobao.com scheme:https
D/awcn.SessionRequest( 1586): |[seq:umeng:56aadbf567e58e38d4000976.AWCN2] SessionRequest start host:https://umengacs.m.taobao.com type:SPDY
D/getConnStrategyListByHost( 1586): |[seq:host] umengacs.m.taobao.com:result [{106.11.61.106 443 http2_0rtt_acs}, {106.11.61.106 80 http2_0rtt_acs}, {106.11.61.106 443 spdy_0rtt_acs}, {106.11.61.106 80 spdy_0rtt_acs}, {106.11.61.106 443 https}]
D/awcn.SessionRequest( 1586): |[seq:umeng:56aadbf567e58e38d4000976.AWCN2] [getAvailStrategy] strategies:[{106.11.61.106 443 http2_0rtt_acs}, {106.11.61.106 80 http2_0rtt_acs}, {106.11.61.106 443 spdy_0rtt_acs}, {106.11.61.106 80 spdy_0rtt_acs}]
I/awcn.SessionRequest( 1586): |[seq:umeng:56aadbf567e58e38d4000976.AWCN2_1] create connection... Host:https://umengacs.m.taobao.com Type:http2_0rtt_acs IP:106.11.61.106 Port:443 heartbeat:45000 session:Session@[umeng:56aadbf567e58e38d4000976.AWCN2_1|http2_0rtt_acs]
E/awcn.TnetSpdySession( 1586): |[seq:umeng:56aadbf567e58e38d4000976.AWCN2_1] [connect] host:https://umengacs.m.taobao.com connect :106.11.61.106:443 sessionId:1512796486843 SpdyProtocol,:http2_0rtt_acs proxyIp,: proxyPort,:0
E/awcn.Session( 1586): |[seq:umeng:56aadbf567e58e38d4000976.AWCN2_1] notifyStatus status:CONNECTING
E/awcn.Session( 1586): |[seq:umeng:56aadbf567e58e38d4000976.AWCN2_1] notifyStatus status:CONNECTED
I/accs.InAppConn_umeng:56aadbf567e58e38d4000976( 1586):  auth begin seq:umeng:56aadbf567e58e38d4000976.AWCN2_1
E/accs.InAppConn_umeng:56aadbf567e58e38d4000976( 1586):  1 auth URL:https://umengacs.m.taobao.com/accs/auth?1=WajMPL%2FDZuUDAJwcljDKSIFW&2=b72cb9a6e19f6dc73c45e6c6720a16c7c8c04b1db6c63753aa9205edf63f75d8&3=umeng:56aadbf567e58e38d4000976&5=1&6=wifi&7=31027&8=1.1.2&9=1512794265521&10=1&11=22&12=com.zzl.falcon.internal&13=2.4.1&14=android@umeng&15=Google Nexus 4 - 5.1.0 - API 22 - 768x1280&16=generic&17=221&19=0
I/awcn.TnetSpdySession( 1586):   request URL:https://umengacs.m.taobao.com/accs/auth?1=WajMPL%2FDZuUDAJwcljDKSIFW&2=b72cb9a6e19f6dc73c45e6c6720a16c7c8c04b1db6c63753aa9205edf63f75d8&3=umeng:56aadbf567e58e38d4000976&5=1&6=wifi&7=31027&8=1.1.2&9=1512794265521&10=1&11=22&12=com.zzl.falcon.internal&13=2.4.1&14=android@umeng&15=Google Nexus 4 - 5.1.0 - API 22 - 768x1280&16=generic&17=221&19=0
I/awcn.TnetSpdySession( 1586):   request Method:GET
I/awcn.TnetSpdySession( 1586):   request headers:{}
D/awcn.TnetSpdySession( 1586):   streamId:1
D/awcn.DefaultHeartbeatImpl( 1586): |[seq:umeng:56aadbf567e58e38d4000976.AWCN2_1] reSchedule session:Session@[umeng:56aadbf567e58e38d4000976.AWCN2_1|http2_0rtt_acs] delay:1512796531856
E/awcn.TnetSpdySession( 1586): |[seq:umeng:56aadbf567e58e38d4000976.AWCN2_1] spdySessionConnectCB connect connectTime:9 sslTime::1
I/awcn.TnetSpdySession( 1586):   httpStatusCode:200
I/awcn.TnetSpdySession( 1586):   response headers:{server=[Tengine/Aserver/3.0.191_20170923193325], x-at=[WajMPL%2FDZuUDAJwcljDKSIFWumeng:56aadbf567e58e38d40009761512810887], date=[Sat, 09 Dec 2017 05:14:47 GMT], content-length=[0], x-workerid=[-2335684807058522107], :status=[200]}
E/accs.InAppConn_umeng:56aadbf567e58e38d4000976( 1586):  AUTH httpStatusCode:200 seq:umeng:56aadbf567e58e38d4000976.AWCN2_1
E/awcn.Session( 1586): |[seq:umeng:56aadbf567e58e38d4000976.AWCN2_1] notifyStatus status:AUTH_SUCC
I/awcn.DefaultHeartbeatImpl( 1586): |[seq:umeng:56aadbf567e58e38d4000976.AWCN2_1] heartbeat start session:Session@[umeng:56aadbf567e58e38d4000976.AWCN2_1|http2_0rtt_acs]
D/awcn.TnetSpdySession( 1586): |[seq:umeng:56aadbf567e58e38d4000976.AWCN2_1] spdyOnStreamResponse authTime:0
I/accs.UtilityImpl( 1586):  	header:date value:Sat, 09 Dec 2017 05:14:47 GMT
I/accs.UtilityImpl( 1586):  	header:x-at value:WajMPL%2FDZuUDAJwcljDKSIFWumeng:56aadbf567e58e38d40009761512810887
D/awcn.SessionRequest( 1586): |[seq:umeng:56aadbf567e58e38d4000976.AWCN2_1] Session:Session@[umeng:56aadbf567e58e38d4000976.AWCN2_1|http2_0rtt_acs] EventType:AUTH_SUCC Event:
I/accs.UtilityImpl( 1586):  	header:server value:Tengine/Aserver/3.0.191_20170923193325
I/accs.UtilityImpl( 1586):  	header:content-length value:0
I/accs.UtilityImpl( 1586):  	header:x-workerid value:-2335684807058522107
I/accs.UtilityImpl( 1586):  	header::status value:200
D/awcn.TnetSpdySession( 1586):  spdyStreamCloseCallback streamId:1
D/awcn.SessionRequest( 1586): |[seq:umeng:56aadbf567e58e38d4000976.AWCN2_1] Connect Success session:Session@[umeng:56aadbf567e58e38d4000976.AWCN2_1|http2_0rtt_acs] host:https://umengacs.m.taobao.com
D/awcn.SessionRequest( 1586):  Receive session event type:AUTH_SUCC
D/awcn.StrategyTable( 1586):  [notifyConnEvent] Host:umengacs.m.taobao.com IConnStrategy:{106.11.61.106 443 http2_0rtt_acs} ConnEvent:ConnEvent#Success
W/EGL_emulation( 1586): eglSurfaceAttrib not implemented
W/OpenGLRenderer( 1586): Failed to set EGL_SWAP_BEHAVIOR on surface 0xdbd05ae0, error=EGL_SUCCESS
I/accs.MsgDistributeService( 1586):  onStartCommand action:com.taobao.accs.intent.action.RECEIVE
D/accs.MsgDistribute( 1586):  action:com.taobao.accs.intent.action.RECEIVE
I/accs.MsgDistribute( 1586):  distribute command::103  serviceId::  dataId:: appkey: config:
W/ResourceType(  861): No package identifier when getting value for resource number 0x00000000
W/PackageManager(  861): Failure retrieving resources for com.zzl.falcon.internal: Resource ID #0x0
D/        (  738): HostConnection::get() New Host Connection established 0xe1642da0, tid 1275
E/EGL_emulation(  773): tid 773: eglCreateSyncKHR(1209): error 0x3004 (EGL_BAD_ATTRIBUTE)
I/ActivityManager(  738): Killing 1966:com.genymotion.superuser/1000 (adj 15): empty for 2211s
W/libprocessgroup(  738): failed to open /acct/uid_1000/pid_1966/cgroup.procs: No such file or directory
W/AudioTrack(  738): AUDIO_OUTPUT_FLAG_FAST denied by client
I/awcn.HMacUtil( 1586):  hmacSha1Hex result:17c12218dc203432aa233bb3b48b35c66b5343c9c6f70754809c2e30406c4e29
D/awcn.StrategyCenter( 1586):  getSchemeByHost host:amdcopen.m.taobao.com scheme:http
D/getConnStrategyListByHost( 1586): |[seq:host] amdcopen.m.taobao.com:result [{106.11.61.137 443 https}, {106.11.61.137 80 http}]
I/awcn.DispatchCore( 1586): |[seq:AMDC3] send amdc request url:http://106.11.61.137:80/amdc/mobileDispatch?appkey=umeng%3A56aadbf567e58e38d4000976&deviceId=WajMPL%2FDZuUDAJwcljDKSIFW&platform=android&v=4.0
D/awcn.DispatchCore( 1586): |[seq:AMDC3] amdc response. code: 200 
D/awcn.DispatchCore( 1586): headers:{null=[HTTP/1.1 200 OK], Cache-Control=[no-cache], Connection=[close], Content-Encoding=[gzip], Content-Type=[application/json;charset=UTF-8], Date=[Sat, 09 Dec 2017 05:14:49 GMT], pragma=[no-cache], Server=[Tengine], Transfer-Encoding=[chunked], Vary=[Accept-Encoding], x-am-code=[1000], x-am-id=[amdc011130147127.center.eu13_1512796489939_227127589], x-am-sign=[858feaf6cc72c0b481fb8624000298f3a274342ab4235575acdfe73db1c46dc0], X-Android-Received-Millis=[1512796489865], X-Android-Response-Source=[NETWORK 200], X-Android-Sent-Millis=[1512796489852]}
D/awcn.DispatchCore( 1586): |[seq:AMDC3] amdc response body 
D/awcn.DispatchCore( 1586): body:{"code":1000,"cv":1,"dns":[{"aisles":[{"cto":10000,"heartbeat":0,"port":443,"protocol":"https","retry":1,"rto":10000},{"cto":10000,"heartbeat":0,"port":80,"protocol":"http","retry":1,"rto":10000}],"host":"api.m.yao.95095.com","ips":["140.205.35.15"],"isHot":1,"ttl":300},{"aisles":[{"cto":10000,"heartbeat":0,"port":443,"protocol":"https","retry":1,"rto":10000},{"cto":10000,"heartbeat":0,"port":80,"protocol":"http","retry":1,"rto":10000}],"host":"unszapi.m.yao.95095.com","ips":["106.11.132.9"],"isHot":1,"ttl":300},{"aisles":[{"cto":10000,"heartbeat":45000,"port":443,"protocol":"http2","publickey":"acs","retry":1,"rto":10000,"rtt":"0rtt"},{"cto":10000,"heartbeat":45000,"port":80,"protocol":"http2","publickey":"acs","retry":1,"rto":10000,"rtt":"0rtt"},{"cto":10000,"heartbeat":45000,"port":443,"protocol":"spdy","publickey":"acs","retry":1,"rto":10000,"rtt":"0rtt"},{"cto":10000,"heartbeat":45000,"port":80,"protocol":"spdy","publickey":"acs","retry":1,"rto":10000,"rtt":"0rtt"},{"cto":10000,"heartbeat":0,"port":443,"protocol":"https","retry":1,"rto":10000}],"host":"umengacs.m.taobao.com","ips":["106.11.61.106","140.205.160.76"],"isHot":1,"safeAisles":"https","ttl":300}],"ip":"101.81.49.47","unit":"unzbyun","utdid":"WajMPL/DZuUDAJwcljDKSIFW"}
I/awcn.HMacUtil( 1586):  hmacSha1Hex result:858feaf6cc72c0b481fb8624000298f3a274342ab4235575acdfe73db1c46dc0
D/awcn.StrategyCenter( 1586):  receive DNS event
I/awcn.StrategyTable( 1586):  update strategyTable with httpDns response
D/awcn.StrategyTable( 1586):  uniqueId : WIFI$01:80:c2:00:00:03
D/awcn.StrategyTable( 1586): -------------------------hot domains:------------------------------------
D/awcn.StrategyTable( 1586):  api.m.yao.95095.com = 
D/awcn.StrategyTable( 1586): StrategyList = 1512796789866[{140.205.35.15 443 https}, {140.205.35.15 80 http}]
D/awcn.StrategyTable( 1586):  unszapi.m.yao.95095.com = 
D/awcn.StrategyTable( 1586): StrategyList = 1512796789866[{106.11.132.9 443 https}, {106.11.132.9 80 http}]
D/awcn.StrategyTable( 1586):  umengacs.m.taobao.com = 
D/awcn.StrategyTable( 1586): StrategyList = 1512796789866[{106.11.61.106 443 http2_0rtt_acs}, {106.11.61.106 80 http2_0rtt_acs}, {106.11.61.106 443 spdy_0rtt_acs}, {106.11.61.106 80 spdy_0rtt_acs}, {140.205.160.76 443 http2_0rtt_acs}, {140.205.160.76 80 http2_0rtt_acs}, {140.205.160.76 443 spdy_0rtt_acs}, {140.205.160.76 80 spdy_0rtt_acs}, {106.11.61.106 443 https}, {140.205.160.76 443 https}]
D/awcn.StrategyTable( 1586):  
D/awcn.StrategyTable( 1586): -------------------------cold domains:------------------------------------
D/awcn.StrategyTable( 1586):  amdcopen.m.taobao.com = 
D/awcn.StrategyTable( 1586): StrategyList = 1512794682147[{106.11.61.137 443 https}, {106.11.61.137 80 http}]
D/awcn.SafeAislesMap( 1586):  SafeAislesMap: {amdcopen.m.taobao.com=http, api.m.yao.95095.com=No_Result, unszapi.m.yao.95095.com=No_Result, umengacs.m.taobao.com=https}
D/awcn.UnitMap( 1586):  UnitMap : UnitMap: {WajMPL/DZuUDAJwcljDKSIFW=unzbyun}
I/awcn.StrategyCenter( 1586):  saveData
I/awcn.AmdcThreadPoolExecutor( 1586):  thread created! name:AMDC8
D/awcn.StrategyCenter( 1586):  getSchemeByHost host:umengacs.m.taobao.com scheme:https
D/awcn.SessionCenter( 1586): |[seq:umeng:56aadbf567e58e38d4000976] getInternal u:https://umengacs.m.taobao.com TypeClass:SPDY timeout:0
D/awcn.StrategyCenter( 1586):  getSchemeByHost host:umengacs.m.taobao.com scheme:https
D/awcn.SessionCenter( 1586): |[seq:umeng:56aadbf567e58e38d4000976] get internal hit cache session session:Session@[umeng:56aadbf567e58e38d4000976.AWCN2_1|http2_0rtt_acs]
D/awcn.StrategyTable( 1586):  [notifyConnEvent] Host:amdcopen.m.taobao.com IConnStrategy:{106.11.61.137 80 http} ConnEvent:ConnEvent#Success
W/AudioTrack(  738): AUDIO_OUTPUT_FLAG_FAST denied by client
D/OpenGLRenderer( 1586): endAllStagingAnimators on 0xdec35100 (RippleDrawable) with handle 0xee839c70
I/awcn.SerializeHelper( 1586):  persist end. file:/storage/emulated/0/Android/data/com.zzl.falcon.internal/files/awcn_strategy/ef133debedbd6d843d539e5eb14cfdfd cost:14
I/awcn.SerializeHelper( 1586):  persist end. file:/storage/emulated/0/Android/data/com.zzl.falcon.internal/files/awcn_strategy/0c61135c2fdcd71f15ad7297245abe44 cost:4
I/awcn.SerializeHelper( 1586):  persist end. file:/storage/emulated/0/Android/data/com.zzl.falcon.internal/files/awcn_strategy/49c6a36aaea8ee1549c1cd3e07070c79 cost:3
W/AudioTrack(  738): AUDIO_OUTPUT_FLAG_FAST denied by client
W/AudioTrack(  738): AUDIO_OUTPUT_FLAG_FAST denied by client
W/AudioTrack(  738): AUDIO_OUTPUT_FLAG_FAST denied by client
W/AudioTrack(  738): AUDIO_OUTPUT_FLAG_FAST denied by client
W/AudioTrack(  738): AUDIO_OUTPUT_FLAG_FAST denied by client
W/AudioTrack(  738): AUDIO_OUTPUT_FLAG_FAST denied by client
W/AudioTrack(  738): AUDIO_OUTPUT_FLAG_FAST denied by client
W/AudioTrack(  738): AUDIO_OUTPUT_FLAG_FAST denied by client
W/AudioTrack(  738): AUDIO_OUTPUT_FLAG_FAST denied by client
W/AudioTrack(  738): AUDIO_OUTPUT_FLAG_FAST denied by client
D/OpenGLRenderer( 1586): endAllStagingAnimators on 0xdec2f600 (RippleDrawable) with handle 0xee839a40
I/AppiumUnicodeIME(  916): onFinishInput
I/AppiumUnicodeIME(  916): onStartInput
I/AppiumUnicodeIME(  916): onKeyDown (keyCode='4', event.keyCode='4', metaState='0')
I/AppiumUnicodeIME(  916): onKeyUp (keyCode='4', event.keyCode='4', metaState='0')
W/AudioTrack(  738): AUDIO_OUTPUT_FLAG_FAST denied by client
D/ForegroundCallbacks( 1586): still foreground
W/EGL_emulation( 1586): eglSurfaceAttrib not implemented
W/OpenGLRenderer( 1586): Failed to set EGL_SWAP_BEHAVIOR on surface 0xdb8cd240, error=EGL_SUCCESS
I/AppiumUnicodeIME(  916): onFinishInput
I/AppiumUnicodeIME(  916): onStartInput
D/OkHttp  ( 1586): --> POST http://116.236.220.210:8084/appInvest/appInvestList?version=3&page=1&rows=10&productType=&sortField=default&sortType=asc http/1.1
D/OkHttp  ( 1586): Content-Length: 0
D/OkHttp  ( 1586): RC-Bel-Key: bel.zhiwang.zzl
D/OkHttp  ( 1586): RC-Timestamp: 1512796496
D/OkHttp  ( 1586): RC-Nonce: 9586c6bd-fab1-4a49-b114-40d1456f0ffa
D/OkHttp  ( 1586): RC-Signature: a45e90e91dc37e37ab46967fd169357f68b91ec8
D/OkHttp  ( 1586): osType: Android
D/OkHttp  ( 1586): version: 2.4.1
D/OkHttp  ( 1586): --> END POST (0-byte body)
D/OkHttp  ( 1586): <-- 200 OK http://116.236.220.210:8084/appInvest/appInvestList?version=3&page=1&rows=10&productType=&sortField=default&sortType=asc (94ms)
D/OkHttp  ( 1586): Server: Apache-Coyote/1.1
D/OkHttp  ( 1586): Set-Cookie: JSESSIONID=EF6147EA085B62AA93C583650B61662D; Path=/; HttpOnly
D/OkHttp  ( 1586): Content-Type: application/json;charset=utf-8
D/OkHttp  ( 1586): Content-Length: 6482
D/OkHttp  ( 1586): Date: Sat, 09 Dec 2017 05:14:57 GMT
D/OkHttp  ( 1586): {"total":163,"data":[{"hasInvestAmt":0.00,"prdId":"2c908a885bd626c4015bd63e4a42003e","saleId":"de190d39707f40f5a346d85829875599","crmOrderId":"402881115bfb5705015bfb83fbdc0011","ordPrdNumber":"05111700271715","duetimeType":3,"remainingAmount":1000,"online_time":"2017-05-12 15:16:22","rate":0.0500,"activitiesRate":0.0000,"left_periods":7,"periods":7,"payment":2,"id":"2c908a885bd626c4015bd63e4a44003f","remainingRate":0.05,"productType":6,"prdTypeName":"e1","finishTime":"2017-05-20 10:41:27","prdName":"e1","startDay":1,"prdNumber":"DT20170516-000003","custInfoId":"2c908a885bec8c4b015bf1232d9f0077","tradeStatus":0,"progress":0.00,"contractMoney":1000.00,"realyRate":0.05000000},{"hasInvestAmt":19141.00,"prdId":"402897e7562a90ac01562afda0180008","saleId":"","crmOrderId":"2c908a886005c4c7016006c4a5eb0190","ordPrdNumber":"11291700191541","duetimeType":2,"remainingAmount":0,"online_time":"2017-11-29 15:53:59","rate":13.2000,"activitiesRate":1.0000,"left_periods":350,"periods":50,"payment":1,"id":"402897e7562a90ac01562afda01c0009","remainingRate":12.2,"productType":4,"prdTypeName":"","prdName":"50","startDay":1,"prdNumber":"11291700191541","custInfoId":"2c908a886005c4c70160069e88a50157","fullScaleCount":36,"tradeStatus":7,"progress":100.00,"contractMoney":19141.00,"realyRate":13.20000000},{"hasInvestAmt":10000.00,"prdId":"2c908a885fe704b5015ffc526f7807f7","saleId":"","crmOrderId":"2c908a8860015a08016001a033710037","ordPrdNumber":"11281700081552","duetimeType":3,"remainingAmount":0,"online_time":"2017-11-28 15:56:04","rate":0.0500,"activitiesRate":0.0000,"left_periods":1,"endDay":"40","periods":1,"payment":2,"id":"2c908a885fe704b5015ffc526f7b07f8","remainingRate":0.05,"productType":3,"prdTypeName":"","prdName":"","startDay":1,"prdNumber":"11281700081552","custInfoId":"2c908a885fdd9300015fe198f5a700d4","fullScaleCount":9,"tradeStatus":7,"progress":100.00,"contractMoney":10000.00,"realyRate":0.05000000},{"hasInvestAmt":1549.00,"prdId":"2c908a885d3a7383015d3aa017f800ca","saleId":"","crmOrderId":"2c908a885fb40cb0015fb41c8a6f003a","ordPrdNumber":"11131700021438","duetimeType":1,"remainingAmount":0,"online_time":"2017-11-13 14:41:30","rate":13.2000,"activitiesRate":0.0000,"left_periods":720,"periods":24,"payment":3,"id":"2c908a885d3a7383015d3aa0181000cb","remainingRate":13.2,"productType":2,"prdTypeName":"","prdName":"24","startDay":1,"prdNumber":"11131700021438","custInfoId":"2c908a885fb40cb0015fb4195156001e","fullScaleCount":1,"tradeStatus":7,"progress":100.00,"contractMoney":1549.00,"realyRate":13.20000000},{"hasInvestAmt":38711.00,"prdId":"2c908a885d3a7383015d3aa017f800ca","saleId":"","crmOrderId":"2c908a885fb40cb0015fb41a84f20024","ordPrdNumber":"11131700011435","duetimeType":1,"remainingAmount":0,"online_time":"2017-11-13 14:39:17","rate":13.2000,"activitiesRate":0.0000,"left_periods":720,"periods":24,"payment":3,"id":"2c908a885d3a7383015d3aa0181000cb","remainingRate":13.2,"productType":2,"prdTypeName":"","prdName":"24","startDay":1,"prdNumber":"11131700011435","custInfoId":"2c908a885fb40cb0015fb416ee850009","fullScaleCount":1,"tradeStatus":7,"progress":100.00,"contractMoney":38711.00,"realyRate":13.20000000},{"hasInvestAmt":2576.00,"prdId":"2c908a885d3a7383015d3aa017f800ca","saleId":"","crmOrderId":"2c908a885dcffe99015dd03df99d0066","ordPrdNumber":"08101700221423","duetimeType":1,"remainingAmount":0,"online_time":"2017-08-11 15:41:48","rate":13.2000,"activitiesRate":0.0000,"left_periods":720,"periods":24,"payment":3,"id":"2c908a885d3a7383015d3aa0181000cb","remainingRate":13.2,"productType":2,"prdTypeName":"","prdName":"24","startDay":1,"prdNumber":"08101700221423","custInfoId":"2c908a885dc66a39015dcacf975606f3","fullScaleCount":2,"tradeStatus":7,"progress":100.00,"contractMoney":2576.00,"realyRate":13.20000000},{"hasInvestAmt":2189.00,"prdId":"2c908a885d3a7383015d3aa017f800ca","saleId":"","crmOrderId":"2c908a885dcffe99015dd03da2e10064","ordPrdNumber":"08101700291440","duetime
D/OkHttp  ( 1586): mount":0,"online_time":"2017-08-11 15:41:26","rate":13.2000,"activitiesRate":0.0000,"left_periods":720,"periods":24,"payment":3,"id":"2c908a885d3a7383015d3aa0181000cb","remainingRate":13.2,"productType":2,"prdTypeName":"","prdName":"24","startDay":1,"prdNumber":"08101700291440","custInfoId":"2c908a885dc66a39015dcadece40077a","fullScaleCount":2,"tradeStatus":7,"progress":100.00,"contractMoney":2189.00,"realyRate":13.20000000},{"hasInvestAmt":0.00,"prdId":"402897e7562a90ac01562addfb7a0003","saleId":"","crmOrderId":"2c908a825746956f01574711a9a30057","ordPrdNumber":"09201600091807","duetimeType":2,"remainingAmount":3120,"online_time":"2016-09-20 18:08:42","rate":13.2000,"activitiesRate":0.0000,"left_periods":210,"periods":30,"payment":3,"id":"402897e7562a90ac01562addfb7e0004","remainingRate":13.2,"productType":4,"prdTypeName":"","prdName":"30","startDay":1,"prdNumber":"09201600091807","custInfoId":"2c908a8257459f4201574651a7030026","fullScaleCount":11,"tradeStatus":7,"progress":0.00,"contractMoney":3120.00,"realyRate":13.20000000},{"hasInvestAmt":0.00,"prdId":"402897e7562a90ac01562addfb7a0003","saleId":"","crmOrderId":"2c908a825746956f015746b1a47e003f","ordPrdNumber":"09201600081622","duetimeType":2,"remainingAmount":4835,"online_time":"2016-09-20 16:23:49","rate":13.2000,"activitiesRate":0.0000,"left_periods":210,"periods":30,"payment":3,"id":"402897e7562a90ac01562addfb7e0004","remainingRate":13.2,"productType":4,"prdTypeName":"","prdName":"30","startDay":1,"prdNumber":"09201600081622","custInfoId":"2c908a8257459f4201574651a7030026","fullScaleCount":1,"tradeStatus":7,"progress":0.00,"contractMoney":4835.00,"realyRate":13.20000000},{"hasInvestAmt":0.00,"prdId":"402897e7562a90ac01562addfb7a0003","saleId":"","crmOrderId":"2c908a82574161b4015742f214080017","ordPrdNumber":"09191600051429","duetimeType":2,"remainingAmount":156,"online_time":"2016-09-19 22:55:43","rate":13.2000,"activitiesRate":0.0000,"left_periods":210,"periods":30,"payment":3,"id":"402897e7562a90ac01562addfb7e0004","remainingRate":13.2,"productType":4,"prdTypeName":"","prdName":"30","startDay":1,"prdNumber":"09191600051429","custInfoId":"3428a92f5726fc6901572742e2120027","fullScaleCount":0,"tradeStatus":7,"progress":0.00,"contractMoney":156.00,"realyRate":13.20000000}],"responseCode":"1","info":""}
D/OkHttp  ( 1586): <-- END HTTP (6482-byte body)
I/ActivityManager(  738): START u0 {act=android.intent.action.MAIN cat=[android.intent.category.HOME] flg=0x10200000 cmp=com.android.launcher3/.Launcher} from uid 1000 on display 0
D/        (  738): HostConnection::get() New Host Connection established 0xdb461460, tid 801
E/EGL_emulation(  773): tid 773: eglCreateSyncKHR(1209): error 0x3004 (EGL_BAD_ATTRIBUTE)
W/AudioTrack(  738): AUDIO_OUTPUT_FLAG_FAST denied by client
W/EGL_emulation( 1012): eglSurfaceAttrib not implemented
W/OpenGLRenderer( 1012): Failed to set EGL_SWAP_BEHAVIOR on surface 0xe19785e0, error=EGL_SUCCESS
D/ForegroundCallbacks( 1586): went background
I/Choreographer( 1012): Skipped 30 frames!  The application may be doing too much work on its main thread.
I/AppiumUnicodeIME(  916): onFinishInput
I/AppiumUnicodeIME(  916): onStartInput
I/awcn.ComponentCallbacks2( 1586):  onTrimMemory level:20
I/awcn.SessionCenter( 1586): |[seq:[default]] [background]
I/awcn.StrategyCenter( 1586):  saveData
I/awcn.SessionCenter( 1586): |[seq:umeng:56aadbf567e58e38d4000976] [background]
I/awcn.StrategyCenter( 1586):  saveData
W/ResourceType(  861): No package identifier when getting value for resource number 0x00000000
W/PackageManager(  861): Failure retrieving resources for com.zzl.falcon.internal: Resource ID #0x0
I/art     ( 1586): Explicit concurrent mark sweep GC freed 29958(1748KB) AllocSpace objects, 13(201KB) LOS objects, 24% free, 10MB/13MB, paused 511us total 24.721ms
D/AndroidRuntime( 2863): >>>>>> START com.android.internal.os.RuntimeInit uid 0 <<<<<<
D/AndroidRuntime( 2863): CheckJNI is OFF
E/memtrack( 2863): Couldn't load memtrack module (No such file or directory)
E/android.os.Debug( 2863): failed to load memtrack module: -2
D/AndroidRuntime( 2863): Calling main entry com.android.commands.wm.Wm
D/AndroidRuntime( 2863): Shutting down VM
D/AndroidRuntime( 2884): >>>>>> START com.android.internal.os.RuntimeInit uid 0 <<<<<<
D/AndroidRuntime( 2884): CheckJNI is OFF
E/memtrack( 2884): Couldn't load memtrack module (No such file or directory)
E/android.os.Debug( 2884): failed to load memtrack module: -2
D/AndroidRuntime( 2884): Calling main entry com.android.commands.monkey.Monkey
W/BroadcastQueue(  738): Skipping deliver [background] BroadcastRecord{652fb74 u-1 android.net.conn.CONNECTIVITY_CHANGE} to ReceiverList{29aa989d 2884 (unknown name)/0/u-1 remote:39d34286}: process crashing
I/ActivityManager(  738): START u0 {act=android.intent.action.MAIN cat=[android.intent.category.LAUNCHER] flg=0x10200000 cmp=com.zzl.falcon.internal/com.squareup.leakcanary.internal.DisplayLeakActivity} from uid 0 on display 0
V/WindowManager(  738): addAppToken: AppWindowToken{295e5ae0 token=Token{17fd20e3 ActivityRecord{1e910112 u0 com.zzl.falcon.internal/com.squareup.leakcanary.internal.DisplayLeakActivity t313}}} to stack=1 task=313 at 0
V/WindowManager(  738): Adding window Window{507e30d u0 Starting com.zzl.falcon.internal} at 3 of 9 (after Window{24ab9f97 u0 com.zzl.falcon.internal/com.zzl.falcon.MainActivity})
V/WindowManager(  738): Adding window Window{2ae808d3 u0 com.zzl.falcon.internal/com.squareup.leakcanary.internal.DisplayLeakActivity} at 3 of 10 (before Window{507e30d u0 Starting com.zzl.falcon.internal})
W/EGL_emulation( 2076): eglSurfaceAttrib not implemented
W/OpenGLRenderer( 2076): Failed to set EGL_SWAP_BEHAVIOR on surface 0xf3ffe220, error=EGL_SUCCESS
W/ViewRootImpl( 2076): Dropping event due to no window focus: KeyEvent { action=ACTION_DOWN, keyCode=KEYCODE_DPAD_LEFT, scanCode=0, metaState=0, flags=0x8, repeatCount=0, eventTime=2281173, downTime=2281173, deviceId=-1, source=0x101 }
W/ViewRootImpl( 2076): Cancelling event due to no window focus: KeyEvent { action=ACTION_UP, keyCode=KEYCODE_DPAD_LEFT, scanCode=0, metaState=0, flags=0x28, repeatCount=0, eventTime=2281311, downTime=2281311, deviceId=-1, source=0x101 }
W/ViewRootImpl( 2076): Cancelling event due to no window focus: KeyEvent { action=ACTION_UP, keyCode=KEYCODE_DPAD_LEFT, scanCode=0, metaState=0, flags=0x28, repeatCount=0, eventTime=2281311, downTime=2281311, deviceId=-1, source=0x101 }
W/ViewRootImpl( 2076): Cancelling event due to no window focus: KeyEvent { action=ACTION_UP, keyCode=KEYCODE_DPAD_LEFT, scanCode=0, metaState=0, flags=0x28, repeatCount=0, eventTime=2281311, downTime=2281311, deviceId=-1, source=0x101 }
W/ViewRootImpl( 2076): Cancelling event due to no window focus: KeyEvent { action=ACTION_UP, keyCode=KEYCODE_DPAD_LEFT, scanCode=0, metaState=0, flags=0x28, repeatCount=0, eventTime=2281311, downTime=2281311, deviceId=-1, source=0x101 }
W/ViewRootImpl( 2076): Cancelling event due to no window focus: KeyEvent { action=ACTION_UP, keyCode=KEYCODE_DPAD_LEFT, scanCode=0, metaState=0, flags=0x28, repeatCount=0, eventTime=2281311, downTime=2281311, deviceId=-1, source=0x101 }
W/ViewRootImpl( 2076): Cancelling event due to no window focus: KeyEvent { action=ACTION_UP, keyCode=KEYCODE_DPAD_LEFT, scanCode=0, metaState=0, flags=0x28, repeatCount=0, eventTime=2281311, downTime=2281311, deviceId=-1, source=0x101 }
W/ViewRootImpl( 2076): Cancelling event due to no window focus: KeyEvent { action=ACTION_UP, keyCode=KEYCODE_DPAD_LEFT, scanCode=0, metaState=0, flags=0x28, repeatCount=0, eventTime=2281311, downTime=2281311, deviceId=-1, source=0x101 }
W/ViewRootImpl( 2076): Cancelling event due to no window focus: KeyEvent { action=ACTION_UP, keyCode=KEYCODE_DPAD_LEFT, scanCode=0, metaState=0, flags=0x28, repeatCount=0, eventTime=2281311, downTime=2281311, deviceId=-1, source=0x101 }
W/ViewRootImpl( 2076): Cancelling event due to no window focus: KeyEvent { action=ACTION_UP, keyCode=KEYCODE_DPAD_LEFT, scanCode=0, metaState=0, flags=0x28, repeatCount=0, eventTime=2281311, downTime=2281311, deviceId=-1, source=0x101 }
W/ViewRootImpl( 2076): Dropping event due to no window focus: KeyEvent { action=ACTION_DOWN, keyCode=KEYCODE_DPAD_RIGHT, scanCode=0, metaState=0, flags=0x8, repeatCount=0, eventTime=2281454, downTime=2281454, deviceId=-1, source=0x101 }
I/ActivityManager(  738): Displayed com.zzl.falcon.internal/com.squareup.leakcanary.internal.DisplayLeakActivity: +427ms
I/AppiumUnicodeIME(  916): onFinishInput
I/AppiumUnicodeIME(  916): onStartInput
I/AppiumUnicodeIME(  916): onKeyUp (keyCode='22', event.keyCode='22', metaState='0')
I/AppiumUnicodeIME(  916): onKeyDown (keyCode='22', event.keyCode='22', metaState='0')
I/AppiumUnicodeIME(  916): onKeyUp (keyCode='22', event.keyCode='22', metaState='0')
I/AppiumUnicodeIME(  916): onKeyDown (keyCode='21', event.keyCode='21', metaState='0')
I/AppiumUnicodeIME(  916): onKeyUp (keyCode='21', event.keyCode='21', metaState='0')
I/AppiumUnicodeIME(  916): onKeyDown (keyCode='20', event.keyCode='20', metaState='0')
I/AppiumUnicodeIME(  916): onKeyUp (keyCode='20', event.keyCode='20', metaState='0')
I/AppiumUnicodeIME(  916): onKeyDown (keyCode='22', event.keyCode='22', metaState='0')
I/AppiumUnicodeIME(  916): onKeyUp (keyCode='22', event.keyCode='22', metaState='0')
I/AppiumUnicodeIME(  916): onKeyDown (keyCode='22', event.keyCode='22', metaState='0')
I/AppiumUnicodeIME(  916): onKeyUp (keyCode='22', event.keyCode='22', metaState='0')
I/AppiumUnicodeIME(  916): onKeyDown (keyCode='22', event.keyCode='22', metaState='0')
I/AppiumUnicodeIME(  916): onKeyUp (keyCode='22', event.keyCode='22', metaState='0')
I/AppiumUnicodeIME(  916): onKeyDown (keyCode='22', event.keyCode='22', metaState='0')
I/AppiumUnicodeIME(  916): onKeyUp (keyCode='22', event.keyCode='22', metaState='0')
I/AppiumUnicodeIME(  916): onKeyDown (keyCode='23', event.keyCode='23', metaState='0')
I/AppiumUnicodeIME(  916): onKeyUp (keyCode='23', event.keyCode='23', metaState='0')
I/AppiumUnicodeIME(  916): onKeyDown (keyCode='19', event.keyCode='19', metaState='0')
I/AppiumUnicodeIME(  916): onKeyUp (keyCode='19', event.keyCode='19', metaState='0')
I/AppiumUnicodeIME(  916): onKeyDown (keyCode='20', event.keyCode='20', metaState='0')
I/AppiumUnicodeIME(  916): onKeyUp (keyCode='20', event.keyCode='20', metaState='0')
I/AppiumUnicodeIME(  916): onKeyDown (keyCode='20', event.keyCode='20', metaState='0')
I/AppiumUnicodeIME(  916): onKeyUp (keyCode='20', event.keyCode='20', metaState='0')
I/AppiumUnicodeIME(  916): onKeyDown (keyCode='21', event.keyCode='21', metaState='0')
I/AppiumUnicodeIME(  916): onKeyUp (keyCode='21', event.keyCode='21', metaState='0')
I/AppiumUnicodeIME(  916): onKeyDown (keyCode='23', event.keyCode='23', metaState='0')
I/AppiumUnicodeIME(  916): onFinishInput
I/AppiumUnicodeIME(  916): onStartInput
I/AppiumUnicodeIME(  916): onKeyUp (keyCode='23', event.keyCode='23', metaState='0')
W/AudioTrack(  738): AUDIO_OUTPUT_FLAG_FAST denied by client
V/WindowManager(  738): not Base app: Adding window Window{30b57d28 u0 com.zzl.falcon.internal/com.squareup.leakcanary.internal.DisplayLeakActivity} at 4 of 10
I/AppiumUnicodeIME(  916): onKeyDown (keyCode='44', event.keyCode='44', metaState='0')
W/ViewRootImpl( 2076): Cancelling event due to no window focus: KeyEvent { action=ACTION_UP, keyCode=KEYCODE_P, scanCode=0, metaState=0, flags=0x28, repeatCount=0, eventTime=2281849, downTime=2281849, deviceId=-1, source=0x101 }
I/AppiumUnicodeIME(  916): onKeyUp (keyCode='44', event.keyCode='44', metaState='0')
W/ViewRootImpl( 2076): Cancelling event due to no window focus: KeyEvent { action=ACTION_UP, keyCode=KEYCODE_P, scanCode=0, metaState=0, flags=0x28, repeatCount=0, eventTime=2281849, downTime=2281849, deviceId=-1, source=0x101 }
W/ViewRootImpl( 2076): Cancelling event due to no window focus: KeyEvent { action=ACTION_UP, keyCode=KEYCODE_P, scanCode=0, metaState=0, flags=0x28, repeatCount=0, eventTime=2281849, downTime=2281849, deviceId=-1, source=0x101 }
W/ViewRootImpl( 2076): Cancelling event due to no window focus: KeyEvent { action=ACTION_UP, keyCode=KEYCODE_P, scanCode=0, metaState=0, flags=0x28, repeatCount=0, eventTime=2281849, downTime=2281849, deviceId=-1, source=0x101 }
W/ViewRootImpl( 2076): Cancelling event due to no window focus: KeyEvent { action=ACTION_UP, keyCode=KEYCODE_P, scanCode=0, metaState=0, flags=0x28, repeatCount=0, eventTime=2281849, downTime=2281849, deviceId=-1, source=0x101 }
W/ViewRootImpl( 2076): Cancelling event due to no window focus: KeyEvent { action=ACTION_UP, keyCode=KEYCODE_P, scanCode=0, metaState=0, flags=0x28, repeatCount=0, eventTime=2281849, downTime=2281849, deviceId=-1, source=0x101 }
W/ViewRootImpl( 2076): Cancelling event due to no window focus: KeyEvent { action=ACTION_UP, keyCode=KEYCODE_P, scanCode=0, metaState=0, flags=0x28, repeatCount=0, eventTime=2281849, downTime=2281849, deviceId=-1, source=0x101 }
W/ViewRootImpl( 2076): Cancelling event due to no window focus: KeyEvent { action=ACTION_UP, keyCode=KEYCODE_P, scanCode=0, metaState=0, flags=0x28, repeatCount=0, eventTime=2281849, downTime=2281849, deviceId=-1, source=0x101 }
W/ViewRootImpl( 2076): Cancelling event due to no window focus: KeyEvent { action=ACTION_UP, keyCode=KEYCODE_P, scanCode=0, metaState=0, flags=0x28, repeatCount=0, eventTime=2281849, downTime=2281849, deviceId=-1, source=0x101 }
W/ViewRootImpl( 2076): Dropping event due to no window focus: KeyEvent { action=ACTION_DOWN, keyCode=KEYCODE_BUTTON_L2, scanCode=0, metaState=0, flags=0x8, repeatCount=0, eventTime=2281903, downTime=2281903, deviceId=-1, source=0x101 }
W/ViewRootImpl( 2076): Cancelling event due to no window focus: KeyEvent { action=ACTION_UP, keyCode=KEYCODE_BUTTON_L2, scanCode=0, metaState=0, flags=0x28, repeatCount=0, eventTime=2281905, downTime=2281905, deviceId=-1, source=0x101 }
W/ViewRootImpl( 2076): Cancelling event due to no window focus: KeyEvent { action=ACTION_UP, keyCode=KEYCODE_BUTTON_L2, scanCode=0, metaState=0, flags=0x28, repeatCount=0, eventTime=2281905, downTime=2281905, deviceId=-1, source=0x101 }
W/ViewRootImpl( 2076): Cancelling event due to no window focus: KeyEvent { action=ACTION_UP, keyCode=KEYCODE_BUTTON_L2, scanCode=0, metaState=0, flags=0x28, repeatCount=0, eventTime=2281905, downTime=2281905, deviceId=-1, source=0x101 }
W/ViewRootImpl( 2076): Cancelling event due to no window focus: KeyEvent { action=ACTION_UP, keyCode=KEYCODE_BUTTON_L2, scanCode=0, metaState=0, flags=0x28, repeatCount=0, eventTime=2281905, downTime=2281905, deviceId=-1, source=0x101 }
W/ViewRootImpl( 2076): Cancelling event due to no window focus: KeyEvent { action=ACTION_UP, keyCode=KEYCODE_BUTTON_L2, scanCode=0, metaState=0, flags=0x28, repeatCount=0, eventTime=2281905, downTime=2281905, deviceId=-1, source=0x101 }
W/ViewRootImpl( 2076): Cancelling event due to no window focus: KeyEvent { action=ACTION_UP, keyCode=KEYCODE_BUTTON_L2, scanCode=0, metaState=0, flags=0x28, repeatCount=0, eventTime=2281905, downTime=2281905, deviceId=-1, source=0x101 }
W/ViewRootImpl( 2076): Cancelling event due to no window focus: KeyEvent { action=ACTION_UP, keyCode=KEYCODE_BUTTON_L2, scanCode=0, metaState=0, flags=0x28, repeatCount=0, eventTime=2281905, downTime=2281905, deviceId=-1, source=0x101 }
W/ViewRootImpl( 2076): Cancelling event due to no window focus: KeyEvent { action=ACTION_UP, keyCode=KEYCODE_BUTTON_L2, scanCode=0, metaState=0, flags=0x28, repeatCount=0, eventTime=2281905, downTime=2281905, deviceId=-1, source=0x101 }
W/ViewRootImpl( 2076): Cancelling event due to no window focus: KeyEvent { action=ACTION_UP, keyCode=KEYCODE_BUTTON_L2, scanCode=0, metaState=0, flags=0x28, repeatCount=0, eventTime=2281905, downTime=2281905, deviceId=-1, source=0x101 }
W/ViewRootImpl( 2076): Dropping event due to no window focus: KeyEvent { action=ACTION_DOWN, keyCode=KEYCODE_BUTTON_13, scanCode=0, metaState=0, flags=0x8, repeatCount=0, eventTime=2281916, downTime=2281916, deviceId=-1, source=0x101 }
W/ViewRootImpl( 2076): Dropping event due to no window focus: KeyEvent { action=ACTION_DOWN, keyCode=KEYCODE_DPAD_CENTER, scanCode=0, metaState=0, flags=0x8, repeatCount=0, eventTime=2281916, downTime=2281916, deviceId=-1, source=0x101 }
W/ViewRootImpl( 2076): Cancelling event due to no window focus: KeyEvent { action=ACTION_UP, keyCode=KEYCODE_BUTTON_13, scanCode=0, metaState=0, flags=0x28, repeatCount=0, eventTime=2281921, downTime=2281921, deviceId=-1, source=0x101 }
W/ViewRootImpl( 2076): Cancelling event due to no window focus: KeyEvent { action=ACTION_UP, keyCode=KEYCODE_BUTTON_13, scanCode=0, metaState=0, flags=0x28, repeatCount=0, eventTime=2281921, downTime=2281921, deviceId=-1, source=0x101 }
W/ViewRootImpl( 2076): Cancelling event due to no window focus: KeyEvent { action=ACTION_UP, keyCode=KEYCODE_BUTTON_13, scanCode=0, metaState=0, flags=0x28, repeatCount=0, eventTime=2281921, downTime=2281921, deviceId=-1, source=0x101 }
W/ViewRootImpl( 2076): Cancelling event due to no window focus: KeyEvent { action=ACTION_UP, keyCode=KEYCODE_BUTTON_13, scanCode=0, metaState=0, flags=0x28, repeatCount=0, eventTime=2281921, downTime=2281921, deviceId=-1, source=0x101 }
W/ViewRootImpl( 2076): Cancelling event due to no window focus: KeyEvent { action=ACTION_UP, keyCode=KEYCODE_BUTTON_13, scanCode=0, metaState=0, flags=0x28, repeatCount=0, eventTime=2281921, downTime=2281921, deviceId=-1, source=0x101 }
W/ViewRootImpl( 2076): Cancelling event due to no window focus: KeyEvent { action=ACTION_UP, keyCode=KEYCODE_BUTTON_13, scanCode=0, metaState=0, flags=0x28, repeatCount=0, eventTime=2281921, downTime=2281921, deviceId=-1, source=0x101 }
W/ViewRootImpl( 2076): Cancelling event due to no window focus: KeyEvent { action=ACTION_UP, keyCode=KEYCODE_BUTTON_13, scanCode=0, metaState=0, flags=0x28, repeatCount=0, eventTime=2281921, downTime=2281921, deviceId=-1, source=0x101 }
W/ViewRootImpl( 2076): Cancelling event due to no window focus: KeyEvent { action=ACTION_UP, keyCode=KEYCODE_BUTTON_13, scanCode=0, metaState=0, flags=0x28, repeatCount=0, eventTime=2281921, downTime=2281921, deviceId=-1, source=0x101 }
W/ViewRootImpl( 2076): Cancelling event due to no window focus: KeyEvent { action=ACTION_UP, keyCode=KEYCODE_BUTTON_13, scanCode=0, metaState=0, flags=0x28, repeatCount=0, eventTime=2281921, downTime=2281921, deviceId=-1, source=0x101 }
W/ViewRootImpl( 2076): Cancelling event due to no window focus: KeyEvent { action=ACTION_UP, keyCode=KEYCODE_DPAD_CENTER, scanCode=0, metaState=0, flags=0x28, repeatCount=0, eventTime=2281921, downTime=2281921, deviceId=-1, source=0x101 }
W/ViewRootImpl( 2076): Cancelling event due to no window focus: KeyEvent { action=ACTION_UP, keyCode=KEYCODE_DPAD_CENTER, scanCode=0, metaState=0, flags=0x28, repeatCount=0, eventTime=2281921, downTime=2281921, deviceId=-1, source=0x101 }
W/ViewRootImpl( 2076): Cancelling event due to no window focus: KeyEvent { action=ACTION_UP, keyCode=KEYCODE_DPAD_CENTER, scanCode=0, metaState=0, flags=0x28, repeatCount=0, eventTime=2281921, downTime=2281921, deviceId=-1, source=0x101 }
W/ViewRootImpl( 2076): Cancelling event due to no window focus: KeyEvent { action=ACTION_UP, keyCode=KEYCODE_DPAD_CENTER, scanCode=0, metaState=0, flags=0x28, repeatCount=0, eventTime=2281921, downTime=2281921, deviceId=-1, source=0x101 }
W/ViewRootImpl( 2076): Cancelling event due to no window focus: KeyEvent { action=ACTION_UP, keyCode=KEYCODE_DPAD_CENTER, scanCode=0, metaState=0, flags=0x28, repeatCount=0, eventTime=2281921, downTime=2281921, deviceId=-1, source=0x101 }
W/ViewRootImpl( 2076): Cancelling event due to no window focus: KeyEvent { action=ACTION_UP, keyCode=KEYCODE_DPAD_CENTER, scanCode=0, metaState=0, flags=0x28, repeatCount=0, eventTime=2281921, downTime=2281921, deviceId=-1, source=0x101 }
W/ViewRootImpl( 2076): Cancelling event due to no window focus: KeyEvent { action=ACTION_UP, keyCode=KEYCODE_DPAD_CENTER, scanCode=0, metaState=0, flags=0x28, repeatCount=0, eventTime=2281921, downTime=2281921, deviceId=-1, source=0x101 }
W/ViewRootImpl( 2076): Cancelling event due to no window focus: KeyEvent { action=ACTION_UP, keyCode=KEYCODE_DPAD_CENTER, scanCode=0, metaState=0, flags=0x28, repeatCount=0, eventTime=2281921, downTime=2281921, deviceId=-1, source=0x101 }
W/ViewRootImpl( 2076): Cancelling event due to no window focus: KeyEvent { action=ACTION_UP, keyCode=KEYCODE_DPAD_CENTER, scanCode=0, metaState=0, flags=0x28, repeatCount=0, eventTime=2281921, downTime=2281921, deviceId=-1, source=0x101 }
W/ViewRootImpl( 2076): Dropping event due to no window focus: MotionEvent { action=ACTION_MOVE, id[0]=0, x[0]=4.0, y[0]=-5.0, toolType[0]=TOOL_TYPE_UNKNOWN, buttonState=0, metaState=0, flags=0x0, edgeFlags=0x0, pointerCount=1, historySize=4, eventTime=2281928, downTime=-1, deviceId=0, source=0x10004 }
W/EGL_emulation( 2076): eglSurfaceAttrib not implemented
W/OpenGLRenderer( 2076): Failed to set EGL_SWAP_BEHAVIOR on surface 0xe14370e0, error=EGL_SUCCESS
W/AudioTrack(  738): AUDIO_OUTPUT_FLAG_FAST denied by client
W/AudioTrack(  738): AUDIO_OUTPUT_FLAG_FAST denied by client
W/InputEventReceiver( 2076): Attempted to finish an input event but the input event receiver has already been disposed.
I/AppiumUnicodeIME(  916): onKeyDown (keyCode='23', event.keyCode='23', metaState='0')
W/ViewRootImpl( 2076): Cancelling event due to no window focus: KeyEvent { action=ACTION_UP, keyCode=KEYCODE_DPAD_CENTER, scanCode=0, metaState=0, flags=0x28, repeatCount=0, eventTime=2282182, downTime=2282182, deviceId=-1, source=0x101 }
W/ViewRootImpl( 2076): Cancelling event due to no window focus: KeyEvent { action=ACTION_UP, keyCode=KEYCODE_DPAD_CENTER, scanCode=0, metaState=0, flags=0x28, repeatCount=0, eventTime=2282182, downTime=2282182, deviceId=-1, source=0x101 }
W/ViewRootImpl( 2076): Cancelling event due to no window focus: KeyEvent { action=ACTION_UP, keyCode=KEYCODE_DPAD_CENTER, scanCode=0, metaState=0, flags=0x28, repeatCount=0, eventTime=2282182, downTime=2282182, deviceId=-1, source=0x101 }
I/AppiumUnicodeIME(  916): onKeyUp (keyCode='23', event.keyCode='23', metaState='0')
W/ViewRootImpl( 2076): Cancelling event due to no window focus: KeyEvent { action=ACTION_UP, keyCode=KEYCODE_DPAD_CENTER, scanCode=0, metaState=0, flags=0x28, repeatCount=0, eventTime=2282182, downTime=2282182, deviceId=-1, source=0x101 }
W/ViewRootImpl( 2076): Cancelling event due to no window focus: KeyEvent { action=ACTION_UP, keyCode=KEYCODE_DPAD_CENTER, scanCode=0, metaState=0, flags=0x28, repeatCount=0, eventTime=2282182, downTime=2282182, deviceId=-1, source=0x101 }
W/ViewRootImpl( 2076): Cancelling event due to no window focus: KeyEvent { action=ACTION_UP, keyCode=KEYCODE_DPAD_CENTER, scanCode=0, metaState=0, flags=0x28, repeatCount=0, eventTime=2282182, downTime=2282182, deviceId=-1, source=0x101 }
W/ViewRootImpl( 2076): Cancelling event due to no window focus: KeyEvent { action=ACTION_UP, keyCode=KEYCODE_DPAD_CENTER, scanCode=0, metaState=0, flags=0x28, repeatCount=0, eventTime=2282182, downTime=2282182, deviceId=-1, source=0x101 }
W/ViewRootImpl( 2076): Cancelling event due to no window focus: KeyEvent { action=ACTION_UP, keyCode=KEYCODE_DPAD_CENTER, scanCode=0, metaState=0, flags=0x28, repeatCount=0, eventTime=2282182, downTime=2282182, deviceId=-1, source=0x101 }
W/ViewRootImpl( 2076): Cancelling event due to no window focus: KeyEvent { action=ACTION_UP, keyCode=KEYCODE_DPAD_CENTER, scanCode=0, metaState=0, flags=0x28, repeatCount=0, eventTime=2282182, downTime=2282182, deviceId=-1, source=0x101 }
W/InputMethodManagerService(  738): Window already focused, ignoring focus gain of: com.android.internal.view.IInputMethodClient$Stub$Proxy@3a7943d4 attribute=null, token = android.os.BinderProxy@3497d2c2
I/AppiumUnicodeIME(  916): onKeyDown (keyCode='82', event.keyCode='82', metaState='0')
I/AppiumUnicodeIME(  916): onKeyUp (keyCode='82', event.keyCode='82', metaState='0')
I/AppiumUnicodeIME(  916): onKeyDown (keyCode='21', event.keyCode='21', metaState='0')
I/AppiumUnicodeIME(  916): onKeyUp (keyCode='21', event.keyCode='21', metaState='0')
I/AppiumUnicodeIME(  916): onKeyDown (keyCode='4', event.keyCode='4', metaState='0')
I/AppiumUnicodeIME(  916): onKeyUp (keyCode='4', event.keyCode='4', metaState='0')
D/        (  738): HostConnection::get() New Host Connection established 0xe1642fa0, tid 1044
E/EGL_emulation(  773): tid 773: eglCreateSyncKHR(1209): error 0x3004 (EGL_BAD_ATTRIBUTE)
W/AudioTrack(  738): AUDIO_OUTPUT_FLAG_FAST denied by client
W/EGL_emulation( 1012): eglSurfaceAttrib not implemented
W/OpenGLRenderer( 1012): Failed to set EGL_SWAP_BEHAVIOR on surface 0xe1978740, error=EGL_SUCCESS
W/ViewRootImpl( 1012): Dropping event due to no window focus: KeyEvent { action=ACTION_DOWN, keyCode=KEYCODE_DPAD_LEFT, scanCode=0, metaState=0, flags=0x8, repeatCount=0, eventTime=2282337, downTime=2282337, deviceId=-1, source=0x101 }
I/AppiumUnicodeIME(  916): onKeyUp (keyCode='21', event.keyCode='21', metaState='0')
I/AppiumUnicodeIME(  916): onFinishInput
I/AppiumUnicodeIME(  916): onStartInput
I/AppiumUnicodeIME(  916): onKeyDown (keyCode='19', event.keyCode='19', metaState='0')
I/AppiumUnicodeIME(  916): onKeyDown (keyCode='19', event.keyCode='19', metaState='0')
I/AppiumUnicodeIME(  916): onKeyUp (keyCode='19', event.keyCode='19', metaState='0')
I/AppiumUnicodeIME(  916): onKeyDown (keyCode='19', event.keyCode='19', metaState='0')
I/AppiumUnicodeIME(  916): onKeyUp (keyCode='19', event.keyCode='19', metaState='0')
I/AppiumUnicodeIME(  916): onKeyDown (keyCode='19', event.keyCode='19', metaState='0')
I/AppiumUnicodeIME(  916): onKeyUp (keyCode='19', event.keyCode='19', metaState='0')
I/AppiumUnicodeIME(  916): onKeyDown (keyCode='19', event.keyCode='19', metaState='0')
I/AppiumUnicodeIME(  916): onKeyUp (keyCode='19', event.keyCode='19', metaState='0')
W/AudioTrack(  738): AUDIO_OUTPUT_FLAG_FAST denied by client
I/AppiumUnicodeIME(  916): onKeyDown (keyCode='22', event.keyCode='22', metaState='0')
W/AudioTrack(  738): AUDIO_OUTPUT_FLAG_FAST denied by client
W/AudioTrack(  738): AUDIO_OUTPUT_FLAG_FAST denied by client
W/AudioTrack(  738): AUDIO_OUTPUT_FLAG_FAST denied by client
W/AudioTrack(  738): AUDIO_OUTPUT_FLAG_FAST denied by client
I/AppiumUnicodeIME(  916): onFinishInput
I/AppiumUnicodeIME(  916): onStartInput
I/AppiumUnicodeIME(  916): onKeyUp (keyCode='22', event.keyCode='22', metaState='0')
