D/awcn.DefaultHeartbeatImpl( 1586): |[seq:umeng:56aadbf567e58e38d4000976.AWCN1_1] reSchedule session:Session@[umeng:56aadbf567e58e38d4000976.AWCN1_1|http2_0rtt_acs] delay:45055
I/awcn.TnetSpdySession( 1586): |[seq:umeng:56aadbf567e58e38d4000976.AWCN1_1] ping receive Host:https://umengacs.m.taobao.com id:53
D/libeasy ( 1372): [log_file_update_list] unlink file.
D/libeasy ( 1482): [log_file_update_list] unlink file.
D/awcn.DefaultHeartbeatImpl( 1586): |[seq:umeng:56aadbf567e58e38d4000976.AWCN1_1] heartbeat session:Session@[umeng:56aadbf567e58e38d4000976.AWCN1_1|http2_0rtt_acs]
D/awcn.TnetSpdySession( 1586): |[seq:umeng:56aadbf567e58e38d4000976.AWCN1_1] ping host:https://umengacs.m.taobao.com thread:AWCN Scheduler1
D/awcn.TnetSpdySession( 1586): |[seq:umeng:56aadbf567e58e38d4000976.AWCN1_1] https://umengacs.m.taobao.com submit ping ms:45050 force:true
D/awcn.DefaultHeartbeatImpl( 1586): |[seq:umeng:56aadbf567e58e38d4000976.AWCN1_1] reSchedule session:Session@[umeng:56aadbf567e58e38d4000976.AWCN1_1|http2_0rtt_acs] delay:45050
I/awcn.TnetSpdySession( 1586): |[seq:umeng:56aadbf567e58e38d4000976.AWCN1_1] ping receive Host:https://umengacs.m.taobao.com id:55
D/awcn.DefaultHeartbeatImpl( 1586): |[seq:umeng:56aadbf567e58e38d4000976.AWCN1_1] heartbeat session:Session@[umeng:56aadbf567e58e38d4000976.AWCN1_1|http2_0rtt_acs]
D/awcn.TnetSpdySession( 1586): |[seq:umeng:56aadbf567e58e38d4000976.AWCN1_1] ping host:https://umengacs.m.taobao.com thread:AWCN Scheduler1
D/awcn.TnetSpdySession( 1586): |[seq:umeng:56aadbf567e58e38d4000976.AWCN1_1] https://umengacs.m.taobao.com submit ping ms:45055 force:true
D/awcn.DefaultHeartbeatImpl( 1586): |[seq:umeng:56aadbf567e58e38d4000976.AWCN1_1] reSchedule session:Session@[umeng:56aadbf567e58e38d4000976.AWCN1_1|http2_0rtt_acs] delay:45055
I/awcn.TnetSpdySession( 1586): |[seq:umeng:56aadbf567e58e38d4000976.AWCN1_1] ping receive Host:https://umengacs.m.taobao.com id:57
D/Genyd   (  118): Received Set Clipboard
D/Genymotion(  118): Received Set Clipboard
D/awcn.DefaultHeartbeatImpl( 1586): |[seq:umeng:56aadbf567e58e38d4000976.AWCN1_1] heartbeat session:Session@[umeng:56aadbf567e58e38d4000976.AWCN1_1|http2_0rtt_acs]
D/awcn.TnetSpdySession( 1586): |[seq:umeng:56aadbf567e58e38d4000976.AWCN1_1] ping host:https://umengacs.m.taobao.com thread:AWCN Scheduler1
D/awcn.TnetSpdySession( 1586): |[seq:umeng:56aadbf567e58e38d4000976.AWCN1_1] https://umengacs.m.taobao.com submit ping ms:45053 force:true
D/awcn.DefaultHeartbeatImpl( 1586): |[seq:umeng:56aadbf567e58e38d4000976.AWCN1_1] reSchedule session:Session@[umeng:56aadbf567e58e38d4000976.AWCN1_1|http2_0rtt_acs] delay:45053
I/awcn.TnetSpdySession( 1586): |[seq:umeng:56aadbf567e58e38d4000976.AWCN1_1] ping receive Host:https://umengacs.m.taobao.com id:59
I/tnet-jni( 1372): 99 - [spdyPingRecvCallback] - 
I/tnet-jni( 1372): 99 - [SpdySessionCallBack.spdyPingRecvCallback] - org.android.spdy.SpdySession@5dd27f9
D/accs.SpdyConnection( 1372):  spdyPingRecvCallback uniId:14
D/accs.MessageHandler( 1372):  onRcvPing
D/accs.HeartbeatManager( 1372):  onHeartbeatSucc
D/accs.OrangeAdapter( 1372):  isSmartHb result:true
D/accs.HeartbeatManager( 1372):  set 270
I/tnet-jni( 1462): 104 - [spdyPingRecvCallback] - 
I/tnet-jni( 1462): 104 - [SpdySessionCallBack.spdyPingRecvCallback] - org.android.spdy.SpdySession@78abfce
D/accs.SilenceConn_umeng:56aadbf567e58e38d4000976( 1462):  spdyPingRecvCallback uniId:14
D/accs.MsgRecv_umeng:56aadbf567e58e38d4000976( 1462):  onRcvPing
D/accs.HeartbeatManager( 1462):  onHeartbeatSucc
D/accs.OrangeAdapter( 1462):  isSmartHb result:true
D/accs.HeartbeatManager( 1462):  set 270
D/awcn.DefaultHeartbeatImpl( 1586): |[seq:umeng:56aadbf567e58e38d4000976.AWCN1_1] heartbeat session:Session@[umeng:56aadbf567e58e38d4000976.AWCN1_1|http2_0rtt_acs]
D/awcn.TnetSpdySession( 1586): |[seq:umeng:56aadbf567e58e38d4000976.AWCN1_1] ping host:https://umengacs.m.taobao.com thread:AWCN Scheduler1
D/awcn.TnetSpdySession( 1586): |[seq:umeng:56aadbf567e58e38d4000976.AWCN1_1] https://umengacs.m.taobao.com submit ping ms:45051 force:true
D/awcn.DefaultHeartbeatImpl( 1586): |[seq:umeng:56aadbf567e58e38d4000976.AWCN1_1] reSchedule session:Session@[umeng:56aadbf567e58e38d4000976.AWCN1_1|http2_0rtt_acs] delay:45051
I/awcn.TnetSpdySession( 1586): |[seq:umeng:56aadbf567e58e38d4000976.AWCN1_1] ping receive Host:https://umengacs.m.taobao.com id:61
D/Genyd   (  118): Received Set Clipboard
D/Genymotion(  118): Received Set Clipboard
D/awcn.DefaultHeartbeatImpl( 1586): |[seq:umeng:56aadbf567e58e38d4000976.AWCN1_1] heartbeat session:Session@[umeng:56aadbf567e58e38d4000976.AWCN1_1|http2_0rtt_acs]
D/awcn.TnetSpdySession( 1586): |[seq:umeng:56aadbf567e58e38d4000976.AWCN1_1] ping host:https://umengacs.m.taobao.com thread:AWCN Scheduler1
D/awcn.TnetSpdySession( 1586): |[seq:umeng:56aadbf567e58e38d4000976.AWCN1_1] https://umengacs.m.taobao.com submit ping ms:45054 force:true
D/awcn.DefaultHeartbeatImpl( 1586): |[seq:umeng:56aadbf567e58e38d4000976.AWCN1_1] reSchedule session:Session@[umeng:56aadbf567e58e38d4000976.AWCN1_1|http2_0rtt_acs] delay:45054
I/awcn.TnetSpdySession( 1586): |[seq:umeng:56aadbf567e58e38d4000976.AWCN1_1] ping receive Host:https://umengacs.m.taobao.com id:63
D/Genyd   (  118): Received Set Clipboard
D/Genymotion(  118): Received Set Clipboard
D/awcn.DefaultHeartbeatImpl( 1586): |[seq:umeng:56aadbf567e58e38d4000976.AWCN1_1] heartbeat session:Session@[umeng:56aadbf567e58e38d4000976.AWCN1_1|http2_0rtt_acs]
D/awcn.TnetSpdySession( 1586): |[seq:umeng:56aadbf567e58e38d4000976.AWCN1_1] ping host:https://umengacs.m.taobao.com thread:AWCN Scheduler1
D/awcn.TnetSpdySession( 1586): |[seq:umeng:56aadbf567e58e38d4000976.AWCN1_1] https://umengacs.m.taobao.com submit ping ms:45053 force:true
D/awcn.DefaultHeartbeatImpl( 1586): |[seq:umeng:56aadbf567e58e38d4000976.AWCN1_1] reSchedule session:Session@[umeng:56aadbf567e58e38d4000976.AWCN1_1|http2_0rtt_acs] delay:45053
I/awcn.TnetSpdySession( 1586): |[seq:umeng:56aadbf567e58e38d4000976.AWCN1_1] ping receive Host:https://umengacs.m.taobao.com id:65
D/awcn.DefaultHeartbeatImpl( 1586): |[seq:umeng:56aadbf567e58e38d4000976.AWCN1_1] heartbeat session:Session@[umeng:56aadbf567e58e38d4000976.AWCN1_1|http2_0rtt_acs]
D/awcn.TnetSpdySession( 1586): |[seq:umeng:56aadbf567e58e38d4000976.AWCN1_1] ping host:https://umengacs.m.taobao.com thread:AWCN Scheduler1
D/awcn.TnetSpdySession( 1586): |[seq:umeng:56aadbf567e58e38d4000976.AWCN1_1] https://umengacs.m.taobao.com submit ping ms:45052 force:true
D/awcn.DefaultHeartbeatImpl( 1586): |[seq:umeng:56aadbf567e58e38d4000976.AWCN1_1] reSchedule session:Session@[umeng:56aadbf567e58e38d4000976.AWCN1_1|http2_0rtt_acs] delay:45052
I/awcn.TnetSpdySession( 1586): |[seq:umeng:56aadbf567e58e38d4000976.AWCN1_1] ping receive Host:https://umengacs.m.taobao.com id:67
I/tnet-jni( 1372): 99 - [spdyPingRecvCallback] - 
I/tnet-jni( 1372): 99 - [SpdySessionCallBack.spdyPingRecvCallback] - org.android.spdy.SpdySession@5dd27f9
D/accs.SpdyConnection( 1372):  spdyPingRecvCallback uniId:16
D/accs.MessageHandler( 1372):  onRcvPing
D/accs.HeartbeatManager( 1372):  onHeartbeatSucc
D/accs.OrangeAdapter( 1372):  isSmartHb result:true
D/accs.HeartbeatManager( 1372):  set 270
D/accs.UtilityImpl( 1372):  setServiceTime:1512795949877
D/awcn.DefaultHeartbeatImpl( 1586): |[seq:umeng:56aadbf567e58e38d4000976.AWCN1_1] heartbeat session:Session@[umeng:56aadbf567e58e38d4000976.AWCN1_1|http2_0rtt_acs]
D/awcn.TnetSpdySession( 1586): |[seq:umeng:56aadbf567e58e38d4000976.AWCN1_1] ping host:https://umengacs.m.taobao.com thread:AWCN Scheduler1
D/awcn.TnetSpdySession( 1586): |[seq:umeng:56aadbf567e58e38d4000976.AWCN1_1] https://umengacs.m.taobao.com submit ping ms:45051 force:true
D/awcn.DefaultHeartbeatImpl( 1586): |[seq:umeng:56aadbf567e58e38d4000976.AWCN1_1] reSchedule session:Session@[umeng:56aadbf567e58e38d4000976.AWCN1_1|http2_0rtt_acs] delay:45051
I/awcn.TnetSpdySession( 1586): |[seq:umeng:56aadbf567e58e38d4000976.AWCN1_1] ping receive Host:https://umengacs.m.taobao.com id:69
I/tnet-jni( 1462): 104 - [spdyPingRecvCallback] - 
I/tnet-jni( 1462): 104 - [SpdySessionCallBack.spdyPingRecvCallback] - org.android.spdy.SpdySession@78abfce
D/accs.SilenceConn_umeng:56aadbf567e58e38d4000976( 1462):  spdyPingRecvCallback uniId:16
D/accs.MsgRecv_umeng:56aadbf567e58e38d4000976( 1462):  onRcvPing
D/accs.HeartbeatManager( 1462):  onHeartbeatSucc
D/accs.OrangeAdapter( 1462):  isSmartHb result:true
D/accs.HeartbeatManager( 1462):  set 270
D/accs.UtilityImpl( 1462):  setServiceTime:1512795960508
D/awcn.DefaultHeartbeatImpl( 1586): |[seq:umeng:56aadbf567e58e38d4000976.AWCN1_1] heartbeat session:Session@[umeng:56aadbf567e58e38d4000976.AWCN1_1|http2_0rtt_acs]
D/awcn.TnetSpdySession( 1586): |[seq:umeng:56aadbf567e58e38d4000976.AWCN1_1] ping host:https://umengacs.m.taobao.com thread:AWCN Scheduler1
D/awcn.TnetSpdySession( 1586): |[seq:umeng:56aadbf567e58e38d4000976.AWCN1_1] https://umengacs.m.taobao.com submit ping ms:45051 force:true
D/awcn.DefaultHeartbeatImpl( 1586): |[seq:umeng:56aadbf567e58e38d4000976.AWCN1_1] reSchedule session:Session@[umeng:56aadbf567e58e38d4000976.AWCN1_1|http2_0rtt_acs] delay:45051
I/awcn.TnetSpdySession( 1586): |[seq:umeng:56aadbf567e58e38d4000976.AWCN1_1] ping receive Host:https://umengacs.m.taobao.com id:71
D/awcn.DefaultHeartbeatImpl( 1586): |[seq:umeng:56aadbf567e58e38d4000976.AWCN1_1] heartbeat session:Session@[umeng:56aadbf567e58e38d4000976.AWCN1_1|http2_0rtt_acs]
D/awcn.TnetSpdySession( 1586): |[seq:umeng:56aadbf567e58e38d4000976.AWCN1_1] ping host:https://umengacs.m.taobao.com thread:AWCN Scheduler1
D/awcn.TnetSpdySession( 1586): |[seq:umeng:56aadbf567e58e38d4000976.AWCN1_1] https://umengacs.m.taobao.com submit ping ms:45052 force:true
D/awcn.DefaultHeartbeatImpl( 1586): |[seq:umeng:56aadbf567e58e38d4000976.AWCN1_1] reSchedule session:Session@[umeng:56aadbf567e58e38d4000976.AWCN1_1|http2_0rtt_acs] delay:45052
I/awcn.TnetSpdySession( 1586): |[seq:umeng:56aadbf567e58e38d4000976.AWCN1_1] ping receive Host:https://umengacs.m.taobao.com id:73
I/ActivityManager(  738): Killing 1826:com.android.onetimeinitializer/u0a10 (adj 13): empty for 1804s
W/libprocessgroup(  738): failed to open /acct/uid_10010/pid_1826/cgroup.procs: No such file or directory
I/ActivityManager(  738): Killing 1327:com.android.mms/u0a8 (adj 13): empty for 1804s
W/libprocessgroup(  738): failed to open /acct/uid_10008/pid_1327/cgroup.procs: No such file or directory
I/ActivityManager(  738): Killing 1294:android.process.media/u0a5 (adj 13): empty for 1804s
W/libprocessgroup(  738): failed to open /acct/uid_10005/pid_1294/cgroup.procs: No such file or directory
I/ActivityManager(  738): Killing 1798:com.android.managedprovisioning/u0a7 (adj 13): empty for 1804s
W/libprocessgroup(  738): failed to open /acct/uid_10007/pid_1798/cgroup.procs: No such file or directory
I/ActivityManager(  738): Killing 1778:com.google.android.marvin.talkback/u0a72 (adj 13): empty for 1805s
W/libprocessgroup(  738): failed to open /acct/uid_10072/pid_1778/cgroup.procs: No such file or directory
I/ActivityManager(  738): Killing 1755:com.android.dialer/u0a4 (adj 15): empty for 1805s
W/libprocessgroup(  738): failed to open /acct/uid_10004/pid_1755/cgroup.procs: No such file or directory
I/ProcessStatsService(  738): Prepared write state in 1ms
I/ProcessStatsService(  738): Prepared write state in 0ms
I/ProcessStatsService(  738): Pruning old procstats: /data/system/procstats/state-2017-12-06-05-15-00.bin
D/CountryDetector(  738): No listener is left
D/awcn.DefaultHeartbeatImpl( 1586): |[seq:umeng:56aadbf567e58e38d4000976.AWCN1_1] heartbeat session:Session@[umeng:56aadbf567e58e38d4000976.AWCN1_1|http2_0rtt_acs]
D/awcn.TnetSpdySession( 1586): |[seq:umeng:56aadbf567e58e38d4000976.AWCN1_1] ping host:https://umengacs.m.taobao.com thread:AWCN Scheduler1
D/awcn.TnetSpdySession( 1586): |[seq:umeng:56aadbf567e58e38d4000976.AWCN1_1] https://umengacs.m.taobao.com submit ping ms:45053 force:true
D/awcn.DefaultHeartbeatImpl( 1586): |[seq:umeng:56aadbf567e58e38d4000976.AWCN1_1] reSchedule session:Session@[umeng:56aadbf567e58e38d4000976.AWCN1_1|http2_0rtt_acs] delay:45053
I/awcn.TnetSpdySession( 1586): |[seq:umeng:56aadbf567e58e38d4000976.AWCN1_1] ping receive Host:https://umengacs.m.taobao.com id:75
D/NetworkMonitor/NetworkAgentInfo [WIFI () - 100](  738): OfflineState{ when=-100ms what=532488 arg2=1 target=com.android.internal.util.StateMachine$SmHandler }
D/NetworkMonitor/NetworkAgentInfo [WIFI () - 100](  738): DefaultState{ when=-100ms what=532488 arg2=1 target=com.android.internal.util.StateMachine$SmHandler }
D/NetworkMonitor/NetworkAgentInfo [WIFI () - 100](  738): Forcing reevaluation
D/NetworkMonitor/NetworkAgentInfo [WIFI () - 100](  738): EvaluatingState{ when=0 what=532486 arg1=6 target=com.android.internal.util.StateMachine$SmHandler }
D/NetworkMonitor/NetworkAgentInfo [WIFI () - 100](  738): Checking http://connectivitycheck.android.com/generate_204 on "WiredSSID"
D/NetworkMonitor/NetworkAgentInfo [WIFI () - 100](  738): Probably not a portal: exception java.net.SocketTimeoutException: failed to connect to connectivitycheck.android.com/172.217.24.14 (port 80) after 10000ms
D/ConnectivityService(  738): setProvNotificationVisibleIntent: E visible=false networkType=0 extraInfo=null
D/awcn.DefaultHeartbeatImpl( 1586): |[seq:umeng:56aadbf567e58e38d4000976.AWCN1_1] heartbeat session:Session@[umeng:56aadbf567e58e38d4000976.AWCN1_1|http2_0rtt_acs]
D/awcn.TnetSpdySession( 1586): |[seq:umeng:56aadbf567e58e38d4000976.AWCN1_1] ping host:https://umengacs.m.taobao.com thread:AWCN Scheduler1
D/awcn.TnetSpdySession( 1586): |[seq:umeng:56aadbf567e58e38d4000976.AWCN1_1] https://umengacs.m.taobao.com submit ping ms:45052 force:true
D/awcn.DefaultHeartbeatImpl( 1586): |[seq:umeng:56aadbf567e58e38d4000976.AWCN1_1] reSchedule session:Session@[umeng:56aadbf567e58e38d4000976.AWCN1_1|http2_0rtt_acs] delay:45052
I/awcn.TnetSpdySession( 1586): |[seq:umeng:56aadbf567e58e38d4000976.AWCN1_1] ping receive Host:https://umengacs.m.taobao.com id:77
I/tnet-jni( 1372): 99 - [spdyPingRecvCallback] - 
I/tnet-jni( 1372): 99 - [SpdySessionCallBack.spdyPingRecvCallback] - org.android.spdy.SpdySession@5dd27f9
D/accs.SpdyConnection( 1372):  spdyPingRecvCallback uniId:18
D/accs.MessageHandler( 1372):  onRcvPing
D/accs.HeartbeatManager( 1372):  onHeartbeatSucc
D/accs.OrangeAdapter( 1372):  isSmartHb result:true
D/accs.HeartbeatManager( 1372):  set 270
I/tnet-jni( 1462): 104 - [spdyPingRecvCallback] - 
I/tnet-jni( 1462): 104 - [SpdySessionCallBack.spdyPingRecvCallback] - org.android.spdy.SpdySession@78abfce
D/accs.SilenceConn_umeng:56aadbf567e58e38d4000976( 1462):  spdyPingRecvCallback uniId:18
D/accs.MsgRecv_umeng:56aadbf567e58e38d4000976( 1462):  onRcvPing
D/accs.HeartbeatManager( 1462):  onHeartbeatSucc
D/accs.OrangeAdapter( 1462):  isSmartHb result:true
D/accs.HeartbeatManager( 1462):  set 270
D/awcn.DefaultHeartbeatImpl( 1586): |[seq:umeng:56aadbf567e58e38d4000976.AWCN1_1] heartbeat session:Session@[umeng:56aadbf567e58e38d4000976.AWCN1_1|http2_0rtt_acs]
D/awcn.TnetSpdySession( 1586): |[seq:umeng:56aadbf567e58e38d4000976.AWCN1_1] ping host:https://umengacs.m.taobao.com thread:AWCN Scheduler1
D/awcn.TnetSpdySession( 1586): |[seq:umeng:56aadbf567e58e38d4000976.AWCN1_1] https://umengacs.m.taobao.com submit ping ms:45052 force:true
D/awcn.DefaultHeartbeatImpl( 1586): |[seq:umeng:56aadbf567e58e38d4000976.AWCN1_1] reSchedule session:Session@[umeng:56aadbf567e58e38d4000976.AWCN1_1|http2_0rtt_acs] delay:45052
I/awcn.TnetSpdySession( 1586): |[seq:umeng:56aadbf567e58e38d4000976.AWCN1_1] ping receive Host:https://umengacs.m.taobao.com id:79
D/awcn.DefaultHeartbeatImpl( 1586): |[seq:umeng:56aadbf567e58e38d4000976.AWCN1_1] heartbeat session:Session@[umeng:56aadbf567e58e38d4000976.AWCN1_1|http2_0rtt_acs]
D/awcn.TnetSpdySession( 1586): |[seq:umeng:56aadbf567e58e38d4000976.AWCN1_1] ping host:https://umengacs.m.taobao.com thread:AWCN Scheduler1
D/awcn.TnetSpdySession( 1586): |[seq:umeng:56aadbf567e58e38d4000976.AWCN1_1] https://umengacs.m.taobao.com submit ping ms:45051 force:true
D/awcn.DefaultHeartbeatImpl( 1586): |[seq:umeng:56aadbf567e58e38d4000976.AWCN1_1] reSchedule session:Session@[umeng:56aadbf567e58e38d4000976.AWCN1_1|http2_0rtt_acs] delay:45051
I/awcn.TnetSpdySession( 1586): |[seq:umeng:56aadbf567e58e38d4000976.AWCN1_1] ping receive Host:https://umengacs.m.taobao.com id:81
D/awcn.DefaultHeartbeatImpl( 1586): |[seq:umeng:56aadbf567e58e38d4000976.AWCN1_1] heartbeat session:Session@[umeng:56aadbf567e58e38d4000976.AWCN1_1|http2_0rtt_acs]
D/awcn.TnetSpdySession( 1586): |[seq:umeng:56aadbf567e58e38d4000976.AWCN1_1] ping host:https://umengacs.m.taobao.com thread:AWCN Scheduler1
D/awcn.TnetSpdySession( 1586): |[seq:umeng:56aadbf567e58e38d4000976.AWCN1_1] https://umengacs.m.taobao.com submit ping ms:45052 force:true
D/awcn.DefaultHeartbeatImpl( 1586): |[seq:umeng:56aadbf567e58e38d4000976.AWCN1_1] reSchedule session:Session@[umeng:56aadbf567e58e38d4000976.AWCN1_1|http2_0rtt_acs] delay:45052
I/awcn.TnetSpdySession( 1586): |[seq:umeng:56aadbf567e58e38d4000976.AWCN1_1] ping receive Host:https://umengacs.m.taobao.com id:83
D/Genyd   (  118): Received Set Clipboard
D/Genymotion(  118): Received Set Clipboard
D/awcn.DefaultHeartbeatImpl( 1586): |[seq:umeng:56aadbf567e58e38d4000976.AWCN1_1] heartbeat session:Session@[umeng:56aadbf567e58e38d4000976.AWCN1_1|http2_0rtt_acs]
D/awcn.TnetSpdySession( 1586): |[seq:umeng:56aadbf567e58e38d4000976.AWCN1_1] ping host:https://umengacs.m.taobao.com thread:AWCN Scheduler1
D/awcn.TnetSpdySession( 1586): |[seq:umeng:56aadbf567e58e38d4000976.AWCN1_1] https://umengacs.m.taobao.com submit ping ms:45061 force:true
D/awcn.DefaultHeartbeatImpl( 1586): |[seq:umeng:56aadbf567e58e38d4000976.AWCN1_1] reSchedule session:Session@[umeng:56aadbf567e58e38d4000976.AWCN1_1|http2_0rtt_acs] delay:45061
I/awcn.TnetSpdySession( 1586): |[seq:umeng:56aadbf567e58e38d4000976.AWCN1_1] ping receive Host:https://umengacs.m.taobao.com id:85
D/Genyd   (  118): Received Set Clipboard
D/Genymotion(  118): Received Set Clipboard
D/Genyd   (  118): Received Set Clipboard
D/Genymotion(  118): Received Set Clipboard
D/awcn.DefaultHeartbeatImpl( 1586): |[seq:umeng:56aadbf567e58e38d4000976.AWCN1_1] heartbeat session:Session@[umeng:56aadbf567e58e38d4000976.AWCN1_1|http2_0rtt_acs]
D/awcn.TnetSpdySession( 1586): |[seq:umeng:56aadbf567e58e38d4000976.AWCN1_1] ping host:https://umengacs.m.taobao.com thread:AWCN Scheduler1
D/awcn.TnetSpdySession( 1586): |[seq:umeng:56aadbf567e58e38d4000976.AWCN1_1] https://umengacs.m.taobao.com submit ping ms:45051 force:true
D/awcn.DefaultHeartbeatImpl( 1586): |[seq:umeng:56aadbf567e58e38d4000976.AWCN1_1] reSchedule session:Session@[umeng:56aadbf567e58e38d4000976.AWCN1_1|http2_0rtt_acs] delay:45051
I/awcn.TnetSpdySession( 1586): |[seq:umeng:56aadbf567e58e38d4000976.AWCN1_1] ping receive Host:https://umengacs.m.taobao.com id:87
I/tnet-jni( 1372): 99 - [spdyPingRecvCallback] - 
I/tnet-jni( 1372): 99 - [SpdySessionCallBack.spdyPingRecvCallback] - org.android.spdy.SpdySession@5dd27f9
D/accs.SpdyConnection( 1372):  spdyPingRecvCallback uniId:20
D/accs.MessageHandler( 1372):  onRcvPing
D/accs.HeartbeatManager( 1372):  onHeartbeatSucc
D/accs.OrangeAdapter( 1372):  isSmartHb result:true
D/accs.HeartbeatManager( 1372):  set 270
D/accs.UtilityImpl( 1372):  setServiceTime:1512796369891
I/tnet-jni( 1462): 104 - [spdyPingRecvCallback] - 
I/tnet-jni( 1462): 104 - [SpdySessionCallBack.spdyPingRecvCallback] - org.android.spdy.SpdySession@78abfce
D/accs.SilenceConn_umeng:56aadbf567e58e38d4000976( 1462):  spdyPingRecvCallback uniId:20
D/accs.MsgRecv_umeng:56aadbf567e58e38d4000976( 1462):  onRcvPing
D/accs.HeartbeatManager( 1462):  onHeartbeatSucc
D/accs.OrangeAdapter( 1462):  isSmartHb result:true
D/accs.HeartbeatManager( 1462):  set 270
D/accs.UtilityImpl( 1462):  setServiceTime:1512796380524
D/awcn.DefaultHeartbeatImpl( 1586): |[seq:umeng:56aadbf567e58e38d4000976.AWCN1_1] heartbeat session:Session@[umeng:56aadbf567e58e38d4000976.AWCN1_1|http2_0rtt_acs]
D/awcn.TnetSpdySession( 1586): |[seq:umeng:56aadbf567e58e38d4000976.AWCN1_1] ping host:https://umengacs.m.taobao.com thread:AWCN Scheduler1
D/awcn.TnetSpdySession( 1586): |[seq:umeng:56aadbf567e58e38d4000976.AWCN1_1] https://umengacs.m.taobao.com submit ping ms:45050 force:true
D/awcn.DefaultHeartbeatImpl( 1586): |[seq:umeng:56aadbf567e58e38d4000976.AWCN1_1] reSchedule session:Session@[umeng:56aadbf567e58e38d4000976.AWCN1_1|http2_0rtt_acs] delay:45050
I/awcn.TnetSpdySession( 1586): |[seq:umeng:56aadbf567e58e38d4000976.AWCN1_1] ping receive Host:https://umengacs.m.taobao.com id:89
D/AndroidRuntime( 2619): >>>>>> START com.android.internal.os.RuntimeInit uid 0 <<<<<<
D/AndroidRuntime( 2619): CheckJNI is OFF
E/memtrack( 2619): Couldn't load memtrack module (No such file or directory)
E/android.os.Debug( 2619): failed to load memtrack module: -2
D/AndroidRuntime( 2619): Calling main entry com.android.commands.wm.Wm
D/AndroidRuntime( 2619): Shutting down VM
D/AndroidRuntime( 2640): >>>>>> START com.android.internal.os.RuntimeInit uid 0 <<<<<<
D/AndroidRuntime( 2640): CheckJNI is OFF
E/memtrack( 2640): Couldn't load memtrack module (No such file or directory)
E/android.os.Debug( 2640): failed to load memtrack module: -2
D/AndroidRuntime( 2640): Calling main entry com.android.commands.monkey.Monkey
W/BroadcastQueue(  738): Skipping deliver [background] BroadcastRecord{87509db u-1 android.net.conn.CONNECTIVITY_CHANGE} to ReceiverList{3d381c78 2640 (unknown name)/0/u-1 remote:32876ad5}: process crashing
I/ActivityManager(  738): START u0 {act=android.intent.action.MAIN cat=[android.intent.category.LAUNCHER] flg=0x10200000 cmp=com.zzl.falcon.internal/com.zzl.falcon.EntranceActivity} from uid 0 on display 0
I/AppiumUnicodeIME(  916): onKeyDown (keyCode='23', event.keyCode='23', metaState='0')
I/AppiumUnicodeIME(  916): onKeyUp (keyCode='23', event.keyCode='23', metaState='0')
I/AppiumUnicodeIME(  916): onKeyDown (keyCode='19', event.keyCode='19', metaState='0')
I/AppiumUnicodeIME(  916): onKeyUp (keyCode='19', event.keyCode='19', metaState='0')
I/AppiumUnicodeIME(  916): onKeyDown (keyCode='19', event.keyCode='19', metaState='0')
I/AppiumUnicodeIME(  916): onKeyDown (keyCode='19', event.keyCode='19', metaState='0')
I/AppiumUnicodeIME(  916): onKeyUp (keyCode='19', event.keyCode='19', metaState='0')
I/AppiumUnicodeIME(  916): onKeyDown (keyCode='19', event.keyCode='19', metaState='0')
I/AppiumUnicodeIME(  916): onKeyUp (keyCode='19', event.keyCode='19', metaState='0')
I/AppiumUnicodeIME(  916): onKeyDown (keyCode='19', event.keyCode='19', metaState='0')
I/AppiumUnicodeIME(  916): onKeyUp (keyCode='19', event.keyCode='19', metaState='0')
I/AppiumUnicodeIME(  916): onKeyDown (keyCode='19', event.keyCode='19', metaState='0')
I/AppiumUnicodeIME(  916): onKeyUp (keyCode='19', event.keyCode='19', metaState='0')
I/AppiumUnicodeIME(  916): onKeyDown (keyCode='20', event.keyCode='20', metaState='0')
I/AppiumUnicodeIME(  916): onKeyUp (keyCode='20', event.keyCode='20', metaState='0')
I/AppiumUnicodeIME(  916): onKeyDown (keyCode='20', event.keyCode='20', metaState='0')
I/AppiumUnicodeIME(  916): onKeyUp (keyCode='20', event.keyCode='20', metaState='0')
I/AppiumUnicodeIME(  916): onKeyDown (keyCode='20', event.keyCode='20', metaState='0')
I/AppiumUnicodeIME(  916): onKeyUp (keyCode='20', event.keyCode='20', metaState='0')
I/AppiumUnicodeIME(  916): onKeyDown (keyCode='31', event.keyCode='31', metaState='0')
I/AppiumUnicodeIME(  916): onKeyUp (keyCode='31', event.keyCode='31', metaState='0')
W/AudioTrack(  738): AUDIO_OUTPUT_FLAG_FAST denied by client
I/AppiumUnicodeIME(  916): onKeyDown (keyCode='4', event.keyCode='4', metaState='0')
I/AppiumUnicodeIME(  916): onKeyUp (keyCode='4', event.keyCode='4', metaState='0')
I/AppiumUnicodeIME(  916): onFinishInput
I/AppiumUnicodeIME(  916): onStartInput
I/AppiumUnicodeIME(  916): onKeyDown (keyCode='21', event.keyCode='21', metaState='0')
D/ForegroundCallbacks( 1586): still foreground
I/AppiumUnicodeIME(  916): onKeyUp (keyCode='21', event.keyCode='21', metaState='0')
I/AppiumUnicodeIME(  916): onKeyDown (keyCode='19', event.keyCode='19', metaState='0')
I/InputDispatcher(  738): Dropping event because there is no touchable window at (303, 939).
W/InputManager(  738): Input event injection from pid 2640 failed.
W/InputManager(  738): Input event injection from pid 2640 failed.
W/InputManager(  738): Input event injection from pid 2640 failed.
W/InputManager(  738): Input event injection from pid 2640 failed.
W/InputManager(  738): Input event injection from pid 2640 failed.
W/InputManager(  738): Input event injection from pid 2640 failed.
I/InputDispatcher(  738): Dropping event because there is no touchable window at (50, 106).
W/InputManager(  738): Input event injection from pid 2640 failed.
W/InputManager(  738): Input event injection from pid 2640 failed.
I/InputDispatcher(  738): Dropping event because there is no touchable window at (102, 771).
W/InputManager(  738): Input event injection from pid 2640 failed.
W/InputManager(  738): Input event injection from pid 2640 failed.
W/EGL_emulation( 1586): eglSurfaceAttrib not implemented
W/OpenGLRenderer( 1586): Failed to set EGL_SWAP_BEHAVIOR on surface 0xdef30560, error=EGL_SUCCESS
W/EGL_emulation( 1586): eglSurfaceAttrib not implemented
W/OpenGLRenderer( 1586): Failed to set EGL_SWAP_BEHAVIOR on surface 0xdef30580, error=EGL_SUCCESS
W/ViewRootImpl( 1586): Dropping event due to no window focus: KeyEvent { action=ACTION_DOWN, keyCode=KEYCODE_DPAD_LEFT, scanCode=0, metaState=0, flags=0x8, repeatCount=0, eventTime=2172214, downTime=2172214, deviceId=-1, source=0x101 }
I/AppiumUnicodeIME(  916): onKeyUp (keyCode='19', event.keyCode='19', metaState='0')
I/AppiumUnicodeIME(  916): onFinishInput
I/AppiumUnicodeIME(  916): onStartInput
I/AppiumUnicodeIME(  916): onKeyUp (keyCode='21', event.keyCode='21', metaState='0')
I/AppiumUnicodeIME(  916): onKeyDown (keyCode='20', event.keyCode='20', metaState='0')
W/ViewRootImpl( 1586): Cancelling event due to no window focus: KeyEvent { action=ACTION_UP, keyCode=KEYCODE_DPAD_DOWN, scanCode=0, metaState=0, flags=0x28, repeatCount=0, eventTime=2172575, downTime=2172575, deviceId=-1, source=0x101 }
W/ViewRootImpl( 1586): Cancelling event due to no window focus: KeyEvent { action=ACTION_UP, keyCode=KEYCODE_DPAD_DOWN, scanCode=0, metaState=0, flags=0x28, repeatCount=0, eventTime=2172575, downTime=2172575, deviceId=-1, source=0x101 }
I/AppiumUnicodeIME(  916): onKeyUp (keyCode='20', event.keyCode='20', metaState='0')
W/ViewRootImpl( 1586): Cancelling event due to no window focus: KeyEvent { action=ACTION_UP, keyCode=KEYCODE_DPAD_DOWN, scanCode=0, metaState=0, flags=0x28, repeatCount=0, eventTime=2172575, downTime=2172575, deviceId=-1, source=0x101 }
W/ViewRootImpl( 1586): Cancelling event due to no window focus: KeyEvent { action=ACTION_UP, keyCode=KEYCODE_DPAD_DOWN, scanCode=0, metaState=0, flags=0x28, repeatCount=0, eventTime=2172575, downTime=2172575, deviceId=-1, source=0x101 }
W/ViewRootImpl( 1586): Cancelling event due to no window focus: KeyEvent { action=ACTION_UP, keyCode=KEYCODE_DPAD_DOWN, scanCode=0, metaState=0, flags=0x28, repeatCount=0, eventTime=2172575, downTime=2172575, deviceId=-1, source=0x101 }
W/ViewRootImpl( 1586): Cancelling event due to no window focus: KeyEvent { action=ACTION_UP, keyCode=KEYCODE_DPAD_DOWN, scanCode=0, metaState=0, flags=0x28, repeatCount=0, eventTime=2172575, downTime=2172575, deviceId=-1, source=0x101 }
W/ViewRootImpl( 1586): Cancelling event due to no window focus: KeyEvent { action=ACTION_UP, keyCode=KEYCODE_DPAD_DOWN, scanCode=0, metaState=0, flags=0x28, repeatCount=0, eventTime=2172575, downTime=2172575, deviceId=-1, source=0x101 }
W/ViewRootImpl( 1586): Cancelling event due to no window focus: KeyEvent { action=ACTION_UP, keyCode=KEYCODE_DPAD_DOWN, scanCode=0, metaState=0, flags=0x28, repeatCount=0, eventTime=2172575, downTime=2172575, deviceId=-1, source=0x101 }
W/ViewRootImpl( 1586): Cancelling event due to no window focus: KeyEvent { action=ACTION_UP, keyCode=KEYCODE_DPAD_DOWN, scanCode=0, metaState=0, flags=0x28, repeatCount=0, eventTime=2172575, downTime=2172575, deviceId=-1, source=0x101 }
W/ViewRootImpl( 1586): Dropping event due to no window focus: KeyEvent { action=ACTION_DOWN, keyCode=KEYCODE_DPAD_UP, scanCode=0, metaState=0, flags=0x8, repeatCount=0, eventTime=2172580, downTime=2172580, deviceId=-1, source=0x101 }
W/AudioTrack(  738): AUDIO_OUTPUT_FLAG_FAST denied by client
W/ViewRootImpl( 1586): Cancelling event due to no window focus: KeyEvent { action=ACTION_UP, keyCode=KEYCODE_DPAD_UP, scanCode=0, metaState=0, flags=0x28, repeatCount=0, eventTime=2172582, downTime=2172582, deviceId=-1, source=0x101 }
W/ViewRootImpl( 1586): Cancelling event due to no window focus: KeyEvent { action=ACTION_UP, keyCode=KEYCODE_DPAD_UP, scanCode=0, metaState=0, flags=0x28, repeatCount=0, eventTime=2172582, downTime=2172582, deviceId=-1, source=0x101 }
W/ViewRootImpl( 1586): Cancelling event due to no window focus: KeyEvent { action=ACTION_UP, keyCode=KEYCODE_DPAD_UP, scanCode=0, metaState=0, flags=0x28, repeatCount=0, eventTime=2172582, downTime=2172582, deviceId=-1, source=0x101 }
W/ViewRootImpl( 1586): Cancelling event due to no window focus: KeyEvent { action=ACTION_UP, keyCode=KEYCODE_DPAD_UP, scanCode=0, metaState=0, flags=0x28, repeatCount=0, eventTime=2172582, downTime=2172582, deviceId=-1, source=0x101 }
W/ViewRootImpl( 1586): Cancelling event due to no window focus: KeyEvent { action=ACTION_UP, keyCode=KEYCODE_DPAD_UP, scanCode=0, metaState=0, flags=0x28, repeatCount=0, eventTime=2172582, downTime=2172582, deviceId=-1, source=0x101 }
W/ViewRootImpl( 1586): Cancelling event due to no window focus: KeyEvent { action=ACTION_UP, keyCode=KEYCODE_DPAD_UP, scanCode=0, metaState=0, flags=0x28, repeatCount=0, eventTime=2172582, downTime=2172582, deviceId=-1, source=0x101 }
W/ViewRootImpl( 1586): Cancelling event due to no window focus: KeyEvent { action=ACTION_UP, keyCode=KEYCODE_DPAD_UP, scanCode=0, metaState=0, flags=0x28, repeatCount=0, eventTime=2172582, downTime=2172582, deviceId=-1, source=0x101 }
W/ViewRootImpl( 1586): Cancelling event due to no window focus: KeyEvent { action=ACTION_UP, keyCode=KEYCODE_DPAD_UP, scanCode=0, metaState=0, flags=0x28, repeatCount=0, eventTime=2172582, downTime=2172582, deviceId=-1, source=0x101 }
W/ViewRootImpl( 1586): Cancelling event due to no window focus: KeyEvent { action=ACTION_UP, keyCode=KEYCODE_DPAD_UP, scanCode=0, metaState=0, flags=0x28, repeatCount=0, eventTime=2172582, downTime=2172582, deviceId=-1, source=0x101 }
D/OkHttp  ( 1586): --> POST http://116.236.220.210:8084/appInvest/appInvestList?version=3&page=1&rows=10&productType=&sortField=default&sortType=asc http/1.1
D/OkHttp  ( 1586): Content-Length: 0
D/OkHttp  ( 1586): RC-Bel-Key: bel.zhiwang.zzl
D/OkHttp  ( 1586): RC-Timestamp: 1512796419
D/OkHttp  ( 1586): RC-Nonce: d150fdac-5ca3-4070-b28a-d0a9e404982e
D/OkHttp  ( 1586): RC-Signature: 448d6fc98e73304562da65563837d6a1e43e5d83
D/OkHttp  ( 1586): osType: Android
D/OkHttp  ( 1586): version: 2.4.1
D/OkHttp  ( 1586): --> END POST (0-byte body)
D/OkHttp  ( 1586): <-- 200 OK http://116.236.220.210:8084/appInvest/appInvestList?version=3&page=1&rows=10&productType=&sortField=default&sortType=asc (115ms)
D/OkHttp  ( 1586): Server: Apache-Coyote/1.1
D/OkHttp  ( 1586): Set-Cookie: JSESSIONID=DC4701ED94DE132211C28CF53063205F; Path=/; HttpOnly
D/OkHttp  ( 1586): Content-Type: application/json;charset=utf-8
D/OkHttp  ( 1586): Content-Length: 6482
D/OkHttp  ( 1586): Date: Sat, 09 Dec 2017 05:13:39 GMT
D/OkHttp  ( 1586): {"total":163,"data":[{"hasInvestAmt":0.00,"prdId":"2c908a885bd626c4015bd63e4a42003e","saleId":"de190d39707f40f5a346d85829875599","crmOrderId":"402881115bfb5705015bfb83fbdc0011","ordPrdNumber":"05111700271715","duetimeType":3,"remainingAmount":1000,"online_time":"2017-05-12 15:16:22","rate":0.0500,"activitiesRate":0.0000,"left_periods":7,"periods":7,"payment":2,"id":"2c908a885bd626c4015bd63e4a44003f","remainingRate":0.05,"productType":6,"prdTypeName":"e1","finishTime":"2017-05-20 10:41:27","prdName":"e1","startDay":1,"prdNumber":"DT20170516-000003","custInfoId":"2c908a885bec8c4b015bf1232d9f0077","tradeStatus":0,"progress":0.00,"contractMoney":1000.00,"realyRate":0.05000000},{"hasInvestAmt":19141.00,"prdId":"402897e7562a90ac01562afda0180008","saleId":"","crmOrderId":"2c908a886005c4c7016006c4a5eb0190","ordPrdNumber":"11291700191541","duetimeType":2,"remainingAmount":0,"online_time":"2017-11-29 15:53:59","rate":13.2000,"activitiesRate":1.0000,"left_periods":350,"periods":50,"payment":1,"id":"402897e7562a90ac01562afda01c0009","remainingRate":12.2,"productType":4,"prdTypeName":"","prdName":"50","startDay":1,"prdNumber":"11291700191541","custInfoId":"2c908a886005c4c70160069e88a50157","fullScaleCount":36,"tradeStatus":7,"progress":100.00,"contractMoney":19141.00,"realyRate":13.20000000},{"hasInvestAmt":10000.00,"prdId":"2c908a885fe704b5015ffc526f7807f7","saleId":"","crmOrderId":"2c908a8860015a08016001a033710037","ordPrdNumber":"11281700081552","duetimeType":3,"remainingAmount":0,"online_time":"2017-11-28 15:56:04","rate":0.0500,"activitiesRate":0.0000,"left_periods":1,"endDay":"40","periods":1,"payment":2,"id":"2c908a885fe704b5015ffc526f7b07f8","remainingRate":0.05,"productType":3,"prdTypeName":"","prdName":"","startDay":1,"prdNumber":"11281700081552","custInfoId":"2c908a885fdd9300015fe198f5a700d4","fullScaleCount":9,"tradeStatus":7,"progress":100.00,"contractMoney":10000.00,"realyRate":0.05000000},{"hasInvestAmt":1549.00,"prdId":"2c908a885d3a7383015d3aa017f800ca","saleId":"","crmOrderId":"2c908a885fb40cb0015fb41c8a6f003a","ordPrdNumber":"11131700021438","duetimeType":1,"remainingAmount":0,"online_time":"2017-11-13 14:41:30","rate":13.2000,"activitiesRate":0.0000,"left_periods":720,"periods":24,"payment":3,"id":"2c908a885d3a7383015d3aa0181000cb","remainingRate":13.2,"productType":2,"prdTypeName":"","prdName":"24","startDay":1,"prdNumber":"11131700021438","custInfoId":"2c908a885fb40cb0015fb4195156001e","fullScaleCount":1,"tradeStatus":7,"progress":100.00,"contractMoney":1549.00,"realyRate":13.20000000},{"hasInvestAmt":38711.00,"prdId":"2c908a885d3a7383015d3aa017f800ca","saleId":"","crmOrderId":"2c908a885fb40cb0015fb41a84f20024","ordPrdNumber":"11131700011435","duetimeType":1,"remainingAmount":0,"online_time":"2017-11-13 14:39:17","rate":13.2000,"activitiesRate":0.0000,"left_periods":720,"periods":24,"payment":3,"id":"2c908a885d3a7383015d3aa0181000cb","remainingRate":13.2,"productType":2,"prdTypeName":"","prdName":"24","startDay":1,"prdNumber":"11131700011435","custInfoId":"2c908a885fb40cb0015fb416ee850009","fullScaleCount":1,"tradeStatus":7,"progress":100.00,"contractMoney":38711.00,"realyRate":13.20000000},{"hasInvestAmt":2576.00,"prdId":"2c908a885d3a7383015d3aa017f800ca","saleId":"","crmOrderId":"2c908a885dcffe99015dd03df99d0066","ordPrdNumber":"08101700221423","duetimeType":1,"remainingAmount":0,"online_time":"2017-08-11 15:41:48","rate":13.2000,"activitiesRate":0.0000,"left_periods":720,"periods":24,"payment":3,"id":"2c908a885d3a7383015d3aa0181000cb","remainingRate":13.2,"productType":2,"prdTypeName":"","prdName":"24","startDay":1,"prdNumber":"08101700221423","custInfoId":"2c908a885dc66a39015dcacf975606f3","fullScaleCount":2,"tradeStatus":7,"progress":100.00,"contractMoney":2576.00,"realyRate":13.20000000},{"hasInvestAmt":2189.00,"prdId":"2c908a885d3a7383015d3aa017f800ca","saleId":"","crmOrderId":"2c908a885dcffe99015dd03da2e10064","ordPrdNumber":"08101700291440","duetime
D/OkHttp  ( 1586): mount":0,"online_time":"2017-08-11 15:41:26","rate":13.2000,"activitiesRate":0.0000,"left_periods":720,"periods":24,"payment":3,"id":"2c908a885d3a7383015d3aa0181000cb","remainingRate":13.2,"productType":2,"prdTypeName":"","prdName":"24","startDay":1,"prdNumber":"08101700291440","custInfoId":"2c908a885dc66a39015dcadece40077a","fullScaleCount":2,"tradeStatus":7,"progress":100.00,"contractMoney":2189.00,"realyRate":13.20000000},{"hasInvestAmt":0.00,"prdId":"402897e7562a90ac01562addfb7a0003","saleId":"","crmOrderId":"2c908a825746956f01574711a9a30057","ordPrdNumber":"09201600091807","duetimeType":2,"remainingAmount":3120,"online_time":"2016-09-20 18:08:42","rate":13.2000,"activitiesRate":0.0000,"left_periods":210,"periods":30,"payment":3,"id":"402897e7562a90ac01562addfb7e0004","remainingRate":13.2,"productType":4,"prdTypeName":"","prdName":"30","startDay":1,"prdNumber":"09201600091807","custInfoId":"2c908a8257459f4201574651a7030026","fullScaleCount":11,"tradeStatus":7,"progress":0.00,"contractMoney":3120.00,"realyRate":13.20000000},{"hasInvestAmt":0.00,"prdId":"402897e7562a90ac01562addfb7a0003","saleId":"","crmOrderId":"2c908a825746956f015746b1a47e003f","ordPrdNumber":"09201600081622","duetimeType":2,"remainingAmount":4835,"online_time":"2016-09-20 16:23:49","rate":13.2000,"activitiesRate":0.0000,"left_periods":210,"periods":30,"payment":3,"id":"402897e7562a90ac01562addfb7e0004","remainingRate":13.2,"productType":4,"prdTypeName":"","prdName":"30","startDay":1,"prdNumber":"09201600081622","custInfoId":"2c908a8257459f4201574651a7030026","fullScaleCount":1,"tradeStatus":7,"progress":0.00,"contractMoney":4835.00,"realyRate":13.20000000},{"hasInvestAmt":0.00,"prdId":"402897e7562a90ac01562addfb7a0003","saleId":"","crmOrderId":"2c908a82574161b4015742f214080017","ordPrdNumber":"09191600051429","duetimeType":2,"remainingAmount":156,"online_time":"2016-09-19 22:55:43","rate":13.2000,"activitiesRate":0.0000,"left_periods":210,"periods":30,"payment":3,"id":"402897e7562a90ac01562addfb7e0004","remainingRate":13.2,"productType":4,"prdTypeName":"","prdName":"30","startDay":1,"prdNumber":"09191600051429","custInfoId":"3428a92f5726fc6901572742e2120027","fullScaleCount":0,"tradeStatus":7,"progress":0.00,"contractMoney":156.00,"realyRate":13.20000000}],"responseCode":"1","info":""}
D/OkHttp  ( 1586): <-- END HTTP (6482-byte body)
I/AppiumUnicodeIME(  916): onFinishInput
I/AppiumUnicodeIME(  916): onStartInput
W/ViewRootImpl( 1586): Dropping event due to no window focus: MotionEvent { action=ACTION_MOVE, id[0]=0, x[0]=-3.0, y[0]=-1.0, toolType[0]=TOOL_TYPE_UNKNOWN, buttonState=0, metaState=0, flags=0x0, edgeFlags=0x0, pointerCount=1, historySize=29, eventTime=2172677, downTime=-1, deviceId=0, source=0x10004 }
W/ViewRootImpl( 1586): Dropping event due to no window focus: KeyEvent { action=ACTION_DOWN, keyCode=KEYCODE_DPAD_LEFT, scanCode=0, metaState=0, flags=0x8, repeatCount=0, eventTime=2172678, downTime=2172678, deviceId=-1, source=0x101 }
W/ViewRootImpl( 1586): Dropping event due to no window focus: KeyEvent { action=ACTION_DOWN, keyCode=KEYCODE_DPAD_RIGHT, scanCode=0, metaState=0, flags=0x8, repeatCount=0, eventTime=2172917, downTime=2172917, deviceId=-1, source=0x101 }
W/InputMethodManagerService(  738): Window already focused, ignoring focus gain of: com.android.internal.view.IInputMethodClient$Stub$Proxy@3e7f9542 attribute=null, token = android.os.BinderProxy@35cc3a16
I/AppiumUnicodeIME(  916): onKeyUp (keyCode='22', event.keyCode='22', metaState='0')
I/AppiumUnicodeIME(  916): onKeyDown (keyCode='19', event.keyCode='19', metaState='0')
I/ActivityManager(  738): START u0 {cmp=com.zzl.falcon.internal/com.zzl.falcon.invest.InvestmentDetailActivity (has extras)} from uid 10074 on display 0
I/AppiumUnicodeIME(  916): onKeyUp (keyCode='19', event.keyCode='19', metaState='0')
I/AppiumUnicodeIME(  916): onKeyDown (keyCode='19', event.keyCode='19', metaState='0')
I/AppiumUnicodeIME(  916): onKeyUp (keyCode='19', event.keyCode='19', metaState='0')
I/AppiumUnicodeIME(  916): onKeyDown (keyCode='21', event.keyCode='21', metaState='0')
W/AudioTrack(  738): AUDIO_OUTPUT_FLAG_FAST denied by client
V/WindowManager(  738): addAppToken: AppWindowToken{2a0f2789 token=Token{2dbe0290 ActivityRecord{2ed8d953 u0 com.zzl.falcon.internal/com.zzl.falcon.invest.InvestmentDetailActivity t312}}} to stack=1 task=312 at 2
W/art     (  738): Long monitor contention event with owner method=int com.android.server.am.ActivityStackSupervisor.startActivityMayWait(android.app.IApplicationThread, int, java.lang.String, android.content.Intent, java.lang.String, android.service.voice.IVoiceInteractionSession, com.android.internal.app.IVoiceInteractor, android.os.IBinder, java.lang.String, int, int, android.app.ProfilerInfo, android.app.IActivityManager$WaitResult, android.content.res.Configuration, android.os.Bundle, int, android.app.IActivityContainer, com.android.server.am.TaskRecord) from ActivityStackSupervisor.java:857 waiters=0 for 133ms
I/AppiumUnicodeIME(  916): onKeyUp (keyCode='21', event.keyCode='21', metaState='0')
W/AudioTrack(  738): AUDIO_OUTPUT_FLAG_FAST denied by client
W/InputMethodManagerService(  738): Starting input on non-focused client com.android.internal.view.IInputMethodClient$Stub$Proxy@3488d0b5 (uid=10074 pid=1586)
V/WindowManager(  738): Adding window Window{88db7af u0 com.zzl.falcon.internal/com.zzl.falcon.invest.InvestmentDetailActivity} at 5 of 11 (after Window{3e6eae26 u0 com.zzl.falcon.internal/com.zzl.falcon.invest.InvestmentDetailActivity})
D/OkHttp  ( 1586): --> POST http://116.236.220.210:8084/appTransfer/appTransferDetail?saleId=de190d39707f40f5a346d85829875599 http/1.1
D/OkHttp  ( 1586): Content-Length: 0
D/OkHttp  ( 1586): RC-Bel-Key: bel.zhiwang.zzl
D/OkHttp  ( 1586): RC-Timestamp: 1512796420
D/OkHttp  ( 1586): RC-Nonce: 583a3cef-fcb6-4fca-b11d-8db1e0835575
D/OkHttp  ( 1586): RC-Signature: 53c340c5119511bb97c33f28509f4ef1edf6d3cc
D/OkHttp  ( 1586): osType: Android
D/OkHttp  ( 1586): version: 2.4.1
D/OkHttp  ( 1586): --> END POST (0-byte body)
D/ForegroundCallbacks( 1586): still foreground
V/WindowManager(  738): Adding window Window{3139b345 u0 com.zzl.falcon.internal/com.zzl.falcon.invest.InvestmentDetailActivity} at 5 of 12 (before Window{88db7af u0 com.zzl.falcon.internal/com.zzl.falcon.invest.InvestmentDetailActivity})
W/ViewRootImpl( 1586): Cancelling event due to no window focus: KeyEvent { action=ACTION_UP, keyCode=KEYCODE_DPAD_LEFT, scanCode=0, metaState=0, flags=0x28, repeatCount=0, eventTime=2173120, downTime=2173120, deviceId=-1, source=0x101 }
W/ViewRootImpl( 1586): Cancelling event due to no window focus: KeyEvent { action=ACTION_UP, keyCode=KEYCODE_DPAD_LEFT, scanCode=0, metaState=0, flags=0x28, repeatCount=0, eventTime=2173120, downTime=2173120, deviceId=-1, source=0x101 }
W/ViewRootImpl( 1586): Cancelling event due to no window focus: KeyEvent { action=ACTION_UP, keyCode=KEYCODE_DPAD_LEFT, scanCode=0, metaState=0, flags=0x28, repeatCount=0, eventTime=2173120, downTime=2173120, deviceId=-1, source=0x101 }
W/ViewRootImpl( 1586): Cancelling event due to no window focus: KeyEvent { action=ACTION_UP, keyCode=KEYCODE_DPAD_LEFT, scanCode=0, metaState=0, flags=0x28, repeatCount=0, eventTime=2173120, downTime=2173120, deviceId=-1, source=0x101 }
W/ViewRootImpl( 1586): Cancelling event due to no window focus: KeyEvent { action=ACTION_UP, keyCode=KEYCODE_DPAD_LEFT, scanCode=0, metaState=0, flags=0x28, repeatCount=0, eventTime=2173120, downTime=2173120, deviceId=-1, source=0x101 }
W/ViewRootImpl( 1586): Cancelling event due to no window focus: KeyEvent { action=ACTION_UP, keyCode=KEYCODE_DPAD_LEFT, scanCode=0, metaState=0, flags=0x28, repeatCount=0, eventTime=2173120, downTime=2173120, deviceId=-1, source=0x101 }
W/ViewRootImpl( 1586): Cancelling event due to no window focus: KeyEvent { action=ACTION_UP, keyCode=KEYCODE_DPAD_LEFT, scanCode=0, metaState=0, flags=0x28, repeatCount=0, eventTime=2173120, downTime=2173120, deviceId=-1, source=0x101 }
W/ViewRootImpl( 1586): Cancelling event due to no window focus: KeyEvent { action=ACTION_UP, keyCode=KEYCODE_DPAD_LEFT, scanCode=0, metaState=0, flags=0x28, repeatCount=0, eventTime=2173120, downTime=2173120, deviceId=-1, source=0x101 }
W/ViewRootImpl( 1586): Cancelling event due to no window focus: KeyEvent { action=ACTION_UP, keyCode=KEYCODE_DPAD_LEFT, scanCode=0, metaState=0, flags=0x28, repeatCount=0, eventTime=2173120, downTime=2173120, deviceId=-1, source=0x101 }
W/ViewRootImpl( 1586): Dropping event due to no window focus: MotionEvent { action=ACTION_MOVE, id[0]=0, x[0]=-1.0, y[0]=2.0, toolType[0]=TOOL_TYPE_UNKNOWN, buttonState=0, metaState=0, flags=0x0, edgeFlags=0x0, pointerCount=1, historySize=9, eventTime=2173414, downTime=-1, deviceId=0, source=0x10004 }
W/EGL_emulation( 1586): eglSurfaceAttrib not implemented
W/OpenGLRenderer( 1586): Failed to set EGL_SWAP_BEHAVIOR on surface 0xdec14180, error=EGL_SUCCESS
D/OkHttp  ( 1586): <-- 200 OK http://116.236.220.210:8084/appTransfer/appTransferDetail?saleId=de190d39707f40f5a346d85829875599 (72ms)
D/OkHttp  ( 1586): Server: Apache-Coyote/1.1
D/OkHttp  ( 1586): Set-Cookie: JSESSIONID=77B45998DF66F51B8A9B3027CD755885; Path=/; HttpOnly
D/OkHttp  ( 1586): Content-Type: application/json;charset=utf-8
D/OkHttp  ( 1586): Content-Length: 1720
D/OkHttp  ( 1586): Date: Sat, 09 Dec 2017 05:13:39 GMT
D/OkHttp  ( 1586): {"orderInfo":{"discountRate":1,"saleId":"de190d39707f40f5a346d85829875599","nextPayTime":"2017-05-20 10:41:27","transferAmount":"1000.00","remainCount":1000,"crmMoney":"1000.00","duetimeType":3,"limitTime":"","singlePrice":1,"totalRate":0.05,"totalPeriod":7,"efOrderId":"a1673a091aac4a4ba9f59b250c4812cc","remainAmount":"1000.00","canInvestDis":"0.00","transferPeriod":7,"payment":2,"proName":"e1DT20170516-000003","actualSale":"1000.00","productType":6,"crmOrderNum":"e105111700271715","payInterest":"3.5","actualAmount":"1000.00","canInvest":"0.00","saleStatus":"0","stepAmount":500,"totalAmount":"1000.00","crmPeriod":"7","showPrice":"1.00","investAmount":"0.00","progress":0.00,"endTime":"2017-12-12 12:12:12","realyRate":0.05},"custInfoDetail":{"companyScale":"--","companyCityName":"--","custMobile":"18865369536","annualIncome":"0","companyPosition":"--","contMoney":"1000.00","rePaymentPurpose":"","limitManagement":"20","professionAscription":"2","industry":"--","carProduction":"","overdueNumber":0,"repaymentSource":"","custAge":19,"custId":"2c908a885bec8c4b015bf1232dd20078","periods":"7","payment":"2","custIc":"450***********6804","creditRating":"A","monthlyIncome":"0","overdueAmount":0,"repaymentPurpose":"2","fmtCustMobile":"188****9536","succLoanNumber":1,"sex":"2","crmCustInfoId":"2c908a885bec8c4b015bf1232d9a0075","litiAdminiSituation":"","custName":"***","personalNature":"","applayLoanNumber":1,"marital":"2","seriousOverdue":0,"houseProperty":"","realyRate":"0.05","username":"zht***********"},"responseCode":"1"}
D/OkHttp  ( 1586): <-- END HTTP (1720-byte body)
W/EGL_emulation( 1586): eglSurfaceAttrib not implemented
W/OpenGLRenderer( 1586): Failed to set EGL_SWAP_BEHAVIOR on surface 0xdec142c0, error=EGL_SUCCESS
W/ViewRootImpl( 1586): Dropping event due to no window focus: KeyEvent { action=ACTION_DOWN, keyCode=KEYCODE_DPAD_DOWN, scanCode=0, metaState=0, flags=0x8, repeatCount=0, eventTime=2173415, downTime=2173415, deviceId=-1, source=0x101 }
E/com.umeng.message.UTrack( 1586): RegistrationId is empty
E/com.umeng.message.UTrack( 1586): RegistrationId is empty
W/ViewRootImpl( 1586): Cancelling event due to no window focus: KeyEvent { action=ACTION_UP, keyCode=KEYCODE_DPAD_DOWN, scanCode=0, metaState=0, flags=0x28, repeatCount=0, eventTime=2173435, downTime=2173435, deviceId=-1, source=0x101 }
W/ViewRootImpl( 1586): Cancelling event due to no window focus: KeyEvent { action=ACTION_UP, keyCode=KEYCODE_DPAD_DOWN, scanCode=0, metaState=0, flags=0x28, repeatCount=0, eventTime=2173435, downTime=2173435, deviceId=-1, source=0x101 }
W/ViewRootImpl( 1586): Cancelling event due to no window focus: KeyEvent { action=ACTION_UP, keyCode=KEYCODE_DPAD_DOWN, scanCode=0, metaState=0, flags=0x28, repeatCount=0, eventTime=2173435, downTime=2173435, deviceId=-1, source=0x101 }
W/ViewRootImpl( 1586): Cancelling event due to no window focus: KeyEvent { action=ACTION_UP, keyCode=KEYCODE_DPAD_DOWN, scanCode=0, metaState=0, flags=0x28, repeatCount=0, eventTime=2173435, downTime=2173435, deviceId=-1, source=0x101 }
W/ViewRootImpl( 1586): Cancelling event due to no window focus: KeyEvent { action=ACTION_UP, keyCode=KEYCODE_DPAD_DOWN, scanCode=0, metaState=0, flags=0x28, repeatCount=0, eventTime=2173435, downTime=2173435, deviceId=-1, source=0x101 }
W/ViewRootImpl( 1586): Cancelling event due to no window focus: KeyEvent { action=ACTION_UP, keyCode=KEYCODE_DPAD_DOWN, scanCode=0, metaState=0, flags=0x28, repeatCount=0, eventTime=2173435, downTime=2173435, deviceId=-1, source=0x101 }
W/ViewRootImpl( 1586): Cancelling event due to no window focus: KeyEvent { action=ACTION_UP, keyCode=KEYCODE_DPAD_DOWN, scanCode=0, metaState=0, flags=0x28, repeatCount=0, eventTime=2173435, downTime=2173435, deviceId=-1, source=0x101 }
W/ViewRootImpl( 1586): Cancelling event due to no window focus: KeyEvent { action=ACTION_UP, keyCode=KEYCODE_DPAD_DOWN, scanCode=0, metaState=0, flags=0x28, repeatCount=0, eventTime=2173435, downTime=2173435, deviceId=-1, source=0x101 }
W/ViewRootImpl( 1586): Cancelling event due to no window focus: KeyEvent { action=ACTION_UP, keyCode=KEYCODE_DPAD_DOWN, scanCode=0, metaState=0, flags=0x28, repeatCount=0, eventTime=2173435, downTime=2173435, deviceId=-1, source=0x101 }
W/ViewRootImpl( 1586): Dropping event due to no window focus: KeyEvent { action=ACTION_DOWN, keyCode=KEYCODE_TV_AUDIO_DESCRIPTION_MIX_UP, scanCode=0, metaState=0, flags=0x8, repeatCount=0, eventTime=2173695, downTime=2173695, deviceId=-1, source=0x101 }
I/ActivityManager(  738): Displayed com.zzl.falcon.internal/com.zzl.falcon.invest.InvestmentDetailActivity: +513ms
