W/ViewRootImpl( 1586): Dropping event due to no window focus: KeyEvent { action=ACTION_DOWN, keyCode=KEYCODE_DPAD_UP, scanCode=0, metaState=0, flags=0x8, repeatCount=0, eventTime=2173976, downTime=2173976, deviceId=-1, source=0x101 }
W/ViewRootImpl( 1586): Cancelling event due to no window focus: KeyEvent { action=ACTION_UP, keyCode=KEYCODE_DPAD_UP, scanCode=0, metaState=0, flags=0x28, repeatCount=0, eventTime=2174091, downTime=2174091, deviceId=-1, source=0x101 }
W/ViewRootImpl( 1586): Cancelling event due to no window focus: KeyEvent { action=ACTION_UP, keyCode=KEYCODE_DPAD_UP, scanCode=0, metaState=0, flags=0x28, repeatCount=0, eventTime=2174091, downTime=2174091, deviceId=-1, source=0x101 }
W/ViewRootImpl( 1586): Cancelling event due to no window focus: KeyEvent { action=ACTION_UP, keyCode=KEYCODE_DPAD_UP, scanCode=0, metaState=0, flags=0x28, repeatCount=0, eventTime=2174091, downTime=2174091, deviceId=-1, source=0x101 }
W/ViewRootImpl( 1586): Cancelling event due to no window focus: KeyEvent { action=ACTION_UP, keyCode=KEYCODE_DPAD_UP, scanCode=0, metaState=0, flags=0x28, repeatCount=0, eventTime=2174091, downTime=2174091, deviceId=-1, source=0x101 }
W/ViewRootImpl( 1586): Cancelling event due to no window focus: KeyEvent { action=ACTION_UP, keyCode=KEYCODE_DPAD_UP, scanCode=0, metaState=0, flags=0x28, repeatCount=0, eventTime=2174091, downTime=2174091, deviceId=-1, source=0x101 }
W/ViewRootImpl( 1586): Cancelling event due to no window focus: KeyEvent { action=ACTION_UP, keyCode=KEYCODE_DPAD_UP, scanCode=0, metaState=0, flags=0x28, repeatCount=0, eventTime=2174091, downTime=2174091, deviceId=-1, source=0x101 }
W/ViewRootImpl( 1586): Cancelling event due to no window focus: KeyEvent { action=ACTION_UP, keyCode=KEYCODE_DPAD_UP, scanCode=0, metaState=0, flags=0x28, repeatCount=0, eventTime=2174091, downTime=2174091, deviceId=-1, source=0x101 }
W/ViewRootImpl( 1586): Cancelling event due to no window focus: KeyEvent { action=ACTION_UP, keyCode=KEYCODE_DPAD_UP, scanCode=0, metaState=0, flags=0x28, repeatCount=0, eventTime=2174091, downTime=2174091, deviceId=-1, source=0x101 }
W/ViewRootImpl( 1586): Cancelling event due to no window focus: KeyEvent { action=ACTION_UP, keyCode=KEYCODE_DPAD_UP, scanCode=0, metaState=0, flags=0x28, repeatCount=0, eventTime=2174091, downTime=2174091, deviceId=-1, source=0x101 }
W/ViewRootImpl( 1586): Dropping event due to no window focus: KeyEvent { action=ACTION_DOWN, keyCode=KEYCODE_DPAD_RIGHT, scanCode=0, metaState=0, flags=0x8, repeatCount=0, eventTime=2174099, downTime=2174099, deviceId=-1, source=0x101 }
W/ViewRootImpl( 1586): Cancelling event due to no window focus: KeyEvent { action=ACTION_UP, keyCode=KEYCODE_DPAD_RIGHT, scanCode=0, metaState=0, flags=0x28, repeatCount=0, eventTime=2174326, downTime=2174326, deviceId=-1, source=0x101 }
W/ViewRootImpl( 1586): Cancelling event due to no window focus: KeyEvent { action=ACTION_UP, keyCode=KEYCODE_DPAD_RIGHT, scanCode=0, metaState=0, flags=0x28, repeatCount=0, eventTime=2174326, downTime=2174326, deviceId=-1, source=0x101 }
W/ViewRootImpl( 1586): Cancelling event due to no window focus: KeyEvent { action=ACTION_UP, keyCode=KEYCODE_DPAD_RIGHT, scanCode=0, metaState=0, flags=0x28, repeatCount=0, eventTime=2174326, downTime=2174326, deviceId=-1, source=0x101 }
W/ViewRootImpl( 1586): Cancelling event due to no window focus: KeyEvent { action=ACTION_UP, keyCode=KEYCODE_DPAD_RIGHT, scanCode=0, metaState=0, flags=0x28, repeatCount=0, eventTime=2174326, downTime=2174326, deviceId=-1, source=0x101 }
W/ViewRootImpl( 1586): Cancelling event due to no window focus: KeyEvent { action=ACTION_UP, keyCode=KEYCODE_DPAD_RIGHT, scanCode=0, metaState=0, flags=0x28, repeatCount=0, eventTime=2174326, downTime=2174326, deviceId=-1, source=0x101 }
W/ViewRootImpl( 1586): Cancelling event due to no window focus: KeyEvent { action=ACTION_UP, keyCode=KEYCODE_DPAD_RIGHT, scanCode=0, metaState=0, flags=0x28, repeatCount=0, eventTime=2174326, downTime=2174326, deviceId=-1, source=0x101 }
W/ViewRootImpl( 1586): Cancelling event due to no window focus: KeyEvent { action=ACTION_UP, keyCode=KEYCODE_DPAD_RIGHT, scanCode=0, metaState=0, flags=0x28, repeatCount=0, eventTime=2174326, downTime=2174326, deviceId=-1, source=0x101 }
W/ViewRootImpl( 1586): Cancelling event due to no window focus: KeyEvent { action=ACTION_UP, keyCode=KEYCODE_DPAD_RIGHT, scanCode=0, metaState=0, flags=0x28, repeatCount=0, eventTime=2174326, downTime=2174326, deviceId=-1, source=0x101 }
W/ViewRootImpl( 1586): Cancelling event due to no window focus: KeyEvent { action=ACTION_UP, keyCode=KEYCODE_DPAD_RIGHT, scanCode=0, metaState=0, flags=0x28, repeatCount=0, eventTime=2174326, downTime=2174326, deviceId=-1, source=0x101 }
D/PhoneStatusBar(  861): disable: < expand ICONS* alerts SYSTEM_INFO* back home recent clock search >
I/AppiumUnicodeIME(  916): onFinishInput
I/AppiumUnicodeIME(  916): onStartInput
I/ActivityManager(  738): START u0 {cmp=com.zzl.falcon.internal/com.zzl.falcon.login.LoginActivity (has extras)} from uid 10074 on display 0
W/AudioTrack(  738): AUDIO_OUTPUT_FLAG_FAST denied by client
V/WindowManager(  738): addAppToken: AppWindowToken{18df2fc0 token=Token{2f1abd43 ActivityRecord{2d2bd2f2 u0 com.zzl.falcon.internal/com.zzl.falcon.login.LoginActivity t312}}} to stack=1 task=312 at 2
I/AppiumUnicodeIME(  916): onKeyDown (keyCode='21', event.keyCode='21', metaState='0')
I/AppiumUnicodeIME(  916): onKeyUp (keyCode='21', event.keyCode='21', metaState='0')
I/AppiumUnicodeIME(  916): onKeyDown (keyCode='21', event.keyCode='21', metaState='0')
I/AppiumUnicodeIME(  916): onKeyUp (keyCode='21', event.keyCode='21', metaState='0')
I/AppiumUnicodeIME(  916): onKeyDown (keyCode='21', event.keyCode='21', metaState='0')
I/AppiumUnicodeIME(  916): onKeyUp (keyCode='21', event.keyCode='21', metaState='0')
I/AppiumUnicodeIME(  916): onKeyDown (keyCode='21', event.keyCode='21', metaState='0')
I/AppiumUnicodeIME(  916): onKeyUp (keyCode='21', event.keyCode='21', metaState='0')
I/AppiumUnicodeIME(  916): onKeyDown (keyCode='23', event.keyCode='23', metaState='0')
I/AppiumUnicodeIME(  916): onKeyUp (keyCode='23', event.keyCode='23', metaState='0')
V/WindowManager(  738): not Base app: Adding window Window{1a02c3e u0 com.zzl.falcon.internal/com.zzl.falcon.invest.InvestmentDetailActivity} at 5 of 11
W/AudioTrack(  738): AUDIO_OUTPUT_FLAG_FAST denied by client
W/EGL_emulation(  861): eglSurfaceAttrib not implemented
W/OpenGLRenderer(  861): Failed to set EGL_SWAP_BEHAVIOR on surface 0xe201fc80, error=EGL_SUCCESS
W/ViewRootImpl(  861): Dropping event due to no window focus: KeyEvent { action=ACTION_DOWN, keyCode=KEYCODE_PROG_RED, scanCode=0, metaState=0, flags=0x8, repeatCount=0, eventTime=2174385, downTime=2174385, deviceId=-1, source=0x101 }
W/ViewRootImpl(  861): Cancelling event due to no window focus: KeyEvent { action=ACTION_UP, keyCode=KEYCODE_PROG_RED, scanCode=0, metaState=0, flags=0x28, repeatCount=0, eventTime=2174445, downTime=2174445, deviceId=-1, source=0x101 }
W/ViewRootImpl(  861): Cancelling event due to no window focus: KeyEvent { action=ACTION_UP, keyCode=KEYCODE_PROG_RED, scanCode=0, metaState=0, flags=0x28, repeatCount=0, eventTime=2174445, downTime=2174445, deviceId=-1, source=0x101 }
W/ViewRootImpl(  861): Cancelling event due to no window focus: KeyEvent { action=ACTION_UP, keyCode=KEYCODE_PROG_RED, scanCode=0, metaState=0, flags=0x28, repeatCount=0, eventTime=2174445, downTime=2174445, deviceId=-1, source=0x101 }
W/ViewRootImpl(  861): Cancelling event due to no window focus: KeyEvent { action=ACTION_UP, keyCode=KEYCODE_PROG_RED, scanCode=0, metaState=0, flags=0x28, repeatCount=0, eventTime=2174445, downTime=2174445, deviceId=-1, source=0x101 }
W/ViewRootImpl(  861): Cancelling event due to no window focus: KeyEvent { action=ACTION_UP, keyCode=KEYCODE_PROG_RED, scanCode=0, metaState=0, flags=0x28, repeatCount=0, eventTime=2174445, downTime=2174445, deviceId=-1, source=0x101 }
W/ViewRootImpl(  861): Cancelling event due to no window focus: KeyEvent { action=ACTION_UP, keyCode=KEYCODE_PROG_RED, scanCode=0, metaState=0, flags=0x28, repeatCount=0, eventTime=2174445, downTime=2174445, deviceId=-1, source=0x101 }
W/ViewRootImpl(  861): Cancelling event due to no window focus: KeyEvent { action=ACTION_UP, keyCode=KEYCODE_PROG_RED, scanCode=0, metaState=0, flags=0x28, repeatCount=0, eventTime=2174445, downTime=2174445, deviceId=-1, source=0x101 }
W/ViewRootImpl(  861): Cancelling event due to no window focus: KeyEvent { action=ACTION_UP, keyCode=KEYCODE_PROG_RED, scanCode=0, metaState=0, flags=0x28, repeatCount=0, eventTime=2174445, downTime=2174445, deviceId=-1, source=0x101 }
W/ViewRootImpl(  861): Cancelling event due to no window focus: KeyEvent { action=ACTION_UP, keyCode=KEYCODE_PROG_RED, scanCode=0, metaState=0, flags=0x28, repeatCount=0, eventTime=2174445, downTime=2174445, deviceId=-1, source=0x101 }
W/EGL_emulation( 1586): eglSurfaceAttrib not implemented
W/OpenGLRenderer( 1586): Failed to set EGL_SWAP_BEHAVIOR on surface 0xdb8cde20, error=EGL_SUCCESS
D/ForegroundCallbacks( 1586): still foreground
V/WindowManager(  738): Adding window Window{3a4491bb u0 com.zzl.falcon.internal/com.zzl.falcon.login.LoginActivity} at 6 of 12 (after Window{1a02c3e u0 com.zzl.falcon.internal/com.zzl.falcon.invest.InvestmentDetailActivity})
E/libprocessgroup( 2672): failed to make and chown /acct/uid_10013: Read-only file system
W/Zygote  ( 2672): createProcessGroup failed, kernel missing CONFIG_CGROUP_CPUACCT?
I/ActivityManager(  738): Start proc 2672:com.android.systemui:screenshot/u0a13 for service com.android.systemui/.screenshot.TakeScreenshotService
D/PhoneStatusBar(  861): disable: < expand icons* alerts system_info* back home recent clock search >
D/PermissionCache(  773): checking android.permission.READ_FRAME_BUFFER for uid=10013 => granted (250 us)
V/FFmpegExtractor(  488): SniffFFMPEG
I/FFmpegExtractor(  488): android-source:0xf2824500
D/FFMPEG  (  488): android source begin open
D/FFMPEG  (  488): android open, url: android-source:0xf2824500
D/FFMPEG  (  488): ffmpeg open android data source success, source ptr: 0xf2824500
D/FFMPEG  (  488): android source open success
I/FFMPEG  (  488): Input #0, ogg, from 'android-source:0xf2824500':
I/FFMPEG  (  488):   Duration: 00:00:00.42, start: 0.000000, bitrate: 113 kb/s
I/FFMPEG  (  488):     Stream #0:0: Audio: vorbis, 48000 Hz, mono, fltp, 48 kb/s
I/FFMPEG  (  488):     Metadata:
I/FFMPEG  (  488):       TITLE           : Camera Shutter
I/FFMPEG  (  488):       ARTIST          : (c) 2012 Android Open Source Project
I/FFmpegExtractor(  488): FFmpegExtrator, url: android-source:0xf2824500, format_name: ogg, format_long_name: Ogg
I/FFmpegExtractor(  488): list the formats suppoted by ffmpeg: 
I/FFmpegExtractor(  488): ========================================
V/FFmpegExtractor(  488): format_names[00]: mpeg
V/FFmpegExtractor(  488): format_names[01]: mpegts
V/FFmpegExtractor(  488): format_names[02]: mov,mp4,m4a,3gp,3g2,mj2
V/FFmpegExtractor(  488): format_names[03]: matroska,webm
V/FFmpegExtractor(  488): format_names[04]: asf
V/FFmpegExtractor(  488): format_names[05]: rm
V/FFmpegExtractor(  488): format_names[06]: flv
V/FFmpegExtractor(  488): format_names[07]: swf
V/FFmpegExtractor(  488): format_names[08]: avi
V/FFmpegExtractor(  488): format_names[09]: ape
V/FFmpegExtractor(  488): format_names[10]: dts
V/FFmpegExtractor(  488): format_names[11]: flac
V/FFmpegExtractor(  488): format_names[12]: ac3
V/FFmpegExtractor(  488): format_names[13]: wav
V/FFmpegExtractor(  488): format_names[14]: ogg
V/FFmpegExtractor(  488): format_names[15]: vc1
V/FFmpegExtractor(  488): format_names[16]: hevc
I/FFmpegExtractor(  488): ========================================
I/FFmpegExtractor(  488): adjust mime(application/ogg -> audio/vorbis)
D/FFmpegExtractor(  488): suppoted codec(vorbis) by official Stagefright
D/FFMPEG  (  488): android source close
I/FFmpegExtractor(  488): sniff through BetterSniffFFMPEG success
D/FFmpegExtractor(  488): ffmpeg detected media content as 'audio/vorbis' with confidence 0.08
D/NuPlayerDriver(  488): start(0xf282f040)
I/GenericSource(  488): start
D/NuPlayerDriver(  488): reset(0xf282f040)
D/NuPlayerDriver(  488): notifyResetComplete(0xf282f040)
W/EGL_emulation( 1586): eglSurfaceAttrib not implemented
W/OpenGLRenderer( 1586): Failed to set EGL_SWAP_BEHAVIOR on surface 0xdb8cde00, error=EGL_SUCCESS
D/        ( 2672): HostConnection::get() New Host Connection established 0xf3e738e0, tid 2672
E/EGL_emulation(  773): tid 773: eglCreateSyncKHR(1209): error 0x3004 (EGL_BAD_ATTRIBUTE)
D/OpenGLRenderer( 2672): Use EGL_SWAP_BEHAVIOR_PRESERVED: true
W/EGL_emulation(  861): eglSurfaceAttrib not implemented
W/OpenGLRenderer(  861): Failed to set EGL_SWAP_BEHAVIOR on surface 0xe201fc80, error=EGL_SUCCESS
W/ViewRootImpl( 1586): Cancelling event due to no window focus: KeyEvent { action=ACTION_UP, keyCode=KEYCODE_VOLUME_DOWN, scanCode=0, metaState=0, flags=0x28, repeatCount=0, eventTime=2174775, downTime=2174775, deviceId=-1, source=0x101 }
W/ViewRootImpl( 1586): Cancelling event due to no window focus: KeyEvent { action=ACTION_UP, keyCode=KEYCODE_VOLUME_DOWN, scanCode=0, metaState=0, flags=0x28, repeatCount=0, eventTime=2174775, downTime=2174775, deviceId=-1, source=0x101 }
W/ViewRootImpl( 1586): Cancelling event due to no window focus: KeyEvent { action=ACTION_UP, keyCode=KEYCODE_VOLUME_DOWN, scanCode=0, metaState=0, flags=0x28, repeatCount=0, eventTime=2174775, downTime=2174775, deviceId=-1, source=0x101 }
W/ViewRootImpl( 1586): Cancelling event due to no window focus: KeyEvent { action=ACTION_UP, keyCode=KEYCODE_VOLUME_DOWN, scanCode=0, metaState=0, flags=0x28, repeatCount=0, eventTime=2174775, downTime=2174775, deviceId=-1, source=0x101 }
W/ViewRootImpl( 1586): Cancelling event due to no window focus: KeyEvent { action=ACTION_UP, keyCode=KEYCODE_VOLUME_DOWN, scanCode=0, metaState=0, flags=0x28, repeatCount=0, eventTime=2174775, downTime=2174775, deviceId=-1, source=0x101 }
W/ViewRootImpl( 1586): Cancelling event due to no window focus: KeyEvent { action=ACTION_UP, keyCode=KEYCODE_VOLUME_DOWN, scanCode=0, metaState=0, flags=0x28, repeatCount=0, eventTime=2174775, downTime=2174775, deviceId=-1, source=0x101 }
D/Atlas   ( 2672): Validating map...
E/com.umeng.message.UTrack( 1586): RegistrationId is empty
E/com.umeng.message.UTrack( 1586): RegistrationId is empty
W/AudioService(  738): stream was not muted by this client
E/AudioService(  738): Could not get client death handler for stream: 1
W/AudioService(  738): stream was not muted by this client
E/AudioService(  738): Could not get client death handler for stream: 2
W/AudioService(  738): stream was not muted by this client
E/AudioService(  738): Could not get client death handler for stream: 5
W/AudioService(  738): stream was not muted by this client
E/AudioService(  738): Could not get client death handler for stream: 7
W/AudioService(  738): stream was not muted by this client
E/AudioService(  738): Could not get client death handler for stream: 8
W/ViewRootImpl( 1586): Dropping event due to no window focus: MotionEvent { action=ACTION_MOVE, id[0]=0, x[0]=-5.0, y[0]=4.0, toolType[0]=TOOL_TYPE_UNKNOWN, buttonState=0, metaState=0, flags=0x0, edgeFlags=0x0, pointerCount=1, historySize=9, eventTime=2175040, downTime=-1, deviceId=0, source=0x10004 }
D/libEGL  ( 2672): loaded /system/lib/egl/libEGL_emulation.so
D/libEGL  ( 2672): loaded /system/lib/egl/libGLESv1_CM_emulation.so
D/libEGL  ( 2672): loaded /system/lib/egl/libGLESv2_emulation.so
D/        ( 2672): HostConnection::get() New Host Connection established 0xee839490, tid 2700
I/OpenGLRenderer( 2672): Initialized EGL, version 1.4
D/OpenGLRenderer( 2672): Enabling debug mode 0
W/EGL_emulation( 2672): eglSurfaceAttrib not implemented
W/OpenGLRenderer( 2672): Failed to set EGL_SWAP_BEHAVIOR on surface 0xee835900, error=EGL_SUCCESS
W/AudioTrack( 2672): AUDIO_OUTPUT_FLAG_FAST denied by client
W/ViewRootImpl( 1586): Dropping event due to no window focus: KeyEvent { action=ACTION_DOWN, keyCode=KEYCODE_DPAD_DOWN, scanCode=0, metaState=0, flags=0x8, repeatCount=0, eventTime=2175041, downTime=2175041, deviceId=-1, source=0x101 }
I/ActivityManager(  738): Displayed com.zzl.falcon.internal/com.zzl.falcon.login.LoginActivity: +1s38ms
I/AppiumUnicodeIME(  916): onFinishInput
I/AppiumUnicodeIME(  916): onStartInput
I/AppiumUnicodeIME(  916): onKeyUp (keyCode='20', event.keyCode='20', metaState='0')
I/AppiumUnicodeIME(  916): onKeyDown (keyCode='185', event.keyCode='185', metaState='0')
I/AppiumUnicodeIME(  916): onKeyUp (keyCode='185', event.keyCode='185', metaState='0')
I/AppiumUnicodeIME(  916): onKeyDown (keyCode='22', event.keyCode='22', metaState='0')
I/AppiumUnicodeIME(  916): onKeyUp (keyCode='22', event.keyCode='22', metaState='0')
I/AppiumUnicodeIME(  916): onKeyDown (keyCode='22', event.keyCode='22', metaState='0')
I/AppiumUnicodeIME(  916): onKeyUp (keyCode='22', event.keyCode='22', metaState='0')
I/AppiumUnicodeIME(  916): onKeyDown (keyCode='22', event.keyCode='22', metaState='0')
I/AppiumUnicodeIME(  916): onKeyUp (keyCode='22', event.keyCode='22', metaState='0')
I/AppiumUnicodeIME(  916): onKeyDown (keyCode='22', event.keyCode='22', metaState='0')
I/AppiumUnicodeIME(  916): onKeyUp (keyCode='22', event.keyCode='22', metaState='0')
I/AppiumUnicodeIME(  916): onKeyDown (keyCode='20', event.keyCode='20', metaState='0')
I/AppiumUnicodeIME(  916): onKeyUp (keyCode='20', event.keyCode='20', metaState='0')
W/AudioTrack(  738): AUDIO_OUTPUT_FLAG_FAST denied by client
I/AppiumUnicodeIME(  916): onKeyDown (keyCode='23', event.keyCode='23', metaState='0')
I/AppiumUnicodeIME(  916): onFinishInput
I/AppiumUnicodeIME(  916): onStartInput
I/AppiumUnicodeIME(  916): onKeyUp (keyCode='23', event.keyCode='23', metaState='0')
I/AppiumUnicodeIME(  916): onKeyDown (keyCode='20', event.keyCode='20', metaState='0')
I/AppiumUnicodeIME(  916): onKeyUp (keyCode='20', event.keyCode='20', metaState='0')
I/AppiumUnicodeIME(  916): onKeyDown (keyCode='20', event.keyCode='20', metaState='0')
I/AppiumUnicodeIME(  916): onKeyUp (keyCode='20', event.keyCode='20', metaState='0')
I/AppiumUnicodeIME(  916): onKeyDown (keyCode='20', event.keyCode='20', metaState='0')
I/AppiumUnicodeIME(  916): onKeyDown (keyCode='20', event.keyCode='20', metaState='0')
I/AppiumUnicodeIME(  916): onKeyUp (keyCode='20', event.keyCode='20', metaState='0')
I/AppiumUnicodeIME(  916): onKeyDown (keyCode='20', event.keyCode='20', metaState='0')
I/AppiumUnicodeIME(  916): onKeyUp (keyCode='20', event.keyCode='20', metaState='0')
I/AppiumUnicodeIME(  916): onKeyDown (keyCode='20', event.keyCode='20', metaState='0')
I/AppiumUnicodeIME(  916): onKeyUp (keyCode='20', event.keyCode='20', metaState='0')
I/AppiumUnicodeIME(  916): onFinishInput
I/AppiumUnicodeIME(  916): onStartInput
I/AppiumUnicodeIME(  916): onKeyDown (keyCode='20', event.keyCode='20', metaState='0')
I/AppiumUnicodeIME(  916): onKeyDown (keyCode='20', event.keyCode='20', metaState='0')
I/AppiumUnicodeIME(  916): onKeyUp (keyCode='20', event.keyCode='20', metaState='0')
I/AppiumUnicodeIME(  916): onKeyDown (keyCode='20', event.keyCode='20', metaState='0')
I/AppiumUnicodeIME(  916): onKeyUp (keyCode='20', event.keyCode='20', metaState='0')
I/AppiumUnicodeIME(  916): onKeyDown (keyCode='20', event.keyCode='20', metaState='0')
I/AppiumUnicodeIME(  916): onKeyUp (keyCode='20', event.keyCode='20', metaState='0')
I/AppiumUnicodeIME(  916): onKeyDown (keyCode='19', event.keyCode='19', metaState='0')
I/AppiumUnicodeIME(  916): onKeyUp (keyCode='19', event.keyCode='19', metaState='0')
I/AppiumUnicodeIME(  916): onKeyDown (keyCode='19', event.keyCode='19', metaState='0')
I/AppiumUnicodeIME(  916): onKeyUp (keyCode='19', event.keyCode='19', metaState='0')
I/AppiumUnicodeIME(  916): onKeyDown (keyCode='19', event.keyCode='19', metaState='0')
I/AppiumUnicodeIME(  916): onKeyUp (keyCode='19', event.keyCode='19', metaState='0')
I/AppiumUnicodeIME(  916): onKeyDown (keyCode='23', event.keyCode='23', metaState='0')
I/AppiumUnicodeIME(  916): onFinishInput
I/AppiumUnicodeIME(  916): onStartInput
I/AppiumUnicodeIME(  916): onFinishInput
I/AppiumUnicodeIME(  916): onStartInput
I/AppiumUnicodeIME(  916): onFinishInput
I/AppiumUnicodeIME(  916): onStartInput
I/AppiumUnicodeIME(  916): onKeyUp (keyCode='23', event.keyCode='23', metaState='0')
W/AudioTrack(  738): AUDIO_OUTPUT_FLAG_FAST denied by client
I/AppiumUnicodeIME(  916): onKeyDown (keyCode='136', event.keyCode='136', metaState='0')
W/AudioTrack(  738): AUDIO_OUTPUT_FLAG_FAST denied by client
W/AudioTrack(  738): AUDIO_OUTPUT_FLAG_FAST denied by client
W/AudioTrack(  738): AUDIO_OUTPUT_FLAG_FAST denied by client
W/AudioTrack(  738): AUDIO_OUTPUT_FLAG_FAST denied by client
W/AudioTrack(  738): AUDIO_OUTPUT_FLAG_FAST denied by client
I/AppiumUnicodeIME(  916): onKeyUp (keyCode='136', event.keyCode='136', metaState='0')
I/AppiumUnicodeIME(  916): onKeyDown (keyCode='23', event.keyCode='23', metaState='0')
I/AppiumUnicodeIME(  916): onKeyUp (keyCode='23', event.keyCode='23', metaState='0')
W/AudioTrack(  738): AUDIO_OUTPUT_FLAG_FAST denied by client
W/AudioTrack(  738): AUDIO_OUTPUT_FLAG_FAST denied by client
I/AppiumUnicodeIME(  916): onKeyDown (keyCode='20', event.keyCode='20', metaState='0')
I/AppiumUnicodeIME(  916): onKeyUp (keyCode='20', event.keyCode='20', metaState='0')
I/AppiumUnicodeIME(  916): onKeyDown (keyCode='20', event.keyCode='20', metaState='0')
I/AppiumUnicodeIME(  916): onKeyUp (keyCode='20', event.keyCode='20', metaState='0')
I/AppiumUnicodeIME(  916): onKeyDown (keyCode='20', event.keyCode='20', metaState='0')
I/AppiumUnicodeIME(  916): onKeyUp (keyCode='20', event.keyCode='20', metaState='0')
I/AppiumUnicodeIME(  916): onFinishInput
I/AppiumUnicodeIME(  916): onStartInput
W/AudioTrack(  738): AUDIO_OUTPUT_FLAG_FAST denied by client
W/AudioTrack(  738): AUDIO_OUTPUT_FLAG_FAST denied by client
I/AppiumUnicodeIME(  916): onFinishInput
I/AppiumUnicodeIME(  916): onStartInput
I/AppiumUnicodeIME(  916): onKeyDown (keyCode='19', event.keyCode='19', metaState='0')
I/AppiumUnicodeIME(  916): onKeyUp (keyCode='19', event.keyCode='19', metaState='0')
I/AppiumUnicodeIME(  916): onKeyDown (keyCode='19', event.keyCode='19', metaState='0')
I/AppiumUnicodeIME(  916): onKeyUp (keyCode='19', event.keyCode='19', metaState='0')
I/AppiumUnicodeIME(  916): onKeyDown (keyCode='19', event.keyCode='19', metaState='0')
I/AppiumUnicodeIME(  916): onKeyUp (keyCode='19', event.keyCode='19', metaState='0')
I/AppiumUnicodeIME(  916): onKeyDown (keyCode='19', event.keyCode='19', metaState='0')
I/AppiumUnicodeIME(  916): onKeyUp (keyCode='19', event.keyCode='19', metaState='0')
I/AppiumUnicodeIME(  916): onFinishInput
W/AudioTrack(  738): AUDIO_OUTPUT_FLAG_FAST denied by client
I/AppiumUnicodeIME(  916): onStartInput
W/AudioTrack(  738): AUDIO_OUTPUT_FLAG_FAST denied by client
I/AppiumUnicodeIME(  916): onKeyDown (keyCode='20', event.keyCode='20', metaState='0')
W/AudioTrack(  738): AUDIO_OUTPUT_FLAG_FAST denied by client
I/AppiumUnicodeIME(  916): onKeyUp (keyCode='20', event.keyCode='20', metaState='0')
I/AppiumUnicodeIME(  916): onKeyDown (keyCode='20', event.keyCode='20', metaState='0')
I/AppiumUnicodeIME(  916): onKeyUp (keyCode='20', event.keyCode='20', metaState='0')
I/AppiumUnicodeIME(  916): onFinishInput
I/AppiumUnicodeIME(  916): onStartInput
I/AppiumUnicodeIME(  916): onFinishInput
W/AudioTrack(  738): AUDIO_OUTPUT_FLAG_FAST denied by client
I/AppiumUnicodeIME(  916): onStartInput
I/AppiumUnicodeIME(  916): onFinishInput
I/AppiumUnicodeIME(  916): onStartInput
I/AppiumUnicodeIME(  916): onKeyDown (keyCode='19', event.keyCode='19', metaState='0')
W/AudioTrack(  738): AUDIO_OUTPUT_FLAG_FAST denied by client
I/AppiumUnicodeIME(  916): onKeyUp (keyCode='19', event.keyCode='19', metaState='0')
I/AppiumUnicodeIME(  916): onFinishInput
I/AppiumUnicodeIME(  916): onStartInput
I/AppiumUnicodeIME(  916): onKeyDown (keyCode='20', event.keyCode='20', metaState='0')
I/AppiumUnicodeIME(  916): onKeyDown (keyCode='20', event.keyCode='20', metaState='0')
I/AppiumUnicodeIME(  916): onKeyUp (keyCode='20', event.keyCode='20', metaState='0')
I/AppiumUnicodeIME(  916): onKeyDown (keyCode='20', event.keyCode='20', metaState='0')
I/AppiumUnicodeIME(  916): onKeyUp (keyCode='20', event.keyCode='20', metaState='0')
I/AppiumUnicodeIME(  916): onKeyDown (keyCode='20', event.keyCode='20', metaState='0')
I/AppiumUnicodeIME(  916): onKeyUp (keyCode='20', event.keyCode='20', metaState='0')
I/AppiumUnicodeIME(  916): onKeyDown (keyCode='23', event.keyCode='23', metaState='0')
I/AppiumUnicodeIME(  916): onKeyUp (keyCode='23', event.keyCode='23', metaState='0')
I/AppiumUnicodeIME(  916): onFinishInput
I/AppiumUnicodeIME(  916): onStartInput
W/AudioTrack(  738): AUDIO_OUTPUT_FLAG_FAST denied by client
W/AudioTrack(  738): AUDIO_OUTPUT_FLAG_FAST denied by client
W/AudioTrack(  738): AUDIO_OUTPUT_FLAG_FAST denied by client
I/AppiumUnicodeIME(  916): onKeyDown (keyCode='19', event.keyCode='19', metaState='0')
I/AppiumUnicodeIME(  916): onKeyUp (keyCode='19', event.keyCode='19', metaState='0')
I/AppiumUnicodeIME(  916): onKeyDown (keyCode='19', event.keyCode='19', metaState='0')
I/AppiumUnicodeIME(  916): onKeyUp (keyCode='19', event.keyCode='19', metaState='0')
I/AppiumUnicodeIME(  916): onKeyDown (keyCode='22', event.keyCode='22', metaState='0')
W/AudioTrack(  738): AUDIO_OUTPUT_FLAG_FAST denied by client
I/AppiumUnicodeIME(  916): onFinishInput
I/AppiumUnicodeIME(  916): onStartInput
W/EGL_emulation( 1586): eglSurfaceAttrib not implemented
W/OpenGLRenderer( 1586): Failed to set EGL_SWAP_BEHAVIOR on surface 0xdb8555a0, error=EGL_SUCCESS
I/AppiumUnicodeIME(  916): onKeyUp (keyCode='22', event.keyCode='22', metaState='0')
V/RenderScript( 1586): 0xeeb5fe00 Launching thread(s), CPUs 4
I/AppiumUnicodeIME(  916): onKeyDown (keyCode='82', event.keyCode='82', metaState='0')
I/AppiumUnicodeIME(  916): onKeyUp (keyCode='82', event.keyCode='82', metaState='0')
W/AudioTrack(  738): AUDIO_OUTPUT_FLAG_FAST denied by client
I/AppiumUnicodeIME(  916): onKeyDown (keyCode='22', event.keyCode='22', metaState='0')
I/AppiumUnicodeIME(  916): onKeyUp (keyCode='22', event.keyCode='22', metaState='0')
I/AppiumUnicodeIME(  916): onKeyDown (keyCode='22', event.keyCode='22', metaState='0')
I/AppiumUnicodeIME(  916): onKeyUp (keyCode='22', event.keyCode='22', metaState='0')
I/AppiumUnicodeIME(  916): onKeyDown (keyCode='22', event.keyCode='22', metaState='0')
I/AppiumUnicodeIME(  916): onKeyUp (keyCode='22', event.keyCode='22', metaState='0')
I/AppiumUnicodeIME(  916): onKeyDown (keyCode='20', event.keyCode='20', metaState='0')
I/AppiumUnicodeIME(  916): onKeyUp (keyCode='20', event.keyCode='20', metaState='0')
W/AudioTrack(  738): AUDIO_OUTPUT_FLAG_FAST denied by client
I/AppiumUnicodeIME(  916): onKeyDown (keyCode='21', event.keyCode='21', metaState='0')
I/AppiumUnicodeIME(  916): onFinishInput
I/AppiumUnicodeIME(  916): onStartInput
I/AppiumUnicodeIME(  916): onKeyUp (keyCode='21', event.keyCode='21', metaState='0')
I/AppiumUnicodeIME(  916): onKeyDown (keyCode='19', event.keyCode='19', metaState='0')
I/AppiumUnicodeIME(  916): onKeyUp (keyCode='19', event.keyCode='19', metaState='0')
W/AudioTrack(  738): AUDIO_OUTPUT_FLAG_FAST denied by client
I/AppiumUnicodeIME(  916): onKeyDown (keyCode='21', event.keyCode='21', metaState='0')
I/AppiumUnicodeIME(  916): onFinishInput
I/AppiumUnicodeIME(  916): onStartInput
I/AppiumUnicodeIME(  916): onKeyUp (keyCode='21', event.keyCode='21', metaState='0')
I/AppiumUnicodeIME(  916): onKeyDown (keyCode='23', event.keyCode='23', metaState='0')
I/AppiumUnicodeIME(  916): onKeyUp (keyCode='23', event.keyCode='23', metaState='0')
W/AudioTrack(  738): AUDIO_OUTPUT_FLAG_FAST denied by client
I/AppiumUnicodeIME(  916): onKeyDown (keyCode='4', event.keyCode='4', metaState='0')
I/AppiumUnicodeIME(  916): onKeyUp (keyCode='4', event.keyCode='4', metaState='0')
D/ZenLog  (  738): intercepted: 0|com.android.systemui|789|null|10013,none
V/NotificationService(  738): pkg=com.android.systemui canInterrupt=false intercept=true
W/art     (  738): Long monitor contention event with owner method=boolean com.android.server.am.ActivityManagerService.finishActivity(android.os.IBinder, int, android.content.Intent, boolean) from ActivityManagerService.java:4327 waiters=0 for 114ms
E/libprocessgroup( 2736): failed to make and chown /acct/uid_10005: Read-only file system
W/Zygote  ( 2736): createProcessGroup failed, kernel missing CONFIG_CGROUP_CPUACCT?
I/ActivityManager(  738): Start proc 2736:android.process.media/u0a5 for content provider com.android.providers.media/.MediaProvider
D/ForegroundCallbacks( 1586): still foreground
E/SQLiteLog( 2736): (283) recovered 80 frames from WAL file /data/user/0/com.android.providers.media/databases/external.db-wal
I/ActivityManager(  738): Killing 1848:com.android.settings/1000 (adj 15): empty for 2148s
W/libprocessgroup(  738): failed to open /acct/uid_1000/pid_1848/cgroup.procs: No such file or directory
W/EGL_emulation( 1586): eglSurfaceAttrib not implemented
W/OpenGLRenderer( 1586): Failed to set EGL_SWAP_BEHAVIOR on surface 0xdb8552e0, error=EGL_SUCCESS
W/EGL_emulation( 1586): eglSurfaceAttrib not implemented
W/OpenGLRenderer( 1586): Failed to set EGL_SWAP_BEHAVIOR on surface 0xdb8554a0, error=EGL_SUCCESS
W/ViewRootImpl( 1586): Dropping event due to no window focus: KeyEvent { action=ACTION_DOWN, keyCode=KEYCODE_DPAD_LEFT, scanCode=0, metaState=0, flags=0x8, repeatCount=0, eventTime=2176778, downTime=2176778, deviceId=-1, source=0x101 }
W/ViewRootImpl( 1586): Cancelling event due to no window focus: KeyEvent { action=ACTION_UP, keyCode=KEYCODE_DPAD_LEFT, scanCode=0, metaState=0, flags=0x28, repeatCount=0, eventTime=2177257, downTime=2176778, deviceId=-1, source=0x101 }
W/ViewRootImpl( 1586): Cancelling event due to no window focus: KeyEvent { action=ACTION_UP, keyCode=KEYCODE_DPAD_LEFT, scanCode=0, metaState=0, flags=0x28, repeatCount=0, eventTime=2177257, downTime=2176778, deviceId=-1, source=0x101 }
W/ViewRootImpl( 1586): Cancelling event due to no window focus: KeyEvent { action=ACTION_UP, keyCode=KEYCODE_DPAD_LEFT, scanCode=0, metaState=0, flags=0x28, repeatCount=0, eventTime=2177257, downTime=2176778, deviceId=-1, source=0x101 }
I/AppiumUnicodeIME(  916): onKeyUp (keyCode='21', event.keyCode='21', metaState='0')
W/ViewRootImpl( 1586): Cancelling event due to no window focus: KeyEvent { action=ACTION_UP, keyCode=KEYCODE_DPAD_LEFT, scanCode=0, metaState=0, flags=0x28, repeatCount=0, eventTime=2177176, downTime=2177176, deviceId=-1, source=0x101 }
W/ViewRootImpl( 1586): Cancelling event due to no window focus: KeyEvent { action=ACTION_UP, keyCode=KEYCODE_DPAD_LEFT, scanCode=0, metaState=0, flags=0x28, repeatCount=0, eventTime=2177176, downTime=2177176, deviceId=-1, source=0x101 }
W/ViewRootImpl( 1586): Cancelling event due to no window focus: KeyEvent { action=ACTION_UP, keyCode=KEYCODE_DPAD_LEFT, scanCode=0, metaState=0, flags=0x28, repeatCount=0, eventTime=2177176, downTime=2177176, deviceId=-1, source=0x101 }
W/ViewRootImpl( 1586): Cancelling event due to no window focus: KeyEvent { action=ACTION_UP, keyCode=KEYCODE_DPAD_LEFT, scanCode=0, metaState=0, flags=0x28, repeatCount=0, eventTime=2177176, downTime=2177176, deviceId=-1, source=0x101 }
W/ViewRootImpl( 1586): Cancelling event due to no window focus: KeyEvent { action=ACTION_UP, keyCode=KEYCODE_DPAD_LEFT, scanCode=0, metaState=0, flags=0x28, repeatCount=0, eventTime=2177176, downTime=2177176, deviceId=-1, source=0x101 }
W/ViewRootImpl( 1586): Cancelling event due to no window focus: KeyEvent { action=ACTION_UP, keyCode=KEYCODE_DPAD_LEFT, scanCode=0, metaState=0, flags=0x28, repeatCount=0, eventTime=2177176, downTime=2177176, deviceId=-1, source=0x101 }
W/ViewRootImpl( 1586): Cancelling event due to no window focus: KeyEvent { action=ACTION_UP, keyCode=KEYCODE_DPAD_LEFT, scanCode=0, metaState=0, flags=0x28, repeatCount=0, eventTime=2177176, downTime=2177176, deviceId=-1, source=0x101 }
W/ViewRootImpl( 1586): Cancelling event due to no window focus: KeyEvent { action=ACTION_UP, keyCode=KEYCODE_DPAD_LEFT, scanCode=0, metaState=0, flags=0x28, repeatCount=0, eventTime=2177176, downTime=2177176, deviceId=-1, source=0x101 }
W/ViewRootImpl( 1586): Cancelling event due to no window focus: KeyEvent { action=ACTION_UP, keyCode=KEYCODE_DPAD_LEFT, scanCode=0, metaState=0, flags=0x28, repeatCount=0, eventTime=2177176, downTime=2177176, deviceId=-1, source=0x101 }
W/ViewRootImpl( 1586): Cancelling event due to no window focus: KeyEvent { action=ACTION_UP, keyCode=KEYCODE_DPAD_LEFT, scanCode=0, metaState=0, flags=0x28, repeatCount=0, eventTime=2177257, downTime=2176778, deviceId=-1, source=0x101 }
W/ViewRootImpl( 1586): Cancelling event due to no window focus: KeyEvent { action=ACTION_UP, keyCode=KEYCODE_DPAD_LEFT, scanCode=0, metaState=0, flags=0x28, repeatCount=0, eventTime=2177257, downTime=2176778, deviceId=-1, source=0x101 }
W/ViewRootImpl( 1586): Cancelling event due to no window focus: KeyEvent { action=ACTION_UP, keyCode=KEYCODE_DPAD_LEFT, scanCode=0, metaState=0, flags=0x28, repeatCount=0, eventTime=2177257, downTime=2176778, deviceId=-1, source=0x101 }
W/ViewRootImpl( 1586): Cancelling event due to no window focus: KeyEvent { action=ACTION_UP, keyCode=KEYCODE_DPAD_LEFT, scanCode=0, metaState=0, flags=0x28, repeatCount=0, eventTime=2177257, downTime=2176778, deviceId=-1, source=0x101 }
W/ViewRootImpl( 1586): Cancelling event due to no window focus: KeyEvent { action=ACTION_UP, keyCode=KEYCODE_DPAD_LEFT, scanCode=0, metaState=0, flags=0x28, repeatCount=0, eventTime=2177257, downTime=2176778, deviceId=-1, source=0x101 }
W/ViewRootImpl( 1586): Cancelling event due to no window focus: KeyEvent { action=ACTION_UP, keyCode=KEYCODE_DPAD_LEFT, scanCode=0, metaState=0, flags=0x28, repeatCount=0, eventTime=2177257, downTime=2176778, deviceId=-1, source=0x101 }
W/ViewRootImpl( 1586): Dropping event due to no window focus: MotionEvent { action=ACTION_MOVE, id[0]=0, x[0]=-1.0, y[0]=4.0, toolType[0]=TOOL_TYPE_UNKNOWN, buttonState=0, metaState=0, flags=0x0, edgeFlags=0x0, pointerCount=1, historySize=9, eventTime=2177265, downTime=-1, deviceId=0, source=0x10004 }
D/        ( 2672): HostConnection::get() New Host Connection established 0xee839740, tid 2735
V/NotificationService(  738): pkg=com.android.systemui canInterrupt=false intercept=true
I/ActivityManager(  738): Killing 1873:com.android.voicedialer/u0a14 (adj 15): empty for 2148s
W/libprocessgroup(  738): failed to open /acct/uid_10014/pid_1873/cgroup.procs: No such file or directory
W/ViewRootImpl( 1586): Dropping event due to no window focus: KeyEvent { action=ACTION_DOWN, keyCode=KEYCODE_CLEAR, scanCode=0, metaState=0, flags=0x8, repeatCount=0, eventTime=2177266, downTime=2177266, deviceId=-1, source=0x101 }
W/ViewRootImpl( 1586): Cancelling event due to no window focus: KeyEvent { action=ACTION_UP, keyCode=KEYCODE_CLEAR, scanCode=0, metaState=0, flags=0x28, repeatCount=0, eventTime=2177476, downTime=2177476, deviceId=-1, source=0x101 }
W/ViewRootImpl( 1586): Cancelling event due to no window focus: KeyEvent { action=ACTION_UP, keyCode=KEYCODE_CLEAR, scanCode=0, metaState=0, flags=0x28, repeatCount=0, eventTime=2177476, downTime=2177476, deviceId=-1, source=0x101 }
W/ViewRootImpl( 1586): Cancelling event due to no window focus: KeyEvent { action=ACTION_UP, keyCode=KEYCODE_CLEAR, scanCode=0, metaState=0, flags=0x28, repeatCount=0, eventTime=2177476, downTime=2177476, deviceId=-1, source=0x101 }
W/ViewRootImpl( 1586): Cancelling event due to no window focus: KeyEvent { action=ACTION_UP, keyCode=KEYCODE_CLEAR, scanCode=0, metaState=0, flags=0x28, repeatCount=0, eventTime=2177476, downTime=2177476, deviceId=-1, source=0x101 }
W/ViewRootImpl( 1586): Cancelling event due to no window focus: KeyEvent { action=ACTION_UP, keyCode=KEYCODE_CLEAR, scanCode=0, metaState=0, flags=0x28, repeatCount=0, eventTime=2177476, downTime=2177476, deviceId=-1, source=0x101 }
W/ViewRootImpl( 1586): Cancelling event due to no window focus: KeyEvent { action=ACTION_UP, keyCode=KEYCODE_CLEAR, scanCode=0, metaState=0, flags=0x28, repeatCount=0, eventTime=2177476, downTime=2177476, deviceId=-1, source=0x101 }
W/ViewRootImpl( 1586): Cancelling event due to no window focus: KeyEvent { action=ACTION_UP, keyCode=KEYCODE_CLEAR, scanCode=0, metaState=0, flags=0x28, repeatCount=0, eventTime=2177476, downTime=2177476, deviceId=-1, source=0x101 }
W/ViewRootImpl( 1586): Cancelling event due to no window focus: KeyEvent { action=ACTION_UP, keyCode=KEYCODE_CLEAR, scanCode=0, metaState=0, flags=0x28, repeatCount=0, eventTime=2177476, downTime=2177476, deviceId=-1, source=0x101 }
W/ViewRootImpl( 1586): Cancelling event due to no window focus: KeyEvent { action=ACTION_UP, keyCode=KEYCODE_CLEAR, scanCode=0, metaState=0, flags=0x28, repeatCount=0, eventTime=2177476, downTime=2177476, deviceId=-1, source=0x101 }
I/AppiumUnicodeIME(  916): onFinishInput
I/AppiumUnicodeIME(  916): onStartInput
W/ViewRootImpl( 1586): Dropping event due to no window focus: KeyEvent { action=ACTION_DOWN, keyCode=KEYCODE_BACK, scanCode=0, metaState=0, flags=0x8, repeatCount=0, eventTime=2177568, downTime=2177568, deviceId=-1, source=0x101 }
I/ActivityManager(  738): START u0 {act=android.intent.action.MAIN cat=[android.intent.category.LAUNCHER] flg=0x10200000 cmp=com.zzl.falcon.internal/com.zzl.falcon.EntranceActivity} from uid 0 on display 0
W/AudioTrack(  738): AUDIO_OUTPUT_FLAG_FAST denied by client
I/ActivityManager(  738): START u0 {act=android.intent.action.MAIN cat=[android.intent.category.LAUNCHER] flg=0x10000000 cmp=com.android.contacts/.activities.PeopleActivity sel=act=android.intent.action.MAIN cat=[android.intent.category.APP_CONTACTS]}} from uid 1000 on display 0
D/OpenGLRenderer( 1586): endAllStagingAnimators on 0xdeedbd00 (RippleDrawable) with handle 0xee9bd4d0
W/ViewRootImpl( 1586): Cancelling event due to no window focus: KeyEvent { action=ACTION_UP, keyCode=KEYCODE_DPAD_UP, scanCode=0, metaState=0, flags=0x28, repeatCount=0, eventTime=2177849, downTime=2177849, deviceId=-1, source=0x101 }
W/ViewRootImpl( 1586): Cancelling event due to no window focus: KeyEvent { action=ACTION_UP, keyCode=KEYCODE_DPAD_UP, scanCode=0, metaState=0, flags=0x28, repeatCount=0, eventTime=2177849, downTime=2177849, deviceId=-1, source=0x101 }
W/ViewRootImpl( 1586): Cancelling event due to no window focus: KeyEvent { action=ACTION_UP, keyCode=KEYCODE_DPAD_UP, scanCode=0, metaState=0, flags=0x28, repeatCount=0, eventTime=2177849, downTime=2177849, deviceId=-1, source=0x101 }
I/AppiumUnicodeIME(  916): onKeyUp (keyCode='19', event.keyCode='19', metaState='0')
W/ViewRootImpl( 1586): Cancelling event due to no window focus: KeyEvent { action=ACTION_UP, keyCode=KEYCODE_DPAD_UP, scanCode=0, metaState=0, flags=0x28, repeatCount=0, eventTime=2177849, downTime=2177849, deviceId=-1, source=0x101 }
W/ViewRootImpl( 1586): Cancelling event due to no window focus: KeyEvent { action=ACTION_UP, keyCode=KEYCODE_DPAD_UP, scanCode=0, metaState=0, flags=0x28, repeatCount=0, eventTime=2177849, downTime=2177849, deviceId=-1, source=0x101 }
W/ViewRootImpl( 1586): Cancelling event due to no window focus: KeyEvent { action=ACTION_UP, keyCode=KEYCODE_DPAD_UP, scanCode=0, metaState=0, flags=0x28, repeatCount=0, eventTime=2177849, downTime=2177849, deviceId=-1, source=0x101 }
W/ViewRootImpl( 1586): Cancelling event due to no window focus: KeyEvent { action=ACTION_UP, keyCode=KEYCODE_DPAD_UP, scanCode=0, metaState=0, flags=0x28, repeatCount=0, eventTime=2177849, downTime=2177849, deviceId=-1, source=0x101 }
W/ViewRootImpl( 1586): Cancelling event due to no window focus: KeyEvent { action=ACTION_UP, keyCode=KEYCODE_DPAD_UP, scanCode=0, metaState=0, flags=0x28, repeatCount=0, eventTime=2177849, downTime=2177849, deviceId=-1, source=0x101 }
W/ViewRootImpl( 1586): Cancelling event due to no window focus: KeyEvent { action=ACTION_UP, keyCode=KEYCODE_DPAD_UP, scanCode=0, metaState=0, flags=0x28, repeatCount=0, eventTime=2177849, downTime=2177849, deviceId=-1, source=0x101 }
W/InputMethodManagerService(  738): Window already focused, ignoring focus gain of: com.android.internal.view.IInputMethodClient$Stub$Proxy@2f6ad05 attribute=null, token = android.os.BinderProxy@12a8b7bc
I/AppiumUnicodeIME(  916): onKeyDown (keyCode='21', event.keyCode='21', metaState='0')
I/AppiumUnicodeIME(  916): onKeyUp (keyCode='21', event.keyCode='21', metaState='0')
I/AppiumUnicodeIME(  916): onKeyDown (keyCode='20', event.keyCode='20', metaState='0')
I/AppiumUnicodeIME(  916): onKeyUp (keyCode='20', event.keyCode='20', metaState='0')
I/AppiumUnicodeIME(  916): onKeyDown (keyCode='20', event.keyCode='20', metaState='0')
I/AppiumUnicodeIME(  916): onKeyUp (keyCode='20', event.keyCode='20', metaState='0')
I/AppiumUnicodeIME(  916): onKeyDown (keyCode='20', event.keyCode='20', metaState='0')
I/AppiumUnicodeIME(  916): onKeyUp (keyCode='20', event.keyCode='20', metaState='0')
W/AudioTrack(  738): AUDIO_OUTPUT_FLAG_FAST denied by client
I/AppiumUnicodeIME(  916): onKeyDown (keyCode='22', event.keyCode='22', metaState='0')
I/AppiumUnicodeIME(  916): onKeyUp (keyCode='22', event.keyCode='22', metaState='0')
I/AppiumUnicodeIME(  916): onKeyDown (keyCode='22', event.keyCode='22', metaState='0')
I/AppiumUnicodeIME(  916): onKeyUp (keyCode='22', event.keyCode='22', metaState='0')
I/AppiumUnicodeIME(  916): onKeyDown (keyCode='20', event.keyCode='20', metaState='0')
I/AppiumUnicodeIME(  916): onFinishInput
I/AppiumUnicodeIME(  916): onStartInput
I/AppiumUnicodeIME(  916): onKeyUp (keyCode='20', event.keyCode='20', metaState='0')
I/AppiumUnicodeIME(  916): onKeyDown (keyCode='19', event.keyCode='19', metaState='0')
I/AppiumUnicodeIME(  916): onKeyUp (keyCode='19', event.keyCode='19', metaState='0')
I/AppiumUnicodeIME(  916): onKeyDown (keyCode='23', event.keyCode='23', metaState='0')
I/AppiumUnicodeIME(  916): onFinishInput
I/AppiumUnicodeIME(  916): onStartInput
I/AppiumUnicodeIME(  916): onKeyUp (keyCode='23', event.keyCode='23', metaState='0')
W/AudioTrack(  738): AUDIO_OUTPUT_FLAG_FAST denied by client
V/WindowManager(  738): not Base app: Adding window Window{36480f8b u0 com.zzl.falcon.internal/com.zzl.falcon.invest.InvestmentDetailActivity} at 5 of 12
W/ViewRootImpl( 1586): Dropping event due to no window focus: KeyEvent { action=ACTION_DOWN, keyCode=KEYCODE_MENU, scanCode=0, metaState=0, flags=0x8, repeatCount=0, eventTime=2178182, downTime=2178182, deviceId=-1, source=0x101 }
I/ActivityManager(  738): START u0 {act=android.intent.action.MAIN cat=[android.intent.category.LAUNCHER] flg=0x10200000 cmp=com.zzl.falcon.internal/com.squareup.leakcanary.internal.DisplayLeakActivity} from uid 0 on display 0
W/EGL_emulation( 1586): eglSurfaceAttrib not implemented
W/OpenGLRenderer( 1586): Failed to set EGL_SWAP_BEHAVIOR on surface 0xdbd565c0, error=EGL_SUCCESS
W/ViewRootImpl( 1586): Cancelling event due to no window focus: KeyEvent { action=ACTION_UP, keyCode=KEYCODE_MENU, scanCode=0, metaState=0, flags=0x28, repeatCount=0, eventTime=2178205, downTime=2178205, deviceId=-1, source=0x101 }
W/ViewRootImpl( 1586): Cancelling event due to no window focus: KeyEvent { action=ACTION_UP, keyCode=KEYCODE_MENU, scanCode=0, metaState=0, flags=0x28, repeatCount=0, eventTime=2178205, downTime=2178205, deviceId=-1, source=0x101 }
W/ViewRootImpl( 1586): Cancelling event due to no window focus: KeyEvent { action=ACTION_UP, keyCode=KEYCODE_MENU, scanCode=0, metaState=0, flags=0x28, repeatCount=0, eventTime=2178205, downTime=2178205, deviceId=-1, source=0x101 }
W/ViewRootImpl( 1586): Cancelling event due to no window focus: KeyEvent { action=ACTION_UP, keyCode=KEYCODE_MENU, scanCode=0, metaState=0, flags=0x28, repeatCount=0, eventTime=2178205, downTime=2178205, deviceId=-1, source=0x101 }
W/ViewRootImpl( 1586): Cancelling event due to no window focus: KeyEvent { action=ACTION_UP, keyCode=KEYCODE_MENU, scanCode=0, metaState=0, flags=0x28, repeatCount=0, eventTime=2178205, downTime=2178205, deviceId=-1, source=0x101 }
W/ViewRootImpl( 1586): Cancelling event due to no window focus: KeyEvent { action=ACTION_UP, keyCode=KEYCODE_MENU, scanCode=0, metaState=0, flags=0x28, repeatCount=0, eventTime=2178205, downTime=2178205, deviceId=-1, source=0x101 }
D/        (  738): HostConnection::get() New Host Connection established 0xe14c4330, tid 755
E/EGL_emulation(  773): tid 773: eglCreateSyncKHR(1209): error 0x3004 (EGL_BAD_ATTRIBUTE)
W/AudioTrack(  738): AUDIO_OUTPUT_FLAG_FAST denied by client
V/WindowManager(  738): not Base app: Adding window Window{a403926 u0 com.zzl.falcon.internal/com.zzl.falcon.invest.InvestmentDetailActivity} at 5 of 13
W/ViewRootImpl( 1586): Dropping event due to no window focus: KeyEvent { action=ACTION_DOWN, keyCode=KEYCODE_MENU, scanCode=0, metaState=0, flags=0x8, repeatCount=0, eventTime=2178358, downTime=2178358, deviceId=-1, source=0x101 }
I/InputDispatcher(  738): Dropping event because there is no touchable window at (49, 773).
W/InputManager(  738): Input event injection from pid 2640 failed.
W/InputManager(  738): Input event injection from pid 2640 failed.
W/InputManager(  738): Input event injection from pid 2640 failed.
W/InputManager(  738): Input event injection from pid 2640 failed.
W/InputManager(  738): Input event injection from pid 2640 failed.
W/InputManager(  738): Input event injection from pid 2640 failed.
W/InputManager(  738): Input event injection from pid 2640 failed.
W/EGL_emulation( 2076): eglSurfaceAttrib not implemented
W/OpenGLRenderer( 2076): Failed to set EGL_SWAP_BEHAVIOR on surface 0xf3ffe220, error=EGL_SUCCESS
W/ViewRootImpl( 2076): Dropping event due to no window focus: KeyEvent { action=ACTION_DOWN, keyCode=KEYCODE_DPAD_LEFT, scanCode=0, metaState=0, flags=0x8, repeatCount=0, eventTime=2178420, downTime=2178420, deviceId=-1, source=0x101 }
W/ViewRootImpl( 2076): Cancelling event due to no window focus: KeyEvent { action=ACTION_UP, keyCode=KEYCODE_DPAD_LEFT, scanCode=0, metaState=0, flags=0x28, repeatCount=0, eventTime=2178436, downTime=2178436, deviceId=-1, source=0x101 }
W/ViewRootImpl( 2076): Cancelling event due to no window focus: KeyEvent { action=ACTION_UP, keyCode=KEYCODE_DPAD_LEFT, scanCode=0, metaState=0, flags=0x28, repeatCount=0, eventTime=2178436, downTime=2178436, deviceId=-1, source=0x101 }
W/ViewRootImpl( 2076): Cancelling event due to no window focus: KeyEvent { action=ACTION_UP, keyCode=KEYCODE_DPAD_LEFT, scanCode=0, metaState=0, flags=0x28, repeatCount=0, eventTime=2178436, downTime=2178436, deviceId=-1, source=0x101 }
W/ViewRootImpl( 2076): Cancelling event due to no window focus: KeyEvent { action=ACTION_UP, keyCode=KEYCODE_DPAD_LEFT, scanCode=0, metaState=0, flags=0x28, repeatCount=0, eventTime=2178436, downTime=2178436, deviceId=-1, source=0x101 }
W/ViewRootImpl( 2076): Cancelling event due to no window focus: KeyEvent { action=ACTION_UP, keyCode=KEYCODE_DPAD_LEFT, scanCode=0, metaState=0, flags=0x28, repeatCount=0, eventTime=2178436, downTime=2178436, deviceId=-1, source=0x101 }
W/ViewRootImpl( 2076): Cancelling event due to no window focus: KeyEvent { action=ACTION_UP, keyCode=KEYCODE_DPAD_LEFT, scanCode=0, metaState=0, flags=0x28, repeatCount=0, eventTime=2178436, downTime=2178436, deviceId=-1, source=0x101 }
W/ViewRootImpl( 2076): Cancelling event due to no window focus: KeyEvent { action=ACTION_UP, keyCode=KEYCODE_DPAD_LEFT, scanCode=0, metaState=0, flags=0x28, repeatCount=0, eventTime=2178436, downTime=2178436, deviceId=-1, source=0x101 }
W/ViewRootImpl( 2076): Cancelling event due to no window focus: KeyEvent { action=ACTION_UP, keyCode=KEYCODE_DPAD_LEFT, scanCode=0, metaState=0, flags=0x28, repeatCount=0, eventTime=2178436, downTime=2178436, deviceId=-1, source=0x101 }
W/ViewRootImpl( 2076): Cancelling event due to no window focus: KeyEvent { action=ACTION_UP, keyCode=KEYCODE_DPAD_LEFT, scanCode=0, metaState=0, flags=0x28, repeatCount=0, eventTime=2178436, downTime=2178436, deviceId=-1, source=0x101 }
I/AppiumUnicodeIME(  916): onFinishInput
I/AppiumUnicodeIME(  916): onStartInput
W/EGL_emulation( 1586): eglSurfaceAttrib not implemented
W/OpenGLRenderer( 1586): Failed to set EGL_SWAP_BEHAVIOR on surface 0xdbc56800, error=EGL_SUCCESS
W/ViewRootImpl( 1586): Cancelling event due to no window focus: KeyEvent { action=ACTION_UP, keyCode=KEYCODE_MENU, scanCode=0, metaState=0, flags=0x28, repeatCount=0, eventTime=2178379, downTime=2178379, deviceId=-1, source=0x101 }
W/ViewRootImpl( 1586): Cancelling event due to no window focus: KeyEvent { action=ACTION_UP, keyCode=KEYCODE_MENU, scanCode=0, metaState=0, flags=0x28, repeatCount=0, eventTime=2178379, downTime=2178379, deviceId=-1, source=0x101 }
W/ViewRootImpl( 1586): Cancelling event due to no window focus: KeyEvent { action=ACTION_UP, keyCode=KEYCODE_MENU, scanCode=0, metaState=0, flags=0x28, repeatCount=0, eventTime=2178379, downTime=2178379, deviceId=-1, source=0x101 }
W/ViewRootImpl( 1586): Cancelling event due to no window focus: KeyEvent { action=ACTION_UP, keyCode=KEYCODE_MENU, scanCode=0, metaState=0, flags=0x28, repeatCount=0, eventTime=2178379, downTime=2178379, deviceId=-1, source=0x101 }
W/ViewRootImpl( 1586): Cancelling event due to no window focus: KeyEvent { action=ACTION_UP, keyCode=KEYCODE_MENU, scanCode=0, metaState=0, flags=0x28, repeatCount=0, eventTime=2178379, downTime=2178379, deviceId=-1, source=0x101 }
