V/AudioPolicyManager(  303): releaseOutput() 2
D/PhoneStatusBar( 1505): animateCollapse(): mExpandedVisible=true flags=0
D/StatusBar-Window( 1505): fnf=true sanc=false, kni=false, sbf=false
D/CoverUI ( 1505): applyFocusableFlag() : Remove SAMSUNG_FLAG_SVIEW_COVER
D/PhoneStatusBar( 1505): makeExpandedInvisible: mExpandedVisible=true mExpandedVisible=true
D/StatusBar-QSPanel( 1505): setSingleLine:true
D/StatusBar-QSPanel( 1505): updateButtonInfo mButtonWidth : 206 mColumns:5 orien: 1 displayWidth:1032
D/StatusBar-QSPanel( 1505): setSingleLine height:0
D/StatusBar( 1505): getNumberOfActiveSim:0
D/PhoneStatusBar( 1505): updateQSpanelHeight: 279 height:279
D/PanelView( 1505): flingSettings mQsMin:393 mQsMax:393 mQsEx:393.0mQsPeek:279
V/AudioPolicyManager(  303): stopOutput() output 2, stream 2, session 270
V/AudioPolicyManager(  303): changeRefCount() stream 2, count 0
V/AudioPolicyManager(  303): getNewOutputDevice() selected device 2
V/AudioPolicyManager(  303): setOutputDevice() output 2 device 0002 delayMs 160
V/AudioPolicyManager(  303): setOutputDevice() prevDevice 0002
V/AudioPolicyManager(  303): setOutputDevice() setting same device 0002 or null device for output 2
I/InputDispatcher( 1036): Delivering key to (12668): action: 0x0 (0)
D/InputDispatcher( 1036): Waiting for application to become ready for input: xxxx Reason: Waiting to send key event because the focused window has not finished processing all of the input events that were previously delivered to it.  Outbound queue length: 0.  Wait queue length: 1.
I/Timeline(12668): Timeline: Activity_idle id: android.os.BinderProxy@c37f0d2 time:5949860
I/InputDispatcher( 1036): Delivering key to (12668): action: 0x1 (0)
I/InputDispatcher( 1036): Delivering touch to (1505): action: 0x0, toolType: 0
I/InputDispatcher( 1036): Delivering touch to (1505): action: 0x1, toolType: 0
I/InputDispatcher( 1036): Delivering key to (12668): action: 0x0 (0)
I/InputDispatcher( 1036): Delivering key to (12668): action: 0x1 (0)
D/AbsListView(12668): Get MotionRecognitionManager
D/InputDispatcher( 1036): Waiting for application to become ready for input: xxxx Reason: Waiting to send key event because the focused window has not finished processing all of the input events that were previously delivered to it.  Outbound queue length: 0.  Wait queue length: 1.
D/StatusBar( 1505): getNumberOfActiveSim:0
D/PanelView( 1505): There is/are notification(s) 
D/StatusBar-Window( 1505): fnf=true sanc=false, kni=false, sbf=false
D/CoverUI ( 1505): applyFocusableFlag() : Remove SAMSUNG_FLAG_SVIEW_COVER
I/art     ( 1036): Background partial concurrent mark sweep GC freed 26095(1288KB) AllocSpace objects, 10(3MB) LOS objects, 22% free, 54MB/70MB, paused 1.833ms total 223.686ms
D/StatusBar( 1505): getNumberOfActiveSim:0
D/PanelView( 1505): There is/are notification(s) 
I/InputDispatcher( 1036): Delivering key to (12668): action: 0x0 (0)
I/AudioPolicyManager(  303): getAudioPolicyConfig: situation=1;device=0
I/AudioPolicyManager(  303): getSituationVolume: isBTConnected:0 isHeadConnected:0
V/AudioPolicyManager(  303): deviceInt = 0, situationInt = 1, situationVolume = 0.500000
I/InputDispatcher( 1036): Delivering key to (12668): action: 0x1 (0)
V/AudioPolicyManager(  303): getOutput() device 2, stream 1, samplingRate 0, format 0, channelMask 0, flags 3
V/AudioPolicyManager(  303): getOutputsForDevice device 0002 -> 0002
V/AudioPolicyManager(  303): getOutput() returns output 2
V/AudioPolicyManager(  303): getOutput() device 2, stream 1, samplingRate 0, format 0, channelMask 0, flags 3
V/AudioPolicyManager(  303): getOutputsForDevice device 0002 -> 0002
V/AudioPolicyManager(  303): getOutput() returns output 2
V/AudioPolicyManager(  303): getOutputForAttr() usage=13, content=4, tag= flags=00000000
V/AudioPolicyManager(  303): getOutputForAttr() device 2, samplingRate 48000, format 1, channelMask 1, flags 4
V/AudioPolicyManager(  303): getOutputsForDevice device 0002 -> 0002
V/AudioPolicyManager(  303): getOutput() returns output 2
D/InputDispatcher( 1036): Waiting for application to become ready for input: xxxx Reason: Waiting to send key event because the focused window has not finished processing all of the input events that were previously delivered to it.  Outbound queue length: 0.  Wait queue length: 1.
V/AudioPolicyManager(  303): startOutput() output 2, stream 1, session 273
V/AudioPolicyManager(  303): changeRefCount() stream 1, count 3
V/AudioPolicyManager(  303): releaseOutput() 2
D/StatusBar( 1505): getNumberOfActiveSim:0
D/PanelView( 1505): There is/are notification(s) 
V/AudioPolicyManager(  303): stopOutput() output 2, stream 1, session 271
V/AudioPolicyManager(  303): changeRefCount() stream 1, count 2
D/StatusBar( 1505): getNumberOfActiveSim:0
D/PanelView( 1505): There is/are notification(s) 
D/StatusBar( 1505): getNumberOfActiveSim:0
D/PanelView( 1505): There is/are notification(s) 
D/SecContentProvider2( 1036): uri = 14 selection = getSealedState
D/SecContentProvider2( 1036): mCursor = null
D/PhoneStatusBar( 1505): disable: < expand icons alerts system_info back home recent clock search >
D/SecContentProvider2( 1036): uri = 14 selection = getSealedState
D/SecContentProvider2( 1036): mCursor = null
D/SecContentProvider2( 1036): uri = 14 selection = getSealedState
D/SecContentProvider2( 1036): mCursor = null
D/SecContentProvider2( 1036): uri = 14 selection = getSealedState
D/SecContentProvider2( 1036): mCursor = null
D/SettingsProvider( 1036): name = volume_ring_speaker
I/InputDispatcher( 1036): Delivering key to (12668): action: 0x0 (0)
D/InputDispatcher( 1036): Waiting for application to become ready for input: xxxx Reason: Waiting to send key event because the focused window has not finished processing all of the input events that were previously delivered to it.  Outbound queue length: 0.  Wait queue length: 1.
I/InputDispatcher( 1036): Delivering key to (12668): action: 0x1 (0)
I/AudioPolicyManager(  303): getAudioPolicyConfig: situation=1;device=0
I/AudioPolicyManager(  303): getSituationVolume: isBTConnected:0 isHeadConnected:0
V/AudioPolicyManager(  303): deviceInt = 0, situationInt = 1, situationVolume = 0.500000
V/AudioPolicyManager(  303): getOutput() device 2, stream 1, samplingRate 0, format 0, channelMask 0, flags 3
V/AudioPolicyManager(  303): getOutputsForDevice device 0002 -> 0002
V/AudioPolicyManager(  303): getOutput() returns output 2
V/AudioPolicyManager(  303): getOutput() device 2, stream 1, samplingRate 0, format 0, channelMask 0, flags 3
V/AudioPolicyManager(  303): getOutputsForDevice device 0002 -> 0002
V/AudioPolicyManager(  303): getOutput() returns output 2
V/AudioPolicyManager(  303): getOutputForAttr() usage=13, content=4, tag= flags=00000000
V/AudioPolicyManager(  303): getOutputForAttr() device 2, samplingRate 48000, format 1, channelMask 1, flags 4
V/AudioPolicyManager(  303): getOutputsForDevice device 0002 -> 0002
V/AudioPolicyManager(  303): getOutput() returns output 2
V/AudioPolicyManager(  303): startOutput() output 2, stream 1, session 274
V/AudioPolicyManager(  303): changeRefCount() stream 1, count 3
V/AudioPolicyManager(  303): releaseOutput() 2
D/InputDispatcher( 1036): Waiting for application to become ready for input: xxxx Reason: Waiting to send key event because the focused window has not finished processing all of the input events that were previously delivered to it.  Outbound queue length: 0.  Wait queue length: 1.
I/SurfaceFlinger(  263): id=513 createSurf (1x1),1 flag=4, XebViewActi
D/ZenModePanel( 1505): makeSubheadDescription : ringerMode = 2
D/ZenModePanel( 1505): makeSubheadDescription : subheadDescription = 对优先打扰发出声音
D/ZenModePanel( 1505): mZenSubhead.getWidth() = 0, mZenSubhead.getPaddingLeft() - 24, mZenSubhead.getPaddingRight() = 48, mMoreSettings.getWidth() = 0
D/PointerIcon( 1036): setMouseIconStyle1 pointerType: 1001iconType:101 flag:0
D/PointerIcon( 1036): setMouseCustomIcon IconType is same.101
D/PointerIcon( 1036): setHoveringSpenIconStyle1 pointerType: 10001iconType:1 flag:0
D/PointerIcon( 1036): setHoveringSpenCustomIcon IconType is same.1
I/InputDispatcher( 1036): Delivering key to (12668): action: 0x0 (0)
D/InputDispatcher( 1036): Waiting for application to become ready for input: xxxx Reason: Waiting to send key event because the focused window has not finished processing all of the input events that were previously delivered to it.  Outbound queue length: 0.  Wait queue length: 1.
V/AudioPolicyManager(  303): stopOutput() output 2, stream 1, session 272
V/AudioPolicyManager(  303): changeRefCount() stream 1, count 2
V/AudioPolicyManager(  303): getOutputsForDevice device 0002 -> 0002
V/AudioPolicyManager(  303): getOutputsForDevice device 0002 -> 0002
V/AudioPolicyManager(  303): setStreamVolumeIndex() stream 2, device 0002, index 3
I/InputDispatcher( 1036): Delivering key to (12668): action: 0x1 (0)
V/AudioPolicyManager(  303): setStreamVolumeIndex() stream 8, device 0002, index 3
D/InputDispatcher( 1036): Waiting for application to become ready for input: xxxx Reason: Waiting to send key event because the focused window has not finished processing all of the input events that were previously delivered to it.  Outbound queue length: 0.  Wait queue length: 11.
I/SurfaceFlinger(  263): id=510 Removed EisplayLeak (8/12)
I/SurfaceFlinger(  263): id=510 Removed EisplayLeak (-2/12)
I/SurfaceFlinger(  263): id=514 createSurf (193x193),1 flag=4, WolumePanel
V/AudioPolicyManager(  303): getOutputsForDevice device 0002 -> 0002
D/ViewRootImpl( 1505): ViewPostImeInputStage ACTION_DOWN
I/InputDispatcher( 1036): Delivering key to (12668): action: 0x0 (0)
I/InputDispatcher( 1036): Delivering key to (12668): action: 0x1 (0)
D/PhoneStatusBar( 1505): animateCollapse(): mExpandedVisible=false flags=0
D/StatusBar-Window( 1505): fnf=true sanc=false, kni=false, sbf=false
D/CoverUI ( 1505): applyFocusableFlag() : Remove SAMSUNG_FLAG_SVIEW_COVER
I/InputDispatcher( 1036): Delivering touch to (1505): action: 0x4, toolType: 0
I/InputDispatcher( 1036): Delivering touch to (1505): action: 0x4, toolType: 0
I/InputDispatcher( 1036): Delivering touch to (32233): action: 0x4, toolType: 0
I/InputDispatcher( 1036): Delivering touch to (12668): action: 0x0, toolType: 0
D/VolumePanel.3f5f287d( 1505): forceTimeout delay=0 callers=com.android.systemui.volume.VolumePanel.access$200:122 com.android.systemui.volume.VolumePanel$2.onTouchEvent:736 android.app.Dialog.dispatchTouchEvent:866 
I/InputDispatcher( 1036): Delivering touch to (12668): action: 0x1, toolType: 0
D/InputDispatcher( 1036): Waiting for application to become ready for input: xxxx Reason: Waiting to send key event because the focused window has not finished processing all of the input events that were previously delivered to it.  Outbound queue length: 0.  Wait queue length: 28.
D/ViewRootImpl(12668): ViewPostImeInputStage ACTION_DOWN
D/VolumePanel.3f5f287d( 1505): onVolumeChanged(streamType: 2, flags: 17)
D/VolumePanel( 1505): phoneIsOffhook : phoneOffhook = false
D/VolumePanel( 1505): Call setMode(ProgressBar.MODE_STANDARD)_#4
V/AudioPolicyManager(  303): getOutputsForDevice device 0002 -> 0002
I/AudioService( 1036): getStreamVolume 2 index 30
D/VolumePanel.3f5f287d( 1505): onShowVolumeChanged(streamType: 2, flags: 17), index: 3
D/RingtoneManager( 1505): getActualDefaultRingtoneUri  type    :1
D/RingtoneManager( 1505): checkDefaultRingtoneProperUri : InternalMediaAudio uriString not null    type:1
D/VolumePanel( 1505): updateSliderProgress : progress = 3
D/VolumePanel( 1505): mCoverManager.getCoverState() : true
D/VolumePanel( 1505): onVolumeChanged : call resetTimeout()
D/VolumePanel.3f5f287d( 1505): resetTimeout at 1512377715167 delay=3000 touchExploration=false
D/VolumePanel( 1505): resetTimeout : call sendEmptyMessageDelayed : MSG_TIMEOUT
I/InputDispatcher( 1036): Delivering key to (12668): action: 0x0 (0)
D/InputDispatcher( 1036): Waiting for application to become ready for input: xxxx Reason: Waiting to send key event because the focused window has not finished processing all of the input events that were previously delivered to it.  Outbound queue length: 0.  Wait queue length: 1.
I/InputDispatcher( 1036): Delivering key to (12668): action: 0x1 (0)
I/InputDispatcher( 1036): Delivering key to (12668): action: 0x0 (0)
I/InputDispatcher( 1036): Delivering key to (12668): action: 0x1 (0)
I/InputDispatcher( 1036): Delivering key to (12668): action: 0x0 (0)
I/InputDispatcher( 1036): Delivering key to (12668): action: 0x1 (0)
I/InputDispatcher( 1036): Delivering key to (12668): action: 0x0 (0)
D/VolumePanel( 1505): onProgressChanged : call resetTimeout()
D/VolumePanel.3f5f287d( 1505): resetTimeout at 1512377715183 delay=3000 touchExploration=false
D/VolumePanel( 1505): resetTimeout : call sendEmptyMessageDelayed : MSG_TIMEOUT
I/InputDispatcher( 1036): Delivering key to (12668): action: 0x1 (0)
I/InputDispatcher( 1036): Delivering touch to (1505): action: 0x4, toolType: 0
I/InputDispatcher( 1036): Delivering touch to (1505): action: 0x4, toolType: 0
I/InputDispatcher( 1036): Delivering touch to (32233): action: 0x4, toolType: 0
I/InputDispatcher( 1036): Delivering touch to (12668): action: 0x0, toolType: 0
I/InputDispatcher( 1036): Delivering touch to (12668): action: 0x1, toolType: 0
D/InputDispatcher( 1036): Waiting for application to become ready for input: xxxx Reason: Waiting to send key event because the focused window has not finished processing all of the input events that were previously delivered to it.  Outbound queue length: 0.  Wait queue length: 2.
D/VolumePanel.3f5f287d( 1505): forceTimeout delay=0 callers=com.android.systemui.volume.VolumePanel.access$200:122 com.android.systemui.volume.VolumePanel$2.onTouchEvent:736 android.app.Dialog.dispatchTouchEvent:866 
D/VolumePanel( 1505): handleMessage : call mDialog.dismiss()
D/PointerIcon( 1036): setMouseIconStyle1 pointerType: 1001iconType:101 flag:0
D/PointerIcon( 1036): setMouseCustomIcon IconType is same.101
D/PointerIcon( 1036): setHoveringSpenIconStyle1 pointerType: 10001iconType:1 flag:0
D/PointerIcon( 1036): setHoveringSpenCustomIcon IconType is same.1
D/ViewRootImpl(12668): ViewPostImeInputStage ACTION_DOWN
I/InputDispatcher( 1036): Delivering key to (12668): action: 0x0 (0)
D/InputMethodManagerService( 1036): windowGainedFocus mCurrentFocusedUserId - 0 and mSecureKeypadEnabled-false
I/InputDispatcher( 1036): Delivering key to (12668): action: 0x1 (0)
I/InputDispatcher( 1036): Delivering touch to (1505): action: 0x0, toolType: 0
I/InputDispatcher( 1036): Delivering touch to (1505): action: 0x1, toolType: 0
V/AudioPolicyManager(  303): stopOutput() output 2, stream 1, session 273
V/AudioPolicyManager(  303): changeRefCount() stream 1, count 1
D/ViewRootImpl( 1505): ViewPostImeInputStage ACTION_DOWN
D/InputDispatcher( 1036): Waiting for application to become ready for input: xxxx Reason: Waiting to send key event because the focused window has not finished processing all of the input events that were previously delivered to it.  Outbound queue length: 0.  Wait queue length: 1.
D/PhoneStatusBar( 1505): makeExpandedVisible:false
D/StatusBar-Window( 1505): fnf=false sanc=false, kni=false, sbf=true
D/CoverUI ( 1505): applyFocusableFlag() : Remove SAMSUNG_FLAG_SVIEW_COVER
V/Vibrator( 1036): Called cancel() API - PUID: 1000, PackageName: android
D/SecContentProvider2( 1036): uri = 14 selection = getSealedState
D/SecContentProvider2( 1036): mCursor = null
D/PhoneStatusBar( 1505): disable: < expand icons alerts system_info back home recent clock search >
D/SecContentProvider2( 1036): uri = 14 selection = getSealedState
D/SecContentProvider2( 1036): mCursor = null
D/SecContentProvider2( 1036): uri = 14 selection = getSealedState
D/SecContentProvider2( 1036): mCursor = null
D/SecContentProvider2( 1036): uri = 14 selection = getSealedState
D/SecContentProvider2( 1036): mCursor = null
E/ViewRootImpl(12668): sendUserActionEvent() mView == null
I/InputDispatcher( 1036): Delivering key to (12668): action: 0x0 (0)
D/InputDispatcher( 1036): Waiting for application to become ready for input: xxxx Reason: Waiting to send key event because the focused window has not finished processing all of the input events that were previously delivered to it.  Outbound queue length: 0.  Wait queue length: 1.
I/InputDispatcher( 1036): Delivering key to (12668): action: 0x1 (0)
I/InputDispatcher( 1036): Delivering touch to (1505): action: 0x4, toolType: 0
I/InputDispatcher( 1036): Delivering touch to (32233): action: 0x4, toolType: 0
I/InputDispatcher( 1036): Delivering touch to (12668): action: 0x0, toolType: 0
I/InputDispatcher( 1036): Delivering touch to (12668): action: 0x1, toolType: 0
D/InputDispatcher( 1036): Waiting for application to become ready for input: xxxx Reason: Waiting to send key event because the focused window has not finished processing all of the input events that were previously delivered to it.  Outbound queue length: 0.  Wait queue length: 13.
V/AudioPolicyManager(  303): stopOutput() output 2, stream 1, session 274
V/AudioPolicyManager(  303): changeRefCount() stream 1, count 0
V/AudioPolicyManager(  303): getNewOutputDevice() selected device 0
V/AudioPolicyManager(  303): setOutputDevice() output 2 device 0000 delayMs 160
V/AudioPolicyManager(  303): setOutputDevice() prevDevice 0002
V/AudioPolicyManager(  303): setOutputDevice() setting same device 0000 or null device for output 2
I/InputDispatcher( 1036): Delivering key to (1505): action: 0x0 (0)
D/VolumePanel.3f5f287d( 1505): setZenPanelVisible false mZenPanel=com.android.systemui.volume.ZenModePanel{33294d96 G.E..... ......I. 0,0-0,0 #7f0d039a app:id/zen_mode_panel}
D/ZenModePanel( 1505): mZenSubhead.getWidth() = 0, mZenSubhead.getPaddingLeft() - 24, mZenSubhead.getPaddingRight() = 48, mMoreSettings.getWidth() = 0
I/InputDispatcher( 1036): Delivering key to (1505): action: 0x1 (0)
I/InputDispatcher( 1036): Delivering key to (1505): action: 0x0 (0)
I/InputDispatcher( 1036): Delivering key to (1505): action: 0x1 (0)
D/InputManager-JNI( 1036): !@interceptKeyBeforeQueueing(0), action=0
D/InputManager-JNI( 1036): !@handleInterceptActions(0), action=0, wmActions=1
D/PersonaManager( 1036): isKioskContainerExistOnDevice
D/PointerIcon( 1036): setMouseIconStyle1 pointerType: 1001iconType:101 flag:0
D/PointerIcon( 1036): setMouseCustomIcon IconType is same.101
D/PointerIcon( 1036): setHoveringSpenIconStyle1 pointerType: 10001iconType:1 flag:0
D/PointerIcon( 1036): setHoveringSpenCustomIcon IconType is same.1
D/InputManager-JNI( 1036): !@interceptKeyBeforeQueueing(0), action=1
D/InputManager-JNI( 1036): !@handleInterceptActions(0), action=1, wmActions=1
D/PersonaManager( 1036): isKioskContainerExistOnDevice
D/InputDispatcher( 1036): Waiting for application to become ready for input: xxxx Reason: Waiting to send key event because the focused window has not finished processing all of the input events that were previously delivered to it.  Outbound queue length: 0.  Wait queue length: 1.
D/QSpanel ( 1505): label top:23
D/StatusBar-QSPanel( 1505): onLayout left:0 top:0 record.row:0
D/QSpanel ( 1505): label top:23
D/StatusBar-QSPanel( 1505): onLayout left:206 top:0 record.row:0
D/QSpanel ( 1505): label top:23
D/StatusBar-QSPanel( 1505): onLayout left:412 top:0 record.row:0
D/QSpanel ( 1505): label top:0
D/StatusBar-QSPanel( 1505): onLayout left:618 top:0 record.row:0
D/QSpanel ( 1505): label top:23
D/StatusBar-QSPanel( 1505): onLayout left:824 top:0 record.row:0
D/QSpanel ( 1505): label top:0
D/StatusBar-QSPanel( 1505): onLayout left:1030 top:0 record.row:0
D/QSpanel ( 1505): label top:0
D/StatusBar-QSPanel( 1505): onLayout left:1236 top:0 record.row:0
D/QSpanel ( 1505): label top:0
D/StatusBar-QSPanel( 1505): onLayout left:1442 top:0 record.row:0
D/QSpanel ( 1505): label top:0
D/StatusBar-QSPanel( 1505): onLayout left:1648 top:0 record.row:0
D/QSpanel ( 1505): label top:23
D/StatusBar-QSPanel( 1505): onLayout left:1854 top:0 record.row:0
D/RippleInk_KeyguardEffect( 1505): onWindowFocusChanged hasWindowFocus = true
I/InputDispatcher( 1036): Delivering key to (1505): action: 0x0 (0)
D/InputDispatcher( 1036): Waiting for application to become ready for input: xxxx Reason: Waiting to send key event because the focused window has not finished processing all of the input events that were previously delivered to it.  Outbound queue length: 0.  Wait queue length: 1.
D/ViewRootImpl(12668): ViewPostImeInputStage ACTION_DOWN
I/SurfaceFlinger(  263): id=514 Removed WolumePanel (12/12)
I/SurfaceFlinger(  263): id=514 Removed WolumePanel (-2/12)
I/InputDispatcher( 1036): Delivering key to (1505): action: 0x1 (0)
I/InputDispatcher( 1036): Delivering touch to (1505): action: 0x0, toolType: 0
I/InputDispatcher( 1036): Delivering touch to (1505): action: 0x1, toolType: 0
D/InputDispatcher( 1036): Waiting for application to become ready for input: xxxx Reason: Waiting to send key event because the focused window has not finished processing all of the input events that were previously delivered to it.  Outbound queue length: 0.  Wait queue length: 2.
I/AudioPolicyManager(  303): getAudioPolicyConfig: situation=1;device=0
I/AudioPolicyManager(  303): getSituationVolume: isBTConnected:0 isHeadConnected:0
V/AudioPolicyManager(  303): deviceInt = 0, situationInt = 1, situationVolume = 0.500000
V/AudioPolicyManager(  303): getOutput() device 2, stream 1, samplingRate 0, format 0, channelMask 0, flags 3
V/AudioPolicyManager(  303): getOutputsForDevice device 0002 -> 0002
V/AudioPolicyManager(  303): getOutput() returns output 2
V/AudioPolicyManager(  303): getOutput() device 2, stream 1, samplingRate 0, format 0, channelMask 0, flags 3
V/AudioPolicyManager(  303): getOutputsForDevice device 0002 -> 0002
V/AudioPolicyManager(  303): getOutput() returns output 2
V/AudioPolicyManager(  303): getOutputForAttr() usage=13, content=4, tag= flags=00000000
V/AudioPolicyManager(  303): getOutputForAttr() device 2, samplingRate 48000, format 1, channelMask 1, flags 4
V/AudioPolicyManager(  303): getOutputsForDevice device 0002 -> 0002
V/AudioPolicyManager(  303): getOutput() returns output 2
V/AudioPolicyManager(  303): startOutput() output 2, stream 1, session 275
V/AudioPolicyManager(  303): changeRefCount() stream 1, count 1
V/AudioPolicyManager(  303): getNewOutputDevice() selected device 2
V/AudioPolicyManager(  303): setOutputDevice() output 2 device 0002 delayMs 0
V/AudioPolicyManager(  303): setOutputDevice() prevDevice 0002
V/AudioPolicyManager(  303): setOutputDevice() setting same device 0002 or null device for output 2
V/AudioPolicyManager(  303): releaseOutput() 2
I/AudioPolicyManager(  303): getAudioPolicyConfig: situation=1;device=0
I/AudioPolicyManager(  303): getSituationVolume: isBTConnected:0 isHeadConnected:0
V/AudioPolicyManager(  303): deviceInt = 0, situationInt = 1, situationVolume = 0.500000
V/AudioPolicyManager(  303): getOutput() device 2, stream 1, samplingRate 0, format 0, channelMask 0, flags 3
V/AudioPolicyManager(  303): getOutputsForDevice device 0002 -> 0002
V/AudioPolicyManager(  303): getOutput() returns output 2
V/AudioPolicyManager(  303): getOutput() device 2, stream 1, samplingRate 0, format 0, channelMask 0, flags 3
V/AudioPolicyManager(  303): getOutputsForDevice device 0002 -> 0002
V/AudioPolicyManager(  303): getOutput() returns output 2
V/AudioPolicyManager(  303): getOutputForAttr() usage=13, content=4, tag= flags=00000000
V/AudioPolicyManager(  303): getOutputForAttr() device 2, samplingRate 48000, format 1, channelMask 1, flags 4
V/AudioPolicyManager(  303): getOutputsForDevice device 0002 -> 0002
V/AudioPolicyManager(  303): getOutput() returns output 2
I/InputDispatcher( 1036): Delivering key to (1505): action: 0x0 (0)
V/AudioPolicyManager(  303): startOutput() output 2, stream 1, session 276
V/AudioPolicyManager(  303): changeRefCount() stream 1, count 2
V/AudioPolicyManager(  303): releaseOutput() 2
D/InputDispatcher( 1036): Waiting for application to become ready for input: xxxx Reason: Waiting to send key event because the focused window has not finished processing all of the input events that were previously delivered to it.  Outbound queue length: 0.  Wait queue length: 1.
I/AudioPolicyManager(  303): getAudioPolicyConfig: situation=1;device=0
I/AudioPolicyManager(  303): getSituationVolume: isBTConnected:0 isHeadConnected:0
V/AudioPolicyManager(  303): deviceInt = 0, situationInt = 1, situationVolume = 0.500000
V/AudioPolicyManager(  303): getOutput() device 2, stream 1, samplingRate 0, format 0, channelMask 0, flags 3
V/AudioPolicyManager(  303): getOutputsForDevice device 0002 -> 0002
V/AudioPolicyManager(  303): getOutput() returns output 2
V/AudioPolicyManager(  303): getOutput() device 2, stream 1, samplingRate 0, format 0, channelMask 0, flags 3
V/AudioPolicyManager(  303): getOutputsForDevice device 0002 -> 0002
V/AudioPolicyManager(  303): getOutput() returns output 2
V/AudioPolicyManager(  303): getOutputForAttr() usage=13, content=4, tag= flags=00000000
V/AudioPolicyManager(  303): getOutputForAttr() device 2, samplingRate 48000, format 1, channelMask 1, flags 4
V/AudioPolicyManager(  303): getOutputsForDevice device 0002 -> 0002
V/AudioPolicyManager(  303): getOutput() returns output 2
D/SecContentProvider( 1036): uri = 17 selection = isSettingsChangesAllowed
D/PhoneStatusBar( 1505): flipToSettings
D/StatusBar-QSPanel( 1505): setSingleLine:false
V/AudioPolicyManager(  303): startOutput() output 2, stream 1, session 277
V/AudioPolicyManager(  303): changeRefCount() stream 1, count 3
V/AudioPolicyManager(  303): releaseOutput() 2
D/StatusBar-QSPanel( 1505): updateButtonInfo mButtonWidth : 206 mColumns:5 orien: 1 displayWidth:1032
D/StatusBar-QSPanel( 1505): setSingleLine height:1296
D/StatusBar( 1505): getNumberOfActiveSim:0
D/PhoneStatusBar( 1505): updateQSpanelHeight: 1605 height:1605
D/PanelView( 1505): flingSettings mQsMin:1821 mQsMax:1821 mQsEx:1821.0mQsPeek:279
D/PhoneStatusBar( 1505): flipToSettings in EXPAND_SETTING_ACTION
I/InputDispatcher( 1036): Delivering key to (1505): action: 0x1 (0)
I/Timeline(18205): Timeline: Activity_launch_request id:com.zzl.falcon.internal time:5950516
E/PersonaManagerService( 1036): inState():  stateMachine is null !!
I/PersonaManagerService( 1036): PersonaId don't exist
I/ActivityManager( 1036): do not start freezing screen for locked container getKeyguardshowstate = false
I/SurfaceFlinger(  263): id=513 Removed XebViewActi (7/11)
I/SurfaceFlinger(  263): id=513 Removed XebViewActi (-2/11)
D/QSpanel ( 1505): label top:23
D/StatusBar-QSPanel( 1505): onLayout left:0 top:12 record.row:0
D/QSpanel ( 1505): label top:23
D/StatusBar-QSPanel( 1505): onLayout left:206 top:12 record.row:0
D/QSpanel ( 1505): label top:23
D/StatusBar-QSPanel( 1505): onLayout left:412 top:12 record.row:0
D/QSpanel ( 1505): label top:0
D/StatusBar-QSPanel( 1505): onLayout left:618 top:12 record.row:0
D/QSpanel ( 1505): label top:23
D/StatusBar-QSPanel( 1505): onLayout left:824 top:12 record.row:0
D/QSpanel ( 1505): label top:0
D/StatusBar-QSPanel( 1505): onLayout left:0 top:333 record.row:1
D/QSpanel ( 1505): label top:0
D/StatusBar-QSPanel( 1505): onLayout left:206 top:333 record.row:1
D/QSpanel ( 1505): label top:0
D/StatusBar-QSPanel( 1505): onLayout left:412 top:333 record.row:1
D/QSpanel ( 1505): label top:0
D/StatusBar-QSPanel( 1505): onLayout left:618 top:333 record.row:1
D/QSpanel ( 1505): label top:23
D/StatusBar-QSPanel( 1505): onLayout left:824 top:333 record.row:1
D/QSpanel ( 1505): label top:0
D/StatusBar-QSPanel( 1505): onLayout left:0 top:654 record.row:2
D/QSpanel ( 1505): label top:0
D/StatusBar-QSPanel( 1505): onLayout left:206 top:654 record.row:2
D/QSpanel ( 1505): label top:23
D/StatusBar-QSPanel( 1505): onLayout left:412 top:654 record.row:2
D/QSpanel ( 1505): label top:23
D/StatusBar-QSPanel( 1505): onLayout left:618 top:654 record.row:2
D/QSpanel ( 1505): label top:0
D/StatusBar-QSPanel( 1505): onLayout left:824 top:654 record.row:2
D/QSpanel ( 1505): label top:0
D/StatusBar-QSPanel( 1505): onLayout left:0 top:975 record.row:3
D/QSpanel ( 1505): label top:0
D/StatusBar-QSPanel( 1505): onLayout left:206 top:975 record.row:3
D/QSpanel ( 1505): label top:0
D/StatusBar-QSPanel( 1505): onLayout left:412 top:975 record.row:3
D/QSpanel ( 1505): label top:0
D/StatusBar-QSPanel( 1505): onLayout left:618 top:975 record.row:3
D/QSpanel ( 1505): label top:23
D/StatusBar-QSPanel( 1505): onLayout left:824 top:975 record.row:3
D/QSpanel ( 1505): label top:0
D/StatusBar-QSPanel( 1505): onLayout left:0 top:1296 record.row:4
D/InputDispatcher( 1036): Waiting for application to become ready for input: xxxx Reason: Waiting to send key event because the focused window has not finished processing all of the input events that were previously delivered to it.  Outbound queue length: 0.  Wait queue length: 10.
I/SurfaceFlinger(  263): id=511 Removed EisplayLeak (8/10)
I/InputDispatcher( 1036): Delivering key to (1505): action: 0x0 (0)
I/SurfaceFlinger(  263): id=511 Removed EisplayLeak (-2/10)
I/InputDispatcher( 1036): Delivering key to (1505): action: 0x1 (0)
I/InputDispatcher( 1036): Delivering touch to (1505): action: 0x0, toolType: 0
D/ViewRootImpl( 1505): ViewPostImeInputStage ACTION_DOWN
I/InputDispatcher( 1036): Delivering touch to (1505): action: 0x1, toolType: 0
I/InputDispatcher( 1036): Delivering touch to (1505): action: 0x0, toolType: 0
I/InputDispatcher( 1036): Delivering touch to (1505): action: 0x1, toolType: 0
D/ViewRootImpl( 1505): ViewPostImeInputStage ACTION_DOWN
D/SettingsProvider( 1036): name = volume_ring_speaker
I/Timeline( 1036): Timeline: Activity_windows_visible id: ActivityRecord{2db733f4 u0 com.zzl.falcon.internal/com.zzl.falcon.WebViewActivity t35} time:5950603
I/InputDispatcher( 1036): Delivering touch to (1505): action: 0x0, toolType: 0
I/InputDispatcher( 1036): Delivering touch to (1505): action: 0x1, toolType: 0
I/InputDispatcher( 1036): Delivering touch to (1505): action: 0x0, toolType: 0
D/ViewRootImpl( 1505): ViewPostImeInputStage ACTION_DOWN
D/ViewRootImpl( 1505): ViewPostImeInputStage ACTION_DOWN
I/InputDispatcher( 1036): Delivering touch to (1505): action: 0x1, toolType: 0
I/InputDispatcher( 1036): Delivering touch to (1505): action: 0x0, toolType: 0
I/InputDispatcher( 1036): Delivering touch to (1505): action: 0x1, toolType: 0
E/PersonaManagerService( 1036): inState():  stateMachine is null !!
I/PersonaManagerService( 1036): PersonaId don't exist
I/ActivityManager( 1036): do not start freezing screen for locked container getKeyguardshowstate = false
E/HomeEventObserver(11180): processFlag: tools, [main:1] g.onReceive(84): action: android.intent.action.CLOSE_SYSTEM_DIALOGS,reason: homekey
I/Sally Service(32233): removeWindow window
E/HomeEventObserver(11034): processFlag: market, [main:1] g.onReceive(84): action: android.intent.action.CLOSE_SYSTEM_DIALOGS,reason: homekey
E/HomeEventObserver(11514): processFlag: connect, [main:1] g.onReceive(84): action: android.intent.action.CLOSE_SYSTEM_DIALOGS,reason: homekey
E/HomeEventObserver(11064): processFlag: daemon, [main:1] g.onReceive(84): action: android.intent.action.CLOSE_SYSTEM_DIALOGS,reason: homekey
E/HomeEventObserver(11013): processFlag: live, [main:1] g.onReceive(84): action: android.intent.action.CLOSE_SYSTEM_DIALOGS,reason: homekey
E/HomeEventObserver(11597): processFlag: web, [main:1] g.onReceive(84): action: android.intent.action.CLOSE_SYSTEM_DIALOGS,reason: homekey
D/InputDispatcher( 1036): Waiting for application to become ready for input: xxxx Reason: Waiting to send key event because the focused window has not finished processing all of the input events that were previously delivered to it.  Outbound queue length: 0.  Wait queue length: 19.
D/ViewRootImpl( 1505): ViewPostImeInputStage ACTION_DOWN
I/InputDispatcher( 1036): Delivering key to (1505): action: 0x0 (0)
D/InputDispatcher( 1036): Waiting for application to become ready for input: xxxx Reason: Waiting to send key event because the focused window has not finished processing all of the input events that were previously delivered to it.  Outbound queue length: 0.  Wait queue length: 1.
I/AudioPolicyManager(  303): getAudioPolicyConfig: situation=1;device=0
I/AudioPolicyManager(  303): getSituationVolume: isBTConnected:0 isHeadConnected:0
V/AudioPolicyManager(  303): deviceInt = 0, situationInt = 1, situationVolume = 0.500000
V/AudioPolicyManager(  303): getOutput() device 2, stream 1, samplingRate 0, format 0, channelMask 0, flags 3
V/AudioPolicyManager(  303): getOutputsForDevice device 0002 -> 0002
V/AudioPolicyManager(  303): getOutput() returns output 2
V/AudioPolicyManager(  303): getOutput() device 2, stream 1, samplingRate 0, format 0, channelMask 0, flags 3
V/AudioPolicyManager(  303): getOutputsForDevice device 0002 -> 0002
V/AudioPolicyManager(  303): getOutput() returns output 2
I/AudioPolicyManager(  303): getAudioPolicyConfig: situation=1;device=0
I/AudioPolicyManager(  303): getSituationVolume: isBTConnected:0 isHeadConnected:0
V/AudioPolicyManager(  303): deviceInt = 0, situationInt = 1, situationVolume = 0.500000
V/AudioPolicyManager(  303): getOutputForAttr() usage=13, content=4, tag= flags=00000000
V/AudioPolicyManager(  303): getOutputForAttr() device 2, samplingRate 48000, format 1, channelMask 1, flags 4
V/AudioPolicyManager(  303): getOutputsForDevice device 0002 -> 0002
V/AudioPolicyManager(  303): getOutput() returns output 2
I/InputDispatcher( 1036): Delivering key to (1505): action: 0x1 (0)
V/AudioPolicyManager(  303): startOutput() output 2, stream 1, session 278
V/AudioPolicyManager(  303): changeRefCount() stream 1, count 4
I/InputDispatcher( 1036): Delivering key to (1505): action: 0x0 (0)
V/AudioPolicyManager(  303): releaseOutput() 2
I/AudioPolicyManager(  303): getAudioPolicyConfig: situation=1;device=0
I/AudioPolicyManager(  303): getSituationVolume: isBTConnected:0 isHeadConnected:0
V/AudioPolicyManager(  303): deviceInt = 0, situationInt = 1, situationVolume = 0.500000
V/AudioPolicyManager(  303): getOutput() device 2, stream 1, samplingRate 0, format 0, channelMask 0, flags 3
V/AudioPolicyManager(  303): getOutputsForDevice device 0002 -> 0002
V/AudioPolicyManager(  303): getOutput() returns output 2
V/AudioPolicyManager(  303): getOutput() device 2, stream 1, samplingRate 0, format 0, channelMask 0, flags 3
V/AudioPolicyManager(  303): getOutputsForDevice device 0002 -> 0002
V/AudioPolicyManager(  303): getOutput() returns output 2
D/InputDispatcher( 1036): Waiting for application to become ready for input: xxxx Reason: Waiting to send key event because the focused window has not finished processing all of the input events that were previously delivered to it.  Outbound queue length: 0.  Wait queue length: 1.
V/AudioPolicyManager(  303): getOutputForAttr() usage=13, content=4, tag= flags=00000000
V/AudioPolicyManager(  303): getOutputForAttr() device 2, samplingRate 48000, format 1, channelMask 1, flags 4
V/AudioPolicyManager(  303): getOutputsForDevice device 0002 -> 0002
V/AudioPolicyManager(  303): getOutput() returns output 2
V/AudioPolicyManager(  303): startOutput() output 2, stream 1, session 279
V/AudioPolicyManager(  303): changeRefCount() stream 1, count 5
V/AudioPolicyManager(  303): getOutput() device 2, stream 1, samplingRate 0, format 0, channelMask 0, flags 3
V/AudioPolicyManager(  303): getOutputsForDevice device 0002 -> 0002
V/AudioPolicyManager(  303): getOutput() returns output 2
V/AudioPolicyManager(  303): getOutput() device 2, stream 1, samplingRate 0, format 0, channelMask 0, flags 3
V/AudioPolicyManager(  303): getOutputsForDevice device 0002 -> 0002
V/AudioPolicyManager(  303): getOutput() returns output 2
V/AudioPolicyManager(  303): getOutputForAttr() usage=13, content=4, tag= flags=00000000
V/AudioPolicyManager(  303): getOutputForAttr() device 2, samplingRate 48000, format 1, channelMask 1, flags 4
V/AudioPolicyManager(  303): getOutputsForDevice device 0002 -> 0002
V/AudioPolicyManager(  303): getOutput() returns output 2
V/AudioPolicyManager(  303): startOutput() output 2, stream 1, session 280
V/AudioPolicyManager(  303): changeRefCount() stream 1, count 6
I/InputDispatcher( 1036): Delivering key to (1505): action: 0x1 (0)
D/PhoneStatusBar( 1505): animateCollapse(): mExpandedVisible=true flags=0
D/StatusBar-Window( 1505): fnf=true sanc=false, kni=false, sbf=false
D/CoverUI ( 1505): applyFocusableFlag() : Remove SAMSUNG_FLAG_SVIEW_COVER
I/InputDispatcher( 1036): Delivering key to (1505): action: 0x0 (0)
D/InputDispatcher( 1036): Waiting for application to become ready for input: xxxx Reason: Waiting to send key event because the focused window has not finished processing all of the input events that were previously delivered to it.  Outbound queue length: 0.  Wait queue length: 1.
I/InputDispatcher( 1036): Delivering key to (1505): action: 0x1 (0)
I/InputDispatcher( 1036): Delivering key to (12668): action: 0x1 (0)
D/tv.peel.samsung.widget.NotiRemoteService( 8738): action com.peel.widget.notification.HIDE_UI
D/PointerIcon( 1036): setMouseIconStyle1 pointerType: 1001iconType:101 flag:0
D/PointerIcon( 1036): setMouseCustomIcon IconType is same.101
D/PointerIcon( 1036): setHoveringSpenIconStyle1 pointerType: 10001iconType:1 flag:0
D/PointerIcon( 1036): setHoveringSpenCustomIcon IconType is same.1
D/InputMethodManagerService( 1036): windowGainedFocus mCurrentFocusedUserId - 0 and mSecureKeypadEnabled-false
D/PhoneStatusBar( 1505): makeExpandedInvisible: mExpandedVisible=true mExpandedVisible=true
D/StatusBar-QSPanel( 1505): setSingleLine:true
D/StatusBar-QSPanel( 1505): updateButtonInfo mButtonWidth : 206 mColumns:5 orien: 1 displayWidth:1032
D/StatusBar-QSPanel( 1505): setSingleLine height:0
D/InputDispatcher( 1036): Waiting for application to become ready for input: xxxx Reason: Waiting to send key event because the focused window has not finished processing all of the input events that were previously delivered to it.  Outbound queue length: 0.  Wait queue length: 10.
I/InputDispatcher( 1036): Delivering key to (12668): action: 0x0 (0)
I/InputDispatcher( 1036): Delivering key to (12668): action: 0x1 (0)
D/InputDispatcher( 1036): Waiting for application to become ready for input: xxxx Reason: Waiting to send key event because the focused window has not finished processing all of the input events that were previously delivered to it.  Outbound queue length: 0.  Wait queue length: 1.
D/StatusBar( 1505): getNumberOfActiveSim:0
D/PhoneStatusBar( 1505): updateQSpanelHeight: 279 height:279
I/InputDispatcher( 1036): Delivering key to (12668): action: 0x0 (0)
D/PanelView( 1505): flingSettings mQsMin:393 mQsMax:393 mQsEx:393.0mQsPeek:279
D/InputDispatcher( 1036): Waiting for application to become ready for input: xxxx Reason: Waiting to send key event because the focused window has not finished processing all of the input events that were previously delivered to it.  Outbound queue length: 0.  Wait queue length: 1.
I/InputDispatcher( 1036): Delivering key to (12668): action: 0x1 (0)
I/InputDispatcher( 1036): Delivering key to (12668): action: 0x0 (0)
I/InputDispatcher( 1036): Delivering key to (12668): action: 0x1 (0)
I/InputDispatcher( 1036): Delivering key to (12668): action: 0x0 (0)
I/InputDispatcher( 1036): Delivering key to (12668): action: 0x1 (0)
D/StatusBar( 1505): getNumberOfActiveSim:0
I/InputDispatcher( 1036): Delivering touch to (1505): action: 0x0, toolType: 0
D/PanelView( 1505): There is/are notification(s) 
I/InputDispatcher( 1036): Delivering touch to (1505): action: 0x1, toolType: 0
D/StatusBar-Window( 1505): fnf=true sanc=false, kni=false, sbf=false
D/CoverUI ( 1505): applyFocusableFlag() : Remove SAMSUNG_FLAG_SVIEW_COVER
I/InputDispatcher( 1036): Delivering touch to (1505): action: 0x0, toolType: 0
D/SecContentProvider2( 1036): uri = 14 selection = getSealedState
D/SecContentProvider2( 1036): mCursor = null
D/PhoneStatusBar( 1505): disable: < expand icons alerts system_info back home recent clock search >
I/InputDispatcher( 1036): Delivering touch to (1505): action: 0x1, toolType: 0
D/SecContentProvider2( 1036): uri = 14 selection = getSealedState
D/SecContentProvider2( 1036): mCursor = null
D/SecContentProvider2( 1036): uri = 14 selection = getSealedState
D/SecContentProvider2( 1036): mCursor = null
D/SecContentProvider2( 1036): uri = 14 selection = getSealedState
D/SecContentProvider2( 1036): mCursor = null
I/InputDispatcher( 1036): Delivering key to (12668): action: 0x0 (0)
I/InputDispatcher( 1036): Delivering key to (12668): action: 0x1 (0)
I/InputDispatcher( 1036): Delivering touch to (1505): action: 0x0, toolType: 0
I/InputDispatcher( 1036): Delivering touch to (1505): action: 0x1, toolType: 0
I/Timeline(18205): Timeline: Activity_launch_request id:com.zzl.falcon.internal time:5950766
E/PersonaManagerService( 1036): inState():  stateMachine is null !!
I/PersonaManagerService( 1036): PersonaId don't exist
I/ActivityManager( 1036): do not start freezing screen for locked container getKeyguardshowstate = false
V/AudioPolicyManager(  303): stopOutput() output 2, stream 1, session 275
V/AudioPolicyManager(  303): changeRefCount() stream 1, count 5
V/AudioPolicyManager(  303): releaseOutput() 2
V/AudioPolicyManager(  303): stopOutput() output 2, stream 1, session 276
V/AudioPolicyManager(  303): changeRefCount() stream 1, count 4
V/AudioPolicyManager(  303): releaseOutput() 2
D/ViewRootImpl( 1505): ViewPostImeInputStage ACTION_DOWN
D/ViewRootImpl( 1505): ViewPostImeInputStage ACTION_DOWN
D/ViewRootImpl( 1505): ViewPostImeInputStage ACTION_DOWN
D/RippleInk_KeyguardEffect( 1505): onWindowFocusChanged hasWindowFocus = false
V/AudioPolicyManager(  303): stopOutput() output 2, stream 1, session 277
V/AudioPolicyManager(  303): changeRefCount() stream 1, count 3
I/SurfaceFlinger(  263): id=515 createSurf (1x1),1 flag=404, jnternal
D/InputDispatcher( 1036): Waiting for application to become ready for input: xxxx Reason: Waiting because no window has focus but there is a focused application that may eventually add a window when it finishes starting up.
V/WindowOrientationListener( 1036): mSContextAutoRotationListener.getProposedRotation, mbResultFaceDectection: false
V/WindowOrientationListener( 1036): mSContextAutoRotationListener.getProposedRotation, Rotation: 0
V/WindowOrientationListener( 1036): mSContextAutoRotationListener.getProposedRotation, mbResultFaceDectection: false
V/WindowOrientationListener( 1036): mSContextAutoRotationListener.getProposedRotation, Rotation: 0
D/PointerIcon( 1036): setMouseIconStyle1 pointerType: 1001iconType:101 flag:0
D/PointerIcon( 1036): setMouseCustomIcon IconType is same.101
D/PointerIcon( 1036): setHoveringSpenIconStyle1 pointerType: 10001iconType:1 flag:0
D/PointerIcon( 1036): setHoveringSpenCustomIcon IconType is same.1
I/InputDispatcher( 1036): Dropped event because of pending overdue app switch.
D/InputDispatcher( 1036): Waiting for application to become ready for input: xxxx Reason: Waiting because no window has focus but there is a focused application that may eventually add a window when it finishes starting up.
D/AbsListView(14075): Get MotionRecognitionManager
D/Activity(14075): performCreate Call secproduct feature valuefalse
D/Activity(14075): performCreate Call debug elastic valuetrue
E/File    (14075): fail readDirectory() errno=2
D/ActivityManager( 1036): post active user change for 0
D/KnoxTimeoutHandler( 1036): postActiveUserChange for user 0
D/KnoxTimeoutHandler( 1036): handleActiveUserChange for user 0
I/SurfaceFlinger(  263): id=516 createSurf (1080x1920),1 flag=404, EisplayLeak
I/InputDispatcher( 1036): Delivering key to (14075): action: 0x1 (0)
D/PointerIcon( 1036): setMouseIconStyle1 pointerType: 1001iconType:101 flag:0
D/PointerIcon( 1036): setMouseCustomIcon IconType is same.101
D/PointerIcon( 1036): setHoveringSpenIconStyle1 pointerType: 10001iconType:1 flag:0
D/PointerIcon( 1036): setHoveringSpenCustomIcon IconType is same.1
I/InputDispatcher( 1036): Delivering key to (14075): action: 0x0 (0)
D/InputDispatcher( 1036): Waiting for application to become ready for input: xxxx Reason: Waiting to send key event because the focused window has not finished processing all of the input events that were previously delivered to it.  Outbound queue length: 0.  Wait queue length: 1.
I/InputDispatcher( 1036): Delivering key to (14075): action: 0x1 (0)
D/InputMethodManagerService( 1036): windowGainedFocus mCurrentFocusedUserId - 0 and mSecureKeypadEnabled-false
I/Timeline(18205): Timeline: Activity_launch_request id:com.zzl.falcon.internal time:5950932
E/PersonaManagerService( 1036): inState():  stateMachine is null !!
I/PersonaManagerService( 1036): PersonaId don't exist
I/ActivityManager( 1036): do not start freezing screen for locked container getKeyguardshowstate = false
W/IInputConnectionWrapper(12668): showStatusIcon on inactive InputConnection
V/AudioPolicyManager(  303): stopOutput() output 2, stream 1, session 278
V/AudioPolicyManager(  303): changeRefCount() stream 1, count 2
D/InputDispatcher( 1036): Waiting for application to become ready for input: xxxx Reason: Waiting to send key event because the focused window has not finished processing all of the input events that were previously delivered to it.  Outbound queue length: 0.  Wait queue length: 1.
I/InputDispatcher( 1036): Delivering key to (14075): action: 0x0 (0)
I/ActivityManager( 1036): Displayed com.zzl.falcon.internal/com.squareup.leakcanary.internal.DisplayLeakActivity: +142ms
V/AudioPolicyManager(  303): stopOutput() output 2, stream 1, session 279
V/AudioPolicyManager(  303): changeRefCount() stream 1, count 1
V/AudioPolicyManager(  303): stopOutput() output 2, stream 1, session 280
V/AudioPolicyManager(  303): changeRefCount() stream 1, count 0
V/AudioPolicyManager(  303): getNewOutputDevice() selected device 0
V/AudioPolicyManager(  303): setOutputDevice() output 2 device 0000 delayMs 160
V/AudioPolicyManager(  303): setOutputDevice() prevDevice 0002
V/AudioPolicyManager(  303): setOutputDevice() setting same device 0000 or null device for output 2
D/InputDispatcher( 1036): Waiting for application to become ready for input: xxxx Reason: Waiting to send key event because the focused window has not finished processing all of the input events that were previously delivered to it.  Outbound queue length: 0.  Wait queue length: 1.
I/InputDispatcher( 1036): Delivering key to (14075): action: 0x1 (0)
I/Timeline(14075): Timeline: Activity_idle id: android.os.BinderProxy@3de9cc0c time:5950986
I/InputDispatcher( 1036): Delivering touch to (1505): action: 0x4, toolType: 0
I/InputDispatcher( 1036): Delivering touch to (32233): action: 0x4, toolType: 0
I/InputDispatcher( 1036): Delivering touch to (14075): action: 0x0, toolType: 0
I/InputDispatcher( 1036): Delivering touch to (14075): action: 0x1, toolType: 0
D/InputDispatcher( 1036): Waiting for application to become ready for input: xxxx Reason: Waiting to send key event because the focused window has not finished processing all of the input events that were previously delivered to it.  Outbound queue length: 0.  Wait queue length: 2.
D/ViewRootImpl(14075): ViewPostImeInputStage ACTION_DOWN
I/InputDispatcher( 1036): Delivering key to (14075): action: 0x0 (0)
I/InputDispatcher( 1036): Delivering key to (14075): action: 0x1 (0)
I/InputDispatcher( 1036): Delivering key to (14075): action: 0x0 (0)
I/InputDispatcher( 1036): Delivering key to (14075): action: 0x1 (0)
D/InputDispatcher( 1036): Waiting for application to become ready for input: xxxx Reason: Waiting to send key event because the focused window has not finished processing all of the input events that were previously delivered to it.  Outbound queue length: 0.  Wait queue length: 1.
I/InputDispatcher( 1036): Delivering key to (14075): action: 0x0 (0)
I/InputDispatcher( 1036): Delivering key to (14075): action: 0x1 (0)
I/InputDispatcher( 1036): Delivering touch to (1505): action: 0x4, toolType: 0
I/InputDispatcher( 1036): Delivering touch to (32233): action: 0x4, toolType: 0
I/InputDispatcher( 1036): Delivering touch to (14075): action: 0x0, toolType: 0
D/ViewRootImpl(14075): ViewPostImeInputStage ACTION_DOWN
I/InputDispatcher( 1036): Delivering touch to (14075): action: 0x1, toolType: 0
I/InputDispatcher( 1036): Delivering key to (14075): action: 0x0 (0)
D/InputDispatcher( 1036): Waiting for application to become ready for input: xxxx Reason: Waiting to send key event because the focused window has not finished processing all of the input events that were previously delivered to it.  Outbound queue length: 0.  Wait queue length: 1.
I/InputDispatcher( 1036): Delivering key to (14075): action: 0x1 (0)
I/InputDispatcher( 1036): Delivering touch to (1505): action: 0x4, toolType: 0
I/InputDispatcher( 1036): Delivering touch to (32233): action: 0x4, toolType: 0
I/InputDispatcher( 1036): Delivering touch to (14075): action: 0x0, toolType: 0
I/InputDispatcher( 1036): Delivering touch to (14075): action: 0x1, toolType: 0
D/InputDispatcher( 1036): Waiting for application to become ready for input: xxxx Reason: Waiting to send key event because the focused window has not finished processing all of the input events that were previously delivered to it.  Outbound queue length: 0.  Wait queue length: 3.
D/ViewRootImpl(14075): ViewPostImeInputStage ACTION_DOWN
I/InputDispatcher( 1036): Delivering key to (14075): action: 0x0 (0)
