I/wifiscan( 1726): wifi=8863dfcd22e9SSID: yuhui, BSSID: 88:63:df:cd:22:e9, HESSID: <none>, capabilities: [WPA2-PSK-CCMP][ESS], level: -22, frequency: 2462, timestamp: 10194914497, distance: ?(cm), distanceSd: ?(cm)ec26ca3c19e2SSID: ZZL-309, BSSID: ec:26:ca:3c:19:e2, HESSID: <none>, capabilities: [WPA-PSK-CCMP][WPA2-PSK-CCMP][ESS], level: -45, frequency: 2412, timestamp: 10194914423, distance: ?(cm), distanceSd: ?(cm)3c950978a3f3SSID: llll, BSSID: 3c:95:09:78:a3:f3, HESSID: <none>, capabilities: [WPA2-PSK-CCMP][ESS], level: -49, frequency: 2437, timestamp: 10194914527, distance: ?(cm), distanceSd: ?(cm)ec26ca3c2adcSSID: ZZL-208, BSSID: ec:26:ca:3c:2a:dc, HESSID: <none>, capabilities: [WPA-PSK-CCMP][WPA2-PSK-CCMP][ESS], level: -70, frequency: 2437, timestamp: 10194914512, distance: ?(cm), distanceSd: ?(cm)ca50e92a54ceSSID: ChinaNet-6NpC, BSSID: ca:50:e9:2a:54:ce, HESSID: <none>, capabilities: [WPA-PSK-CCMP+TKIP][WPA2-PSK-CCMP+TKIP][ESS], level: -77, frequency: 2412, timestamp: 10194914482, distance: ?(cm), distanceSd: ?(cm)7cd1c386f704SSID: MacBook-Pro, BSSID: 7c:d1:c3:86:f7:04, HESSID: <none>, capabilities: [WPA2-PSK-CCMP][ESS], level: -79, frequency: 2462, timestamp: 10194914542, distance: ?(cm), distanceSd: ?(cm)0e11b52631e9SSID: and-Business, BSSID: 0e:11:b5:26:31:e9, HESSID: <none>, capabilities: [ESS], level: -80, frequency: 2412, timestamp: 10194914467, distance: ?(cm), distanceSd: ?(cm)0611b52631e9SSID: CMCC, BSSID: 06:11:b5:26:31:e9, HESSID: <none>, capabilities: [WPA-EAP-CCMP+TKIP][WPA2-EAP-CCMP+TKIP][ESS], level: -81, frequency: 2412, timestamp: 10194914439, distance: ?(cm), distanceSd: ?(cm)f4ee1410595aSSID: MERCURY_595A, BSSID: f4:ee:14:10:59:5a, HESSID: <none>, capabilities: [WPA-PSK-CCMP][WPA2-PSK-CCMP][WPS][ESS], level: -83, frequency: 2437, timestamp: 10191878226, distance: ?(cm), distanceSd: ?(cm)0a11b52631e9SSID: i-Shanghai, BSSID: 0a:11:b5:26:31:e9, HESSID: <none>, capabilities: [ESS], level: -85, frequency: 2412, timestamp: 10194914453, distance: ?(cm), distanceSd: ?(cm)0011b52631e9SSID: CMCC-WEB, BSSID: 00:11:b5:26:31:e9, HESSID: <none>, capabilities: [ESS], level: -86, frequency: 2412, timestamp: 10194914402, distance: ?(cm), distanceSd: ?(cm)c4c7554d4334SSID: ChinaNet-46Nf, BSSID: c4:c7:55:4d:43:34, HESSID: <none>, capabilities: [WPA-PSK-CCMP+TKIP][WPA2-PSK-CCMP+TKIP][ESS], level: -87, frequency: 2462, timestamp: 10191878288, distance: ?(cm), distanceSd: ?(cm)c4c7554d41eaSSID: ChinaNet-KadJ, BSSID: c4:c7:55:4d:41:ea, HESSID: <none>, capabilities: [WPA-PSK-CCMP+TKIP][WPA2-PSK-CCMP+TKIP][WPS][ESS], level: -89, frequency: 2412, timestamp: 10191878166, distance: ?(cm), distanceSd: ?(cm)78312b264138SSID: ChinaNet-Szj6, BSSID: 78:31:2b:26:41:38, HESSID: <none>, capabilities: [WPA-PSK-CCMP][WPA2-PSK-CCMP][WPS][ESS], level: -89, frequency: 2462, timestamp: 10194914557, distance: ?(cm), distanceSd: ?(cm)
D/baidu_location_service( 1726): wifi manager receive new wifi...
D/wifiscan( 1726): wifi manager receive new wifi...
D/baidu_location_service( 1726): on broadcast new Wifi received...
D/wifiscan( 1726): locationclient wifi scan ...
D/wifiscan client( 1726): send wifi_scan to server...
E/WifiStateMachine( 1036): WifiStateMachine CMD_START_SCAN source 10023 txSuccessRate=1.56 rxSuccessRate=3.47 targetRoamBSSID=ec:26:ca:3c:19:e2 RSSI=-43
I/wpa_supplicant( 1566): wlan0: Setting scan request: 0 sec 0 usec
I/wpa_supplicant( 1566): P2P: Current p2p state = IDLE
D/wifiscan service( 1726): wifimanager start scan ...
I/wpa_supplicant( 1566): Scan requested (ret=0) - scan timeout 30 seconds
D/STATUSBAR-WifiQuickSettingButton( 1505): onWifiSignalChanged enabled=true enabledDesc:"ZZL-309"
D/StatusBar.MSimNetworkController( 1505): applyCU
D/StatusBar.MSimNetworkController( 1505): applyCU
D/StatusBar.MSimNetworkController( 1505): applyCU
D/StatusBar.MSimNetworkController( 1505): applyCU
D/StatusBar.MSimNetworkController( 1505): getNumberOfActiveSim:0
D/KeyguardUpdateMonitor( 1505): received broadcast android.intent.action.BATTERY_CHANGED
D/KeyguardUpdateMonitor( 1505): handleBatteryUpdate
D/MusicService(12247): mSystemReceiver - batteryLevel: 79 batteryStatus: 2
D/STATUSBAR-WifiQuickSettingButton( 1505): onWifiSignalChanged enabled=true enabledDesc:"ZZL-309"
D/StatusBar.MSimNetworkController( 1505): applyCU
D/StatusBar.MSimNetworkController( 1505): applyCU
D/StatusBar.MSimNetworkController( 1505): applyCU
D/StatusBar.MSimNetworkController( 1505): applyCU
D/StatusBar.MSimNetworkController( 1505): getNumberOfActiveSim:0
D/AndroidRuntime(18891): 
D/AndroidRuntime(18891): >>>>>> AndroidRuntime START com.android.internal.os.RuntimeInit <<<<<<
D/AndroidRuntime(18891): CheckJNI is OFF
D/AndroidRuntime(18891): readGMSProperty: start
D/AndroidRuntime(18891): readGMSProperty: already setted!!
D/AndroidRuntime(18891): readGMSProperty: end
D/AndroidRuntime(18891): addProductProperty: start
D/STATUSBAR-WifiQuickSettingButton( 1505): onWifiSignalChanged enabled=true enabledDesc:"ZZL-309"
D/StatusBar.MSimNetworkController( 1505): applyCU
D/StatusBar.MSimNetworkController( 1505): applyCU
D/StatusBar.MSimNetworkController( 1505): applyCU
D/StatusBar.MSimNetworkController( 1505): applyCU
D/StatusBar.MSimNetworkController( 1505): getNumberOfActiveSim:0
E/AffinityControl(18891): AffinityControl: registerfunction enter
D/AndroidRuntime(18891): Calling main entry com.android.commands.wm.Wm
D/AndroidRuntime(18891): Shutting down VM
W/art     (18891): ConditionVariable::~ConditionVariable for GC request condition variable called with 1 waiters.
I/wpa_supplicant( 1566): nl80211: Received scan results (16 BSSes)
I/wifiscan( 1726): wifi=8863dfcd22e9SSID: yuhui, BSSID: 88:63:df:cd:22:e9, HESSID: <none>, capabilities: [WPA2-PSK-CCMP][ESS], level: -23, frequency: 2462, timestamp: 10197973063, distance: ?(cm), distanceSd: ?(cm)ec26ca3c19e2SSID: ZZL-309, BSSID: ec:26:ca:3c:19:e2, HESSID: <none>, capabilities: [WPA-PSK-CCMP][WPA2-PSK-CCMP][ESS], level: -46, frequency: 2412, timestamp: 10197972992, distance: ?(cm), distanceSd: ?(cm)3c950978a3f3SSID: llll, BSSID: 3c:95:09:78:a3:f3, HESSID: <none>, capabilities: [WPA2-PSK-CCMP][ESS], level: -51, frequency: 2437, timestamp: 10197973048, distance: ?(cm), distanceSd: ?(cm)ec26ca3c2adcSSID: ZZL-208, BSSID: ec:26:ca:3c:2a:dc, HESSID: <none>, capabilities: [WPA-PSK-CCMP][WPA2-PSK-CCMP][ESS], level: -71, frequency: 2437, timestamp: 10197973099, distance: ?(cm), distanceSd: ?(cm)ca50e92a54ceSSID: ChinaNet-6NpC, BSSID: ca:50:e9:2a:54:ce, HESSID: <none>, capabilities: [WPA-PSK-CCMP+TKIP][WPA2-PSK-CCMP+TKIP][ESS], level: -74, frequency: 2412, timestamp: 10197972970, distance: ?(cm), distanceSd: ?(cm)7cd1c386f704SSID: MacBook-Pro, BSSID: 7c:d1:c3:86:f7:04, HESSID: <none>, capabilities: [WPA2-PSK-CCMP][ESS], level: -80, frequency: 2462, timestamp: 10197973139, distance: ?(cm), distanceSd: ?(cm)0e11b52631e9SSID: and-Business, BSSID: 0e:11:b5:26:31:e9, HESSID: <none>, capabilities: [ESS], level: -80, frequency: 2412, timestamp: 10194914467, distance: ?(cm), distanceSd: ?(cm)dcfe18518085SSID: TP-LINK_8085, BSSID: dc:fe:18:51:80:85, HESSID: <none>, capabilities: [WPA-PSK-CCMP][WPA2-PSK-CCMP][ESS], level: -80, frequency: 2437, timestamp: 10197973087, distance: ?(cm), distanceSd: ?(cm)0011b52631e9SSID: CMCC-WEB, BSSID: 00:11:b5:26:31:e9, HESSID: <none>, capabilities: [ESS], level: -83, frequency: 2412, timestamp: 10197973021, distance: ?(cm), distanceSd: ?(cm)0611b52631e9SSID: CMCC, BSSID: 06:11:b5:26:31:e9, HESSID: <none>, capabilities: [WPA-EAP-CCMP+TKIP][WPA2-EAP-CCMP+TKIP][ESS], level: -83, frequency: 2412, timestamp: 10197973034, distance: ?(cm), distanceSd: ?(cm)0a11b52631e9SSID: i-Shanghai, BSSID: 0a:11:b5:26:31:e9, HESSID: <none>, capabilities: [ESS], level: -85, frequency: 2412, timestamp: 10194914453, distance: ?(cm), distanceSd: ?(cm)f4ee1410595aSSID: MERCURY_595A, BSSID: f4:ee:14:10:59:5a, HESSID: <none>, capabilities: [WPA-PSK-CCMP][WPA2-PSK-CCMP][WPS][ESS], level: -85, frequency: 2437, timestamp: 10197973075, distance: ?(cm), distanceSd: ?(cm)bc46999ae64eSSID: TP-LINK_E64E, BSSID: bc:46:99:9a:e6:4e, HESSID: <none>, capabilities: [WPA-PSK-CCMP][WPA2-PSK-CCMP][ESS], level: -85, frequency: 2412, timestamp: 10197973007, distance: ?(cm), distanceSd: ?(cm)c4c7554d4334SSID: ChinaNet-46Nf, BSSID: c4:c7:55:4d:43:34, HESSID: <none>, capabilities: [WPA-PSK-CCMP+TKIP][WPA2-PSK-CCMP+TKIP][ESS], level: -86, frequency: 2462, timestamp: 10197973111, distance: ?(cm), distanceSd: ?(cm)78312b264138SSID: ChinaNet-Szj6, BSSID: 78:31:2b:26:41:38, HESSID: <none>, capabilities: [WPA-PSK-CCMP][WPA2-PSK-CCMP][WPS][ESS], level: -89, frequency: 2462, timestamp: 10194914557, distance: ?(cm), distanceSd: ?(cm)c4c7554d432aSSID: ChinaNet-3w5y, BSSID: c4:c7:55:4d:43:2a, HESSID: <none>, capabilities: [WPA-PSK-CCMP+TKIP][WPA2-PSK-CCMP+TKIP][WPS][ESS], level: -89, frequency: 2462, timestamp: 10197973125, distance: ?(cm), distanceSd: ?(cm)
D/baidu_location_service( 1726): wifi manager receive new wifi...
D/wifiscan( 1726): wifi manager receive new wifi...
D/baidu_location_service( 1726): on broadcast new Wifi received...
D/wifiscan( 1726): locationclient wifi scan ...
D/wifiscan client( 1726): send wifi_scan to server...
E/WifiStateMachine( 1036): WifiStateMachine CMD_START_SCAN source 10023 txSuccessRate=1.78 rxSuccessRate=3.24 targetRoamBSSID=ec:26:ca:3c:19:e2 RSSI=-43
I/wpa_supplicant( 1566): wlan0: Setting scan request: 0 sec 0 usec
I/wpa_supplicant( 1566): P2P: Current p2p state = IDLE
D/wifiscan service( 1726): wifimanager start scan ...
I/wpa_supplicant( 1566): Scan requested (ret=0) - scan timeout 30 seconds
D/STATUSBAR-WifiQuickSettingButton( 1505): onWifiSignalChanged enabled=true enabledDesc:"ZZL-309"
D/StatusBar.MSimNetworkController( 1505): applyCU
D/StatusBar.MSimNetworkController( 1505): applyCU
D/StatusBar.MSimNetworkController( 1505): applyCU
D/StatusBar.MSimNetworkController( 1505): applyCU
D/StatusBar.MSimNetworkController( 1505): getNumberOfActiveSim:0
D/AndroidRuntime(18925): 
D/AndroidRuntime(18925): >>>>>> AndroidRuntime START com.android.internal.os.RuntimeInit <<<<<<
D/AndroidRuntime(18925): CheckJNI is OFF
D/AndroidRuntime(18925): readGMSProperty: start
D/AndroidRuntime(18925): readGMSProperty: already setted!!
D/AndroidRuntime(18925): readGMSProperty: end
D/AndroidRuntime(18925): addProductProperty: start
E/AffinityControl(18925): AffinityControl: registerfunction enter
D/AndroidRuntime(18925): Calling main entry com.android.commands.monkey.Monkey
I/Timeline(18925): Timeline: Activity_launch_request id:com.zzl.falcon.internal time:6043635
E/PersonaManagerService( 1036): inState():  stateMachine is null !!
I/PersonaManagerService( 1036): PersonaId don't exist
I/ActivityManager( 1036): do not start freezing screen for locked container getKeyguardshowstate = false
I/InputDispatcher( 1036): Delivering key to (12668): action: 0x0 (0)
I/InputDispatcher( 1036): Delivering key to (12668): action: 0x1 (0)
I/InputDispatcher( 1036): Delivering touch to (1505): action: 0x4, toolType: 0
I/InputDispatcher( 1036): Delivering touch to (32233): action: 0x4, toolType: 0
I/InputDispatcher( 1036): Delivering touch to (12668): action: 0x0, toolType: 0
D/ViewRootImpl(12668): ViewPostImeInputStage ACTION_DOWN
I/InputDispatcher( 1036): Delivering touch to (12668): action: 0x1, toolType: 0
I/InputDispatcher( 1036): Delivering key to (12668): action: 0x0 (0)
D/InputDispatcher( 1036): Waiting for application to become ready for input: xxxx Reason: Waiting to send key event because the focused window has not finished processing all of the input events that were previously delivered to it.  Outbound queue length: 0.  Wait queue length: 1.
I/InputDispatcher( 1036): Delivering key to (12668): action: 0x1 (0)
I/InputDispatcher( 1036): Delivering touch to (12668): action: 0x0, toolType: 0
I/InputDispatcher( 1036): Delivering touch to (12668): action: 0x1, toolType: 0
I/InputDispatcher( 1036): Delivering touch to (1505): action: 0x4, toolType: 0
I/InputDispatcher( 1036): Delivering touch to (32233): action: 0x4, toolType: 0
I/InputDispatcher( 1036): Delivering touch to (12668): action: 0x0, toolType: 0
I/InputDispatcher( 1036): Delivering touch to (12668): action: 0x1, toolType: 0
D/ViewRootImpl(12668): ViewPostImeInputStage ACTION_DOWN
D/InputDispatcher( 1036): Waiting for application to become ready for input: xxxx Reason: Waiting to send key event because the focused window has not finished processing all of the input events that were previously delivered to it.  Outbound queue length: 0.  Wait queue length: 21.
D/WebView (12668): show url http://116.236.220.210:8084/mobileWebContract/borrowContract
I/InputDispatcher( 1036): Delivering key to (12668): action: 0x0 (0)
D/InputDispatcher( 1036): Waiting for application to become ready for input: xxxx Reason: Waiting to send key event because the focused window has not finished processing all of the input events that were previously delivered to it.  Outbound queue length: 0.  Wait queue length: 1.
I/InputDispatcher( 1036): Delivering key to (12668): action: 0x1 (0)
I/InputDispatcher( 1036): Delivering touch to (1505): action: 0x4, toolType: 0
I/InputDispatcher( 1036): Delivering touch to (32233): action: 0x4, toolType: 0
I/InputDispatcher( 1036): Delivering touch to (12668): action: 0x0, toolType: 0
D/ViewRootImpl(12668): ViewPostImeInputStage ACTION_DOWN
I/InputDispatcher( 1036): Delivering touch to (12668): action: 0x1, toolType: 0
D/InputDispatcher( 1036): Waiting for application to become ready for input: xxxx Reason: Waiting to send key event because the focused window has not finished processing all of the input events that were previously delivered to it.  Outbound queue length: 0.  Wait queue length: 3.
I/InputDispatcher( 1036): Delivering key to (12668): action: 0x0 (0)
D/InputDispatcher( 1036): Waiting for application to become ready for input: xxxx Reason: Waiting to send key event because the focused window has not finished processing all of the input events that were previously delivered to it.  Outbound queue length: 0.  Wait queue length: 1.
I/InputDispatcher( 1036): Delivering key to (12668): action: 0x1 (0)
D/InputDispatcher( 1036): Waiting for application to become ready for input: xxxx Reason: Waiting to send key event because the focused window has not finished processing all of the input events that were previously delivered to it.  Outbound queue length: 0.  Wait queue length: 1.
I/AudioPolicyManager(  303): getAudioPolicyConfig: situation=1;device=0
I/AudioPolicyManager(  303): getSituationVolume: isBTConnected:0 isHeadConnected:0
I/InputDispatcher( 1036): Delivering key to (12668): action: 0x0 (0)
V/AudioPolicyManager(  303): deviceInt = 0, situationInt = 1, situationVolume = 0.500000
V/AudioPolicyManager(  303): getOutput() device 2, stream 1, samplingRate 0, format 0, channelMask 0, flags 3
V/AudioPolicyManager(  303): getOutputsForDevice device 0002 -> 0002
V/AudioPolicyManager(  303): getOutput() returns output 2
V/AudioPolicyManager(  303): getOutput() device 2, stream 1, samplingRate 0, format 0, channelMask 0, flags 3
V/AudioPolicyManager(  303): getOutputsForDevice device 0002 -> 0002
V/AudioPolicyManager(  303): getOutput() returns output 2
V/AudioPolicyManager(  303): getOutputForAttr() usage=13, content=4, tag= flags=00000000
V/AudioPolicyManager(  303): getOutputForAttr() device 2, samplingRate 48000, format 1, channelMask 1, flags 4
V/AudioPolicyManager(  303): getOutputsForDevice device 0002 -> 0002
V/AudioPolicyManager(  303): getOutput() returns output 2
D/InputDispatcher( 1036): Waiting for application to become ready for input: xxxx Reason: Waiting to send key event because the focused window has not finished processing all of the input events that were previously delivered to it.  Outbound queue length: 0.  Wait queue length: 1.
V/AudioPolicyManager(  303): startOutput() output 2, stream 1, session 281
V/AudioPolicyManager(  303): changeRefCount() stream 1, count 1
V/AudioPolicyManager(  303): getNewOutputDevice() selected device 2
V/AudioPolicyManager(  303): setOutputDevice() output 2 device 0002 delayMs 0
V/AudioPolicyManager(  303): setOutputDevice() prevDevice 0002
V/AudioPolicyManager(  303): setOutputDevice() setting same device 0002 or null device for output 2
I/InputDispatcher( 1036): Delivering key to (12668): action: 0x1 (0)
V/audio_hw_primary(  303): start_output_stream: enter: usecase(0: deep-buffer-playback) devices(0x2)
V/audio_hw_primary(  303): select_devices: ENTER
V/audio_hw_primary(  303): select_devices: usecase(normal)
V/audio_hw_primary(  303): select_devices: usecase(PCM_PLAYBACK)
V/msm8974_platform(  303): platform_get_output_snd_device: enter: output devices(0x2)
V/msm8974_platform(  303): get_OUTPUT_snd_device: for Normal Playback
V/msm8974_platform(  303): platform_get_output_snd_device: exit: snd_device(speaker)
D/audio_hw_primary(  303): select_devices: out_snd_device(2: speaker)
D/audio_hw_primary(  303): select_devices: in_snd_device(0: dummy)
D/ACDB-LOADER(  303): ACDB -> send_audio_cal, acdb_id = 15, path =  0
D/ACDB-LOADER(  303): ACDB -> send_adm_topology
D/ACDB-LOADER(  303): ACDB -> ACDB_CMD_GET_AUDPROC_COMMON_TOPOLOGY_ID
D/ACDB-LOADER(  303): ACDB -> send_asm_topology
D/ACDB-LOADER(  303): ACDB -> ACDB_CMD_GET_AUDPROC_STREAM_TOPOLOGY_ID
D/ACDB-LOADER(  303): ACDB -> send_audtable
D/ACDB-LOADER(  303): ACDB -> ACDB_CMD_GET_AUDPROC_COMMON_TABLE
D/ACDB-LOADER(  303): ACDB -> AUDIO_SET_AUDPROC_CAL
D/ACDB-LOADER(  303): ACDB -> send_audvoltable
D/ACDB-LOADER(  303): ACDB -> ACDB_CMD_GET_AUDPROC_GAIN_DEP_STEP_TABLE
D/ACDB-LOADER(  303): ACDB -> AUDIO_SET_AUDPROC_VOL_CAL
D/ACDB-LOADER(  303): ACDB -> send_afe_cal
D/ACDB-LOADER(  303): ACDB -> ACDB_CMD_GET_AFE_COMMON_TABLE
D/ACDB-LOADER(  303): ACDB -> AUDIO_SET_AFE_CAL
V/audio_hw_primary(  303): enable_snd_device: snd_device(2: speaker, speaker)
D/audio_route(  303): ++++ audio_route_update_mixer ==============
D/audio_route(  303): Setting mixer control: SPK DRV Volume
D/audio_route(  303): Setting mixer control: value: 8
V/AudioPolicyManager(  303): releaseOutput() 2
D/audio_route(  303): Setting mixer control: RX7 Digital Volume
D/audio_route(  303): Setting mixer control: value: 82
D/audio_route(  303): Setting mixer control: COMP0 Switch
D/audio_route(  303): Setting mixer control: value: 1
D/audio_route(  303): Setting mixer control: RX7 MIX1 INP1, value: 5
D/audio_route(  303): Setting mixer control: DAC1 Switch
D/audio_route(  303): Setting mixer control: value: 1
D/audio_route(  303): Setting mixer control: SPK Status
D/audio_route(  303): Setting mixer control: value: 1
D/audio_route(  303): ------ audio_route_update_mixer ==============
V/audio_hw_primary(  303): enable_audio_route: enter: usecase(0)
V/audio_hw_primary(  303): enable_audio_route: apply mixer path: deep-buffer-playback
D/audio_route(  303): ++++ audio_route_update_mixer ==============
D/audio_route(  303): Setting mixer control: SLIMBUS_0_RX Audio Mixer MultiMedia1
D/audio_route(  303): Setting mixer control: value: 1
D/audio_route(  303): ------ audio_route_update_mixer ==============
V/audio_hw_primary(  303): enable_audio_route: exit
V/audio_hw_primary(  303): start_output_stream: Opening PCM device card_id(0) device_id(0)
V/audio_hw_primary(  303): start_output_stream: exit
I/InputDispatcher( 1036): Delivering key to (12668): action: 0x0 (0)
I/InputDispatcher( 1036): Delivering key to (12668): action: 0x1 (0)
I/InputDispatcher( 1036): Delivering touch to (1505): action: 0x4, toolType: 0
I/InputDispatcher( 1036): Delivering touch to (32233): action: 0x4, toolType: 0
I/InputDispatcher( 1036): Delivering touch to (12668): action: 0x0, toolType: 0
D/ViewRootImpl(12668): ViewPostImeInputStage ACTION_DOWN
I/InputDispatcher( 1036): Delivering touch to (12668): action: 0x1, toolType: 0
D/InputManager-JNI( 1036): !@interceptKeyBeforeQueueing(0), action=0
D/InputManager-JNI( 1036): !@handleInterceptActions(0), action=0, wmActions=1
D/PersonaManager( 1036): isKioskContainerExistOnDevice
D/InputManager-JNI( 1036): !@interceptKeyBeforeQueueing(0), action=1
D/InputManager-JNI( 1036): !@handleInterceptActions(0), action=1, wmActions=1
D/PersonaManager( 1036): isKioskContainerExistOnDevice
I/InputDispatcher( 1036): Delivering touch to (1505): action: 0x4, toolType: 0
I/InputDispatcher( 1036): Delivering touch to (32233): action: 0x4, toolType: 0
I/InputDispatcher( 1036): Delivering touch to (12668): action: 0x0, toolType: 0
D/ViewRootImpl(12668): ViewPostImeInputStage ACTION_DOWN
I/InputDispatcher( 1036): Delivering touch to (12668): action: 0x1, toolType: 0
D/InputManager-JNI( 1036): !@interceptKeyBeforeQueueing(0), action=0
D/InputManager-JNI( 1036): !@handleInterceptActions(0), action=0, wmActions=1
D/PersonaManager( 1036): isKioskContainerExistOnDevice
E/PersonaManagerService( 1036): inState():  stateMachine is null !!
I/PersonaManagerService( 1036): PersonaId don't exist
I/ActivityManager( 1036): do not start freezing screen for locked container getKeyguardshowstate = false
D/PhoneStatusBar( 1505): animateCollapse(): mExpandedVisible=false flags=0
D/StatusBar-Window( 1505): fnf=true sanc=false, kni=false, sbf=false
D/CoverUI ( 1505): applyFocusableFlag() : Remove SAMSUNG_FLAG_SVIEW_COVER
E/HomeEventObserver(11597): processFlag: web, [main:1] g.onReceive(84): action: android.intent.action.CLOSE_SYSTEM_DIALOGS,reason: homekey
I/Sally Service(32233): removeWindow window
E/HomeEventObserver(11013): processFlag: live, [main:1] g.onReceive(84): action: android.intent.action.CLOSE_SYSTEM_DIALOGS,reason: homekey
E/HomeEventObserver(11064): processFlag: daemon, [main:1] g.onReceive(84): action: android.intent.action.CLOSE_SYSTEM_DIALOGS,reason: homekey
E/HomeEventObserver(11034): processFlag: market, [main:1] g.onReceive(84): action: android.intent.action.CLOSE_SYSTEM_DIALOGS,reason: homekey
E/HomeEventObserver(11180): processFlag: tools, [main:1] g.onReceive(84): action: android.intent.action.CLOSE_SYSTEM_DIALOGS,reason: homekey
E/HomeEventObserver(11514): processFlag: connect, [main:1] g.onReceive(84): action: android.intent.action.CLOSE_SYSTEM_DIALOGS,reason: homekey
D/InputManager-JNI( 1036): !@interceptKeyBeforeQueueing(0), action=1
D/InputManager-JNI( 1036): !@handleInterceptActions(0), action=1, wmActions=1
D/PersonaManager( 1036): isKioskContainerExistOnDevice
I/InputDispatcher( 1036): Delivering key to (12668): action: 0x0 (0)
D/InputDispatcher( 1036): Waiting for application to become ready for input: xxxx Reason: Waiting to send key event because the focused window has not finished processing all of the input events that were previously delivered to it.  Outbound queue length: 0.  Wait queue length: 1.
I/InputDispatcher( 1036): Delivering key to (12668): action: 0x1 (0)
I/InputDispatcher( 1036): Delivering key to (12668): action: 0x0 (0)
I/InputDispatcher( 1036): Delivering key to (12668): action: 0x1 (0)
I/InputDispatcher( 1036): Delivering key to (12668): action: 0x0 (0)
I/InputDispatcher( 1036): Delivering key to (12668): action: 0x1 (0)
I/AudioPolicyManager(  303): getAudioPolicyConfig: situation=1;device=0
I/AudioPolicyManager(  303): getSituationVolume: isBTConnected:0 isHeadConnected:0
V/AudioPolicyManager(  303): deviceInt = 0, situationInt = 1, situationVolume = 0.500000
V/AudioPolicyManager(  303): getOutput() device 2, stream 1, samplingRate 0, format 0, channelMask 0, flags 3
V/AudioPolicyManager(  303): getOutputsForDevice device 0002 -> 0002
V/AudioPolicyManager(  303): getOutput() returns output 2
V/AudioPolicyManager(  303): getOutput() device 2, stream 1, samplingRate 0, format 0, channelMask 0, flags 3
V/AudioPolicyManager(  303): getOutputsForDevice device 0002 -> 0002
V/AudioPolicyManager(  303): getOutput() returns output 2
I/InputDispatcher( 1036): Delivering key to (12668): action: 0x0 (0)
V/AudioPolicyManager(  303): getOutputForAttr() usage=13, content=4, tag= flags=00000000
V/AudioPolicyManager(  303): getOutputForAttr() device 2, samplingRate 48000, format 1, channelMask 1, flags 4
V/AudioPolicyManager(  303): getOutputsForDevice device 0002 -> 0002
V/AudioPolicyManager(  303): getOutput() returns output 2
V/AudioPolicyManager(  303): startOutput() output 2, stream 1, session 282
V/AudioPolicyManager(  303): changeRefCount() stream 1, count 2
I/InputDispatcher( 1036): Delivering key to (12668): action: 0x1 (0)
V/AudioPolicyManager(  303): releaseOutput() 2
I/InputDispatcher( 1036): Delivering key to (12668): action: 0x0 (0)
I/InputDispatcher( 1036): Delivering key to (12668): action: 0x1 (0)
I/InputDispatcher( 1036): Delivering touch to (1505): action: 0x4, toolType: 0
I/InputDispatcher( 1036): Delivering touch to (32233): action: 0x4, toolType: 0
I/InputDispatcher( 1036): Delivering touch to (12668): action: 0x0, toolType: 0
D/ViewRootImpl(12668): ViewPostImeInputStage ACTION_DOWN
I/InputDispatcher( 1036): Delivering touch to (12668): action: 0x1, toolType: 0
D/InputDispatcher( 1036): Waiting for application to become ready for input: xxxx Reason: Waiting to send key event because the focused window has not finished processing all of the input events that were previously delivered to it.  Outbound queue length: 0.  Wait queue length: 1.
I/InputDispatcher( 1036): Delivering key to (12668): action: 0x0 (0)
D/InputDispatcher( 1036): Waiting for application to become ready for input: xxxx Reason: Waiting to send key event because the focused window has not finished processing all of the input events that were previously delivered to it.  Outbound queue length: 0.  Wait queue length: 1.
I/InputDispatcher( 1036): Delivering key to (12668): action: 0x1 (0)
I/AudioPolicyManager(  303): getAudioPolicyConfig: situation=1;device=0
I/AudioPolicyManager(  303): getSituationVolume: isBTConnected:0 isHeadConnected:0
V/AudioPolicyManager(  303): deviceInt = 0, situationInt = 1, situationVolume = 0.500000
V/AudioPolicyManager(  303): getOutput() device 2, stream 1, samplingRate 0, format 0, channelMask 0, flags 3
V/AudioPolicyManager(  303): getOutputsForDevice device 0002 -> 0002
V/AudioPolicyManager(  303): getOutput() returns output 2
I/InputDispatcher( 1036): Delivering key to (12668): action: 0x0 (0)
V/AudioPolicyManager(  303): getOutput() device 2, stream 1, samplingRate 0, format 0, channelMask 0, flags 3
V/AudioPolicyManager(  303): getOutputsForDevice device 0002 -> 0002
V/AudioPolicyManager(  303): getOutput() returns output 2
V/AudioPolicyManager(  303): getOutputForAttr() usage=13, content=4, tag= flags=00000000
V/AudioPolicyManager(  303): getOutputForAttr() device 2, samplingRate 48000, format 1, channelMask 1, flags 4
V/AudioPolicyManager(  303): getOutputsForDevice device 0002 -> 0002
V/AudioPolicyManager(  303): getOutput() returns output 2
I/InputDispatcher( 1036): Delivering key to (12668): action: 0x1 (0)
I/InputDispatcher( 1036): Delivering key to (12668): action: 0x0 (0)
V/AudioPolicyManager(  303): startOutput() output 2, stream 1, session 283
V/AudioPolicyManager(  303): changeRefCount() stream 1, count 3
D/InputDispatcher( 1036): Waiting for application to become ready for input: xxxx Reason: Waiting to send key event because the focused window has not finished processing all of the input events that were previously delivered to it.  Outbound queue length: 0.  Wait queue length: 1.
V/AudioPolicyManager(  303): releaseOutput() 2
I/InputDispatcher( 1036): Delivering key to (12668): action: 0x1 (0)
D/InputDispatcher( 1036): Waiting for application to become ready for input: xxxx Reason: Waiting to send key event because the focused window has not finished processing all of the input events that were previously delivered to it.  Outbound queue length: 0.  Wait queue length: 1.
I/InputDispatcher( 1036): Delivering key to (12668): action: 0x0 (0)
D/InputDispatcher( 1036): Waiting for application to become ready for input: xxxx Reason: Waiting to send key event because the focused window has not finished processing all of the input events that were previously delivered to it.  Outbound queue length: 0.  Wait queue length: 1.
I/InputDispatcher( 1036): Delivering key to (12668): action: 0x1 (0)
I/InputDispatcher( 1036): Delivering key to (12668): action: 0x0 (0)
I/InputDispatcher( 1036): Delivering key to (12668): action: 0x1 (0)
I/InputDispatcher( 1036): Delivering touch to (1505): action: 0x4, toolType: 0
I/InputDispatcher( 1036): Delivering touch to (32233): action: 0x4, toolType: 0
I/InputDispatcher( 1036): Delivering touch to (12668): action: 0x0, toolType: 0
D/ViewRootImpl(12668): ViewPostImeInputStage ACTION_DOWN
I/InputDispatcher( 1036): Delivering touch to (12668): action: 0x1, toolType: 0
I/InputDispatcher( 1036): Delivering touch to (1505): action: 0x4, toolType: 0
I/InputDispatcher( 1036): Delivering touch to (32233): action: 0x4, toolType: 0
I/InputDispatcher( 1036): Delivering touch to (12668): action: 0x0, toolType: 0
I/InputDispatcher( 1036): Delivering touch to (12668): action: 0x1, toolType: 0
D/ViewRootImpl(12668): ViewPostImeInputStage ACTION_DOWN
D/InputDispatcher( 1036): Waiting for application to become ready for input: xxxx Reason: Waiting to send key event because the focused window has not finished processing all of the input events that were previously delivered to it.  Outbound queue length: 0.  Wait queue length: 12.
I/InputDispatcher( 1036): Delivering key to (12668): action: 0x0 (0)
D/InputDispatcher( 1036): Waiting for application to become ready for input: xxxx Reason: Waiting to send key event because the focused window has not finished processing all of the input events that were previously delivered to it.  Outbound queue length: 0.  Wait queue length: 1.
I/InputDispatcher( 1036): Delivering key to (12668): action: 0x1 (0)
V/AudioPolicyManager(  303): stopOutput() output 2, stream 1, session 281
V/AudioPolicyManager(  303): changeRefCount() stream 1, count 2
I/InputDispatcher( 1036): Delivering key to (12668): action: 0x0 (0)
I/InputDispatcher( 1036): Delivering key to (12668): action: 0x1 (0)
I/InputDispatcher( 1036): Delivering key to (12668): action: 0x0 (0)
I/InputDispatcher( 1036): Delivering key to (12668): action: 0x1 (0)
I/AudioPolicyManager(  303): getAudioPolicyConfig: situation=1;device=0
I/AudioPolicyManager(  303): getSituationVolume: isBTConnected:0 isHeadConnected:0
V/AudioPolicyManager(  303): deviceInt = 0, situationInt = 1, situationVolume = 0.500000
V/AudioPolicyManager(  303): getOutput() device 2, stream 1, samplingRate 0, format 0, channelMask 0, flags 3
V/AudioPolicyManager(  303): getOutputsForDevice device 0002 -> 0002
I/InputDispatcher( 1036): Delivering touch to (1505): action: 0x4, toolType: 0
V/AudioPolicyManager(  303): getOutput() returns output 2
I/InputDispatcher( 1036): Delivering touch to (32233): action: 0x4, toolType: 0
I/InputDispatcher( 1036): Delivering touch to (12668): action: 0x0, toolType: 0
V/AudioPolicyManager(  303): getOutput() device 2, stream 1, samplingRate 0, format 0, channelMask 0, flags 3
V/AudioPolicyManager(  303): getOutputsForDevice device 0002 -> 0002
V/AudioPolicyManager(  303): getOutput() returns output 2
D/ViewRootImpl(12668): ViewPostImeInputStage ACTION_DOWN
V/AudioPolicyManager(  303): getOutputForAttr() usage=13, content=4, tag= flags=00000000
V/AudioPolicyManager(  303): getOutputForAttr() device 2, samplingRate 48000, format 1, channelMask 1, flags 4
V/AudioPolicyManager(  303): getOutputsForDevice device 0002 -> 0002
V/AudioPolicyManager(  303): getOutput() returns output 2
I/InputDispatcher( 1036): Delivering touch to (12668): action: 0x1, toolType: 0
I/InputDispatcher( 1036): Delivering key to (12668): action: 0x0 (0)
V/AudioPolicyManager(  303): startOutput() output 2, stream 1, session 284
V/AudioPolicyManager(  303): changeRefCount() stream 1, count 3
I/InputDispatcher( 1036): Delivering key to (12668): action: 0x1 (0)
V/AudioPolicyManager(  303): releaseOutput() 2
I/InputDispatcher( 1036): Delivering key to (12668): action: 0x0 (0)
I/InputDispatcher( 1036): Delivering key to (12668): action: 0x1 (0)
I/AudioPolicyManager(  303): getAudioPolicyConfig: situation=1;device=0
I/AudioPolicyManager(  303): getSituationVolume: isBTConnected:0 isHeadConnected:0
V/AudioPolicyManager(  303): deviceInt = 0, situationInt = 1, situationVolume = 0.500000
I/InputDispatcher( 1036): Delivering touch to (1505): action: 0x4, toolType: 0
I/InputDispatcher( 1036): Delivering touch to (32233): action: 0x4, toolType: 0
I/InputDispatcher( 1036): Delivering touch to (12668): action: 0x0, toolType: 0
V/AudioPolicyManager(  303): getOutput() device 2, stream 1, samplingRate 0, format 0, channelMask 0, flags 3
V/AudioPolicyManager(  303): getOutputsForDevice device 0002 -> 0002
V/AudioPolicyManager(  303): getOutput() returns output 2
D/ViewRootImpl(12668): ViewPostImeInputStage ACTION_DOWN
V/AudioPolicyManager(  303): getOutput() device 2, stream 1, samplingRate 0, format 0, channelMask 0, flags 3
V/AudioPolicyManager(  303): getOutputsForDevice device 0002 -> 0002
V/AudioPolicyManager(  303): getOutput() returns output 2
V/AudioPolicyManager(  303): getOutputForAttr() usage=13, content=4, tag= flags=00000000
V/AudioPolicyManager(  303): getOutputForAttr() device 2, samplingRate 48000, format 1, channelMask 1, flags 4
V/AudioPolicyManager(  303): getOutputsForDevice device 0002 -> 0002
V/AudioPolicyManager(  303): getOutput() returns output 2
I/InputDispatcher( 1036): Delivering touch to (12668): action: 0x1, toolType: 0
V/AudioPolicyManager(  303): startOutput() output 2, stream 1, session 285
V/AudioPolicyManager(  303): changeRefCount() stream 1, count 4
V/AudioPolicyManager(  303): releaseOutput() 2
I/InputDispatcher( 1036): Delivering key to (12668): action: 0x0 (0)
D/InputDispatcher( 1036): Waiting for application to become ready for input: xxxx Reason: Waiting to send key event because the focused window has not finished processing all of the input events that were previously delivered to it.  Outbound queue length: 0.  Wait queue length: 1.
I/InputDispatcher( 1036): Delivering key to (12668): action: 0x1 (0)
D/WebView (12668): show url http://116.236.220.210:8084/contract/viewBlankContract?code=BG_F004
I/InputDispatcher( 1036): Delivering touch to (12668): action: 0x0, toolType: 0
I/InputDispatcher( 1036): Delivering touch to (12668): action: 0x1, toolType: 0
D/InputDispatcher( 1036): Waiting for application to become ready for input: xxxx Reason: Waiting to send key event because the focused window has not finished processing all of the input events that were previously delivered to it.  Outbound queue length: 0.  Wait queue length: 12.
W/BindingManager(12668): Cannot call determinedVisibility() - never saw a connection for the pid: 12668
I/InputDispatcher( 1036): Delivering key to (12668): action: 0x0 (0)
D/InputDispatcher( 1036): Waiting for application to become ready for input: xxxx Reason: Waiting to send key event because the focused window has not finished processing all of the input events that were previously delivered to it.  Outbound queue length: 0.  Wait queue length: 1.
I/InputDispatcher( 1036): Delivering key to (12668): action: 0x1 (0)
D/InputDispatcher( 1036): Waiting for application to become ready for input: xxxx Reason: Waiting to send key event because the focused window has not finished processing all of the input events that were previously delivered to it.  Outbound queue length: 0.  Wait queue length: 1.
I/InputDispatcher( 1036): Delivering key to (12668): action: 0x0 (0)
I/AudioPolicyManager(  303): getAudioPolicyConfig: situation=1;device=0
I/AudioPolicyManager(  303): getSituationVolume: isBTConnected:0 isHeadConnected:0
V/AudioPolicyManager(  303): deviceInt = 0, situationInt = 1, situationVolume = 0.500000
V/AudioPolicyManager(  303): getOutput() device 2, stream 1, samplingRate 0, format 0, channelMask 0, flags 3
V/AudioPolicyManager(  303): getOutputsForDevice device 0002 -> 0002
V/AudioPolicyManager(  303): getOutput() returns output 2
V/AudioPolicyManager(  303): getOutput() device 2, stream 1, samplingRate 0, format 0, channelMask 0, flags 3
V/AudioPolicyManager(  303): getOutputsForDevice device 0002 -> 0002
V/AudioPolicyManager(  303): getOutput() returns output 2
V/AudioPolicyManager(  303): getOutputForAttr() usage=13, content=4, tag= flags=00000000
V/AudioPolicyManager(  303): getOutputForAttr() device 2, samplingRate 48000, format 1, channelMask 1, flags 4
V/AudioPolicyManager(  303): getOutputsForDevice device 0002 -> 0002
V/AudioPolicyManager(  303): getOutput() returns output 2
D/InputDispatcher( 1036): Waiting for application to become ready for input: xxxx Reason: Waiting to send key event because the focused window has not finished processing all of the input events that were previously delivered to it.  Outbound queue length: 0.  Wait queue length: 1.
I/InputDispatcher( 1036): Delivering key to (12668): action: 0x1 (0)
V/AudioPolicyManager(  303): startOutput() output 2, stream 1, session 286
V/AudioPolicyManager(  303): changeRefCount() stream 1, count 5
D/InputDispatcher( 1036): Waiting for application to become ready for input: xxxx Reason: Waiting to send key event because the focused window has not finished processing all of the input events that were previously delivered to it.  Outbound queue length: 0.  Wait queue length: 1.
I/chromium(12668): [INFO:CONSOLE(1)] "Uncaught ReferenceError: jump is not defined", source:  (1)
I/InputDispatcher( 1036): Delivering key to (12668): action: 0x0 (0)
I/InputDispatcher( 1036): Delivering key to (12668): action: 0x1 (0)
D/WebView (12668): show url http://116.236.220.210:8084/contract/viewBlankContract?code=BG_F004
D/InputDispatcher( 1036): Waiting for application to become ready for input: xxxx Reason: Waiting to send key event because the focused window has not finished processing all of the input events that were previously delivered to it.  Outbound queue length: 0.  Wait queue length: 1.
W/BindingManager(12668): Cannot call determinedVisibility() - never saw a connection for the pid: 12668
I/InputDispatcher( 1036): Delivering key to (12668): action: 0x0 (0)
I/InputDispatcher( 1036): Delivering key to (12668): action: 0x1 (0)
I/InputDispatcher( 1036): Delivering key to (12668): action: 0x0 (0)
I/chromium(12668): [INFO:CONSOLE(1)] "Uncaught ReferenceError: jump is not defined", source:  (1)
I/InputDispatcher( 1036): Delivering key to (12668): action: 0x1 (0)
I/InputDispatcher( 1036): Delivering touch to (1505): action: 0x4, toolType: 0
I/InputDispatcher( 1036): Delivering touch to (32233): action: 0x4, toolType: 0
I/InputDispatcher( 1036): Delivering touch to (12668): action: 0x0, toolType: 0
I/InputDispatcher( 1036): Delivering touch to (12668): action: 0x1, toolType: 0
D/InputDispatcher( 1036): Waiting for application to become ready for input: xxxx Reason: Waiting to send key event because the focused window has not finished processing all of the input events that were previously delivered to it.  Outbound queue length: 0.  Wait queue length: 3.
D/ViewRootImpl(12668): ViewPostImeInputStage ACTION_DOWN
I/AudioPolicyManager(  303): getAudioPolicyConfig: situation=1;device=0
I/InputDispatcher( 1036): Delivering key to (12668): action: 0x0 (0)
I/AudioPolicyManager(  303): getSituationVolume: isBTConnected:0 isHeadConnected:0
D/WebView (12668): show url http://116.236.220.210:8084/mobileWebContract/borrowContract
V/AudioPolicyManager(  303): deviceInt = 0, situationInt = 1, situationVolume = 0.500000
V/AudioPolicyManager(  303): getOutput() device 2, stream 1, samplingRate 0, format 0, channelMask 0, flags 3
V/AudioPolicyManager(  303): getOutputsForDevice device 0002 -> 0002
V/AudioPolicyManager(  303): getOutput() returns output 2
V/AudioPolicyManager(  303): getOutput() device 2, stream 1, samplingRate 0, format 0, channelMask 0, flags 3
V/AudioPolicyManager(  303): getOutputsForDevice device 0002 -> 0002
V/AudioPolicyManager(  303): getOutput() returns output 2
V/AudioPolicyManager(  303): getOutputForAttr() usage=13, content=4, tag= flags=00000000
V/AudioPolicyManager(  303): getOutputForAttr() device 2, samplingRate 48000, format 1, channelMask 1, flags 4
V/AudioPolicyManager(  303): getOutputsForDevice device 0002 -> 0002
V/AudioPolicyManager(  303): getOutput() returns output 2
D/InputDispatcher( 1036): Waiting for application to become ready for input: xxxx Reason: Waiting to send key event because the focused window has not finished processing all of the input events that were previously delivered to it.  Outbound queue length: 0.  Wait queue length: 1.
V/AudioPolicyManager(  303): startOutput() output 2, stream 1, session 287
V/AudioPolicyManager(  303): changeRefCount() stream 1, count 6
I/InputDispatcher( 1036): Delivering key to (12668): action: 0x1 (0)
D/InputDispatcher( 1036): Waiting for application to become ready for input: xxxx Reason: Waiting to send key event because the focused window has not finished processing all of the input events that were previously delivered to it.  Outbound queue length: 0.  Wait queue length: 1.
I/InputDispatcher( 1036): Delivering key to (12668): action: 0x0 (0)
D/InputDispatcher( 1036): Waiting for application to become ready for input: xxxx Reason: Waiting to send key event because the focused window has not finished processing all of the input events that were previously delivered to it.  Outbound queue length: 0.  Wait queue length: 1.
I/AudioPolicyManager(  303): getAudioPolicyConfig: situation=1;device=0
I/AudioPolicyManager(  303): getSituationVolume: isBTConnected:0 isHeadConnected:0
V/AudioPolicyManager(  303): deviceInt = 0, situationInt = 1, situationVolume = 0.500000
V/AudioPolicyManager(  303): getOutput() device 2, stream 1, samplingRate 0, format 0, channelMask 0, flags 3
V/AudioPolicyManager(  303): getOutputsForDevice device 0002 -> 0002
V/AudioPolicyManager(  303): getOutput() returns output 2
V/AudioPolicyManager(  303): getOutput() device 2, stream 1, samplingRate 0, format 0, channelMask 0, flags 3
V/AudioPolicyManager(  303): getOutputsForDevice device 0002 -> 0002
V/AudioPolicyManager(  303): getOutput() returns output 2
V/AudioPolicyManager(  303): getOutputForAttr() usage=13, content=4, tag= flags=00000000
V/AudioPolicyManager(  303): getOutputForAttr() device 2, samplingRate 48000, format 1, channelMask 1, flags 4
V/AudioPolicyManager(  303): getOutputsForDevice device 0002 -> 0002
V/AudioPolicyManager(  303): getOutput() returns output 2
V/AudioPolicyManager(  303): startOutput() output 2, stream 1, session 288
V/AudioPolicyManager(  303): changeRefCount() stream 1, count 7
I/InputDispatcher( 1036): Delivering key to (12668): action: 0x1 (0)
W/BindingManager(12668): Cannot call determinedVisibility() - never saw a connection for the pid: 12668
I/InputDispatcher( 1036): Delivering touch to (12668): action: 0x0, toolType: 0
I/InputDispatcher( 1036): Delivering touch to (12668): action: 0x1, toolType: 0
D/InputDispatcher( 1036): Waiting for application to become ready for input: xxxx Reason: Waiting to send key event because the focused window has not finished processing all of the input events that were previously delivered to it.  Outbound queue length: 0.  Wait queue length: 10.
I/InputDispatcher( 1036): Delivering key to (12668): action: 0x0 (0)
D/InputDispatcher( 1036): Waiting for application to become ready for input: xxxx Reason: Waiting to send key event because the focused window has not finished processing all of the input events that were previously delivered to it.  Outbound queue length: 0.  Wait queue length: 1.
I/InputDispatcher( 1036): Delivering key to (12668): action: 0x1 (0)
D/InputDispatcher( 1036): Waiting for application to become ready for input: xxxx Reason: Waiting to send key event because the focused window has not finished processing all of the input events that were previously delivered to it.  Outbound queue length: 0.  Wait queue length: 1.
I/InputDispatcher( 1036): Delivering key to (12668): action: 0x0 (0)
D/WebView (12668): show url http://116.236.220.210:8084/mobileWebContract/borrowContract
I/InputDispatcher( 1036): Delivering key to (12668): action: 0x1 (0)
W/BindingManager(12668): Cannot call determinedVisibility() - never saw a connection for the pid: 12668
I/InputDispatcher( 1036): Delivering key to (12668): action: 0x0 (0)
D/InputDispatcher( 1036): Waiting for application to become ready for input: xxxx Reason: Waiting to send key event because the focused window has not finished processing all of the input events that were previously delivered to it.  Outbound queue length: 0.  Wait queue length: 1.
I/InputDispatcher( 1036): Delivering key to (12668): action: 0x1 (0)
I/InputDispatcher( 1036): Delivering touch to (1505): action: 0x4, toolType: 0
I/InputDispatcher( 1036): Delivering touch to (32233): action: 0x4, toolType: 0
I/InputDispatcher( 1036): Delivering touch to (12668): action: 0x0, toolType: 0
I/InputDispatcher( 1036): Delivering touch to (12668): action: 0x1, toolType: 0
I/AudioPolicyManager(  303): getAudioPolicyConfig: situation=1;device=0
I/AudioPolicyManager(  303): getSituationVolume: isBTConnected:0 isHeadConnected:0
V/AudioPolicyManager(  303): deviceInt = 0, situationInt = 1, situationVolume = 0.500000
V/AudioPolicyManager(  303): getOutput() device 2, stream 1, samplingRate 0, format 0, channelMask 0, flags 3
V/AudioPolicyManager(  303): getOutputsForDevice device 0002 -> 0002
V/AudioPolicyManager(  303): getOutput() returns output 2
D/ViewRootImpl(12668): ViewPostImeInputStage ACTION_DOWN
V/AudioPolicyManager(  303): getOutput() device 2, stream 1, samplingRate 0, format 0, channelMask 0, flags 3
V/AudioPolicyManager(  303): getOutputsForDevice device 0002 -> 0002
V/AudioPolicyManager(  303): getOutput() returns output 2
V/AudioPolicyManager(  303): getOutputForAttr() usage=13, content=4, tag= flags=00000000
V/AudioPolicyManager(  303): getOutputForAttr() device 2, samplingRate 48000, format 1, channelMask 1, flags 4
V/AudioPolicyManager(  303): getOutputsForDevice device 0002 -> 0002
V/AudioPolicyManager(  303): getOutput() returns output 2
V/AudioPolicyManager(  303): startOutput() output 2, stream 1, session 289
V/AudioPolicyManager(  303): changeRefCount() stream 1, count 8
D/InputDispatcher( 1036): Waiting for application to become ready for input: xxxx Reason: Waiting to send key event because the focused window has not finished processing all of the input events that were previously delivered to it.  Outbound queue length: 0.  Wait queue length: 10.
D/WebView (12668): show url http://116.236.220.210:8084/mobileWebContract/borrowContract
I/AudioPolicyManager(  303): getAudioPolicyConfig: situation=1;device=0
I/AudioPolicyManager(  303): getSituationVolume: isBTConnected:0 isHeadConnected:0
V/AudioPolicyManager(  303): deviceInt = 0, situationInt = 1, situationVolume = 0.500000
V/AudioPolicyManager(  303): getOutput() device 2, stream 1, samplingRate 0, format 0, channelMask 0, flags 3
V/AudioPolicyManager(  303): getOutputsForDevice device 0002 -> 0002
V/AudioPolicyManager(  303): getOutput() returns output 2
V/AudioPolicyManager(  303): getOutput() device 2, stream 1, samplingRate 0, format 0, channelMask 0, flags 3
V/AudioPolicyManager(  303): getOutputsForDevice device 0002 -> 0002
V/AudioPolicyManager(  303): getOutput() returns output 2
V/AudioPolicyManager(  303): getOutputForAttr() usage=13, content=4, tag= flags=00000000
V/AudioPolicyManager(  303): getOutputForAttr() device 2, samplingRate 48000, format 1, channelMask 1, flags 4
V/AudioPolicyManager(  303): getOutputsForDevice device 0002 -> 0002
V/AudioPolicyManager(  303): getOutput() returns output 2
D/InputDispatcher( 1036): Waiting for application to become ready for input: xxxx Reason: Waiting because the focused window is paused.
V/AudioPolicyManager(  303): startOutput() output 2, stream 1, session 290
V/AudioPolicyManager(  303): changeRefCount() stream 1, count 9
W/BindingManager(12668): Cannot call determinedVisibility() - never saw a connection for the pid: 12668
V/AudioPolicyManager(  303): stopOutput() output 2, stream 1, session 282
V/AudioPolicyManager(  303): changeRefCount() stream 1, count 8
V/AudioPolicyManager(  303): releaseOutput() 2
V/MediaPlayer-JNI(12247): getCurrentPosition: 0 (msec)
D/MusicService(12247): setPlaybackState isPreparing ? false isPlaying ? false position : 2000 speed : 1.0
D/MusicPlayer(12247): seek() : 2000
V/MediaPlayer(12247): getDuration_l
V/MediaPlayerService(  303): getDuration
V/StagefrightPlayer(  303): getDuration
V/MediaPlayerService(  303): [59] getDuration = 178965
V/MediaPlayer-JNI(12247): getDuration: 178965 (msec)
V/MediaPlayer-JNI(12247): seekTo: 2000(msec)
V/MediaPlayer(12247): seekTo 2000
V/MediaPlayerService(  303): getDuration
V/StagefrightPlayer(  303): getDuration
V/MediaPlayerService(  303): [59] getDuration = 178965
V/MediaPlayerService(  303): [59] seekTo(2000)
V/StagefrightPlayer(  303): seekTo 2.00 secs
V/AwesomePlayer(  303): seekTo, locked=1
V/AwesomePlayer(  303): seekTo timeUs (2000000)
V/AudioSink(  303): flush
V/AwesomePlayer(  303): seeking(1) while paused, sending SEEK_COMPLETE notification immediately.
V/AwesomePlayer(  303): notifyListner_l() msg (4-MEDIA_SEEK_COMPLETE), ext1 (0), ext2 (0)
V/MediaPlayerService(  303): [59] notify (0xb0da4700, 4, 0, 0)
V/MediaPlayer(12247): message received msg=4, ext1=0, ext2=0
V/MediaPlayer(12247): Received seek complete
V/MediaPlayer(12247): All seeks complete - return to regularly scheduled program
V/MediaPlayer(12247): callback application
V/MediaPlayer(12247): back from callback
