I/wifiscan( 1726): wifi=8863dfcd22e9SSID: yuhui, BSSID: 88:63:df:cd:22:e9, HESSID: <none>, capabilities: [WPA2-PSK-CCMP][ESS], level: -22, frequency: 2462, timestamp: 10103901559, distance: ?(cm), distanceSd: ?(cm)ec26ca3c19e2SSID: ZZL-309, BSSID: ec:26:ca:3c:19:e2, HESSID: <none>, capabilities: [WPA-PSK-CCMP][WPA2-PSK-CCMP][ESS], level: -44, frequency: 2412, timestamp: 10103901530, distance: ?(cm), distanceSd: ?(cm)3c950978a3f3SSID: llll, BSSID: 3c:95:09:78:a3:f3, HESSID: <none>, capabilities: [WPA2-PSK-CCMP][ESS], level: -54, frequency: 2437, timestamp: 10103901544, distance: ?(cm), distanceSd: ?(cm)ec26ca3c2adcSSID: ZZL-208, BSSID: ec:26:ca:3c:2a:dc, HESSID: <none>, capabilities: [WPA-PSK-CCMP][WPA2-PSK-CCMP][ESS], level: -70, frequency: 2437, timestamp: 10103901547, distance: ?(cm), distanceSd: ?(cm)ca50e92a54ceSSID: ChinaNet-6NpC, BSSID: ca:50:e9:2a:54:ce, HESSID: <none>, capabilities: [WPA-PSK-CCMP+TKIP][WPA2-PSK-CCMP+TKIP][ESS], level: -74, frequency: 2412, timestamp: 10103901538, distance: ?(cm), distanceSd: ?(cm)7cd1c386f704SSID: MacBook-Pro, BSSID: 7c:d1:c3:86:f7:04, HESSID: <none>, capabilities: [WPA2-PSK-CCMP][ESS], level: -82, frequency: 2462, timestamp: 10103901564, distance: ?(cm), distanceSd: ?(cm)dcfe18518085SSID: TP-LINK_8085, BSSID: dc:fe:18:51:80:85, HESSID: <none>, capabilities: [WPA-PSK-CCMP][WPA2-PSK-CCMP][ESS], level: -82, frequency: 2437, timestamp: 10103901549, distance: ?(cm), distanceSd: ?(cm)0a11b52631e9SSID: i-Shanghai, BSSID: 0a:11:b5:26:31:e9, HESSID: <none>, capabilities: [ESS], level: -83, frequency: 2412, timestamp: 10100891454, distance: ?(cm), distanceSd: ?(cm)0e11b52631e9SSID: and-Business, BSSID: 0e:11:b5:26:31:e9, HESSID: <none>, capabilities: [ESS], level: -83, frequency: 2412, timestamp: 10103901535, distance: ?(cm), distanceSd: ?(cm)f4ee1410595aSSID: MERCURY_595A, BSSID: f4:ee:14:10:59:5a, HESSID: <none>, capabilities: [WPA-PSK-CCMP][WPA2-PSK-CCMP][WPS][ESS], level: -84, frequency: 2437, timestamp: 10103901562, distance: ?(cm), distanceSd: ?(cm)bc46999ae64eSSID: TP-LINK_E64E, BSSID: bc:46:99:9a:e6:4e, HESSID: <none>, capabilities: [WPA-PSK-CCMP][WPA2-PSK-CCMP][ESS], level: -85, frequency: 2412, timestamp: 10103901541, distance: ?(cm), distanceSd: ?(cm)c4c7554df626SSID: ChinaNet-dxb9, BSSID: c4:c7:55:4d:f6:26, HESSID: <none>, capabilities: [WPA-PSK-CCMP+TKIP][WPA2-PSK-CCMP+TKIP][WPS][ESS], level: -85, frequency: 2437, timestamp: 10103901556, distance: ?(cm), distanceSd: ?(cm)081079677db5SSID: Netcore_677DB5, BSSID: 08:10:79:67:7d:b5, HESSID: <none>, capabilities: [WPA-PSK-CCMP][WPA2-PSK-CCMP][ESS], level: -89, frequency: 2437, timestamp: 10103901552, distance: ?(cm), distanceSd: ?(cm)
D/baidu_location_service( 1726): wifi manager receive new wifi...
D/wifiscan( 1726): wifi manager receive new wifi...
D/baidu_location_service( 1726): on broadcast new Wifi received...
D/StatusBar( 1505): getNumberOfActiveSim:0
D/PanelView( 1505): There is/are notification(s) 
D/StatusBar-Window( 1505): fnf=true sanc=false, kni=false, sbf=false
D/CoverUI ( 1505): applyFocusableFlag() : Remove SAMSUNG_FLAG_SVIEW_COVER
D/SecContentProvider2( 1036): uri = 14 selection = getSealedState
D/SecContentProvider2( 1036): mCursor = null
D/PhoneStatusBar( 1505): disable: < expand icons alerts system_info back home recent clock search >
D/SecContentProvider2( 1036): uri = 14 selection = getSealedState
D/SecContentProvider2( 1036): mCursor = null
D/SecContentProvider2( 1036): uri = 14 selection = getSealedState
D/SecContentProvider2( 1036): mCursor = null
D/SecContentProvider2( 1036): uri = 14 selection = getSealedState
D/SecContentProvider2( 1036): mCursor = null
I/InputDispatcher( 1036): Delivering key to (14075): action: 0x1 (0)
I/InputDispatcher( 1036): Delivering key to (14075): action: 0x0 (0)
D/PhoneStatusBar( 1505): makeExpandedVisible:false
I/InputDispatcher( 1036): Delivering key to (14075): action: 0x1 (0)
I/InputDispatcher( 1036): Delivering touch to (1505): action: 0x4, toolType: 0
I/InputDispatcher( 1036): Delivering touch to (32233): action: 0x4, toolType: 0
I/InputDispatcher( 1036): Delivering touch to (14075): action: 0x0, toolType: 0
D/StatusBar-Window( 1505): fnf=false sanc=false, kni=false, sbf=true
D/CoverUI ( 1505): applyFocusableFlag() : Remove SAMSUNG_FLAG_SVIEW_COVER
I/InputDispatcher( 1036): Delivering touch to (14075): action: 0x1, toolType: 0
V/Vibrator( 1036): Called cancel() API - PUID: 1000, PackageName: android
D/SecContentProvider2( 1036): uri = 14 selection = getSealedState
D/SecContentProvider2( 1036): mCursor = null
D/PhoneStatusBar( 1505): disable: < expand icons alerts system_info back home recent clock search >
D/SecContentProvider2( 1036): uri = 14 selection = getSealedState
D/SecContentProvider2( 1036): mCursor = null
D/SecContentProvider2( 1036): uri = 14 selection = getSealedState
D/SecContentProvider2( 1036): mCursor = null
D/SecContentProvider2( 1036): uri = 14 selection = getSealedState
D/SecContentProvider2( 1036): mCursor = null
D/InputDispatcher( 1036): Waiting for application to become ready for input: xxxx Reason: Waiting to send key event because the focused window has not finished processing all of the input events that were previously delivered to it.  Outbound queue length: 0.  Wait queue length: 23.
D/ViewRootImpl(14075): ViewPostImeInputStage ACTION_DOWN
D/PointerIcon( 1036): setMouseIconStyle1 pointerType: 1001iconType:101 flag:0
D/PointerIcon( 1036): setMouseCustomIcon IconType is same.101
D/PointerIcon( 1036): setHoveringSpenIconStyle1 pointerType: 10001iconType:1 flag:0
D/PointerIcon( 1036): setHoveringSpenCustomIcon IconType is same.1
D/QSpanel ( 1505): label top:23
D/StatusBar-QSPanel( 1505): onLayout left:0 top:0 record.row:0
D/QSpanel ( 1505): label top:23
D/StatusBar-QSPanel( 1505): onLayout left:206 top:0 record.row:0
D/QSpanel ( 1505): label top:23
D/StatusBar-QSPanel( 1505): onLayout left:412 top:0 record.row:0
D/QSpanel ( 1505): label top:0
D/StatusBar-QSPanel( 1505): onLayout left:618 top:0 record.row:0
D/QSpanel ( 1505): label top:23
D/StatusBar-QSPanel( 1505): onLayout left:824 top:0 record.row:0
D/QSpanel ( 1505): label top:0
D/StatusBar-QSPanel( 1505): onLayout left:1030 top:0 record.row:0
D/QSpanel ( 1505): label top:0
D/StatusBar-QSPanel( 1505): onLayout left:1236 top:0 record.row:0
D/QSpanel ( 1505): label top:0
D/StatusBar-QSPanel( 1505): onLayout left:1442 top:0 record.row:0
D/QSpanel ( 1505): label top:0
D/StatusBar-QSPanel( 1505): onLayout left:1648 top:0 record.row:0
D/QSpanel ( 1505): label top:23
D/StatusBar-QSPanel( 1505): onLayout left:1854 top:0 record.row:0
I/InputDispatcher( 1036): Delivering key to (1505): action: 0x0 (0)
I/InputDispatcher( 1036): Delivering key to (1505): action: 0x1 (0)
D/InputDispatcher( 1036): Waiting for application to become ready for input: xxxx Reason: Waiting to send key event because the focused window has not finished processing all of the input events that were previously delivered to it.  Outbound queue length: 0.  Wait queue length: 1.
I/InputDispatcher( 1036): Delivering key to (1505): action: 0x0 (0)
I/InputDispatcher( 1036): Delivering key to (1505): action: 0x1 (0)
D/InputDispatcher( 1036): Waiting for application to become ready for input: xxxx Reason: Waiting to send key event because the focused window has not finished processing all of the input events that were previously delivered to it.  Outbound queue length: 0.  Wait queue length: 1.
I/InputDispatcher( 1036): Delivering key to (1505): action: 0x0 (0)
I/InputDispatcher( 1036): Delivering key to (1505): action: 0x1 (0)
I/InputDispatcher( 1036): Delivering key to (1505): action: 0x0 (0)
D/RippleInk_KeyguardEffect( 1505): onWindowFocusChanged hasWindowFocus = true
D/InputDispatcher( 1036): Waiting for application to become ready for input: xxxx Reason: Waiting to send key event because the focused window has not finished processing all of the input events that were previously delivered to it.  Outbound queue length: 0.  Wait queue length: 1.
D/ForegroundCallbacks(12668): went background
I/InputDispatcher( 1036): Delivering key to (1505): action: 0x1 (0)
I/AudioPolicyManager(  303): getAudioPolicyConfig: situation=1;device=0
I/AudioPolicyManager(  303): getSituationVolume: isBTConnected:0 isHeadConnected:0
V/AudioPolicyManager(  303): deviceInt = 0, situationInt = 1, situationVolume = 0.500000
V/AudioPolicyManager(  303): getOutput() device 2, stream 1, samplingRate 0, format 0, channelMask 0, flags 3
V/AudioPolicyManager(  303): getOutputsForDevice device 0002 -> 0002
V/AudioPolicyManager(  303): getOutput() returns output 2
V/AudioPolicyManager(  303): getOutput() device 2, stream 1, samplingRate 0, format 0, channelMask 0, flags 3
V/AudioPolicyManager(  303): getOutputsForDevice device 0002 -> 0002
V/AudioPolicyManager(  303): getOutput() returns output 2
V/AudioPolicyManager(  303): getOutputForAttr() usage=13, content=4, tag= flags=00000000
V/AudioPolicyManager(  303): getOutputForAttr() device 2, samplingRate 48000, format 1, channelMask 1, flags 4
V/AudioPolicyManager(  303): getOutputsForDevice device 0002 -> 0002
V/AudioPolicyManager(  303): getOutput() returns output 2
I/InputDispatcher( 1036): Delivering key to (1505): action: 0x0 (0)
D/InputDispatcher( 1036): Waiting for application to become ready for input: xxxx Reason: Waiting to send key event because the focused window has not finished processing all of the input events that were previously delivered to it.  Outbound queue length: 0.  Wait queue length: 1.
V/AudioPolicyManager(  303): startOutput() output 2, stream 1, session 265
V/AudioPolicyManager(  303): changeRefCount() stream 1, count 1
V/AudioPolicyManager(  303): getNewOutputDevice() selected device 2
V/AudioPolicyManager(  303): setOutputDevice() output 2 device 0002 delayMs 0
V/AudioPolicyManager(  303): setOutputDevice() prevDevice 0002
V/AudioPolicyManager(  303): setOutputDevice() setting same device 0002 or null device for output 2
V/audio_hw_primary(  303): start_output_stream: enter: usecase(0: deep-buffer-playback) devices(0x2)
V/audio_hw_primary(  303): select_devices: ENTER
V/audio_hw_primary(  303): select_devices: usecase(normal)
V/audio_hw_primary(  303): select_devices: usecase(PCM_PLAYBACK)
V/msm8974_platform(  303): platform_get_output_snd_device: enter: output devices(0x2)
I/InputDispatcher( 1036): Delivering key to (1505): action: 0x1 (0)
V/msm8974_platform(  303): get_OUTPUT_snd_device: for Normal Playback
V/msm8974_platform(  303): platform_get_output_snd_device: exit: snd_device(speaker)
D/audio_hw_primary(  303): select_devices: out_snd_device(2: speaker)
D/audio_hw_primary(  303): select_devices: in_snd_device(0: dummy)
D/ACDB-LOADER(  303): ACDB -> send_audio_cal, acdb_id = 15, path =  0
D/ACDB-LOADER(  303): ACDB -> send_adm_topology
D/ACDB-LOADER(  303): ACDB -> ACDB_CMD_GET_AUDPROC_COMMON_TOPOLOGY_ID
D/ACDB-LOADER(  303): ACDB -> send_asm_topology
D/ACDB-LOADER(  303): ACDB -> ACDB_CMD_GET_AUDPROC_STREAM_TOPOLOGY_ID
D/ACDB-LOADER(  303): ACDB -> send_audtable
D/ACDB-LOADER(  303): ACDB -> ACDB_CMD_GET_AUDPROC_COMMON_TABLE
D/ACDB-LOADER(  303): ACDB -> AUDIO_SET_AUDPROC_CAL
D/ACDB-LOADER(  303): ACDB -> send_audvoltable
D/ACDB-LOADER(  303): ACDB -> ACDB_CMD_GET_AUDPROC_GAIN_DEP_STEP_TABLE
D/ACDB-LOADER(  303): ACDB -> AUDIO_SET_AUDPROC_VOL_CAL
D/ACDB-LOADER(  303): ACDB -> send_afe_cal
D/ACDB-LOADER(  303): ACDB -> ACDB_CMD_GET_AFE_COMMON_TABLE
D/ACDB-LOADER(  303): ACDB -> AUDIO_SET_AFE_CAL
V/audio_hw_primary(  303): enable_snd_device: snd_device(2: speaker, speaker)
D/audio_route(  303): ++++ audio_route_update_mixer ==============
D/audio_route(  303): Setting mixer control: SPK DRV Volume
D/audio_route(  303): Setting mixer control: value: 8
D/audio_route(  303): Setting mixer control: RX7 Digital Volume
D/audio_route(  303): Setting mixer control: value: 82
D/audio_route(  303): Setting mixer control: COMP0 Switch
D/audio_route(  303): Setting mixer control: value: 1
D/audio_route(  303): Setting mixer control: RX7 MIX1 INP1, value: 5
V/AudioPolicyManager(  303): releaseOutput() 2
D/audio_route(  303): Setting mixer control: DAC1 Switch
D/audio_route(  303): Setting mixer control: value: 1
D/audio_route(  303): Setting mixer control: SPK Status
D/audio_route(  303): Setting mixer control: value: 1
D/audio_route(  303): ------ audio_route_update_mixer ==============
V/audio_hw_primary(  303): enable_audio_route: enter: usecase(0)
V/audio_hw_primary(  303): enable_audio_route: apply mixer path: deep-buffer-playback
D/audio_route(  303): ++++ audio_route_update_mixer ==============
D/audio_route(  303): Setting mixer control: SLIMBUS_0_RX Audio Mixer MultiMedia1
D/audio_route(  303): Setting mixer control: value: 1
I/AudioPolicyManager(  303): getAudioPolicyConfig: situation=1;device=0
I/AudioPolicyManager(  303): getSituationVolume: isBTConnected:0 isHeadConnected:0
V/AudioPolicyManager(  303): deviceInt = 0, situationInt = 1, situationVolume = 0.500000
V/AudioPolicyManager(  303): getOutput() device 2, stream 1, samplingRate 0, format 0, channelMask 0, flags 3
V/AudioPolicyManager(  303): getOutputsForDevice device 0002 -> 0002
V/AudioPolicyManager(  303): getOutput() returns output 2
V/AudioPolicyManager(  303): getOutput() device 2, stream 1, samplingRate 0, format 0, channelMask 0, flags 3
V/AudioPolicyManager(  303): getOutputsForDevice device 0002 -> 0002
V/AudioPolicyManager(  303): getOutput() returns output 2
V/AudioPolicyManager(  303): getOutputForAttr() usage=13, content=4, tag= flags=00000000
V/AudioPolicyManager(  303): getOutputForAttr() device 2, samplingRate 48000, format 1, channelMask 1, flags 4
V/AudioPolicyManager(  303): getOutputsForDevice device 0002 -> 0002
V/AudioPolicyManager(  303): getOutput() returns output 2
D/audio_route(  303): ------ audio_route_update_mixer ==============
V/audio_hw_primary(  303): enable_audio_route: exit
V/audio_hw_primary(  303): start_output_stream: Opening PCM device card_id(0) device_id(0)
V/AudioPolicyManager(  303): startOutput() output 2, stream 1, session 266
V/AudioPolicyManager(  303): changeRefCount() stream 1, count 2
V/audio_hw_primary(  303): start_output_stream: exit
D/InputDispatcher( 1036): Waiting for application to become ready for input: xxxx Reason: Waiting to send key event because the focused window has not finished processing all of the input events that were previously delivered to it.  Outbound queue length: 0.  Wait queue length: 1.
I/PhoneStatusBar( 1505): Send intent for dismiss clipboard dialog inside phonestatusbar() !
V/AudioPolicyManager(  303): releaseOutput() 2
D/PhoneStatusBar( 1505): animateCollapse(): mExpandedVisible=true flags=0
D/StatusBar-Window( 1505): fnf=true sanc=false, kni=false, sbf=false
D/CoverUI ( 1505): applyFocusableFlag() : Remove SAMSUNG_FLAG_SVIEW_COVER
E/PersonaManagerService( 1036): inState():  stateMachine is null !!
I/PersonaManagerService( 1036): PersonaId don't exist
I/ActivityManager( 1036): do not start freezing screen for locked container getKeyguardshowstate = false
I/InputDispatcher( 1036): Delivering key to (1505): action: 0x0 (0)
I/AudioPolicyManager(  303): getAudioPolicyConfig: situation=1;device=0
I/AudioPolicyManager(  303): getSituationVolume: isBTConnected:0 isHeadConnected:0
V/AudioPolicyManager(  303): deviceInt = 0, situationInt = 1, situationVolume = 0.500000
V/AudioPolicyManager(  303): getOutput() device 2, stream 1, samplingRate 0, format 0, channelMask 0, flags 3
V/AudioPolicyManager(  303): getOutputsForDevice device 0002 -> 0002
V/AudioPolicyManager(  303): getOutput() returns output 2
V/AudioPolicyManager(  303): getOutput() device 2, stream 1, samplingRate 0, format 0, channelMask 0, flags 3
V/AudioPolicyManager(  303): getOutputsForDevice device 0002 -> 0002
V/AudioPolicyManager(  303): getOutput() returns output 2
V/AudioPolicyManager(  303): getOutputForAttr() usage=13, content=4, tag= flags=00000000
V/AudioPolicyManager(  303): getOutputForAttr() device 2, samplingRate 48000, format 1, channelMask 1, flags 4
V/AudioPolicyManager(  303): getOutputsForDevice device 0002 -> 0002
V/AudioPolicyManager(  303): getOutput() returns output 2
I/InputDispatcher( 1036): Delivering key to (1505): action: 0x1 (0)
V/AudioPolicyManager(  303): startOutput() output 2, stream 1, session 267
V/AudioPolicyManager(  303): changeRefCount() stream 1, count 3
V/AudioPolicyManager(  303): releaseOutput() 2
I/InputDispatcher( 1036): Delivering touch to (1505): action: 0x0, toolType: 0
I/InputDispatcher( 1036): Delivering touch to (1505): action: 0x1, toolType: 0
D/InputDispatcher( 1036): Waiting for application to become ready for input: xxxx Reason: Waiting to send key event because the focused window has not finished processing all of the input events that were previously delivered to it.  Outbound queue length: 0.  Wait queue length: 10.
I/InputDispatcher( 1036): Delivering key to (14075): action: 0x0 (0)
I/Sally Service(32233): removeWindow window
I/InputDispatcher( 1036): Delivering key to (14075): action: 0x1 (0)
I/InputDispatcher( 1036): Delivering key to (14075): action: 0x0 (0)
D/tv.peel.samsung.widget.NotiRemoteService( 8738): action com.peel.widget.notification.DISPLAY_UI
D/tv.peel.samsung.widget.NotiRemoteService( 8738): connectToPeelService 0
I/InputDispatcher( 1036): Delivering key to (14075): action: 0x1 (0)
W/ContextImpl( 8738): Implicit intents with startService are not safe: Intent { act=tv.peel.samsung.widget.service.IPeelService } android.content.ContextWrapper.bindService:559 tv.peel.samsung.widget.a.<init>:76 tv.peel.samsung.widget.NotiRemoteService.a:561 
D/tv.peel.samsung.widget.NotiRemoteService( 8738): onServiceOn() mServiceState = 1
D/tv.peel.samsung.widget.NotiRemoteService( 8738): Send action to self com.peel.widget.notification.SERVICE_BINDED
D/tv.peel.samsung.widget.NotiRemoteService( 8738): action com.peel.widget.notification.SERVICE_BINDED
D/tv.peel.samsung.widget.NotiRemoteService( 8738): feature is Off. Stop service
D/tv.peel.samsung.widget.NotiRemoteService( 8738): Send action to self com.peel.widget.notification.STOP_PROCESS
I/InputDispatcher( 1036): Delivering touch to (1505): action: 0x0, toolType: 0
I/InputDispatcher( 1036): Delivering touch to (1505): action: 0x1, toolType: 0
D/tv.peel.samsung.widget.NotiRemoteService( 8738): action com.peel.widget.notification.STOP_PROCESS
D/PointerIcon( 1036): setMouseIconStyle1 pointerType: 1001iconType:101 flag:0
D/PointerIcon( 1036): setMouseCustomIcon IconType is same.101
D/PointerIcon( 1036): setHoveringSpenIconStyle1 pointerType: 10001iconType:1 flag:0
D/PointerIcon( 1036): setHoveringSpenCustomIcon IconType is same.1
D/InputMethodManagerService( 1036): windowGainedFocus mCurrentFocusedUserId - 0 and mSecureKeypadEnabled-false
D/tv.peel.samsung.widget.NotiRemoteService( 8738): onDestroy()
D/tv.peel.samsung.widget.NotiRemoteService( 8738): mOrientationChangeReceier was not registered
D/ViewRootImpl( 1505): ViewPostImeInputStage ACTION_DOWN
D/ViewRootImpl( 1505): ViewPostImeInputStage ACTION_DOWN
D/PanelView( 1505): NSSL isInContentBounds : true Top:true event.getY() = 796.0 getHeight() = 1818 getEmptyBottomMargin() = 0 mTopPadding = 393 getTop() = 0
D/PhoneStatusBar( 1505): animateCollapse(): mExpandedVisible=true flags=0
D/StatusBar-Window( 1505): fnf=true sanc=false, kni=false, sbf=false
D/CoverUI ( 1505): applyFocusableFlag() : Remove SAMSUNG_FLAG_SVIEW_COVER
I/InputDispatcher( 1036): Delivering key to (14075): action: 0x0 (0)
I/InputDispatcher( 1036): Delivering key to (14075): action: 0x1 (0)
I/InputDispatcher( 1036): Delivering touch to (1505): action: 0x0, toolType: 0
I/InputDispatcher( 1036): Delivering touch to (1505): action: 0x1, toolType: 0
I/InputDispatcher( 1036): Delivering touch to (1505): action: 0x0, toolType: 0
I/InputDispatcher( 1036): Delivering touch to (1505): action: 0x1, toolType: 0
I/InputDispatcher( 1036): Delivering key to (14075): action: 0x0 (0)
I/InputDispatcher( 1036): Delivering key to (14075): action: 0x0 (0)
I/InputDispatcher( 1036): Delivering key to (14075): action: 0x1 (0)
I/InputDispatcher( 1036): Delivering key to (14075): action: 0x1 (0)
V/AudioPolicyManager(  303): stopOutput() output 2, stream 1, session 265
V/AudioPolicyManager(  303): changeRefCount() stream 1, count 2
D/ViewRootImpl( 1505): ViewPostImeInputStage ACTION_DOWN
D/ViewRootImpl( 1505): ViewPostImeInputStage ACTION_DOWN
D/NotificationStackScrollLayout( 1505): do not intercept swipHelper 
D/PanelView( 1505): NSSL isInContentBounds : true Top:true event.getY() = 481.0 getHeight() = 1818 getEmptyBottomMargin() = 0 mTopPadding = 393 getTop() = 0
D/NotificationStackScrollLayout( 1505): do not touch swipHelper
D/NotificationStackScrollLayout( 1505): do not touch swipHelper
D/NotificationStackScrollLayout( 1505): do not touch swipHelper
D/RippleInk_KeyguardEffect( 1505): onWindowFocusChanged hasWindowFocus = false
V/AudioPolicyManager(  303): stopOutput() output 2, stream 1, session 267
V/AudioPolicyManager(  303): changeRefCount() stream 1, count 1
V/AudioPolicyManager(  303): stopOutput() output 2, stream 1, session 266
V/AudioPolicyManager(  303): changeRefCount() stream 1, count 0
V/AudioPolicyManager(  303): getNewOutputDevice() selected device 0
V/AudioPolicyManager(  303): setOutputDevice() output 2 device 0000 delayMs 160
V/AudioPolicyManager(  303): setOutputDevice() prevDevice 0002
V/AudioPolicyManager(  303): setOutputDevice() setting same device 0000 or null device for output 2
I/AudioPolicyManager(  303): getAudioPolicyConfig: situation=1;device=0
I/AudioPolicyManager(  303): getSituationVolume: isBTConnected:0 isHeadConnected:0
V/AudioPolicyManager(  303): deviceInt = 0, situationInt = 1, situationVolume = 0.500000
V/AudioPolicyManager(  303): getOutput() device 2, stream 1, samplingRate 0, format 0, channelMask 0, flags 3
V/AudioPolicyManager(  303): getOutputsForDevice device 0002 -> 0002
V/AudioPolicyManager(  303): getOutput() returns output 2
V/AudioPolicyManager(  303): getOutput() device 2, stream 1, samplingRate 0, format 0, channelMask 0, flags 3
V/AudioPolicyManager(  303): getOutputsForDevice device 0002 -> 0002
V/AudioPolicyManager(  303): getOutput() returns output 2
V/AudioPolicyManager(  303): getOutputForAttr() usage=13, content=4, tag= flags=00000000
V/AudioPolicyManager(  303): getOutputForAttr() device 2, samplingRate 48000, format 1, channelMask 1, flags 4
V/AudioPolicyManager(  303): getOutputsForDevice device 0002 -> 0002
V/AudioPolicyManager(  303): getOutput() returns output 2
V/AudioPolicyManager(  303): startOutput() output 2, stream 1, session 268
V/AudioPolicyManager(  303): changeRefCount() stream 1, count 1
V/AudioPolicyManager(  303): getNewOutputDevice() selected device 2
V/AudioPolicyManager(  303): setOutputDevice() output 2 device 0002 delayMs 0
V/AudioPolicyManager(  303): setOutputDevice() prevDevice 0002
V/AudioPolicyManager(  303): setOutputDevice() setting same device 0002 or null device for output 2
V/AudioPolicyManager(  303): releaseOutput() 2
D/wifiscan( 1726): locationclient wifi scan ...
D/wifiscan client( 1726): send wifi_scan to server...
D/wifiscan service( 1726): wifimanager start scan ...
E/WifiStateMachine( 1036): WifiStateMachine CMD_START_SCAN source 10023 txSuccessRate=0.01 rxSuccessRate=6.63 targetRoamBSSID=ec:26:ca:3c:19:e2 RSSI=-42
I/wpa_supplicant( 1566): wlan0: Setting scan request: 0 sec 0 usec
I/wpa_supplicant( 1566): P2P: Current p2p state = IDLE
I/wpa_supplicant( 1566): Scan requested (ret=0) - scan timeout 30 seconds
D/PhoneStatusBar( 1505): animateCollapse(): mExpandedVisible=true flags=0
D/StatusBar-Window( 1505): fnf=true sanc=false, kni=false, sbf=false
D/CoverUI ( 1505): applyFocusableFlag() : Remove SAMSUNG_FLAG_SVIEW_COVER
D/InputDispatcher( 1036): Waiting for application to become ready for input: xxxx Reason: Waiting because the focused window is paused.
I/SurfaceFlinger(  263): id=509 Removed XebViewActi (5/10)
I/SurfaceFlinger(  263): id=509 Removed XebViewActi (-2/10)
D/InputDispatcher( 1036): Waiting for application to become ready for input: xxxx Reason: Waiting because the focused window is paused.
D/PointerIcon( 1036): setMouseIconStyle1 pointerType: 1001iconType:101 flag:0
D/PointerIcon( 1036): setMouseCustomIcon IconType is same.101
D/PointerIcon( 1036): setHoveringSpenIconStyle1 pointerType: 10001iconType:1 flag:0
D/PointerIcon( 1036): setHoveringSpenCustomIcon IconType is same.1
D/PersonaManager( 1505): isKioskContainerExistOnDevice
D/PersonaManager( 1505): isKioskContainerExistOnDevice
D/AbsListView(14075): Get MotionRecognitionManager
D/PanelView( 1505): There is/are notification(s) 
D/PersonaManager( 1505): isKioskContainerExistOnDevice
D/Activity(14075): performCreate Call secproduct feature valuefalse
D/Activity(14075): performCreate Call debug elastic valuetrue
E/File    (14075): fail readDirectory() errno=2
D/ActivityManager( 1036): post active user change for 0
D/KnoxTimeoutHandler( 1036): postActiveUserChange for user 0
D/KnoxTimeoutHandler( 1036): handleActiveUserChange for user 0
I/SurfaceFlinger(  263): id=511 createSurf (1x1),1 flag=404, EisplayLeak
I/InputDispatcher( 1036): Delivering key to (14075): action: 0x0 (0)
D/SecContentProvider2( 1036): uri = 14 selection = getSealedState
D/SecContentProvider2( 1036): mCursor = null
D/InputDispatcher( 1036): Waiting for application to become ready for input: xxxx Reason: Waiting to send key event because the focused window has not finished processing all of the input events that were previously delivered to it.  Outbound queue length: 0.  Wait queue length: 1.
D/PointerIcon( 1036): setMouseIconStyle1 pointerType: 1001iconType:101 flag:0
D/PointerIcon( 1036): setMouseCustomIcon IconType is same.101
D/PointerIcon( 1036): setHoveringSpenIconStyle1 pointerType: 10001iconType:1 flag:0
D/PointerIcon( 1036): setHoveringSpenCustomIcon IconType is same.1
I/InputDispatcher( 1036): Delivering key to (14075): action: 0x1 (0)
D/InputDispatcher( 1036): Waiting for application to become ready for input: xxxx Reason: Waiting to send key event because the focused window has not finished processing all of the input events that were previously delivered to it.  Outbound queue length: 0.  Wait queue length: 1.
V/AudioPolicyManager(  303): stopOutput() output 2, stream 1, session 268
V/AudioPolicyManager(  303): changeRefCount() stream 1, count 0
V/AudioPolicyManager(  303): getNewOutputDevice() selected device 0
V/AudioPolicyManager(  303): setOutputDevice() output 2 device 0000 delayMs 160
V/AudioPolicyManager(  303): setOutputDevice() prevDevice 0002
V/AudioPolicyManager(  303): setOutputDevice() setting same device 0000 or null device for output 2
V/AudioPolicyManager(  303): getOutputsForDevice device 0002 -> 0002
D/ApplicationPolicy( 1036): isStatusBarNotificationAllowedAsUser: packageName = com.tencent.android.qqdownloader,userId = 0
V/ApplicationPolicy( 1036): isApplicationStateBlocked userId 0 pkgname com.tencent.android.qqdownloader
I/InputDispatcher( 1036): Delivering key to (14075): action: 0x0 (0)
D/InputDispatcher( 1036): Waiting for application to become ready for input: xxxx Reason: Waiting to send key event because the focused window has not finished processing all of the input events that were previously delivered to it.  Outbound queue length: 0.  Wait queue length: 1.
I/InputDispatcher( 1036): Delivering key to (14075): action: 0x1 (0)
D/InputMethodManagerService( 1036): windowGainedFocus mCurrentFocusedUserId - 0 and mSecureKeypadEnabled-false
I/InputDispatcher( 1036): Delivering touch to (1505): action: 0x0, toolType: 0
I/InputDispatcher( 1036): Delivering touch to (1505): action: 0x1, toolType: 0
D/ViewRootImpl( 1505): ViewPostImeInputStage ACTION_DOWN
D/VolumePanel.3f5f287d( 1505): onVolumeChanged(streamType: 2, flags: 20)
D/InputDispatcher( 1036): Waiting for application to become ready for input: xxxx Reason: Waiting to send key event because the focused window has not finished processing all of the input events that were previously delivered to it.  Outbound queue length: 0.  Wait queue length: 1.
D/VolumePanel( 1505): phoneIsOffhook : phoneOffhook = false
D/VolumePanel( 1505): Call setMode(ProgressBar.MODE_STANDARD)_#4
D/VolumePanel( 1505): onVolumeChanged : call resetTimeout()
D/VolumePanel.3f5f287d( 1505): resetTimeout at 1512377714336 delay=3000 touchExploration=false
D/VolumePanel( 1505): resetTimeout : call sendEmptyMessageDelayed : MSG_TIMEOUT
I/AudioPolicyManager(  303): getAudioPolicyConfig: situation=1;device=0
I/AudioPolicyManager(  303): getSituationVolume: isBTConnected:0 isHeadConnected:0
V/AudioPolicyManager(  303): deviceInt = 0, situationInt = 1, situationVolume = 0.500000
V/AudioPolicyManager(  303): getOutput() device 2, stream 1, samplingRate 0, format 0, channelMask 0, flags 3
V/AudioPolicyManager(  303): getOutputsForDevice device 0002 -> 0002
V/AudioPolicyManager(  303): getOutput() returns output 2
V/AudioPolicyManager(  303): getOutput() device 2, stream 1, samplingRate 0, format 0, channelMask 0, flags 3
V/AudioPolicyManager(  303): getOutputsForDevice device 0002 -> 0002
V/AudioPolicyManager(  303): getOutput() returns output 2
V/AudioPolicyManager(  303): getOutputForAttr() usage=13, content=4, tag= flags=00000000
V/AudioPolicyManager(  303): getOutputForAttr() device 2, samplingRate 48000, format 1, channelMask 1, flags 4
V/AudioPolicyManager(  303): getOutputsForDevice device 0002 -> 0002
V/AudioPolicyManager(  303): getOutput() returns output 2
D/StatusBar( 1505): ----- contentsUnchanged : true, bigContentsUnchanged - true, headsUpContentsUnchanged - true , publicUnchanged true
V/AudioPolicyManager(  303): startOutput() output 2, stream 1, session 269
V/AudioPolicyManager(  303): changeRefCount() stream 1, count 1
V/AudioPolicyManager(  303): getNewOutputDevice() selected device 2
V/AudioPolicyManager(  303): setOutputDevice() output 2 device 0002 delayMs 0
V/AudioPolicyManager(  303): setOutputDevice() prevDevice 0002
V/AudioPolicyManager(  303): setOutputDevice() setting same device 0002 or null device for output 2
V/AudioPolicyManager(  303): releaseOutput() 2
I/ActivityManager( 1036): Displayed com.zzl.falcon.internal/com.squareup.leakcanary.internal.DisplayLeakActivity: +237ms
I/InputDispatcher( 1036): Delivering key to (14075): action: 0x0 (0)
D/InputDispatcher( 1036): Waiting for application to become ready for input: xxxx Reason: Waiting to send key event because the focused window has not finished processing all of the input events that were previously delivered to it.  Outbound queue length: 0.  Wait queue length: 1.
I/InputDispatcher( 1036): Delivering key to (14075): action: 0x1 (0)
I/InputDispatcher( 1036): Delivering touch to (1505): action: 0x0, toolType: 0
I/InputDispatcher( 1036): Delivering touch to (1505): action: 0x1, toolType: 0
I/InputDispatcher( 1036): Delivering touch to (1505): action: 0x0, toolType: 0
I/InputDispatcher( 1036): Delivering touch to (1505): action: 0x1, toolType: 0
I/Timeline(14075): Timeline: Activity_idle id: android.os.BinderProxy@92b252d time:5949456
I/InputDispatcher( 1036): Delivering key to (14075): action: 0x0 (0)
D/InputDispatcher( 1036): Waiting for application to become ready for input: xxxx Reason: Waiting to send key event because the focused window has not finished processing all of the input events that were previously delivered to it.  Outbound queue length: 0.  Wait queue length: 1.
I/InputDispatcher( 1036): Delivering key to (14075): action: 0x1 (0)
D/InputDispatcher( 1036): Waiting for application to become ready for input: xxxx Reason: Waiting to send key event because the focused window has not finished processing all of the input events that were previously delivered to it.  Outbound queue length: 0.  Wait queue length: 1.
I/InputDispatcher( 1036): Delivering key to (14075): action: 0x0 (0)
D/PersonaManager( 1505): isKioskContainerExistOnDevice
D/PersonaManager( 1505): isKioskContainerExistOnDevice
D/InputDispatcher( 1036): Waiting for application to become ready for input: xxxx Reason: Waiting to send key event because the focused window has not finished processing all of the input events that were previously delivered to it.  Outbound queue length: 0.  Wait queue length: 1.
V/AudioPolicyManager(  303): getOutputsForDevice device 0002 -> 0002
V/AudioPolicyManager(  303): getOutputsForDevice device 0002 -> 0002
I/InputDispatcher( 1036): Delivering key to (14075): action: 0x1 (0)
V/AudioPolicyManager(  303): setStreamVolumeIndex() stream 2, device 0002, index 2
V/AudioPolicyManager(  303): setStreamVolumeIndex() stream 8, device 0002, index 2
D/InputDispatcher( 1036): Waiting for application to become ready for input: xxxx Reason: Waiting to send key event because the focused window has not finished processing all of the input events that were previously delivered to it.  Outbound queue length: 0.  Wait queue length: 1.
V/AudioPolicyManager(  303): getOutputsForDevice device 0002 -> 0002
I/InputDispatcher( 1036): Delivering key to (14075): action: 0x0 (0)
D/PanelView( 1505): There is/are notification(s) 
D/PersonaManager( 1505): isKioskContainerExistOnDevice
D/ViewRootImpl( 1505): ViewPostImeInputStage ACTION_DOWN
D/NotificationStackScrollLayout( 1505): do not intercept swipHelper 
D/NotificationStackScrollLayout( 1505): do not intercept swipHelper 
D/NotificationStackScrollLayout( 1505): do not intercept swipHelper 
D/ViewRootImpl( 1505): ViewPostImeInputStage ACTION_DOWN
I/InputDispatcher( 1036): Delivering key to (14075): action: 0x1 (0)
I/InputDispatcher( 1036): Delivering key to (14075): action: 0x0 (0)
I/InputDispatcher( 1036): Delivering key to (14075): action: 0x1 (0)
V/AudioPolicyManager(  303): getOutput() device 2, stream 2, samplingRate 0, format 0, channelMask 0, flags 3
V/AudioPolicyManager(  303): getOutputsForDevice device 0002 -> 0002
V/AudioPolicyManager(  303): getOutput() returns output 2
V/AudioPolicyManager(  303): getOutput() device 2, stream 2, samplingRate 0, format 0, channelMask 0, flags 3
V/AudioPolicyManager(  303): getOutputsForDevice device 0002 -> 0002
V/AudioPolicyManager(  303): getOutput() returns output 2
V/AudioPolicyManager(  303): getOutputForAttr() usage=6, content=4, tag= flags=00000000
V/AudioPolicyManager(  303): getOutputForAttr() device 2, samplingRate 44100, format 1, channelMask 3, flags 4
V/AudioPolicyManager(  303): getOutputsForDevice device 0002 -> 0002
V/AudioPolicyManager(  303): getOutput() returns output 2
W/AudioTrack( 1505): AUDIO_OUTPUT_FLAG_FAST denied by client
I/InputDispatcher( 1036): Delivering key to (14075): action: 0x0 (0)
I/InputDispatcher( 1036): Delivering key to (14075): action: 0x1 (0)
I/Timeline(18205): Timeline: Activity_launch_request id:com.zzl.falcon.internal time:5949537
E/PersonaManagerService( 1036): inState():  stateMachine is null !!
I/PersonaManagerService( 1036): PersonaId don't exist
I/ActivityManager( 1036): do not start freezing screen for locked container getKeyguardshowstate = false
V/AudioPolicyManager(  303): startOutput() output 2, stream 2, session 270
V/AudioPolicyManager(  303): changeRefCount() stream 2, count 1
V/AudioPolicyManager(  303): getNewOutputDevice() selected device 2
V/AudioPolicyManager(  303): setOutputDevice() output 2 device 0002 delayMs 0
V/AudioPolicyManager(  303): setOutputDevice() prevDevice 0002
V/AudioPolicyManager(  303): setOutputDevice() setting same device 0002 or null device for output 2
V/AudioPolicyManager(  303): releaseOutput() 2
I/Timeline(18205): Timeline: Activity_launch_request id:com.zzl.falcon.internal time:5949543
E/PersonaManagerService( 1036): inState():  stateMachine is null !!
I/PersonaManagerService( 1036): PersonaId don't exist
I/ActivityManager( 1036): do not start freezing screen for locked container getKeyguardshowstate = false
I/InputDispatcher( 1036): Delivering touch to (1505): action: 0x0, toolType: 0
I/InputDispatcher( 1036): Delivering touch to (1505): action: 0x1, toolType: 0
D/SoundAliveResampler(  303): [SoundAliveResampler] Init+++
D/tv.peel.samsung.widget.NotiRemoteService( 8738): action com.peel.widget.notification.HIDE_UI
I/InputDispatcher( 1036): Delivering key to (14075): action: 0x0 (0)
I/InputDispatcher( 1036): Delivering key to (14075): action: 0x1 (0)
I/InputDispatcher( 1036): Delivering touch to (1505): action: 0x0, toolType: 0
I/InputDispatcher( 1036): Delivering touch to (1505): action: 0x1, toolType: 0
D/ViewRootImpl( 1505): ViewPostImeInputStage ACTION_DOWN
D/PhoneStatusBar( 1505): animateCollapse(): mExpandedVisible=true flags=0
D/StatusBar-Window( 1505): fnf=true sanc=false, kni=false, sbf=false
D/CoverUI ( 1505): applyFocusableFlag() : Remove SAMSUNG_FLAG_SVIEW_COVER
I/InputDispatcher( 1036): Delivering key to (14075): action: 0x0 (0)
I/InputDispatcher( 1036): Delivering key to (14075): action: 0x1 (0)
D/ViewRootImpl( 1505): ViewPostImeInputStage ACTION_DOWN
D/PhoneStatusBar( 1505): animateCollapse(): mExpandedVisible=true flags=0
D/StatusBar-Window( 1505): fnf=true sanc=false, kni=false, sbf=false
D/CoverUI ( 1505): applyFocusableFlag() : Remove SAMSUNG_FLAG_SVIEW_COVER
I/InputDispatcher( 1036): Delivering key to (14075): action: 0x0 (0)
D/InputDispatcher( 1036): Waiting for application to become ready for input: xxxx Reason: Waiting to send key event because the focused window has not finished processing all of the input events that were previously delivered to it.  Outbound queue length: 0.  Wait queue length: 1.
I/InputDispatcher( 1036): Delivering key to (14075): action: 0x1 (0)
I/InputDispatcher( 1036): Delivering touch to (1505): action: 0x0, toolType: 0
I/InputDispatcher( 1036): Delivering touch to (1505): action: 0x1, toolType: 0
D/ViewRootImpl( 1505): ViewPostImeInputStage ACTION_DOWN
D/PhoneStatusBar( 1505): animateCollapse(): mExpandedVisible=true flags=0
D/StatusBar-Window( 1505): fnf=true sanc=false, kni=false, sbf=false
D/CoverUI ( 1505): applyFocusableFlag() : Remove SAMSUNG_FLAG_SVIEW_COVER
D/InputDispatcher( 1036): Waiting for application to become ready for input: xxxx Reason: Waiting to send key event because the focused window has not finished processing all of the input events that were previously delivered to it.  Outbound queue length: 0.  Wait queue length: 16.
D/STATUSBAR-WifiQuickSettingButton( 1505): onWifiSignalChanged enabled=true enabledDesc:"ZZL-309"
D/StatusBar.MSimNetworkController( 1505): applyCU
D/StatusBar.MSimNetworkController( 1505): applyCU
I/InputDispatcher( 1036): Delivering key to (14075): action: 0x0 (0)
D/InputDispatcher( 1036): Waiting for application to become ready for input: xxxx Reason: Waiting to send key event because the focused window has not finished processing all of the input events that were previously delivered to it.  Outbound queue length: 0.  Wait queue length: 1.
D/StatusBar.MSimNetworkController( 1505): applyCU
I/InputDispatcher( 1036): Delivering key to (14075): action: 0x1 (0)
D/StatusBar.MSimNetworkController( 1505): applyCU
D/InputDispatcher( 1036): Waiting for application to become ready for input: xxxx Reason: Waiting because the focused window is paused.
D/InputDispatcher( 1036): Waiting for application to become ready for input: xxxx Reason: Waiting because the focused window is paused.
D/StatusBar.MSimNetworkController( 1505): getNumberOfActiveSim:0
D/VolumePanel.3f5f287d( 1505): onVolumeChanged(streamType: 2, flags: 17)
D/VolumePanel( 1505): phoneIsOffhook : phoneOffhook = false
D/VolumePanel( 1505): Call setMode(ProgressBar.MODE_STANDARD)_#4
D/VolumePanel( 1505): onVolumeChanged : call reorderSliders
D/VolumePanel( 1505): updateSliderProgress : progress = -1
V/AudioPolicyManager(  303): getOutputsForDevice device 0002 -> 0002
I/AudioService( 1036): getStreamVolume 2 index 20
D/VolumePanel( 1505): updateSliderIcon : zen = 2
D/VolumePanel( 1505): updateSliderIcon : isZenPriority = false
D/VolumePanel.3f5f287d( 1505): setZenPanelVisible true mZenPanel=com.android.systemui.volume.ZenModePanel{33294d96 G.E..... ......I. 0,0-0,0 #7f0d039a app:id/zen_mode_panel}
D/ZenModePanel( 1505): mZenSubhead.getWidth() = 0, mZenSubhead.getPaddingLeft() - 24, mZenSubhead.getPaddingRight() = 48, mMoreSettings.getWidth() = 0
D/VolumePanel( 1505): setZenPanelVisible : call resetTimeout() #1
D/VolumePanel.3f5f287d( 1505): resetTimeout at 1512377714590 delay=3000 touchExploration=false
D/VolumePanel( 1505): resetTimeout : call sendEmptyMessageDelayed : MSG_TIMEOUT
D/VolumePanel( 1505): setZenPanelVisible : call resetTimeout() #2
D/VolumePanel.3f5f287d( 1505): resetTimeout at 1512377714590 delay=3000 touchExploration=false
D/VolumePanel( 1505): resetTimeout : call sendEmptyMessageDelayed : MSG_TIMEOUT
D/VolumePanel( 1505): updateSliderProgress : progress = -1
I/AudioService( 1036): getStreamVolume 3 index 0
D/VolumePanel( 1505): updateSliderIcon : zen = 2
D/VolumePanel( 1505): updateSliderIcon : isZenPriority = false
D/VolumePanel( 1505): addOtherVolumes stream : 3
D/VolumePanel( 1505): updateSliderProgress : progress = -1
V/AudioPolicyManager(  303): getOutputsForDevice device 0002 -> 0002
I/AudioService( 1036): getStreamVolume 5 index 150
D/VolumePanel( 1505): updateSliderIcon : zen = 2
D/VolumePanel( 1505): updateSliderIcon : isZenPriority = false
D/VolumePanel( 1505): addOtherVolumes stream : 5
D/VolumePanel( 1505): updateSliderProgress : progress = -1
I/AudioService( 1036): getStreamVolume 1 index 0
D/VolumePanel( 1505): updateSliderIcon : zen = 2
D/VolumePanel( 1505): updateSliderIcon : isZenPriority = false
D/VolumePanel( 1505): addOtherVolumes stream : STREAM_SYSTEM
V/AudioPolicyManager(  303): getOutputsForDevice device 0002 -> 0002
I/AudioService( 1036): getStreamVolume 2 index 20
D/VolumePanel.3f5f287d( 1505): onShowVolumeChanged(streamType: 2, flags: 17), index: 2
D/RingtoneManager( 1505): getActualDefaultRingtoneUri  type    :1
D/RingtoneManager( 1505): checkDefaultRingtoneProperUri : InternalMediaAudio uriString not null    type:1
D/VolumePanel( 1505): updateSliderProgress : progress = 2
D/VolumePanel( 1505): mCoverManager.getCoverState() : true
D/VolumePanel( 1505): mCoverManager.getCoverState() : true
D/VolumePanel( 1505): onShowVolumeChanged: Cover is opened
D/VolumePanel( 1505): ===== Start updateLayout =====
D/VolumePanel( 1505): updateLayout : lp.width = 954, lp.y = 144
V/AudioPolicyManager(  303): stopOutput() output 2, stream 1, session 269
V/AudioPolicyManager(  303): changeRefCount() stream 1, count 0
V/AudioPolicyManager(  303): getNewOutputDevice() selected device 2
V/AudioPolicyManager(  303): setOutputDevice() output 2 device 0002 delayMs 160
V/AudioPolicyManager(  303): setOutputDevice() prevDevice 0002
V/AudioPolicyManager(  303): setOutputDevice() setting same device 0002 or null device for output 2
I/InputDispatcher( 1036): Delivering key to (14075): action: 0x0 (0)
D/InputDispatcher( 1036): Waiting for application to become ready for input: xxxx Reason: Waiting to send key event because the focused window has not finished processing all of the input events that were previously delivered to it.  Outbound queue length: 0.  Wait queue length: 1.
D/VolumePanel( 1505): onVolumeChanged : call resetTimeout()
D/VolumePanel.3f5f287d( 1505): resetTimeout at 1512377714632 delay=3000 touchExploration=false
D/VolumePanel( 1505): resetTimeout : call sendEmptyMessageDelayed : MSG_TIMEOUT
V/WindowOrientationListener( 1036): mSContextAutoRotationListener.getProposedRotation, mbResultFaceDectection: false
V/WindowOrientationListener( 1036): mSContextAutoRotationListener.getProposedRotation, Rotation: 0
V/WindowOrientationListener( 1036): mSContextAutoRotationListener.getProposedRotation, mbResultFaceDectection: false
V/WindowOrientationListener( 1036): mSContextAutoRotationListener.getProposedRotation, Rotation: 0
I/SurfaceFlinger(  263): id=512 createSurf (1080x1920),1 flag=404, XebViewActi
I/AudioPolicyManager(  303): getAudioPolicyConfig: situation=1;device=0
I/AudioPolicyManager(  303): getSituationVolume: isBTConnected:0 isHeadConnected:0
V/AudioPolicyManager(  303): deviceInt = 0, situationInt = 1, situationVolume = 0.500000
V/AudioPolicyManager(  303): getOutput() device 2, stream 1, samplingRate 0, format 0, channelMask 0, flags 3
V/AudioPolicyManager(  303): getOutputsForDevice device 0002 -> 0002
V/AudioPolicyManager(  303): getOutput() returns output 2
V/AudioPolicyManager(  303): getOutput() device 2, stream 1, samplingRate 0, format 0, channelMask 0, flags 3
V/AudioPolicyManager(  303): getOutputsForDevice device 0002 -> 0002
V/AudioPolicyManager(  303): getOutput() returns output 2
V/AudioPolicyManager(  303): getOutputForAttr() usage=13, content=4, tag= flags=00000000
V/AudioPolicyManager(  303): getOutputForAttr() device 2, samplingRate 48000, format 1, channelMask 1, flags 4
V/AudioPolicyManager(  303): getOutputsForDevice device 0002 -> 0002
V/AudioPolicyManager(  303): getOutput() returns output 2
V/AudioPolicyManager(  303): startOutput() output 2, stream 1, session 271
V/AudioPolicyManager(  303): changeRefCount() stream 1, count 1
V/AudioPolicyManager(  303): getNewOutputDevice() selected device 2
V/AudioPolicyManager(  303): setOutputDevice() output 2 device 0002 delayMs 0
V/AudioPolicyManager(  303): setOutputDevice() prevDevice 0002
V/AudioPolicyManager(  303): setOutputDevice() setting same device 0002 or null device for output 2
I/InputDispatcher( 1036): Delivering key to (14075): action: 0x1 (0)
V/AudioPolicyManager(  303): releaseOutput() 2
I/InputDispatcher( 1036): Delivering key to (12668): action: 0x1 (0)
D/InputDispatcher( 1036): Waiting for application to become ready for input: xxxx Reason: Waiting to send key event because the focused window has not finished processing all of the input events that were previously delivered to it.  Outbound queue length: 0.  Wait queue length: 1.
I/InputDispatcher( 1036): Delivering key to (12668): action: 0x0 (0)
D/ForegroundCallbacks(12668): went foreground
D/PointerIcon( 1036): setMouseIconStyle1 pointerType: 1001iconType:101 flag:0
D/PointerIcon( 1036): setMouseCustomIcon IconType is same.101
D/PointerIcon( 1036): setHoveringSpenIconStyle1 pointerType: 10001iconType:1 flag:0
D/PointerIcon( 1036): setHoveringSpenCustomIcon IconType is same.1
I/PhoneStatusBar( 1505): Send intent for dismiss clipboard dialog inside phonestatusbar() !
D/ActivityManager( 1036): post active user change for 0
D/KnoxTimeoutHandler( 1036): postActiveUserChange for user 0
D/KnoxTimeoutHandler( 1036): handleActiveUserChange for user 0
D/InputMethodManagerService( 1036): windowGainedFocus mCurrentFocusedUserId - 0 and mSecureKeypadEnabled-false
I/InputDispatcher( 1036): Delivering key to (12668): action: 0x1 (0)
I/InputDispatcher( 1036): Delivering touch to (1505): action: 0x0, toolType: 0
I/InputDispatcher( 1036): Delivering touch to (1505): action: 0x1, toolType: 0
I/InputDispatcher( 1036): Delivering touch to (1505): action: 0x0, toolType: 0
I/Sally Service(32233): removeWindow window
I/InputDispatcher( 1036): Delivering touch to (1505): action: 0x1, toolType: 0
D/PhoneStatusBar( 1505): animateCollapse(): mExpandedVisible=true flags=0
D/StatusBar-Window( 1505): fnf=true sanc=false, kni=false, sbf=false
D/CoverUI ( 1505): applyFocusableFlag() : Remove SAMSUNG_FLAG_SVIEW_COVER
D/ViewRootImpl( 1505): ViewPostImeInputStage ACTION_DOWN
D/PhoneStatusBar( 1505): animateCollapse(): mExpandedVisible=true flags=0
D/StatusBar-Window( 1505): fnf=true sanc=false, kni=false, sbf=false
D/CoverUI ( 1505): applyFocusableFlag() : Remove SAMSUNG_FLAG_SVIEW_COVER
E/PersonaManagerService( 1036): inState():  stateMachine is null !!
I/PersonaManagerService( 1036): PersonaId don't exist
I/ActivityManager( 1036): do not start freezing screen for locked container getKeyguardshowstate = false
D/ViewRootImpl( 1505): ViewPostImeInputStage ACTION_DOWN
D/PhoneStatusBar( 1505): animateCollapse(): mExpandedVisible=true flags=0
D/StatusBar-Window( 1505): fnf=true sanc=false, kni=false, sbf=false
D/CoverUI ( 1505): applyFocusableFlag() : Remove SAMSUNG_FLAG_SVIEW_COVER
D/InputDispatcher( 1036): Waiting for application to become ready for input: xxxx Reason: Waiting to send key event because the focused window has not finished processing all of the input events that were previously delivered to it.  Outbound queue length: 0.  Wait queue length: 11.
I/AudioPolicyManager(  303): getAudioPolicyConfig: situation=1;device=0
I/AudioPolicyManager(  303): getSituationVolume: isBTConnected:0 isHeadConnected:0
V/AudioPolicyManager(  303): deviceInt = 0, situationInt = 1, situationVolume = 0.500000
V/AudioPolicyManager(  303): getOutput() device 2, stream 1, samplingRate 0, format 0, channelMask 0, flags 3
V/AudioPolicyManager(  303): getOutputsForDevice device 0002 -> 0002
V/AudioPolicyManager(  303): getOutput() returns output 2
V/AudioPolicyManager(  303): getOutput() device 2, stream 1, samplingRate 0, format 0, channelMask 0, flags 3
V/AudioPolicyManager(  303): getOutputsForDevice device 0002 -> 0002
V/AudioPolicyManager(  303): getOutput() returns output 2
V/AudioPolicyManager(  303): getOutputForAttr() usage=13, content=4, tag= flags=00000000
V/AudioPolicyManager(  303): getOutputForAttr() device 2, samplingRate 48000, format 1, channelMask 1, flags 4
V/AudioPolicyManager(  303): getOutputsForDevice device 0002 -> 0002
V/AudioPolicyManager(  303): getOutput() returns output 2
V/AudioPolicyManager(  303): startOutput() output 2, stream 1, session 272
V/AudioPolicyManager(  303): changeRefCount() stream 1, count 2
