E/DeviceConfig( 1372):         at	 com.umeng.socialize.net.base.SocializeClient.execute(SocializeClient.java:32)
E/DeviceConfig( 1372):         at	 com.umeng.socialize.net.RestAPI.queryShareId(RestAPI.java:10)
E/DeviceConfig( 1372):         at	 com.umeng.socialize.UMShareAPI$InitThread.doInBackground(UMShareAPI.java:321)
E/DeviceConfig( 1372):         at	 com.umeng.socialize.UMShareAPI$InitThread.doInBackground(UMShareAPI.java:301)
E/DeviceConfig( 1372):         at	 com.umeng.socialize.common.QueuedWork$UMAsyncTask$1.run(QueuedWork.java:127)
E/DeviceConfig( 1372):         at	 android.os.Handler.handleCallback(Handler.java:739)
E/DeviceConfig( 1372):         at	 android.os.Handler.dispatchMessage(Handler.java:95)
E/DeviceConfig( 1372):         at	 android.os.Looper.loop(Looper.java:135)
E/DeviceConfig( 1372):         at	 android.os.HandlerThread.run(HandlerThread.java:61)
E/DeviceConfig( 1372): java.io.FileNotFoundException: /sys/class/net/wlan0/address: open failed: ENOENT (No such file or directory):  [open file  Failed]
E/DeviceConfig( 1372):         at	 libcore.io.IoBridge.open(IoBridge.java:456)
E/DeviceConfig( 1372):         at	 java.io.FileInputStream.<init>(FileInputStream.java:76)
E/DeviceConfig( 1372):         at	 java.io.FileInputStream.<init>(FileInputStream.java:103)
E/DeviceConfig( 1372):         at	 java.io.FileReader.<init>(FileReader.java:66)
E/DeviceConfig( 1372):         at	 com.umeng.socialize.utils.DeviceConfig.reaMac(DeviceConfig.java:366)
E/DeviceConfig( 1372):         at	 com.umeng.socialize.utils.DeviceConfig.getMacShell(DeviceConfig.java:353)
E/DeviceConfig( 1372):         at	 com.umeng.socialize.utils.DeviceConfig.getMac(DeviceConfig.java:279)
E/DeviceConfig( 1372):         at	 com.umeng.socialize.net.utils.SocializeNetUtils.getBaseQuery(SocializeNetUtils.java:111)
E/DeviceConfig( 1372):         at	 com.umeng.socialize.net.base.SocializeRequest.buildParams(SocializeRequest.java:217)
E/DeviceConfig( 1372):         at	 com.umeng.socialize.net.base.SocializeRequest.toGetUrl(SocializeRequest.java:210)
E/DeviceConfig( 1372):         at	 com.umeng.socialize.net.utils.UClient.openUrlConnection(UClient.java:234)
E/DeviceConfig( 1372):         at	 com.umeng.socialize.net.utils.UClient.httpGetRequest(UClient.java:192)
E/DeviceConfig( 1372):         at	 com.umeng.socialize.net.utils.UClient.execute(UClient.java:71)
E/DeviceConfig( 1372):         at	 com.umeng.socialize.net.base.SocializeClient.execute(SocializeClient.java:32)
E/DeviceConfig( 1372):         at	 com.umeng.socialize.net.RestAPI.queryShareId(RestAPI.java:10)
E/DeviceConfig( 1372):         at	 com.umeng.socialize.UMShareAPI$InitThread.doInBackground(UMShareAPI.java:321)
E/DeviceConfig( 1372):         at	 com.umeng.socialize.UMShareAPI$InitThread.doInBackground(UMShareAPI.java:301)
E/DeviceConfig( 1372):         at	 com.umeng.socialize.common.QueuedWork$UMAsyncTask$1.run(QueuedWork.java:127)
E/DeviceConfig( 1372):         at	 android.os.Handler.handleCallback(Handler.java:739)
E/DeviceConfig( 1372):         at	 android.os.Handler.dispatchMessage(Handler.java:95)
E/DeviceConfig( 1372):         at	 android.os.Looper.loop(Looper.java:135)
E/DeviceConfig( 1372):         at	 android.os.HandlerThread.run(HandlerThread.java:61)
D/Launcher( 1012): 11683562 - bindAddScreens()
D/Launcher( 1012): 11683562 -   orderedScreenIds: 3
D/Launcher.Workspace( 1012): 11683562 - insertNewWorkspaceScreen(): 3 at index: 0
D/GpsLocationProvider(  738): received SIM realted action: 
I/art     ( 1372): Rejecting re-init on previously-failed class java.lang.Class<com.taobao.accs.utl.h$a>
I/art     ( 1372): Rejecting re-init on previously-failed class java.lang.Class<com.taobao.accs.utl.h$a>
D/GpsLocationProvider(  738): SIM MCC/MNC is available: 310270
D/GpsLocationProvider(  738): Reset GPS properties, previous size = 8
D/GpsLocationProvider(  738): GpsParamsResource: SUPL_HOST=supl.google.com
D/GpsLocationProvider(  738): GpsParamsResource: SUPL_PORT=7275
D/GpsLocationProvider(  738): GpsParamsResource: NTP_SERVER=north-america.pool.ntp.org
D/GpsLocationProvider(  738): GpsParamsResource: SUPL_VER=0x20000
D/GpsLocationProvider(  738): GpsParamsResource: SUPL_MODE=1
D/GpsLocationProvider(  738): GPS properties reloaded, size = 8
E/GpsLocationProvider(  738): no AGPS interface in set_agps_server
E/GpsLocationProvider(  738): no GPS configuration interface in configuraiton_update
D/GpsLocationProvider(  738): final config = #Fri Dec 08 23:37:43 EST 2017
D/GpsLocationProvider(  738): SUPL_VER=0x20000
D/GpsLocationProvider(  738): SUPL_HOST=supl.google.com
D/GpsLocationProvider(  738): XTRA_SERVER_3=http\://xtra3.gpsonextra.net/xtra.bin
D/GpsLocationProvider(  738): XTRA_SERVER_1=http\://xtra1.gpsonextra.net/xtra.bin
D/GpsLocationProvider(  738): SUPL_PORT=7276
D/GpsLocationProvider(  738): XTRA_SERVER_2=http\://xtra2.gpsonextra.net/xtra.bin
D/GpsLocationProvider(  738): NTP_SERVER=north-america.pool.ntp.org
D/GpsLocationProvider(  738): SUPL_MODE=1
W/d       ( 1482): memoryCache() and memoryCacheSize() calls overlap each other
I/Telephony(  986): PstnIncomingCallNotifier: Unregistering: Handler (com.android.internal.telephony.gsm.GSMPhone) {200cb87e}
I/AwcnConfig( 1372):  setSecurityGuardOff off:true
I/accs.AccsConfig( 1372):  setTnetPubkey pubKey:11 channelPubKey:11
I/AwcnConfig( 1372):  setTnetPublicKey pubkey:11
I/AwcnConfig( 1372): |[seq:releaseHost] setAccsCenterHosts umengacs.m.taobao.com:prepareHost umengacs.m.taobao.com:dailyHost umengacs.m.taobao.com
I/AwcnConfig( 1372):  setAccsCenterIps releaseIp:[Ljava.lang.String;@2dbf6d0f prepareIp:[Ljava.lang.String;@3656319c dailyIp:[Ljava.lang.String;@2078d7a5
I/accs.AccsConfig( 1372):  setChannelHosts releaseHost:umengjmacs.m.taobao.com prepareHost:umengjmacs.m.taobao.com dailyHost:umengjmacs.m.taobao.com
I/accs.AccsConfig( 1372):  setChannelIps releaseIp:[Ljava.lang.String;@13c6477a prepareIp:[Ljava.lang.String;@178fcb2b dailyIp:[Ljava.lang.String;@2662cb88
I/accs.TaobaoRegister( 1372):  register appKey:umeng:585b4a88766613539b00000e ttid:android@umeng
D/accs.ACCSManagerImpl( 1372):  bindApp APPKEY:umeng:585b4a88766613539b00000e
D/accs.AdapterUtilityImpl( 1372):  getAppkey APPKEY:umeng:585b4a88766613539b00000e
D/accs.UtilityImpl( 1372):  enableService,comptName=ComponentInfo{com.zzl.itoube/com.taobao.accs.ChannelService}
W/WindowManager(  738): Keyguard drawn timeout. Setting mKeyguardDrawComplete
I/Telephony(  986): PstnIncomingCallNotifier: Registering: Handler (com.android.internal.telephony.gsm.GSMPhone) {200cb87e}
W/art     ( 1372): Suspending all threads took: 6.586ms
D/com.umeng.message.PushAgent( 1482): The AndroidManifest config is right
I/art     ( 1372): Rejecting re-init on previously-failed class java.lang.Class<com.taobao.accs.utl.h$a>
W/accs.ACCSManagerImpl( 1372):  no orange sdk
D/accs.ACCSClassLoader( 1482):  create new class loader
D/accs.BaseService( 1372):  onCreate
I/accs.ElectionServiceImpl( 1372):  onCreate, sdkv:212
D/accs.MessageHandler( 1372):  message file not exist
D/accs.ACCSClassLoader( 1482):  baseUpdateFolder:null
D/accs.ACCSClassLoader( 1482):  get defalut class loader
I/art     ( 1482): Rejecting re-init on previously-failed class java.lang.Class<com.taobao.accs.utl.h$a>
I/art     ( 1482): Rejecting re-init on previously-failed class java.lang.Class<com.taobao.accs.utl.h$a>
E/DeviceConfig( 1482): java.io.FileNotFoundException: /sys/class/net/wlan0/address: open failed: ENOENT (No such file or directory):  [open file  Failed]
E/DeviceConfig( 1482):         at	 libcore.io.IoBridge.open(IoBridge.java:456)
E/DeviceConfig( 1482):         at	 java.io.FileInputStream.<init>(FileInputStream.java:76)
E/DeviceConfig( 1482):         at	 java.io.FileInputStream.<init>(FileInputStream.java:103)
E/DeviceConfig( 1482):         at	 java.io.FileReader.<init>(FileReader.java:66)
E/DeviceConfig( 1482):         at	 com.umeng.socialize.utils.DeviceConfig.reaMac(DeviceConfig.java:366)
E/DeviceConfig( 1482):         at	 com.umeng.socialize.utils.DeviceConfig.getMacShell(DeviceConfig.java:353)
E/DeviceConfig( 1482):         at	 com.umeng.socialize.utils.DeviceConfig.getMac(DeviceConfig.java:279)
E/DeviceConfig( 1482):         at	 com.umeng.socialize.net.utils.SocializeNetUtils.getBaseQuery(SocializeNetUtils.java:111)
E/DeviceConfig( 1482):         at	 com.umeng.socialize.net.base.SocializeRequest.buildParams(SocializeRequest.java:217)
E/DeviceConfig( 1482):         at	 com.umeng.socialize.net.base.SocializeRequest.toGetUrl(SocializeRequest.java:210)
E/DeviceConfig( 1482):         at	 com.umeng.socialize.net.utils.UClient.httpGetRequest(UClient.java:183)
E/DeviceConfig( 1482):         at	 com.umeng.socialize.net.utils.UClient.execute(UClient.java:71)
E/DeviceConfig( 1482):         at	 com.umeng.socialize.net.base.SocializeClient.execute(SocializeClient.java:32)
E/DeviceConfig( 1482):         at	 com.umeng.socialize.net.RestAPI.queryShareId(RestAPI.java:10)
E/DeviceConfig( 1482):         at	 com.umeng.socialize.UMShareAPI$InitThread.doInBackground(UMShareAPI.java:321)
E/DeviceConfig( 1482):         at	 com.umeng.socialize.UMShareAPI$InitThread.doInBackground(UMShareAPI.java:301)
E/DeviceConfig( 1482):         at	 com.umeng.socialize.common.QueuedWork$UMAsyncTask$1.run(QueuedWork.java:127)
E/DeviceConfig( 1482):         at	 android.os.Handler.handleCallback(Handler.java:739)
E/DeviceConfig( 1482):         at	 android.os.Handler.dispatchMessage(Handler.java:95)
E/DeviceConfig( 1482):         at	 android.os.Looper.loop(Looper.java:135)
E/DeviceConfig( 1482):         at	 android.os.HandlerThread.run(HandlerThread.java:61)
I/WebViewFactory( 1372): Loading com.android.webview version 39 (eng.genymotion-x86) (code 399997)
I/accs.ClientManager( 1372):  restoreClients expired lastFlushTime:1512673241421
I/AwcnConfig( 1482):  setSecurityGuardOff off:true
I/accs.AccsConfig( 1482):  setTnetPubkey pubKey:11 channelPubKey:11
I/AwcnConfig( 1482):  setTnetPublicKey pubkey:11
E/umengsocial( 1372): ----sdkversion:6.2.3---
E/umengsocial( 1372):  debughttp://dev.umeng.com/social/android/quick-integration
I/AwcnConfig( 1482): |[seq:releaseHost] setAccsCenterHosts umengacs.m.taobao.com:prepareHost umengacs.m.taobao.com:dailyHost umengacs.m.taobao.com
I/AwcnConfig( 1482):  setAccsCenterIps releaseIp:[Ljava.lang.String;@13dc91b1 prepareIp:[Ljava.lang.String;@9342696 dailyIp:[Ljava.lang.String;@3cfa5217
I/accs.AccsConfig( 1482):  setChannelHosts releaseHost:umengjmacs.m.taobao.com prepareHost:umengjmacs.m.taobao.com dailyHost:umengjmacs.m.taobao.com
I/accs.AccsConfig( 1482):  setChannelIps releaseIp:[Ljava.lang.String;@10622604 prepareIp:[Ljava.lang.String;@c7797ed dailyIp:[Ljava.lang.String;@2d841622
I/accs.TaobaoRegister( 1482):  register appKey:umeng:585b4a88766613539b00000e ttid:android@umeng
D/accs.ACCSManagerImpl( 1482):  bindApp APPKEY:umeng:585b4a88766613539b00000e
D/accs.AdapterUtilityImpl( 1482):  getAppkey APPKEY:umeng:585b4a88766613539b00000e
D/accs.UtilityImpl( 1482):  enableService,comptName=ComponentInfo{com.zzl.itoube/com.taobao.accs.ChannelService}
W/art     ( 1372): Suspending all threads took: 18.528ms
D/accs.com.taobao.accs.b.a( 1372):  pid path:/data/data/com.zzl.itoube/files/agoo.pid
E/DeviceConfig( 1482): java.io.FileNotFoundException: /sys/class/net/wlan0/address: open failed: ENOENT (No such file or directory):  [open file  Failed]
E/DeviceConfig( 1482):         at	 libcore.io.IoBridge.open(IoBridge.java:456)
E/DeviceConfig( 1482):         at	 java.io.FileInputStream.<init>(FileInputStream.java:76)
E/DeviceConfig( 1482):         at	 java.io.FileInputStream.<init>(FileInputStream.java:103)
E/DeviceConfig( 1482):         at	 java.io.FileReader.<init>(FileReader.java:66)
E/DeviceConfig( 1482):         at	 com.umeng.socialize.utils.DeviceConfig.reaMac(DeviceConfig.java:366)
E/DeviceConfig( 1482):         at	 com.umeng.socialize.utils.DeviceConfig.getMacShell(DeviceConfig.java:353)
E/DeviceConfig( 1482):         at	 com.umeng.socialize.utils.DeviceConfig.getMac(DeviceConfig.java:279)
E/DeviceConfig( 1482):         at	 com.umeng.socialize.net.utils.SocializeNetUtils.getBaseQuery(SocializeNetUtils.java:111)
E/DeviceConfig( 1482):         at	 com.umeng.socialize.net.base.SocializeRequest.buildParams(SocializeRequest.java:217)
E/DeviceConfig( 1482):         at	 com.umeng.socialize.net.base.SocializeRequest.toGetUrl(SocializeRequest.java:210)
E/DeviceConfig( 1482):         at	 com.umeng.socialize.net.utils.UClient.openUrlConnection(UClient.java:234)
E/DeviceConfig( 1482):         at	 com.umeng.socialize.net.utils.UClient.httpGetRequest(UClient.java:192)
E/DeviceConfig( 1482):         at	 com.umeng.socialize.net.utils.UClient.execute(UClient.java:71)
E/DeviceConfig( 1482):         at	 com.umeng.socialize.net.base.SocializeClient.execute(SocializeClient.java:32)
E/DeviceConfig( 1482):         at	 com.umeng.socialize.net.RestAPI.queryShareId(RestAPI.java:10)
E/DeviceConfig( 1482):         at	 com.umeng.socialize.UMShareAPI$InitThread.doInBackground(UMShareAPI.java:321)
E/DeviceConfig( 1482):         at	 com.umeng.socialize.UMShareAPI$InitThread.doInBackground(UMShareAPI.java:301)
E/DeviceConfig( 1482):         at	 com.umeng.socialize.common.QueuedWork$UMAsyncTask$1.run(QueuedWork.java:127)
E/DeviceConfig( 1482):         at	 android.os.Handler.handleCallback(Handler.java:739)
E/DeviceConfig( 1482):         at	 android.os.Handler.dispatchMessage(Handler.java:95)
E/DeviceConfig( 1482):         at	 android.os.Looper.loop(Looper.java:135)
E/DeviceConfig( 1482):         at	 android.os.HandlerThread.run(HandlerThread.java:61)
I/WebViewFactory( 1482): Loading com.android.webview version 39 (eng.genymotion-x86) (code 399997)
D/com.taobao.accs.b.a( 1372): start handler init
D/accs.AdapterUtilityImpl( 1372):  getAppkey APPKEY:umeng:585b4a88766613539b00000e
D/com.taobao.accs.b.a( 1372): start SoManager
D/accs.com.taobao.accs.b.a( 1372):  api level is:22
I/accs.ServiceImpl( 1372):  ServiceImpl onCreate ClassLoader:dalvik.system.PathClassLoader[DexPathList[[zip file "/data/app/com.zzl.itoube-2/base.apk"],nativeLibraryDirectories=[/data/app/com.zzl.itoube-2/lib/x86, /vendor/lib, /system/lib]]] sdkv:212 procStart:0
D/accs.ServiceImpl( 1372):  ippConnection [bind]
W/ActivityManager(  738): Unable to start service Intent { act=org.rome.android.IPP_CALL pkg=com.eg.android.AlipayGphone cmp=com.eg.android.AlipayGphone/org.rome.android.ipp.binder.IppService (has extras) } U=0: not found
I/art     ( 1372): Rejecting re-init on previously-failed class java.lang.Class<com.taobao.accs.utl.i>
I/art     ( 1372): Rejecting re-init on previously-failed class java.lang.Class<com.taobao.accs.utl.i>
W/accs.com.taobao.accs.b.a( 1372):  time is daytime, wakeup cpu for keeping connecntion
I/accs.ElectionServiceImpl( 1372):  onStartCommand begin action:android.net.conn.CONNECTIVITY_CHANGE
I/accs.ElectionServiceUtil( 1372):  path=/storage/emulated/0/Download/accs/OPEN/1
E/DeviceConfig( 1372): java.io.FileNotFoundException: /sys/class/net/wlan0/address: open failed: ENOENT (No such file or directory):  [open file  Failed]
E/DeviceConfig( 1372):         at	 libcore.io.IoBridge.open(IoBridge.java:456)
E/DeviceConfig( 1372):         at	 java.io.FileInputStream.<init>(FileInputStream.java:76)
E/DeviceConfig( 1372):         at	 java.io.FileInputStream.<init>(FileInputStream.java:103)
E/DeviceConfig( 1372):         at	 java.io.FileReader.<init>(FileReader.java:66)
E/DeviceConfig( 1372):         at	 com.umeng.socialize.utils.DeviceConfig.reaMac(DeviceConfig.java:366)
E/DeviceConfig( 1372):         at	 com.umeng.socialize.utils.DeviceConfig.getMacShell(DeviceConfig.java:353)
E/DeviceConfig( 1372):         at	 com.umeng.socialize.utils.DeviceConfig.getMac(DeviceConfig.java:279)
E/DeviceConfig( 1372):         at	 com.umeng.socialize.net.base.SocializeRequest.onPrepareRequest(SocializeRequest.java:259)
E/DeviceConfig( 1372):         at	 com.umeng.socialize.net.utils.UClient.execute(UClient.java:64)
E/DeviceConfig( 1372):         at	 com.umeng.socialize.net.base.StatsClient.execute(StatsClient.java:32)
E/DeviceConfig( 1372):         at	 com.umeng.socialize.net.stats.StatsAPIs.dauStats(StatsAPIs.java:123)
E/DeviceConfig( 1372):         at	 com.umeng.socialize.UMShareAPI$InitThread.doInBackground(UMShareAPI.java:345)
E/DeviceConfig( 1372):         at	 com.umeng.socialize.UMShareAPI$InitThread.doInBackground(UMShareAPI.java:301)
E/DeviceConfig( 1372):         at	 com.umeng.socialize.common.QueuedWork$UMAsyncTask$1.run(QueuedWork.java:127)
E/DeviceConfig( 1372):         at	 android.os.Handler.handleCallback(Handler.java:739)
E/DeviceConfig( 1372):         at	 android.os.Handler.dispatchMessage(Handler.java:95)
E/DeviceConfig( 1372):         at	 android.os.Looper.loop(Looper.java:135)
E/DeviceConfig( 1372):         at	 android.os.HandlerThread.run(HandlerThread.java:61)
D/accs.UTMini( 1372):  commitEvent fail java.lang.NoClassDefFoundError: Failed resolution of: Lcom/ut/mini/internal/UTOriginalCustomHitBuilder;
E/DeviceConfig( 1372): java.io.FileNotFoundException: /sys/class/net/wlan0/address: open failed: ENOENT (No such file or directory):  [open file  Failed]
E/DeviceConfig( 1372):         at	 libcore.io.IoBridge.open(IoBridge.java:456)
E/DeviceConfig( 1372):         at	 java.io.FileInputStream.<init>(FileInputStream.java:76)
E/DeviceConfig( 1372):         at	 java.io.FileInputStream.<init>(FileInputStream.java:103)
E/DeviceConfig( 1372):         at	 java.io.FileReader.<init>(FileReader.java:66)
E/DeviceConfig( 1372):         at	 com.umeng.socialize.utils.DeviceConfig.reaMac(DeviceConfig.java:366)
E/DeviceConfig( 1372):         at	 com.umeng.socialize.utils.DeviceConfig.getMacShell(DeviceConfig.java:353)
E/DeviceConfig( 1372):         at	 com.umeng.socialize.utils.DeviceConfig.getMac(DeviceConfig.java:279)
E/DeviceConfig( 1372):         at	 com.umeng.socialize.net.utils.SocializeNetUtils.getBaseQuery(SocializeNetUtils.java:111)
E/DeviceConfig( 1372):         at	 com.umeng.socialize.net.base.SocializeRequest.buildParams(SocializeRequest.java:217)
E/DeviceConfig( 1372):         at	 com.umeng.socialize.net.stats.StatsRequest.toGetUrl(StatsRequest.java:30)
E/DeviceConfig( 1372):         at	 com.umeng.socialize.net.utils.UClient.httpGetRequest(UClient.java:183)
E/DeviceConfig( 1372):         at	 com.umeng.socialize.net.utils.UClient.execute(UClient.java:71)
E/DeviceConfig( 1372):         at	 com.umeng.socialize.net.base.StatsClient.execute(StatsClient.java:32)
E/DeviceConfig( 1372):         at	 com.umeng.socialize.net.stats.StatsAPIs.dauStats(StatsAPIs.java:123)
E/DeviceConfig( 1372):         at	 com.umeng.socialize.UMShareAPI$InitThread.doInBackground(UMShareAPI.java:345)
E/DeviceConfig( 1372):         at	 com.umeng.socialize.UMShareAPI$InitThread.doInBackground(UMShareAPI.java:301)
E/DeviceConfig( 1372):         at	 com.umeng.socialize.common.QueuedWork$UMAsyncTask$1.run(QueuedWork.java:127)
E/DeviceConfig( 1372):         at	 android.os.Handler.handleCallback(Handler.java:739)
E/DeviceConfig( 1372):         at	 android.os.Handler.dispatchMessage(Handler.java:95)
E/DeviceConfig( 1372):         at	 android.os.Looper.loop(Looper.java:135)
E/DeviceConfig( 1372):         at	 android.os.HandlerThread.run(HandlerThread.java:61)
E/DeviceConfig( 1372): java.io.FileNotFoundException: /sys/class/net/wlan0/address: open failed: ENOENT (No such file or directory):  [open file  Failed]
E/DeviceConfig( 1372):         at	 libcore.io.IoBridge.open(IoBridge.java:456)
E/DeviceConfig( 1372):         at	 java.io.FileInputStream.<init>(FileInputStream.java:76)
E/DeviceConfig( 1372):         at	 java.io.FileInputStream.<init>(FileInputStream.java:103)
E/DeviceConfig( 1372):         at	 java.io.FileReader.<init>(FileReader.java:66)
E/DeviceConfig( 1372):         at	 com.umeng.socialize.utils.DeviceConfig.reaMac(DeviceConfig.java:366)
E/DeviceConfig( 1372):         at	 com.umeng.socialize.utils.DeviceConfig.getMacShell(DeviceConfig.java:353)
E/DeviceConfig( 1372):         at	 com.umeng.socialize.utils.DeviceConfig.getMac(DeviceConfig.java:279)
E/DeviceConfig( 1372):         at	 com.umeng.socialize.net.utils.SocializeNetUtils.getBaseQuery(SocializeNetUtils.java:111)
E/DeviceConfig( 1372):         at	 com.umeng.socialize.net.base.SocializeRequest.buildParams(SocializeRequest.java:217)
E/DeviceConfig( 1372):         at	 com.umeng.socialize.net.stats.StatsRequest.toGetUrl(StatsRequest.java:30)
E/DeviceConfig( 1372):         at	 com.umeng.socialize.net.utils.UClient.openUrlConnection(UClient.java:234)
E/DeviceConfig( 1372):         at	 com.umeng.socialize.net.utils.UClient.httpGetRequest(UClient.java:192)
E/DeviceConfig( 1372):         at	 com.umeng.socialize.net.utils.UClient.execute(UClient.java:71)
E/DeviceConfig( 1372):         at	 com.umeng.socialize.net.base.StatsClient.execute(StatsClient.java:32)
E/DeviceConfig( 1372):         at	 com.umeng.socialize.net.stats.StatsAPIs.dauStats(StatsAPIs.java:123)
E/DeviceConfig( 1372):         at	 com.umeng.socialize.UMShareAPI$InitThread.doInBackground(UMShareAPI.java:345)
E/DeviceConfig( 1372):         at	 com.umeng.socialize.UMShareAPI$InitThread.doInBackground(UMShareAPI.java:301)
E/DeviceConfig( 1372):         at	 com.umeng.socialize.common.QueuedWork$UMAsyncTask$1.run(QueuedWork.java:127)
E/DeviceConfig( 1372):         at	 android.os.Handler.handleCallback(Handler.java:739)
E/DeviceConfig( 1372):         at	 android.os.Handler.dispatchMessage(Handler.java:95)
E/DeviceConfig( 1372):         at	 android.os.Looper.loop(Looper.java:135)
E/DeviceConfig( 1372):         at	 android.os.HandlerThread.run(HandlerThread.java:61)
I/accs.ElectionServiceUtil( 1372):  getElectionResult host:com.zzl.itoube retry:0
I/accs.ElectionServiceImpl( 1372):  deliver to channelservice host pkg:com.zzl.itoube
I/accs.ServiceImpl( 1372):  onHostStartCommand:Intent { act=android.net.conn.CONNECTIVITY_CHANGE flg=0x4000010 cmp=com.zzl.itoube/com.taobao.accs.ChannelService (has extras) }
D/accs.ServiceImpl( 1372):  key networkInfo: value [type: WIFI[], state: CONNECTED/CONNECTED, reason: (unspecified), extra: "WiredSSID", roaming: false, failover: false, isAvailable: true, isConnectedToProvisioningNetwork: false]
D/accs.ServiceImpl( 1372):  key networkType: value 1
D/accs.ServiceImpl( 1372):  key inetCondition: value 0
D/accs.ServiceImpl( 1372):  key extraInfo: value "WiredSSID"
I/accs.LoadSoFailUtil( 1372):  getSoFailTimes times:0
D/accs.AdapterUtilityImpl( 1372):  getAppkey APPKEY:umeng:585b4a88766613539b00000e
I/awcn.GlobalAppRuntimeInfo( 1372):  setAppSecret secret:169a3bb284628cee65d0d1b8fdcd33f2
I/awcn.StrategyCenter( 1372):  StrategyCenter initialize started.
I/WifiNative-HAL(  738): startHal
D/ConnectivityService(  738): updateNetworkScore for NetworkAgentInfo [WIFI () - 100] to 56
D/ConnectivityService(  738): rematching NetworkAgentInfo [WIFI () - 100]
D/ConnectivityService(  738): Network NetworkAgentInfo [WIFI () - 100] was already satisfying request 1. No change.
D/ConnectivityService(  738): notifyType AVAILABLE for NetworkAgentInfo [WIFI () - 100]
D/awcn.NetworkStatusMonitor( 1372):  [checkNetworkStatus]
I/awcn.NetworkStatusMonitor( 1372):  checkNetworkStatus info.isConnected:true info.isAvailable:true
D/ConnectivityManager.CallbackHandler(  861): CM callback handler got msg 524290
I/awcn.NetworkStatusMonitor( 1372):  Network Status Change NONE ===>>> WIFI
D/WifiService(  738): New client listening to asynchronous messages
I/LibraryLoader( 1482): Time to load native libraries: 205 ms (timestamps 7278-7483)
I/LibraryLoader( 1482): Expected native library version number "",actual native library version number ""
W/art     ( 1372): Suspending all threads took: 9.752ms
I/LibraryLoader( 1372): Time to load native libraries: 274 ms (timestamps 7219-7493)
I/LibraryLoader( 1372): Expected native library version number "",actual native library version number ""
I/awcn.HMacUtil( 1482):  hmacSha1Hex result:1199264d26887d4f303ea19848d7336ba288bd1ac26bdb13dcbdab8ec348ad72
I/Telephony(  986): PstnIncomingCallNotifier: Unregistering: Handler (com.android.internal.telephony.gsm.GSMPhone) {200cb87e}
D/accs.MessageHandler( 1482):  message file not exist
E/umengsocial( 1482): ----sdkversion:6.2.3---
E/umengsocial( 1482):  debughttp://dev.umeng.com/social/android/quick-integration
D/accs.AdapterUtilityImpl( 1482):  getAppkey APPKEY:umeng:585b4a88766613539b00000e
I/awcn.GlobalAppRuntimeInfo( 1482):  setAppSecret secret:169a3bb284628cee65d0d1b8fdcd33f2
W/art     ( 1482): Attempt to remove local handle scope entry from IRT, ignoring
W/art     ( 1372): Suspending all threads took: 6.475ms
W/art     ( 1372): Attempt to remove local handle scope entry from IRT, ignoring
I/awcn.StrategyCenter( 1482):  StrategyCenter initialize started.
I/awcn.StrategyCenter( 1372):  StrategyCenter initialize finished.
W/awcn.DefaultAppMonitor( 1372):  no appmonitor sdk
D/awcn.SessionCenter( 1372):  init start
I/accs.SpdyConnection( 1372):  init awcn success
D/accs.UtilityImpl( 1372):  getProxy:null:-1
D/accs.UTMini( 1372):  commitEvent fail java.lang.NoClassDefFoundError: Failed resolution of: Lcom/ut/mini/internal/UTOriginalCustomHitBuilder;
I/ActivityManager(  738): Start proc 1547:com.android.calendar/u0a21 for broadcast com.android.calendar/.widget.CalendarAppWidgetService$CalendarFactory
E/libprocessgroup( 1547): failed to make and chown /acct/uid_10021: Read-only file system
W/Zygote  ( 1547): createProcessGroup failed, kernel missing CONFIG_CGROUP_CPUACCT?
D/awcn.NetworkStatusMonitor( 1482):  [checkNetworkStatus]
I/awcn.NetworkStatusMonitor( 1482):  checkNetworkStatus info.isConnected:true info.isAvailable:true
E/DeviceConfig( 1482): java.io.FileNotFoundException: /sys/class/net/wlan0/address: open failed: ENOENT (No such file or directory):  [open file  Failed]
E/DeviceConfig( 1482):         at	 libcore.io.IoBridge.open(IoBridge.java:456)
E/DeviceConfig( 1482):         at	 java.io.FileInputStream.<init>(FileInputStream.java:76)
E/DeviceConfig( 1482):         at	 java.io.FileInputStream.<init>(FileInputStream.java:103)
E/DeviceConfig( 1482):         at	 java.io.FileReader.<init>(FileReader.java:66)
I/Telephony(  986): PstnIncomingCallNotifier: Registering: Handler (com.android.internal.telephony.gsm.GSMPhone) {200cb87e}
E/DeviceConfig( 1482):         at	 com.umeng.socialize.utils.DeviceConfig.reaMac(DeviceConfig.java:366)
E/DeviceConfig( 1482):         at	 com.umeng.socialize.utils.DeviceConfig.getMacShell(DeviceConfig.java:353)
D/WifiService(  738): New client listening to asynchronous messages
E/DeviceConfig( 1482):         at	 com.umeng.socialize.utils.DeviceConfig.getMac(DeviceConfig.java:279)
E/DeviceConfig( 1482):         at	 com.umeng.socialize.net.base.SocializeRequest.onPrepareRequest(SocializeRequest.java:259)
E/DeviceConfig( 1482):         at	 com.umeng.socialize.net.utils.UClient.execute(UClient.java:64)
E/DeviceConfig( 1482):         at	 com.umeng.socialize.net.base.StatsClient.execute(StatsClient.java:32)
E/DeviceConfig( 1482):         at	 com.umeng.socialize.net.stats.StatsAPIs.dauStats(StatsAPIs.java:123)
E/DeviceConfig( 1482):         at	 com.umeng.socialize.UMShareAPI$InitThread.doInBackground(UMShareAPI.java:345)
E/DeviceConfig( 1482):         at	 com.umeng.socialize.UMShareAPI$InitThread.doInBackground(UMShareAPI.java:301)
E/DeviceConfig( 1482):         at	 com.umeng.socialize.common.QueuedWork$UMAsyncTask$1.run(QueuedWork.java:127)
E/DeviceConfig( 1482):         at	 android.os.Handler.handleCallback(Handler.java:739)
E/DeviceConfig( 1482):         at	 android.os.Handler.dispatchMessage(Handler.java:95)
E/DeviceConfig( 1482):         at	 android.os.Looper.loop(Looper.java:135)
E/DeviceConfig( 1482):         at	 android.os.HandlerThread.run(HandlerThread.java:61)
I/accs.LoadSoFailUtil( 1372):  getSoFailTimes times:0
I/tnet-jni( 1372): 1 - [setAccsSslCallback] - class com.taobao.accs.net.o
I/accs.OrangeAdapter( 1372):  isTnetLogOff result:false
D/accs.SpdyConnection( 1372):  into--[setTnetLogPath]
D/accs.UtilityImpl( 1372):  getTnetLogFilePath :/storage/emulated/0/Android/data/com.zzl.itoube/files/tnetlogs
D/accs.SpdyConnection( 1372):  config tnet log path:/storage/emulated/0/Android/data/com.zzl.itoube/files/tnetlogs/service
I/awcn.NetworkStatusMonitor( 1482):  Network Status Change NONE ===>>> WIFI
E/DeviceConfig( 1482): java.io.FileNotFoundException: /sys/class/net/wlan0/address: open failed: ENOENT (No such file or directory):  [open file  Failed]
E/DeviceConfig( 1482):         at	 libcore.io.IoBridge.open(IoBridge.java:456)
E/DeviceConfig( 1482):         at	 java.io.FileInputStream.<init>(FileInputStream.java:76)
E/DeviceConfig( 1482):         at	 java.io.FileInputStream.<init>(FileInputStream.java:103)
E/DeviceConfig( 1482):         at	 java.io.FileReader.<init>(FileReader.java:66)
E/DeviceConfig( 1482):         at	 com.umeng.socialize.utils.DeviceConfig.reaMac(DeviceConfig.java:366)
E/DeviceConfig( 1482):         at	 com.umeng.socialize.utils.DeviceConfig.getMacShell(DeviceConfig.java:353)
E/DeviceConfig( 1482):         at	 com.umeng.socialize.utils.DeviceConfig.getMac(DeviceConfig.java:279)
E/DeviceConfig( 1482):         at	 com.umeng.socialize.net.utils.SocializeNetUtils.getBaseQuery(SocializeNetUtils.java:111)
E/DeviceConfig( 1482):         at	 com.umeng.socialize.net.base.SocializeRequest.buildParams(SocializeRequest.java:217)
E/DeviceConfig( 1482):         at	 com.umeng.socialize.net.stats.StatsRequest.toGetUrl(StatsRequest.java:30)
E/DeviceConfig( 1482):         at	 com.umeng.socialize.net.utils.UClient.httpGetRequest(UClient.java:183)
E/DeviceConfig( 1482):         at	 com.umeng.socialize.net.utils.UClient.execute(UClient.java:71)
E/DeviceConfig( 1482):         at	 com.umeng.socialize.net.base.StatsClient.execute(StatsClient.java:32)
E/DeviceConfig( 1482):         at	 com.umeng.socialize.net.stats.StatsAPIs.dauStats(StatsAPIs.java:123)
E/DeviceConfig( 1482):         at	 com.umeng.socialize.UMShareAPI$InitThread.doInBackground(UMShareAPI.java:345)
E/DeviceConfig( 1482):         at	 com.umeng.socialize.UMShareAPI$InitThread.doInBackground(UMShareAPI.java:301)
E/DeviceConfig( 1482):         at	 com.umeng.socialize.common.QueuedWork$UMAsyncTask$1.run(QueuedWork.java:127)
E/DeviceConfig( 1482):         at	 android.os.Handler.handleCallback(Handler.java:739)
E/DeviceConfig( 1482):         at	 android.os.Handler.dispatchMessage(Handler.java:95)
E/DeviceConfig( 1482):         at	 android.os.Looper.loop(Looper.java:135)
E/DeviceConfig( 1482):         at	 android.os.HandlerThread.run(HandlerThread.java:61)
W/awcn.SerializeHelper( 1482):  file not exist. file:ef133debedbd6d843d539e5eb14cfdfd
W/awcn.SerializeHelper( 1482):  file not exist. file:config
D/libeasy ( 1372): [log_file_update_list] unlink file.
I/awcn.StrategyCenter( 1482):  StrategyCenter initialize finished.
E/DeviceConfig( 1482): java.io.FileNotFoundException: /sys/class/net/wlan0/address: open failed: ENOENT (No such file or directory):  [open file  Failed]
E/DeviceConfig( 1482):         at	 libcore.io.IoBridge.open(IoBridge.java:456)
E/DeviceConfig( 1482):         at	 java.io.FileInputStream.<init>(FileInputStream.java:76)
E/DeviceConfig( 1482):         at	 java.io.FileInputStream.<init>(FileInputStream.java:103)
E/DeviceConfig( 1482):         at	 java.io.FileReader.<init>(FileReader.java:66)
E/DeviceConfig( 1482):         at	 com.umeng.socialize.utils.DeviceConfig.reaMac(DeviceConfig.java:366)
E/DeviceConfig( 1482):         at	 com.umeng.socialize.utils.DeviceConfig.getMacShell(DeviceConfig.java:353)
E/DeviceConfig( 1482):         at	 com.umeng.socialize.utils.DeviceConfig.getMac(DeviceConfig.java:279)
E/DeviceConfig( 1482):         at	 com.umeng.socialize.net.utils.SocializeNetUtils.getBaseQuery(SocializeNetUtils.java:111)
E/DeviceConfig( 1482):         at	 com.umeng.socialize.net.base.SocializeRequest.buildParams(SocializeRequest.java:217)
E/DeviceConfig( 1482):         at	 com.umeng.socialize.net.stats.StatsRequest.toGetUrl(StatsRequest.java:30)
E/DeviceConfig( 1482):         at	 com.umeng.socialize.net.utils.UClient.openUrlConnection(UClient.java:234)
E/DeviceConfig( 1482):         at	 com.umeng.socialize.net.utils.UClient.httpGetRequest(UClient.java:192)
E/DeviceConfig( 1482):         at	 com.umeng.socialize.net.utils.UClient.execute(UClient.java:71)
E/DeviceConfig( 1482):         at	 com.umeng.socialize.net.base.StatsClient.execute(StatsClient.java:32)
E/DeviceConfig( 1482):         at	 com.umeng.socialize.net.stats.StatsAPIs.dauStats(StatsAPIs.java:123)
E/DeviceConfig( 1482):         at	 com.umeng.socialize.UMShareAPI$InitThread.doInBackground(UMShareAPI.java:345)
E/DeviceConfig( 1482):         at	 com.umeng.socialize.UMShareAPI$InitThread.doInBackground(UMShareAPI.java:301)
E/DeviceConfig( 1482):         at	 com.umeng.socialize.common.QueuedWork$UMAsyncTask$1.run(QueuedWork.java:127)
E/DeviceConfig( 1482):         at	 android.os.Handler.handleCallback(Handler.java:739)
E/DeviceConfig( 1482):         at	 android.os.Handler.dispatchMessage(Handler.java:95)
E/DeviceConfig( 1482):         at	 android.os.Looper.loop(Looper.java:135)
E/DeviceConfig( 1482):         at	 android.os.HandlerThread.run(HandlerThread.java:61)
E/umengsocial( 1462): ----sdkversion:6.4.4---
E/umengsocial( 1462):  debug:APPIDConfig.DEBUG = true
E/umengsocial( 1462): https://at.umeng.com/0fqeCy?cid=476
W/awcn.DefaultAppMonitor( 1482):  no appmonitor sdk
D/awcn.SessionCenter( 1482):  init start
I/accs.InAppConnection( 1482):  init awcn success
I/awcn.SessionCenter( 1482):  setDataReceiveCb AccsFrameCb:com.taobao.accs.net.i@14d739cc
I/awcn.SessionCenter( 1482):  sessions:0
I/awcn.SessionCenter( 1482):  sessions:0
I/awcn.SessionCenter( 1482):  sessions:0
I/awcn.SessionCenter( 1482):  sessions:0
W/accs.OrangeAdapter( 1482):  no orange sdk
I/accs.OrangeAdapter( 1482):  isTnetLogOff result:false
D/accs.UtilityImpl( 1482):  getTnetLogFilePath :/storage/emulated/0/Android/data/com.zzl.itoube/files/tnetlogs
D/accs.InAppConnection( 1482):  config tnet log path:/storage/emulated/0/Android/data/com.zzl.itoube/files/tnetlogs/inapp
E/awcn.SerializeHelper( 1482):  restore file fail.
E/awcn.SerializeHelper( 1482): java.io.FileNotFoundException: /storage/emulated/0/Android/data/com.zzl.itoube/files/awcn_strategy/channel: open failed: EISDIR (Is a directory)
E/awcn.SerializeHelper( 1482): 	at libcore.io.IoBridge.open(IoBridge.java:456)
E/awcn.SerializeHelper( 1482): 	at java.io.FileInputStream.<init>(FileInputStream.java:76)
E/awcn.SerializeHelper( 1482): 	at anet.channel.util.h.a(Taobao:87)
E/awcn.SerializeHelper( 1482): 	at anet.channel.strategy.l.b(Taobao:116)
E/awcn.SerializeHelper( 1482): 	at anet.channel.strategy.StrategyInfoHolder.a(Taobao:139)
E/awcn.SerializeHelper( 1482): 	at anet.channel.strategy.StrategyInfoHolder.a(Taobao:31)
E/awcn.SerializeHelper( 1482): 	at anet.channel.strategy.f.run(Taobao:120)
E/awcn.SerializeHelper( 1482): 	at java.util.concurrent.Executors$RunnableAdapter.call(Executors.java:422)
E/awcn.SerializeHelper( 1482): 	at java.util.concurrent.FutureTask.run(FutureTask.java:237)
E/awcn.SerializeHelper( 1482): 	at java.util.concurrent.ScheduledThreadPoolExecutor$ScheduledFutureTask.access$201(ScheduledThreadPoolExecutor.java:152)
E/awcn.SerializeHelper( 1482): 	at java.util.concurrent.ScheduledThreadPoolExecutor$ScheduledFutureTask.run(ScheduledThreadPoolExecutor.java:265)
E/awcn.SerializeHelper( 1482): 	at java.util.concurrent.ThreadPoolExecutor.runWorker(ThreadPoolExecutor.java:1112)
E/awcn.SerializeHelper( 1482): 	at java.util.concurrent.ThreadPoolExecutor$Worker.run(ThreadPoolExecutor.java:587)
E/awcn.SerializeHelper( 1482): 	at java.lang.Thread.run(Thread.java:818)
E/awcn.SerializeHelper( 1482): Caused by: android.system.ErrnoException: open failed: EISDIR (Is a directory)
E/awcn.SerializeHelper( 1482): 	at libcore.io.IoBridge.open(IoBridge.java:446)
E/awcn.SerializeHelper( 1482): 	... 13 more
D/6.4.4net_test----( 1462): URequest  = com.umeng.socialize.net.ActionBarRequest
D/6.4.4net_test----( 1462): urlPath=https://log.umsns.com/bar/get/56aadbf567e58e38d4000976/?  SocializeNetUtils url=pcv=2.0&md5imei=5284047F4FFB4E04824A2FD1D1F0CD62&ak=56aadbf567e58e38d4000976&de=Google+Nexus+4+-+5.1.0+-+API+22+-+768x1280&mac=08%3A00%3A27%3Aa7%3Afe%3A60&sn=unknown&ek=c695ac60ec599dfabf90399f248ea020&os=Android&opid=1&imei=000000000000000&dc=com.umeng.share&en=Wi-Fi&name=share&uid=528447f4ffb4e4824a2fd1d1fcd62&tp=1&os_version=5.1&ni=1&u_sharetype=native&sdkv=6.4.4&dt=1512794264697&android_id=94c8b0577e2215e7
D/FileCheckUtils( 1372): st.getAvailableBlocks()=1146929,st.getAvailableBlocks() * blockSize=4697821184
D/com.umeng.message.PushAgent( 1462): The AndroidManifest config is right
D/FileCheckUtils( 1482): st.getAvailableBlocks()=1146929,st.getAvailableBlocks() * blockSize=4697821184
D/accs.ServiceImpl( 1372):  getServiceAliveTime aliveTime:2351947
I/accs.SpdyConnection( 1372):  0 start thread
D/libeasy ( 1482): [log_file_update_list] unlink file.
D/accs.SpdyConnection( 1372):  try ping, force:false
D/accs.SpdyConnection( 1372):  send message, PING delay:0 dataId:2
I/accs.NetworkThread( 1372):  0 NetworkThread run
D/accs.NetworkThread( 1372):  ready to get message
D/accs.NetworkThread( 1372):  no message, wait
D/accs.UtilityImpl( 1372):  setServiceTime:1512794264730
D/accs.NetworkThread( 1372):  try get message
D/accs.NetworkThread( 1372):  send message not null
I/awcn.SessionCenter( 1482):  setDataReceiveCb AccsFrameCb:com.taobao.accs.net.i@14d739cc
I/awcn.SessionCenter( 1482):  sessions:0
I/awcn.SessionCenter( 1482):  sessions:0
I/awcn.SessionCenter( 1482):  sessions:0
I/awcn.SessionCenter( 1482):  sessions:0
D/accs.InAppConnection( 1482):  1 start
I/accs.NetworkThread( 1372):  0 send:PING status:3
I/accs.ServiceImpl( 1372):  network change:wifi to wifi
D/accs.SpdyConnection( 1372):  try ping, force:true
D/accs.OrangeAdapter( 1372):  isSmartHb result:true
D/accs.OrangeAdapter( 1372):  isSmartHb result:true
D/accs.NetworkThread( 1372):  ms:1512794264738 force:false
D/accs.SpdyConnection( 1372):  send message, PING delay:0 dataId:3
D/accs.UtilityImpl( 1372):  getProxy:null:-1
D/accs.SpdyConnection( 1372):  clearRepeatControlCommand message:201/
D/accs.UTMini( 1372):  commitEvent fail java.lang.NoClassDefFoundError: Failed resolution of: Lcom/ut/mini/internal/UTOriginalCustomHitBuilder;
I/accs.ClientManager( 1482):  restoreClients expired lastFlushTime:1512673241421
I/accs.ClientManager( 1482):  restoreClients expired lastFlushTime:1512673241421
I/accs.ClientManager( 1482):  isAppBinded begin..appStatus=null,mBindStatus={}
I/accs.ACCSManagerImpl( 1482):  sendControlMessage command:1
D/GpsLocationProvider(  738): received SIM realted action: 
E/accs.NetworkThread( 1372):  0 try connect, force = true failTimes = 0
I/accs.NetworkThread( 1372):  0 try connect, need sleep
D/accs.InAppConnection( 1482):  send message, DATA delay:0 dataId:2
I/art     ( 1482): Rejecting re-init on previously-failed class java.lang.Class<com.taobao.accs.utl.h$a>
W/accs.ACCSManagerImpl( 1482):  no orange sdk
D/awcn.NetworkStatusMonitor( 1482):  receiver:android.net.conn.CONNECTIVITY_CHANGE
D/awcn.NetworkStatusMonitor( 1482):  [checkNetworkStatus]
I/awcn.NetworkStatusMonitor( 1482):  checkNetworkStatus info.isConnected:true info.isAvailable:true
D/GpsLocationProvider(  738): SIM MCC/MNC is available: 310270
D/GpsLocationProvider(  738): Reset GPS properties, previous size = 8
D/GpsLocationProvider(  738): GpsParamsResource: SUPL_HOST=supl.google.com
D/GpsLocationProvider(  738): GpsParamsResource: SUPL_PORT=7275
D/GpsLocationProvider(  738): GpsParamsResource: NTP_SERVER=north-america.pool.ntp.org
D/GpsLocationProvider(  738): GpsParamsResource: SUPL_VER=0x20000
D/GpsLocationProvider(  738): GpsParamsResource: SUPL_MODE=1
D/GpsLocationProvider(  738): GPS properties reloaded, size = 8
E/GpsLocationProvider(  738): no AGPS interface in set_agps_server
E/GpsLocationProvider(  738): no GPS configuration interface in configuraiton_update
D/GpsLocationProvider(  738): final config = #Fri Dec 08 23:37:44 EST 2017
D/GpsLocationProvider(  738): SUPL_VER=0x20000
D/GpsLocationProvider(  738): SUPL_HOST=supl.google.com
D/GpsLocationProvider(  738): XTRA_SERVER_3=http\://xtra3.gpsonextra.net/xtra.bin
D/GpsLocationProvider(  738): XTRA_SERVER_1=http\://xtra1.gpsonextra.net/xtra.bin
D/GpsLocationProvider(  738): SUPL_PORT=7276
D/GpsLocationProvider(  738): XTRA_SERVER_2=http\://xtra2.gpsonextra.net/xtra.bin
D/GpsLocationProvider(  738): NTP_SERVER=north-america.pool.ntp.org
D/GpsLocationProvider(  738): SUPL_MODE=1
D/ZenLog  (  738): intercepted: 0|com.zzl.itoube|9371|null|10061,none
V/NotificationService(  738): pkg=com.zzl.itoube canInterrupt=false intercept=true
V/NotificationService(  738): pkg=com.zzl.itoube canInterrupt=false intercept=true
D/accs.InAppConnection( 1482):  send:DATA dataId:2
D/awcn.SessionCenter( 1482):  getInternal u:https://umengacs.m.taobao.com TypeClass: timeout:60000
D/awcn.StrategyCenter( 1482):  getSchemeByHost host:umengacs.m.taobao.com scheme:https
D/awcn.SessionRequest( 1482):  SessionRequest build key:https://umengacs.m.taobao.com
D/awcn.SessionRequest( 1482): |[seq:AWCN1] SessionRequest start host:https://umengacs.m.taobao.com type:
D/getConnStrategyListByHost( 1482): |[seq:host] umengacs.m.taobao.com:result [{140.205.160.76:{443 http2_0rtt_acs N}}]
D/awcn.SessionRequest( 1482): |[seq:AWCN1] [getAvailStrategy] strategies:[{140.205.160.76:{443 http2_0rtt_acs N}}]
I/awcn.AccsSession( 1482): |[seq:AWCN1_1] setFrameCb AccsFrameCb:com.taobao.accs.net.i@14d739cc
D/awcn.SessionRequest( 1482): |[seq:AWCN1_1] create connection... Host:https://umengacs.m.taobao.com Type:http2_0rtt_acs IP:140.205.160.76 Port:443 heartbeat:45000 session:Session@[AWCN1_1|http2_0rtt_acs]
E/awcn.TnetSpdySession( 1482): |[seq:AWCN1_1] [connect] host:https://umengacs.m.taobao.com connect :140.205.160.76:443 sessionId:1512794264780 SpdyProtocol,:http2_0rtt_acs proxyIp,: proxyPort,:0
E/awcn.Session( 1482): |[seq:AWCN1_1] notifyStatus status:CONNECTING
D/awcn.SessionRequest( 1482):  [await] timeoutMs:60000
I/Telephony(  986): PstnIncomingCallNotifier: Unregistering: Handler (com.android.internal.telephony.gsm.GSMPhone) {200cb87e}
E/awcn.Session( 1482): |[seq:AWCN1_1] notifyStatus status:CONNECTED
I/awcn.HMacUtil( 1482):  hmacSha1Hex result:1199264d26887d4f303ea19848d7336ba288bd1ac26bdb13dcbdab8ec348ad72
D/awcn.SessionRequest( 1482):  Receive session event type:CONNECTED
D/awcn.StrategyTable( 1482):  [notifyConnEvent] Host:umengacs.m.taobao.com IConnStrategy:{140.205.160.76:{443 http2_0rtt_acs N}} eventType:CONNECTED
E/awcn.AccsSession( 1482): |[seq:AWCN1_1] auth auth url:https://140.205.160.76:443/accs/auth?1=WajMPL%2FDZuUDAJwcljDKSIFW&2=1199264d26887d4f303ea19848d7336ba288bd1ac26bdb13dcbdab8ec348ad72&3=umeng:585b4a88766613539b00000e&5=1&6=wifi&7=31027&8=1.1.2&9=1512794264796&10=1&11=22&12=com.zzl.itoube&13=1.0&14=android@umeng&15=Google Nexus 4 - 5.1.0 - API 22 - 768x1280&16=generic&17=212&19=0
E/awcn.TnetSpdySession( 1482): |[seq:AWCN1_1] spdySessionConnectCB connect connectTime:7 sslTime::2
E/libprocessgroup( 1586): failed to make and chown /acct/uid_10074: Read-only file system
W/Zygote  ( 1586): createProcessGroup failed, kernel missing CONFIG_CGROUP_CPUACCT?
I/art     ( 1586): Late-enabling -Xcheck:jni
I/ActivityManager(  738): Start proc 1586:com.zzl.falcon.internal/u0a74 for content provider com.zzl.falcon.internal/com.umeng.message.provider.MessageProvider
D/awcn.NetworkStatusMonitor( 1372):  receiver:android.net.conn.CONNECTIVITY_CHANGE
D/awcn.NetworkStatusMonitor( 1372):  [checkNetworkStatus]
I/awcn.NetworkStatusMonitor( 1372):  checkNetworkStatus info.isConnected:true info.isAvailable:true
E/awcn.AccsSession( 1482): |[seq:AWCN1_1] AUTH httpStatusCode: 200
E/awcn.Session( 1482): |[seq:AWCN1_1] notifyStatus status:AUTH_SUCC
I/awcn.DefaultHeartbeatImpl( 1482):  heartbeat start session:Session@[AWCN1_1|http2_0rtt_acs]
D/awcn.AccsSession( 1482): |[seq:AWCN1_1] spdyOnStreamResponse authTime:0
D/awcn.SessionRequest( 1482): |[seq:AWCN1_1] Session:Session@[AWCN1_1|http2_0rtt_acs] EventType:AUTH_SUCC Event:
I/accs.MsgDistributeService( 1482):  onStartCommand action:com.taobao.accs.intent.action.RECEIVE
D/accs.MsgDistribute( 1482):  action:com.taobao.accs.intent.action.RECEIVE
I/accs.MsgDistribute( 1482):  command:103 serviceId:null dataId:null
D/awcn.SessionRequest( 1482): |[seq:AWCN1_1] Connect Success session:Session@[AWCN1_1|http2_0rtt_acs] host:https://umengacs.m.taobao.com
I/awcn.AccsSession( 1482): |[seq:AWCN1_1] setFrameCb AccsFrameCb:com.taobao.accs.net.i@14d739cc
D/awcn.SessionRequest( 1482):  set Framecb success session:Session@[AWCN1_1|http2_0rtt_acs]
D/awcn.SessionRequest( 1482):  Receive session event type:AUTH_SUCC
D/awcn.StrategyTable( 1482):  [notifyConnEvent] Host:umengacs.m.taobao.com IConnStrategy:{140.205.160.76:{443 http2_0rtt_acs C}} eventType:AUTH_SUCC
I/awcn.SessionCenter( 1482):  setDataReceiveCb AccsFrameCb:com.taobao.accs.net.i@14d739cc
I/awcn.SessionCenter( 1482):  sessions:1
I/awcn.AccsSession( 1482): |[seq:AWCN1_1] setFrameCb AccsFrameCb:com.taobao.accs.net.i@14d739cc
I/awcn.SessionCenter( 1482):  sessions:0
I/awcn.SessionCenter( 1482):  sessions:0
I/awcn.SessionCenter( 1482):  sessions:0
D/accs.Message( 1482):  Build Message
D/accs.Message( 1482):  	version:2 compress:1
D/accs.Message( 1482):  	flag: 0x40
D/accs.Message( 1482):  	totalLength:300
D/accs.Message( 1482):  	dataLength:298
D/accs.Message( 1482):  	flags:ffff8800
D/accs.Message( 1482):  	targetLength:5
D/accs.Message( 1482):  	target:3|dm|
D/accs.Message( 1482):  	sourceLength:41
D/accs.Message( 1482):  	source:WajMPL/DZuUDAJwcljDKSIFW|com.zzl.itoube||
D/accs.Message( 1482):  	dataIdLength:1
D/accs.Message( 1482):  	dataId:2
D/accs.Message( 1482):  	extHeader len:0
D/accs.Message( 1482):  	oriData:{"command":1,"appKey":"umeng:585b4a88766613539b00000e","osType":1,"sign":"1199264d26887d4f303ea19848d7336ba288bd1ac26bdb13dcbdab8ec348ad72","sdkVersion":212,"appVersion":"1.0","ttid":"android@umeng","model":"Google Nexus 4 - 5.1.0 - API 22 - 768x1280","brand":"generic","imei":"310270000000000","imsi":"310270000000000","os":"22"}
D/accs.Message( 1482):  len:304
D/accs.Message( 1482):  21 40 1 2c 1 2a 88 0 5 33 7c 64 6d 7c 29 57 61 6a 4d 50 4c 2f 44 5a 75 55 44 41 4a 77 63 6c 6a 44 4b 53 49 46 57 7c 63 6f 6d 2e 7a 7a 6c 2e 69 74 6f 75 62 65 7c 7c 1 32 0 0 1f 8b 8 0 0 0 0 0 0 0 6d 8f 41 6b c3 30 c 85 ff 4a f0 b9 2d 91 ec 38 4a 4e db 69 94 c1 d8 61 ec 6e 47 5a 30 6b e2 10 b7 d0 32 f6 df a7 e6 d0 d3 74 91 f8 a4 f7 78 fa 31 43 9e a6 30 b3 e9 61 67 c2 b2 bc ca cd f4 e6 32 c9 3c f6 d 35 d1 5 a2 d6 7b f b6 b1 5d ac ef 25 66 67 72 f9 b8 2d b2 89 4a 1a 67 95 0 74 1d 7a c7 e8 55 c0 ee cb d6 56 2 74 e4 88 5b 6b 7d c 48 14 19 c2 80 3e 72 4 cb 43 e4 10 49 6 eb 28 70 8b 6a 5a f8 fb 53 d6 92 b2 fa 21 e0 96 e7 1 c 1c 6a bd 39 9f 93 66 35 9a 78 cd 89 9f b6 a0 8a a7 cc 72 52 fe 92 f3 78 92 ea 4d ae 97 52 b9 6a 5f 35 7 d5 69 7f 7e 3f 56 88 3a b4 9e ae 80 74 f7 8a eb f6 b8 19 65 96 35 d 4a d2 24 49 81 85 1a db fa 51 db a2 fc bf c8 45 31 a2 f9 fd 3 27 b4 89 87 4a 1 0 0 
I/accs.InAppConnection( 1482):  send data  len:304 dataId:2 command:1  host:https://umengacs.m.taobao.com
D/awcn.AccsSession( 1482): |[seq:AWCN1_1] sendCustomFrame dataId:2 type:200
D/accs.InAppConnection( 1482):  sendSucctrue dataId:2
D/accs.TrafficsMonitor( 1482):  addTrafficInfo count:0 date:null bizId:1000 serviceId:accsSelf host:https://umengacs.m.taobao.com isBackground:true size:304
D/ExtensionsFactory( 1547): No custom extensions.
I/Telephony(  986): PstnIncomingCallNotifier: Registering: Handler (com.android.internal.telephony.gsm.GSMPhone) {200cb87e}
D/6.4.4net_test----( 1462): requestMethod:GET;origin data:r2F2ZBGXaswNUr+gxUZQIEuoDs0y3L9wHj1nJ0ujOjMzN+6qdTUiqwg/rcngF8Aht0bdxBxb5oJXHDld1VNwqrjskc8Vjgfk9eDHfry23Var8trHca1QQ45FDVuk3SGzerLc+rCa0Jxa45SvC9X4bw==
D/6.4.4net_test----( 1462): result  = {"msg":"OK","st":200,"data":{"uid":"528447f4ffb4e4824a2fd1d1fcd62","ek":"c695ac60ec599dfabf90399f248ea020"}}
D/umeng_share_response( 1462): is http 200:true
D/6.4.4net_test----( 1462): URequest  = com.umeng.socialize.net.stats.DauStatsRequest
D/6.4.4net_test----( 1462): urlPath=https://stats.umsns.com/sdkstats?  SocializeNetUtils url=md5imei=5284047F4FFB4E04824A2FD1D1F0CD62&ak=56aadbf567e58e38d4000976&de=Google+Nexus+4+-+5.1.0+-+API+22+-+768x1280&ek=c695ac60ec599dfabf90399f248ea020&imei=000000000000000&test=0&ni=1&useshareview=true&isjump=false&sdkv=6.4.4&android_id=94c8b0577e2215e7&pcv=2.0&mac=08%3A00%3A27%3Aa7%3Afe%3A60&sn=unknown&pkname=com.zzl.falcon.internal&os=Android&stats_type=dau&opid=0&isauth=false&isshare=false&en=Wi-Fi&uid=528447f4ffb4e4824a2fd1d1fcd62&tp=1&os_version=5.1&u_sharetype=native&dt=1512794264878
I/awcn.AccsSession( 1482): |[seq:AWCN1_1] [spdyCustomControlFrameRecvCallback] len:229 frameCb:com.taobao.accs.net.i@14d739cc
