I/FFMPEG  (  488):     Stream #0:0: Audio: vorbis, 48000 Hz, mono, fltp, 48 kb/s
I/FFMPEG  (  488):     Metadata:
I/FFMPEG  (  488):       TITLE           : Camera Shutter
I/FFMPEG  (  488):       ARTIST          : (c) 2012 Android Open Source Project
I/FFmpegExtractor(  488): FFmpegExtrator, url: android-source:0xf28241c0, format_name: ogg, format_long_name: Ogg
I/FFmpegExtractor(  488): list the formats suppoted by ffmpeg: 
I/FFmpegExtractor(  488): ========================================
V/FFmpegExtractor(  488): format_names[00]: mpeg
V/FFmpegExtractor(  488): format_names[01]: mpegts
V/FFmpegExtractor(  488): format_names[02]: mov,mp4,m4a,3gp,3g2,mj2
V/FFmpegExtractor(  488): format_names[03]: matroska,webm
V/FFmpegExtractor(  488): format_names[04]: asf
V/FFmpegExtractor(  488): format_names[05]: rm
V/FFmpegExtractor(  488): format_names[06]: flv
V/FFmpegExtractor(  488): format_names[07]: swf
V/FFmpegExtractor(  488): format_names[08]: avi
V/FFmpegExtractor(  488): format_names[09]: ape
V/FFmpegExtractor(  488): format_names[10]: dts
V/FFmpegExtractor(  488): format_names[11]: flac
V/FFmpegExtractor(  488): format_names[12]: ac3
V/FFmpegExtractor(  488): format_names[13]: wav
V/FFmpegExtractor(  488): format_names[14]: ogg
V/FFmpegExtractor(  488): format_names[15]: vc1
V/FFmpegExtractor(  488): format_names[16]: hevc
I/FFmpegExtractor(  488): ========================================
I/FFmpegExtractor(  488): adjust mime(application/ogg -> audio/vorbis)
D/FFmpegExtractor(  488): suppoted codec(vorbis) by official Stagefright
D/FFMPEG  (  488): android source close
I/FFmpegExtractor(  488): sniff through BetterSniffFFMPEG success
D/FFmpegExtractor(  488): ffmpeg detected media content as 'audio/vorbis' with confidence 0.08
V/FFmpegExtractor(  488): SniffFFMPEG
I/FFmpegExtractor(  488): android-source:0xf28246c0
D/FFMPEG  (  488): android source begin open
D/FFMPEG  (  488): android open, url: android-source:0xf28246c0
D/FFMPEG  (  488): ffmpeg open android data source success, source ptr: 0xf28246c0
D/FFMPEG  (  488): android source open success
I/FFMPEG  (  488): Input #0, ogg, from 'android-source:0xf28246c0':
I/FFMPEG  (  488):   Duration: 00:00:00.54, start: 0.000000, bitrate: 95 kb/s
I/FFMPEG  (  488):     Stream #0:0: Audio: vorbis, 48000 Hz, mono, fltp, 48 kb/s
I/FFMPEG  (  488):     Metadata:
I/FFMPEG  (  488):       TITLE           : Video Record
I/FFMPEG  (  488):       ARTIST          : (c) 2012 Android Open Source Project
I/FFmpegExtractor(  488): FFmpegExtrator, url: android-source:0xf28246c0, format_name: ogg, format_long_name: Ogg
I/FFmpegExtractor(  488): list the formats suppoted by ffmpeg: 
I/FFmpegExtractor(  488): ========================================
V/FFmpegExtractor(  488): format_names[00]: mpeg
V/FFmpegExtractor(  488): format_names[01]: mpegts
V/FFmpegExtractor(  488): format_names[02]: mov,mp4,m4a,3gp,3g2,mj2
V/FFmpegExtractor(  488): format_names[03]: matroska,webm
V/FFmpegExtractor(  488): format_names[04]: asf
V/FFmpegExtractor(  488): format_names[05]: rm
V/FFmpegExtractor(  488): format_names[06]: flv
V/FFmpegExtractor(  488): format_names[07]: swf
V/FFmpegExtractor(  488): format_names[08]: avi
V/FFmpegExtractor(  488): format_names[09]: ape
V/FFmpegExtractor(  488): format_names[10]: dts
V/FFmpegExtractor(  488): format_names[11]: flac
V/FFmpegExtractor(  488): format_names[12]: ac3
V/FFmpegExtractor(  488): format_names[13]: wav
V/FFmpegExtractor(  488): format_names[14]: ogg
V/FFmpegExtractor(  488): format_names[15]: vc1
V/FFmpegExtractor(  488): format_names[16]: hevc
I/FFmpegExtractor(  488): ========================================
I/FFmpegExtractor(  488): adjust mime(application/ogg -> audio/vorbis)
D/FFmpegExtractor(  488): suppoted codec(vorbis) by official Stagefright
D/FFMPEG  (  488): android source close
I/FFmpegExtractor(  488): sniff through BetterSniffFFMPEG success
D/FFmpegExtractor(  488): ffmpeg detected media content as 'audio/vorbis' with confidence 0.08
I/CameraClient(  488): Opening camera 1
V/EmulatedCamera_Camera(  488): getCameraInfo
V/EmulatedCamera_BaseCamera(  488): getCameraInfo
V/EmulatedCamera_Camera(  488): connectCamera
V/EmulatedCamera_GenyDevice(  488): connectDevice
V/EmulatedCamera_GenyDevice(  488): connectDevice: Connected to device 'front'
V/EmulatedCamera_CallbackNotifier(  488): setCallbacks: 0xf74b2360, 0xf74b2710, 0xf74b2820, 0xf74b2d10 (0xf584ed60)
V/EmulatedCamera_CallbackNotifier(  488): enableMessage: msg_type = 0xc0d
V/EmulatedCamera_CallbackNotifier(  488):     CAMERA_MSG_ERROR
V/EmulatedCamera_CallbackNotifier(  488):     CAMERA_MSG_FOCUS
V/EmulatedCamera_CallbackNotifier(  488):     CAMERA_MSG_ZOOM
V/EmulatedCamera_CallbackNotifier(  488):     CAMERA_MSG_PREVIEW_METADATA
V/EmulatedCamera_CallbackNotifier(  488): **** Currently enabled messages:
V/EmulatedCamera_CallbackNotifier(  488):     CAMERA_MSG_ERROR
V/EmulatedCamera_CallbackNotifier(  488):     CAMERA_MSG_FOCUS
V/EmulatedCamera_CallbackNotifier(  488):     CAMERA_MSG_ZOOM
V/EmulatedCamera_CallbackNotifier(  488):     CAMERA_MSG_PREVIEW_METADATA
V/EmulatedCamera_CallbackNotifier(  488): disableMessage: msg_type = 0xffff
V/EmulatedCamera_CallbackNotifier(  488):     CAMERA_MSG_ERROR
V/EmulatedCamera_CallbackNotifier(  488):     CAMERA_MSG_SHUTTER
V/EmulatedCamera_CallbackNotifier(  488):     CAMERA_MSG_FOCUS
V/EmulatedCamera_CallbackNotifier(  488):     CAMERA_MSG_ZOOM
V/EmulatedCamera_CallbackNotifier(  488):     CAMERA_MSG_PREVIEW_FRAME
V/EmulatedCamera_CallbackNotifier(  488):     CAMERA_MSG_VIDEO_FRAME
V/EmulatedCamera_CallbackNotifier(  488):     CAMERA_MSG_POSTVIEW_FRAME
V/EmulatedCamera_CallbackNotifier(  488):     CAMERA_MSG_RAW_IMAGE
V/EmulatedCamera_CallbackNotifier(  488):     CAMERA_MSG_COMPRESSED_IMAGE
V/EmulatedCamera_CallbackNotifier(  488):     CAMERA_MSG_RAW_IMAGE_NOTIFY
V/EmulatedCamera_CallbackNotifier(  488):     CAMERA_MSG_PREVIEW_METADATA
V/EmulatedCamera_CallbackNotifier(  488): **** Currently enabled messages:
V/EmulatedCamera_Camera(  488): doStopPreview
V/EmulatedCamera_Camera(  488): cancelPicture
V/EmulatedCamera_Camera(  488): releaseCamera
V/EmulatedCamera_Camera(  488): doStopPreview
V/EmulatedCamera_GenyDevice(  488): disconnectDevice
V/EmulatedCamera_GenyDevice(  488): disconnectDevice: Disonnected from device 'front'
I/CameraClient(  488): Destroying camera 1
V/EmulatedCamera_Camera(  488): closeCamera
V/EmulatedCamera_Camera(  488): doStopPreview
D/NuPlayerDriver(  488): reset(0xf584ed00)
D/NuPlayerDriver(  488): notifyResetComplete(0xf584ed00)
D/NuPlayerDriver(  488): reset(0xf584ef40)
D/NuPlayerDriver(  488): notifyResetComplete(0xf584ef40)
V/EmulatedCamera_Camera(  488): getCameraInfo
V/EmulatedCamera_BaseCamera(  488): getCameraInfo
V/EmulatedCamera_Camera(  488): getCameraInfo
V/EmulatedCamera_BaseCamera(  488): getCameraInfo
V/EmulatedCamera_Camera(  488): getCameraInfo
V/EmulatedCamera_BaseCamera(  488): getCameraInfo
V/EmulatedCamera_Camera(  488): getCameraInfo
V/EmulatedCamera_BaseCamera(  488): getCameraInfo
D/OpenGLRenderer(  861): Use EGL_SWAP_BEHAVIOR_PRESERVED: true
D/        (  861): HostConnection::get() New Host Connection established 0xe20190e0, tid 861
D/Atlas   (  861): Validating map...
D/PhoneStatusBar(  861): disable: < EXPAND* icons alerts system_info BACK* HOME* RECENT* clock SEARCH* >
E/BluetoothAdapter(  861): Bluetooth binder is null
D/PhoneStatusBar(  861): heads up is enabled
V/KeyguardUpdateMonitor(  861): action android.intent.action.SIM_STATE_CHANGED state: NOT_READY slotId: 0 subid: -2
D/NetworkMonitor/NetworkAgentInfo [WIFI () - 100](  738): Probably not a portal: exception java.net.SocketTimeoutException: failed to connect to connectivitycheck.android.com/216.58.200.46 (port 80) after 10000ms
I/SurfaceFlinger(  773): Boot is finished (16687 ms)
I/Choreographer(  861): Skipped 628 frames!  The application may be doing too much work on its main thread.
D/ViewRootImpl(  861): changeCanvasOpacity: opaque=true
D/libEGL  (  861): loaded /system/lib/egl/libEGL_emulation.so
D/libEGL  (  861): loaded /system/lib/egl/libGLESv1_CM_emulation.so
D/libEGL  (  861): loaded /system/lib/egl/libGLESv2_emulation.so
D/        (  861): HostConnection::get() New Host Connection established 0xe2019f60, tid 1721
I/OpenGLRenderer(  861): Initialized EGL, version 1.4
D/OpenGLRenderer(  861): Enabling debug mode 0
W/EGL_emulation(  861): eglSurfaceAttrib not implemented
W/OpenGLRenderer(  861): Failed to set EGL_SWAP_BEHAVIOR on surface 0xe201fc80, error=EGL_SUCCESS
W/EGL_emulation(  861): eglSurfaceAttrib not implemented
W/OpenGLRenderer(  861): Failed to set EGL_SWAP_BEHAVIOR on surface 0xe201fca0, error=EGL_SUCCESS
D/WifiService(  738): New client listening to asynchronous messages
V/KeyguardUpdateMonitor(  861): action android.intent.action.SIM_STATE_CHANGED state: READY slotId: 0 subid: -2
V/KeyguardServiceDelegate(  738): *** Keyguard connected (yay!)
V/KeyguardUpdateMonitor(  861): action android.intent.action.SIM_STATE_CHANGED state: IMSI slotId: 0 subid: -2
D/accs.BaseReceiver( 1372):  onReceive
D/accs.ReceiverImpl( 1372):  ReceiverImpl onReceive begin......
D/accs.AdapterGlobalClientInfo( 1372):  getAgooCustomServiceName name:com.umeng.message.UmengIntentService
D/accs.AdapterGlobalClientInfo( 1372):  getAgooCustomServiceName name:com.umeng.message.UmengIntentService
I/accs.ElectionServiceImpl( 1372):  onStartCommand begin action:android.intent.action.USER_PRESENT
I/accs.ElectionServiceUtil( 1372):  getElectionResult from mem host:com.zzl.itoube retry:0
I/accs.ElectionServiceImpl( 1372):  deliver to channelservice host pkg:com.zzl.itoube
I/accs.ServiceImpl( 1372):  onHostStartCommand:Intent { act=android.intent.action.USER_PRESENT flg=0x24000010 cmp=com.zzl.itoube/com.taobao.accs.ChannelService }
I/accs.LoadSoFailUtil( 1372):  getSoFailTimes times:0
D/accs.SpdyConnection( 1372):  try ping, force:false
D/accs.BaseReceiver( 1462):  onReceive
D/accs.ReceiverImpl( 1462):  ReceiverImpl onReceive begin......
D/accs.SpdyConnection( 1372):  send message, PING delay:0 dataId:6
D/accs.ServiceImpl( 1372):  action android.intent.action.USER_PRESENT
D/accs.SpdyConnection( 1372):  try ping, force:true
D/accs.AdapterGlobalClientInfo( 1462):  getAgooCustomServiceName name:com.umeng.message.UmengIntentService
D/accs.SpdyConnection( 1372):  send message, PING delay:0 dataId:7
D/accs.SpdyConnection( 1372):  clearRepeatControlCommand message:201/
D/accs.NetworkThread( 1372):  try get message
D/accs.NetworkThread( 1372):  send message not null
I/accs.NetworkThread( 1372):  0 send:PING status:1
D/accs.OrangeAdapter( 1372):  isSmartHb result:true
D/accs.NetworkThread( 1372):  ms:3175 force:true
D/accs.OrangeAdapter( 1372):  isSmartHb result:true
D/accs.OrangeAdapter( 1372):  isSmartHb result:true
D/accs.HeartbeatManager( 1372):  set 270
D/accs.NetworkThread( 1372):  send succ, remove it
D/accs.NetworkThread( 1372):  ready to get message
D/accs.NetworkThread( 1372):  no message, wait
D/accs.AdapterGlobalClientInfo( 1462):  getAgooCustomServiceName name:com.umeng.message.UmengIntentService
I/accs.ElectionServiceImpl( 1462):  onStartCommand begin action:android.intent.action.USER_PRESENT
I/accs.OrangeAdapter( 1462):  isElectionEnable result:false
I/accs.OrangeAdapter( 1462):  isElectionEnable result:false
I/accs.ElectionServiceImpl( 1462):  deliver to channelservice host pkg:
I/accs.ServiceImpl( 1462):  onHostStartCommand:Intent { act=android.intent.action.USER_PRESENT flg=0x24000010 cmp=com.zzl.falcon.internal/com.taobao.accs.ChannelService }
I/accs.LoadSoFailUtil( 1462):  getSoFailTimes times:0
W/accs.ServiceImpl( 1462):  tryConnect no connections
D/accs.ServiceImpl( 1462):  action android.intent.action.USER_PRESENT
I/accs.BaseIntentService( 1372):  onHandleIntent,action=android.intent.action.USER_PRESENT,agooCommand=com.zzl.itoube.intent.action.COMMAND,mipushCommand=com.zzl.itoube.intent.thirdPush.action.COMMAND
I/accs.BaseIntentService( 1372):  is report cache msg,Config.isReportCacheMsg(mContext)=false
D/accs.isClearTime( 1372):  now=1512794272977,now - lastTime=93295690,istrue=true
I/accs.BaseIntentService( 1372):  is clear all msg=true
D/accs.isClearTime( 1372):  now=1512794272977,now - lastTime=93295690,istrue=true
I/accs.BaseIntentService( 1462):  onHandleIntent,action=android.intent.action.USER_PRESENT,agooCommand=com.zzl.falcon.internal.intent.action.COMMAND,mipushCommand=com.zzl.falcon.internal.intent.thirdPush.action.COMMAND
I/accs.BaseIntentService( 1462):  is report cache msg,Config.isReportCacheMsg(mContext)=false
D/accs.isClearTime( 1462):  now=1512794272981,now - lastTime=93017773,istrue=true
I/accs.BaseIntentService( 1462):  is clear all msg=true
D/accs.isClearTime( 1462):  now=1512794272981,now - lastTime=93017773,istrue=true
D/FileCheckUtils( 1372): st.getAvailableBlocks()=1146926,st.getAvailableBlocks() * blockSize=4697808896
V/KeyguardUpdateMonitor(  861): action android.intent.action.SIM_STATE_CHANGED state: LOADED slotId: 0 subid: 1
D/KeyguardUpdateMonitor(  861): handleSimStateChange(subId=-2, slotId=0, state=UNKNOWN)
W/KeyguardUpdateMonitor(  861): invalid subId in handleSimStateChange()
I/art     (  861): Background sticky concurrent mark sweep GC freed 32146(1595KB) AllocSpace objects, 0(0B) LOS objects, 0% free, 38MB/38MB, paused 6.494ms total 13.382ms
I/Choreographer(  861): Skipped 40 frames!  The application may be doing too much work on its main thread.
D/OpenGLRenderer(  861): setting property extraRasterBucket to 0.95
D/OpenGLRenderer(  861):     failed
D/OpenGLRenderer(  861): setting property extraRasterBucket to 0.0
D/OpenGLRenderer(  861):     failed
D/FileCheckUtils( 1462): st.getAvailableBlocks()=1146926,st.getAvailableBlocks() * blockSize=4697808896
I/accs.InAppConn_umeng:56aadbf567e58e38d4000976( 1586):  try send:DATA dataId:2 appkey:umeng:56aadbf567e58e38d4000976
D/awcn.SessionCenter( 1586): |[seq:umeng:56aadbf567e58e38d4000976] getInternal u:https://umengacs.m.taobao.com TypeClass:SPDY timeout:60000
D/awcn.StrategyCenter( 1586):  getSchemeByHost host:umengacs.m.taobao.com scheme:https
W/awcn.SessionCenter( 1586): |[seq:umeng:56aadbf567e58e38d4000976] app background, forbid to create accs session
E/awcn.SessionCenter( 1586): |[seq:umeng:56aadbf567e58e38d4000976] [Get]connect exception errMsg:accs session connecting forbidden in background url:https://umengacs.m.taobao.com
D/accs.MsgRecv_umeng:56aadbf567e58e38d4000976( 1586):  onResult command:1 erorcode:-11
D/accs.InAppConn_umeng:56aadbf567e58e38d4000976( 1586):  send message, DATA delay:2000 dataId:2
I/art     ( 1586): Rejecting re-init on previously-failed class java.lang.Class<com.taobao.accs.utl.k>
I/art     ( 1586): Rejecting re-init on previously-failed class java.lang.Class<com.taobao.accs.utl.k>
D/accs.accs.BindAppStatistic( 1586):  eventId=66001;arg1=WajMPL/DZuUDAJwcljDKSIFW;arg2=null;arg3=221;args={push_token=, fail_reasons=-11, device_id=WajMPL/DZuUDAJwcljDKSIFW, ret=n, bind_date=1512794273538}
D/accs.UTMini( 1586):  commitEvent fail java.lang.NoClassDefFoundError: Failed resolution of: Lcom/ut/mini/internal/UTOriginalCustomHitBuilder;
D/accs.InAppConn_umeng:56aadbf567e58e38d4000976( 1586):  sendSucc false dataId:2
I/SystemServiceManager(  738): Starting phase 1000
E/libprocessgroup( 1733): failed to make and chown /acct/uid_1000: Read-only file system
W/Zygote  ( 1733): createProcessGroup failed, kernel missing CONFIG_CGROUP_CPUACCT?
I/ActivityManager(  738): Start proc 1733:com.android.keychain/1000 for service com.android.keychain/.KeyChainService
I/art     (  489): Explicit concurrent mark sweep GC freed 709(30KB) AllocSpace objects, 0(0B) LOS objects, 91% free, 92KB/1116KB, paused 1.366ms total 12.353ms
D/KeyguardUpdateMonitor(  861): handleSimStateChange(subId=-2, slotId=0, state=READY)
W/KeyguardUpdateMonitor(  861): invalid subId in handleSimStateChange()
D/KeyguardUpdateMonitor(  861): handleSimStateChange(subId=-2, slotId=0, state=READY)
W/KeyguardUpdateMonitor(  861): invalid subId in handleSimStateChange()
V/KeyguardUpdateMonitor(  861): onSubscriptionInfoChanged()
I/art     (  489): Explicit concurrent mark sweep GC freed 5(160B) AllocSpace objects, 0(0B) LOS objects, 91% free, 92KB/1116KB, paused 1.427ms total 11.709ms
V/KeyguardUpdateMonitor(  861): SubInfo:{id=1, iccId=89014103211118510720 simSlotIndex=0 displayName=Android carrierName=Android nameSource=0 iconTint=-16746133 dataRoaming=0 iconBitmap=android.graphics.Bitmap@30f27267 mcc 310 mnc 270}
I/art     (  489): Explicit concurrent mark sweep GC freed 5(160B) AllocSpace objects, 0(0B) LOS objects, 91% free, 92KB/1116KB, paused 83us total 7.133ms
D/KeyguardViewMediator(  861): onSimStateChanged(subId=1, slotId=0,state=READY)
V/KeyguardUpdateMonitor(  861): onSubscriptionInfoChanged()
V/KeyguardUpdateMonitor(  861): SubInfo:{id=1, iccId=89014103211118510720 simSlotIndex=0 displayName=Android carrierName=Android nameSource=0 iconTint=-16746133 dataRoaming=0 iconBitmap=android.graphics.Bitmap@18c04814 mcc 310 mnc 270}
V/KeyguardUpdateMonitor(  861): onSubscriptionInfoChanged()
V/KeyguardUpdateMonitor(  861): SubInfo:{id=1, iccId=89014103211118510720 simSlotIndex=0 displayName=Android carrierName=Android nameSource=0 iconTint=-16746133 dataRoaming=0 iconBitmap=android.graphics.Bitmap@334cf8bd mcc 310 mnc 270}
D/KeyguardUpdateMonitor(  861): handleSimStateChange(subId=1, slotId=0, state=READY)
V/KeyguardUpdateMonitor(  861): onSubscriptionInfoChanged()
V/KeyguardUpdateMonitor(  861): SubInfo:{id=1, iccId=89014103211118510720 simSlotIndex=0 displayName=Android carrierName=Android nameSource=0 iconTint=-16746133 dataRoaming=0 iconBitmap=android.graphics.Bitmap@2abdaeb2 mcc 310 mnc 270}
I/Choreographer(  861): Skipped 79 frames!  The application may be doing too much work on its main thread.
V/KeyguardServiceDelegate(  738): **** SHOWN CALLED ****
I/RecoverySystem(  738): No recovery log file
I/BootReceiver(  738): Copying audit failures to DropBox
I/BootReceiver(  738): Checking for fsck errors
I/BootReceiver(  738): Copying /data/tombstones/tombstone_06 to DropBox (SYSTEM_TOMBSTONE)
D/PhoneStatusBar(  861): disable: < expand* icons alerts system_info back* home* recent* clock search* >
E/libprocessgroup( 1755): failed to make and chown /acct/uid_10004: Read-only file system
W/Zygote  ( 1755): createProcessGroup failed, kernel missing CONFIG_CGROUP_CPUACCT?
I/ActivityManager(  738): Start proc 1755:com.android.dialer/u0a4 for broadcast com.android.dialer/.calllog.CallLogReceiver
D/        (  738): HostConnection::get() New Host Connection established 0xdb4612f0, tid 764
I/AppiumUnicodeIME(  916): onFinishInput
I/AppiumUnicodeIME(  916): onStartInput
W/IInputConnectionWrapper(  738): showStatusIcon on inactive InputConnection
D/accs.AdapterUtilityImpl( 1482):  getAppkey APPKEY:umeng:585b4a88766613539b00000e
D/accs.AdapterGlobalClientInfo( 1482):  getAgooCustomServiceName name:com.umeng.message.UmengIntentService
I/accs.ElectionServiceImpl( 1372):  onStartCommand begin action:com.taobao.accs.intent.action.START_SERVICE
I/accs.ElectionServiceImpl( 1372):  try to setAppInfo appkey:umeng:585b4a88766613539b00000e appSecret:169a3bb284628cee65d0d1b8fdcd33f2 ttid:android@umeng pkg:com.zzl.itoube
I/accs.BaseIntentService( 1372):  onHandleIntent,action=org.agoo.android.intent.action.REPORT,agooCommand=com.zzl.itoube.intent.action.COMMAND,mipushCommand=com.zzl.itoube.intent.thirdPush.action.COMMAND
I/accs.BaseIntentService( 1372):  is report cache msg,Config.isReportCacheMsg(mContext)=false
D/accs.isClearTime( 1372):  now=1512794274752,now - lastTime=1775,istrue=false
I/accs.BaseIntentService( 1372):  is clear all msg=false
D/accs.isClearTime( 1372):  now=1512794274752,now - lastTime=1775,istrue=false
D/ExtensionsFactory( 1755): No custom extensions.
D/WIFI    (  738): Registering NetworkFactory
D/WIFI_UT (  738): Registering NetworkFactory
V/OtaStartupReceiver(  986): onOtaspChanged: mOtaspMode=3
D/ConnectivityService(  738): Got NetworkFactory Messenger for WIFI
D/ConnectivityService(  738): Got NetworkFactory Messenger for WIFI_UT
D/ConnectivityService(  738): Ignoring this network
D/WIFI    (  738): got request NetworkRequest [ id=1, legacyType=-1, [ Capabilities: INTERNET&NOT_RESTRICTED&TRUSTED&NOT_VPN] ] with score 20
E/libprocessgroup( 1778): failed to make and chown /acct/uid_10072: Read-only file system
W/Zygote  ( 1778): createProcessGroup failed, kernel missing CONFIG_CGROUP_CPUACCT?
I/ActivityManager(  738): Start proc 1778:com.google.android.marvin.talkback/u0a72 for broadcast com.google.android.marvin.talkback/com.android.talkback.BootReceiver
I/art     (  738): Explicit concurrent mark sweep GC freed 14516(1064KB) AllocSpace objects, 19(918KB) LOS objects, 33% free, 6MB/9MB, paused 548us total 29.050ms
E/libprocessgroup( 1798): failed to make and chown /acct/uid_10007: Read-only file system
W/Zygote  ( 1798): createProcessGroup failed, kernel missing CONFIG_CGROUP_CPUACCT?
I/ActivityManager(  738): Start proc 1798:com.android.managedprovisioning/u0a7 for broadcast com.android.managedprovisioning/.BootReminder
D/com.umeng.message.proguard.k( 1482): appLaunchAt=1512700999383
D/com.umeng.message.UTrack( 1482): trackAppLaunch start, set appLaunchSending flag
D/com.umeng.message.UTrack( 1482): trackAppLaunch(delay=10000)
D/com.umeng.message.UTrack( 1482): sendCachedMsgLog start, set cacheLogSending flag
D/com.umeng.message.UTrack( 1482): sendCachedMsgLog(delay=0)
D/com.umeng.message.UTrack( 1482): sendCachedMsgLog finished, clear cacheLogSending flag
D/ConnectivityManager( 1327): getMobileDataEnabled()+ subId=1
D/PhoneInterfaceManager(  986): [PhoneIntfMgr] getDataEnabled: subId=1 phoneId=0
D/PhoneInterfaceManager(  986): [PhoneIntfMgr] getDataEnabled: subId=1 retVal=true
D/ConnectivityManager( 1327): getMobileDataEnabled()- subId=1 retVal=true
E/libprocessgroup( 1826): failed to make and chown /acct/uid_10010: Read-only file system
W/Zygote  ( 1826): createProcessGroup failed, kernel missing CONFIG_CGROUP_CPUACCT?
I/ActivityManager(  738): Start proc 1826:com.android.onetimeinitializer/u0a10 for broadcast com.android.onetimeinitializer/.OneTimeInitializerReceiver
E/SQLiteLog( 1294): (283) recovered 91 frames from WAL file /data/user/0/com.android.providers.media/databases/internal.db-wal
D/Mms     ( 1327): cancelNotification
D/Mms     ( 1327): cancelNotification
V/OneTimeInitializerRece( 1826): OneTimeInitializerReceiver.onReceive
E/libprocessgroup( 1848): failed to make and chown /acct/uid_1000: Read-only file system
W/Zygote  ( 1848): createProcessGroup failed, kernel missing CONFIG_CGROUP_CPUACCT?
I/ActivityManager(  738): Start proc 1848:com.android.settings/1000 for broadcast com.android.settings/.sim.SimBootReceiver
I/accs.Config( 1462):  getAgooAppKey appkey:umeng:56aadbf567e58e38d4000976
D/accs.AdapterGlobalClientInfo( 1462):  getAgooCustomServiceName name:com.umeng.message.UmengIntentService
I/accs.ElectionServiceImpl( 1462):  onStartCommand begin action:com.taobao.accs.intent.action.START_SERVICE
I/accs.OrangeAdapter( 1462):  isElectionEnable result:false
I/accs.ElectionServiceImpl( 1462):  try to saveAppKey configTag:umeng:56aadbf567e58e38d4000976 appkey:umeng:56aadbf567e58e38d4000976 appSecret:de6c6ea9227d256e20df4f0cf58d1c9d ttid:android@umeng pkg:com.zzl.falcon.internal
I/accs.Utils( 1462):  setMode mode:0
I/accs.ElectionServiceImpl( 1462):  getConnection configTag:umeng:56aadbf567e58e38d4000976
I/accs.Utils( 1462):  getMode mode:0
D/accs.MsgRecv_umeng:56aadbf567e58e38d4000976( 1462):  message file not exist
I/accs.SilenceConn_umeng:56aadbf567e58e38d4000976( 1462):  0 getChannelHost:umengjmacs.m.taobao.com
D/FileCheckUtils( 1462): st.getAvailableBlocks()=1146924,st.getAvailableBlocks() * blockSize=4697800704
W/StrategyCenter not initialized( 1462): |[seq:isInitialized] false
I/accs.LoadSoFailUtil( 1462):  getSoFailTimes times:0
I/accs.OrangeAdapter( 1462):  isTnetLogOff result:true
I/accs.OrangeAdapter( 1462):  isElectionEnable result:false
I/accs.OrangeAdapter( 1462):  isElectionEnable result:false
I/accs.ElectionServiceImpl( 1462):  deliver to channelservice host pkg:
I/accs.ServiceImpl( 1462):  onHostStartCommand:Intent { act=com.taobao.accs.intent.action.START_SERVICE cmp=com.zzl.falcon.internal/com.taobao.accs.ChannelService (has extras) }
D/accs.ServiceImpl( 1462):  key appKey: value umeng:56aadbf567e58e38d4000976
D/accs.ServiceImpl( 1462):  key configTag: value umeng:56aadbf567e58e38d4000976
D/accs.ServiceImpl( 1462):  key mode: value 0
D/accs.ServiceImpl( 1462):  key ttid: value android@umeng
D/accs.ServiceImpl( 1462):  key packageName: value com.zzl.falcon.internal
D/accs.ServiceImpl( 1462):  key app_sercet: value de6c6ea9227d256e20df4f0cf58d1c9d
D/accs.ServiceImpl( 1462):  key agoo_app_key: value umeng:56aadbf567e58e38d4000976
I/accs.LoadSoFailUtil( 1462):  getSoFailTimes times:0
E/awcn.GlobalAppRuntimeInfo( 1462):   CurrentProcess:com.zzl.falcon.internal:channel TargetProcess:com.zzl.falcon.internal
I/awcn.StrategyCenter( 1462):  StrategyCenter initialize started.
I/awcn.StrategySerializeHelper( 1462):  StrateyFolder path:/storage/emulated/0/Android/data/com.zzl.falcon.internal/files/awcn_strategy/channel
D/awcn.NetworkStatusMonitor( 1462):  [checkNetworkStatus]
I/awcn.NetworkStatusMonitor( 1462):  checkNetworkStatus info.isConnected:true info.isAvailable:true
D/WifiService(  738): New client listening to asynchronous messages
I/awcn.NetworkStatusHelper( 1462):  
I/awcn.NetworkStatusHelper( 1462): Network detail*******************************
I/awcn.NetworkStatusHelper( 1462): Status: WIFI
I/awcn.NetworkStatusHelper( 1462): Subtype: wifi
I/awcn.NetworkStatusHelper( 1462): BSSID: 01:80:c2:00:00:03
I/awcn.NetworkStatusHelper( 1462): SSID: "WiredSSID"
I/awcn.NetworkStatusHelper( 1462): *********************************************
I/awcn.ThreadPoolExecutorFactory( 1462):  thread created! name:AWCN Scheduler1
E/awcn.SessionCenter( 1462): |[seq:[default]] onNetworkStatusChanged. reCreateSession networkStatus:WIFI
I/awcn.SessionCenter( 1462): |[seq:[default]] recreate session failed: infos is empty
W/awcn.SerializeHelper( 1462):  file not exist. file:ef133debedbd6d843d539e5eb14cfdfd
W/MediaScanner( 1294): Error opening directory '/oem/media/', skipping: No such file or directory.
I/awcn.StrategyInfoHolder( 1462):  restore strategy file id:WIFI$01:80:c2:00:00:03 result:false
D/awcn.AccsSessionManager( 1462): |[seq:[default]] app is background not need check accs session, return bg:true
W/awcn.SerializeHelper( 1462):  file not exist. file:0c61135c2fdcd71f15ad7297245abe44
W/awcn.SerializeHelper( 1462):  file not exist. file:49c6a36aaea8ee1549c1cd3e07070c79
I/awcn.AmdcThreadPoolExecutor( 1462):  thread created! name:AMDC1
I/awcn.StrategyCenter( 1462):  StrategyCenter initialize finished.
E/accs.SilenceConn_umeng:56aadbf567e58e38d4000976( 1462):  init awcn success!
I/accs.SilenceConn_umeng:56aadbf567e58e38d4000976( 1462):  0 start thread
D/accs.SilenceConn_umeng:56aadbf567e58e38d4000976( 1462):  try ping, force:false
I/accs.NetworkThread_umeng:56aadbf567e58e38d4000976( 1462):  0 NetworkThread run
D/accs.NetworkThread_umeng:56aadbf567e58e38d4000976( 1462):  ready to get message
D/accs.NetworkThread_umeng:56aadbf567e58e38d4000976( 1462):  no message, wait
D/accs.SilenceConn_umeng:56aadbf567e58e38d4000976( 1462):  send message, PING delay:0 dataId:2
I/accs.ServiceImpl( 1462):  tryConnect appkey:umeng:56aadbf567e58e38d4000976 configTag:umeng:56aadbf567e58e38d4000976|0
D/accs.NetworkThread_umeng:56aadbf567e58e38d4000976( 1462):  try get message
D/accs.NetworkThread_umeng:56aadbf567e58e38d4000976( 1462):  send message not null
I/accs.NetworkThread_umeng:56aadbf567e58e38d4000976( 1462):  0 send:PING status:3
I/accs.HeartbeatManager( 1462):  hb use job
D/awcn.NetworkStatusMonitor( 1462):  receiver:android.net.conn.CONNECTIVITY_CHANGE
D/awcn.NetworkStatusMonitor( 1462):  [checkNetworkStatus]
I/accs.BaseIntentService( 1462):  onHandleIntent,action=org.agoo.android.intent.action.REPORT,agooCommand=com.zzl.falcon.internal.intent.action.COMMAND,mipushCommand=com.zzl.falcon.internal.intent.thirdPush.action.COMMAND
I/accs.BaseIntentService( 1462):  is report cache msg,Config.isReportCacheMsg(mContext)=false
D/accs.isClearTime( 1462):  now=1512794275412,now - lastTime=2431,istrue=false
I/accs.BaseIntentService( 1462):  is clear all msg=false
D/accs.isClearTime( 1462):  now=1512794275412,now - lastTime=2431,istrue=false
I/awcn.NetworkStatusMonitor( 1462):  checkNetworkStatus info.isConnected:true info.isAvailable:true
D/accs.OrangeAdapter( 1462):  isSmartHb result:true
D/accs.OrangeAdapter( 1462):  isSmartHb result:true
D/accs.NetworkThread_umeng:56aadbf567e58e38d4000976( 1462):  ms:1512794275413 force:false
E/accs.NetworkThread_umeng:56aadbf567e58e38d4000976( 1462):  0 try connect, force = true failTimes = 0
I/accs.NetworkThread_umeng:56aadbf567e58e38d4000976( 1462):  0 try connect, need sleep
E/libprocessgroup( 1873): failed to make and chown /acct/uid_10014: Read-only file system
W/Zygote  ( 1873): createProcessGroup failed, kernel missing CONFIG_CGROUP_CPUACCT?
I/ActivityManager(  738): Start proc 1873:com.android.voicedialer/u0a14 for broadcast com.android.voicedialer/.VoiceDialerReceiver
D/MediaProvider( 1294): object removed 133
D/MediaProvider( 1294): object removed 134
D/AlertReceiver( 1547): onReceive: a=android.intent.action.BOOT_COMPLETED Intent { act=android.intent.action.BOOT_COMPLETED flg=0x8000010 cmp=com.android.calendar/.alerts.AlertReceiver (has extras) }
V/AlarmClock( 1613): AlarmInitReceiver android.intent.action.BOOT_COMPLETED
D/AlertService( 1547): 0 Action = android.intent.action.BOOT_COMPLETED
D/AlertService( 1547): Scheduling next alarm with AlarmScheduler. sEventReminderReceived: null
I/accs.Config( 1586):  getAgooAppKey appkey:umeng:56aadbf567e58e38d4000976
I/accs.ElectionServiceImpl( 1462):  onStartCommand begin action:com.taobao.accs.intent.action.START_SERVICE
I/accs.OrangeAdapter( 1462):  isElectionEnable result:false
I/accs.ElectionServiceImpl( 1462):  try to saveAppKey configTag:umeng:56aadbf567e58e38d4000976 appkey:umeng:56aadbf567e58e38d4000976 appSecret:de6c6ea9227d256e20df4f0cf58d1c9d ttid:android@umeng pkg:com.zzl.falcon.internal
I/accs.Utils( 1462):  setMode mode:0
I/accs.ElectionServiceImpl( 1462):  getConnection configTag:umeng:56aadbf567e58e38d4000976
I/accs.Utils( 1462):  getMode mode:0
I/accs.OrangeAdapter( 1462):  isElectionEnable result:false
I/accs.OrangeAdapter( 1462):  isElectionEnable result:false
I/accs.ElectionServiceImpl( 1462):  deliver to channelservice host pkg:
I/accs.ServiceImpl( 1462):  onHostStartCommand:Intent { act=com.taobao.accs.intent.action.START_SERVICE cmp=com.zzl.falcon.internal/com.taobao.accs.ChannelService (has extras) }
D/accs.ServiceImpl( 1462):  key appKey: value umeng:56aadbf567e58e38d4000976
D/accs.ServiceImpl( 1462):  key configTag: value umeng:56aadbf567e58e38d4000976
D/accs.AdapterGlobalClientInfo( 1586):  getAgooCustomServiceName name:com.umeng.message.UmengIntentService
D/accs.ServiceImpl( 1462):  key mode: value 0
D/accs.ServiceImpl( 1462):  key ttid: value android@umeng
D/accs.ServiceImpl( 1462):  key packageName: value com.zzl.falcon.internal
D/accs.ServiceImpl( 1462):  key app_sercet: value de6c6ea9227d256e20df4f0cf58d1c9d
D/accs.ServiceImpl( 1462):  key agoo_app_key: value umeng:56aadbf567e58e38d4000976
I/accs.LoadSoFailUtil( 1462):  getSoFailTimes times:0
D/accs.SilenceConn_umeng:56aadbf567e58e38d4000976( 1462):  try ping, force:false
D/accs.SilenceConn_umeng:56aadbf567e58e38d4000976( 1462):  send message, PING delay:0 dataId:3
I/accs.ServiceImpl( 1462):  tryConnect appkey:umeng:56aadbf567e58e38d4000976 configTag:umeng:56aadbf567e58e38d4000976|0
D/accs.SilenceConn_umeng:56aadbf567e58e38d4000976( 1462):  clearRepeatControlCommand message:201/
D/AlarmScheduler( 1547): No events found starting within 1 week.
I/accs.InAppConn_umeng:56aadbf567e58e38d4000976( 1586):  try send:DATA dataId:2 appkey:umeng:56aadbf567e58e38d4000976
D/awcn.SessionCenter( 1586): |[seq:umeng:56aadbf567e58e38d4000976] getInternal u:https://umengacs.m.taobao.com TypeClass:SPDY timeout:60000
D/awcn.StrategyCenter( 1586):  getSchemeByHost host:umengacs.m.taobao.com scheme:https
W/awcn.SessionCenter( 1586): |[seq:umeng:56aadbf567e58e38d4000976] app background, forbid to create accs session
E/awcn.SessionCenter( 1586): |[seq:umeng:56aadbf567e58e38d4000976] [Get]connect exception errMsg:accs session connecting forbidden in background url:https://umengacs.m.taobao.com
D/accs.MsgRecv_umeng:56aadbf567e58e38d4000976( 1586):  onResult command:1 erorcode:-11
I/accs.BaseIntentService( 1462):  onHandleIntent,action=org.agoo.android.intent.action.REPORT,agooCommand=com.zzl.falcon.internal.intent.action.COMMAND,mipushCommand=com.zzl.falcon.internal.intent.thirdPush.action.COMMAND
I/accs.BaseIntentService( 1462):  is report cache msg,Config.isReportCacheMsg(mContext)=false
D/accs.isClearTime( 1462):  now=1512794275540,now - lastTime=2559,istrue=false
I/accs.BaseIntentService( 1462):  is clear all msg=false
D/accs.InAppConn_umeng:56aadbf567e58e38d4000976( 1586):  send message, DATA delay:2000 dataId:2
D/accs.isClearTime( 1462):  now=1512794275540,now - lastTime=2559,istrue=false
D/accs.accs.BindAppStatistic( 1586):  eventId=66001;arg1=WajMPL/DZuUDAJwcljDKSIFW;arg2=null;arg3=221;args={push_token=, fail_reasons=-11, device_id=WajMPL/DZuUDAJwcljDKSIFW, ret=n, bind_date=1512794275540}
D/accs.UTMini( 1586):  commitEvent fail java.lang.NoClassDefFoundError: Failed resolution of: Lcom/ut/mini/internal/UTOriginalCustomHitBuilder;
D/accs.InAppConn_umeng:56aadbf567e58e38d4000976( 1586):  sendSucc false dataId:2
V/AlarmClock( 1613): AlarmInitReceiver - Reset timers and clear stopwatch data
V/AlarmClock( 1613): AlarmInitReceiver finished
E/libprocessgroup( 1896): failed to make and chown /acct/uid_10031: Read-only file system
W/Zygote  ( 1896): createProcessGroup failed, kernel missing CONFIG_CGROUP_CPUACCT?
I/ActivityManager(  738): Start proc 1896:com.android.email/u0a31 for broadcast com.android.email/.service.EmailBroadcastReceiver
E/libprocessgroup( 1915): failed to make and chown /acct/uid_10032: Read-only file system
W/Zygote  ( 1915): createProcessGroup failed, kernel missing CONFIG_CGROUP_CPUACCT?
I/ActivityManager(  738): Start proc 1915:com.android.exchange/u0a32 for service com.android.exchange/.service.EasService
D/ActivityThread( 1896): Loading provider com.android.email.provider;com.android.email.notifier: com.android.email.provider.EmailProvider
D/ActivityThread( 1896): Loading provider com.android.email.provider;com.android.email.notifier: com.android.email.provider.EmailProvider
D/ActivityThread( 1896): Loading provider com.android.email.provider;com.android.email.notifier: com.android.email.provider.EmailProvider
E/libprocessgroup( 1943): failed to make and chown /acct/uid_10038: Read-only file system
W/Zygote  ( 1943): createProcessGroup failed, kernel missing CONFIG_CGROUP_CPUACCT?
I/ActivityManager(  738): Start proc 1943:com.android.inputmethod.latin/u0a38 for broadcast com.android.inputmethod.latin/.SystemBroadcastReceiver
W/ActivityManager(  738): Unable to start service Intent { cmp=com.android.email/.service.AttachmentService } U=0: not found
W/ActivityManager(  738): Unable to start service Intent { cmp=com.android.email/.service.AttachmentService } U=0: not found
I/Exchange( 1915): EasService.onCreate
W/ActivityManager(  738): Unable to start service Intent { cmp=com.android.email/.service.AttachmentService } U=0: not found
I/Email   ( 1896): Observing account changes for notifications
I/Exchange( 1915): RestartPingTask
W/ActivityManager(  738): Unable to start service Intent { cmp=com.android.email/.service.AttachmentService } U=0: not found
I/Exchange( 1915): RestartPingsTask did not start any pings.
I/Exchange( 1915): PSS stopIfIdle
I/Exchange( 1915): PSS has no active accounts; stopping service.
E/ActivityThread( 1896): Service com.android.email.service.EmailBroadcastProcessorService has leaked ServiceConnection com.android.emailcommon.service.ServiceProxy$ProxyConnection@1b1d1834 that was originally bound here
E/ActivityThread( 1896): android.app.ServiceConnectionLeaked: Service com.android.email.service.EmailBroadcastProcessorService has leaked ServiceConnection com.android.emailcommon.service.ServiceProxy$ProxyConnection@1b1d1834 that was originally bound here
E/ActivityThread( 1896): 	at android.app.LoadedApk$ServiceDispatcher.<init>(LoadedApk.java:1077)
E/ActivityThread( 1896): 	at android.app.LoadedApk.getServiceDispatcher(LoadedApk.java:971)
E/ActivityThread( 1896): 	at android.app.ContextImpl.bindServiceCommon(ContextImpl.java:1782)
E/ActivityThread( 1896): 	at android.app.ContextImpl.bindService(ContextImpl.java:1765)
E/ActivityThread( 1896): 	at android.content.ContextWrapper.bindService(ContextWrapper.java:539)
E/ActivityThread( 1896): 	at com.android.emailcommon.service.ServiceProxy.setTask(ServiceProxy.java:181)
E/ActivityThread( 1896): 	at com.android.emailcommon.service.ServiceProxy.test(ServiceProxy.java:224)
E/ActivityThread( 1896): 	at com.android.email.service.EmailServiceUtils.isServiceAvailable(EmailServiceUtils.java:160)
E/ActivityThread( 1896): 	at com.android.email.provider.AccountReconciler.reconcileAccountsInternal(AccountReconciler.java:171)
E/ActivityThread( 1896): 	at com.android.email.provider.AccountReconciler.reconcileAccounts(AccountReconciler.java:115)
E/ActivityThread( 1896): 	at com.android.email.service.EmailBroadcastProcessorService.reconcileAndStartServices(EmailBroadcastProcessorService.java:305)
E/ActivityThread( 1896): 	at com.android.email.service.EmailBroadcastProcessorService.onBootCompleted(EmailBroadcastProcessorService.java:295)
E/ActivityThread( 1896): 	at com.android.email.service.EmailBroadcastProcessorService.onHandleIntent(EmailBroadcastProcessorService.java:130)
E/ActivityThread( 1896): 	at android.app.IntentService$ServiceHandler.handleMessage(IntentService.java:65)
E/ActivityThread( 1896): 	at android.os.Handler.dispatchMessage(Handler.java:102)
E/ActivityThread( 1896): 	at android.os.Looper.loop(Looper.java:135)
E/ActivityThread( 1896): 	at android.os.HandlerThread.run(HandlerThread.java:61)
E/EmailServiceProxy( 1896): RuntimeException when trying to unbind from service
E/EmailServiceProxy( 1896): java.lang.IllegalArgumentException: Service not registered: com.android.emailcommon.service.ServiceProxy$ProxyConnection@1b1d1834
E/EmailServiceProxy( 1896): 	at android.app.LoadedApk.forgetServiceDispatcher(LoadedApk.java:1029)
E/EmailServiceProxy( 1896): 	at android.app.ContextImpl.unbindService(ContextImpl.java:1816)
E/EmailServiceProxy( 1896): 	at android.content.ContextWrapper.unbindService(ContextWrapper.java:551)
E/EmailServiceProxy( 1896): 	at com.android.emailcommon.service.ServiceProxy$ProxyConnection$1.doInBackground(ServiceProxy.java:124)
E/EmailServiceProxy( 1896): 	at com.android.emailcommon.service.ServiceProxy$ProxyConnection$1.doInBackground(ServiceProxy.java:111)
E/EmailServiceProxy( 1896): 	at android.os.AsyncTask$2.call(AsyncTask.java:292)
E/EmailServiceProxy( 1896): 	at java.util.concurrent.FutureTask.run(FutureTask.java:237)
E/EmailServiceProxy( 1896): 	at android.os.AsyncTask$SerialExecutor$1.run(AsyncTask.java:231)
E/EmailServiceProxy( 1896): 	at java.util.concurrent.ThreadPoolExecutor.runWorker(ThreadPoolExecutor.java:1112)
E/EmailServiceProxy( 1896): 	at java.util.concurrent.ThreadPoolExecutor$Worker.run(ThreadPoolExecutor.java:587)
E/EmailServiceProxy( 1896): 	at java.lang.Thread.run(Thread.java:818)
I/SystemBroadcastReceiver( 1943): Boot has been completed
I/LauncherIconVisibilityManager( 1943): Activity has already been disabled: ComponentInfo{com.android.inputmethod.latin/com.android.inputmethod.latin.setup.SetupActivity}
I/SystemBroadcastReceiver( 1943): Killing my process: pid=1943
I/Process ( 1943): Sending signal. PID: 1943 SIG: 9
W/libprocessgroup(  738): failed to open /acct/uid_10038/pid_1943/cgroup.procs: No such file or directory
I/ActivityManager(  738): Process com.android.inputmethod.latin (pid 1943) has died
E/libprocessgroup( 1966): failed to make and chown /acct/uid_1000: Read-only file system
W/Zygote  ( 1966): createProcessGroup failed, kernel missing CONFIG_CGROUP_CPUACCT?
I/ActivityManager(  738): Start proc 1966:com.genymotion.superuser/1000 for broadcast com.genymotion.superuser/com.koushikdutta.superuser.SuCheckerReceiver
D/accs.BaseReceiver( 1372):  onReceive
D/accs.ReceiverImpl( 1372):  ReceiverImpl onReceive begin......
D/accs.AdapterGlobalClientInfo( 1372):  getAgooCustomServiceName name:com.umeng.message.UmengIntentService
D/accs.AdapterGlobalClientInfo( 1372):  getAgooCustomServiceName name:com.umeng.message.UmengIntentService
I/Superuser( 1966): Result: 16 com.genymotion.superuser
I/accs.ElectionServiceImpl( 1372):  onStartCommand begin action:android.intent.action.BOOT_COMPLETED
I/accs.ElectionServiceUtil( 1372):  getElectionResult from mem host:com.zzl.itoube retry:0
I/accs.ElectionServiceImpl( 1372):  deliver to channelservice host pkg:com.zzl.itoube
D/accs.BaseReceiver( 1462):  onReceive
D/accs.ReceiverImpl( 1462):  ReceiverImpl onReceive begin......
I/accs.ServiceImpl( 1372):  onHostStartCommand:Intent { act=android.intent.action.BOOT_COMPLETED flg=0x8000010 cmp=com.zzl.itoube/com.taobao.accs.ChannelService (has extras) }
D/accs.ServiceImpl( 1372):  key android.intent.extra.user_handle: value 0
I/accs.LoadSoFailUtil( 1372):  getSoFailTimes times:0
D/accs.SpdyConnection( 1372):  try ping, force:false
D/accs.SpdyConnection( 1372):  send message, PING delay:0 dataId:8
D/accs.SpdyConnection( 1372):  try ping, force:true
D/accs.AdapterGlobalClientInfo( 1462):  getAgooCustomServiceName name:com.umeng.message.UmengIntentService
D/accs.SpdyConnection( 1372):  send message, PING delay:0 dataId:9
D/accs.SpdyConnection( 1372):  clearRepeatControlCommand message:201/
D/accs.NetworkThread( 1372):  try get message
D/accs.NetworkThread( 1372):  send message not null
I/accs.NetworkThread( 1372):  0 send:PING status:1
D/accs.OrangeAdapter( 1372):  isSmartHb result:true
D/accs.NetworkThread( 1372):  ms:3181 force:true
D/accs.OrangeAdapter( 1372):  isSmartHb result:true
D/accs.OrangeAdapter( 1372):  isSmartHb result:true
D/accs.HeartbeatManager( 1372):  set 270
D/accs.NetworkThread( 1372):  send succ, remove it
D/accs.NetworkThread( 1372):  ready to get message
D/accs.NetworkThread( 1372):  no message, wait
D/accs.AdapterGlobalClientInfo( 1462):  getAgooCustomServiceName name:com.umeng.message.UmengIntentService
I/accs.ElectionServiceImpl( 1462):  onStartCommand begin action:android.intent.action.BOOT_COMPLETED
I/accs.BaseIntentService( 1372):  onHandleIntent,action=android.intent.action.BOOT_COMPLETED,agooCommand=com.zzl.itoube.intent.action.COMMAND,mipushCommand=com.zzl.itoube.intent.thirdPush.action.COMMAND
I/accs.OrangeAdapter( 1462):  isElectionEnable result:false
I/accs.BaseIntentService( 1372):  is report cache msg,Config.isReportCacheMsg(mContext)=false
I/accs.OrangeAdapter( 1462):  isElectionEnable result:false
I/accs.ElectionServiceImpl( 1462):  deliver to channelservice host pkg:
D/accs.isClearTime( 1372):  now=1512794276145,now - lastTime=3168,istrue=false
I/accs.BaseIntentService( 1372):  is clear all msg=false
D/accs.isClearTime( 1372):  now=1512794276145,now - lastTime=3168,istrue=false
I/accs.ServiceImpl( 1462):  onHostStartCommand:Intent { act=android.intent.action.BOOT_COMPLETED flg=0x8000010 cmp=com.zzl.falcon.internal/com.taobao.accs.ChannelService (has extras) }
D/accs.ServiceImpl( 1462):  key android.intent.extra.user_handle: value 0
I/accs.LoadSoFailUtil( 1462):  getSoFailTimes times:0
D/accs.SilenceConn_umeng:56aadbf567e58e38d4000976( 1462):  try ping, force:false
D/accs.SilenceConn_umeng:56aadbf567e58e38d4000976( 1462):  send message, PING delay:0 dataId:4
I/accs.ServiceImpl( 1462):  tryConnect appkey:umeng:56aadbf567e58e38d4000976 configTag:umeng:56aadbf567e58e38d4000976|0
D/accs.SilenceConn_umeng:56aadbf567e58e38d4000976( 1462):  try ping, force:true
D/accs.SilenceConn_umeng:56aadbf567e58e38d4000976( 1462):  clearRepeatControlCommand message:201/
D/accs.SilenceConn_umeng:56aadbf567e58e38d4000976( 1462):  send message, PING delay:0 dataId:5
I/accs.ServiceImpl( 1462):  ping connection appkey:umeng:56aadbf567e58e38d4000976
D/accs.SilenceConn_umeng:56aadbf567e58e38d4000976( 1462):  clearRepeatControlCommand message:201/
I/accs.BaseIntentService( 1462):  onHandleIntent,action=android.intent.action.BOOT_COMPLETED,agooCommand=com.zzl.falcon.internal.intent.action.COMMAND,mipushCommand=com.zzl.falcon.internal.intent.thirdPush.action.COMMAND
I/accs.BaseIntentService( 1462):  is report cache msg,Config.isReportCacheMsg(mContext)=false
D/accs.isClearTime( 1462):  now=1512794276154,now - lastTime=3173,istrue=false
I/accs.BaseIntentService( 1462):  is clear all msg=false
D/accs.isClearTime( 1462):  now=1512794276154,now - lastTime=3173,istrue=false
D/accs.BaseReceiver( 1372):  onReceive
D/accs.ReceiverImpl( 1372):  ReceiverImpl onReceive begin......
D/accs.AdapterGlobalClientInfo( 1372):  getAgooCustomServiceName name:com.umeng.message.UmengIntentService
D/accs.AdapterGlobalClientInfo( 1372):  getAgooCustomServiceName name:com.umeng.message.UmengIntentService
I/accs.ElectionServiceImpl( 1372):  onStartCommand begin action:android.intent.action.USER_PRESENT
I/accs.ElectionServiceUtil( 1372):  getElectionResult from mem host:com.zzl.itoube retry:0
I/accs.ElectionServiceImpl( 1372):  deliver to channelservice host pkg:com.zzl.itoube
I/accs.ServiceImpl( 1372):  onHostStartCommand:Intent { act=android.intent.action.USER_PRESENT flg=0x24000010 cmp=com.zzl.itoube/com.taobao.accs.ChannelService }
I/accs.LoadSoFailUtil( 1372):  getSoFailTimes times:0
D/accs.SpdyConnection( 1372):  try ping, force:false
D/accs.BaseReceiver( 1462):  onReceive
D/accs.ReceiverImpl( 1462):  ReceiverImpl onReceive begin......
D/accs.SpdyConnection( 1372):  send message, PING delay:0 dataId:10
D/accs.ServiceImpl( 1372):  action android.intent.action.USER_PRESENT
D/accs.SpdyConnection( 1372):  try ping, force:true
D/accs.SpdyConnection( 1372):  send message, PING delay:0 dataId:11
D/accs.SpdyConnection( 1372):  clearRepeatControlCommand message:201/
D/accs.NetworkThread( 1372):  try get message
D/accs.NetworkThread( 1372):  send message not null
I/accs.NetworkThread( 1372):  0 send:PING status:1
D/accs.OrangeAdapter( 1372):  isSmartHb result:true
D/accs.NetworkThread( 1372):  ms:21 force:true
D/accs.OrangeAdapter( 1372):  isSmartHb result:true
D/accs.OrangeAdapter( 1372):  isSmartHb result:true
D/accs.HeartbeatManager( 1372):  set 270
D/accs.NetworkThread( 1372):  send succ, remove it
D/accs.NetworkThread( 1372):  ready to get message
D/accs.NetworkThread( 1372):  no message, wait
D/accs.AdapterGlobalClientInfo( 1462):  getAgooCustomServiceName name:com.umeng.message.UmengIntentService
I/accs.BaseIntentService( 1372):  onHandleIntent,action=android.intent.action.USER_PRESENT,agooCommand=com.zzl.itoube.intent.action.COMMAND,mipushCommand=com.zzl.itoube.intent.thirdPush.action.COMMAND
I/accs.BaseIntentService( 1372):  is report cache msg,Config.isReportCacheMsg(mContext)=false
D/accs.isClearTime( 1372):  now=1512794276167,now - lastTime=3190,istrue=false
I/accs.BaseIntentService( 1372):  is clear all msg=false
D/accs.isClearTime( 1372):  now=1512794276167,now - lastTime=3190,istrue=false
D/accs.AdapterGlobalClientInfo( 1462):  getAgooCustomServiceName name:com.umeng.message.UmengIntentService
I/accs.ElectionServiceImpl( 1462):  onStartCommand begin action:android.intent.action.USER_PRESENT
I/accs.OrangeAdapter( 1462):  isElectionEnable result:false
I/accs.OrangeAdapter( 1462):  isElectionEnable result:false
I/accs.ElectionServiceImpl( 1462):  deliver to channelservice host pkg:
I/accs.ServiceImpl( 1462):  onHostStartCommand:Intent { act=android.intent.action.USER_PRESENT flg=0x24000010 cmp=com.zzl.falcon.internal/com.taobao.accs.ChannelService }
I/accs.LoadSoFailUtil( 1462):  getSoFailTimes times:0
D/accs.SilenceConn_umeng:56aadbf567e58e38d4000976( 1462):  try ping, force:false
D/accs.SilenceConn_umeng:56aadbf567e58e38d4000976( 1462):  send message, PING delay:0 dataId:6
I/accs.ServiceImpl( 1462):  tryConnect appkey:umeng:56aadbf567e58e38d4000976 configTag:umeng:56aadbf567e58e38d4000976|0
D/accs.ServiceImpl( 1462):  action android.intent.action.USER_PRESENT
D/accs.SilenceConn_umeng:56aadbf567e58e38d4000976( 1462):  try ping, force:true
D/accs.SilenceConn_umeng:56aadbf567e58e38d4000976( 1462):  clearRepeatControlCommand message:201/
D/accs.SilenceConn_umeng:56aadbf567e58e38d4000976( 1462):  send message, PING delay:0 dataId:7
I/accs.ServiceImpl( 1462):  ping connection appkey:umeng:56aadbf567e58e38d4000976
D/accs.SilenceConn_umeng:56aadbf567e58e38d4000976( 1462):  clearRepeatControlCommand message:201/
I/accs.BaseIntentService( 1462):  onHandleIntent,action=android.intent.action.USER_PRESENT,agooCommand=com.zzl.falcon.internal.intent.action.COMMAND,mipushCommand=com.zzl.falcon.internal.intent.thirdPush.action.COMMAND
I/accs.BaseIntentService( 1462):  is report cache msg,Config.isReportCacheMsg(mContext)=false
D/accs.isClearTime( 1462):  now=1512794276177,now - lastTime=3196,istrue=false
I/accs.BaseIntentService( 1462):  is clear all msg=false
D/accs.isClearTime( 1462):  now=1512794276177,now - lastTime=3196,istrue=false
