I/Choreographer( 1586): Skipped 30 frames!  The application may be doing too much work on its main thread.
V/WebViewChromiumFactoryProvider( 1586): Binding Chromium to main looper Looper (main, tid 1) {364a8718}
I/LibraryLoader( 1586): Expected native library version number "",actual native library version number ""
I/chromium( 1586): [INFO:library_loader_hooks.cc(104)] Chromium logging enabled: level = 0, default verbosity = 0
I/BrowserStartupController( 1586): Initializing chromium process, singleProcess=true
W/art     ( 1586): Attempt to remove local handle scope entry from IRT, ignoring
D/OkHttp  ( 1586): <-- 200 OK http://116.236.220.210:8084/appFixation/appFixationList?page=1&rows=10&sortField=default&sortType=asc&version=3 (77ms)
D/OkHttp  ( 1586): Server: Apache-Coyote/1.1
D/OkHttp  ( 1586): Set-Cookie: JSESSIONID=79F29F79233D9FA695C79976C42DE415; Path=/; HttpOnly
D/OkHttp  ( 1586): Content-Type: application/json;charset=utf-8
D/OkHttp  ( 1586): Content-Length: 7399
D/OkHttp  ( 1586): Date: Sat, 09 Dec 2017 04:39:44 GMT
D/OkHttp  ( 1586): {"total":"441","data":[{"matureTime":"2017-12-09 09:28:04","hasInvestAmt":5151.0000,"orderNumber":"6_0818171353171083","rateDown":6.00,"investManageRate":0.37500000,"rateUp":12.00,"limitTime":"","remainingAmount":0.0000,"rate":8.70,"left_periods":180,"onlineTime":"2017-12-06 09:28:37","periods":6,"payment":2,"id":"2c908a885df47556015df4b3b31500e0","proName":"6","prdTypeName":"","stepAmount":1000.00,"fullScaleCount":"6","expireTime":"2017-12-06 15:29:19","createTime":"2017-08-18 17:36:43","tradeStatus":3,"progress":100.00,"bgPeriodsType":1,"contractMoney":5151.0000,"realyRate":8.70,"restAmt":0.0000,"desc":""},{"matureTime":"2017-10-29 09:01:01","hasInvestAmt":1128.0000,"orderNumber":"3_1026090020170161","rateDown":6.00,"investManageRate":0.66500000,"rateUp":12.00,"limitTime":"","remainingAmount":0.0000,"rate":5.22,"left_periods":90,"onlineTime":"2017-10-26 09:01:35","periods":3,"payment":2,"id":"2c908a885f528ba5015f5631becb014f","proName":"3","prdTypeName":"","stepAmount":1000.00,"fullScaleCount":"2","expireTime":"2017-10-28 10:54:36","createTime":"2017-10-26 09:00:21","tradeStatus":3,"progress":100.00,"bgPeriodsType":1,"contractMoney":1128.0000,"realyRate":5.22,"restAmt":0.0000,"desc":"3"},{"matureTime":"2017-10-13 15:01:20","hasInvestAmt":19057.0000,"orderNumber":"3_1010150146172077","rateDown":6.00,"investManageRate":0.66500000,"rateUp":12.00,"limitTime":"","remainingAmount":0.0000,"rate":5.22,"left_periods":90,"onlineTime":"2017-10-10 15:01:57","periods":3,"payment":2,"id":"2c908a885f04cd56015f0516e67f035d","proName":"3","prdTypeName":"","stepAmount":1000.00,"fullScaleCount":"2","expireTime":"2017-10-11 10:13:28","createTime":"2017-10-10 15:01:47","tradeStatus":3,"progress":100.00,"bgPeriodsType":1,"contractMoney":19057.0000,"realyRate":5.22,"restAmt":0.0000,"desc":"3"},{"matureTime":"2017-09-24 16:58:10","hasInvestAmt":13058.0000,"orderNumber":"_0921165625174378","rateDown":6.00,"investManageRate":0.10000000,"rateUp":12.00,"limitTime":"","remainingAmount":0.0000,"rate":10.80,"left_periods":90,"onlineTime":"2017-09-21 16:58:52","periods":3,"payment":2,"id":"402897385ea3832a015ea3a911f80022","proName":"","prdTypeName":"","stepAmount":100.00,"fullScaleCount":"2","expireTime":"2017-09-21 16:59:21","createTime":"2017-09-21 16:58:39","tradeStatus":3,"progress":100.00,"bgPeriodsType":1,"contractMoney":13058.0000,"realyRate":10.80,"restAmt":0.0000,"desc":""},{"matureTime":"2017-09-04 11:46:46","hasInvestAmt":38630.0000,"orderNumber":"6_0901114317175328","rateDown":6.00,"investManageRate":0.37500000,"rateUp":12.00,"limitTime":"","remainingAmount":0.0000,"rate":8.70,"left_periods":180,"onlineTime":"2017-09-01 11:45:08","periods":6,"payment":2,"id":"2c908a885e2b95bd015e3b8a5cb1212a","proName":"6","prdTypeName":"","stepAmount":1000.00,"fullScaleCount":"2","expireTime":"2017-09-01 16:11:15","createTime":"2017-09-01 11:44:37","tradeStatus":3,"progress":100.00,"bgPeriodsType":1,"contractMoney":38630.0000,"realyRate":8.70,"restAmt":0.0000,"desc":""},{"matureTime":"2017-12-08 15:34:30","hasInvestAmt":15000.0000,"orderNumber":"3_1205153447175015","rateDown":6.00,"investManageRate":0.66500000,"rateUp":12.00,"limitTime":"","remainingAmount":0.0000,"loanTime":"2017-12-05 15:35:22","rate":5.22,"left_periods":90,"repaymentDate":"2018-03-05"
D/OkHttp  ( 1586): ":"3_1205151058176776","rateDown":6.00,"investManageRate":0.66500000,"rateUp":12.00,"limitTime":"","remainingAmount":0.0000,"loanTime":"2017-12-05 15:24:53","rate":5.22,"left_periods":90,"repaymentDate":"2018-03-05","onlineTime":"2017-12-05 15:24:01","periods":3,"payment":2,"id":"2c908a886024d4a9016025833f790049","proName":"3","prdTypeName":"","stepAmount":1000.00,"fullScaleCount":"1","expireTime":"2017-12-05 15:24:53","createTime":"2017-12-05 15:10:46","tradeStatus":1,"progress":100.00,"bgPeriodsType":1,"contractMoney":8000.0000,"realyRate":5.22,"restAmt":0.0000,"desc":"3"},{"matureTime":"2017-12-08 14:50:26","hasInvestAmt":38711.0000,"orderNumber":"3_1205113609170700","rateDown":6.00,"investManageRate":0.66500000,"rateUp":12.00,"limitTime":"","remainingAmount":0.0000,"loanTime":"2017-12-05 14:53:40","rate":5.22,"left_periods":90,"repaymentDate":"2018-03-05","onlineTime":"2017-12-05 14:51:00","periods":3,"payment":2,"id":"2c908a8860216ca2016024bec85f020b","proName":"3","prdTypeName":"","stepAmount":1000.00,"fullScaleCount":"3","expireTime":"2017-12-05 14:53:40","createTime":"2017-12-05 11:36:11","tradeStatus":1,"progress":100.00,"bgPeriodsType":1,"contractMoney":38711.0000,"realyRate":5.22,"restAmt":0.0000,"desc":"3"},{"matureTime":"2017-12-08 09:14:18","hasInvestAmt":1005.0000,"orderNumber":"3_1204152045175854","rateDown":6.00,"investManageRate":0.66500000,"rateUp":12.00,"limitTime":"","remainingAmount":0.0000,"loanTime":"2017-12-05 18:45:31","rate":5.22,"left_periods":90,"repaymentDate":"2018-03-05","onlineTime":"2017-12-05 09:14:51","periods":3,"payment":2,"id":"2c908a88601f75b001602065dc22014e","proName":"3","prdTypeName":"","stepAmount":1000.00,"fullScaleCount":"1","expireTime":"2017-12-05 18:45:31","createTime":"2017-12-04 15:20:34","tradeStatus":1,"progress":100.00,"bgPeriodsType":1,"contractMoney":1005.0000,"realyRate":5.22,"restAmt":0.0000,"desc":"3"},{"matureTime":"2017-12-07 16:16:27","hasInvestAmt":2245.0000,"orderNumber":"3_1204152054177224","rateDown":6.00,"investManageRate":0.66500000,"rateUp":12.00,"limitTime":"","remainingAmount":0.0000,"loanTime":"2017-12-04 16:23:39","rate":5.22,"left_periods":90,"repaymentDate":"2018-03-04","onlineTime":"2017-12-04 16:17:00","periods":3,"payment":2,"id":"2c908a88601f75b001602065fd65014f","proName":"3","prdTypeName":"","stepAmount":1000.00,"fullScaleCount":"3","expireTime":"2017-12-04 16:23:39","createTime":"2017-12-04 15:20:43","tradeStatus":1,"progress":100.00,"bgPeriodsType":1,"contractMoney":2245.0000,"realyRate":5.22,"restAmt":0.0000,"desc":"3"}],"responseCode":"1","info":""}
D/OkHttp  ( 1586): <-- END HTTP (7399-byte body)
W/AudioManagerAndroid( 1586): Requires BLUETOOTH permission
W/chromium( 1586): [WARNING:resource_bundle.cc(304)] locale_file_path.empty()
I/chromium( 1586): [INFO:aw_browser_main_parts.cc(65)] Load from apk succesful, fd=62 off=46184 len=3037
I/chromium( 1586): [INFO:aw_browser_main_parts.cc(78)] Loading webviewchromium.pak from, fd:63 off:229484 len:1089587
W/chromium( 1586): [WARNING:mailbox_synchronizer.cc(41)] MailboxSync not supported due to missing EGL image/fence support
W/chromium( 1586): [WARNING:data_reduction_proxy_settings.cc(331)] SPDY proxy OFF at startup
D/accs.AdapterUtilityImpl( 1482):  getAppkey APPKEY:umeng:585b4a88766613539b00000e
I/accs.InAppConnection( 1482):  mTryStartServiceRunable bindapp
D/accs.ACCSManagerImpl( 1482):  bindApp APPKEY:umeng:585b4a88766613539b00000e
D/accs.AdapterUtilityImpl( 1482):  getAppkey APPKEY:umeng:585b4a88766613539b00000e
D/accs.UtilityImpl( 1482):  enableService,comptName=ComponentInfo{com.zzl.itoube/com.taobao.accs.ChannelService}
I/awcn.HMacUtil( 1482):  hmacSha1Hex result:1199264d26887d4f303ea19848d7336ba288bd1ac26bdb13dcbdab8ec348ad72
I/awcn.SessionCenter( 1482):  setDataReceiveCb AccsFrameCb:com.taobao.accs.net.i@14d739cc
I/awcn.SessionCenter( 1482):  sessions:0
I/awcn.SessionCenter( 1482):  sessions:0
I/awcn.SessionCenter( 1482):  sessions:0
I/awcn.SessionCenter( 1482):  sessions:0
D/accs.InAppConnection( 1482):  1 start
I/accs.ClientManager( 1482):  isAppBinded begin..appStatus=2,mBindStatus={com.zzl.itoube=2}
I/accs.ACCSManagerImpl( 1482):  com.zzl.itoube isAppBinded
D/accs.MessageHandler( 1482):  onResult command:1 erorcode:200
D/accs.MessageHandler( 1482):  prepare send broadcast
D/accs.accs.BindAppStatistic( 1482):  eventId=66001;arg1=WajMPL/DZuUDAJwcljDKSIFW;arg2=null;arg3=212;args={push_token=, fail_reasons=null, device_id=WajMPL/DZuUDAJwcljDKSIFW, ret=y, bind_date=1512794384752}
D/accs.UTMini( 1482):  commitEvent fail java.lang.NoClassDefFoundError: Failed resolution of: Lcom/ut/mini/internal/UTOriginalCustomHitBuilder;
I/art     ( 1482): Rejecting re-init on previously-failed class java.lang.Class<com.taobao.accs.utl.h$a>
W/accs.ACCSManagerImpl( 1482):  no orange sdk
D/accs.MsgDistribute( 1482):  action:com.taobao.accs.intent.action.RECEIVE
I/accs.MsgDistribute( 1482):  command:1 serviceId:null dataId:null
I/accs.TaobaoRegister( 1482):  onBindApp errorCode:200
I/accs.ClientManager( 1482):  isAgooRegistered begin..appStatus=2,mAgooBindStatus={com.zzl.itoube=2}
I/accs.TaobaoRegister( 1482):  agoo aready Registered return 
I/accs.Config( 1482):  getDeviceToken token:AvK2f2Lf8S83dT8hgYznUosdG25v8_KcvsKirfX7dzct
I/com.umeng.message.PushAgent( 1482): register-->onSuccess:AvK2f2Lf8S83dT8hgYznUosdG25v8_KcvsKirfX7dzct
I/accs.MsgDistribute( 1482):  start election by bindapp....
I/accs.ElectionServiceImpl( 1372):  onStartCommand begin action:com.taobao.accs.intent.action.OPENELECTION
I/accs.ElectionServiceImpl( 1372):  operate is receive operate:TRY_ELECTION
I/accs.ElectionServiceUtil( 1372):  getElectionResult from mem host:com.zzl.itoube retry:0
I/accs.ElectionServiceImpl( 1372):  tryElection begin isFirstStart:false currentPack:com.zzl.itoube currentElectionPack:com.zzl.itoube
I/accs.ElectionServiceImpl( 1372):  curr is host, no need election
I/accs.ServiceImpl( 1372):  startConnect
D/accs.SpdyConnection( 1372):  try ping, force:false
D/accs.SpdyConnection( 1372):  send message, PING delay:0 dataId:12
D/accs.SpdyConnection( 1372):  try ping, force:false
I/accs.MsgDistribute( 1482):  distribMessage serviceId is null!! command:1
D/accs.SpdyConnection( 1372):  send message, PING delay:0 dataId:13
D/accs.SpdyConnection( 1372):  clearRepeatControlCommand message:201/
D/com.umeng.message.UmengMessageCallbackHandlerService( 1482): processName=com.zzl.itoube
D/com.umeng.message.UmengMessageCallbackHandlerService( 1482): enable(): register-->:AvK2f2Lf8S83dT8hgYznUosdG25v8_KcvsKirfX7dzct,status:true
W/art     ( 1586): Attempt to remove local handle scope entry from IRT, ignoring
W/AwContents( 1586): onDetachedFromWindow called when already detached. Ignoring
W/art     ( 1586): Attempt to remove local handle scope entry from IRT, ignoring
W/art     ( 1586): Attempt to remove local handle scope entry from IRT, ignoring
D/ForegroundCallbacks( 1586): still foreground
D/JUtrack ( 1482): sendRequest() url=https://msg.umengcloud.com/da
D/JUtrack ( 1482):  request = {"header":{"appkey":"585b4a88766613539b00000e","device_id":"epGokY7mQkDMFFUc+MuMJA==","idmd5":"5284047F4FFB4E04824A2FD1D1F0CD62","channel":"Umeng","mc":"08:00:27:6d:10:ed","android_id":"94c8b0577e2215e7","serial_number":"unknown","device_model":"Google Nexus 4 - 5.1.0 - API 22 - 768x1280","os":"Android","os_version":"5.1","resolution":"768*1184","cpu":"0","app_version":"1.0","version_code":"1","package_name":"com.zzl.itoube","sdk_type":"Android","sdk_version":"3.0.6","timezone":-5,"country":"US","language":"en","access":"Wi-Fi","access_subtype":"Unknown","carrier":"Android"},"utdid":"WajMPL\/DZuUDAJwcljDKSIFW","device_token":"AvK2f2Lf8S83dT8hgYznUosdG25v8_KcvsKirfX7dzct","registerLog":"onSuccess"}
D/JUtrack ( 1482):  response = {"success":"ok","da_register_policy":"0"}
V/WindowManager(  738): Adding window Window{3f6554c6 u0 com.zzl.falcon.internal/com.zzl.falcon.WebViewActivity} at 5 of 11 (after Window{24ab9f97 u0 com.zzl.falcon.internal/com.zzl.falcon.MainActivity})
I/Choreographer( 1586): Skipped 30 frames!  The application may be doing too much work on its main thread.
W/EGL_emulation( 1586): eglSurfaceAttrib not implemented
W/OpenGLRenderer( 1586): Failed to set EGL_SWAP_BEHAVIOR on surface 0xdec3ffe0, error=EGL_SUCCESS
W/ViewRootImpl( 1586): Dropping event due to no window focus: KeyEvent { action=ACTION_DOWN, keyCode=KEYCODE_DPAD_CENTER, scanCode=0, metaState=0, flags=0x8, repeatCount=0, eventTime=136737, downTime=136737, deviceId=-1, source=0x101 }
E/com.umeng.message.UTrack( 1586): RegistrationId is empty
E/com.umeng.message.UTrack( 1586): RegistrationId is empty
W/ViewRootImpl( 1586): Cancelling event due to no window focus: KeyEvent { action=ACTION_UP, keyCode=KEYCODE_DPAD_CENTER, scanCode=0, metaState=0, flags=0x28, repeatCount=0, eventTime=138131, downTime=138131, deviceId=-1, source=0x101 }
W/ViewRootImpl( 1586): Cancelling event due to no window focus: KeyEvent { action=ACTION_UP, keyCode=KEYCODE_DPAD_CENTER, scanCode=0, metaState=0, flags=0x28, repeatCount=0, eventTime=138131, downTime=138131, deviceId=-1, source=0x101 }
W/ViewRootImpl( 1586): Cancelling event due to no window focus: KeyEvent { action=ACTION_UP, keyCode=KEYCODE_DPAD_CENTER, scanCode=0, metaState=0, flags=0x28, repeatCount=0, eventTime=138131, downTime=138131, deviceId=-1, source=0x101 }
W/ViewRootImpl( 1586): Cancelling event due to no window focus: KeyEvent { action=ACTION_UP, keyCode=KEYCODE_DPAD_CENTER, scanCode=0, metaState=0, flags=0x28, repeatCount=0, eventTime=138131, downTime=138131, deviceId=-1, source=0x101 }
W/ViewRootImpl( 1586): Cancelling event due to no window focus: KeyEvent { action=ACTION_UP, keyCode=KEYCODE_DPAD_CENTER, scanCode=0, metaState=0, flags=0x28, repeatCount=0, eventTime=138131, downTime=138131, deviceId=-1, source=0x101 }
W/ViewRootImpl( 1586): Cancelling event due to no window focus: KeyEvent { action=ACTION_UP, keyCode=KEYCODE_DPAD_CENTER, scanCode=0, metaState=0, flags=0x28, repeatCount=0, eventTime=138131, downTime=138131, deviceId=-1, source=0x101 }
W/ViewRootImpl( 1586): Dropping event due to no window focus: KeyEvent { action=ACTION_DOWN, keyCode=KEYCODE_DPAD_DOWN, scanCode=0, metaState=0, flags=0x8, repeatCount=0, eventTime=138192, downTime=138192, deviceId=-1, source=0x101 }
W/ViewRootImpl( 1586): Cancelling event due to no window focus: KeyEvent { action=ACTION_UP, keyCode=KEYCODE_DPAD_DOWN, scanCode=0, metaState=0, flags=0x28, repeatCount=0, eventTime=138200, downTime=138200, deviceId=-1, source=0x101 }
W/ViewRootImpl( 1586): Cancelling event due to no window focus: KeyEvent { action=ACTION_UP, keyCode=KEYCODE_DPAD_DOWN, scanCode=0, metaState=0, flags=0x28, repeatCount=0, eventTime=138200, downTime=138200, deviceId=-1, source=0x101 }
W/ViewRootImpl( 1586): Cancelling event due to no window focus: KeyEvent { action=ACTION_UP, keyCode=KEYCODE_DPAD_DOWN, scanCode=0, metaState=0, flags=0x28, repeatCount=0, eventTime=138200, downTime=138200, deviceId=-1, source=0x101 }
W/ViewRootImpl( 1586): Cancelling event due to no window focus: KeyEvent { action=ACTION_UP, keyCode=KEYCODE_DPAD_DOWN, scanCode=0, metaState=0, flags=0x28, repeatCount=0, eventTime=138200, downTime=138200, deviceId=-1, source=0x101 }
W/ViewRootImpl( 1586): Cancelling event due to no window focus: KeyEvent { action=ACTION_UP, keyCode=KEYCODE_DPAD_DOWN, scanCode=0, metaState=0, flags=0x28, repeatCount=0, eventTime=138200, downTime=138200, deviceId=-1, source=0x101 }
W/ViewRootImpl( 1586): Cancelling event due to no window focus: KeyEvent { action=ACTION_UP, keyCode=KEYCODE_DPAD_DOWN, scanCode=0, metaState=0, flags=0x28, repeatCount=0, eventTime=138200, downTime=138200, deviceId=-1, source=0x101 }
I/accs.InAppConn_umeng:56aadbf567e58e38d4000976( 1586):  mTryStartServiceRunable bindapp
I/accs.InAppConn_umeng:56aadbf567e58e38d4000976( 1462):  mTryStartServiceRunable bindapp
W/ViewRootImpl( 1586): Dropping event due to no window focus: KeyEvent { action=ACTION_DOWN, keyCode=KEYCODE_MENU, scanCode=0, metaState=0, flags=0x8, repeatCount=0, eventTime=138205, downTime=138205, deviceId=-1, source=0x101 }
W/ViewRootImpl( 1586): Cancelling event due to no window focus: KeyEvent { action=ACTION_UP, keyCode=KEYCODE_MENU, scanCode=0, metaState=0, flags=0x28, repeatCount=0, eventTime=138206, downTime=138206, deviceId=-1, source=0x101 }
W/ViewRootImpl( 1586): Cancelling event due to no window focus: KeyEvent { action=ACTION_UP, keyCode=KEYCODE_MENU, scanCode=0, metaState=0, flags=0x28, repeatCount=0, eventTime=138206, downTime=138206, deviceId=-1, source=0x101 }
W/ViewRootImpl( 1586): Cancelling event due to no window focus: KeyEvent { action=ACTION_UP, keyCode=KEYCODE_MENU, scanCode=0, metaState=0, flags=0x28, repeatCount=0, eventTime=138206, downTime=138206, deviceId=-1, source=0x101 }
W/ViewRootImpl( 1586): Cancelling event due to no window focus: KeyEvent { action=ACTION_UP, keyCode=KEYCODE_MENU, scanCode=0, metaState=0, flags=0x28, repeatCount=0, eventTime=138206, downTime=138206, deviceId=-1, source=0x101 }
W/ViewRootImpl( 1586): Cancelling event due to no window focus: KeyEvent { action=ACTION_UP, keyCode=KEYCODE_MENU, scanCode=0, metaState=0, flags=0x28, repeatCount=0, eventTime=138206, downTime=138206, deviceId=-1, source=0x101 }
W/ViewRootImpl( 1586): Cancelling event due to no window focus: KeyEvent { action=ACTION_UP, keyCode=KEYCODE_MENU, scanCode=0, metaState=0, flags=0x28, repeatCount=0, eventTime=138206, downTime=138206, deviceId=-1, source=0x101 }
I/AppiumUnicodeIME(  916): onFinishInput
I/AppiumUnicodeIME(  916): onStartInput
I/ActivityManager(  738): Displayed com.zzl.falcon.internal/com.zzl.falcon.WebViewActivity: +1s43ms (total +2s265ms)
I/AppiumUnicodeIME(  916): onKeyDown (keyCode='19', event.keyCode='19', metaState='0')
I/AppiumUnicodeIME(  916): onKeyUp (keyCode='19', event.keyCode='19', metaState='0')
I/AppiumUnicodeIME(  916): onKeyDown (keyCode='19', event.keyCode='19', metaState='0')
I/AppiumUnicodeIME(  916): onKeyUp (keyCode='19', event.keyCode='19', metaState='0')
I/AppiumUnicodeIME(  916): onKeyDown (keyCode='19', event.keyCode='19', metaState='0')
I/AppiumUnicodeIME(  916): onKeyUp (keyCode='19', event.keyCode='19', metaState='0')
I/AppiumUnicodeIME(  916): onKeyDown (keyCode='19', event.keyCode='19', metaState='0')
I/AppiumUnicodeIME(  916): onKeyUp (keyCode='19', event.keyCode='19', metaState='0')
I/AppiumUnicodeIME(  916): onKeyDown (keyCode='82', event.keyCode='82', metaState='0')
W/UnimplementedWebViewApi( 1586): Unimplemented WebView method onKeyDown called from: android.webkit.WebView.onKeyDown(WebView.java:2310)
I/AppiumUnicodeIME(  916): onKeyUp (keyCode='82', event.keyCode='82', metaState='0')
W/AudioTrack(  738): AUDIO_OUTPUT_FLAG_FAST denied by client
I/AppiumUnicodeIME(  916): onKeyDown (keyCode='194', event.keyCode='194', metaState='0')
I/AppiumUnicodeIME(  916): onKeyUp (keyCode='194', event.keyCode='194', metaState='0')
I/AppiumUnicodeIME(  916): onKeyDown (keyCode='20', event.keyCode='20', metaState='0')
I/AppiumUnicodeIME(  916): onKeyUp (keyCode='20', event.keyCode='20', metaState='0')
I/AppiumUnicodeIME(  916): onKeyDown (keyCode='23', event.keyCode='23', metaState='0')
I/AppiumUnicodeIME(  916): onKeyUp (keyCode='23', event.keyCode='23', metaState='0')
I/AppiumUnicodeIME(  916): onKeyDown (keyCode='23', event.keyCode='23', metaState='0')
I/AppiumUnicodeIME(  916): onKeyUp (keyCode='23', event.keyCode='23', metaState='0')
I/AppiumUnicodeIME(  916): onKeyDown (keyCode='23', event.keyCode='23', metaState='0')
I/chromium( 1586): [INFO:CONSOLE(1)] "Uncaught ReferenceError: jump is not defined", source:  (1)
I/AppiumUnicodeIME(  916): onKeyUp (keyCode='23', event.keyCode='23', metaState='0')
I/AppiumUnicodeIME(  916): onKeyDown (keyCode='19', event.keyCode='19', metaState='0')
I/AppiumUnicodeIME(  916): onKeyUp (keyCode='19', event.keyCode='19', metaState='0')
I/AppiumUnicodeIME(  916): onKeyDown (keyCode='21', event.keyCode='21', metaState='0')
I/AppiumUnicodeIME(  916): onKeyUp (keyCode='21', event.keyCode='21', metaState='0')
I/AppiumUnicodeIME(  916): onKeyDown (keyCode='21', event.keyCode='21', metaState='0')
I/AppiumUnicodeIME(  916): onKeyUp (keyCode='21', event.keyCode='21', metaState='0')
I/AppiumUnicodeIME(  916): onKeyDown (keyCode='21', event.keyCode='21', metaState='0')
I/AppiumUnicodeIME(  916): onKeyUp (keyCode='21', event.keyCode='21', metaState='0')
I/AppiumUnicodeIME(  916): onKeyDown (keyCode='21', event.keyCode='21', metaState='0')
I/AppiumUnicodeIME(  916): onKeyUp (keyCode='21', event.keyCode='21', metaState='0')
I/AppiumUnicodeIME(  916): onKeyDown (keyCode='20', event.keyCode='20', metaState='0')
I/AppiumUnicodeIME(  916): onKeyUp (keyCode='20', event.keyCode='20', metaState='0')
I/AppiumUnicodeIME(  916): onKeyDown (keyCode='20', event.keyCode='20', metaState='0')
I/AppiumUnicodeIME(  916): onKeyUp (keyCode='20', event.keyCode='20', metaState='0')
D/TaskPersister(  738): removeObsoleteFile: deleting file=309_task.xml
D/TaskPersister(  738): removeObsoleteFile: deleting file=309_task_thumbnail.png
I/AppiumUnicodeIME(  916): onKeyDown (keyCode='22', event.keyCode='22', metaState='0')
I/AppiumUnicodeIME(  916): onKeyUp (keyCode='22', event.keyCode='22', metaState='0')
I/AppiumUnicodeIME(  916): onKeyDown (keyCode='231', event.keyCode='231', metaState='0')
I/ActivityManager(  738): START u0 {act=android.speech.action.WEB_SEARCH} from uid 1000 on display 0
I/AppiumUnicodeIME(  916): onKeyUp (keyCode='231', event.keyCode='231', metaState='0')
I/AppiumUnicodeIME(  916): onKeyDown (keyCode='116', event.keyCode='116', metaState='0')
I/AppiumUnicodeIME(  916): onKeyUp (keyCode='116', event.keyCode='116', metaState='0')
I/AppiumUnicodeIME(  916): onKeyDown (keyCode='82', event.keyCode='82', metaState='0')
W/UnimplementedWebViewApi( 1586): Unimplemented WebView method onKeyDown called from: android.webkit.WebView.onKeyDown(WebView.java:2310)
I/AppiumUnicodeIME(  916): onKeyUp (keyCode='82', event.keyCode='82', metaState='0')
V/WindowManager(  738): Adding window Window{8987fdd u0 SubPanel:com.zzl.falcon.internal/com.zzl.falcon.WebViewActivity} at 5 of 11 (after Window{3f6554c6 u0 com.zzl.falcon.internal/com.zzl.falcon.WebViewActivity})
W/ViewRootImpl( 1586): Dropping event due to no window focus: KeyEvent { action=ACTION_DOWN, keyCode=KEYCODE_PROG_GREEN, scanCode=0, metaState=0, flags=0x8, repeatCount=0, eventTime=140696, downTime=140696, deviceId=-1, source=0x101 }
W/AudioTrack(  738): AUDIO_OUTPUT_FLAG_FAST denied by client
W/EGL_emulation( 1586): eglSurfaceAttrib not implemented
W/OpenGLRenderer( 1586): Failed to set EGL_SWAP_BEHAVIOR on surface 0xdeecdda0, error=EGL_SUCCESS
W/ViewRootImpl( 1586): Cancelling event due to no window focus: KeyEvent { action=ACTION_UP, keyCode=KEYCODE_PROG_GREEN, scanCode=0, metaState=0, flags=0x28, repeatCount=0, eventTime=140842, downTime=140842, deviceId=-1, source=0x101 }
W/ViewRootImpl( 1586): Cancelling event due to no window focus: KeyEvent { action=ACTION_UP, keyCode=KEYCODE_PROG_GREEN, scanCode=0, metaState=0, flags=0x28, repeatCount=0, eventTime=140842, downTime=140842, deviceId=-1, source=0x101 }
W/ViewRootImpl( 1586): Cancelling event due to no window focus: KeyEvent { action=ACTION_UP, keyCode=KEYCODE_PROG_GREEN, scanCode=0, metaState=0, flags=0x28, repeatCount=0, eventTime=140842, downTime=140842, deviceId=-1, source=0x101 }
W/ViewRootImpl( 1586): Cancelling event due to no window focus: KeyEvent { action=ACTION_UP, keyCode=KEYCODE_PROG_GREEN, scanCode=0, metaState=0, flags=0x28, repeatCount=0, eventTime=140842, downTime=140842, deviceId=-1, source=0x101 }
W/ViewRootImpl( 1586): Cancelling event due to no window focus: KeyEvent { action=ACTION_UP, keyCode=KEYCODE_PROG_GREEN, scanCode=0, metaState=0, flags=0x28, repeatCount=0, eventTime=140842, downTime=140842, deviceId=-1, source=0x101 }
W/ViewRootImpl( 1586): Cancelling event due to no window focus: KeyEvent { action=ACTION_UP, keyCode=KEYCODE_PROG_GREEN, scanCode=0, metaState=0, flags=0x28, repeatCount=0, eventTime=140842, downTime=140842, deviceId=-1, source=0x101 }
W/ViewRootImpl( 1586): Cancelling event due to no window focus: KeyEvent { action=ACTION_UP, keyCode=KEYCODE_PROG_GREEN, scanCode=0, metaState=0, flags=0x28, repeatCount=0, eventTime=140842, downTime=140842, deviceId=-1, source=0x101 }
W/ViewRootImpl( 1586): Cancelling event due to no window focus: KeyEvent { action=ACTION_UP, keyCode=KEYCODE_PROG_GREEN, scanCode=0, metaState=0, flags=0x28, repeatCount=0, eventTime=140842, downTime=140842, deviceId=-1, source=0x101 }
W/ViewRootImpl( 1586): Cancelling event due to no window focus: KeyEvent { action=ACTION_UP, keyCode=KEYCODE_PROG_GREEN, scanCode=0, metaState=0, flags=0x28, repeatCount=0, eventTime=140842, downTime=140842, deviceId=-1, source=0x101 }
I/AppiumUnicodeIME(  916): onKeyDown (keyCode='20', event.keyCode='20', metaState='0')
I/AppiumUnicodeIME(  916): onKeyUp (keyCode='20', event.keyCode='20', metaState='0')
I/AppiumUnicodeIME(  916): onKeyDown (keyCode='20', event.keyCode='20', metaState='0')
I/AppiumUnicodeIME(  916): onKeyUp (keyCode='20', event.keyCode='20', metaState='0')
W/ViewRootImpl( 1586): Dropping event due to no window focus: KeyEvent { action=ACTION_DOWN, keyCode=KEYCODE_DPAD_DOWN, scanCode=0, metaState=0, flags=0x400, repeatCount=0, eventTime=140874, downTime=140874, deviceId=-1, source=0x101 }
W/ViewRootImpl( 1586): Cancelling event due to no window focus: KeyEvent { action=ACTION_UP, keyCode=KEYCODE_DPAD_DOWN, scanCode=0, metaState=0, flags=0x420, repeatCount=0, eventTime=140874, downTime=140874, deviceId=-1, source=0x101 }
W/ViewRootImpl( 1586): Dropping event due to no window focus: KeyEvent { action=ACTION_DOWN, keyCode=KEYCODE_DPAD_DOWN, scanCode=0, metaState=0, flags=0x400, repeatCount=0, eventTime=140874, downTime=140874, deviceId=-1, source=0x101 }
W/ViewRootImpl( 1586): Cancelling event due to no window focus: KeyEvent { action=ACTION_UP, keyCode=KEYCODE_DPAD_DOWN, scanCode=0, metaState=0, flags=0x420, repeatCount=0, eventTime=140874, downTime=140874, deviceId=-1, source=0x101 }
W/UnimplementedWebViewApi( 1586): Unimplemented WebView method onKeyDown called from: android.webkit.WebView.onKeyDown(WebView.java:2310)
W/AudioTrack(  738): AUDIO_OUTPUT_FLAG_FAST denied by client
W/ViewRootImpl( 1586): Cancelling event due to no window focus: KeyEvent { action=ACTION_UP, keyCode=KEYCODE_MENU, scanCode=0, metaState=0, flags=0x28, repeatCount=0, eventTime=142147, downTime=142147, deviceId=-1, source=0x101 }
W/ViewRootImpl( 1586): Cancelling event due to no window focus: KeyEvent { action=ACTION_UP, keyCode=KEYCODE_MENU, scanCode=0, metaState=0, flags=0x28, repeatCount=0, eventTime=142147, downTime=142147, deviceId=-1, source=0x101 }
W/ViewRootImpl( 1586): Cancelling event due to no window focus: KeyEvent { action=ACTION_UP, keyCode=KEYCODE_MENU, scanCode=0, metaState=0, flags=0x28, repeatCount=0, eventTime=142147, downTime=142147, deviceId=-1, source=0x101 }
I/AppiumUnicodeIME(  916): onKeyUp (keyCode='82', event.keyCode='82', metaState='0')
W/ViewRootImpl( 1586): Cancelling event due to no window focus: KeyEvent { action=ACTION_UP, keyCode=KEYCODE_MENU, scanCode=0, metaState=0, flags=0x28, repeatCount=0, eventTime=142147, downTime=142147, deviceId=-1, source=0x101 }
W/ViewRootImpl( 1586): Cancelling event due to no window focus: KeyEvent { action=ACTION_UP, keyCode=KEYCODE_MENU, scanCode=0, metaState=0, flags=0x28, repeatCount=0, eventTime=142147, downTime=142147, deviceId=-1, source=0x101 }
W/ViewRootImpl( 1586): Cancelling event due to no window focus: KeyEvent { action=ACTION_UP, keyCode=KEYCODE_MENU, scanCode=0, metaState=0, flags=0x28, repeatCount=0, eventTime=142147, downTime=142147, deviceId=-1, source=0x101 }
W/InputMethodManagerService(  738): Window already focused, ignoring focus gain of: com.android.internal.view.IInputMethodClient$Stub$Proxy@5223cd9 attribute=null, token = android.os.BinderProxy@1b59daa1
I/AppiumUnicodeIME(  916): onKeyDown (keyCode='20', event.keyCode='20', metaState='0')
I/AppiumUnicodeIME(  916): onKeyUp (keyCode='20', event.keyCode='20', metaState='0')
I/AppiumUnicodeIME(  916): onKeyDown (keyCode='20', event.keyCode='20', metaState='0')
I/AppiumUnicodeIME(  916): onKeyUp (keyCode='20', event.keyCode='20', metaState='0')
I/AppiumUnicodeIME(  916): onKeyDown (keyCode='20', event.keyCode='20', metaState='0')
I/AppiumUnicodeIME(  916): onKeyUp (keyCode='20', event.keyCode='20', metaState='0')
I/art     ( 2062): System.exit called, status: 0
I/AndroidRuntime( 2062): VM exiting with result code 0.
I/art     ( 1586): Explicit concurrent mark sweep GC freed 15487(948KB) AllocSpace objects, 9(139KB) LOS objects, 39% free, 11MB/19MB, paused 608us total 14.294ms
D/accs.AdapterUtilityImpl( 1482):  getAppkey APPKEY:umeng:585b4a88766613539b00000e
I/accs.ElectionServiceImpl( 1372):  onStartCommand begin action:com.taobao.accs.intent.action.START_SERVICE
I/accs.ElectionServiceImpl( 1372):  try to setAppInfo appkey:umeng:585b4a88766613539b00000e appSecret:169a3bb284628cee65d0d1b8fdcd33f2 ttid:android@umeng pkg:com.zzl.itoube
D/accs.AdapterGlobalClientInfo( 1482):  getAgooCustomServiceName name:com.umeng.message.UmengIntentService
I/accs.BaseIntentService( 1372):  onHandleIntent,action=org.agoo.android.intent.action.REPORT,agooCommand=com.zzl.itoube.intent.action.COMMAND,mipushCommand=com.zzl.itoube.intent.thirdPush.action.COMMAND
I/accs.BaseIntentService( 1372):  is report cache msg,Config.isReportCacheMsg(mContext)=false
D/accs.isClearTime( 1372):  now=1512794394757,now - lastTime=121780,istrue=false
I/accs.BaseIntentService( 1372):  is clear all msg=false
D/accs.isClearTime( 1372):  now=1512794394757,now - lastTime=121780,istrue=false
D/com.umeng.message.proguard.k( 1482): appLaunchAt=1512794285150
D/com.umeng.message.UTrack( 1482): sendCachedMsgLog start, set cacheLogSending flag
D/com.umeng.message.UTrack( 1482): sendCachedMsgLog(delay=0)
D/com.umeng.message.UTrack( 1482): sendCachedMsgLog finished, clear cacheLogSending flag
I/art     ( 1586): Explicit concurrent mark sweep GC freed 2350(140KB) AllocSpace objects, 2(3MB) LOS objects, 40% free, 8MB/13MB, paused 319us total 13.843ms
I/art     ( 1586): Explicit concurrent mark sweep GC freed 3(96B) AllocSpace objects, 0(0B) LOS objects, 40% free, 8MB/13MB, paused 249us total 10.852ms
I/art     ( 1586): Explicit concurrent mark sweep GC freed 3(96B) AllocSpace objects, 0(0B) LOS objects, 40% free, 8MB/13MB, paused 331us total 11.580ms
I/art     ( 1586): Explicit concurrent mark sweep GC freed 3(96B) AllocSpace objects, 0(0B) LOS objects, 40% free, 8MB/13MB, paused 281us total 11.660ms
I/art     ( 1586): Explicit concurrent mark sweep GC freed 3(96B) AllocSpace objects, 0(0B) LOS objects, 40% free, 8MB/13MB, paused 331us total 12.128ms
I/accs.Config( 1586):  getAgooAppKey appkey:umeng:56aadbf567e58e38d4000976
D/accs.AdapterGlobalClientInfo( 1586):  getAgooCustomServiceName name:com.umeng.message.UmengIntentService
I/accs.ElectionServiceImpl( 1462):  onStartCommand begin action:com.taobao.accs.intent.action.START_SERVICE
I/accs.OrangeAdapter( 1462):  isElectionEnable result:false
I/accs.ElectionServiceImpl( 1462):  try to saveAppKey configTag:umeng:56aadbf567e58e38d4000976 appkey:umeng:56aadbf567e58e38d4000976 appSecret:de6c6ea9227d256e20df4f0cf58d1c9d ttid:android@umeng pkg:com.zzl.falcon.internal
I/accs.Utils( 1462):  setMode mode:0
I/accs.ElectionServiceImpl( 1462):  getConnection configTag:umeng:56aadbf567e58e38d4000976
I/accs.Utils( 1462):  getMode mode:0
I/accs.OrangeAdapter( 1462):  isElectionEnable result:false
I/accs.OrangeAdapter( 1462):  isElectionEnable result:false
I/accs.ElectionServiceImpl( 1462):  deliver to channelservice host pkg:
I/accs.ServiceImpl( 1462):  onHostStartCommand:Intent { act=com.taobao.accs.intent.action.START_SERVICE cmp=com.zzl.falcon.internal/com.taobao.accs.ChannelService (has extras) }
D/accs.ServiceImpl( 1462):  key appKey: value umeng:56aadbf567e58e38d4000976
D/accs.ServiceImpl( 1462):  key configTag: value umeng:56aadbf567e58e38d4000976
D/accs.ServiceImpl( 1462):  key mode: value 0
D/accs.ServiceImpl( 1462):  key ttid: value android@umeng
D/accs.ServiceImpl( 1462):  key packageName: value com.zzl.falcon.internal
D/accs.ServiceImpl( 1462):  key app_sercet: value de6c6ea9227d256e20df4f0cf58d1c9d
D/accs.ServiceImpl( 1462):  key agoo_app_key: value umeng:56aadbf567e58e38d4000976
I/accs.LoadSoFailUtil( 1462):  getSoFailTimes times:0
D/accs.SilenceConn_umeng:56aadbf567e58e38d4000976( 1462):  try ping, force:false
D/accs.SilenceConn_umeng:56aadbf567e58e38d4000976( 1462):  send message, PING delay:0 dataId:8
I/accs.ServiceImpl( 1462):  tryConnect appkey:umeng:56aadbf567e58e38d4000976 configTag:umeng:56aadbf567e58e38d4000976|0
I/accs.Config( 1462):  getAgooAppKey appkey:umeng:56aadbf567e58e38d4000976
D/accs.AdapterGlobalClientInfo( 1462):  getAgooCustomServiceName name:com.umeng.message.UmengIntentService
I/accs.ElectionServiceImpl( 1462):  onStartCommand begin action:com.taobao.accs.intent.action.START_SERVICE
I/accs.OrangeAdapter( 1462):  isElectionEnable result:false
I/accs.ElectionServiceImpl( 1462):  try to saveAppKey configTag:umeng:56aadbf567e58e38d4000976 appkey:umeng:56aadbf567e58e38d4000976 appSecret:de6c6ea9227d256e20df4f0cf58d1c9d ttid:android@umeng pkg:com.zzl.falcon.internal
I/accs.Utils( 1462):  setMode mode:0
I/accs.ElectionServiceImpl( 1462):  getConnection configTag:umeng:56aadbf567e58e38d4000976
I/accs.Utils( 1462):  getMode mode:0
I/accs.BaseIntentService( 1462):  onHandleIntent,action=org.agoo.android.intent.action.REPORT,agooCommand=com.zzl.falcon.internal.intent.action.COMMAND,mipushCommand=com.zzl.falcon.internal.intent.thirdPush.action.COMMAND
I/accs.OrangeAdapter( 1462):  isElectionEnable result:false
I/accs.OrangeAdapter( 1462):  isElectionEnable result:false
I/accs.ElectionServiceImpl( 1462):  deliver to channelservice host pkg:
I/accs.BaseIntentService( 1462):  is report cache msg,Config.isReportCacheMsg(mContext)=false
I/accs.ServiceImpl( 1462):  onHostStartCommand:Intent { act=com.taobao.accs.intent.action.START_SERVICE cmp=com.zzl.falcon.internal/com.taobao.accs.ChannelService (has extras) }
D/accs.ServiceImpl( 1462):  key appKey: value umeng:56aadbf567e58e38d4000976
D/accs.ServiceImpl( 1462):  key configTag: value umeng:56aadbf567e58e38d4000976
D/accs.ServiceImpl( 1462):  key mode: value 0
D/accs.ServiceImpl( 1462):  key ttid: value android@umeng
D/accs.ServiceImpl( 1462):  key packageName: value com.zzl.falcon.internal
D/accs.ServiceImpl( 1462):  key app_sercet: value de6c6ea9227d256e20df4f0cf58d1c9d
D/accs.ServiceImpl( 1462):  key agoo_app_key: value umeng:56aadbf567e58e38d4000976
I/accs.LoadSoFailUtil( 1462):  getSoFailTimes times:0
D/accs.SilenceConn_umeng:56aadbf567e58e38d4000976( 1462):  try ping, force:false
D/accs.isClearTime( 1462):  now=1512794395210,now - lastTime=122229,istrue=false
I/accs.BaseIntentService( 1462):  is clear all msg=false
D/accs.isClearTime( 1462):  now=1512794395210,now - lastTime=122229,istrue=false
D/accs.SilenceConn_umeng:56aadbf567e58e38d4000976( 1462):  send message, PING delay:0 dataId:9
I/accs.ServiceImpl( 1462):  tryConnect appkey:umeng:56aadbf567e58e38d4000976 configTag:umeng:56aadbf567e58e38d4000976|0
D/accs.SilenceConn_umeng:56aadbf567e58e38d4000976( 1462):  clearRepeatControlCommand message:201/
I/accs.BaseIntentService( 1462):  onHandleIntent,action=org.agoo.android.intent.action.REPORT,agooCommand=com.zzl.falcon.internal.intent.action.COMMAND,mipushCommand=com.zzl.falcon.internal.intent.thirdPush.action.COMMAND
I/accs.BaseIntentService( 1462):  is report cache msg,Config.isReportCacheMsg(mContext)=false
D/accs.isClearTime( 1462):  now=1512794395215,now - lastTime=122234,istrue=false
I/accs.BaseIntentService( 1462):  is clear all msg=false
D/accs.isClearTime( 1462):  now=1512794395215,now - lastTime=122234,istrue=false
D/awcn.DefaultHeartbeatImpl( 1586): |[seq:umeng:56aadbf567e58e38d4000976.AWCN1_1] heartbeat session:Session@[umeng:56aadbf567e58e38d4000976.AWCN1_1|http2_0rtt_acs]
D/awcn.TnetSpdySession( 1586): |[seq:umeng:56aadbf567e58e38d4000976.AWCN1_1] ping host:https://umengacs.m.taobao.com thread:AWCN Scheduler1
D/awcn.TnetSpdySession( 1586): |[seq:umeng:56aadbf567e58e38d4000976.AWCN1_1] https://umengacs.m.taobao.com submit ping ms:45051 force:true
D/awcn.DefaultHeartbeatImpl( 1586): |[seq:umeng:56aadbf567e58e38d4000976.AWCN1_1] reSchedule session:Session@[umeng:56aadbf567e58e38d4000976.AWCN1_1|http2_0rtt_acs] delay:45051
I/awcn.TnetSpdySession( 1586): |[seq:umeng:56aadbf567e58e38d4000976.AWCN1_1] ping receive Host:https://umengacs.m.taobao.com id:1
D/awcn.DefaultHeartbeatImpl( 1586): |[seq:umeng:56aadbf567e58e38d4000976.AWCN1_1] heartbeat session:Session@[umeng:56aadbf567e58e38d4000976.AWCN1_1|http2_0rtt_acs]
D/awcn.TnetSpdySession( 1586): |[seq:umeng:56aadbf567e58e38d4000976.AWCN1_1] ping host:https://umengacs.m.taobao.com thread:AWCN Scheduler1
D/awcn.TnetSpdySession( 1586): |[seq:umeng:56aadbf567e58e38d4000976.AWCN1_1] https://umengacs.m.taobao.com submit ping ms:45051 force:true
D/awcn.DefaultHeartbeatImpl( 1586): |[seq:umeng:56aadbf567e58e38d4000976.AWCN1_1] reSchedule session:Session@[umeng:56aadbf567e58e38d4000976.AWCN1_1|http2_0rtt_acs] delay:45051
I/awcn.TnetSpdySession( 1586): |[seq:umeng:56aadbf567e58e38d4000976.AWCN1_1] ping receive Host:https://umengacs.m.taobao.com id:3
I/tnet-jni( 1372): 99 - [spdyPingRecvCallback] - 
I/tnet-jni( 1372): 99 - [SpdySessionCallBack.spdyPingRecvCallback] - org.android.spdy.SpdySession@5dd27f9
D/accs.SpdyConnection( 1372):  spdyPingRecvCallback uniId:2
D/accs.MessageHandler( 1372):  onRcvPing
D/accs.HeartbeatManager( 1372):  onHeartbeatSucc
D/accs.OrangeAdapter( 1372):  isSmartHb result:true
D/accs.HeartbeatManager( 1372):  set 270
I/tnet-jni( 1462): 104 - [spdyPingRecvCallback] - 
I/tnet-jni( 1462): 104 - [SpdySessionCallBack.spdyPingRecvCallback] - org.android.spdy.SpdySession@78abfce
D/accs.SilenceConn_umeng:56aadbf567e58e38d4000976( 1462):  spdyPingRecvCallback uniId:2
D/accs.MsgRecv_umeng:56aadbf567e58e38d4000976( 1462):  onRcvPing
D/accs.HeartbeatManager( 1462):  onHeartbeatSucc
D/accs.OrangeAdapter( 1462):  isSmartHb result:true
D/accs.HeartbeatManager( 1462):  set 270
D/awcn.DefaultHeartbeatImpl( 1586): |[seq:umeng:56aadbf567e58e38d4000976.AWCN1_1] heartbeat session:Session@[umeng:56aadbf567e58e38d4000976.AWCN1_1|http2_0rtt_acs]
D/awcn.TnetSpdySession( 1586): |[seq:umeng:56aadbf567e58e38d4000976.AWCN1_1] ping host:https://umengacs.m.taobao.com thread:AWCN Scheduler1
D/awcn.TnetSpdySession( 1586): |[seq:umeng:56aadbf567e58e38d4000976.AWCN1_1] https://umengacs.m.taobao.com submit ping ms:45051 force:true
D/awcn.DefaultHeartbeatImpl( 1586): |[seq:umeng:56aadbf567e58e38d4000976.AWCN1_1] reSchedule session:Session@[umeng:56aadbf567e58e38d4000976.AWCN1_1|http2_0rtt_acs] delay:45051
I/awcn.TnetSpdySession( 1586): |[seq:umeng:56aadbf567e58e38d4000976.AWCN1_1] ping receive Host:https://umengacs.m.taobao.com id:5
D/awcn.DefaultHeartbeatImpl( 1586): |[seq:umeng:56aadbf567e58e38d4000976.AWCN1_1] heartbeat session:Session@[umeng:56aadbf567e58e38d4000976.AWCN1_1|http2_0rtt_acs]
D/awcn.TnetSpdySession( 1586): |[seq:umeng:56aadbf567e58e38d4000976.AWCN1_1] ping host:https://umengacs.m.taobao.com thread:AWCN Scheduler1
D/awcn.TnetSpdySession( 1586): |[seq:umeng:56aadbf567e58e38d4000976.AWCN1_1] https://umengacs.m.taobao.com submit ping ms:45051 force:true
D/awcn.DefaultHeartbeatImpl( 1586): |[seq:umeng:56aadbf567e58e38d4000976.AWCN1_1] reSchedule session:Session@[umeng:56aadbf567e58e38d4000976.AWCN1_1|http2_0rtt_acs] delay:45051
I/awcn.TnetSpdySession( 1586): |[seq:umeng:56aadbf567e58e38d4000976.AWCN1_1] ping receive Host:https://umengacs.m.taobao.com id:7
D/awcn.DefaultHeartbeatImpl( 1586): |[seq:umeng:56aadbf567e58e38d4000976.AWCN1_1] heartbeat session:Session@[umeng:56aadbf567e58e38d4000976.AWCN1_1|http2_0rtt_acs]
D/awcn.TnetSpdySession( 1586): |[seq:umeng:56aadbf567e58e38d4000976.AWCN1_1] ping host:https://umengacs.m.taobao.com thread:AWCN Scheduler1
D/awcn.TnetSpdySession( 1586): |[seq:umeng:56aadbf567e58e38d4000976.AWCN1_1] https://umengacs.m.taobao.com submit ping ms:45050 force:true
D/awcn.DefaultHeartbeatImpl( 1586): |[seq:umeng:56aadbf567e58e38d4000976.AWCN1_1] reSchedule session:Session@[umeng:56aadbf567e58e38d4000976.AWCN1_1|http2_0rtt_acs] delay:45050
I/awcn.TnetSpdySession( 1586): |[seq:umeng:56aadbf567e58e38d4000976.AWCN1_1] ping receive Host:https://umengacs.m.taobao.com id:9
D/awcn.DefaultHeartbeatImpl( 1586): |[seq:umeng:56aadbf567e58e38d4000976.AWCN1_1] heartbeat session:Session@[umeng:56aadbf567e58e38d4000976.AWCN1_1|http2_0rtt_acs]
D/awcn.TnetSpdySession( 1586): |[seq:umeng:56aadbf567e58e38d4000976.AWCN1_1] ping host:https://umengacs.m.taobao.com thread:AWCN Scheduler1
D/awcn.TnetSpdySession( 1586): |[seq:umeng:56aadbf567e58e38d4000976.AWCN1_1] https://umengacs.m.taobao.com submit ping ms:45050 force:true
D/awcn.DefaultHeartbeatImpl( 1586): |[seq:umeng:56aadbf567e58e38d4000976.AWCN1_1] reSchedule session:Session@[umeng:56aadbf567e58e38d4000976.AWCN1_1|http2_0rtt_acs] delay:45050
I/awcn.TnetSpdySession( 1586): |[seq:umeng:56aadbf567e58e38d4000976.AWCN1_1] ping receive Host:https://umengacs.m.taobao.com id:11
D/Genyd   (  118): Received Set Clipboard
D/Genymotion(  118): Received Set Clipboard
D/Genyd   (  118): Received Set Clipboard
D/Genymotion(  118): Received Set Clipboard
D/Genyd   (  118): Received Set Clipboard
D/Genymotion(  118): Received Set Clipboard
D/Genyd   (  118): Received Set Clipboard
D/Genymotion(  118): Received Set Clipboard
I/tnet-jni( 1372): 99 - [spdyPingRecvCallback] - 
I/tnet-jni( 1372): 99 - [SpdySessionCallBack.spdyPingRecvCallback] - org.android.spdy.SpdySession@5dd27f9
D/accs.SpdyConnection( 1372):  spdyPingRecvCallback uniId:4
D/accs.MessageHandler( 1372):  onRcvPing
D/accs.HeartbeatManager( 1372):  onHeartbeatSucc
D/accs.OrangeAdapter( 1372):  isSmartHb result:true
D/accs.HeartbeatManager( 1372):  set 270
D/accs.UtilityImpl( 1372):  setServiceTime:1512794689788
D/awcn.DefaultHeartbeatImpl( 1586): |[seq:umeng:56aadbf567e58e38d4000976.AWCN1_1] heartbeat session:Session@[umeng:56aadbf567e58e38d4000976.AWCN1_1|http2_0rtt_acs]
D/awcn.TnetSpdySession( 1586): |[seq:umeng:56aadbf567e58e38d4000976.AWCN1_1] ping host:https://umengacs.m.taobao.com thread:AWCN Scheduler1
D/awcn.TnetSpdySession( 1586): |[seq:umeng:56aadbf567e58e38d4000976.AWCN1_1] https://umengacs.m.taobao.com submit ping ms:45051 force:true
D/awcn.DefaultHeartbeatImpl( 1586): |[seq:umeng:56aadbf567e58e38d4000976.AWCN1_1] reSchedule session:Session@[umeng:56aadbf567e58e38d4000976.AWCN1_1|http2_0rtt_acs] delay:45052
I/awcn.TnetSpdySession( 1586): |[seq:umeng:56aadbf567e58e38d4000976.AWCN1_1] ping receive Host:https://umengacs.m.taobao.com id:13
I/tnet-jni( 1462): 104 - [spdyPingRecvCallback] - 
I/tnet-jni( 1462): 104 - [SpdySessionCallBack.spdyPingRecvCallback] - org.android.spdy.SpdySession@78abfce
D/accs.SilenceConn_umeng:56aadbf567e58e38d4000976( 1462):  spdyPingRecvCallback uniId:4
D/accs.MsgRecv_umeng:56aadbf567e58e38d4000976( 1462):  onRcvPing
D/accs.HeartbeatManager( 1462):  onHeartbeatSucc
D/accs.OrangeAdapter( 1462):  isSmartHb result:true
D/accs.HeartbeatManager( 1462):  set 270
D/accs.UtilityImpl( 1462):  setServiceTime:1512794700468
D/awcn.DefaultHeartbeatImpl( 1586): |[seq:umeng:56aadbf567e58e38d4000976.AWCN1_1] heartbeat session:Session@[umeng:56aadbf567e58e38d4000976.AWCN1_1|http2_0rtt_acs]
D/awcn.TnetSpdySession( 1586): |[seq:umeng:56aadbf567e58e38d4000976.AWCN1_1] ping host:https://umengacs.m.taobao.com thread:AWCN Scheduler1
D/awcn.TnetSpdySession( 1586): |[seq:umeng:56aadbf567e58e38d4000976.AWCN1_1] https://umengacs.m.taobao.com submit ping ms:45050 force:true
D/awcn.DefaultHeartbeatImpl( 1586): |[seq:umeng:56aadbf567e58e38d4000976.AWCN1_1] reSchedule session:Session@[umeng:56aadbf567e58e38d4000976.AWCN1_1|http2_0rtt_acs] delay:45050
I/awcn.TnetSpdySession( 1586): |[seq:umeng:56aadbf567e58e38d4000976.AWCN1_1] ping receive Host:https://umengacs.m.taobao.com id:15
D/awcn.DefaultHeartbeatImpl( 1586): |[seq:umeng:56aadbf567e58e38d4000976.AWCN1_1] heartbeat session:Session@[umeng:56aadbf567e58e38d4000976.AWCN1_1|http2_0rtt_acs]
D/awcn.TnetSpdySession( 1586): |[seq:umeng:56aadbf567e58e38d4000976.AWCN1_1] ping host:https://umengacs.m.taobao.com thread:AWCN Scheduler1
D/awcn.TnetSpdySession( 1586): |[seq:umeng:56aadbf567e58e38d4000976.AWCN1_1] https://umengacs.m.taobao.com submit ping ms:45050 force:true
D/awcn.DefaultHeartbeatImpl( 1586): |[seq:umeng:56aadbf567e58e38d4000976.AWCN1_1] reSchedule session:Session@[umeng:56aadbf567e58e38d4000976.AWCN1_1|http2_0rtt_acs] delay:45050
I/awcn.TnetSpdySession( 1586): |[seq:umeng:56aadbf567e58e38d4000976.AWCN1_1] ping receive Host:https://umengacs.m.taobao.com id:17
D/awcn.DefaultHeartbeatImpl( 1586): |[seq:umeng:56aadbf567e58e38d4000976.AWCN1_1] heartbeat session:Session@[umeng:56aadbf567e58e38d4000976.AWCN1_1|http2_0rtt_acs]
D/awcn.TnetSpdySession( 1586): |[seq:umeng:56aadbf567e58e38d4000976.AWCN1_1] ping host:https://umengacs.m.taobao.com thread:AWCN Scheduler1
D/awcn.TnetSpdySession( 1586): |[seq:umeng:56aadbf567e58e38d4000976.AWCN1_1] https://umengacs.m.taobao.com submit ping ms:45050 force:true
D/awcn.DefaultHeartbeatImpl( 1586): |[seq:umeng:56aadbf567e58e38d4000976.AWCN1_1] reSchedule session:Session@[umeng:56aadbf567e58e38d4000976.AWCN1_1|http2_0rtt_acs] delay:45050
I/awcn.TnetSpdySession( 1586): |[seq:umeng:56aadbf567e58e38d4000976.AWCN1_1] ping receive Host:https://umengacs.m.taobao.com id:19
D/awcn.DefaultHeartbeatImpl( 1586): |[seq:umeng:56aadbf567e58e38d4000976.AWCN1_1] heartbeat session:Session@[umeng:56aadbf567e58e38d4000976.AWCN1_1|http2_0rtt_acs]
D/awcn.TnetSpdySession( 1586): |[seq:umeng:56aadbf567e58e38d4000976.AWCN1_1] ping host:https://umengacs.m.taobao.com thread:AWCN Scheduler1
D/awcn.TnetSpdySession( 1586): |[seq:umeng:56aadbf567e58e38d4000976.AWCN1_1] https://umengacs.m.taobao.com submit ping ms:45051 force:true
D/awcn.DefaultHeartbeatImpl( 1586): |[seq:umeng:56aadbf567e58e38d4000976.AWCN1_1] reSchedule session:Session@[umeng:56aadbf567e58e38d4000976.AWCN1_1|http2_0rtt_acs] delay:45051
I/awcn.TnetSpdySession( 1586): |[seq:umeng:56aadbf567e58e38d4000976.AWCN1_1] ping receive Host:https://umengacs.m.taobao.com id:21
I/tnet-jni( 1372): 99 - [spdyPingRecvCallback] - 
I/tnet-jni( 1372): 99 - [SpdySessionCallBack.spdyPingRecvCallback] - org.android.spdy.SpdySession@5dd27f9
D/accs.SpdyConnection( 1372):  spdyPingRecvCallback uniId:6
D/accs.MessageHandler( 1372):  onRcvPing
D/accs.HeartbeatManager( 1372):  onHeartbeatSucc
D/accs.OrangeAdapter( 1372):  isSmartHb result:true
D/accs.HeartbeatManager( 1372):  set 270
D/NetworkMonitor/NetworkAgentInfo [WIFI () - 100](  738): OfflineState{ when=-100ms what=532488 arg2=1 target=com.android.internal.util.StateMachine$SmHandler }
D/NetworkMonitor/NetworkAgentInfo [WIFI () - 100](  738): DefaultState{ when=-101ms what=532488 arg2=1 target=com.android.internal.util.StateMachine$SmHandler }
D/NetworkMonitor/NetworkAgentInfo [WIFI () - 100](  738): Forcing reevaluation
D/NetworkMonitor/NetworkAgentInfo [WIFI () - 100](  738): EvaluatingState{ when=0 what=532486 arg1=4 target=com.android.internal.util.StateMachine$SmHandler }
D/NetworkMonitor/NetworkAgentInfo [WIFI () - 100](  738): Checking http://connectivitycheck.android.com/generate_204 on "WiredSSID"
I/tnet-jni( 1462): 104 - [spdyPingRecvCallback] - 
I/tnet-jni( 1462): 104 - [SpdySessionCallBack.spdyPingRecvCallback] - org.android.spdy.SpdySession@78abfce
D/accs.SilenceConn_umeng:56aadbf567e58e38d4000976( 1462):  spdyPingRecvCallback uniId:6
D/accs.MsgRecv_umeng:56aadbf567e58e38d4000976( 1462):  onRcvPing
D/accs.HeartbeatManager( 1462):  onHeartbeatSucc
D/accs.OrangeAdapter( 1462):  isSmartHb result:true
D/accs.HeartbeatManager( 1462):  set 270
D/NetworkMonitor/NetworkAgentInfo [WIFI () - 100](  738): Probably not a portal: exception java.net.SocketTimeoutException: failed to connect to connectivitycheck.android.com/216.58.200.46 (port 80) after 10000ms
D/ConnectivityService(  738): setProvNotificationVisibleIntent: E visible=false networkType=0 extraInfo=null
D/awcn.DefaultHeartbeatImpl( 1586): |[seq:umeng:56aadbf567e58e38d4000976.AWCN1_1] heartbeat session:Session@[umeng:56aadbf567e58e38d4000976.AWCN1_1|http2_0rtt_acs]
D/awcn.TnetSpdySession( 1586): |[seq:umeng:56aadbf567e58e38d4000976.AWCN1_1] ping host:https://umengacs.m.taobao.com thread:AWCN Scheduler1
D/awcn.TnetSpdySession( 1586): |[seq:umeng:56aadbf567e58e38d4000976.AWCN1_1] https://umengacs.m.taobao.com submit ping ms:45050 force:true
D/awcn.DefaultHeartbeatImpl( 1586): |[seq:umeng:56aadbf567e58e38d4000976.AWCN1_1] reSchedule session:Session@[umeng:56aadbf567e58e38d4000976.AWCN1_1|http2_0rtt_acs] delay:45050
I/awcn.TnetSpdySession( 1586): |[seq:umeng:56aadbf567e58e38d4000976.AWCN1_1] ping receive Host:https://umengacs.m.taobao.com id:23
D/awcn.DefaultHeartbeatImpl( 1586): |[seq:umeng:56aadbf567e58e38d4000976.AWCN1_1] heartbeat session:Session@[umeng:56aadbf567e58e38d4000976.AWCN1_1|http2_0rtt_acs]
D/awcn.TnetSpdySession( 1586): |[seq:umeng:56aadbf567e58e38d4000976.AWCN1_1] ping host:https://umengacs.m.taobao.com thread:AWCN Scheduler1
