E/mm-camera-img(  317): img_comp_get_param:163] param 514
E/mm-camera-img(  317): faceproc_fd_output:848] num_faces 0
E/mm-camera-img(  317): face_proc_thread_loop:430] send event
E/mm-camera-img(  317): img_q_wait: before wait
E/mm-camera(  317): module_faceproc_client_handle_buffer:1809] count 1
E/mm-camera(  317): isp_pipeline_stats_config_update Received stats_config_update for pipeline 0xb20ef000
E/mm-camera-intf(  303): mm_stream_read_msm_frame: VIDIOC_DQBUF buf_index 4, frame_idx 3, stream type 1, time stamp 6347 964216000
E/mm-camera(  317): cpp_module_handle_sof_notify_event:574, sending bus msg, session_id=3, R1=5, R2=5
E/mm-camera(  317): awb_process: E gains(r=1.421235,g=1.050000,b=1.619757), color_temp=4929
E/mm-camera(  317): isp_pipeline_save_aec_params lux_idx 355.234650 exp_index 265 real_gain 2.218750 
E/mm-camera(  317): isp_pipeline_awb_trigger_update: color 4929 gain r=1.421235 g=1.050000 b=1.619757
E/mm-camera-intf(  303): mm_stream_read_msm_frame: VIDIOC_DQBUF buf_index 3, frame_idx 4, stream type 6, time stamp 1512378112 925045000
E/mm-camera(  317): cpp_module_handle_sof_notify_event:574, sending bus msg, session_id=3, R1=5, R2=5
E/mm-camera(  317): isp_pipeline_save_aec_params lux_idx 355.234650 exp_index 265 real_gain 2.218750 
E/mm-camera(  317): isp_pipeline_awb_trigger_update: color 4929 gain r=1.421235 g=1.050000 b=1.619757
E/mm-camera(  317): isp_proc_async_command:  ISP_ASYNC_COMMAND_UV_SUBSAMPLE
E/mm-camera-intf(  303): mm_stream_read_msm_frame: VIDIOC_DQBUF buf_index 4, frame_idx 5, stream type 6, time stamp 1512378112 958467000
E/mm-camera(  317): isp_pipeline_stats_config_update Received stats_config_update for pipeline 0xb20ef000
E/mm-camera(  317): awb_process: E gains(r=1.436639,g=1.050000,b=1.596210), color_temp=4970
E/mm-camera(  317): module_faceproc_client_handle_buffer:1809] count 0
E/mm-camera(  317): module_faceproc_client_send_info:1751] active index 0 face_cnt 0
E/mm-camera(  317): module_faceproc_client_send_info:1763] face_cnt 0
E/mm-camera(  317): module_faceproc_client_send_faceinfo:692] 1.000000 1.000000 0 0 out scale 1.000000 1.000000
E/mm-camera(  317): module_faceproc_client_send_faceinfo:694] Num face detected 0
E/mm-camera(  317): module_faceproc_faces_stabilization:586] GJ Invalid input no faces 
E/mm-camera(  317): [FD_ZOOM_DBG] FD_Imglib Num face detected 0
E/mm-camera(  317): module_faceproc_client_send_faceinfo:735] session id 3 mct_mod 0xb4cb5f40
E/mm-camera(  317): module_faceproc_client_handle_buffer:1827] img_idx 1
E/mm-camera(  317): module_faceproc_client_handle_buffer:1840] buffer 2 0xb271d000 0xb3b6f000
E/mm-camera-img(  317): faceproc_comp_queue_buffer:655] q_count 1
E/mm-camera-img(  317): img_q_wait:225] after wait count 1
E/mm-camera-img(  317): img_q_wait:229] data 0xb273a1c0
E/mm-camera-img(  317): faceproc_fd_execute:1142] E
E/mm-camera-intf(  303): mm_stream_read_msm_frame: VIDIOC_DQBUF buf_index 5, frame_idx 5, stream type 1, time stamp 6348 31072000
E/mm-camera-img(  317): faceproc_fd_execute:1174] no faces detected X
E/mm-camera-img(  317): face_proc_thread_loop:420] state 2 abort 0
E/mm-camera(  317): module_faceproc_client_event_handler:1120] buffer idx 1
E/mm-camera-img(  317): face_proc_thread_loop:428] send event
E/mm-camera-img(  317): img_comp_get_param:163] param 514
E/mm-camera-img(  317): faceproc_fd_output:848] num_faces 0
E/mm-camera-img(  317): face_proc_thread_loop:430] send event
E/mm-camera-img(  317): img_q_wait: before wait
E/mm-camera(  317): cpp_module_handle_sof_notify_event:574, sending bus msg, session_id=3, R1=0, R2=0
E/mm-camera(  317): isp_pipeline_stats_config_update Received stats_config_update for pipeline 0xb20ef000
E/mm-camera(  317): isp_pipeline_save_aec_params lux_idx 207.472443 exp_index 286 real_gain 3.213416 
E/mm-camera(  317): isp_pipeline_awb_trigger_update: color 4970 gain r=1.436639 g=1.050000 b=1.596210
E/mm-camera-intf(  303): mm_stream_read_msm_frame: VIDIOC_DQBUF buf_index 5, frame_idx 6, stream type 6, time stamp 1512378112 991897000
E/mm-camera(  317): awb_process: E gains(r=1.450471,g=1.050000,b=1.575019), color_temp=4984
E/mm-camera(  317): module_faceproc_client_handle_buffer:1809] count 1
E/mm-camera-intf(  303): mm_stream_read_msm_frame: VIDIOC_DQBUF buf_index 3, frame_idx 6, stream type 1, time stamp 6348 64495000
E/mm-camera(  317): isp_pipeline_stats_config_update Received stats_config_update for pipeline 0xb20ef000
E/mm-camera(  317): awb_process: E gains(r=1.463162,g=1.050000,b=1.555946), color_temp=5046
E/mm-camera(  317): cpp_module_handle_sof_notify_event:574, sending bus msg, session_id=3, R1=4, R2=5
E/mm-camera-intf(  303): mm_stream_read_msm_frame: VIDIOC_DQBUF buf_index 6, frame_idx 7, stream type 6, time stamp 1512378113 33653000
E/mm-camera(  317): isp_util_fetch_hw_pending_update_params: fetch CDS update! VFE0, frame id 7, hw pending parm of CDS update = 1
E/mm-camera(  317): isp_axi_stream_set_stream_update: cannot find stream, session_id = 0, stream_id = 0
E/mm-camera(  317): isp_pipeline_save_aec_params lux_idx 307.354584 exp_index 286 real_gain 3.213416 
E/mm-camera(  317): isp_pipeline_awb_trigger_update: color 5046 gain r=1.463162 g=1.050000 b=1.555946
E/mm-camera(  317): isp_proc_async_command: after ISP_UV_SWITCH_STATE_FINISHING session = 3
E/mm-camera(  317): isp_proc_async_command: X, session_id = 3, async_cmd_id = 0
E/mm-camera(  317): module_faceproc_client_handle_buffer:1809] count 0
E/mm-camera(  317): module_faceproc_client_send_info:1751] active index 1 face_cnt 0
E/mm-camera(  317): module_faceproc_client_send_info:1763] face_cnt 0
E/mm-camera(  317): module_faceproc_client_send_faceinfo:692] 1.000000 1.000000 0 0 out scale 1.000000 1.000000
E/mm-camera(  317): module_faceproc_client_send_faceinfo:694] Num face detected 0
E/mm-camera(  317): module_faceproc_faces_stabilization:586] GJ Invalid input no faces 
E/mm-camera(  317): [FD_ZOOM_DBG] FD_Imglib Num face detected 0
E/mm-camera(  317): module_faceproc_client_send_faceinfo:735] session id 3 mct_mod 0xb4cb5f40
E/mm-camera(  317): module_faceproc_client_handle_buffer:1827] img_idx 2
E/mm-camera(  317): module_faceproc_client_handle_buffer:1840] buffer 1 0xb27e4000 0xb3bfa000
E/mm-camera-img(  317): faceproc_comp_queue_buffer:655] q_count 1
E/mm-camera-img(  317): img_q_wait:225] after wait count 1
E/mm-camera-img(  317): img_q_wait:229] data 0xb273a380
E/mm-camera-img(  317): faceproc_fd_execute:1142] E
E/mm-camera-img(  317): faceproc_fd_execute:1174] no faces detected X
E/mm-camera-img(  317): face_proc_thread_loop:420] state 2 abort 0
E/mm-camera(  317): module_faceproc_client_event_handler:1120] buffer idx 2
E/mm-camera-img(  317): face_proc_thread_loop:428] send event
E/mm-camera-img(  317): img_comp_get_param:163] param 514
E/mm-camera-img(  317): faceproc_fd_output:848] num_faces 0
E/mm-camera-img(  317): face_proc_thread_loop:430] send event
E/mm-camera-img(  317): img_q_wait: before wait
E/mm-camera-intf(  303): mm_stream_read_msm_frame: VIDIOC_DQBUF buf_index 4, frame_idx 7, stream type 1, time stamp 6348 106815000
E/mm-camera(  317): isp_pipeline_stats_config_update Received stats_config_update for pipeline 0xb20ef000
E/mm-camera(  317): cpp_module_handle_sof_notify_event:574, sending bus msg, session_id=3, R1=4, R2=5
E/mm-camera(  317): isp_pipeline_save_aec_params lux_idx 307.354584 exp_index 286 real_gain 3.213416 
E/mm-camera(  317): isp_pipeline_awb_trigger_update: color 5046 gain r=1.463162 g=1.050000 b=1.555946
E/mm-camera(  317): awb_process: E gains(r=1.471225,g=1.050000,b=1.534933), color_temp=5138
E/mm-camera-intf(  303): mm_stream_read_msm_frame: VIDIOC_DQBUF buf_index 7, frame_idx 8, stream type 6, time stamp 1512378113 75397000
E/mm-camera(  317): isp_pipeline_stats_config_update Received stats_config_update for pipeline 0xb20ef000
E/mm-camera(  317): awb_process: E gains(r=1.478482,g=1.050000,b=1.516022), color_temp=5223
E/mm-camera(  317): cpp_module_handle_sof_notify_event:574, sending bus msg, session_id=3, R1=4, R2=5
E/mm-camera(  317): isp_pipeline_save_aec_params lux_idx 307.443054 exp_index 293 real_gain 2.817299 
E/mm-camera(  317): isp_pipeline_awb_trigger_update: color 5138 gain r=1.471225 g=1.050000 b=1.534933
E/mm-camera-intf(  303): mm_stream_read_msm_frame: VIDIOC_DQBUF buf_index 8, frame_idx 9, stream type 6, time stamp 1512378113 117139000
E/mm-camera(  317): module_faceproc_client_handle_buffer:1809] count 1
E/mm-camera-intf(  303): mm_stream_read_msm_frame: VIDIOC_DQBUF buf_index 5, frame_idx 9, stream type 1, time stamp 6348 189732000
E/mm-camera(  317): isp_pipeline_stats_config_update Received stats_config_update for pipeline 0xb20ef000
E/mm-camera(  317): awb_process: E gains(r=1.485013,g=1.050000,b=1.499001), color_temp=5301
E/mm-camera(  317): cpp_module_handle_sof_notify_event:574, sending bus msg, session_id=3, R1=4, R2=5
E/mm-camera(  317): isp_pipeline_save_aec_params lux_idx 302.858063 exp_index 293 real_gain 2.817299 
E/mm-camera(  317): isp_pipeline_awb_trigger_update: color 5223 gain r=1.478482 g=1.050000 b=1.516022
E/mm-camera(  317): isp_proc_async_command:  ISP_ASYNC_COMMAND_UV_SUBSAMPLE
E/mm-camera-intf(  303): mm_stream_read_msm_frame: VIDIOC_DQBUF buf_index 9, frame_idx 10, stream type 6, time stamp 1512378113 175538000
E/mm-camera(  317): module_faceproc_client_handle_buffer:1809] count 0
E/mm-camera(  317): module_faceproc_client_send_info:1751] active index 0 face_cnt 0
E/mm-camera(  317): module_faceproc_client_send_info:1763] face_cnt 0
E/mm-camera(  317): module_faceproc_client_send_faceinfo:692] 1.000000 1.000000 0 0 out scale 1.000000 1.000000
E/mm-camera(  317): module_faceproc_client_send_faceinfo:694] Num face detected 0
E/mm-camera(  317): module_faceproc_faces_stabilization:586] GJ Invalid input no faces 
E/mm-camera(  317): [FD_ZOOM_DBG] FD_Imglib Num face detected 0
E/mm-camera(  317): module_faceproc_client_send_faceinfo:735] session id 3 mct_mod 0xb4cb5f40
E/mm-camera(  317): module_faceproc_client_handle_buffer:1827] img_idx 3
E/mm-camera(  317): module_faceproc_client_handle_buffer:1840] buffer 2 0xb265a000 0xb3b6f000
E/mm-camera-img(  317): faceproc_comp_queue_buffer:655] q_count 1
E/mm-camera-img(  317): img_q_wait:225] after wait count 1
E/mm-camera-img(  317): img_q_wait:229] data 0xb273a540
E/mm-camera-img(  317): faceproc_fd_execute:1142] E
E/mm-camera-img(  317): faceproc_fd_execute:1174] no faces detected X
E/mm-camera-img(  317): face_proc_thread_loop:420] state 2 abort 0
E/mm-camera(  317): module_faceproc_client_event_handler:1120] buffer idx 3
E/mm-camera-img(  317): face_proc_thread_loop:428] send event
E/mm-camera-img(  317): img_comp_get_param:163] param 514
E/mm-camera-img(  317): faceproc_fd_output:848] num_faces 0
E/mm-camera-img(  317): face_proc_thread_loop:430] send event
E/mm-camera-img(  317): img_q_wait: before wait
E/mm-camera(  317): isp_pipeline_stats_config_update Received stats_config_update for pipeline 0xb20ef000
E/mm-camera(  317): awb_process: E gains(r=1.490891,g=1.050000,b=1.483683), color_temp=5373
E/mm-camera-intf(  303): mm_stream_read_msm_frame: VIDIOC_DQBUF buf_index 3, frame_idx 10, stream type 1, time stamp 6348 248144000
D/SecContentProvider2( 1036): uri = 14 selection = getSealedState
D/SecContentProvider2( 1036): mCursor = null
E/mm-camera(  317): cpp_module_handle_sof_notify_event:574, sending bus msg, session_id=3, R1=4, R2=5
E/mm-camera(  317): isp_pipeline_save_aec_params lux_idx 302.921021 exp_index 293 real_gain 2.817299 
E/mm-camera(  317): isp_pipeline_awb_trigger_update: color 5301 gain r=1.485013 g=1.050000 b=1.499001
E/mm-camera-intf(  303): mm_stream_read_msm_frame: VIDIOC_DQBUF buf_index 10, frame_idx 11, stream type 6, time stamp 1512378113 233952000
D/ApplicationPolicy( 1036): isStatusBarNotificationAllowedAsUser: packageName = com.tencent.android.qqdownloader,userId = 0
V/ApplicationPolicy( 1036): isApplicationStateBlocked userId 0 pkgname com.tencent.android.qqdownloader
E/mm-camera(  317): module_faceproc_client_handle_buffer:1809] count 1
E/mm-camera(  317): isp_pipeline_stats_config_update Received stats_config_update for pipeline 0xb20ef000
E/mm-camera-intf(  303): mm_stream_read_msm_frame: VIDIOC_DQBUF buf_index 4, frame_idx 11, stream type 1, time stamp 6348 306566000
E/mm-camera(  317): awb_process: E gains(r=1.494555,g=1.050000,b=1.469896), color_temp=5439
E/mm-camera(  317): cpp_module_handle_sof_notify_event:574, sending bus msg, session_id=3, R1=4, R2=5
E/mm-camera(  317): isp_util_fetch_hw_pending_update_params: fetch CDS update! VFE0, frame id 12, hw pending parm of CDS update = 1
E/mm-camera(  317): isp_axi_stream_set_stream_update: cannot find stream, session_id = 0, stream_id = 0
E/mm-camera(  317): isp_pipeline_save_aec_params lux_idx 302.795258 exp_index 297 real_gain 3.166814 
E/mm-camera(  317): isp_pipeline_awb_trigger_update: color 5373 gain r=1.490891 g=1.050000 b=1.483683
E/mm-camera-intf(  303): mm_stream_read_msm_frame: VIDIOC_DQBUF buf_index 11, frame_idx 12, stream type 6, time stamp 1512378113 292368000
E/mm-camera(  317): isp_proc_async_command: after ISP_UV_SWITCH_STATE_FINISHING session = 3
E/mm-camera(  317): isp_proc_async_command: X, session_id = 3, async_cmd_id = 0
D/StatusBar( 1505): ----- contentsUnchanged : true, bigContentsUnchanged - true, headsUpContentsUnchanged - true , publicUnchanged true
E/mm-camera(  317): module_faceproc_client_handle_buffer:1809] count 0
E/mm-camera(  317): module_faceproc_client_send_info:1751] active index 1 face_cnt 0
E/mm-camera(  317): module_faceproc_client_send_info:1763] face_cnt 0
E/mm-camera(  317): module_faceproc_client_send_faceinfo:692] 1.000000 1.000000 0 0 out scale 1.000000 1.000000
E/mm-camera(  317): module_faceproc_client_send_faceinfo:694] Num face detected 0
E/mm-camera(  317): module_faceproc_faces_stabilization:586] GJ Invalid input no faces 
E/mm-camera(  317): [FD_ZOOM_DBG] FD_Imglib Num face detected 0
E/mm-camera(  317): module_faceproc_client_send_faceinfo:735] session id 3 mct_mod 0xb4cb5f40
E/mm-camera(  317): module_faceproc_client_handle_buffer:1827] img_idx 0
E/mm-camera(  317): module_faceproc_client_handle_buffer:1840] buffer 0 0xb2683000 0xb3c17000
E/mm-camera-img(  317): faceproc_comp_queue_buffer:655] q_count 1
E/mm-camera-img(  317): img_q_wait:225] after wait count 1
E/mm-camera-img(  317): img_q_wait:229] data 0xb273a000
E/mm-camera-img(  317): faceproc_fd_execute:1142] E
E/mm-camera-img(  317): faceproc_fd_execute:1174] no faces detected X
E/mm-camera-img(  317): face_proc_thread_loop:420] state 2 abort 0
E/mm-camera(  317): module_faceproc_client_event_handler:1120] buffer idx 0
E/mm-camera-img(  317): face_proc_thread_loop:428] send event
E/mm-camera-img(  317): img_comp_get_param:163] param 514
E/mm-camera-img(  317): faceproc_fd_output:848] num_faces 0
E/mm-camera-img(  317): face_proc_thread_loop:430] send event
E/mm-camera-img(  317): img_q_wait: before wait
E/mm-camera(  317): isp_pipeline_stats_config_update Received stats_config_update for pipeline 0xb20ef000
E/mm-camera-intf(  303): mm_stream_read_msm_frame: VIDIOC_DQBUF buf_index 5, frame_idx 12, stream type 1, time stamp 6348 364974000
E/mm-camera(  317): awb_process: E gains(r=1.497853,g=1.050000,b=1.457489), color_temp=5500
W/QCamera2HWI(  303): nodisplay_preview_stream_cb_routine: first preview frame. mCameraId=1
D/ShotSingle(  303): CAMERA_MSG_PREVIEW_FRAME E
I/EDMNativeHelperService( 1036): isCameraEnabled
D/ShotSingle(  303): CAMERA_MSG_PREVIEW_FRAME X
D/SecCameraCoreManager(  303): disableMsgType: 0x10
W/QCamera2HWI(  303): disable_msg_type : E, msg type 16
W/QCamera2HWI(  303): disable_msg_type : X
D/SecCamera-JNI-Java( 1036): handleMessage: 16
D/SecCameraCoreManager(  303): enableMsgType: 0x10
W/QCamera2HWI(  303): enable_msg_type : E, msg type 16
W/QCamera2HWI(  303): enable_msg_type : X
E/SmartScreen_JNI( 1036): processImage start : prev time [ 273917616 ]
D/SmartScreen_JNI( 1036): tmpfile : /data/smart_stay_hash.dmc
D/DMCFaceEngine( 1036): NEON : 1
D/DMCFaceEngine( 1036): caSmartDP_SmartStay orientation [0] count [0]
D/DMCFaceEngine( 1036): caSmartDP_SmartStay : FUNCTION START img width 320, height 240 previous angle 0
D/DMCFaceEngine( 1036): caSmartDP_SmartStay : loop Start with dir 1, width 240 and heighe 320
D/DMCFaceEngine( 1036): caFace_RunFaceDetection_SmartStayRotation : FaceDetection Start with width 240, heighe 320
D/DMCFaceEngine( 1036): fd_find_run : Use A New Sensor ==========> 0 [240][320]
E/mm-camera(  317): cpp_module_handle_sof_notify_event:574, sending bus msg, session_id=3, R1=4, R2=5
E/mm-camera(  317): isp_pipeline_save_aec_params lux_idx 303.111755 exp_index 297 real_gain 3.166814 
E/mm-camera(  317): isp_pipeline_awb_trigger_update: color 5439 gain r=1.494555 g=1.050000 b=1.469896
E/mm-camera-intf(  303): mm_stream_read_msm_frame: VIDIOC_DQBUF buf_index 12, frame_idx 13, stream type 6, time stamp 1512378113 350784000
D/DMCFaceEngine( 1036): fd_find_run : Use A New Sensor ==========> 0 [240][320]
E/mm-camera(  317): isp_pipeline_stats_config_update Received stats_config_update for pipeline 0xb20ef000
E/mm-camera(  317): awb_process: E gains(r=1.500821,g=1.050000,b=1.446321), color_temp=5555
D/PersonaManager( 1505): isKioskContainerExistOnDevice
D/PersonaManager( 1505): isKioskContainerExistOnDevice
D/ResourcesManager( 1505): creating new AssetManager and set to /system/priv-app/SecSettings/SecSettings.apk
D/DMCFaceEngine( 1036): fd_find_run : Use A New Sensor ==========> 0 [240][320]
D/DMCFaceEngine( 1036): fd_find_run : Use A New Sensor ==========> 0 [110][110]
E/mm-camera(  317): cpp_module_handle_sof_notify_event:574, sending bus msg, session_id=3, R1=4, R2=5
E/mm-camera(  317): isp_pipeline_save_aec_params lux_idx 303.055511 exp_index 297 real_gain 3.166814 
E/mm-camera(  317): isp_pipeline_awb_trigger_update: color 5500 gain r=1.497853 g=1.050000 b=1.457489
E/mm-camera-intf(  303): mm_stream_read_msm_frame: VIDIOC_DQBUF buf_index 13, frame_idx 14, stream type 6, time stamp 1512378113 409200000
D/DMCFaceEngine( 1036): caFace_RunFaceDetection_SmartStayRotation : Detected No Face
D/DMCFaceEngine( 1036): caSmartDP_SmartStay : SINGLE EYE DETECTION LOOP START
D/DMCFaceEngine( 1036): caSmartDP_SmartStay : single eye detection loop start _ dir 1
D/DMCFaceEngine( 1036): caIF_RunEyeDetection_MCT_IRS : caIF_RunEyeDetection_MCT_IRS START
D/DMCFaceEngine( 1036): caIF_RunEyeDetection_MCT_IRS : Width 240, Height 320
D/StatusBar( 1505): getNumberOfActiveSim:0
D/PanelView( 1505): There is/are notification(s) 
D/PanelView( 1505): There is/are notification(s) 
D/PersonaManager( 1505): isKioskContainerExistOnDevice
E/mm-camera(  317): module_faceproc_client_handle_buffer:1809] count 1
E/mm-camera-intf(  303): mm_stream_read_msm_frame: VIDIOC_DQBUF buf_index 3, frame_idx 14, stream type 1, time stamp 6348 481805000
E/mm-camera(  317): isp_pipeline_stats_config_update Received stats_config_update for pipeline 0xb20ef000
D/ShotSingle(  303): CAMERA_MSG_PREVIEW_FRAME E
E/mm-camera(  317): awb_process: E gains(r=1.503492,g=1.050000,b=1.436271), color_temp=5606
I/EDMNativeHelperService( 1036): isCameraEnabled
D/ShotSingle(  303): CAMERA_MSG_PREVIEW_FRAME X
D/SecCameraCoreManager(  303): disableMsgType: 0x10
W/QCamera2HWI(  303): disable_msg_type : E, msg type 16
W/QCamera2HWI(  303): disable_msg_type : X
D/SecCamera-JNI-Java( 1036): handleMessage: 16
D/SecCameraCoreManager(  303): enableMsgType: 0x10
W/QCamera2HWI(  303): enable_msg_type : E, msg type 16
W/QCamera2HWI(  303): enable_msg_type : X
E/mm-camera(  317): cpp_module_handle_sof_notify_event:574, sending bus msg, session_id=3, R1=4, R2=4
E/mm-camera(  317): isp_pipeline_save_aec_params lux_idx 300.669006 exp_index 299 real_gain 2.937776 
E/mm-camera(  317): isp_pipeline_awb_trigger_update: color 5555 gain r=1.500821 g=1.050000 b=1.446321
E/mm-camera-intf(  303): mm_stream_read_msm_frame: VIDIOC_DQBUF buf_index 14, frame_idx 15, stream type 6, time stamp 1512378113 467618000
D/StatusBar( 1505): getNumberOfActiveSim:0
D/PanelView( 1505): There is/are notification(s) 
E/mm-camera(  317): module_faceproc_client_handle_buffer:1809] count 0
E/mm-camera(  317): module_faceproc_client_send_info:1751] active index 0 face_cnt 0
E/mm-camera(  317): module_faceproc_client_send_info:1763] face_cnt 0
E/mm-camera(  317): module_faceproc_client_send_faceinfo:692] 1.000000 1.000000 0 0 out scale 1.000000 1.000000
E/mm-camera(  317): module_faceproc_client_send_faceinfo:694] Num face detected 0
E/mm-camera(  317): module_faceproc_faces_stabilization:586] GJ Invalid input no faces 
E/mm-camera(  317): [FD_ZOOM_DBG] FD_Imglib Num face detected 0
E/mm-camera(  317): module_faceproc_client_send_faceinfo:735] session id 3 mct_mod 0xb4cb5f40
E/mm-camera(  317): module_faceproc_client_handle_buffer:1827] img_idx 1
E/mm-camera(  317): module_faceproc_client_handle_buffer:1840] buffer 1 0xb271d000 0xb3bfa000
E/mm-camera-img(  317): faceproc_comp_queue_buffer:655] q_count 1
E/mm-camera-img(  317): img_q_wait:225] after wait count 1
E/mm-camera-img(  317): img_q_wait:229] data 0xb273a1c0
E/mm-camera-img(  317): faceproc_fd_execute:1142] E
E/mm-camera-img(  317): faceproc_fd_execute:1174] no faces detected X
E/mm-camera-img(  317): face_proc_thread_loop:420] state 2 abort 0
E/mm-camera(  317): module_faceproc_client_event_handler:1120] buffer idx 1
E/mm-camera-img(  317): face_proc_thread_loop:428] send event
E/mm-camera-img(  317): img_comp_get_param:163] param 514
E/mm-camera-img(  317): faceproc_fd_output:848] num_faces 0
E/mm-camera-img(  317): face_proc_thread_loop:430] send event
E/mm-camera-img(  317): img_q_wait: before wait
E/mm-camera(  317): isp_pipeline_stats_config_update Received stats_config_update for pipeline 0xb20ef000
E/mm-camera-intf(  303): mm_stream_read_msm_frame: VIDIOC_DQBUF buf_index 4, frame_idx 15, stream type 1, time stamp 6348 540221000
D/ShotSingle(  303): CAMERA_MSG_PREVIEW_FRAME E
I/EDMNativeHelperService( 1036): isCameraEnabled
D/ShotSingle(  303): CAMERA_MSG_PREVIEW_FRAME X
E/mm-camera(  317): awb_process: E gains(r=1.505896,g=1.050000,b=1.427226), color_temp=5652
D/SecCameraCoreManager(  303): disableMsgType: 0x10
W/QCamera2HWI(  303): disable_msg_type : E, msg type 16
W/QCamera2HWI(  303): disable_msg_type : X
D/SecCamera-JNI-Java( 1036): handleMessage: 16
D/SecCameraCoreManager(  303): enableMsgType: 0x10
W/QCamera2HWI(  303): enable_msg_type : E, msg type 16
W/QCamera2HWI(  303): enable_msg_type : X
D/DMCFaceEngine( 1036): caIF_RunEyeDetection_MCT_IRS : caIF_RunEyeDetection_MCT_IRS END
D/DMCFaceEngine( 1036): caSmartDP_SmartStay : caFace_Aux_FindEyes_IRS time 151653
D/DMCFaceEngine( 1036): caSmartDP_SmartStay : Single Eye Detection Fail dir 1
D/DMCFaceEngine( 1036): caSmartDP_SmartStay : loop End ED dir 1 with nResult -1
D/DMCFaceEngine( 1036): caSmartDP_SmartStay : SINGLE EYE DETECTION LOOP END with nResult -1
E/mm-camera(  317): cpp_module_handle_sof_notify_event:574, sending bus msg, session_id=3, R1=4, R2=5
E/mm-camera(  317): isp_pipeline_save_aec_params lux_idx 302.564453 exp_index 299 real_gain 2.937776 
E/mm-camera(  317): isp_pipeline_awb_trigger_update: color 5606 gain r=1.503492 g=1.050000 b=1.436271
D/DMCFaceEngine( 1036): caSmartDP_SmartStay : DETECT HUMAN FAIL
D/DMCFaceEngine( 1036): caSmartDP_SmartStay : face : X[0] Y[0] W[0] H[0]
D/DMCFaceEngine( 1036): caSmartDP_SmartStay : eye  : LX[0] LY[0] RX[0] RY[0]
E/mm-camera-intf(  303): mm_stream_read_msm_frame: VIDIOC_DQBUF buf_index 15, frame_idx 16, stream type 6, time stamp 1512378113 534354000
D/DMCFaceEngine( 1036): caSmartDP_DetermineFixedDevice : TmpFile exists /data/smart_stay_hash.dmc 
D/DMCFaceEngine( 1036): caSmartDP_HashingImage : wd [80] ht [60]
D/DMCFaceEngine( 1036): caSmartDP_DetermineFixedDevice : FIXED OR NOT  : difference 497.578333
D/DMCFaceEngine( 1036): caSmartDP_DetermineFixedDevice : TmpFile making start /data/smart_stay_hash.dmc 
D/DMCFaceEngine( 1036): caSmartDP_DetermineFixedDevice : TmpFile making end /data/smart_stay_hash.dmc 
D/DMCFaceEngine( 1036): caSmartDP_SmartStay result [-1] - [5.000000]
D/DMCFaceEngine( 1036): caSmartDP_SmartStay : [5.000000] determine[497] result [-1]
E/SmartScreen_JNI( 1036): processImage end : function time [ 244027 ] [-1] 
E/SmartFaceManager( 1036): checkForSmartStay onInfo: 100: 0
E/SmartScreen_JNI( 1036): processImage start : prev time [ 244788 ]
D/SmartScreen_JNI( 1036): tmpfile : /data/smart_stay_hash.dmc
D/DMCFaceEngine( 1036): NEON : 1
D/DMCFaceEngine( 1036): caSmartDP_SmartStay orientation [0] count [1]
D/DMCFaceEngine( 1036): caSmartDP_SmartStay : FUNCTION START img width 320, height 240 previous angle 0
D/DMCFaceEngine( 1036): caSmartDP_SmartStay : loop Start with dir 1, width 240 and heighe 320
D/DMCFaceEngine( 1036): caFace_RunFaceDetection_SmartStayRotation : FaceDetection Start with width 240, heighe 320
D/DMCFaceEngine( 1036): fd_find_run : Use A New Sensor ==========> 0 [240][320]
D/DMCFaceEngine( 1036): fd_find_run : Use A New Sensor ==========> 0 [240][320]
E/mm-camera(  317): module_faceproc_client_handle_buffer:1809] count 1
E/mm-camera(  317): isp_pipeline_stats_config_update Received stats_config_update for pipeline 0xb20ef000
E/mm-camera(  317): awb_process: E gains(r=1.508060,g=1.050000,b=1.419085), color_temp=5694
E/mm-camera-intf(  303): mm_stream_read_msm_frame: VIDIOC_DQBUF buf_index 5, frame_idx 16, stream type 1, time stamp 6348 606956000
D/ShotSingle(  303): CAMERA_MSG_PREVIEW_FRAME E
I/EDMNativeHelperService( 1036): isCameraEnabled
D/ShotSingle(  303): CAMERA_MSG_PREVIEW_FRAME X
D/SecCameraCoreManager(  303): disableMsgType: 0x10
W/QCamera2HWI(  303): disable_msg_type : E, msg type 16
W/QCamera2HWI(  303): disable_msg_type : X
D/SecCamera-JNI-Java( 1036): handleMessage: 16
D/SecCameraCoreManager(  303): enableMsgType: 0x10
W/QCamera2HWI(  303): enable_msg_type : E, msg type 16
W/QCamera2HWI(  303): enable_msg_type : X
D/DMCFaceEngine( 1036): fd_find_run : Use A New Sensor ==========> 0 [240][320]
D/DMCFaceEngine( 1036): caFace_RunFaceDetection_SmartStayRotation : Detected No Face
D/DMCFaceEngine( 1036): caSmartDP_SmartStay : SINGLE EYE DETECTION LOOP START
D/DMCFaceEngine( 1036): caSmartDP_SmartStay : single eye detection loop start _ dir 1
D/DMCFaceEngine( 1036): caIF_RunEyeDetection_MCT_IRS : caIF_RunEyeDetection_MCT_IRS START
D/DMCFaceEngine( 1036): caIF_RunEyeDetection_MCT_IRS : Width 240, Height 320
E/mm-camera(  317): cpp_module_handle_sof_notify_event:574, sending bus msg, session_id=3, R1=4, R2=5
E/mm-camera(  317): isp_pipeline_save_aec_params lux_idx 302.721436 exp_index 299 real_gain 2.937776 
E/mm-camera(  317): isp_pipeline_awb_trigger_update: color 5652 gain r=1.505896 g=1.050000 b=1.427226
E/mm-camera-intf(  303): mm_stream_read_msm_frame: VIDIOC_DQBUF buf_index 16, frame_idx 17, stream type 6, time stamp 1512378113 601083000
E/mm-camera(  317): module_faceproc_client_handle_buffer:1809] count 0
E/mm-camera(  317): module_faceproc_client_send_info:1751] active index 1 face_cnt 0
E/mm-camera(  317): module_faceproc_client_send_info:1763] face_cnt 0
E/mm-camera(  317): module_faceproc_client_send_faceinfo:692] 1.000000 1.000000 0 0 out scale 1.000000 1.000000
E/mm-camera(  317): module_faceproc_client_send_faceinfo:694] Num face detected 0
E/mm-camera(  317): module_faceproc_faces_stabilization:586] GJ Invalid input no faces 
E/mm-camera(  317): [FD_ZOOM_DBG] FD_Imglib Num face detected 0
E/mm-camera(  317): module_faceproc_client_send_faceinfo:735] session id 3 mct_mod 0xb4cb5f40
E/mm-camera(  317): module_faceproc_client_handle_buffer:1827] img_idx 2
E/mm-camera(  317): module_faceproc_client_handle_buffer:1840] buffer 2 0xb27e4000 0xb3b6f000
E/mm-camera-img(  317): faceproc_comp_queue_buffer:655] q_count 1
E/mm-camera-img(  317): img_q_wait:225] after wait count 1
E/mm-camera-img(  317): img_q_wait:229] data 0xb273a380
E/mm-camera-img(  317): faceproc_fd_execute:1142] E
E/mm-camera(  317): isp_pipeline_stats_config_update Received stats_config_update for pipeline 0xb20ef000
E/mm-camera-intf(  303): mm_stream_read_msm_frame: VIDIOC_DQBUF buf_index 3, frame_idx 17, stream type 1, time stamp 6348 673693000
D/ShotSingle(  303): CAMERA_MSG_PREVIEW_FRAME E
E/mm-camera-img(  317): faceproc_fd_execute:1174] no faces detected X
E/mm-camera-img(  317): face_proc_thread_loop:420] state 2 abort 0
E/mm-camera(  317): module_faceproc_client_event_handler:1120] buffer idx 2
E/mm-camera-img(  317): face_proc_thread_loop:428] send event
E/mm-camera-img(  317): img_comp_get_param:163] param 514
E/mm-camera-img(  317): faceproc_fd_output:848] num_faces 0
E/mm-camera-img(  317): face_proc_thread_loop:430] send event
E/mm-camera-img(  317): img_q_wait: before wait
I/EDMNativeHelperService( 1036): isCameraEnabled
E/mm-camera(  317): awb_process: E gains(r=1.510007,g=1.050000,b=1.411758), color_temp=5732
D/ShotSingle(  303): CAMERA_MSG_PREVIEW_FRAME X
D/SecCameraCoreManager(  303): disableMsgType: 0x10
W/QCamera2HWI(  303): disable_msg_type : E, msg type 16
W/QCamera2HWI(  303): disable_msg_type : X
D/SecCamera-JNI-Java( 1036): handleMessage: 16
D/SecCameraCoreManager(  303): enableMsgType: 0x10
W/QCamera2HWI(  303): enable_msg_type : E, msg type 16
W/QCamera2HWI(  303): enable_msg_type : X
E/mm-camera(  317): cpp_module_handle_sof_notify_event:574, sending bus msg, session_id=3, R1=4, R2=5
E/mm-camera(  317): isp_pipeline_save_aec_params lux_idx 302.721436 exp_index 299 real_gain 2.937776 
E/mm-camera(  317): isp_pipeline_awb_trigger_update: color 5694 gain r=1.508060 g=1.050000 b=1.419085
E/mm-camera-intf(  303): mm_stream_read_msm_frame: VIDIOC_DQBUF buf_index 17, frame_idx 18, stream type 6, time stamp 1512378113 667824000
D/DMCFaceEngine( 1036): caIF_RunEyeDetection_MCT_IRS : caIF_RunEyeDetection_MCT_IRS END
D/DMCFaceEngine( 1036): caSmartDP_SmartStay : caFace_Aux_FindEyes_IRS time 102949
D/DMCFaceEngine( 1036): caSmartDP_SmartStay : Single Eye Detection Fail dir 1
D/DMCFaceEngine( 1036): caSmartDP_SmartStay : loop End ED dir 1 with nResult -1
D/DMCFaceEngine( 1036): caSmartDP_SmartStay : SINGLE EYE DETECTION LOOP END with nResult -1
D/DMCFaceEngine( 1036): caSmartDP_SmartStay : DETECT HUMAN FAIL
D/DMCFaceEngine( 1036): caSmartDP_SmartStay : face : X[0] Y[0] W[0] H[0]
D/DMCFaceEngine( 1036): caSmartDP_SmartStay : eye  : LX[0] LY[0] RX[0] RY[0]
E/SmartScreen_JNI( 1036): processImage end : function time [ 173431 ] [-1] 
E/SmartFaceManager( 1036): checkForSmartStay onInfo: 100: 0
E/SmartScreen_JNI( 1036): processImage start : prev time [ 174079 ]
D/SmartScreen_JNI( 1036): tmpfile : /data/smart_stay_hash.dmc
D/DMCFaceEngine( 1036): NEON : 1
D/DMCFaceEngine( 1036): caSmartDP_SmartStay orientation [0] count [2]
D/DMCFaceEngine( 1036): caSmartDP_SmartStay : FUNCTION START img width 320, height 240 previous angle 0
D/SecCameraCoreManager(  303): disableMsgType: 0x10
W/QCamera2HWI(  303): disable_msg_type : E, msg type 16
W/QCamera2HWI(  303): disable_msg_type : X
D/SecCameraCoreManager(  303): disableMsgType: 0x10
W/QCamera2HWI(  303): disable_msg_type : E, msg type 16
W/QCamera2HWI(  303): disable_msg_type : X
I/CameraClient(  303): stopPreview: Disable picture related messages 
D/SecCameraCoreManager(  303): disableMsgType: 0x3c2
W/QCamera2HWI(  303): disable_msg_type : E, msg type 962
D/DMCFaceEngine( 1036): caSmartDP_SmartStay : loop Start with dir 1, width 240 and heighe 320
W/QCamera2HWI(  303): disable_msg_type : X
D/SecCameraCoreManager(  303): stopPreview
D/SecCameraCoreManager(  303): virtual void android::SecCameraCoreManager::stopPreview():stop IT Policy checking thread
D/DMCFaceEngine( 1036): caFace_RunFaceDetection_SmartStayRotation : FaceDetection Start with width 240, heighe 320
D/DMCFaceEngine( 1036): fd_find_run : Use A New Sensor ==========> 0 [240][320]
E/mm-camera(  317): module_faceproc_client_handle_buffer:1809] count 1
E/mm-camera-intf(  303): mm_stream_read_msm_frame: VIDIOC_DQBUF buf_index 4, frame_idx 18, stream type 1, time stamp 6348 740427000
E/mm-camera(  317): isp_pipeline_stats_config_update Received stats_config_update for pipeline 0xb20ef000
E/mm-camera(  317): awb_process: E gains(r=1.511759,g=1.050000,b=1.405164), color_temp=5767
D/DMCFaceEngine( 1036): fd_find_run : Use A New Sensor ==========> 0 [240][320]
D/DMCFaceEngine( 1036): fd_find_run : Use A New Sensor ==========> 0 [240][320]
E/mm-camera(  317): cpp_module_handle_sof_notify_event:574, sending bus msg, session_id=3, R1=4, R2=5
E/mm-camera(  317): isp_pipeline_save_aec_params lux_idx 301.083313 exp_index 299 real_gain 2.937776 
E/mm-camera(  317): isp_pipeline_awb_trigger_update: color 5732 gain r=1.510007 g=1.050000 b=1.411758
E/mm-camera-intf(  303): mm_stream_read_msm_frame: VIDIOC_DQBUF buf_index 18, frame_idx 19, stream type 6, time stamp 1512378113 734564000
D/DMCFaceEngine( 1036): fd_find_run : Use A New Sensor ==========> 0 [110][110]
D/ShotSingle(  303): stopPreview
W/QCamera2HWI(  303): disable_msg_type : E, msg type 962
W/QCamera2HWI(  303): disable_msg_type : X
V/ShotSingle(  303): stopPreview(1)
W/QCamera2HWI(  303): [KPI Perf] stop_preview: E
W/QCamera2HWI(  303): stopPreview: E mCameraId=1
I/        (  303): [DBG] int32_t qcamera::QCameraCmdThread::exit(): Before thread join
I/        (  303): [DBG] int32_t qcamera::QCameraCmdThread::exit(): After thread join
I/        (  303): [DBG] int32_t qcamera::QCameraCmdThread::exit(): Before thread join
I/        (  303): [DBG] int32_t qcamera::QCameraCmdThread::exit(): After thread join
E/mm-camera-intf(  303): mm_stream_streamoff: E, my_handle = 0x6301, fd = 71, state = 6
E/mm-camera(  317): server_process_hal_event:__DBG__ E event id=3
E/mm-camera(  317): server_process_hal_event:__DBG__ X sucess event id=3
E/mm-camera(  317): mct_pipeline_process_set:command=8000009
E/mm-camera(  317): mct_pipeline_process_set: stream_type = 1
E/mm-camera-sensor(  317): module_sensor_module_process_event:3542 ide 30002 MCT_EVENT_CONTROL_STREAMOFF
E/mm-camera-sensor(  317): module_sensor_module_process_event:3545 E STATEDBG MCT_EVENT_CONTROL_STREAMOFF
E/mm-camera-sensor(  317): sensor_util_change_state:1116 STATEDBG Enter
E/mm-camera-sensor(  317): sensor_util_change_state:1123 STATEDBG Enter cur state 0 new state 4
E/mm-camera-sensor(  317): sensor_util_change_state:1162 STATEDBG Exit cur state 4 new state 4
E/mm-camera-sensor(  317): sensor_util_change_state:1166 STATEDBG Exit
E/mm-camera-sensor(  317): module_sensor_stream_off:3097 ide 30002 MCT_EVENT_CONTROL_STREAMOFF
E/mm-camera(  317): port_isp_mct_ctrl_cmd: type=2
E/mm-camera(  317): port_isp_mct_ctrl_cmd: E, identity = 0x30002, STREAMOFF
E/mm-camera(  317): cpp_module_handle_streamoff_event:1873, info: doing stream-off for identity 0x30002
E/mm-camera-img(  317): faceproc_comp_abort:549] state 2
E/mm-camera-img(  317): faceproc_comp_abort:562] thread id -1283074304
E/mm-camera-img(  317): img_q_wait:225] after wait count 0
E/mm-camera-img(  317): img_q_wait:229] data 0x0
E/mm-camera-img(  317): face_proc_thread_loop:434] state 3 abort 0
E/mm-camera-img(  317): face_proc_thread_loop:438] send event
E/mm-camera-img(  317): faceproc_comp_eng_destroy:1856] faceproc engine clean
E/mm-camera-img(  317): faceproc_comp_eng_reset:1880]
E/mm-camera-img(  317): Free Wmemory 0
E/mm-camera-img(  317): faceproc_comp_abort:576] X
E/mm-camera(  317): cpp_module_handle_streamoff_event:1919] iden:0x30002, linked_params:0x0
E/mm-camera(  317): cpp_hardware_process_streamoff:502] skip_iden:0x0, duplicate_stream_status:0x0
D/DMCFaceEngine( 1036): caFace_RunFaceDetection_SmartStayRotation : Detected No Face
D/DMCFaceEngine( 1036): caSmartDP_SmartStay : SINGLE EYE DETECTION LOOP START
D/DMCFaceEngine( 1036): caSmartDP_SmartStay : single eye detection loop start _ dir 1
D/DMCFaceEngine( 1036): caIF_RunEyeDetection_MCT_IRS : caIF_RunEyeDetection_MCT_IRS START
D/DMCFaceEngine( 1036): caIF_RunEyeDetection_MCT_IRS : Width 240, Height 320
E/mm-camera(  317): cpp_module_handle_streamoff_event:1930, info: stream-off done for identity 0x30002
E/mm-camera(  317): port_isp_mct_ctrl_cmd: E, identity = 0x30002, isp_streamoff
E/mm-camera(  317): isp_streamoff: E, session_id = 3
E/mm-camera(  317): isp_proc_async_command: E ISP_ASYNC_COMMAND_STREAMOFF = 3
E/mm-camera(  317): isp_proc_streamoff: E, session_id = 3, stream_id = 2, stream_type = 1
E/mm-camera(  317): isp_hw_subscribe_one_v4l2_event: event_type = 0x8000200, is_subscribe = 0
E/mm-camera(  317): isp_hw_subscribe_one_v4l2_event: event_type = 0x8000201, is_subscribe = 0
E/mm-camera(  317): isp_hw_subscribe_one_v4l2_event: event_type = 0x8000202, is_subscribe = 0
E/mm-camera(  317): isp_hw_subscribe_one_v4l2_event: event_type = 0x8000203, is_subscribe = 0
E/mm-camera(  317): isp_hw_subscribe_one_v4l2_event: event_type = 0x8000204, is_subscribe = 0
E/mm-camera(  317): isp_hw_subscribe_one_v4l2_event: event_type = 0x8000205, is_subscribe = 0
E/mm-camera(  317): isp_hw_subscribe_one_v4l2_event: event_type = 0x8000206, is_subscribe = 0
E/mm-camera(  317): isp_hw_subscribe_one_v4l2_event: event_type = 0x8000207, is_subscribe = 0
E/mm-camera(  317): isp_hw_subscribe_one_v4l2_event: event_type = 0x8000208, is_subscribe = 0
E/mm-camera(  317): isp_hw_subscribe_one_v4l2_event: event_type = 0x8000209, is_subscribe = 0
E/mm-camera(  317): isp_hw_subscribe_one_v4l2_event: event_type = 0x800020a, is_subscribe = 0
E/mm-camera(  317): isp_hw_subscribe_one_v4l2_event: event_type = 0x800020b, is_subscribe = 0
E/mm-camera(  317): isp_hw_subscribe_one_v4l2_event: event_type = 0x8000009, is_subscribe = 0
E/mm-camera(  317): isp_hw_subscribe_one_v4l2_event: event_type = 0x8000007, is_subscribe = 0
E/mm-camera(  317): isp_axi_util_subscribe_v4l2_event: event_type = 0x8000100, is_subscribe = 0
D/DMCFaceEngine( 1036): caIF_RunEyeDetection_MCT_IRS : caIF_RunEyeDetection_MCT_IRS END
D/DMCFaceEngine( 1036): caSmartDP_SmartStay : caFace_Aux_FindEyes_IRS time 94430
D/DMCFaceEngine( 1036): caSmartDP_SmartStay : Single Eye Detection Fail dir 1
D/DMCFaceEngine( 1036): caSmartDP_SmartStay : loop End ED dir 1 with nResult -1
D/DMCFaceEngine( 1036): caSmartDP_SmartStay : SINGLE EYE DETECTION LOOP END with nResult -1
D/DMCFaceEngine( 1036): caSmartDP_SmartStay : DETECT HUMAN FAIL
D/DMCFaceEngine( 1036): caSmartDP_SmartStay : face : X[0] Y[0] W[0] H[0]
D/DMCFaceEngine( 1036): caSmartDP_SmartStay : eye  : LX[0] LY[0] RX[0] RY[0]
E/SmartScreen_JNI( 1036): processImage end : function time [ 177364 ] [-1] 
E/mm-camera(  317): stats_action_buf_config: cfg = 0, stats_mask = 0x7b8
E/mm-camera(  317): isp_pipeline_util_reset: module id = 0, action = 0xb6eba4ed
E/mm-camera(  317): isp_pipeline_util_reset: module id = 1, action = 0xb6eb6e69
E/mm-camera(  317): isp_pipeline_util_reset: module id = 2, action = 0xb6ea9069
E/mm-camera(  317): isp_pipeline_util_reset: module id = 3, action = 0xb6ebf2c1
E/mm-camera(  317): isp_pipeline_util_reset: module id = 4, action = 0xb6ebc9bd
E/mm-camera(  317): isp_pipeline_util_reset: module id = 5, action = 0xb6eae91d
E/mm-camera(  317): isp_pipeline_util_reset: module id = 7, action = 0xb6ebe9b1
E/mm-camera(  317): isp_pipeline_util_reset: module id = 8, action = 0xb6eb5d01
E/mm-camera(  317): isp_pipeline_util_reset: module id = 10, action = 0xb6ea9fa9
E/mm-camera(  317): isp_pipeline_util_reset: module id = 11, action = 0xb6eab0d1
E/mm-camera(  317): isp_pipeline_util_reset: module id = 12, action = 0xb6ea4289
E/mm-camera(  317): isp_pipeline_util_reset: module id = 13, action = 0xb6eaf8a5
E/mm-camera(  317): isp_pipeline_util_reset: module id = 14, action = 0xb6eb17f5
E/mm-camera(  317): isp_pipeline_util_reset: module id = 15, action = 0xb6ec07f9
E/mm-camera(  317): isp_pipeline_util_reset: module id = 16, action = 0xb6eb2d5d
E/mm-camera(  317): isp_pipeline_util_reset: module id = 17, action = 0xb6ea6831
E/mm-camera(  317): isp_pipeline_util_reset: module id = 18, action = 0xb6e9d041
E/mm-camera(  317): isp_pipeline_util_reset: module id = 19, action = 0xb6ea7d71
E/mm-camera(  317): isp_pipeline_util_reset: module id = 20, action = 0xb6ebd249
E/mm-camera(  317): isp_pipeline_util_reset: module id = 22, action = 0xb6ea10e1
E/mm-camera(  317): isp_pipeline_util_reset: module id = 23, action = 0xb6ea64b9
E/mm-camera(  317): isp_proc_async_command: X ISP_ASYNC_COMMAND_STREAMOFF = 3
E/mm-camera(  317): isp_proc_async_command: X, session_id = 3, async_cmd_id = 2
E/mm-camera(  317): isp_streamoff: X, session_id = 3
E/mm-camera(  317): port_isp_mct_ctrl_cmd: X, identity = 0x30002, isp_streamoff
E/mm-camera(  317): ispif_proc_streamoff: Enter
E/mm-camera(  317): ispif_proc_streamoff: Make ISPIF_CFG IOCTL!
E/mm-camera(  317): ispif_proc_streamoff: ISPIF_CFG IOCTL returns!
E/mm-camera(  317): ispif_proc_streamoff: X, rc = 0
E/mm-camera(  317): ispif_streamoff: session_id = 3, active_streams = 0
E/mm-camera(  317): release_isp_resource <------
E/mm-camera(  317): release isp0 rdi
E/mm-camera(  317): release_isp_resource: isp_id = 0, camif_session_bit = 0x0
E/mm-camera-sensor(  317): module_sensor_is_ready_for_stream_off:1193 any bundle started 0
E/mm-camera-sensor(  317): module_sensor_stream_off:3113 ide 30002 MCT_EVENT_CONTROL_STREAMOFF
E/mm-camera(  317): stop_sof_check_thread: Stopping/Joining SOF timeout thread
E/mm-camera-sensor(  317): sensor_util_change_state:1116 STATEDBG Enter
E/mm-camera-sensor(  317): sensor_util_change_state:1123 STATEDBG Enter cur state 4 new state 0
E/mm-camera-sensor(  317): sensor_util_change_state:1162 STATEDBG Exit cur state 0 new state 0
E/mm-camera-sensor(  317): sensor_util_change_state:1166 STATEDBG Exit
E/mm-camera-sensor(  317): module_sensor_module_process_event:3557 X STATEDBG MCT_EVENT_CONTROL_STREAMOFF
E/mm-camera(  317): main: return true, return type 0
E/mm-camera-intf(  303): mm_stream_streamoff: E, my_handle = 0x6200, fd = 68, state = 6
E/mm-camera(  317): server_process_hal_event:__DBG__ E event id=3
E/mm-camera(  317): server_process_hal_event:__DBG__ X sucess event id=3
E/mm-camera(  317): mct_pipeline_process_set:command=8000009
E/mm-camera(  317): mct_pipeline_process_set: stream_type = 6
E/mm-camera(  317): main: return true, return type 0
E/mm-camera(  317): main: return true, return type 1
E/mm-camera(  317): main: return true, return type 1
E/mm-camera(  317): main: return true, return type 1
E/mm-camera(  317): main: return true, return type 1
E/mm-camera(  317): main: return true, return type 1
E/mm-camera(  317): main: return true, return type 1
E/mm-camera(  317): main: return true, return type 1
E/mm-camera(  317): main: return true, return type 1
E/mm-camera(  317): main: return true, return type 1
E/mm-camera(  317): main: return true, return type 1
E/mm-camera(  317): main: return true, return type 1
E/mm-camera(  317): main: return true, return type 1
E/mm-camera(  317): main: return true, return type 1
E/mm-camera(  317): main: return true, return type 1
E/mm-camera(  317): main: return true, return type 1
E/mm-camera(  317): main: return true, return type 1
E/mm-camera(  317): main: return true, return type 1
E/mm-camera(  317): main: return true, return type 1
E/mm-camera(  317): main: return true, return type 1
E/mm-camera(  317): main: return true, return type 1
E/mm-camera(  317): main: return true, return type 1
E/mm-camera(  317): main: return true, return type 1
E/mm-camera(  317): main: return true, return type 1
E/mm-camera(  317): main: return true, return type 1
E/mm-camera(  317): main: return true, return type 1
E/mm-camera(  317): main: return true, return type 1
E/mm-camera(  317): main: return true, return type 1
E/mm-camera(  317): main: return true, return type 1
E/mm-camera(  317): main: return true, return type 1
E/mm-camera(  317): main: return true, return type 1
E/mm-camera(  317): main: return true, return type 1
E/mm-camera(  317): main: return true, return type 1
E/mm-camera(  317): main: return true, return type 1
E/mm-camera(  317): main: return true, return type 1
E/mm-camera(  317): main: return true, return type 1
E/mm-camera(  317): main: return true, return type 1
E/mm-camera(  317): main: return true, return type 1
E/mm-camera(  317): main: return true, return type 1
E/mm-camera(  317): main: return true, return type 1
E/mm-camera(  317): main: return true, return type 1
E/mm-camera(  317): main: return true, return type 1
E/mm-camera(  317): main: return true, return type 1
E/mm-camera(  317): main: return true, return type 1
E/mm-camera(  317): main: return true, return type 1
E/mm-camera(  317): main: return true, return type 1
E/mm-camera(  317): main: return true, return type 1
E/mm-camera(  317): main: return true, return type 1
E/mm-camera(  317): main: return true, return type 1
E/mm-camera(  317): main: return true, return type 1
E/mm-camera(  317): main: return true, return type 1
E/mm-camera(  317): main: return true, return type 1
E/mm-camera(  317): main: return true, return type 1
W/QCamera2HWI(  303): unpreparePreview: E mCameraId=1
E/mm-camera(  317): main: return true, return type 1
E/mm-camera(  317): main: return true, return type 1
E/mm-camera(  317): server_process_hal_event:__DBG__ E event id=3
E/mm-camera(  317): server_process_hal_event:__DBG__ X sucess event id=3
E/mm-camera(  317): mct_pipeline_process_set:command=800000b
E/mm-camera(  317): main: return true, return type 0
E/mm-camera(  317): main: return true, return type 1
E/mm-camera(  317): main: return true, return type 1
E/mm-camera(  317): server_process_hal_event:__DBG__ E event id=3
E/mm-camera(  317): server_process_hal_event:__DBG__ X sucess event id=3
E/mm-camera(  317): mct_pipeline_process_set:command=800000b
E/mm-camera-sensor(  317): port_sensor_unlink_func:662 ide 30002
E/mm-camera-sensor(  317): port_sensor_caps_unreserve:220 ide 30002
E/mm-camera(  317): port_isp_unlink_func: E, identity = 0x30002, port = 0xb4cb0460, direction = 2
E/mm-camera(  317): port_isp_unlink_func: X, ret = 0, identity = 0x30002, port = 0xb4cb0460, direction = 2
E/mm-camera(  317): port_isp_unlink_func: E, identity = 0x30002, port = 0xb4cb08e0, direction = 1
E/mm-camera(  317): port_isp_unlink_func: X, ret = 0, identity = 0x30002, port = 0xb4cb08e0, direction = 1
E/mm-camera(  317): cpp_port_check_caps_unreserve:170, identity=0x30002
E/mm-camera(  317): cpp_port_check_caps_unreserve:179, identity=0x30002, unreserved
E/mm-camera(  317): module_faceproc_port_unlink:758] E
E/mm-camera(  317): module_faceproc_port_unlink:785] X
E/mm-camera(  317): cpp_port_check_caps_unreserve:170, identity=0x30002
E/mm-camera(  317): cpp_port_check_caps_unreserve:179, identity=0x30002, unreserved
E/mm-camera(  317): module_faceproc_port_check_caps_unreserve:914] E
E/mm-camera(  317): module_faceproc_client_destroy:1159] state 1
E/mm-camera-img(  317): faceproc_comp_deinit:79] 
E/mm-camera-img(  317): faceproc_comp_abort:549] state 1
E/mm-camera-img(  317): faceproc_comp_eng_destroy:1856] faceproc engine clean
E/mm-camera-img(  317): faceproc_comp_eng_reset:1880]
E/mm-camera(  317): module_faceproc_client_destroy:1184] X
E/mm-camera(  317): module_faceproc_port_check_caps_unreserve:963] X
E/mm-camera(  317): mct_stream_check_name:mod=sensor, name=isp
E/mm-camera(  317): mct_stream_check_name:mod=iface, name=isp
E/mm-camera(  317): mct_stream_check_name:mod=isp, name=isp
E/mm-camera(  317): mct_stream_get_module: module: 0xb4c1be10
E/mm-camera(  317): port_isp_unlink_func: E, identity = 0x30002, port = 0xb4cb0760, direction = 1
E/mm-camera(  317): port_isp_unlink_func: X, ret = 0, identity = 0x30002, port = 0xb4cb0760, direction = 1
E/mm-camera(  317): af_thread_handler: af thread returned
E/mm-camera(  317): q3a_port_unlink X refcnt 0
E/mm-camera(  317): afd_thread_en_q_msg thread -1283077504 is set to inactive
E/mm-camera(  317): asd_port_ext_unlink E
E/mm-camera(  317): asd_port_ext_unlink: asd_data=0xb26c6000
E/mm-camera(  317): asd_thread_stop E
E/mm-camera(  317): asd_thread_en_q_msg:78 Message Stop Thread
E/mm-camera(  317): asd_thread_handler: asd thread returned
E/mm-camera(  317): asd_thread_stop joined
E/mm-camera(  317): asd_port_ext_unlink  X refcnt 0
E/mm-camera(  317): stats_port_unlink: X
E/mm-camera(  317): stats_port_check_caps_unreserve E
E/mm-camera(  317): stats_port_check_reserved_stream: private->reserved_id=0x30000
E/mm-camera(  317): stats_port_check_caps_unreserve X
E/mm-camera(  317): main: return true, return type 0
W/QCamera2HWI(  303): unpreparePreview: X mCameraId=1
W/QCamera2HWI(  303): stopPreview: X mCameraId=1
W/QCamera2HWI(  303): [KPI Perf] stop_preview: X
I/SecCamera-JNI-Java( 1036): stopPreview
D/SecCameraCoreManager(  303): disableMsgType: 0x10
W/QCamera2HWI(  303): disable_msg_type : E, msg type 16
W/QCamera2HWI(  303): disable_msg_type : X
D/SecCameraCoreManager(  303): disableMsgType: 0xffffffff
W/QCamera2HWI(  303): disable_msg_type : E, msg type -1
W/QCamera2HWI(  303): disable_msg_type : X
D/SecCameraCoreManager(  303): stopPreview
D/ShotSingle(  303): stopPreview
W/QCamera2HWI(  303): disable_msg_type : E, msg type 962
W/QCamera2HWI(  303): disable_msg_type : X
V/ShotSingle(  303): stopPreview(1)
W/QCamera2HWI(  303): [KPI Perf] stop_preview: E
W/QCamera2HWI(  303): [KPI Perf] stop_preview: X
D/SecCameraCoreManager(  303): cancelPicture
W/QCamera2HWI(  303): [KPI Perf] cancel_picture: E
