W/QCameraParameters(  303): [PARM_DBG] getFlipMode : the filp mode of stream type 1 is 0 .
E/mm-camera(  317): server_process_hal_event:__DBG__ E event id=3
E/mm-camera(  317): server_process_hal_event:__DBG__ X sucess event id=3
E/mm-camera(  317): mct_pipeline_process_set:command=800000a
E/mm-camera(  317): main: return true, return type 0
E/mm-camera(  317): main: return true, return type 1
E/mm-camera(  317): main: return true, return type 1
E/mm-camera(  317): server_process_hal_event:__DBG__ E event id=3
E/mm-camera(  317): server_process_hal_event:__DBG__ X sucess event id=3
E/mm-camera(  317): mct_pipeline_process_set:command=8000012
E/mm-camera(  317): mct_stream_start_link: PREVIEW
E/mm-camera(  317): mct_stream_check_name:mod=sensor, name=sensor
E/mm-camera(  317): mct_stream_get_module: module: 0xb4c1b470
E/mm-camera(  317): mct_stream_start_link: sensor=0xb4c53ac0
E/mm-camera(  317): mct_stream_check_name:mod=sensor, name=iface
E/mm-camera(  317): mct_stream_check_name:mod=iface, name=iface
E/mm-camera(  317): mct_stream_get_module: module: 0xb4c1b880
E/mm-camera(  317): mct_stream_check_name:mod=sensor, name=isp
E/mm-camera(  317): mct_stream_check_name:mod=iface, name=isp
E/mm-camera(  317): mct_stream_check_name:mod=isp, name=isp
E/mm-camera(  317): mct_stream_get_module: module: 0xb4c1be10
E/mm-camera(  317): mct_stream_check_name:mod=sensor, name=stats
E/mm-camera(  317): mct_stream_check_name:mod=iface, name=stats
E/mm-camera(  317): mct_stream_check_name:mod=isp, name=stats
E/mm-camera(  317): mct_stream_check_name:mod=stats, name=stats
E/mm-camera(  317): mct_stream_get_module: module: 0xb4c1be80
E/mm-camera(  317): mct_stream_check_name:mod=sensor, name=pproc
E/mm-camera(  317): mct_stream_check_name:mod=iface, name=pproc
E/mm-camera(  317): mct_stream_check_name:mod=isp, name=pproc
E/mm-camera(  317): mct_stream_check_name:mod=stats, name=pproc
E/mm-camera(  317): mct_stream_check_name:mod=pproc, name=pproc
E/mm-camera(  317): mct_stream_get_module: module: 0xb4cb4660
E/mm-camera(  317): mct_stream_check_name:mod=sensor, name=faceproc
E/mm-camera(  317): mct_stream_check_name:mod=iface, name=faceproc
E/mm-camera(  317): mct_stream_check_name:mod=isp, name=faceproc
E/mm-camera(  317): mct_stream_check_name:mod=stats, name=faceproc
E/mm-camera(  317): mct_stream_check_name:mod=pproc, name=faceproc
E/mm-camera(  317): mct_stream_check_name:mod=faceproc, name=faceproc
E/mm-camera(  317): mct_stream_get_module: module: 0xb4cb46c0
E/mm-camera-sensor(  317): port_sensor_caps_reserve:155 ide 30002 stream type 1 w*h 320*240
E/mm-camera-sensor(  317): port_sensor_ext_link_func:640 ide 30002
E/mm-camera(  317): port_isp_check_caps_reserve_func: E, identity = 0x30002, port = 0xb4cb0460, direction = 2
E/mm-camera(  317): port_isp_check_caps_reserve_func: X, rc = 1, identity = 0x30002, port = 0xb4cb0460, direction = 2
E/mm-camera(  317): port_isp_ext_link_func: E, identity = 0x30002, port = 0xb4cb0460, direction = 2
E/mm-camera(  317): port_isp_ext_link_func: X, rc = 1, identity = 0x30002, port = 0xb4cb0460, direction = 2
E/mm-camera(  317): port_isp_check_caps_reserve_func: E, identity = 0x30002, port = 0xb4cb0760, direction = 1
E/mm-camera(  317): port_isp_check_caps_reserve_func: X, rc = 1, identity = 0x30002, port = 0xb4cb0760, direction = 1
E/mm-camera(  317): pproc_port_sink_check_caps_reserve:823] error because caps Type:1 not supported.
E/mm-camera(  317): pproc_port_sink_check_caps_reserve:823] error because caps Type:1 not supported.
E/mm-camera(  317): pproc_port_sink_check_caps_reserve:823] error because caps Type:1 not supported.
E/mm-camera(  317): pproc_port_sink_check_caps_reserve:823] error because caps Type:1 not supported.
E/mm-camera(  317): port_isp_check_caps_reserve_func: E, identity = 0x30002, port = 0xb4cb07c0, direction = 1
E/mm-camera(  317): port_isp_check_caps_reserve_func: X, rc = 1, identity = 0x30002, port = 0xb4cb07c0, direction = 1
E/mm-camera(  317): pproc_port_sink_check_caps_reserve:823] error because caps Type:1 not supported.
E/mm-camera(  317): pproc_port_sink_check_caps_reserve:823] error because caps Type:1 not supported.
E/mm-camera(  317): pproc_port_sink_check_caps_reserve:823] error because caps Type:1 not supported.
E/mm-camera(  317): pproc_port_sink_check_caps_reserve:823] error because caps Type:1 not supported.
E/mm-camera(  317): port_isp_check_caps_reserve_func: E, identity = 0x30002, port = 0xb4cb0820, direction = 1
E/mm-camera(  317): port_isp_check_caps_reserve_func: X, rc = 1, identity = 0x30002, port = 0xb4cb0820, direction = 1
E/mm-camera(  317): pproc_port_sink_check_caps_reserve:823] error because caps Type:1 not supported.
E/mm-camera(  317): pproc_port_sink_check_caps_reserve:823] error because caps Type:1 not supported.
E/mm-camera(  317): pproc_port_sink_check_caps_reserve:823] error because caps Type:1 not supported.
E/mm-camera(  317): pproc_port_sink_check_caps_reserve:823] error because caps Type:1 not supported.
E/mm-camera(  317): port_isp_check_caps_reserve_func: E, identity = 0x30002, port = 0xb4cb0880, direction = 1
E/mm-camera(  317): port_isp_check_caps_reserve_func: X, rc = 1, identity = 0x30002, port = 0xb4cb0880, direction = 1
E/mm-camera(  317): pproc_port_sink_check_caps_reserve:823] error because caps Type:1 not supported.
E/mm-camera(  317): pproc_port_sink_check_caps_reserve:823] error because caps Type:1 not supported.
E/mm-camera(  317): pproc_port_sink_check_caps_reserve:823] error because caps Type:1 not supported.
E/mm-camera(  317): pproc_port_sink_check_caps_reserve:823] error because caps Type:1 not supported.
E/mm-camera(  317): port_isp_check_caps_reserve_func: E, identity = 0x30002, port = 0xb4cb08e0, direction = 1
E/mm-camera(  317): port_isp_check_caps_reserve_func: X, rc = 1, identity = 0x30002, port = 0xb4cb08e0, direction = 1
E/mm-camera(  317): pproc_port_create_stream_topology:469] feature mask 0x0 0x0
E/mm-camera(  317): cpp_port_check_caps_reserve:77, identity=0x30002
E/mm-camera(  317): cpp_port_check_caps_reserve:143, identity=0x30002, reserved
E/mm-camera(  317): cpp_module_set_output_duplication_flag:548, current stream w=320, h=240, st=320, sc=240, fmt=1, identity=0x30002
E/mm-camera(  317): cpp_module_set_output_duplication_flag:552, info: no linked stream
E/mm-camera(  317): cpp_module_set_clock_freq:957] clk:266670000, dim:76800, stream_type:1, 
E/mm-camera(  317): cpp_module_notify_add_stream:1141, info: success, identity=0x30002
E/mm-camera(  317): port_isp_ext_link_func: E, identity = 0x30002, port = 0xb4cb08e0, direction = 1
E/mm-camera(  317): port_isp_ext_link_func: X, rc = 1, identity = 0x30002, port = 0xb4cb08e0, direction = 1
E/mm-camera(  317): cpp_port_check_caps_reserve:77, identity=0x30002
E/mm-camera(  317): cpp_port_check_caps_reserve:143, identity=0x30002, reserved
E/mm-camera(  317): module_faceproc_port_check_caps_reserve:838] E
E/mm-camera(  317): module_faceproc_port_check_caps_reserve:852] caps type 2 format 2
E/mm-camera(  317): module_faceproc_acquire_port:306] E
E/mm-camera(  317): module_faceproc_client_create:1344]
E/mm-camera-img(  317): img_comp_create:513] 
E/mm-camera-img(  317): faceproc_comp_init:46] 
E/mm-camera-img(  317): faceproc_comp_init:56] 
E/mm-camera(  317): module_faceproc_client_create:1415] Face proc feature mask 12a 0
E/mm-camera(  317): module_faceproc_client_create:1418] port 0xb4cb5fa0 client 0xb2678000 X
E/mm-camera(  317): module_faceproc_acquire_port:345] port 0xb4cb5fa0 port_private 0xb2678000 X
E/mm-camera(  317): module_faceproc_port_check_caps_reserve:886] X
E/mm-camera(  317): module_faceproc_port_ext_link:687] port 0xb4cb5fa0 E
E/mm-camera(  317): module_faceproc_port_ext_link:719] X
E/mm-camera(  317): port_isp_check_caps_reserve_func: E, identity = 0x30002, port = 0xb4cb0760, direction = 1
E/mm-camera(  317): port_isp_check_caps_reserve_func: X, rc = 1, identity = 0x30002, port = 0xb4cb0760, direction = 1
E/mm-camera(  317): afd_port_check_caps_reserve: X
E/mm-camera(  317): asd_port_check_caps_reserve: E
E/mm-camera(  317): asd_port_check_caps_reserve: X
E/mm-camera(  317): q3a_port_event: Stream type change event received!
E/mm-camera(  317): port_isp_ext_link_func: E, identity = 0x30002, port = 0xb4cb0760, direction = 1
E/mm-camera(  317): port_isp_ext_link_func: X, rc = 1, identity = 0x30002, port = 0xb4cb0760, direction = 1
I/EDMNativeHelperService( 1036): isCameraEnabled
E/mm-camera(  317): mct_pipeline_send_ctrl_events: Send Set Parm events
E/mm-camera(  317): port_isp_mct_ctrl_cmd: type=3
E/mm-camera(  317): port_isp_mct_ctrl_cmd: E, identity = 0x30002
E/mm-camera(  317): module_faceproc_client_handle_ctrl_parm:1969] param 2
E/mm-camera(  317): port_isp_mct_ctrl_cmd: X, identity = 0x30002
E/mm-camera(  317): port_isp_mct_ctrl_cmd: type=3
E/mm-camera(  317): port_isp_mct_ctrl_cmd: E, identity = 0x30002
E/mm-camera(  317): module_faceproc_client_handle_ctrl_parm:1969] param 3
E/mm-camera(  317): port_isp_mct_ctrl_cmd: X, identity = 0x30002
E/mm-camera(  317): port_isp_mct_ctrl_cmd: type=3
E/mm-camera(  317): port_isp_mct_ctrl_cmd: E, identity = 0x30002
E/mm-camera(  317): module_faceproc_client_handle_ctrl_parm:1969] param 4
E/mm-camera(  317): port_isp_mct_ctrl_cmd: X, identity = 0x30002
E/mm-camera(  317): port_isp_mct_ctrl_cmd: type=3
E/mm-camera(  317): port_isp_mct_ctrl_cmd: E, identity = 0x30002
E/mm-camera(  317): module_faceproc_client_handle_ctrl_parm:1969] param 5
E/mm-camera(  317): port_isp_mct_ctrl_cmd: X, identity = 0x30002
E/mm-camera(  317): port_isp_mct_ctrl_cmd: type=3
E/mm-camera(  317): port_isp_mct_ctrl_cmd: E, identity = 0x30002
E/mm-camera(  317): module_faceproc_client_handle_ctrl_parm:1969] param 6
E/mm-camera(  317): port_isp_mct_ctrl_cmd: X, identity = 0x30002
E/mm-camera(  317): port_isp_mct_ctrl_cmd: type=3
E/mm-camera(  317): port_isp_mct_ctrl_cmd: E, identity = 0x30002
E/mm-camera(  317): cpp_module_util_get_asf_wnr_params:454 chromatix NULL
E/mm-camera(  317): module_faceproc_client_handle_ctrl_parm:1969] param 7
E/mm-camera(  317): port_isp_mct_ctrl_cmd: X, identity = 0x30002
E/mm-camera(  317): port_isp_mct_ctrl_cmd: type=3
E/mm-camera(  317): port_isp_mct_ctrl_cmd: E, identity = 0x30002
E/mm-camera(  317): module_faceproc_client_handle_ctrl_parm:1969] param 8
E/mm-camera(  317): module_faceproc_client_handle_ctrl_parm:1998] zoom_val 0
E/mm-camera(  317): port_isp_mct_ctrl_cmd: X, identity = 0x30002
E/mm-camera(  317): port_isp_mct_ctrl_cmd: type=3
E/mm-camera(  317): port_isp_mct_ctrl_cmd: E, identity = 0x30002
E/mm-camera(  317): module_faceproc_client_handle_ctrl_parm:1969] param 9
E/mm-camera(  317): port_isp_mct_ctrl_cmd: X, identity = 0x30002
E/mm-camera(  317): port_isp_mct_ctrl_cmd: type=3
E/mm-camera(  317): port_isp_mct_ctrl_cmd: E, identity = 0x30002
E/mm-camera(  317): module_faceproc_client_handle_ctrl_parm:1969] param 10
E/mm-camera(  317): port_isp_mct_ctrl_cmd: X, identity = 0x30002
E/mm-camera-sensor(  317): sensor_set_frame_rate:965 max fps 30.000000 min fps 15.000000
E/mm-camera(  317): port_isp_mct_ctrl_cmd: type=3
E/mm-camera(  317): port_isp_mct_ctrl_cmd: E, identity = 0x30002
E/mm-camera(  317): module_faceproc_client_handle_ctrl_parm:1969] param 11
E/mm-camera(  317): port_isp_mct_ctrl_cmd: X, identity = 0x30002
E/mm-camera(  317): port_isp_mct_ctrl_cmd: type=3
E/mm-camera(  317): port_isp_mct_ctrl_cmd: E, identity = 0x30002
E/mm-camera(  317): module_faceproc_client_handle_ctrl_parm:1969] param 12
E/mm-camera(  317): port_isp_mct_ctrl_cmd: X, identity = 0x30002
E/mm-camera(  317): port_isp_mct_ctrl_cmd: type=3
E/mm-camera(  317): port_isp_mct_ctrl_cmd: E, identity = 0x30002
E/mm-camera(  317): module_faceproc_client_handle_ctrl_parm:1969] param 13
E/mm-camera(  317): port_isp_mct_ctrl_cmd: X, identity = 0x30002
E/mm-camera(  317): port_isp_mct_ctrl_cmd: type=3
E/mm-camera(  317): port_isp_mct_ctrl_cmd: E, identity = 0x30002
E/mm-camera(  317): module_faceproc_client_handle_ctrl_parm:1969] param 14
E/mm-camera(  317): port_isp_mct_ctrl_cmd: X, identity = 0x30002
E/mm-camera(  317): port_isp_mct_ctrl_cmd: type=3
E/mm-camera(  317): port_isp_mct_ctrl_cmd: E, identity = 0x30002
E/mm-camera(  317): module_faceproc_client_handle_ctrl_parm:1969] param 16
E/mm-camera(  317): port_isp_mct_ctrl_cmd: X, identity = 0x30002
E/mm-camera(  317): port_isp_mct_ctrl_cmd: type=3
E/mm-camera(  317): port_isp_mct_ctrl_cmd: E, identity = 0x30002
E/mm-camera(  317): module_faceproc_client_handle_ctrl_parm:1969] param 17
E/mm-camera(  317): port_isp_mct_ctrl_cmd: X, identity = 0x30002
E/mm-camera(  317): port_isp_mct_ctrl_cmd: type=3
E/mm-camera(  317): port_isp_mct_ctrl_cmd: E, identity = 0x30002
E/mm-camera(  317): module_faceproc_client_handle_ctrl_parm:1969] param 18
E/mm-camera(  317): port_isp_mct_ctrl_cmd: X, identity = 0x30002
E/mm-camera(  317): port_isp_mct_ctrl_cmd: type=3
E/mm-camera(  317): port_isp_mct_ctrl_cmd: E, identity = 0x30002
E/mm-camera(  317): module_faceproc_client_handle_ctrl_parm:1969] param 20
E/mm-camera(  317): port_isp_mct_ctrl_cmd: X, identity = 0x30002
E/mm-camera(  317): port_isp_mct_ctrl_cmd: type=3
E/mm-camera(  317): port_isp_mct_ctrl_cmd: E, identity = 0x30002
E/mm-camera(  317): module_faceproc_client_handle_ctrl_parm:1969] param 21
E/mm-camera(  317): port_isp_mct_ctrl_cmd: X, identity = 0x30002
E/mm-camera(  317): port_isp_mct_ctrl_cmd: type=3
E/mm-camera(  317): port_isp_mct_ctrl_cmd: E, identity = 0x30002
E/mm-camera(  317): module_faceproc_client_handle_ctrl_parm:1969] param 22
E/mm-camera(  317): port_isp_mct_ctrl_cmd: X, identity = 0x30002
E/mm-camera(  317): port_isp_mct_ctrl_cmd: type=3
E/mm-camera(  317): port_isp_mct_ctrl_cmd: E, identity = 0x30002
E/mm-camera(  317): module_faceproc_client_handle_ctrl_parm:1969] param 24
E/mm-camera(  317): port_isp_mct_ctrl_cmd: X, identity = 0x30002
E/mm-camera(  317): port_isp_mct_ctrl_cmd: type=3
E/mm-camera(  317): port_isp_mct_ctrl_cmd: E, identity = 0x30002
E/mm-camera(  317): module_faceproc_client_handle_ctrl_parm:1969] param 25
E/mm-camera(  317): port_isp_mct_ctrl_cmd: X, identity = 0x30002
E/mm-camera(  317): port_isp_mct_ctrl_cmd: type=3
E/mm-camera(  317): port_isp_mct_ctrl_cmd: E, identity = 0x30002
E/mm-camera(  317): module_faceproc_client_handle_ctrl_parm:1969] param 26
E/mm-camera(  317): port_isp_mct_ctrl_cmd: X, identity = 0x30002
E/mm-camera-sensor(  317): sensor_set_hfr_mode:584 hfr_mode = 0
E/mm-camera(  317): port_isp_mct_ctrl_cmd: type=3
E/mm-camera(  317): port_isp_mct_ctrl_cmd: E, identity = 0x30002
E/mm-camera(  317): module_faceproc_client_handle_ctrl_parm:1969] param 27
E/mm-camera(  317): port_isp_mct_ctrl_cmd: X, identity = 0x30002
E/mm-camera(  317): port_isp_mct_ctrl_cmd: type=3
E/mm-camera(  317): port_isp_mct_ctrl_cmd: E, identity = 0x30002
E/mm-camera(  317): module_faceproc_client_handle_ctrl_parm:1969] param 28
E/mm-camera(  317): port_isp_mct_ctrl_cmd: X, identity = 0x30002
E/mm-camera(  317): port_isp_mct_ctrl_cmd: type=3
E/mm-camera(  317): port_isp_mct_ctrl_cmd: E, identity = 0x30002
E/mm-camera(  317): module_faceproc_client_handle_ctrl_parm:1969] param 29
E/mm-camera(  317): port_isp_mct_ctrl_cmd: X, identity = 0x30002
E/mm-camera(  317): port_isp_mct_ctrl_cmd: type=3
E/mm-camera(  317): port_isp_mct_ctrl_cmd: E, identity = 0x30002
E/mm-camera(  317): module_faceproc_client_handle_ctrl_parm:1969] param 31
E/mm-camera(  317): port_isp_mct_ctrl_cmd: X, identity = 0x30002
E/mm-camera(  317): port_isp_mct_ctrl_cmd: type=3
E/mm-camera(  317): port_isp_mct_ctrl_cmd: E, identity = 0x30002
E/mm-camera(  317): module_faceproc_client_handle_ctrl_parm:1969] param 33
E/mm-camera(  317): port_isp_mct_ctrl_cmd: X, identity = 0x30002
E/mm-camera(  317): port_isp_mct_ctrl_cmd: type=3
E/mm-camera(  317): port_isp_mct_ctrl_cmd: E, identity = 0x30002
E/mm-camera(  317): module_faceproc_client_handle_ctrl_parm:1969] param 34
E/mm-camera(  317): port_isp_mct_ctrl_cmd: X, identity = 0x30002
E/mm-camera(  317): port_isp_mct_ctrl_cmd: type=3
E/mm-camera(  317): port_isp_mct_ctrl_cmd: E, identity = 0x30002
E/mm-camera(  317): module_faceproc_client_handle_ctrl_parm:1969] param 45
E/mm-camera(  317): port_isp_mct_ctrl_cmd: X, identity = 0x30002
E/mm-camera(  317): port_isp_mct_ctrl_cmd: type=3
E/mm-camera(  317): port_isp_mct_ctrl_cmd: E, identity = 0x30002
E/mm-camera(  317): stats_port_proc_downstream_set_parm pip recording hint value: 0
E/mm-camera(  317): module_faceproc_client_handle_ctrl_parm:1969] param 52
E/mm-camera(  317): port_isp_mct_ctrl_cmd: X, identity = 0x30002
E/mm-camera(  317): port_isp_mct_ctrl_cmd: type=3
E/mm-camera(  317): port_isp_mct_ctrl_cmd: E, identity = 0x30002
E/mm-camera(  317): isp_set_hal_param: CAM_INTF_PARM_LIVE_FRAMEWORK
E/mm-camera(  317): isp_util_set_live_framework: mode : -1261649140
E/mm-camera(  317): isp_util_save_live_framework: aswoogi (0)
E/mm-camera(  317): module_faceproc_client_handle_ctrl_parm:1969] param 53
E/mm-camera(  317): port_isp_mct_ctrl_cmd: X, identity = 0x30002
E/mm-camera(  317): main: return true, return type 0
E/mm-camera(  317): server_process_hal_event:__DBG__ E event id=3
E/mm-camera(  317): server_process_hal_event:__DBG__ X sucess event id=3
E/mm-camera(  317): mct_pipeline_process_set:command=8000004
E/mm-camera(  317): main: return true, return type 0
W/QCamera2HWI(  303): preparePreview: X mCameraId=1
W/QCamera2HWI(  303): startPreview: E mCameraId=1
W/QCamera2HWI(  303): skip 8 frames in Front camera 
W/QCameraChannel(  303): QCameraChannel::start(): bundleInfo.num_of_streams=1
W/QCameraStream(  303): getBufs: [MEM_DBG] Enter: mDynBufAlloc: 0
W/QCamera2HWI(  303): allocateStreamBuf: stream type 6, buf using cached memory = 0
W/QCameraHWI_Mem(  303): int qcamera::QCameraMemory::alloc(int, int, int): use reserved mm heap memory
E/QCameraHWI_Mem(  303): reserved mem is full(heap_id: 0x40000000). go to use iommu
W/QCameraHWI_Mem(  303): int qcamera::QCameraMemory::alloc(int, int, int): use iommu heap memory
W/QCameraHWI_Mem(  303): int qcamera::QCameraMemory::alloc(int, int, int): use reserved mm heap memory
E/QCameraHWI_Mem(  303): reserved mem is full(heap_id: 0x40000000). go to use iommu
W/QCameraHWI_Mem(  303): int qcamera::QCameraMemory::alloc(int, int, int): use iommu heap memory
W/QCameraHWI_Mem(  303): int qcamera::QCameraMemory::alloc(int, int, int): use reserved mm heap memory
E/QCameraHWI_Mem(  303): reserved mem is full(heap_id: 0x40000000). go to use iommu
W/QCameraHWI_Mem(  303): int qcamera::QCameraMemory::alloc(int, int, int): use iommu heap memory
W/QCameraHWI_Mem(  303): int qcamera::QCameraMemory::alloc(int, int, int): use reserved mm heap memory
E/QCameraHWI_Mem(  303): reserved mem is full(heap_id: 0x40000000). go to use iommu
W/QCameraHWI_Mem(  303): int qcamera::QCameraMemory::alloc(int, int, int): use iommu heap memory
W/QCameraHWI_Mem(  303): int qcamera::QCameraMemory::alloc(int, int, int): use reserved mm heap memory
E/QCameraHWI_Mem(  303): reserved mem is full(heap_id: 0x40000000). go to use iommu
W/QCameraHWI_Mem(  303): int qcamera::QCameraMemory::alloc(int, int, int): use iommu heap memory
W/QCameraHWI_Mem(  303): int qcamera::QCameraMemory::alloc(int, int, int): use reserved mm heap memory
E/QCameraHWI_Mem(  303): reserved mem is full(heap_id: 0x40000000). go to use iommu
W/QCameraHWI_Mem(  303): int qcamera::QCameraMemory::alloc(int, int, int): use iommu heap memory
W/QCameraHWI_Mem(  303): int qcamera::QCameraMemory::alloc(int, int, int): use reserved mm heap memory
E/QCameraHWI_Mem(  303): reserved mem is full(heap_id: 0x40000000). go to use iommu
W/QCameraHWI_Mem(  303): int qcamera::QCameraMemory::alloc(int, int, int): use iommu heap memory
W/QCameraHWI_Mem(  303): int qcamera::QCameraMemory::alloc(int, int, int): use reserved mm heap memory
E/QCameraHWI_Mem(  303): reserved mem is full(heap_id: 0x40000000). go to use iommu
W/QCameraHWI_Mem(  303): int qcamera::QCameraMemory::alloc(int, int, int): use iommu heap memory
W/QCameraHWI_Mem(  303): int qcamera::QCameraMemory::alloc(int, int, int): use reserved mm heap memory
E/QCameraHWI_Mem(  303): reserved mem is full(heap_id: 0x40000000). go to use iommu
W/QCameraHWI_Mem(  303): int qcamera::QCameraMemory::alloc(int, int, int): use iommu heap memory
W/QCameraHWI_Mem(  303): int qcamera::QCameraMemory::alloc(int, int, int): use reserved mm heap memory
E/QCameraHWI_Mem(  303): reserved mem is full(heap_id: 0x40000000). go to use iommu
W/QCameraHWI_Mem(  303): int qcamera::QCameraMemory::alloc(int, int, int): use iommu heap memory
W/QCameraHWI_Mem(  303): int qcamera::QCameraMemory::alloc(int, int, int): use reserved mm heap memory
E/QCameraHWI_Mem(  303): reserved mem is full(heap_id: 0x40000000). go to use iommu
W/QCameraHWI_Mem(  303): int qcamera::QCameraMemory::alloc(int, int, int): use iommu heap memory
W/QCameraHWI_Mem(  303): int qcamera::QCameraMemory::alloc(int, int, int): use reserved mm heap memory
E/QCameraHWI_Mem(  303): reserved mem is full(heap_id: 0x40000000). go to use iommu
W/QCameraHWI_Mem(  303): int qcamera::QCameraMemory::alloc(int, int, int): use iommu heap memory
W/QCameraHWI_Mem(  303): int qcamera::QCameraMemory::alloc(int, int, int): use reserved mm heap memory
E/QCameraHWI_Mem(  303): reserved mem is full(heap_id: 0x40000000). go to use iommu
W/QCameraHWI_Mem(  303): int qcamera::QCameraMemory::alloc(int, int, int): use iommu heap memory
W/QCameraHWI_Mem(  303): int qcamera::QCameraMemory::alloc(int, int, int): use reserved mm heap memory
E/QCameraHWI_Mem(  303): reserved mem is full(heap_id: 0x40000000). go to use iommu
W/QCameraHWI_Mem(  303): int qcamera::QCameraMemory::alloc(int, int, int): use iommu heap memory
W/QCameraHWI_Mem(  303): int qcamera::QCameraMemory::alloc(int, int, int): use reserved mm heap memory
E/QCameraHWI_Mem(  303): reserved mem is full(heap_id: 0x40000000). go to use iommu
W/QCameraHWI_Mem(  303): int qcamera::QCameraMemory::alloc(int, int, int): use iommu heap memory
W/QCameraHWI_Mem(  303): int qcamera::QCameraMemory::alloc(int, int, int): use reserved mm heap memory
E/QCameraHWI_Mem(  303): reserved mem is full(heap_id: 0x40000000). go to use iommu
W/QCameraHWI_Mem(  303): int qcamera::QCameraMemory::alloc(int, int, int): use iommu heap memory
W/QCameraHWI_Mem(  303): int qcamera::QCameraMemory::alloc(int, int, int): use reserved mm heap memory
E/QCameraHWI_Mem(  303): reserved mem is full(heap_id: 0x40000000). go to use iommu
W/QCameraHWI_Mem(  303): int qcamera::QCameraMemory::alloc(int, int, int): use iommu heap memory
W/QCameraHWI_Mem(  303): int qcamera::QCameraMemory::alloc(int, int, int): use reserved mm heap memory
E/QCameraHWI_Mem(  303): reserved mem is full(heap_id: 0x40000000). go to use iommu
W/QCameraHWI_Mem(  303): int qcamera::QCameraMemory::alloc(int, int, int): use iommu heap memory
W/QCameraHWI_Mem(  303): int qcamera::QCameraMemory::alloc(int, int, int): use reserved mm heap memory
E/QCameraHWI_Mem(  303): reserved mem is full(heap_id: 0x40000000). go to use iommu
W/QCameraHWI_Mem(  303): int qcamera::QCameraMemory::alloc(int, int, int): use iommu heap memory
W/QCameraHWI_Mem(  303): int qcamera::QCameraMemory::alloc(int, int, int): use reserved mm heap memory
E/QCameraHWI_Mem(  303): reserved mem is full(heap_id: 0x40000000). go to use iommu
W/QCameraHWI_Mem(  303): int qcamera::QCameraMemory::alloc(int, int, int): use iommu heap memory
W/QCameraStream(  303): getBufs: [MEM_DBG] frame_len: 269872, numBufAlloc: 20
W/QCameraStream(  303): getBufs: [MEM_DBG] All mNumBufs: 20
E/mm-camera(  317): main: return true, return type 1
E/mm-camera(  317): main: return true, return type 1
E/mm-camera(  317): main: return true, return type 1
E/mm-camera(  317): main: return true, return type 1
E/mm-camera(  317): main: return true, return type 1
E/mm-camera(  317): main: return true, return type 1
E/mm-camera(  317): main: return true, return type 1
E/mm-camera(  317): main: return true, return type 1
E/mm-camera(  317): main: return true, return type 1
E/mm-camera(  317): main: return true, return type 1
E/mm-camera(  317): main: return true, return type 1
E/mm-camera(  317): main: return true, return type 1
E/mm-camera(  317): main: return true, return type 1
E/mm-camera(  317): main: return true, return type 1
E/mm-camera(  317): main: return true, return type 1
E/mm-camera(  317): main: return true, return type 1
E/mm-camera(  317): main: return true, return type 1
E/mm-camera(  317): main: return true, return type 1
E/mm-camera(  317): main: return true, return type 1
E/mm-camera(  317): main: return true, return type 1
E/mm-camera(  317): main: return true, return type 1
E/mm-camera(  317): main: return true, return type 1
E/mm-camera(  317): main: return true, return type 1
E/mm-camera(  317): main: return true, return type 1
E/mm-camera(  317): main: return true, return type 1
E/mm-camera(  317): main: return true, return type 1
E/mm-camera(  317): main: return true, return type 1
E/mm-camera(  317): main: return true, return type 1
E/mm-camera(  317): main: return true, return type 1
E/mm-camera(  317): main: return true, return type 1
E/mm-camera(  317): main: return true, return type 1
E/mm-camera(  317): main: return true, return type 1
E/mm-camera(  317): main: return true, return type 1
E/mm-camera(  317): main: return true, return type 1
E/mm-camera(  317): main: return true, return type 1
E/mm-camera(  317): main: return true, return type 1
E/mm-camera(  317): main: return true, return type 1
E/mm-camera(  317): main: return true, return type 1
E/mm-camera(  317): main: return true, return type 1
E/mm-camera(  317): main: return true, return type 1
E/mm-camera-intf(  303): mm_stream_request_buf: buf_num = 20, stream type = 6
E/mm-camera-intf(  303): mm_stream_streamon: E, my_handle = 0x6200, fd = 68, state = 6
E/mm-camera(  317): server_process_hal_event:__DBG__ E event id=3
E/mm-camera(  317): server_process_hal_event:__DBG__ X sucess event id=3
E/mm-camera(  317): mct_pipeline_process_set:command=8000008
E/mm-camera(  317): mct_pipeline_process_set: stream_type = 6
E/mm-camera(  317): main: return true, return type 0
W/QCameraStream(  303): getBufs: [MEM_DBG] Enter: mDynBufAlloc: 0
W/QCamera2HWI(  303): allocateStreamBuf: stream type 1, buf using cached memory = 0
I/QCamera2HWI(  303): allocateStreamBuf : No display mode
W/QCameraHWI_Mem(  303): int qcamera::QCameraMemory::alloc(int, int, int): use reserved mm heap memory
E/QCameraHWI_Mem(  303): reserved mem is full(heap_id: 0x40000000). go to use iommu
W/QCameraHWI_Mem(  303): int qcamera::QCameraMemory::alloc(int, int, int): use iommu heap memory
W/QCameraHWI_Mem(  303): int qcamera::QCameraMemory::alloc(int, int, int): use reserved mm heap memory
E/QCameraHWI_Mem(  303): reserved mem is full(heap_id: 0x40000000). go to use iommu
W/QCameraHWI_Mem(  303): int qcamera::QCameraMemory::alloc(int, int, int): use iommu heap memory
W/QCameraHWI_Mem(  303): int qcamera::QCameraMemory::alloc(int, int, int): use reserved mm heap memory
E/QCameraHWI_Mem(  303): reserved mem is full(heap_id: 0x40000000). go to use iommu
W/QCameraHWI_Mem(  303): int qcamera::QCameraMemory::alloc(int, int, int): use iommu heap memory
W/QCameraHWI_Mem(  303): int qcamera::QCameraMemory::alloc(int, int, int): use reserved mm heap memory
E/QCameraHWI_Mem(  303): reserved mem is full(heap_id: 0x40000000). go to use iommu
W/QCameraHWI_Mem(  303): int qcamera::QCameraMemory::alloc(int, int, int): use iommu heap memory
W/QCameraHWI_Mem(  303): int qcamera::QCameraMemory::alloc(int, int, int): use reserved mm heap memory
E/QCameraHWI_Mem(  303): reserved mem is full(heap_id: 0x40000000). go to use iommu
W/QCameraHWI_Mem(  303): int qcamera::QCameraMemory::alloc(int, int, int): use iommu heap memory
W/QCameraHWI_Mem(  303): int qcamera::QCameraMemory::alloc(int, int, int): use reserved mm heap memory
E/QCameraHWI_Mem(  303): reserved mem is full(heap_id: 0x40000000). go to use iommu
W/QCameraHWI_Mem(  303): int qcamera::QCameraMemory::alloc(int, int, int): use iommu heap memory
W/QCameraStream(  303): getBufs: [MEM_DBG] frame_len: 118784, numBufAlloc: 6
W/QCameraStream(  303): getBufs: [MEM_DBG] All mNumBufs: 6
E/mm-camera(  317): main: return true, return type 1
E/mm-camera(  317): mct_stream_create_buffers: plane idx = 0, offset 0, stride 320, scanline = 240
E/mm-camera(  317): mct_stream_create_buffers: plane idx = 1, offset 0, stride 320, scanline = 120
E/mm-camera(  317): main: return true, return type 1
E/mm-camera(  317): main: return true, return type 1
E/mm-camera(  317): mct_stream_create_buffers: plane idx = 0, offset 0, stride 320, scanline = 240
E/mm-camera(  317): mct_stream_create_buffers: plane idx = 1, offset 0, stride 320, scanline = 120
E/mm-camera(  317): main: return true, return type 1
E/mm-camera(  317): main: return true, return type 1
E/mm-camera(  317): mct_stream_create_buffers: plane idx = 0, offset 0, stride 320, scanline = 240
E/mm-camera(  317): mct_stream_create_buffers: plane idx = 1, offset 0, stride 320, scanline = 120
E/mm-camera(  317): main: return true, return type 1
E/mm-camera(  317): main: return true, return type 1
E/mm-camera(  317): mct_stream_create_buffers: plane idx = 0, offset 0, stride 320, scanline = 240
E/mm-camera(  317): mct_stream_create_buffers: plane idx = 1, offset 0, stride 320, scanline = 120
E/mm-camera(  317): main: return true, return type 1
E/mm-camera(  317): main: return true, return type 1
E/mm-camera(  317): mct_stream_create_buffers: plane idx = 0, offset 0, stride 320, scanline = 240
E/mm-camera(  317): mct_stream_create_buffers: plane idx = 1, offset 0, stride 320, scanline = 120
E/mm-camera(  317): main: return true, return type 1
E/mm-camera(  317): main: return true, return type 1
E/mm-camera(  317): mct_stream_create_buffers: plane idx = 0, offset 0, stride 320, scanline = 240
E/mm-camera(  317): mct_stream_create_buffers: plane idx = 1, offset 0, stride 320, scanline = 120
E/mm-camera(  317): main: return true, return type 1
E/mm-camera-intf(  303): mm_stream_request_buf: buf_num = 6, stream type = 1
E/mm-camera-intf(  303): mm_stream_streamon: E, my_handle = 0x6301, fd = 71, state = 6
E/mm-camera(  317): server_process_hal_event:__DBG__ E event id=3
E/mm-camera(  317): server_process_hal_event:__DBG__ X sucess event id=3
E/mm-camera(  317): mct_pipeline_process_set:command=8000008
E/mm-camera(  317): mct_pipeline_process_set: stream_type = 1
E/mm-camera-sensor(  317): module_sensor_module_process_event:3523 bundle session id 3 stream id 2
E/mm-camera-sensor(  317): module_sensor_module_process_event:3524 event identity 30002
E/mm-camera-sensor(  317): module_sensor_module_process_event:3526 E STATEDBG MCT_EVENT_CONTROL_STREAMON
E/mm-camera-sensor(  317): sensor_util_change_state:1116 STATEDBG Enter
E/mm-camera-sensor(  317): sensor_util_change_state:1123 STATEDBG Enter cur state 0 new state 3
E/mm-camera-sensor(  317): sensor_util_change_state:1162 STATEDBG Exit cur state 3 new state 3
E/mm-camera-sensor(  317): sensor_util_change_state:1166 STATEDBG Exit
E/mm-camera-sensor(  317): port_sensor_handle_stream_on:447 E
E/mm-camera-sensor(  317): port_sensor_handle_stream_on:490 type 1 ide 30002 w 320 h 240 stream on 0
E/mm-camera-sensor(  317): port_sensor_handle_stream_on:494 bundle id -1
E/mm-camera-sensor(  317): port_sensor_handle_stream_on:498 hwinfo = 43 31 33 51 53, session_id = 3
E/mm-camera-sensor(  317): port_sensor_handle_stream_on:499 eeprom_lib_name = 0x0
E/mm-camera-sensor(  317): port_sensor_handle_fast_aec_mode:244 E
E/mm-camera-sensor(  317): port_sensor_handle_fast_aec_mode:264 is_fast_aec_required 1
E/mm-camera-sensor(  317): port_sensor_handle_fast_aec_mode:383 before module_sensor_stream_on
E/mm-camera-sensor(  317): module_sensor_stream_on:1828 ide 30002 SENSOR_START_STREAM
E/mm-camera-sensor(  317): module_sensor_is_ready_for_stream_on:1108 any bundle started 0
E/mm-camera-sensor(  317): module_sensor_is_ready_for_stream_on:1120 s_bundle->stream_on_count 0
E/mm-camera-sensor(  317): module_sensor_is_ready_for_stream_on:1121 is_bundle_started 0
E/mm-camera-sensor(  317): sensor_set_vt_mode:2677 vt mode 3
E/mm-camera-sensor(  317): sensor_set_vt_mode:2679 JAY PIP mode, VT data: 3
E/mm-camera-sensor(  317): sensor_set_pip_mode:2695 pip mode 0
E/mm-camera-sensor(  317): sensor_set_pip_mode:2697 JAY PIP mode, data: 0
E/mm-camera-sensor(  317): sensor_set_shot_mode:2715 shot mode 0
E/mm-camera-sensor(  317): modules_sensor_set_new_resolution:303 SENSOR_SET_RESOLUTION 320*240 mask 2
E/mm-camera-sensor(  317): sensor_set_resolution:2082 width 320, height 240
E/mm-camera-sensor(  317): sensor_set_resolution:2084 stream mask 2 hfr mode 0 fps 30.000000
E/mm-camera-sensor(  317): sensor_pick_resolution:1794 requested aspect ratio 133
E/mm-camera-sensor(  317): sensor_pick_resolution:1996 
E/mm-camera-sensor(  317): sensor_set_resolution:2111 cur res 14 new res 0
E/mm-camera-sensor(  317): sensor_set_resolution:2155 
E/mm-camera-sensor(  317): sensor_set_resolution:2158 current_fps_div 1024
E/mm-camera-sensor(  317): sensor_get_resolution_info:2536 skip 1 frames
E/mm-camera-sensor(  317): 
E/mm-camera-sensor(  317): sensor_get_resolution_info:2619 full 1920 1080 out 1920 1080 offset 0 0 scale 1
E/mm-camera(  317): receive MCT_EVENT_MODULE_SET_STREAM_CONFIG
E/mm-camera(  317): ispif_util_dump_sensor_cfg: sensor dim: width = 1936, heght = 1090, fmt = 29, is_bayer = 1
E/mm-camera(  317): ispif_util_dump_sensor_cfg: camif_crop: first_pix = 8, last_pix = 1927, first_line = 4, last_line = 1083, max_fps = 30
E/mm-camera(  317): ispif_sink_port_config <-----
E/mm-camera(  317): reserve_camif_resource: is_ispif = 1, sess_idx = 0, fps = 30, num_isps = 1 op clk: 91500000
E/mm-camera(  317): isp_sink_port_stream_config: E, session_id = 3, stream_id = 2, stream_type = 1
E/mm-camera(  317): isp_sink_port_stream_config: session_id = 3, stream_id = 2, is_split = 0
E/mm-camera(  317): isp_sink_port_stream_config: old vfe_id_mask = 0x0, new vfe_id_mask = 0x1
E/mm-camera(  317): module_faceproc_port_event_func:590] MCT_EVENT_MODULE_SET_STREAM_CONFIG, w = 1936, h = 1090
E/mm-camera(  317): after port_ispif_forward_event_to_peer
E/mm-camera-sensor(  317): chromatix name libchromatix_s5k6b2yx_smart_stay.so
E/mm-camera-sensor(  317): chromatix_load_library:50 libchromatix_s5k6b2yx_smart_stay.so load from phone
E/mm-camera-sensor(  317): chromatix_load_library:58 chromatix from phone libchromatix_s5k6b2yx_smart_stay.so
E/mm-camera-sensor(  317): chromatix_load_library:50 libchromatix_s5k6b2yx_zslshot.so load from phone
E/mm-camera-sensor(  317): chromatix_load_library:58 chromatix from phone libchromatix_s5k6b2yx_zslshot.so
E/mm-camera-sensor(  317): chromatix_load_common_library:110 libchromatix_s5k6b2yx_common.so load from phone
E/mm-camera-sensor(  317): chromatix_load_common_library:118 common chromatix from phone libchromatix_s5k6b2yx_common.so
E/mm-camera-sensor(  317): sensor_set_chromatix, chx : 0xb0d01020, common chx : 0xb0d13e3c
E/mm-camera(  317): cpp_module_handle_chromatix_ptr_event:627 calling cpp_module_util_get_asf_wnr_params for normal
E/mm-camera(  317): isp40_util_get_params: CDS Control : 0, Set hystersis trigger A: 298.000000, B: 301.000000 
E/mm-camera(  317): port_isp_mct_ctrl_cmd: type=1
E/mm-camera(  317): port_isp_mct_ctrl_cmd: E, identity = 0x30002, STREAMON
W/mm-camera(  317): q3a_aecawb_thread_en_q_msg: [SYNC_CHECK] int sem!
W/mm-camera(  317): q3a_aecawb_thread_en_q_msg: [SYNC_CHECK] lock sem!
W/mm-camera(  317): q3a_aecawb_thread_en_q_msg: [SYNC_CHECK] unlock sem!
E/mm-camera(  317): module_faceproc_client_start:1645] E
E/mm-camera(  317): module_faceproc_client_exec:1207] E
E/mm-camera-img(  317): img_comp_set_param:97] param 515
E/mm-camera-img(  317): faceproc_comp_set_param:124] param 0x203
E/mm-camera-img(  317): faceproc_comp_set_param:145] mode 1
E/mm-camera-img(  317): img_comp_set_param:97] param 513
E/mm-camera-img(  317): faceproc_comp_set_param:124] param 0x201
E/mm-camera-img(  317): faceproc_comp_cfg_debug:230] FaceProc cfg hist enable 0
E/mm-camera-img(  317): faceproc_comp_cfg_debug:233] FaceProc cfg max_height 1088
E/mm-camera-img(  317): faceproc_comp_cfg_debug:236] FaceProc cfg max_width 1920
E/mm-camera-img(  317): faceproc_comp_cfg_debug:239] FaceProc cfg face_orientation_hint 4
E/mm-camera-img(  317): faceproc_comp_cfg_debug:242] FaceProc cfg max_face_size 1000
E/mm-camera-img(  317): faceproc_comp_cfg_debug:245] FaceProc cfg max_num_face_to_detect 10
E/mm-camera-img(  317): faceproc_comp_cfg_debug:248] FaceProc cfg min_face_size 100
E/mm-camera-img(  317): faceproc_comp_cfg_debug:251] FaceProc cfg rotation_range 45
E/mm-camera-img(  317): faceproc_comp_eng_config:1394] Face proc number of faces set 10 
E/mm-camera-img(  317): GetDtRequiredMovieMemSiz bmem 304217 wmem 8857012 rc=0
E/mm-camera-img(  317): After GetDtRequiredMovieMemSiz bmem 315213 wmem 9425332 rc = 0
E/mm-camera-img(  317): GetDtRequiredMovieMemSiz1 value rc=0
E/mm-camera-img(  317): SetWMemoryArea rc=0
E/mm-camera-img(  317): SetBMemoryArea rc=0
E/mm-camera-img(  317): img_comp_start: before wait
E/mm-camera-img(  317): face_proc_thread_loop:367] state 1 abort 0
E/mm-camera-img(  317): img_comp_start: after wait
E/mm-camera-img(  317): img_q_wait: before wait
E/mm-camera(  317): module_faceproc_client_exec:1277] X rc 0
E/mm-camera(  317): module_faceproc_client_start:1685] X
E/mm-camera-img(  317): mod_imglib_map_fd_buffer:253] p_buf 0xb383d320 p_buf_info 0xb2678040
E/mm-camera-img(  317): mod_imglib_map_fd_buffer:271] buffer cnt 0 idx 0 addr 0xb3c17000
E/mm-camera-img(  317): mod_imglib_map_fd_buffer:253] p_buf 0xb383d400 p_buf_info 0xb2678040
E/mm-camera-img(  317): mod_imglib_map_fd_buffer:271] buffer cnt 1 idx 1 addr 0xb3bfa000
E/mm-camera-img(  317): mod_imglib_map_fd_buffer:253] p_buf 0xb383d4e0 p_buf_info 0xb2678040
E/mm-camera-img(  317): mod_imglib_map_fd_buffer:271] buffer cnt 2 idx 2 addr 0xb3b6f000
E/mm-camera-img(  317): mod_imglib_map_fd_buffer:253] p_buf 0xb383d5c0 p_buf_info 0xb2678040
E/mm-camera-img(  317): mod_imglib_map_fd_buffer:271] buffer cnt 3 idx 3 addr 0xb3a4f000
E/mm-camera-img(  317): mod_imglib_map_fd_buffer:253] p_buf 0xb383d6a0 p_buf_info 0xb2678040
E/mm-camera-img(  317): mod_imglib_map_fd_buffer:271] buffer cnt 4 idx 4 addr 0xb3a32000
E/mm-camera-img(  317): mod_imglib_map_fd_buffer:253] p_buf 0xb383d780 p_buf_info 0xb2678040
E/mm-camera-img(  317): mod_imglib_map_fd_buffer:271] buffer cnt 5 idx 5 addr 0xb3901000
E/mm-camera(  317): module_faceproc_client_map_buffers:1507] dim 320x240
E/mm-camera(  317): cpp_module_handle_streamon_event:1747, identity=0x30002, stream-on done
W/mm-camera(  317): q3a_aecawb_thread_en_q_msg: [SYNC_CHECK] int sem!
W/mm-camera(  317): q3a_aecawb_thread_en_q_msg: [SYNC_CHECK] lock sem!
W/mm-camera(  317): q3a_aecawb_thread_en_q_msg: [SYNC_CHECK] unlock sem!
E/mm-camera(  317): cpp_hw_params_update_wnr_params:3113 invalid trigger input 0.000000
E/mm-camera(  317): port_isp_mct_ctrl_cmd: E, identity = 0x30002, isp_streamon
E/mm-camera(  317): isp_streamon: E, session_id = 3
E/mm-camera(  317): isp_proc_async_command: E ISP_ASYNC_COMMAND_STREAMON = 3
E/mm-camera(  317): isp_proc_streamon: E, session_id = 3, stream_id = 2, stream_type = 1 num_bufs 6
E/mm-camera(  317): isp_generate_new_bufq_handle: bufg_handle_count: 326
E/mm-camera(  317): isp_validate_buf_request: total 6 current buffer count 6 for stream 2
E/mm-camera(  317): isp_fmt_to_pix_pattern: format 29
E/mm-camera(  317): isp_hw_proc_set_recording_hint: recording_hint: 0
E/mm-camera(  317): isp_util_set_flash_mode: E flashmode=0
E/mm-camera(  317): isp_proc_streamon: set_all_saved_params done, session_id = 3
E/mm-camera(  317): module_faceproc_port_event_func:617] MCT_EVENT_MODULE_ISP_OUTPUT_DIM, w = 320, h = 240
E/mm-camera(  317): isp_proc_streamon: sending dim downstream done, session_id = 3
E/mm-camera(  317): isp_hw_subscribe_one_v4l2_event: event_type = 0x8000200, is_subscribe = 1
E/mm-camera(  317): isp_hw_subscribe_one_v4l2_event: event_type = 0x8000201, is_subscribe = 1
E/mm-camera(  317): isp_hw_subscribe_one_v4l2_event: event_type = 0x8000202, is_subscribe = 1
E/mm-camera(  317): isp_hw_subscribe_one_v4l2_event: event_type = 0x8000203, is_subscribe = 1
E/mm-camera(  317): isp_hw_subscribe_one_v4l2_event: event_type = 0x8000204, is_subscribe = 1
E/mm-camera(  317): isp_hw_subscribe_one_v4l2_event: event_type = 0x8000205, is_subscribe = 1
E/mm-camera(  317): isp_hw_subscribe_one_v4l2_event: event_type = 0x8000206, is_subscribe = 1
E/mm-camera(  317): isp_hw_subscribe_one_v4l2_event: event_type = 0x8000207, is_subscribe = 1
E/mm-camera(  317): isp_hw_subscribe_one_v4l2_event: event_type = 0x8000208, is_subscribe = 1
E/mm-camera(  317): isp_hw_subscribe_one_v4l2_event: event_type = 0x8000209, is_subscribe = 1
E/mm-camera(  317): isp_hw_subscribe_one_v4l2_event: event_type = 0x800020a, is_subscribe = 1
E/mm-camera(  317): isp_hw_subscribe_one_v4l2_event: event_type = 0x800020b, is_subscribe = 1
E/mm-camera(  317): isp_hw_subscribe_one_v4l2_event: event_type = 0x8000009, is_subscribe = 1
E/mm-camera(  317): isp_hw_subscribe_one_v4l2_event: event_type = 0x8000007, is_subscribe = 1
E/mm-camera(  317): isp_fmt_to_pix_pattern: format 29
E/mm-camera(  317): gamma_set_solarize_table: xx82: E
E/mm-camera(  317): color_xform_config: recording_hint 0
E/mm-camera(  317): linearization_set_params: param_id is not supported in this module
E/mm-camera(  317): mesh_rolloff_set_params: param_id is not supported in this module
E/mm-camera(  317): wb_set_params: param_id is not supported in this module
E/mm-camera(  317): demosaic_set_params: param_id 7, is not supported in this module
E/mm-camera(  317): demux_set_params: param_id 7, is not supported in this module
E/mm-camera(  317): mce_set_params: param_id is not supported in this module
E/mm-camera(  317): sce_set_params: param_id is not supported in this module
E/mm-camera(  317): isp_pipeline_util_trigger_update: No active streams
E/mm-camera(  317): rs_stats_config: Tao, demosaic_width = 1920, demosaic_height = 1080, max_h_reg_num = 8, calculated_h_reg_num = 4
E/mm-camera(  317): ihist_stats_config: entry->is_ispif_split 0 
E/mm-camera(  317): rgnHOffset   0
E/mm-camera(  317): isp_fmt_to_pix_pattern: format 29
E/mm-camera(  317): stats_action_buf_config: cfg = 1, stats_mask = 0x7b8
E/mm-camera(  317): isp_generate_new_bufq_handle: bufg_handle_count: 327
E/mm-camera(  317): isp_validate_buf_request: total 4 current buffer count 4 for stream -2147418109
E/mm-camera(  317): isp_request_kernel_bufq: stream_id -2147418109 total_num_buf 4 current 4
E/mm-camera(  317): isp_generate_new_bufq_handle: bufg_handle_count: 328
E/mm-camera(  317): isp_validate_buf_request: total 4 current buffer count 4 for stream -2147418108
E/mm-camera(  317): isp_request_kernel_bufq: stream_id -2147418108 total_num_buf 4 current 4
E/mm-camera(  317): isp_generate_new_bufq_handle: bufg_handle_count: 329
E/mm-camera(  317): isp_validate_buf_request: total 4 current buffer count 4 for stream -2147418107
E/mm-camera(  317): isp_request_kernel_bufq: stream_id -2147418107 total_num_buf 4 current 4
E/mm-camera(  317): isp_generate_new_bufq_handle: bufg_handle_count: 330
E/mm-camera(  317): isp_validate_buf_request: total 4 current buffer count 4 for stream -2147418105
E/mm-camera(  317): isp_request_kernel_bufq: stream_id -2147418105 total_num_buf 4 current 4
E/mm-camera(  317): isp_generate_new_bufq_handle: bufg_handle_count: 331
E/mm-camera(  317): isp_validate_buf_request: total 4 current buffer count 4 for stream -2147418104
E/mm-camera(  317): isp_request_kernel_bufq: stream_id -2147418104 total_num_buf 4 current 4
E/mm-camera(  317): isp_generate_new_bufq_handle: bufg_handle_count: 332
E/mm-camera(  317): isp_validate_buf_request: total 4 current buffer count 4 for stream -2147418103
E/mm-camera(  317): isp_request_kernel_bufq: stream_id -2147418103 total_num_buf 4 current 4
E/mm-camera(  317): isp_generate_new_bufq_handle: bufg_handle_count: 333
E/mm-camera(  317): isp_validate_buf_request: total 4 current buffer count 4 for stream -2147418102
E/mm-camera(  317): isp_request_kernel_bufq: stream_id -2147418102 total_num_buf 4 current 4
E/mm-camera(  317): stats_action: stats mask = 0x7b8
E/mm-camera(  317): isp_request_kernel_bufq: stream_id 2 total_num_buf 6 current 6
E/mm-camera(  317): isp_axi_util_subscribe_v4l2_event: event_type = 0x8000100, is_subscribe = 1
E/mm-camera(  317): isp_proc_async_command: X ISP_ASYNC_COMMAND_STREAMON = 3
E/mm-camera(  317): isp_proc_async_command: X, session_id = 3, async_cmd_id = 1
E/mm-camera(  317): isp_streamon: X, session_id = 3
E/mm-camera(  317): port_isp_mct_ctrl_cmd: X, identity = 0x30002, isp_streamon
E/mm-camera(  317): port_isp_send_streamon_done_event_downstream: notify stream done downstream
E/mm-camera(  317): port_isp_mct_ctrl_cmd: X, identity = 0x30002, done STREAMON
E/mm-camera(  317): port_isp_mct_ctrl_cmd: X, identity = 0x30002, STREAMON, ret = 0
E/mm-camera(  317): ispif_hw_reset: ispif init
E/mm-camera(  317): ispif_proc_streamon: ispif_hw_reset done
E/mm-camera(  317): ispif_streamon: session_id = 3, active_streams = 1
E/mm-camera-sensor(  317): module_sensor_stream_on:2068 ide 30002 SENSOR_START_STREAM
E/mm-camera(  317): start_sof_check_thread: Starting SOF timeout thread
E/mm-camera-sensor(  317): port_sensor_handle_fast_aec_mode:414 X
E/mm-camera-sensor(  317): port_sensor_handle_stream_on:624 X
E/mm-camera-sensor(  317): sensor_util_change_state:1116 STATEDBG Enter
E/mm-camera-sensor(  317): sensor_util_change_state:1123 STATEDBG Enter cur state 3 new state 0
E/mm-camera-sensor(  317): sensor_util_change_state:1162 STATEDBG Exit cur state 0 new state 0
E/mm-camera-sensor(  317): sensor_util_change_state:1166 STATEDBG Exit
E/mm-camera-sensor(  317): module_sensor_module_process_event:3538 X STATEDBG MCT_EVENT_CONTROL_STREAMON
E/mm-camera(  317): main: return true, return type 0
W/QCamera2HWI(  303): startPreview: X mCameraId=1
W/QCamera2HWI(  303): [KPI Perf] start_preview: X, ret 0
E/SmartFaceManager( 1036): Listener does not implements SmartFaceInfoListener2
E/mm-camera(  317): cpp_module_handle_sof_notify_event:574, sending bus msg, session_id=3, R1=0, R2=0
E/mm-camera(  317): isp_pipeline_awb_trigger_update: color 2850 gain r=1.322739 g=1.000000 b=1.630574
E/mm-camera-intf(  303): mm_stream_read_msm_frame: VIDIOC_DQBUF buf_index 0, frame_idx 1, stream type 6, time stamp 1512378112 824796000
E/mm-camera(  317): isp_pipeline_stats_config_update Received stats_config_update for pipeline 0xb20ef000
E/mm-camera(  317): cpp_module_handle_sof_notify_event:574, sending bus msg, session_id=3, R1=0, R2=0
E/mm-camera-intf(  303): mm_stream_read_msm_frame: VIDIOC_DQBUF buf_index 1, frame_idx 2, stream type 6, time stamp 1512378112 858202000
E/mm-camera(  317): awb_process: E gains(r=1.396256,g=1.050000,b=1.676442), color_temp=4845
E/mm-camera(  317): isp_proc_async_command:  ISP_ASYNC_COMMAND_UV_SUBSAMPLE
E/mm-camera(  317): isp_pipeline_save_aec_params lux_idx 355.234650 exp_index 265 real_gain 2.218750 
E/mm-camera(  317): isp_pipeline_awb_trigger_update: color 4845 gain r=1.396256 g=1.050000 b=1.676442
E/mm-camera(  317): module_faceproc_client_handle_buffer:1809] count 0
E/mm-camera(  317): module_faceproc_client_send_info:1751] active index 1 face_cnt 0
E/mm-camera(  317): module_faceproc_client_send_info:1763] face_cnt 0
E/mm-camera(  317): module_faceproc_client_send_faceinfo:683] Invalid scale factors
E/mm-camera(  317): module_faceproc_client_handle_buffer:1827] img_idx 0
E/mm-camera(  317): module_faceproc_client_handle_buffer:1840] buffer 0 0xb2683000 0xb3c17000
E/mm-camera-img(  317): faceproc_comp_queue_buffer:655] q_count 1
E/mm-camera-img(  317): img_q_wait:225] after wait count 1
E/mm-camera-img(  317): img_q_wait:229] data 0xb273a000
E/mm-camera-img(  317): faceproc_fd_execute:1142] E
E/mm-camera-intf(  303): mm_stream_read_msm_frame: VIDIOC_DQBUF buf_index 3, frame_idx 2, stream type 1, time stamp 6347 930793000
E/mm-camera(  317): cpp_module_handle_sof_notify_event:574, sending bus msg, session_id=3, R1=5, R2=5
E/mm-camera(  317): isp_pipeline_stats_config_update Received stats_config_update for pipeline 0xb20ef000
E/mm-camera-intf(  303): mm_stream_read_msm_frame: VIDIOC_DQBUF buf_index 2, frame_idx 3, stream type 6, time stamp 1512378112 891618000
E/mm-camera(  317): awb_process: E gains(r=1.404346,g=1.050000,b=1.645920), color_temp=4883
E/mm-camera(  317): isp_util_fetch_hw_pending_update_params: fetch CDS update! VFE0, frame id 3, hw pending parm of CDS update = 1
E/mm-camera(  317): isp_axi_stream_set_stream_update: cannot find stream, session_id = 0, stream_id = 0
E/mm-camera(  317): isp_pipeline_save_aec_params lux_idx 355.234650 exp_index 265 real_gain 2.218750 
E/mm-camera(  317): isp_pipeline_awb_trigger_update: color 4883 gain r=1.404346 g=1.050000 b=1.645920
E/mm-camera(  317): isp_proc_async_command: after ISP_UV_SWITCH_STATE_FINISHING session = 3
E/mm-camera(  317): isp_proc_async_command: X, session_id = 3, async_cmd_id = 0
E/mm-camera-img(  317): faceproc_fd_execute:1174] no faces detected X
E/mm-camera-img(  317): face_proc_thread_loop:420] state 2 abort 0
E/mm-camera(  317): module_faceproc_client_event_handler:1120] buffer idx 0
E/mm-camera-img(  317): face_proc_thread_loop:428] send event
