I/AppiumUnicodeIME(  916): onKeyUp (keyCode='20', event.keyCode='20', metaState='0')
W/AudioTrack(  738): AUDIO_OUTPUT_FLAG_FAST denied by client
I/AppiumUnicodeIME(  916): onKeyDown (keyCode='19', event.keyCode='19', metaState='0')
I/AppiumUnicodeIME(  916): onKeyDown (keyCode='19', event.keyCode='19', metaState='0')
I/AppiumUnicodeIME(  916): onKeyUp (keyCode='19', event.keyCode='19', metaState='0')
I/AppiumUnicodeIME(  916): onKeyDown (keyCode='19', event.keyCode='19', metaState='0')
I/AppiumUnicodeIME(  916): onKeyUp (keyCode='19', event.keyCode='19', metaState='0')
I/AppiumUnicodeIME(  916): onKeyDown (keyCode='19', event.keyCode='19', metaState='0')
I/AppiumUnicodeIME(  916): onKeyUp (keyCode='19', event.keyCode='19', metaState='0')
W/AudioTrack(  738): AUDIO_OUTPUT_FLAG_FAST denied by client
I/AppiumUnicodeIME(  916): onKeyDown (keyCode='19', event.keyCode='19', metaState='0')
I/AppiumUnicodeIME(  916): onKeyUp (keyCode='19', event.keyCode='19', metaState='0')
I/AppiumUnicodeIME(  916): onKeyDown (keyCode='19', event.keyCode='19', metaState='0')
I/AppiumUnicodeIME(  916): onKeyDown (keyCode='19', event.keyCode='19', metaState='0')
I/AppiumUnicodeIME(  916): onKeyUp (keyCode='19', event.keyCode='19', metaState='0')
I/AppiumUnicodeIME(  916): onKeyDown (keyCode='19', event.keyCode='19', metaState='0')
I/AppiumUnicodeIME(  916): onKeyUp (keyCode='19', event.keyCode='19', metaState='0')
I/AppiumUnicodeIME(  916): onKeyDown (keyCode='19', event.keyCode='19', metaState='0')
I/AppiumUnicodeIME(  916): onKeyUp (keyCode='19', event.keyCode='19', metaState='0')
I/AppiumUnicodeIME(  916): onKeyDown (keyCode='19', event.keyCode='19', metaState='0')
I/AppiumUnicodeIME(  916): onKeyUp (keyCode='19', event.keyCode='19', metaState='0')
I/AppiumUnicodeIME(  916): onKeyDown (keyCode='23', event.keyCode='23', metaState='0')
I/AppiumUnicodeIME(  916): onKeyUp (keyCode='23', event.keyCode='23', metaState='0')
I/AppiumUnicodeIME(  916): onKeyDown (keyCode='163', event.keyCode='163', metaState='0')
W/AudioTrack(  738): AUDIO_OUTPUT_FLAG_FAST denied by client
I/AppiumUnicodeIME(  916): onKeyUp (keyCode='163', event.keyCode='163', metaState='0')
I/AppiumUnicodeIME(  916): onKeyDown (keyCode='24', event.keyCode='24', metaState='0')
W/AudioService(  738): stream was not muted by this client
E/AudioService(  738): Could not get client death handler for stream: 1
W/AudioService(  738): stream was not muted by this client
E/AudioService(  738): Could not get client death handler for stream: 2
W/AudioService(  738): stream was not muted by this client
E/AudioService(  738): Could not get client death handler for stream: 5
W/AudioService(  738): stream was not muted by this client
E/AudioService(  738): Could not get client death handler for stream: 7
W/AudioService(  738): stream was not muted by this client
E/AudioService(  738): Could not get client death handler for stream: 8
I/AppiumUnicodeIME(  916): onKeyUp (keyCode='24', event.keyCode='24', metaState='0')
I/AppiumUnicodeIME(  916): onKeyDown (keyCode='95', event.keyCode='95', metaState='0')
I/AppiumUnicodeIME(  916): onKeyUp (keyCode='95', event.keyCode='95', metaState='0')
I/AppiumUnicodeIME(  916): onKeyDown (keyCode='21', event.keyCode='21', metaState='0')
I/AppiumUnicodeIME(  916): onKeyUp (keyCode='21', event.keyCode='21', metaState='0')
I/AppiumUnicodeIME(  916): onKeyDown (keyCode='21', event.keyCode='21', metaState='0')
I/AppiumUnicodeIME(  916): onKeyUp (keyCode='21', event.keyCode='21', metaState='0')
I/AppiumUnicodeIME(  916): onKeyDown (keyCode='20', event.keyCode='20', metaState='0')
W/EGL_emulation(  861): eglSurfaceAttrib not implemented
W/OpenGLRenderer(  861): Failed to set EGL_SWAP_BEHAVIOR on surface 0xe2003220, error=EGL_SUCCESS
I/AppiumUnicodeIME(  916): onKeyUp (keyCode='20', event.keyCode='20', metaState='0')
W/AudioTrack(  738): AUDIO_OUTPUT_FLAG_FAST denied by client
I/AppiumUnicodeIME(  916): onKeyDown (keyCode='22', event.keyCode='22', metaState='0')
I/AppiumUnicodeIME(  916): onKeyUp (keyCode='22', event.keyCode='22', metaState='0')
I/AppiumUnicodeIME(  916): onKeyDown (keyCode='22', event.keyCode='22', metaState='0')
I/AppiumUnicodeIME(  916): onKeyUp (keyCode='22', event.keyCode='22', metaState='0')
I/AppiumUnicodeIME(  916): onKeyDown (keyCode='23', event.keyCode='23', metaState='0')
I/AppiumUnicodeIME(  916): onKeyUp (keyCode='23', event.keyCode='23', metaState='0')
W/AudioTrack(  738): AUDIO_OUTPUT_FLAG_FAST denied by client
W/BackupManagerService(  738): dataChanged but no participant pkg='com.android.providers.settings' uid=10013
D/ZenLog  (  738): set_zen_mode: important_interruptions,setting
D/ZenLog  (  738): update_zen_mode: no_interruptions -> important_interruptions
D/ZenLog  (  738): set_ringer_mode_internal: ZenModeHelper,i:silent->normal,e:silent->silent
I/AppiumUnicodeIME(  916): onKeyDown (keyCode='20', event.keyCode='20', metaState='0')
W/AudioTrack(  738): AUDIO_OUTPUT_FLAG_FAST denied by client
I/AppiumUnicodeIME(  916): onKeyUp (keyCode='20', event.keyCode='20', metaState='0')
W/AudioTrack(  738): AUDIO_OUTPUT_FLAG_FAST denied by client
D/ConditionProviders(  738): Subscribing to condition://android/countdown/1512801308848 with android.service.notification.ConditionProviderService$Provider@f933b33
D/ZenLog  (  738): subscribe: condition://android/countdown/1512801308848,ok
D/ZenLog  (  738): exit_condition: Condition[id=condition://android/countdown/1512801308848,summary=For one hour (until 1:35 AM),line1=For one hour,line2=Until 1:35 AM,icon=0,state=STATE_TRUE,flags=1],{android/com.android.server.notification.CountdownConditionProvider},binderCall
D/ZenLog  (  738): config: ZenModeConfig[allowCalls=false,allowMessages=false,allowFrom=anyone,allowEvents=true,sleepMode=null,sleepStart=22.0,sleepEnd=7.0,sleepNone=false,conditionComponents=null,conditionIds=null,exitCondition=Condition[id=condition://android/countdown/1512801308848,summary=For one hour (until 1:35 AM),line1=For one hour,line2=Until 1:35 AM,icon=0,state=STATE_TRUE,flags=1],exitConditionComponent=ComponentInfo{android/com.android.server.notification.CountdownConditionProvider}]
D/NotificationService(  738): handleSavePolicyFile
I/AppiumUnicodeIME(  916): onKeyDown (keyCode='82', event.keyCode='82', metaState='0')
I/AppiumUnicodeIME(  916): onKeyUp (keyCode='82', event.keyCode='82', metaState='0')
W/AudioTrack(  738): AUDIO_OUTPUT_FLAG_FAST denied by client
V/WindowManager(  738): Adding window Window{25220c69 u0 PopupWindow:113010e} at 5 of 12 (after Window{980e890 u0 com.zzl.falcon.internal/com.squareup.leakcanary.internal.DisplayLeakActivity})
I/AppiumUnicodeIME(  916): onKeyDown (keyCode='20', event.keyCode='20', metaState='0')
W/ViewRootImpl( 3607): Cancelling event due to no window focus: KeyEvent { action=ACTION_UP, keyCode=KEYCODE_DPAD_DOWN, scanCode=0, metaState=0, flags=0x28, repeatCount=0, eventTime=3462011, downTime=3462011, deviceId=-1, source=0x101 }
W/ViewRootImpl( 3607): Cancelling event due to no window focus: KeyEvent { action=ACTION_UP, keyCode=KEYCODE_DPAD_DOWN, scanCode=0, metaState=0, flags=0x28, repeatCount=0, eventTime=3462011, downTime=3462011, deviceId=-1, source=0x101 }
W/ViewRootImpl( 3607): Cancelling event due to no window focus: KeyEvent { action=ACTION_UP, keyCode=KEYCODE_DPAD_DOWN, scanCode=0, metaState=0, flags=0x28, repeatCount=0, eventTime=3462011, downTime=3462011, deviceId=-1, source=0x101 }
I/AppiumUnicodeIME(  916): onKeyUp (keyCode='20', event.keyCode='20', metaState='0')
W/ViewRootImpl( 3607): Cancelling event due to no window focus: KeyEvent { action=ACTION_UP, keyCode=KEYCODE_DPAD_DOWN, scanCode=0, metaState=0, flags=0x28, repeatCount=0, eventTime=3462011, downTime=3462011, deviceId=-1, source=0x101 }
W/ViewRootImpl( 3607): Cancelling event due to no window focus: KeyEvent { action=ACTION_UP, keyCode=KEYCODE_DPAD_DOWN, scanCode=0, metaState=0, flags=0x28, repeatCount=0, eventTime=3462011, downTime=3462011, deviceId=-1, source=0x101 }
W/ViewRootImpl( 3607): Cancelling event due to no window focus: KeyEvent { action=ACTION_UP, keyCode=KEYCODE_DPAD_DOWN, scanCode=0, metaState=0, flags=0x28, repeatCount=0, eventTime=3462011, downTime=3462011, deviceId=-1, source=0x101 }
W/ViewRootImpl( 3607): Cancelling event due to no window focus: KeyEvent { action=ACTION_UP, keyCode=KEYCODE_DPAD_DOWN, scanCode=0, metaState=0, flags=0x28, repeatCount=0, eventTime=3462011, downTime=3462011, deviceId=-1, source=0x101 }
W/ViewRootImpl( 3607): Cancelling event due to no window focus: KeyEvent { action=ACTION_UP, keyCode=KEYCODE_DPAD_DOWN, scanCode=0, metaState=0, flags=0x28, repeatCount=0, eventTime=3462011, downTime=3462011, deviceId=-1, source=0x101 }
W/ViewRootImpl( 3607): Cancelling event due to no window focus: KeyEvent { action=ACTION_UP, keyCode=KEYCODE_DPAD_DOWN, scanCode=0, metaState=0, flags=0x28, repeatCount=0, eventTime=3462011, downTime=3462011, deviceId=-1, source=0x101 }
W/ViewRootImpl( 3607): Dropping event due to no window focus: KeyEvent { action=ACTION_DOWN, keyCode=KEYCODE_DPAD_RIGHT, scanCode=0, metaState=0, flags=0x8, repeatCount=0, eventTime=3462038, downTime=3462038, deviceId=-1, source=0x101 }
W/ViewRootImpl( 3607): Cancelling event due to no window focus: KeyEvent { action=ACTION_UP, keyCode=KEYCODE_DPAD_RIGHT, scanCode=0, metaState=0, flags=0x28, repeatCount=0, eventTime=3462041, downTime=3462041, deviceId=-1, source=0x101 }
W/ViewRootImpl( 3607): Cancelling event due to no window focus: KeyEvent { action=ACTION_UP, keyCode=KEYCODE_DPAD_RIGHT, scanCode=0, metaState=0, flags=0x28, repeatCount=0, eventTime=3462041, downTime=3462041, deviceId=-1, source=0x101 }
W/ViewRootImpl( 3607): Cancelling event due to no window focus: KeyEvent { action=ACTION_UP, keyCode=KEYCODE_DPAD_RIGHT, scanCode=0, metaState=0, flags=0x28, repeatCount=0, eventTime=3462041, downTime=3462041, deviceId=-1, source=0x101 }
W/ViewRootImpl( 3607): Cancelling event due to no window focus: KeyEvent { action=ACTION_UP, keyCode=KEYCODE_DPAD_RIGHT, scanCode=0, metaState=0, flags=0x28, repeatCount=0, eventTime=3462041, downTime=3462041, deviceId=-1, source=0x101 }
W/ViewRootImpl( 3607): Cancelling event due to no window focus: KeyEvent { action=ACTION_UP, keyCode=KEYCODE_DPAD_RIGHT, scanCode=0, metaState=0, flags=0x28, repeatCount=0, eventTime=3462041, downTime=3462041, deviceId=-1, source=0x101 }
W/ViewRootImpl( 3607): Cancelling event due to no window focus: KeyEvent { action=ACTION_UP, keyCode=KEYCODE_DPAD_RIGHT, scanCode=0, metaState=0, flags=0x28, repeatCount=0, eventTime=3462041, downTime=3462041, deviceId=-1, source=0x101 }
W/ViewRootImpl( 3607): Cancelling event due to no window focus: KeyEvent { action=ACTION_UP, keyCode=KEYCODE_DPAD_RIGHT, scanCode=0, metaState=0, flags=0x28, repeatCount=0, eventTime=3462041, downTime=3462041, deviceId=-1, source=0x101 }
W/ViewRootImpl( 3607): Cancelling event due to no window focus: KeyEvent { action=ACTION_UP, keyCode=KEYCODE_DPAD_RIGHT, scanCode=0, metaState=0, flags=0x28, repeatCount=0, eventTime=3462041, downTime=3462041, deviceId=-1, source=0x101 }
W/ViewRootImpl( 3607): Cancelling event due to no window focus: KeyEvent { action=ACTION_UP, keyCode=KEYCODE_DPAD_RIGHT, scanCode=0, metaState=0, flags=0x28, repeatCount=0, eventTime=3462041, downTime=3462041, deviceId=-1, source=0x101 }
W/ViewRootImpl( 3607): Dropping event due to no window focus: KeyEvent { action=ACTION_DOWN, keyCode=KEYCODE_DPAD_RIGHT, scanCode=0, metaState=0, flags=0x8, repeatCount=0, eventTime=3462043, downTime=3462043, deviceId=-1, source=0x101 }
W/AudioTrack(  738): AUDIO_OUTPUT_FLAG_FAST denied by client
W/ViewRootImpl( 3607): Cancelling event due to no window focus: KeyEvent { action=ACTION_UP, keyCode=KEYCODE_DPAD_RIGHT, scanCode=0, metaState=0, flags=0x28, repeatCount=0, eventTime=3462045, downTime=3462045, deviceId=-1, source=0x101 }
W/ViewRootImpl( 3607): Cancelling event due to no window focus: KeyEvent { action=ACTION_UP, keyCode=KEYCODE_DPAD_RIGHT, scanCode=0, metaState=0, flags=0x28, repeatCount=0, eventTime=3462045, downTime=3462045, deviceId=-1, source=0x101 }
W/ViewRootImpl( 3607): Cancelling event due to no window focus: KeyEvent { action=ACTION_UP, keyCode=KEYCODE_DPAD_RIGHT, scanCode=0, metaState=0, flags=0x28, repeatCount=0, eventTime=3462045, downTime=3462045, deviceId=-1, source=0x101 }
W/ViewRootImpl( 3607): Cancelling event due to no window focus: KeyEvent { action=ACTION_UP, keyCode=KEYCODE_DPAD_RIGHT, scanCode=0, metaState=0, flags=0x28, repeatCount=0, eventTime=3462045, downTime=3462045, deviceId=-1, source=0x101 }
W/ViewRootImpl( 3607): Cancelling event due to no window focus: KeyEvent { action=ACTION_UP, keyCode=KEYCODE_DPAD_RIGHT, scanCode=0, metaState=0, flags=0x28, repeatCount=0, eventTime=3462045, downTime=3462045, deviceId=-1, source=0x101 }
W/ViewRootImpl( 3607): Cancelling event due to no window focus: KeyEvent { action=ACTION_UP, keyCode=KEYCODE_DPAD_RIGHT, scanCode=0, metaState=0, flags=0x28, repeatCount=0, eventTime=3462045, downTime=3462045, deviceId=-1, source=0x101 }
W/ViewRootImpl( 3607): Cancelling event due to no window focus: KeyEvent { action=ACTION_UP, keyCode=KEYCODE_DPAD_RIGHT, scanCode=0, metaState=0, flags=0x28, repeatCount=0, eventTime=3462045, downTime=3462045, deviceId=-1, source=0x101 }
W/ViewRootImpl( 3607): Cancelling event due to no window focus: KeyEvent { action=ACTION_UP, keyCode=KEYCODE_DPAD_RIGHT, scanCode=0, metaState=0, flags=0x28, repeatCount=0, eventTime=3462045, downTime=3462045, deviceId=-1, source=0x101 }
W/ViewRootImpl( 3607): Cancelling event due to no window focus: KeyEvent { action=ACTION_UP, keyCode=KEYCODE_DPAD_RIGHT, scanCode=0, metaState=0, flags=0x28, repeatCount=0, eventTime=3462045, downTime=3462045, deviceId=-1, source=0x101 }
W/EGL_emulation(  861): eglSurfaceAttrib not implemented
W/OpenGLRenderer(  861): Failed to set EGL_SWAP_BEHAVIOR on surface 0xe2003220, error=EGL_SUCCESS
W/EGL_emulation( 3607): eglSurfaceAttrib not implemented
W/OpenGLRenderer( 3607): Failed to set EGL_SWAP_BEHAVIOR on surface 0xf3f63cc0, error=EGL_SUCCESS
W/AudioTrack(  738): AUDIO_OUTPUT_FLAG_FAST denied by client
W/BackupManagerService(  738): dataChanged but no participant pkg='com.android.providers.settings' uid=10013
D/ZenLog  (  738): set_zen_mode: no_interruptions,setting
D/ZenLog  (  738): update_zen_mode: important_interruptions -> no_interruptions
D/ZenLog  (  738): set_ringer_mode_internal: ZenModeHelper,i:normal->silent,e:silent->silent
I/art     ( 3592): System.exit called, status: 0
I/AndroidRuntime( 3592): VM exiting with result code 0.
D/TaskPersister(  738): removeObsoleteFile: deleting file=315_task.xml
D/TaskPersister(  738): removeObsoleteFile: deleting file=315_task_thumbnail.png
I/art     ( 1586): Explicit concurrent mark sweep GC freed 285(15KB) AllocSpace objects, 0(0B) LOS objects, 25% free, 10MB/13MB, paused 157us total 13.582ms
I/art     ( 1586): Explicit concurrent mark sweep GC freed 3(96B) AllocSpace objects, 0(0B) LOS objects, 25% free, 10MB/13MB, paused 166us total 13.601ms
I/art     ( 1586): Explicit concurrent mark sweep GC freed 3(96B) AllocSpace objects, 0(0B) LOS objects, 25% free, 10MB/13MB, paused 137us total 12.795ms
I/art     ( 1586): Explicit concurrent mark sweep GC freed 3(96B) AllocSpace objects, 0(0B) LOS objects, 25% free, 10MB/13MB, paused 158us total 16.879ms
I/art     ( 1586): Explicit concurrent mark sweep GC freed 3(96B) AllocSpace objects, 0(0B) LOS objects, 25% free, 10MB/13MB, paused 196us total 16.993ms
E/awcn.DefaultHeartbeatImpl( 1586): |[seq:umeng:56aadbf567e58e38d4000976.AWCN5_1] close session in background session:Session@[umeng:56aadbf567e58e38d4000976.AWCN5_1|http2_0rtt_acs]
E/awcn.TnetSpdySession( 1586): |[seq:umeng:56aadbf567e58e38d4000976.AWCN5_1] force close! session:Session@[umeng:56aadbf567e58e38d4000976.AWCN5_1|http2_0rtt_acs]
E/awcn.Session( 1586): |[seq:umeng:56aadbf567e58e38d4000976.AWCN5_1] notifyStatus status:DISCONNECTING
I/awcn.DefaultHeartbeatImpl( 1586): |[seq:umeng:56aadbf567e58e38d4000976.AWCN5_1] heartbeat stop session:Session@[umeng:56aadbf567e58e38d4000976.AWCN5_1|http2_0rtt_acs]
E/awcn.TnetSpdySession( 1586): |[seq:umeng:56aadbf567e58e38d4000976.AWCN5_1] spdySessionCloseCallback  errorCode::-2002
E/awcn.Session( 1586): |[seq:umeng:56aadbf567e58e38d4000976.AWCN5_1] notifyStatus status:DISCONNECTED
D/awcn.SessionRequest( 1586): |[seq:umeng:56aadbf567e58e38d4000976.AWCN5_1] Session:Session@[umeng:56aadbf567e58e38d4000976.AWCN5_1|http2_0rtt_acs] EventType:DISCONNECTED Event:anet.channel.entity.c@1510fff6
D/awcn.SessionRequest( 1586): |[seq:umeng:56aadbf567e58e38d4000976.AWCN5_1] Connect Disconnect session:Session@[umeng:56aadbf567e58e38d4000976.AWCN5_1|http2_0rtt_acs] host:https://umengacs.m.taobao.com appIsBg:true isHandleFinish:false
I/accs.MsgDistributeService( 1586):  onStartCommand action:com.taobao.accs.intent.action.RECEIVE
D/accs.MsgDistribute( 1586):  action:com.taobao.accs.intent.action.RECEIVE
I/accs.MsgDistribute( 1586):  distribute command::103  serviceId::  dataId:: appkey: config:
D/AndroidRuntime( 3712): >>>>>> START com.android.internal.os.RuntimeInit uid 0 <<<<<<
D/AndroidRuntime( 3712): CheckJNI is OFF
E/memtrack( 3712): Couldn't load memtrack module (No such file or directory)
E/android.os.Debug( 3712): failed to load memtrack module: -2
D/AndroidRuntime( 3712): Calling main entry com.android.commands.wm.Wm
D/AndroidRuntime( 3712): Shutting down VM
D/AndroidRuntime( 3733): >>>>>> START com.android.internal.os.RuntimeInit uid 0 <<<<<<
D/AndroidRuntime( 3733): CheckJNI is OFF
E/memtrack( 3733): Couldn't load memtrack module (No such file or directory)
E/android.os.Debug( 3733): failed to load memtrack module: -2
D/AndroidRuntime( 3733): Calling main entry com.android.commands.monkey.Monkey
W/BroadcastQueue(  738): Skipping deliver [background] BroadcastRecord{38790a1c u-1 android.net.conn.CONNECTIVITY_CHANGE} to ReceiverList{1a460625 3733 (unknown name)/0/u-1 remote:317d76ee}: process crashing
I/ActivityManager(  738): START u0 {act=android.intent.action.MAIN cat=[android.intent.category.LAUNCHER] flg=0x10200000 cmp=com.zzl.falcon.internal/com.zzl.falcon.EntranceActivity} from uid 0 on display 0
E/EGL_emulation(  773): tid 773: eglCreateSyncKHR(1209): error 0x3004 (EGL_BAD_ATTRIBUTE)
D/ForegroundCallbacks( 1586): went foreground
I/awcn.SessionCenter( 1586): |[seq:[default]] [forground]
I/awcn.SessionCenter( 1586): |[seq:umeng:56aadbf567e58e38d4000976] [forground]
D/awcn.StrategyCenter( 1586):  getSchemeByHost host:umengacs.m.taobao.com scheme:https
D/awcn.SessionCenter( 1586): |[seq:umeng:56aadbf567e58e38d4000976] getInternal u:https://umengacs.m.taobao.com TypeClass:SPDY timeout:0
I/awcn.HttpDispatcher( 1586):  sendAmdcRequest hosts:[umengacs.m.taobao.com, unszapi.m.yao.95095.com, api.m.yao.95095.com]
I/awcn.AmdcThreadPoolExecutor( 1586):  merge amdc request delay:3000
I/awcn.AmdcThreadPoolExecutor( 1586):  thread created! name:AMDC15
D/awcn.StrategyCenter( 1586):  getSchemeByHost host:umengacs.m.taobao.com scheme:https
D/awcn.SessionRequest( 1586): |[seq:umeng:56aadbf567e58e38d4000976.AWCN6] SessionRequest start host:https://umengacs.m.taobao.com type:SPDY
D/getConnStrategyListByHost( 1586): |[seq:host] umengacs.m.taobao.com:result [{106.11.61.106 443 http2_0rtt_acs}, {106.11.61.106 80 http2_0rtt_acs}, {106.11.61.106 443 spdy_0rtt_acs}, {106.11.61.106 80 spdy_0rtt_acs}, {106.11.61.106 443 https}]
D/awcn.SessionRequest( 1586): |[seq:umeng:56aadbf567e58e38d4000976.AWCN6] [getAvailStrategy] strategies:[{106.11.61.106 443 http2_0rtt_acs}, {106.11.61.106 80 http2_0rtt_acs}, {106.11.61.106 443 spdy_0rtt_acs}, {106.11.61.106 80 spdy_0rtt_acs}]
I/awcn.SessionRequest( 1586): |[seq:umeng:56aadbf567e58e38d4000976.AWCN6_1] create connection... Host:https://umengacs.m.taobao.com Type:http2_0rtt_acs IP:106.11.61.106 Port:443 heartbeat:45000 session:Session@[umeng:56aadbf567e58e38d4000976.AWCN6_1|http2_0rtt_acs]
E/awcn.TnetSpdySession( 1586): |[seq:umeng:56aadbf567e58e38d4000976.AWCN6_1] [connect] host:https://umengacs.m.taobao.com connect :106.11.61.106:443 sessionId:1512797804230 SpdyProtocol,:http2_0rtt_acs proxyIp,: proxyPort,:0
E/awcn.Session( 1586): |[seq:umeng:56aadbf567e58e38d4000976.AWCN6_1] notifyStatus status:CONNECTING
E/awcn.Session( 1586): |[seq:umeng:56aadbf567e58e38d4000976.AWCN6_1] notifyStatus status:CONNECTED
I/accs.InAppConn_umeng:56aadbf567e58e38d4000976( 1586):  auth begin seq:umeng:56aadbf567e58e38d4000976.AWCN6_1
E/accs.InAppConn_umeng:56aadbf567e58e38d4000976( 1586):  1 auth URL:https://umengacs.m.taobao.com/accs/auth?1=WajMPL%2FDZuUDAJwcljDKSIFW&2=b72cb9a6e19f6dc73c45e6c6720a16c7c8c04b1db6c63753aa9205edf63f75d8&3=umeng:56aadbf567e58e38d4000976&5=1&6=wifi&7=31027&8=1.1.2&9=1512794265521&10=1&11=22&12=com.zzl.falcon.internal&13=2.4.1&14=android@umeng&15=Google Nexus 4 - 5.1.0 - API 22 - 768x1280&16=generic&17=221&19=0
I/awcn.TnetSpdySession( 1586):   request URL:https://umengacs.m.taobao.com/accs/auth?1=WajMPL%2FDZuUDAJwcljDKSIFW&2=b72cb9a6e19f6dc73c45e6c6720a16c7c8c04b1db6c63753aa9205edf63f75d8&3=umeng:56aadbf567e58e38d4000976&5=1&6=wifi&7=31027&8=1.1.2&9=1512794265521&10=1&11=22&12=com.zzl.falcon.internal&13=2.4.1&14=android@umeng&15=Google Nexus 4 - 5.1.0 - API 22 - 768x1280&16=generic&17=221&19=0
I/awcn.TnetSpdySession( 1586):   request Method:GET
I/awcn.TnetSpdySession( 1586):   request headers:{}
D/awcn.TnetSpdySession( 1586):   streamId:1
D/awcn.DefaultHeartbeatImpl( 1586): |[seq:umeng:56aadbf567e58e38d4000976.AWCN6_1] reSchedule session:Session@[umeng:56aadbf567e58e38d4000976.AWCN6_1|http2_0rtt_acs] delay:1512797849240
E/awcn.TnetSpdySession( 1586): |[seq:umeng:56aadbf567e58e38d4000976.AWCN6_1] spdySessionConnectCB connect connectTime:8 sslTime::0
I/ActivityManager(  738): START u0 {act=android.intent.action.MAIN cat=[android.intent.category.LAUNCHER] flg=0x10200000 cmp=com.zzl.falcon.internal/com.squareup.leakcanary.internal.DisplayLeakActivity} from uid 0 on display 0
W/EGL_emulation( 1586): eglSurfaceAttrib not implemented
W/OpenGLRenderer( 1586): Failed to set EGL_SWAP_BEHAVIOR on surface 0xdbd05e80, error=EGL_SUCCESS
I/awcn.TnetSpdySession( 1586):   httpStatusCode:200
I/awcn.TnetSpdySession( 1586):   response headers:{server=[Tengine/Aserver/3.0.197_20171017114317], x-at=[WajMPL%2FDZuUDAJwcljDKSIFWumeng:56aadbf567e58e38d40009761512812204], date=[Sat, 09 Dec 2017 05:36:44 GMT], content-length=[0], x-workerid=[4046196240390553608], :status=[200]}
E/accs.InAppConn_umeng:56aadbf567e58e38d4000976( 1586):  AUTH httpStatusCode:200 seq:umeng:56aadbf567e58e38d4000976.AWCN6_1
E/awcn.Session( 1586): |[seq:umeng:56aadbf567e58e38d4000976.AWCN6_1] notifyStatus status:AUTH_SUCC
I/awcn.DefaultHeartbeatImpl( 1586): |[seq:umeng:56aadbf567e58e38d4000976.AWCN6_1] heartbeat start session:Session@[umeng:56aadbf567e58e38d4000976.AWCN6_1|http2_0rtt_acs]
D/awcn.TnetSpdySession( 1586): |[seq:umeng:56aadbf567e58e38d4000976.AWCN6_1] spdyOnStreamResponse authTime:0
I/accs.UtilityImpl( 1586):  	header:date value:Sat, 09 Dec 2017 05:36:44 GMT
I/accs.UtilityImpl( 1586):  	header:x-at value:WajMPL%2FDZuUDAJwcljDKSIFWumeng:56aadbf567e58e38d40009761512812204
I/accs.UtilityImpl( 1586):  	header:server value:Tengine/Aserver/3.0.197_20171017114317
I/accs.UtilityImpl( 1586):  	header:content-length value:0
I/accs.UtilityImpl( 1586):  	header:x-workerid value:4046196240390553608
I/accs.UtilityImpl( 1586):  	header::status value:200
D/awcn.TnetSpdySession( 1586):  spdyStreamCloseCallback streamId:1
D/awcn.SessionRequest( 1586): |[seq:umeng:56aadbf567e58e38d4000976.AWCN6_1] Session:Session@[umeng:56aadbf567e58e38d4000976.AWCN6_1|http2_0rtt_acs] EventType:AUTH_SUCC Event:
W/ViewRootImpl( 1586): Dropping event due to no window focus: MotionEvent { action=ACTION_MOVE, id[0]=0, x[0]=0.0, y[0]=4.0, toolType[0]=TOOL_TYPE_UNKNOWN, buttonState=0, metaState=0, flags=0x0, edgeFlags=0x0, pointerCount=1, historySize=9, eventTime=3557332, downTime=-1, deviceId=0, source=0x10004 }
I/AppiumUnicodeIME(  916): onFinishInput
I/AppiumUnicodeIME(  916): onStartInput
E/EGL_emulation(  773): tid 773: eglCreateSyncKHR(1209): error 0x3004 (EGL_BAD_ATTRIBUTE)
W/art     (  738): Long monitor contention event with owner method=int com.android.server.am.ActivityStackSupervisor.startActivityMayWait(android.app.IApplicationThread, int, java.lang.String, android.content.Intent, java.lang.String, android.service.voice.IVoiceInteractionSession, com.android.internal.app.IVoiceInteractor, android.os.IBinder, java.lang.String, int, int, android.app.ProfilerInfo, android.app.IActivityManager$WaitResult, android.content.res.Configuration, android.os.Bundle, int, android.app.IActivityContainer, com.android.server.am.TaskRecord) from ActivityStackSupervisor.java:857 waiters=0 for 435ms
D/awcn.SessionRequest( 1586): |[seq:umeng:56aadbf567e58e38d4000976.AWCN6_1] Connect Success session:Session@[umeng:56aadbf567e58e38d4000976.AWCN6_1|http2_0rtt_acs] host:https://umengacs.m.taobao.com
D/awcn.SessionRequest( 1586):  Receive session event type:AUTH_SUCC
D/awcn.StrategyTable( 1586):  [notifyConnEvent] Host:umengacs.m.taobao.com IConnStrategy:{106.11.61.106 443 http2_0rtt_acs} ConnEvent:ConnEvent#Success
I/accs.MsgDistributeService( 1586):  onStartCommand action:com.taobao.accs.intent.action.RECEIVE
D/accs.MsgDistribute( 1586):  action:com.taobao.accs.intent.action.RECEIVE
I/accs.MsgDistribute( 1586):  distribute command::103  serviceId::  dataId:: appkey: config:
W/EGL_emulation( 3607): eglSurfaceAttrib not implemented
W/OpenGLRenderer( 3607): Failed to set EGL_SWAP_BEHAVIOR on surface 0xf3f63cc0, error=EGL_SUCCESS
W/EGL_emulation( 3607): eglSurfaceAttrib not implemented
W/OpenGLRenderer( 3607): Failed to set EGL_SWAP_BEHAVIOR on surface 0xe199d240, error=EGL_SUCCESS
W/ViewRootImpl( 3607): Dropping event due to no window focus: KeyEvent { action=ACTION_DOWN, keyCode=KEYCODE_MENU, scanCode=0, metaState=0, flags=0x8, repeatCount=0, eventTime=3557822, downTime=3557822, deviceId=-1, source=0x101 }
W/ViewRootImpl( 3607): Cancelling event due to no window focus: KeyEvent { action=ACTION_UP, keyCode=KEYCODE_MENU, scanCode=0, metaState=0, flags=0x28, repeatCount=0, eventTime=3558005, downTime=3557822, deviceId=-1, source=0x101 }
W/ViewRootImpl( 3607): Cancelling event due to no window focus: KeyEvent { action=ACTION_UP, keyCode=KEYCODE_MENU, scanCode=0, metaState=0, flags=0x28, repeatCount=0, eventTime=3558005, downTime=3557822, deviceId=-1, source=0x101 }
W/ViewRootImpl( 3607): Cancelling event due to no window focus: KeyEvent { action=ACTION_UP, keyCode=KEYCODE_MENU, scanCode=0, metaState=0, flags=0x28, repeatCount=0, eventTime=3558005, downTime=3557822, deviceId=-1, source=0x101 }
W/ViewRootImpl( 3607): Cancelling event due to no window focus: KeyEvent { action=ACTION_UP, keyCode=KEYCODE_MENU, scanCode=0, metaState=0, flags=0x28, repeatCount=0, eventTime=3558005, downTime=3557822, deviceId=-1, source=0x101 }
W/ViewRootImpl( 3607): Cancelling event due to no window focus: KeyEvent { action=ACTION_UP, keyCode=KEYCODE_MENU, scanCode=0, metaState=0, flags=0x28, repeatCount=0, eventTime=3558005, downTime=3557822, deviceId=-1, source=0x101 }
W/ViewRootImpl( 3607): Cancelling event due to no window focus: KeyEvent { action=ACTION_UP, keyCode=KEYCODE_MENU, scanCode=0, metaState=0, flags=0x28, repeatCount=0, eventTime=3558005, downTime=3557822, deviceId=-1, source=0x101 }
W/ViewRootImpl( 3607): Cancelling event due to no window focus: KeyEvent { action=ACTION_UP, keyCode=KEYCODE_MENU, scanCode=0, metaState=0, flags=0x28, repeatCount=0, eventTime=3557937, downTime=3557937, deviceId=-1, source=0x101 }
W/ViewRootImpl( 3607): Cancelling event due to no window focus: KeyEvent { action=ACTION_UP, keyCode=KEYCODE_MENU, scanCode=0, metaState=0, flags=0x28, repeatCount=0, eventTime=3557937, downTime=3557937, deviceId=-1, source=0x101 }
W/ViewRootImpl( 3607): Cancelling event due to no window focus: KeyEvent { action=ACTION_UP, keyCode=KEYCODE_MENU, scanCode=0, metaState=0, flags=0x28, repeatCount=0, eventTime=3557937, downTime=3557937, deviceId=-1, source=0x101 }
W/ViewRootImpl( 3607): Cancelling event due to no window focus: KeyEvent { action=ACTION_UP, keyCode=KEYCODE_MENU, scanCode=0, metaState=0, flags=0x28, repeatCount=0, eventTime=3557937, downTime=3557937, deviceId=-1, source=0x101 }
W/ViewRootImpl( 3607): Cancelling event due to no window focus: KeyEvent { action=ACTION_UP, keyCode=KEYCODE_MENU, scanCode=0, metaState=0, flags=0x28, repeatCount=0, eventTime=3557937, downTime=3557937, deviceId=-1, source=0x101 }
W/ViewRootImpl( 3607): Cancelling event due to no window focus: KeyEvent { action=ACTION_UP, keyCode=KEYCODE_MENU, scanCode=0, metaState=0, flags=0x28, repeatCount=0, eventTime=3557937, downTime=3557937, deviceId=-1, source=0x101 }
I/awcn.ComponentCallbacks2( 1586):  onTrimMemory level:20
I/awcn.SessionCenter( 1586): |[seq:[default]] [background]
I/awcn.StrategyCenter( 1586):  saveData
I/awcn.AmdcThreadPoolExecutor( 1586):  thread created! name:AMDC16
I/awcn.SessionCenter( 1586): |[seq:umeng:56aadbf567e58e38d4000976] [background]
I/awcn.StrategyCenter( 1586):  saveData
W/InputEventReceiver( 3607): Attempted to finish an input event but the input event receiver has already been disposed.
W/ViewRootImpl( 3607): Dropping event due to no window focus: KeyEvent { action=ACTION_DOWN, keyCode=KEYCODE_DPAD_DOWN, scanCode=0, metaState=0, flags=0x8, repeatCount=0, eventTime=3558010, downTime=3558010, deviceId=-1, source=0x101 }
W/ViewRootImpl( 3607): Cancelling event due to no window focus: KeyEvent { action=ACTION_UP, keyCode=KEYCODE_DPAD_DOWN, scanCode=0, metaState=0, flags=0x28, repeatCount=0, eventTime=3558062, downTime=3558062, deviceId=-1, source=0x101 }
W/ViewRootImpl( 3607): Cancelling event due to no window focus: KeyEvent { action=ACTION_UP, keyCode=KEYCODE_DPAD_DOWN, scanCode=0, metaState=0, flags=0x28, repeatCount=0, eventTime=3558062, downTime=3558062, deviceId=-1, source=0x101 }
W/ViewRootImpl( 3607): Cancelling event due to no window focus: KeyEvent { action=ACTION_UP, keyCode=KEYCODE_DPAD_DOWN, scanCode=0, metaState=0, flags=0x28, repeatCount=0, eventTime=3558062, downTime=3558062, deviceId=-1, source=0x101 }
W/ViewRootImpl( 3607): Cancelling event due to no window focus: KeyEvent { action=ACTION_UP, keyCode=KEYCODE_DPAD_DOWN, scanCode=0, metaState=0, flags=0x28, repeatCount=0, eventTime=3558062, downTime=3558062, deviceId=-1, source=0x101 }
W/ViewRootImpl( 3607): Cancelling event due to no window focus: KeyEvent { action=ACTION_UP, keyCode=KEYCODE_DPAD_DOWN, scanCode=0, metaState=0, flags=0x28, repeatCount=0, eventTime=3558062, downTime=3558062, deviceId=-1, source=0x101 }
W/ViewRootImpl( 3607): Cancelling event due to no window focus: KeyEvent { action=ACTION_UP, keyCode=KEYCODE_DPAD_DOWN, scanCode=0, metaState=0, flags=0x28, repeatCount=0, eventTime=3558062, downTime=3558062, deviceId=-1, source=0x101 }
W/ViewRootImpl( 3607): Cancelling event due to no window focus: KeyEvent { action=ACTION_UP, keyCode=KEYCODE_DPAD_DOWN, scanCode=0, metaState=0, flags=0x28, repeatCount=0, eventTime=3558062, downTime=3558062, deviceId=-1, source=0x101 }
W/ViewRootImpl( 3607): Cancelling event due to no window focus: KeyEvent { action=ACTION_UP, keyCode=KEYCODE_DPAD_DOWN, scanCode=0, metaState=0, flags=0x28, repeatCount=0, eventTime=3558062, downTime=3558062, deviceId=-1, source=0x101 }
W/ViewRootImpl( 3607): Cancelling event due to no window focus: KeyEvent { action=ACTION_UP, keyCode=KEYCODE_DPAD_DOWN, scanCode=0, metaState=0, flags=0x28, repeatCount=0, eventTime=3558062, downTime=3558062, deviceId=-1, source=0x101 }
W/ViewRootImpl( 3607): Dropping event due to no window focus: MotionEvent { action=ACTION_MOVE, id[0]=0, x[0]=1.0, y[0]=-1.0, toolType[0]=TOOL_TYPE_UNKNOWN, buttonState=0, metaState=0, flags=0x0, edgeFlags=0x0, pointerCount=1, historySize=9, eventTime=3558070, downTime=-1, deviceId=0, source=0x10004 }
W/ViewRootImpl( 3607): Dropping event due to no window focus: MotionEvent { action=ACTION_DOWN, id[0]=0, x[0]=0.0, y[0]=0.0, toolType[0]=TOOL_TYPE_UNKNOWN, buttonState=0, metaState=0, flags=0x0, edgeFlags=0x0, pointerCount=1, historySize=0, eventTime=3558071, downTime=3558064, deviceId=0, source=0x10004 }
W/ViewRootImpl( 3607): Cancelling event due to no window focus: MotionEvent { action=ACTION_CANCEL, id[0]=0, x[0]=0.0, y[0]=0.0, toolType[0]=TOOL_TYPE_UNKNOWN, buttonState=0, metaState=0, flags=0x0, edgeFlags=0x0, pointerCount=1, historySize=0, eventTime=3558073, downTime=3558064, deviceId=0, source=0x10004 }
W/ViewRootImpl( 3607): Cancelling event due to no window focus: MotionEvent { action=ACTION_CANCEL, id[0]=0, x[0]=0.0, y[0]=0.0, toolType[0]=TOOL_TYPE_UNKNOWN, buttonState=0, metaState=0, flags=0x0, edgeFlags=0x0, pointerCount=1, historySize=0, eventTime=3558073, downTime=3558064, deviceId=0, source=0x10004 }
W/ViewRootImpl( 3607): Cancelling event due to no window focus: MotionEvent { action=ACTION_CANCEL, id[0]=0, x[0]=0.0, y[0]=0.0, toolType[0]=TOOL_TYPE_UNKNOWN, buttonState=0, metaState=0, flags=0x0, edgeFlags=0x0, pointerCount=1, historySize=0, eventTime=3558073, downTime=3558064, deviceId=0, source=0x10004 }
W/ViewRootImpl( 3607): Cancelling event due to no window focus: MotionEvent { action=ACTION_CANCEL, id[0]=0, x[0]=0.0, y[0]=0.0, toolType[0]=TOOL_TYPE_UNKNOWN, buttonState=0, metaState=0, flags=0x0, edgeFlags=0x0, pointerCount=1, historySize=0, eventTime=3558073, downTime=3558064, deviceId=0, source=0x10004 }
W/ViewRootImpl( 3607): Cancelling event due to no window focus: MotionEvent { action=ACTION_CANCEL, id[0]=0, x[0]=0.0, y[0]=0.0, toolType[0]=TOOL_TYPE_UNKNOWN, buttonState=0, metaState=0, flags=0x0, edgeFlags=0x0, pointerCount=1, historySize=0, eventTime=3558073, downTime=3558064, deviceId=0, source=0x10004 }
W/ViewRootImpl( 3607): Cancelling event due to no window focus: MotionEvent { action=ACTION_CANCEL, id[0]=0, x[0]=0.0, y[0]=0.0, toolType[0]=TOOL_TYPE_UNKNOWN, buttonState=0, metaState=0, flags=0x0, edgeFlags=0x0, pointerCount=1, historySize=0, eventTime=3558073, downTime=3558064, deviceId=0, source=0x10004 }
W/ViewRootImpl( 3607): Cancelling event due to no window focus: MotionEvent { action=ACTION_CANCEL, id[0]=0, x[0]=0.0, y[0]=0.0, toolType[0]=TOOL_TYPE_UNKNOWN, buttonState=0, metaState=0, flags=0x0, edgeFlags=0x0, pointerCount=1, historySize=0, eventTime=3558073, downTime=3558064, deviceId=0, source=0x10004 }
W/IInputConnectionWrapper( 1586): showStatusIcon on inactive InputConnection
I/AppiumUnicodeIME(  916): onFinishInput
I/AppiumUnicodeIME(  916): onStartInput
I/AppiumUnicodeIME(  916): onKeyDown (keyCode='136', event.keyCode='136', metaState='0')
D/PhoneStatusBar(  861): disable: < expand icons* alerts system_info* back home recent clock search >
W/InputMethodManagerService(  738): Window already focused, ignoring focus gain of: com.android.internal.view.IInputMethodClient$Stub$Proxy@1d536faa attribute=null, token = android.os.BinderProxy@1df9753
I/AppiumUnicodeIME(  916): onKeyUp (keyCode='136', event.keyCode='136', metaState='0')
I/AppiumUnicodeIME(  916): onKeyDown (keyCode='23', event.keyCode='23', metaState='0')
I/AppiumUnicodeIME(  916): onKeyUp (keyCode='23', event.keyCode='23', metaState='0')
W/AudioTrack(  738): AUDIO_OUTPUT_FLAG_FAST denied by client
I/AppiumUnicodeIME(  916): onKeyDown (keyCode='23', event.keyCode='23', metaState='0')
I/AppiumUnicodeIME(  916): onKeyUp (keyCode='23', event.keyCode='23', metaState='0')
W/AudioTrack(  738): AUDIO_OUTPUT_FLAG_FAST denied by client
D/ForegroundCallbacks( 1586): went background
I/AppiumUnicodeIME(  916): onKeyDown (keyCode='22', event.keyCode='22', metaState='0')
I/ActivityManager(  738): START u0 {act=android.intent.action.MAIN cat=[android.intent.category.LAUNCHER] flg=0x10200000 cmp=com.zzl.falcon.internal/com.squareup.leakcanary.internal.DisplayLeakActivity} from uid 0 on display 0
I/AppiumUnicodeIME(  916): onKeyUp (keyCode='22', event.keyCode='22', metaState='0')
W/EGL_emulation(  861): eglSurfaceAttrib not implemented
W/OpenGLRenderer(  861): Failed to set EGL_SWAP_BEHAVIOR on surface 0xe201fc80, error=EGL_SUCCESS
I/AppiumUnicodeIME(  916): onKeyDown (keyCode='25', event.keyCode='25', metaState='0')
W/AudioService(  738): stream was not muted by this client
E/AudioService(  738): Could not get client death handler for stream: 1
W/AudioService(  738): stream was not muted by this client
E/AudioService(  738): Could not get client death handler for stream: 2
W/AudioService(  738): stream was not muted by this client
E/AudioService(  738): Could not get client death handler for stream: 5
W/AudioService(  738): stream was not muted by this client
E/AudioService(  738): Could not get client death handler for stream: 7
W/AudioService(  738): stream was not muted by this client
E/AudioService(  738): Could not get client death handler for stream: 8
I/AppiumUnicodeIME(  916): onKeyUp (keyCode='25', event.keyCode='25', metaState='0')
I/awcn.SerializeHelper( 1586):  persist end. file:/storage/emulated/0/Android/data/com.zzl.falcon.internal/files/awcn_strategy/ef133debedbd6d843d539e5eb14cfdfd cost:31
I/awcn.SerializeHelper( 1586):  persist end. file:/storage/emulated/0/Android/data/com.zzl.falcon.internal/files/awcn_strategy/0c61135c2fdcd71f15ad7297245abe44 cost:4
I/awcn.SerializeHelper( 1586):  persist end. file:/storage/emulated/0/Android/data/com.zzl.falcon.internal/files/awcn_strategy/49c6a36aaea8ee1549c1cd3e07070c79 cost:6
I/AppiumUnicodeIME(  916): onKeyDown (keyCode='22', event.keyCode='22', metaState='0')
I/AppiumUnicodeIME(  916): onKeyUp (keyCode='22', event.keyCode='22', metaState='0')
I/AppiumUnicodeIME(  916): onKeyDown (keyCode='22', event.keyCode='22', metaState='0')
I/AppiumUnicodeIME(  916): onKeyUp (keyCode='22', event.keyCode='22', metaState='0')
I/AppiumUnicodeIME(  916): onKeyDown (keyCode='22', event.keyCode='22', metaState='0')
I/AppiumUnicodeIME(  916): onKeyUp (keyCode='22', event.keyCode='22', metaState='0')
I/AppiumUnicodeIME(  916): onKeyDown (keyCode='82', event.keyCode='82', metaState='0')
I/AppiumUnicodeIME(  916): onKeyUp (keyCode='82', event.keyCode='82', metaState='0')
W/AudioTrack(  738): AUDIO_OUTPUT_FLAG_FAST denied by client
V/WindowManager(  738): Adding window Window{9de0277 u0 PopupWindow:391d2add} at 5 of 12 (after Window{980e890 u0 com.zzl.falcon.internal/com.squareup.leakcanary.internal.DisplayLeakActivity})
W/ViewRootImpl( 3607): Dropping event due to no window focus: KeyEvent { action=ACTION_DOWN, keyCode=KEYCODE_NUMPAD_0, scanCode=0, metaState=0, flags=0x8, repeatCount=0, eventTime=3558695, downTime=3558695, deviceId=-1, source=0x101 }
W/EGL_emulation(  861): eglSurfaceAttrib not implemented
W/OpenGLRenderer(  861): Failed to set EGL_SWAP_BEHAVIOR on surface 0xe2004540, error=EGL_SUCCESS
D/PhoneStatusBar(  861): disable: < expand ICONS* alerts SYSTEM_INFO* back home recent clock search >
W/EGL_emulation( 3607): eglSurfaceAttrib not implemented
W/OpenGLRenderer( 3607): Failed to set EGL_SWAP_BEHAVIOR on surface 0xf3f62f80, error=EGL_SUCCESS
W/ViewRootImpl( 3607): Dropping event due to no window focus: KeyEvent { action=ACTION_DOWN, keyCode=KEYCODE_INSERT, scanCode=0, metaState=0, flags=0x8, repeatCount=0, eventTime=3558695, downTime=3558695, deviceId=-1, source=0x101 }
W/ViewRootImpl( 3607): Cancelling event due to no window focus: KeyEvent { action=ACTION_UP, keyCode=KEYCODE_NUMPAD_0, scanCode=0, metaState=0, flags=0x28, repeatCount=0, eventTime=3558723, downTime=3558723, deviceId=-1, source=0x101 }
W/ViewRootImpl( 3607): Cancelling event due to no window focus: KeyEvent { action=ACTION_UP, keyCode=KEYCODE_NUMPAD_0, scanCode=0, metaState=0, flags=0x28, repeatCount=0, eventTime=3558723, downTime=3558723, deviceId=-1, source=0x101 }
W/ViewRootImpl( 3607): Cancelling event due to no window focus: KeyEvent { action=ACTION_UP, keyCode=KEYCODE_NUMPAD_0, scanCode=0, metaState=0, flags=0x28, repeatCount=0, eventTime=3558723, downTime=3558723, deviceId=-1, source=0x101 }
W/ViewRootImpl( 3607): Cancelling event due to no window focus: KeyEvent { action=ACTION_UP, keyCode=KEYCODE_NUMPAD_0, scanCode=0, metaState=0, flags=0x28, repeatCount=0, eventTime=3558723, downTime=3558723, deviceId=-1, source=0x101 }
W/ViewRootImpl( 3607): Cancelling event due to no window focus: KeyEvent { action=ACTION_UP, keyCode=KEYCODE_NUMPAD_0, scanCode=0, metaState=0, flags=0x28, repeatCount=0, eventTime=3558723, downTime=3558723, deviceId=-1, source=0x101 }
W/ViewRootImpl( 3607): Cancelling event due to no window focus: KeyEvent { action=ACTION_UP, keyCode=KEYCODE_NUMPAD_0, scanCode=0, metaState=0, flags=0x28, repeatCount=0, eventTime=3558723, downTime=3558723, deviceId=-1, source=0x101 }
W/ViewRootImpl( 3607): Cancelling event due to no window focus: KeyEvent { action=ACTION_UP, keyCode=KEYCODE_NUMPAD_0, scanCode=0, metaState=0, flags=0x28, repeatCount=0, eventTime=3558723, downTime=3558723, deviceId=-1, source=0x101 }
W/ViewRootImpl( 3607): Cancelling event due to no window focus: KeyEvent { action=ACTION_UP, keyCode=KEYCODE_NUMPAD_0, scanCode=0, metaState=0, flags=0x28, repeatCount=0, eventTime=3558723, downTime=3558723, deviceId=-1, source=0x101 }
W/ViewRootImpl( 3607): Cancelling event due to no window focus: KeyEvent { action=ACTION_UP, keyCode=KEYCODE_NUMPAD_0, scanCode=0, metaState=0, flags=0x28, repeatCount=0, eventTime=3558723, downTime=3558723, deviceId=-1, source=0x101 }
W/ViewRootImpl( 3607): Cancelling event due to no window focus: KeyEvent { action=ACTION_UP, keyCode=KEYCODE_INSERT, scanCode=0, metaState=0, flags=0x28, repeatCount=0, eventTime=3558723, downTime=3558723, deviceId=-1, source=0x101 }
W/ViewRootImpl( 3607): Cancelling event due to no window focus: KeyEvent { action=ACTION_UP, keyCode=KEYCODE_INSERT, scanCode=0, metaState=0, flags=0x28, repeatCount=0, eventTime=3558723, downTime=3558723, deviceId=-1, source=0x101 }
W/ViewRootImpl( 3607): Cancelling event due to no window focus: KeyEvent { action=ACTION_UP, keyCode=KEYCODE_INSERT, scanCode=0, metaState=0, flags=0x28, repeatCount=0, eventTime=3558723, downTime=3558723, deviceId=-1, source=0x101 }
W/ViewRootImpl( 3607): Cancelling event due to no window focus: KeyEvent { action=ACTION_UP, keyCode=KEYCODE_INSERT, scanCode=0, metaState=0, flags=0x28, repeatCount=0, eventTime=3558723, downTime=3558723, deviceId=-1, source=0x101 }
W/ViewRootImpl( 3607): Cancelling event due to no window focus: KeyEvent { action=ACTION_UP, keyCode=KEYCODE_INSERT, scanCode=0, metaState=0, flags=0x28, repeatCount=0, eventTime=3558723, downTime=3558723, deviceId=-1, source=0x101 }
W/ViewRootImpl( 3607): Cancelling event due to no window focus: KeyEvent { action=ACTION_UP, keyCode=KEYCODE_INSERT, scanCode=0, metaState=0, flags=0x28, repeatCount=0, eventTime=3558723, downTime=3558723, deviceId=-1, source=0x101 }
W/ViewRootImpl( 3607): Cancelling event due to no window focus: KeyEvent { action=ACTION_UP, keyCode=KEYCODE_INSERT, scanCode=0, metaState=0, flags=0x28, repeatCount=0, eventTime=3558723, downTime=3558723, deviceId=-1, source=0x101 }
W/ViewRootImpl( 3607): Cancelling event due to no window focus: KeyEvent { action=ACTION_UP, keyCode=KEYCODE_INSERT, scanCode=0, metaState=0, flags=0x28, repeatCount=0, eventTime=3558723, downTime=3558723, deviceId=-1, source=0x101 }
W/ViewRootImpl( 3607): Cancelling event due to no window focus: KeyEvent { action=ACTION_UP, keyCode=KEYCODE_INSERT, scanCode=0, metaState=0, flags=0x28, repeatCount=0, eventTime=3558723, downTime=3558723, deviceId=-1, source=0x101 }
W/ViewRootImpl( 3607): Dropping event due to no window focus: KeyEvent { action=ACTION_DOWN, keyCode=KEYCODE_DPAD_DOWN, scanCode=0, metaState=0, flags=0x8, repeatCount=0, eventTime=3558807, downTime=3558807, deviceId=-1, source=0x101 }
W/AudioTrack(  738): AUDIO_OUTPUT_FLAG_FAST denied by client
D/LeakCanary( 3607): Could not delete heap dump file /storage/emulated/0/Download/leakcanary-com.zzl.falcon.internal/2017-12-06_21-45-00_823.hprof
W/EGL_emulation(  861): eglSurfaceAttrib not implemented
W/OpenGLRenderer(  861): Failed to set EGL_SWAP_BEHAVIOR on surface 0xe201fc80, error=EGL_SUCCESS
E/InputEventReceiver( 3607): Exception dispatching input event.
E/MessageQueue-JNI( 3607): Exception in MessageQueue callback: handleReceiveCallback
E/MessageQueue-JNI( 3607): java.lang.NullPointerException: Attempt to invoke virtual method 'void com.android.internal.view.menu.MenuBuilder.close()' on a null object reference
E/MessageQueue-JNI( 3607): 	at android.widget.ActionMenuPresenter$OverflowPopup.onDismiss(ActionMenuPresenter.java:689)
E/MessageQueue-JNI( 3607): 	at android.widget.PopupWindow.dismiss(PopupWindow.java:1413)
E/MessageQueue-JNI( 3607): 	at android.widget.ListPopupWindow.dismiss(ListPopupWindow.java:656)
E/MessageQueue-JNI( 3607): 	at com.android.internal.view.menu.MenuPopupHelper.dismiss(MenuPopupHelper.java:164)
E/MessageQueue-JNI( 3607): 	at com.android.internal.view.menu.MenuPopupHelper.onKey(MenuPopupHelper.java:191)
E/MessageQueue-JNI( 3607): 	at android.view.View.dispatchKeyEvent(View.java:8406)
E/MessageQueue-JNI( 3607): 	at android.view.ViewGroup.dispatchKeyEvent(ViewGroup.java:1490)
E/MessageQueue-JNI( 3607): 	at android.widget.ListView.dispatchKeyEvent(ListView.java:2130)
E/MessageQueue-JNI( 3607): 	at android.view.ViewGroup.dispatchKeyEvent(ViewGroup.java:1495)
E/MessageQueue-JNI( 3607): 	at android.widget.PopupWindow$PopupViewContainer.dispatchKeyEvent(PopupWindow.java:1722)
E/MessageQueue-JNI( 3607): 	at android.view.ViewRootImpl$ViewPostImeInputStage.processKeyEvent(ViewRootImpl.java:4020)
E/MessageQueue-JNI( 3607): 	at android.view.ViewRootImpl$ViewPostImeInputStage.onProcess(ViewRootImpl.java:3982)
E/MessageQueue-JNI( 3607): 	at android.view.ViewRootImpl$InputStage.deliver(ViewRootImpl.java:3544)
E/MessageQueue-JNI( 3607): 	at android.view.ViewRootImpl$InputStage.onDeliverToNext(ViewRootImpl.java:3597)
E/MessageQueue-JNI( 3607): 	at android.view.ViewRootImpl$InputStage.forward(ViewRootImpl.java:3563)
E/MessageQueue-JNI( 3607): 	at android.view.ViewRootImpl$AsyncInputStage.forward(ViewRootImpl.java:3680)
E/MessageQueue-JNI( 3607): 	at android.view.ViewRootImpl$InputStage.apply(ViewRootImpl.java:3571)
E/MessageQueue-JNI( 3607): 	at android.view.ViewRootImpl$AsyncInputStage.apply(ViewRootImpl.java:3737)
E/MessageQueue-JNI( 3607): 	at android.view.ViewRootImpl$InputStage.deliver(ViewRootImpl.java:3544)
E/MessageQueue-JNI( 3607): 	at android.view.ViewRootImpl$InputStage.onDeliverToNext(ViewRootImpl.java:3597)
E/MessageQueue-JNI( 3607): 	at android.view.ViewRootImpl$InputStage.forward(ViewRootImpl.java:3563)
E/MessageQueue-JNI( 3607): 	at android.view.ViewRootImpl$InputStage.apply(ViewRootImpl.java:3571)
E/MessageQueue-JNI( 3607): 	at android.view.ViewRootImpl$InputStage.deliver(ViewRootImpl.java:3544)
E/MessageQueue-JNI( 3607): 	at android.view.ViewRootImpl$InputStage.onDeliverToNext(ViewRootImpl.java:3597)
E/MessageQueue-JNI( 3607): 	at android.view.ViewRootImpl$InputStage.forward(ViewRootImpl.java:3563)
E/MessageQueue-JNI( 3607): 	at android.view.ViewRootImpl$AsyncInputStage.forward(ViewRootImpl.java:3680)
E/MessageQueue-JNI( 3607): 	at android.view.ViewRootImpl$InputStage.apply(ViewRootImpl.java:3571)
E/MessageQueue-JNI( 3607): 	at android.view.ViewRootImpl$AsyncInputStage.apply(ViewRootImpl.java:3737)
E/MessageQueue-JNI( 3607): 	at android.view.ViewRootImpl$InputStage.deliver(ViewRootImpl.java:3544)
E/MessageQueue-JNI( 3607): 	at android.view.ViewRootImpl$InputStage.onDeliverToNext(ViewRootImpl.java:3597)
E/MessageQueue-JNI( 3607): 	at android.view.ViewRootImpl$InputStage.forward(ViewRootImpl.java:3563)
E/MessageQueue-JNI( 3607): 	at android.view.ViewRootImpl$InputStage.apply(ViewRootImpl.java:3571)
E/MessageQueue-JNI( 3607): 	at android.view.ViewRootImpl$InputStage.deliver(ViewRootImpl.java:3544)
E/MessageQueue-JNI( 3607): 	at android.view.ViewRootImpl$InputStage.onDeliverToNext(ViewRootImpl.java:3597)
E/MessageQueue-JNI( 3607): 	at android.view.ViewRootImpl$InputStage.forward(ViewRootImpl.java:3563)
E/MessageQueue-JNI( 3607): 	at android.view.ViewRootImpl$AsyncInputStage.forward(ViewRootImpl.java:3680)
E/MessageQueue-JNI( 3607): 	at android.view.ViewRootImpl$InputStage.apply(ViewRootImpl.java:3571)
E/MessageQueue-JNI( 3607): 	at android.view.ViewRootImpl$AsyncInputStage.apply(ViewRootImpl.java:3737)
E/MessageQueue-JNI( 3607): 	at android.view.ViewRootImpl$InputStage.deliver(ViewRootImpl.java:3544)
E/MessageQueue-JNI( 3607): 	at android.view.ViewRootImpl.deliverInputEvent(ViewRootImpl.java:5807)
E/MessageQueue-JNI( 3607): 	at android.view.ViewRootImpl.doProcessInputEvents(ViewRootImpl.java:5781)
E/MessageQueue-JNI( 3607): 	at android.view.ViewRootImpl.enqueueInputEvent(ViewRootImpl.java:5752)
E/MessageQueue-JNI( 3607): 	at android.view.ViewRootImpl$WindowInputEventReceiver.onInputEvent(ViewRootImpl.java:5897)
E/MessageQueue-JNI( 3607): 	at android.view.InputEventReceiver.dispatchInputEvent(InputEventReceiver.java:185)
E/MessageQueue-JNI( 3607): 	at android.os.MessageQueue.nativePollOnce(Native Method)
E/MessageQueue-JNI( 3607): 	at android.os.MessageQueue.next(MessageQueue.java:143)
E/MessageQueue-JNI( 3607): 	at android.os.Looper.loop(Looper.java:122)
E/MessageQueue-JNI( 3607): 	at android.app.ActivityThread.main(ActivityThread.java:5254)
E/MessageQueue-JNI( 3607): 	at java.lang.reflect.Method.invoke(Native Method)
E/MessageQueue-JNI( 3607): 	at java.lang.reflect.Method.invoke(Method.java:372)
E/MessageQueue-JNI( 3607): 	at com.android.internal.os.ZygoteInit$MethodAndArgsCaller.run(ZygoteInit.java:903)
E/MessageQueue-JNI( 3607): 	at com.android.internal.os.ZygoteInit.main(ZygoteInit.java:698)
D/AndroidRuntime( 3607): Shutting down VM
