D/awcn.TnetSpdySession( 1574):  spdyStreamCloseCallback streamId:1
D/awcn.SessionRequest( 1574): |[seq:umeng:56aadbf567e58e38d4000976.AWCN2_1] Session:Session@[umeng:56aadbf567e58e38d4000976.AWCN2_1|http2_0rtt_acs] EventType:AUTH_SUCC Event:
D/awcn.SessionRequest( 1574): |[seq:umeng:56aadbf567e58e38d4000976.AWCN2_1] Connect Success session:Session@[umeng:56aadbf567e58e38d4000976.AWCN2_1|http2_0rtt_acs] host:https://umengacs.m.taobao.com
D/awcn.SessionRequest( 1574):  Receive session event type:AUTH_SUCC
D/awcn.StrategyTable( 1574):  [notifyConnEvent] Host:umengacs.m.taobao.com IConnStrategy:{106.11.61.106 443 http2_0rtt_acs} ConnEvent:ConnEvent#Success
W/EGL_emulation( 1574): eglSurfaceAttrib not implemented
W/OpenGLRenderer( 1574): Failed to set EGL_SWAP_BEHAVIOR on surface 0xe163a7a0, error=EGL_SUCCESS
W/ViewRootImpl( 1574): Dropping event due to no window focus: MotionEvent { action=ACTION_MOVE, id[0]=0, x[0]=-2.0, y[0]=-1.0, toolType[0]=TOOL_TYPE_UNKNOWN, buttonState=0, metaState=0, flags=0x0, edgeFlags=0x0, pointerCount=1, historySize=18, eventTime=176936678, downTime=-1, deviceId=0, source=0x10004 }
I/awcn.HMacUtil( 1574):  hmacSha1Hex result:95a6e7cc85c47c16593a9a091eda5b1ccaa7b09eab9133b774e76a1cd10c4b92
D/awcn.StrategyCenter( 1574):  getSchemeByHost host:amdcopen.m.taobao.com scheme:http
D/getConnStrategyListByHost( 1574): |[seq:host] amdcopen.m.taobao.com:result [{106.11.61.135 443 https}, {106.11.61.135 80 http}]
I/awcn.DispatchCore( 1574): |[seq:AMDC2] send amdc request url:http://106.11.61.135:80/amdc/mobileDispatch?appkey=umeng%3A56aadbf567e58e38d4000976&deviceId=WajMPL%2FDZuUDAJwcljDKSIFW&platform=android&v=4.0
D/awcn.DispatchCore( 1574): |[seq:AMDC2] amdc response. code: 200 
D/awcn.DispatchCore( 1574): headers:{null=[HTTP/1.1 200 OK], Cache-Control=[no-cache], Connection=[close], Content-Encoding=[gzip], Content-Type=[application/json;charset=UTF-8], Date=[Mon, 04 Dec 2017 07:21:30 GMT], pragma=[no-cache], Server=[Tengine], Transfer-Encoding=[chunked], Vary=[Accept-Encoding], x-am-code=[1000], x-am-id=[amdc011250251056.center.eu13_1512372090416_75106246], x-am-sign=[e22389f93555e3775638621823b9fdb7edb5fe720f0ced548c53ee9086270280], X-Android-Received-Millis=[1512372088979], X-Android-Response-Source=[NETWORK 200], X-Android-Sent-Millis=[1512372088941]}
D/awcn.DispatchCore( 1574): |[seq:AMDC2] amdc response body 
D/awcn.DispatchCore( 1574): body:{"code":1000,"cv":0,"dns":[{"aisles":[{"cto":10000,"heartbeat":0,"port":443,"protocol":"https","retry":1,"rto":10000},{"cto":10000,"heartbeat":0,"port":80,"protocol":"http","retry":1,"rto":10000}],"host":"api.m.yao.95095.com","ips":["140.205.35.15"],"isHot":1,"ttl":300},{"aisles":[{"cto":10000,"heartbeat":0,"port":443,"protocol":"https","retry":1,"rto":10000},{"cto":10000,"heartbeat":0,"port":80,"protocol":"http","retry":1,"rto":10000}],"host":"unszapi.m.yao.95095.com","ips":["106.11.132.9"],"isHot":1,"ttl":300},{"aisles":[{"cto":10000,"heartbeat":45000,"port":443,"protocol":"http2","publickey":"acs","retry":1,"rto":10000,"rtt":"0rtt"},{"cto":10000,"heartbeat":45000,"port":80,"protocol":"http2","publickey":"acs","retry":1,"rto":10000,"rtt":"0rtt"},{"cto":10000,"heartbeat":45000,"port":443,"protocol":"spdy","publickey":"acs","retry":1,"rto":10000,"rtt":"0rtt"},{"cto":10000,"heartbeat":45000,"port":80,"protocol":"spdy","publickey":"acs","retry":1,"rto":10000,"rtt":"0rtt"},{"cto":10000,"heartbeat":0,"port":443,"protocol":"https","retry":1,"rto":10000}],"host":"umengacs.m.taobao.com","ips":["106.11.61.106","140.205.160.76"],"isHot":1,"safeAisles":"https","ttl":300}],"ip":"116.228.34.130","unit":"unzbyun","utdid":"WajMPL/DZuUDAJwcljDKSIFW"}
I/awcn.HMacUtil( 1574):  hmacSha1Hex result:e22389f93555e3775638621823b9fdb7edb5fe720f0ced548c53ee9086270280
D/awcn.StrategyCenter( 1574):  receive DNS event
I/awcn.StrategyTable( 1574):  update strategyTable with httpDns response
D/awcn.StrategyTable( 1574):  uniqueId : WIFI$01:80:c2:00:00:03
D/awcn.StrategyTable( 1574): -------------------------hot domains:------------------------------------
D/awcn.StrategyTable( 1574):  api.m.yao.95095.com = 
D/awcn.StrategyTable( 1574): StrategyList = 1512372388981[{140.205.35.15 443 https}, {140.205.35.15 80 http}]
D/awcn.StrategyTable( 1574):  unszapi.m.yao.95095.com = 
D/awcn.StrategyTable( 1574): StrategyList = 1512372388981[{106.11.132.9 443 https}, {106.11.132.9 80 http}]
D/awcn.StrategyTable( 1574):  umengacs.m.taobao.com = 
D/awcn.StrategyTable( 1574): StrategyList = 1512372388981[{106.11.61.106 443 http2_0rtt_acs}, {106.11.61.106 80 http2_0rtt_acs}, {106.11.61.106 80 spdy_0rtt_acs}, {106.11.61.106 443 spdy_0rtt_acs}, {140.205.160.76 443 http2_0rtt_acs}, {140.205.160.76 80 http2_0rtt_acs}, {140.205.160.76 443 spdy_0rtt_acs}, {140.205.160.76 80 spdy_0rtt_acs}, {106.11.61.106 443 https}, {140.205.160.76 443 https}]
D/awcn.StrategyTable( 1574):  
D/awcn.StrategyTable( 1574): -------------------------cold domains:------------------------------------
D/awcn.StrategyTable( 1574):  amdcopen.m.taobao.com = 
D/awcn.StrategyTable( 1574): StrategyList = 1512195527841[{106.11.61.135 443 https}, {106.11.61.135 80 http}]
D/awcn.SafeAislesMap( 1574):  SafeAislesMap: {msgacs.m.taobao.com=No_Result, amdcopen.m.taobao.com=http, api.m.yao.95095.com=No_Result, unszapi.m.yao.95095.com=No_Result, umengacs.m.taobao.com=https}
D/awcn.UnitMap( 1574):  UnitMap : UnitMap: {WajMPL/DZuUDAJwcljDKSIFW=unzbyun}
I/awcn.StrategyCenter( 1574):  saveData
I/awcn.AmdcThreadPoolExecutor( 1574):  thread created! name:AMDC5
D/awcn.StrategyCenter( 1574):  getSchemeByHost host:umengacs.m.taobao.com scheme:https
D/awcn.SessionCenter( 1574): |[seq:umeng:56aadbf567e58e38d4000976] getInternal u:https://umengacs.m.taobao.com TypeClass:SPDY timeout:0
D/awcn.StrategyCenter( 1574):  getSchemeByHost host:umengacs.m.taobao.com scheme:https
D/awcn.SessionCenter( 1574): |[seq:umeng:56aadbf567e58e38d4000976] get internal hit cache session session:Session@[umeng:56aadbf567e58e38d4000976.AWCN2_1|http2_0rtt_acs]
D/awcn.StrategyTable( 1574):  [notifyConnEvent] Host:amdcopen.m.taobao.com IConnStrategy:{106.11.61.135 80 http} ConnEvent:ConnEvent#Success
W/ViewRootImpl( 1574): Dropping event due to no window focus: KeyEvent { action=ACTION_DOWN, keyCode=KEYCODE_DPAD_CENTER, scanCode=0, metaState=0, flags=0x8, repeatCount=0, eventTime=176936679, downTime=176936679, deviceId=-1, source=0x101 }
I/accs.MsgDistributeService( 1574):  onStartCommand action:com.taobao.accs.intent.action.RECEIVE
W/ViewRootImpl( 1574): Cancelling event due to no window focus: KeyEvent { action=ACTION_UP, keyCode=KEYCODE_DPAD_CENTER, scanCode=0, metaState=0, flags=0x28, repeatCount=0, eventTime=176936829, downTime=176936829, deviceId=-1, source=0x101 }
W/ViewRootImpl( 1574): Cancelling event due to no window focus: KeyEvent { action=ACTION_UP, keyCode=KEYCODE_DPAD_CENTER, scanCode=0, metaState=0, flags=0x28, repeatCount=0, eventTime=176936829, downTime=176936829, deviceId=-1, source=0x101 }
W/ViewRootImpl( 1574): Cancelling event due to no window focus: KeyEvent { action=ACTION_UP, keyCode=KEYCODE_DPAD_CENTER, scanCode=0, metaState=0, flags=0x28, repeatCount=0, eventTime=176936829, downTime=176936829, deviceId=-1, source=0x101 }
W/ViewRootImpl( 1574): Cancelling event due to no window focus: KeyEvent { action=ACTION_UP, keyCode=KEYCODE_DPAD_CENTER, scanCode=0, metaState=0, flags=0x28, repeatCount=0, eventTime=176936829, downTime=176936829, deviceId=-1, source=0x101 }
W/ViewRootImpl( 1574): Cancelling event due to no window focus: KeyEvent { action=ACTION_UP, keyCode=KEYCODE_DPAD_CENTER, scanCode=0, metaState=0, flags=0x28, repeatCount=0, eventTime=176936829, downTime=176936829, deviceId=-1, source=0x101 }
W/ViewRootImpl( 1574): Cancelling event due to no window focus: KeyEvent { action=ACTION_UP, keyCode=KEYCODE_DPAD_CENTER, scanCode=0, metaState=0, flags=0x28, repeatCount=0, eventTime=176936829, downTime=176936829, deviceId=-1, source=0x101 }
D/accs.MsgDistribute( 1574):  action:com.taobao.accs.intent.action.RECEIVE
I/accs.MsgDistribute( 1574):  distribute command::103  serviceId::  dataId:: appkey: config:
I/AppiumUnicodeIME(  914): onFinishInput
I/AppiumUnicodeIME(  914): onStartInput
I/AppiumUnicodeIME(  914): onKeyDown (keyCode='23', event.keyCode='23', metaState='0')
W/IInputConnectionWrapper(14840): showStatusIcon on inactive InputConnection
I/Choreographer( 1574): Skipped 34 frames!  The application may be doing too much work on its main thread.
I/AppiumUnicodeIME(  914): onKeyUp (keyCode='23', event.keyCode='23', metaState='0')
I/AppiumUnicodeIME(  914): onKeyDown (keyCode='20', event.keyCode='20', metaState='0')
I/AppiumUnicodeIME(  914): onKeyUp (keyCode='20', event.keyCode='20', metaState='0')
I/AppiumUnicodeIME(  914): onKeyDown (keyCode='20', event.keyCode='20', metaState='0')
I/AppiumUnicodeIME(  914): onKeyUp (keyCode='20', event.keyCode='20', metaState='0')
I/AppiumUnicodeIME(  914): onKeyDown (keyCode='20', event.keyCode='20', metaState='0')
I/AppiumUnicodeIME(  914): onKeyUp (keyCode='20', event.keyCode='20', metaState='0')
I/AppiumUnicodeIME(  914): onKeyDown (keyCode='23', event.keyCode='23', metaState='0')
I/AppiumUnicodeIME(  914): onKeyUp (keyCode='23', event.keyCode='23', metaState='0')
W/ResourceType(  877): No package identifier when getting value for resource number 0x00000000
W/PackageManager(  877): Failure retrieving resources for com.android.browser: Resource ID #0x0
I/AppiumUnicodeIME(  914): onKeyDown (keyCode='10', event.keyCode='10', metaState='0')
I/awcn.SerializeHelper( 1574):  persist end. file:/storage/emulated/0/Android/data/com.zzl.falcon.internal/files/awcn_strategy/ef133debedbd6d843d539e5eb14cfdfd cost:19
I/awcn.SerializeHelper( 1574):  persist end. file:/storage/emulated/0/Android/data/com.zzl.falcon.internal/files/awcn_strategy/0c61135c2fdcd71f15ad7297245abe44 cost:9
I/awcn.SerializeHelper( 1574):  persist end. file:/storage/emulated/0/Android/data/com.zzl.falcon.internal/files/awcn_strategy/49c6a36aaea8ee1549c1cd3e07070c79 cost:2
I/AppiumUnicodeIME(  914): onKeyUp (keyCode='10', event.keyCode='10', metaState='0')
I/AppiumUnicodeIME(  914): onKeyDown (keyCode='112', event.keyCode='112', metaState='0')
I/AppiumUnicodeIME(  914): onKeyUp (keyCode='112', event.keyCode='112', metaState='0')
I/AppiumUnicodeIME(  914): onKeyDown (keyCode='21', event.keyCode='21', metaState='0')
I/AppiumUnicodeIME(  914): onKeyUp (keyCode='21', event.keyCode='21', metaState='0')
I/AppiumUnicodeIME(  914): onKeyDown (keyCode='23', event.keyCode='23', metaState='0')
I/AppiumUnicodeIME(  914): onKeyUp (keyCode='23', event.keyCode='23', metaState='0')
I/AppiumUnicodeIME(  914): onKeyDown (keyCode='20', event.keyCode='20', metaState='0')
I/AppiumUnicodeIME(  914): onKeyUp (keyCode='20', event.keyCode='20', metaState='0')
I/AppiumUnicodeIME(  914): onKeyDown (keyCode='21', event.keyCode='21', metaState='0')
I/AppiumUnicodeIME(  914): onKeyUp (keyCode='21', event.keyCode='21', metaState='0')
I/AppiumUnicodeIME(  914): onKeyDown (keyCode='22', event.keyCode='22', metaState='0')
I/AppiumUnicodeIME(  914): onKeyUp (keyCode='22', event.keyCode='22', metaState='0')
I/AppiumUnicodeIME(  914): onKeyDown (keyCode='22', event.keyCode='22', metaState='0')
I/AppiumUnicodeIME(  914): onKeyUp (keyCode='22', event.keyCode='22', metaState='0')
I/AppiumUnicodeIME(  914): onKeyDown (keyCode='22', event.keyCode='22', metaState='0')
I/AppiumUnicodeIME(  914): onKeyUp (keyCode='22', event.keyCode='22', metaState='0')
I/art     (  877): Explicit concurrent mark sweep GC freed 4373(218KB) AllocSpace objects, 0(0B) LOS objects, 40% free, 10MB/17MB, paused 959us total 20.818ms
I/AppiumUnicodeIME(  914): onKeyDown (keyCode='21', event.keyCode='21', metaState='0')
I/AppiumUnicodeIME(  914): onKeyUp (keyCode='21', event.keyCode='21', metaState='0')
I/AppiumUnicodeIME(  914): onKeyDown (keyCode='21', event.keyCode='21', metaState='0')
I/AppiumUnicodeIME(  914): onKeyUp (keyCode='21', event.keyCode='21', metaState='0')
I/AppiumUnicodeIME(  914): onKeyDown (keyCode='21', event.keyCode='21', metaState='0')
I/AppiumUnicodeIME(  914): onKeyUp (keyCode='21', event.keyCode='21', metaState='0')
I/AppiumUnicodeIME(  914): onKeyDown (keyCode='21', event.keyCode='21', metaState='0')
I/AppiumUnicodeIME(  914): onKeyUp (keyCode='21', event.keyCode='21', metaState='0')
I/AppiumUnicodeIME(  914): onKeyDown (keyCode='20', event.keyCode='20', metaState='0')
I/art     (  774): Explicit concurrent mark sweep GC freed 7453(359KB) AllocSpace objects, 2(33KB) LOS objects, 33% free, 11MB/16MB, paused 804us total 20.807ms
I/AppiumUnicodeIME(  914): onKeyUp (keyCode='20', event.keyCode='20', metaState='0')
I/AppiumUnicodeIME(  914): onKeyDown (keyCode='23', event.keyCode='23', metaState='0')
I/AppiumUnicodeIME(  914): onKeyUp (keyCode='23', event.keyCode='23', metaState='0')
W/AudioTrack(  774): AUDIO_OUTPUT_FLAG_FAST denied by client
D/ForegroundCallbacks( 1574): still foreground
W/EGL_emulation( 1574): eglSurfaceAttrib not implemented
W/OpenGLRenderer( 1574): Failed to set EGL_SWAP_BEHAVIOR on surface 0xdc8fc520, error=EGL_SUCCESS
W/ViewRootImpl( 1574): Dropping event due to no window focus: KeyEvent { action=ACTION_DOWN, keyCode=KEYCODE_MENU, scanCode=0, metaState=0, flags=0x8, repeatCount=0, eventTime=176939569, downTime=176939569, deviceId=-1, source=0x101 }
W/ViewRootImpl( 1574): Cancelling event due to no window focus: KeyEvent { action=ACTION_UP, keyCode=KEYCODE_MENU, scanCode=0, metaState=0, flags=0x28, repeatCount=0, eventTime=176939915, downTime=176939915, deviceId=-1, source=0x101 }
W/ViewRootImpl( 1574): Cancelling event due to no window focus: KeyEvent { action=ACTION_UP, keyCode=KEYCODE_MENU, scanCode=0, metaState=0, flags=0x28, repeatCount=0, eventTime=176939915, downTime=176939915, deviceId=-1, source=0x101 }
W/ViewRootImpl( 1574): Cancelling event due to no window focus: KeyEvent { action=ACTION_UP, keyCode=KEYCODE_MENU, scanCode=0, metaState=0, flags=0x28, repeatCount=0, eventTime=176939915, downTime=176939915, deviceId=-1, source=0x101 }
I/Choreographer( 1574): Skipped 33 frames!  The application may be doing too much work on its main thread.
I/AppiumUnicodeIME(  914): onKeyUp (keyCode='82', event.keyCode='82', metaState='0')
I/AppiumUnicodeIME(  914): onKeyDown (keyCode='19', event.keyCode='19', metaState='0')
I/AppiumUnicodeIME(  914): onKeyUp (keyCode='19', event.keyCode='19', metaState='0')
I/AppiumUnicodeIME(  914): onKeyDown (keyCode='19', event.keyCode='19', metaState='0')
I/AppiumUnicodeIME(  914): onKeyUp (keyCode='19', event.keyCode='19', metaState='0')
I/AppiumUnicodeIME(  914): onKeyDown (keyCode='19', event.keyCode='19', metaState='0')
I/AppiumUnicodeIME(  914): onKeyUp (keyCode='19', event.keyCode='19', metaState='0')
I/ActivityManager(  774): START u0 {act=android.intent.action.MAIN cat=[android.intent.category.LAUNCHER] flg=0x10200000 cmp=com.zzl.falcon.internal/com.zzl.falcon.EntranceActivity} from uid 0 on display 0
W/ViewRootImpl( 1574): Cancelling event due to no window focus: KeyEvent { action=ACTION_UP, keyCode=KEYCODE_MENU, scanCode=0, metaState=0, flags=0x28, repeatCount=0, eventTime=176939915, downTime=176939915, deviceId=-1, source=0x101 }
W/ViewRootImpl( 1574): Cancelling event due to no window focus: KeyEvent { action=ACTION_UP, keyCode=KEYCODE_MENU, scanCode=0, metaState=0, flags=0x28, repeatCount=0, eventTime=176939915, downTime=176939915, deviceId=-1, source=0x101 }
W/ViewRootImpl( 1574): Cancelling event due to no window focus: KeyEvent { action=ACTION_UP, keyCode=KEYCODE_MENU, scanCode=0, metaState=0, flags=0x28, repeatCount=0, eventTime=176939915, downTime=176939915, deviceId=-1, source=0x101 }
W/AudioTrack(  774): AUDIO_OUTPUT_FLAG_FAST denied by client
W/ViewRootImpl( 1574): Dropping event due to no window focus: KeyEvent { action=ACTION_DOWN, keyCode=KEYCODE_DPAD_CENTER, scanCode=0, metaState=0, flags=0x8, repeatCount=0, eventTime=176940485, downTime=176940485, deviceId=-1, source=0x101 }
I/AppiumUnicodeIME(  914): onKeyUp (keyCode='23', event.keyCode='23', metaState='0')
I/AppiumUnicodeIME(  914): onFinishInput
I/AppiumUnicodeIME(  914): onStartInput
I/AppiumUnicodeIME(  914): onKeyDown (keyCode='181', event.keyCode='181', metaState='0')
I/AppiumUnicodeIME(  914): onKeyUp (keyCode='181', event.keyCode='181', metaState='0')
I/AppiumUnicodeIME(  914): onKeyDown (keyCode='23', event.keyCode='23', metaState='0')
I/AppiumUnicodeIME(  914): onKeyUp (keyCode='23', event.keyCode='23', metaState='0')
W/AudioTrack(  774): AUDIO_OUTPUT_FLAG_FAST denied by client
I/AppiumUnicodeIME(  914): onKeyDown (keyCode='23', event.keyCode='23', metaState='0')
W/AudioTrack(  774): AUDIO_OUTPUT_FLAG_FAST denied by client
I/AppiumUnicodeIME(  914): onKeyUp (keyCode='23', event.keyCode='23', metaState='0')
I/AppiumUnicodeIME(  914): onKeyDown (keyCode='82', event.keyCode='82', metaState='0')
I/AppiumUnicodeIME(  914): onFinishInput
I/AppiumUnicodeIME(  914): onStartInput
I/AppiumUnicodeIME(  914): onKeyUp (keyCode='82', event.keyCode='82', metaState='0')
W/AudioTrack(  774): AUDIO_OUTPUT_FLAG_FAST denied by client
I/AppiumUnicodeIME(  914): onKeyDown (keyCode='82', event.keyCode='82', metaState='0')
I/ActivityManager(  774): START u0 {cmp=com.zzl.falcon.internal/com.zzl.falcon.invest.InvestmentDetailActivity (has extras)} from uid 10099 on display 0
I/AppiumUnicodeIME(  914): onKeyUp (keyCode='82', event.keyCode='82', metaState='0')
V/WindowManager(  774): addAppToken: AppWindowToken{2e65bf3e token=Token{8f803f9 ActivityRecord{ee7cac0 u0 com.zzl.falcon.internal/com.zzl.falcon.invest.InvestmentDetailActivity t189}}} to stack=1 task=189 at 2
W/AudioTrack(  774): AUDIO_OUTPUT_FLAG_FAST denied by client
W/AudioTrack(  774): AUDIO_OUTPUT_FLAG_FAST denied by client
V/WindowManager(  774): Adding window Window{11ded2ec u0 com.zzl.falcon.internal/com.zzl.falcon.invest.InvestmentDetailActivity} at 5 of 10 (after Window{a53ef2a u0 com.zzl.falcon.internal/com.zzl.falcon.WebViewActivity})
D/ForegroundCallbacks( 1574): still foreground
V/WindowManager(  774): Adding window Window{47a914a u0 com.zzl.falcon.internal/com.zzl.falcon.invest.InvestmentDetailActivity} at 5 of 11 (before Window{11ded2ec u0 com.zzl.falcon.internal/com.zzl.falcon.invest.InvestmentDetailActivity})
D/OkHttp  ( 1574): --> POST http://116.236.220.210:8084/appInvest/appInvestDetail?crmOrderId=2c908a8860015a08016001a033710037 http/1.1
D/OkHttp  ( 1574): Content-Length: 0
D/OkHttp  ( 1574): RC-Bel-Key: bel.zhiwang.zzl
D/OkHttp  ( 1574): RC-Timestamp: 1512372093
D/OkHttp  ( 1574): RC-Nonce: 91151cbd-6340-433a-84a0-1860c618cafa
D/OkHttp  ( 1574): RC-Signature: f2850b97cc3fbe52a40beeddb939df0b12bef7f5
D/OkHttp  ( 1574): osType: Android
D/OkHttp  ( 1574): version: 2.4.0
D/OkHttp  ( 1574): --> END POST (0-byte body)
D/OkHttp  ( 1574): <-- 200 OK http://116.236.220.210:8084/appInvest/appInvestDetail?crmOrderId=2c908a8860015a08016001a033710037 (56ms)
D/OkHttp  ( 1574): Server: Apache-Coyote/1.1
D/OkHttp  ( 1574): Set-Cookie: JSESSIONID=BE7FD24F81D448BB4D2E4FBC7F6775CC; Path=/; HttpOnly
D/OkHttp  ( 1574): Content-Type: application/json;charset=utf-8
D/OkHttp  ( 1574): Content-Length: 1074
D/OkHttp  ( 1574): Date: Mon, 04 Dec 2017 07:21:34 GMT
D/OkHttp  ( 1574): {"prdDetail":{"repaymentMethod":"","matureTime":"2017-12-01 15:57:19","hasInvestAmt":10000.00,"prdId":"2c908a885fe704b5015ffc526f7807f7","crmOrderId":"2c908a8860015a08016001a033710037","duetimeType":3,"limitTime":"","remainingAmount":0,"rate":0.0500,"endDay":"45","custId":"2c908a885fdd9300015fe198f5ae00d5","periods":1,"payment":2,"id":"2c908a885fe704b5015ffc526f7b07f8","productType":3,"prdTypeName":"","prdName":"","startDay":1,"prdNumber":"11281700081552","prdTypeNumber":"","totalInvestDays":0,"stepAmount":100.00,"custInfoId":"2c908a885fdd9300015fe198f5a700d4","prdTypeId":"2c908a885fc3290c015fc377857c0098","fullScaleCount":9,"orderPrdNumber":"A26290","expireTime":"2017-11-30 13:59:29","onlineType":1,"createTime":"2017-11-28 15:56:04","tradeStatus":7,"progress":100.00,"stagingServicesRate":0.1000,"bgPeriodsType":3,"contractMoney":10000.00,"realyRate":0.05000000,"desc":""},"virtualmoney":0,"responseCode":"1","info":""}
D/OkHttp  ( 1574): <-- END HTTP (1074-byte body)
I/Choreographer( 1574): Skipped 42 frames!  The application may be doing too much work on its main thread.
W/ViewRootImpl( 1574): Dropping event due to no window focus: MotionEvent { action=ACTION_MOVE, id[0]=0, x[0]=-1.0, y[0]=-1.0, toolType[0]=TOOL_TYPE_UNKNOWN, buttonState=0, metaState=0, flags=0x0, edgeFlags=0x0, pointerCount=1, historySize=3, eventTime=176941964, downTime=-1, deviceId=0, source=0x10004 }
W/ViewRootImpl( 1574): Dropping event due to no window focus: MotionEvent { action=ACTION_MOVE, id[0]=0, x[0]=1.0, y[0]=-1.0, toolType[0]=TOOL_TYPE_UNKNOWN, buttonState=0, metaState=0, flags=0x0, edgeFlags=0x0, pointerCount=1, historySize=15, eventTime=176942048, downTime=-1, deviceId=0, source=0x10004 }
W/ViewRootImpl( 1574): Dropping event due to no window focus: KeyEvent { action=ACTION_DOWN, keyCode=KEYCODE_MENU, scanCode=0, metaState=0, flags=0x8, repeatCount=0, eventTime=176942054, downTime=176942054, deviceId=-1, source=0x101 }
W/ViewRootImpl( 1574): Cancelling event due to no window focus: KeyEvent { action=ACTION_UP, keyCode=KEYCODE_MENU, scanCode=0, metaState=0, flags=0x28, repeatCount=0, eventTime=176942683, downTime=176942683, deviceId=-1, source=0x101 }
W/ViewRootImpl( 1574): Cancelling event due to no window focus: KeyEvent { action=ACTION_UP, keyCode=KEYCODE_MENU, scanCode=0, metaState=0, flags=0x28, repeatCount=0, eventTime=176942683, downTime=176942683, deviceId=-1, source=0x101 }
W/ViewRootImpl( 1574): Cancelling event due to no window focus: KeyEvent { action=ACTION_UP, keyCode=KEYCODE_MENU, scanCode=0, metaState=0, flags=0x28, repeatCount=0, eventTime=176942683, downTime=176942683, deviceId=-1, source=0x101 }
W/ViewRootImpl( 1574): Cancelling event due to no window focus: KeyEvent { action=ACTION_UP, keyCode=KEYCODE_MENU, scanCode=0, metaState=0, flags=0x28, repeatCount=0, eventTime=176942683, downTime=176942683, deviceId=-1, source=0x101 }
W/ViewRootImpl( 1574): Cancelling event due to no window focus: KeyEvent { action=ACTION_UP, keyCode=KEYCODE_MENU, scanCode=0, metaState=0, flags=0x28, repeatCount=0, eventTime=176942683, downTime=176942683, deviceId=-1, source=0x101 }
W/ViewRootImpl( 1574): Cancelling event due to no window focus: KeyEvent { action=ACTION_UP, keyCode=KEYCODE_MENU, scanCode=0, metaState=0, flags=0x28, repeatCount=0, eventTime=176942683, downTime=176942683, deviceId=-1, source=0x101 }
W/EGL_emulation( 1574): eglSurfaceAttrib not implemented
W/OpenGLRenderer( 1574): Failed to set EGL_SWAP_BEHAVIOR on surface 0xca0270e0, error=EGL_SUCCESS
W/EGL_emulation( 1574): eglSurfaceAttrib not implemented
W/OpenGLRenderer( 1574): Failed to set EGL_SWAP_BEHAVIOR on surface 0xe146f300, error=EGL_SUCCESS
W/ViewRootImpl( 1574): Dropping event due to no window focus: MotionEvent { action=ACTION_MOVE, id[0]=0, x[0]=-5.0, y[0]=0.0, toolType[0]=TOOL_TYPE_UNKNOWN, buttonState=0, metaState=0, flags=0x0, edgeFlags=0x0, pointerCount=1, historySize=9, eventTime=176942697, downTime=-1, deviceId=0, source=0x10004 }
W/ViewRootImpl( 1574): Dropping event due to no window focus: MotionEvent { action=ACTION_DOWN, id[0]=0, x[0]=0.0, y[0]=0.0, toolType[0]=TOOL_TYPE_UNKNOWN, buttonState=0, metaState=0, flags=0x0, edgeFlags=0x0, pointerCount=1, historySize=0, eventTime=176942698, downTime=176942684, deviceId=0, source=0x10004 }
W/ViewRootImpl( 1574): Cancelling event due to no window focus: MotionEvent { action=ACTION_CANCEL, id[0]=0, x[0]=0.0, y[0]=0.0, toolType[0]=TOOL_TYPE_UNKNOWN, buttonState=0, metaState=0, flags=0x0, edgeFlags=0x0, pointerCount=1, historySize=0, eventTime=176942699, downTime=176942684, deviceId=0, source=0x10004 }
W/ViewRootImpl( 1574): Cancelling event due to no window focus: MotionEvent { action=ACTION_CANCEL, id[0]=0, x[0]=0.0, y[0]=0.0, toolType[0]=TOOL_TYPE_UNKNOWN, buttonState=0, metaState=0, flags=0x0, edgeFlags=0x0, pointerCount=1, historySize=0, eventTime=176942699, downTime=176942684, deviceId=0, source=0x10004 }
W/ViewRootImpl( 1574): Cancelling event due to no window focus: MotionEvent { action=ACTION_CANCEL, id[0]=0, x[0]=0.0, y[0]=0.0, toolType[0]=TOOL_TYPE_UNKNOWN, buttonState=0, metaState=0, flags=0x0, edgeFlags=0x0, pointerCount=1, historySize=0, eventTime=176942699, downTime=176942684, deviceId=0, source=0x10004 }
W/ViewRootImpl( 1574): Cancelling event due to no window focus: MotionEvent { action=ACTION_CANCEL, id[0]=0, x[0]=0.0, y[0]=0.0, toolType[0]=TOOL_TYPE_UNKNOWN, buttonState=0, metaState=0, flags=0x0, edgeFlags=0x0, pointerCount=1, historySize=0, eventTime=176942699, downTime=176942684, deviceId=0, source=0x10004 }
W/ViewRootImpl( 1574): Cancelling event due to no window focus: MotionEvent { action=ACTION_CANCEL, id[0]=0, x[0]=0.0, y[0]=0.0, toolType[0]=TOOL_TYPE_UNKNOWN, buttonState=0, metaState=0, flags=0x0, edgeFlags=0x0, pointerCount=1, historySize=0, eventTime=176942699, downTime=176942684, deviceId=0, source=0x10004 }
W/ViewRootImpl( 1574): Cancelling event due to no window focus: MotionEvent { action=ACTION_CANCEL, id[0]=0, x[0]=0.0, y[0]=0.0, toolType[0]=TOOL_TYPE_UNKNOWN, buttonState=0, metaState=0, flags=0x0, edgeFlags=0x0, pointerCount=1, historySize=0, eventTime=176942699, downTime=176942684, deviceId=0, source=0x10004 }
W/ViewRootImpl( 1574): Cancelling event due to no window focus: MotionEvent { action=ACTION_CANCEL, id[0]=0, x[0]=0.0, y[0]=0.0, toolType[0]=TOOL_TYPE_UNKNOWN, buttonState=0, metaState=0, flags=0x0, edgeFlags=0x0, pointerCount=1, historySize=0, eventTime=176942699, downTime=176942684, deviceId=0, source=0x10004 }
W/ViewRootImpl( 1574): Dropping event due to no window focus: KeyEvent { action=ACTION_DOWN, keyCode=KEYCODE_MENU, scanCode=0, metaState=0, flags=0x8, repeatCount=0, eventTime=176942699, downTime=176942699, deviceId=-1, source=0x101 }
W/ViewRootImpl( 1574): Cancelling event due to no window focus: KeyEvent { action=ACTION_UP, keyCode=KEYCODE_MENU, scanCode=0, metaState=0, flags=0x28, repeatCount=0, eventTime=176942895, downTime=176942895, deviceId=-1, source=0x101 }
W/ViewRootImpl( 1574): Cancelling event due to no window focus: KeyEvent { action=ACTION_UP, keyCode=KEYCODE_MENU, scanCode=0, metaState=0, flags=0x28, repeatCount=0, eventTime=176942895, downTime=176942895, deviceId=-1, source=0x101 }
W/ViewRootImpl( 1574): Cancelling event due to no window focus: KeyEvent { action=ACTION_UP, keyCode=KEYCODE_MENU, scanCode=0, metaState=0, flags=0x28, repeatCount=0, eventTime=176942895, downTime=176942895, deviceId=-1, source=0x101 }
W/ViewRootImpl( 1574): Cancelling event due to no window focus: KeyEvent { action=ACTION_UP, keyCode=KEYCODE_MENU, scanCode=0, metaState=0, flags=0x28, repeatCount=0, eventTime=176942895, downTime=176942895, deviceId=-1, source=0x101 }
W/ViewRootImpl( 1574): Cancelling event due to no window focus: KeyEvent { action=ACTION_UP, keyCode=KEYCODE_MENU, scanCode=0, metaState=0, flags=0x28, repeatCount=0, eventTime=176942895, downTime=176942895, deviceId=-1, source=0x101 }
W/ViewRootImpl( 1574): Cancelling event due to no window focus: KeyEvent { action=ACTION_UP, keyCode=KEYCODE_MENU, scanCode=0, metaState=0, flags=0x28, repeatCount=0, eventTime=176942895, downTime=176942895, deviceId=-1, source=0x101 }
W/ViewRootImpl( 1574): Dropping event due to no window focus: KeyEvent { action=ACTION_DOWN, keyCode=KEYCODE_BUTTON_START, scanCode=0, metaState=0, flags=0x8, repeatCount=0, eventTime=176942896, downTime=176942896, deviceId=-1, source=0x101 }
W/ViewRootImpl( 1574): Dropping event due to no window focus: KeyEvent { action=ACTION_DOWN, keyCode=KEYCODE_DPAD_CENTER, scanCode=0, metaState=0, flags=0x8, repeatCount=0, eventTime=176942896, downTime=176942896, deviceId=-1, source=0x101 }
E/com.umeng.message.UTrack( 1574): RegistrationId is empty
E/com.umeng.message.UTrack( 1574): RegistrationId is empty
W/ViewRootImpl( 1574): Cancelling event due to no window focus: KeyEvent { action=ACTION_UP, keyCode=KEYCODE_BUTTON_START, scanCode=0, metaState=0, flags=0x28, repeatCount=0, eventTime=176942899, downTime=176942899, deviceId=-1, source=0x101 }
W/ViewRootImpl( 1574): Cancelling event due to no window focus: KeyEvent { action=ACTION_UP, keyCode=KEYCODE_BUTTON_START, scanCode=0, metaState=0, flags=0x28, repeatCount=0, eventTime=176942899, downTime=176942899, deviceId=-1, source=0x101 }
W/ViewRootImpl( 1574): Cancelling event due to no window focus: KeyEvent { action=ACTION_UP, keyCode=KEYCODE_BUTTON_START, scanCode=0, metaState=0, flags=0x28, repeatCount=0, eventTime=176942899, downTime=176942899, deviceId=-1, source=0x101 }
W/ViewRootImpl( 1574): Cancelling event due to no window focus: KeyEvent { action=ACTION_UP, keyCode=KEYCODE_BUTTON_START, scanCode=0, metaState=0, flags=0x28, repeatCount=0, eventTime=176942899, downTime=176942899, deviceId=-1, source=0x101 }
W/ViewRootImpl( 1574): Cancelling event due to no window focus: KeyEvent { action=ACTION_UP, keyCode=KEYCODE_BUTTON_START, scanCode=0, metaState=0, flags=0x28, repeatCount=0, eventTime=176942899, downTime=176942899, deviceId=-1, source=0x101 }
W/ViewRootImpl( 1574): Cancelling event due to no window focus: KeyEvent { action=ACTION_UP, keyCode=KEYCODE_BUTTON_START, scanCode=0, metaState=0, flags=0x28, repeatCount=0, eventTime=176942899, downTime=176942899, deviceId=-1, source=0x101 }
W/ViewRootImpl( 1574): Cancelling event due to no window focus: KeyEvent { action=ACTION_UP, keyCode=KEYCODE_BUTTON_START, scanCode=0, metaState=0, flags=0x28, repeatCount=0, eventTime=176942899, downTime=176942899, deviceId=-1, source=0x101 }
W/ViewRootImpl( 1574): Cancelling event due to no window focus: KeyEvent { action=ACTION_UP, keyCode=KEYCODE_BUTTON_START, scanCode=0, metaState=0, flags=0x28, repeatCount=0, eventTime=176942899, downTime=176942899, deviceId=-1, source=0x101 }
W/ViewRootImpl( 1574): Cancelling event due to no window focus: KeyEvent { action=ACTION_UP, keyCode=KEYCODE_BUTTON_START, scanCode=0, metaState=0, flags=0x28, repeatCount=0, eventTime=176942899, downTime=176942899, deviceId=-1, source=0x101 }
W/ViewRootImpl( 1574): Cancelling event due to no window focus: KeyEvent { action=ACTION_UP, keyCode=KEYCODE_DPAD_CENTER, scanCode=0, metaState=0, flags=0x28, repeatCount=0, eventTime=176942899, downTime=176942899, deviceId=-1, source=0x101 }
W/ViewRootImpl( 1574): Cancelling event due to no window focus: KeyEvent { action=ACTION_UP, keyCode=KEYCODE_DPAD_CENTER, scanCode=0, metaState=0, flags=0x28, repeatCount=0, eventTime=176942899, downTime=176942899, deviceId=-1, source=0x101 }
W/ViewRootImpl( 1574): Cancelling event due to no window focus: KeyEvent { action=ACTION_UP, keyCode=KEYCODE_DPAD_CENTER, scanCode=0, metaState=0, flags=0x28, repeatCount=0, eventTime=176942899, downTime=176942899, deviceId=-1, source=0x101 }
W/ViewRootImpl( 1574): Cancelling event due to no window focus: KeyEvent { action=ACTION_UP, keyCode=KEYCODE_DPAD_CENTER, scanCode=0, metaState=0, flags=0x28, repeatCount=0, eventTime=176942899, downTime=176942899, deviceId=-1, source=0x101 }
W/ViewRootImpl( 1574): Cancelling event due to no window focus: KeyEvent { action=ACTION_UP, keyCode=KEYCODE_DPAD_CENTER, scanCode=0, metaState=0, flags=0x28, repeatCount=0, eventTime=176942899, downTime=176942899, deviceId=-1, source=0x101 }
W/ViewRootImpl( 1574): Cancelling event due to no window focus: KeyEvent { action=ACTION_UP, keyCode=KEYCODE_DPAD_CENTER, scanCode=0, metaState=0, flags=0x28, repeatCount=0, eventTime=176942899, downTime=176942899, deviceId=-1, source=0x101 }
W/ViewRootImpl( 1574): Cancelling event due to no window focus: KeyEvent { action=ACTION_UP, keyCode=KEYCODE_DPAD_CENTER, scanCode=0, metaState=0, flags=0x28, repeatCount=0, eventTime=176942899, downTime=176942899, deviceId=-1, source=0x101 }
W/ViewRootImpl( 1574): Cancelling event due to no window focus: KeyEvent { action=ACTION_UP, keyCode=KEYCODE_DPAD_CENTER, scanCode=0, metaState=0, flags=0x28, repeatCount=0, eventTime=176942899, downTime=176942899, deviceId=-1, source=0x101 }
W/ViewRootImpl( 1574): Cancelling event due to no window focus: KeyEvent { action=ACTION_UP, keyCode=KEYCODE_DPAD_CENTER, scanCode=0, metaState=0, flags=0x28, repeatCount=0, eventTime=176942899, downTime=176942899, deviceId=-1, source=0x101 }
D/OkHttp  ( 1574): --> POST http://116.236.220.210:8084/appInvest/borrowerInfo?custInfoId=2c908a885fdd9300015fe198f5a700d4&crmOrderId=2c908a8860015a08016001a033710037 http/1.1
D/OkHttp  ( 1574): Content-Length: 0
D/OkHttp  ( 1574): RC-Bel-Key: bel.zhiwang.zzl
D/OkHttp  ( 1574): RC-Timestamp: 1512372094
D/OkHttp  ( 1574): RC-Nonce: de102dbd-807e-41af-9e94-8203cf8aa4f3
D/OkHttp  ( 1574): RC-Signature: 2bb8f8e5ecd7b2d9483a6c11d2cef79664808a65
D/OkHttp  ( 1574): osType: Android
D/OkHttp  ( 1574): version: 2.4.0
D/OkHttp  ( 1574): --> END POST (0-byte body)
W/AudioService(  774): stream was not muted by this client
E/AudioService(  774): Could not get client death handler for stream: 1
W/AudioService(  774): stream was not muted by this client
E/AudioService(  774): Could not get client death handler for stream: 2
W/AudioService(  774): stream was not muted by this client
E/AudioService(  774): Could not get client death handler for stream: 5
W/AudioService(  774): stream was not muted by this client
E/AudioService(  774): Could not get client death handler for stream: 7
W/AudioService(  774): stream was not muted by this client
E/AudioService(  774): Could not get client death handler for stream: 8
I/ActivityManager(  774): Displayed com.zzl.falcon.internal/com.zzl.falcon.invest.InvestmentDetailActivity: +1s168ms
D/OkHttp  ( 1574): <-- 200 OK http://116.236.220.210:8084/appInvest/borrowerInfo?custInfoId=2c908a885fdd9300015fe198f5a700d4&crmOrderId=2c908a8860015a08016001a033710037 (63ms)
D/OkHttp  ( 1574): Server: Apache-Coyote/1.1
D/OkHttp  ( 1574): Set-Cookie: JSESSIONID=36D2C90D1A4B195C9EAEBF34D6D6DB61; Path=/; HttpOnly
D/OkHttp  ( 1574): Content-Type: application/json;charset=utf-8
D/OkHttp  ( 1574): Content-Length: 993
D/OkHttp  ( 1574): Date: Mon, 04 Dec 2017 07:21:36 GMT
D/OkHttp  ( 1574): {"custInfoDetail":{"companyScale":"1-5","companyCityName":"","custMobile":"18910020170","annualIncome":"1","companyPosition":"","contMoney":"10000.00","rePaymentPurpose":"--","limitManagement":"20","professionAscription":"1","industry":"--","carProduction":"","overdueNumber":0,"repaymentSource":"","custAge":39,"custId":"2c908a885fdd9300015fe198f5ae00d5","periods":"1","payment":"2","custIc":"610901197804177401","creditRating":"A","monthlyIncome":"2000","overdueAmount":0,"repaymentPurpose":"0","succLoanNumber":1,"sex":"2","crmCustInfoId":"2c908a885fdd9300015fe198c84f00d1","litiAdminiSituation":"","custName":"","personalNature":"","applayLoanNumber":1,"marital":"2","seriousOverdue":0,"houseProperty":"","realyRate":"0.05","username":"zht10020170727"},"responseCode":"1","info":""}
D/OkHttp  ( 1574): <-- END HTTP (993-byte body)
W/EGL_emulation(  877): eglSurfaceAttrib not implemented
W/OpenGLRenderer(  877): Failed to set EGL_SWAP_BEHAVIOR on surface 0xe04b5220, error=EGL_SUCCESS
W/ViewRootImpl( 1574): Dropping event due to no window focus: KeyEvent { action=ACTION_DOWN, keyCode=KEYCODE_DPAD_DOWN, scanCode=0, metaState=0, flags=0x8, repeatCount=0, eventTime=176943282, downTime=176943282, deviceId=-1, source=0x101 }
W/ViewRootImpl( 1574): Cancelling event due to no window focus: KeyEvent { action=ACTION_UP, keyCode=KEYCODE_DPAD_DOWN, scanCode=0, metaState=0, flags=0x28, repeatCount=0, eventTime=176943385, downTime=176943385, deviceId=-1, source=0x101 }
W/ViewRootImpl( 1574): Cancelling event due to no window focus: KeyEvent { action=ACTION_UP, keyCode=KEYCODE_DPAD_DOWN, scanCode=0, metaState=0, flags=0x28, repeatCount=0, eventTime=176943385, downTime=176943385, deviceId=-1, source=0x101 }
W/ViewRootImpl( 1574): Cancelling event due to no window focus: KeyEvent { action=ACTION_UP, keyCode=KEYCODE_DPAD_DOWN, scanCode=0, metaState=0, flags=0x28, repeatCount=0, eventTime=176943385, downTime=176943385, deviceId=-1, source=0x101 }
W/ViewRootImpl( 1574): Cancelling event due to no window focus: KeyEvent { action=ACTION_UP, keyCode=KEYCODE_DPAD_DOWN, scanCode=0, metaState=0, flags=0x28, repeatCount=0, eventTime=176943385, downTime=176943385, deviceId=-1, source=0x101 }
W/ViewRootImpl( 1574): Cancelling event due to no window focus: KeyEvent { action=ACTION_UP, keyCode=KEYCODE_DPAD_DOWN, scanCode=0, metaState=0, flags=0x28, repeatCount=0, eventTime=176943385, downTime=176943385, deviceId=-1, source=0x101 }
W/ViewRootImpl( 1574): Cancelling event due to no window focus: KeyEvent { action=ACTION_UP, keyCode=KEYCODE_DPAD_DOWN, scanCode=0, metaState=0, flags=0x28, repeatCount=0, eventTime=176943385, downTime=176943385, deviceId=-1, source=0x101 }
W/ViewRootImpl( 1574): Cancelling event due to no window focus: KeyEvent { action=ACTION_UP, keyCode=KEYCODE_DPAD_DOWN, scanCode=0, metaState=0, flags=0x28, repeatCount=0, eventTime=176943385, downTime=176943385, deviceId=-1, source=0x101 }
W/ViewRootImpl( 1574): Cancelling event due to no window focus: KeyEvent { action=ACTION_UP, keyCode=KEYCODE_DPAD_DOWN, scanCode=0, metaState=0, flags=0x28, repeatCount=0, eventTime=176943385, downTime=176943385, deviceId=-1, source=0x101 }
W/ViewRootImpl( 1574): Cancelling event due to no window focus: KeyEvent { action=ACTION_UP, keyCode=KEYCODE_DPAD_DOWN, scanCode=0, metaState=0, flags=0x28, repeatCount=0, eventTime=176943385, downTime=176943385, deviceId=-1, source=0x101 }
W/ViewRootImpl( 1574): Dropping event due to no window focus: KeyEvent { action=ACTION_DOWN, keyCode=KEYCODE_DPAD_RIGHT, scanCode=0, metaState=0, flags=0x8, repeatCount=0, eventTime=176943389, downTime=176943389, deviceId=-1, source=0x101 }
W/ViewRootImpl( 1574): Cancelling event due to no window focus: KeyEvent { action=ACTION_UP, keyCode=KEYCODE_DPAD_RIGHT, scanCode=0, metaState=0, flags=0x28, repeatCount=0, eventTime=176943391, downTime=176943391, deviceId=-1, source=0x101 }
W/ViewRootImpl( 1574): Cancelling event due to no window focus: KeyEvent { action=ACTION_UP, keyCode=KEYCODE_DPAD_RIGHT, scanCode=0, metaState=0, flags=0x28, repeatCount=0, eventTime=176943391, downTime=176943391, deviceId=-1, source=0x101 }
W/ViewRootImpl( 1574): Cancelling event due to no window focus: KeyEvent { action=ACTION_UP, keyCode=KEYCODE_DPAD_RIGHT, scanCode=0, metaState=0, flags=0x28, repeatCount=0, eventTime=176943391, downTime=176943391, deviceId=-1, source=0x101 }
W/ViewRootImpl( 1574): Cancelling event due to no window focus: KeyEvent { action=ACTION_UP, keyCode=KEYCODE_DPAD_RIGHT, scanCode=0, metaState=0, flags=0x28, repeatCount=0, eventTime=176943391, downTime=176943391, deviceId=-1, source=0x101 }
W/ViewRootImpl( 1574): Cancelling event due to no window focus: KeyEvent { action=ACTION_UP, keyCode=KEYCODE_DPAD_RIGHT, scanCode=0, metaState=0, flags=0x28, repeatCount=0, eventTime=176943391, downTime=176943391, deviceId=-1, source=0x101 }
W/ViewRootImpl( 1574): Cancelling event due to no window focus: KeyEvent { action=ACTION_UP, keyCode=KEYCODE_DPAD_RIGHT, scanCode=0, metaState=0, flags=0x28, repeatCount=0, eventTime=176943391, downTime=176943391, deviceId=-1, source=0x101 }
W/ViewRootImpl( 1574): Cancelling event due to no window focus: KeyEvent { action=ACTION_UP, keyCode=KEYCODE_DPAD_RIGHT, scanCode=0, metaState=0, flags=0x28, repeatCount=0, eventTime=176943391, downTime=176943391, deviceId=-1, source=0x101 }
W/ViewRootImpl( 1574): Cancelling event due to no window focus: KeyEvent { action=ACTION_UP, keyCode=KEYCODE_DPAD_RIGHT, scanCode=0, metaState=0, flags=0x28, repeatCount=0, eventTime=176943391, downTime=176943391, deviceId=-1, source=0x101 }
W/ViewRootImpl( 1574): Cancelling event due to no window focus: KeyEvent { action=ACTION_UP, keyCode=KEYCODE_DPAD_RIGHT, scanCode=0, metaState=0, flags=0x28, repeatCount=0, eventTime=176943391, downTime=176943391, deviceId=-1, source=0x101 }
W/ViewRootImpl( 1574): Dropping event due to no window focus: MotionEvent { action=ACTION_MOVE, id[0]=0, x[0]=1.0, y[0]=-1.0, toolType[0]=TOOL_TYPE_UNKNOWN, buttonState=0, metaState=0, flags=0x0, edgeFlags=0x0, pointerCount=1, historySize=1, eventTime=176943404, downTime=-1, deviceId=0, source=0x10004 }
I/AppiumUnicodeIME(  914): onFinishInput
I/AppiumUnicodeIME(  914): onStartInput
I/AppiumUnicodeIME(  914): onKeyDown (keyCode='21', event.keyCode='21', metaState='0')
I/AppiumUnicodeIME(  914): onKeyDown (keyCode='21', event.keyCode='21', metaState='0')
I/AppiumUnicodeIME(  914): onKeyUp (keyCode='21', event.keyCode='21', metaState='0')
I/AppiumUnicodeIME(  914): onKeyDown (keyCode='21', event.keyCode='21', metaState='0')
I/AppiumUnicodeIME(  914): onKeyUp (keyCode='21', event.keyCode='21', metaState='0')
I/AppiumUnicodeIME(  914): onKeyDown (keyCode='21', event.keyCode='21', metaState='0')
I/AppiumUnicodeIME(  914): onKeyUp (keyCode='21', event.keyCode='21', metaState='0')
I/AppiumUnicodeIME(  914): onKeyDown (keyCode='21', event.keyCode='21', metaState='0')
I/AppiumUnicodeIME(  914): onKeyUp (keyCode='21', event.keyCode='21', metaState='0')
I/AppiumUnicodeIME(  914): onKeyDown (keyCode='82', event.keyCode='82', metaState='0')
W/AudioTrack(  774): AUDIO_OUTPUT_FLAG_FAST denied by client
I/AppiumUnicodeIME(  914): onFinishInput
I/AppiumUnicodeIME(  914): onStartInput
I/AppiumUnicodeIME(  914): onKeyUp (keyCode='82', event.keyCode='82', metaState='0')
W/AudioTrack(  774): AUDIO_OUTPUT_FLAG_FAST denied by client
I/AppiumUnicodeIME(  914): onKeyDown (keyCode='22', event.keyCode='22', metaState='0')
I/AppiumUnicodeIME(  914): onKeyUp (keyCode='22', event.keyCode='22', metaState='0')
I/AppiumUnicodeIME(  914): onKeyDown (keyCode='22', event.keyCode='22', metaState='0')
I/AppiumUnicodeIME(  914): onKeyUp (keyCode='22', event.keyCode='22', metaState='0')
I/AppiumUnicodeIME(  914): onKeyDown (keyCode='82', event.keyCode='82', metaState='0')
W/AudioTrack(  774): AUDIO_OUTPUT_FLAG_FAST denied by client
I/ActivityManager(  774): Activity reported stop, but no longer stopping: ActivityRecord{108bf868 u0 com.zzl.falcon.internal/com.zzl.falcon.MainActivity t189}
I/InputDispatcher(  774): Dropping event because there is no touchable window at (51, 957).
W/InputManager(  774): Input event injection from pid 15068 failed.
W/InputManager(  774): Input event injection from pid 15068 failed.
I/InputDispatcher(  774): Dropping event because there is no touchable window at (700, 305).
W/InputManager(  774): Input event injection from pid 15068 failed.
W/InputManager(  774): Input event injection from pid 15068 failed.
I/AppiumUnicodeIME(  914): onKeyUp (keyCode='82', event.keyCode='82', metaState='0')
D/ForegroundCallbacks( 1574): still foreground
V/WindowManager(  774): Adding window Window{1181e0fa u0 SubPanel:com.zzl.falcon.internal/com.zzl.falcon.invest.InvestmentDetailActivity} at 5 of 10 (after Window{47a914a u0 com.zzl.falcon.internal/com.zzl.falcon.invest.InvestmentDetailActivity})
W/AudioTrack(  774): AUDIO_OUTPUT_FLAG_FAST denied by client
W/EGL_emulation( 1574): eglSurfaceAttrib not implemented
W/OpenGLRenderer( 1574): Failed to set EGL_SWAP_BEHAVIOR on surface 0xcad02d00, error=EGL_SUCCESS
W/EGL_emulation( 1574): eglSurfaceAttrib not implemented
W/OpenGLRenderer( 1574): Failed to set EGL_SWAP_BEHAVIOR on surface 0xcad02ce0, error=EGL_SUCCESS
W/ViewRootImpl( 1574): Cancelling event due to no window focus: KeyEvent { action=ACTION_UP, keyCode=KEYCODE_DPAD_DOWN, scanCode=0, metaState=0, flags=0x28, repeatCount=0, eventTime=176943943, downTime=176943943, deviceId=-1, source=0x101 }
I/AppiumUnicodeIME(  914): onKeyDown (keyCode='20', event.keyCode='20', metaState='0')
W/ViewRootImpl( 1574): Cancelling event due to no window focus: KeyEvent { action=ACTION_UP, keyCode=KEYCODE_DPAD_DOWN, scanCode=0, metaState=0, flags=0x28, repeatCount=0, eventTime=176943943, downTime=176943943, deviceId=-1, source=0x101 }
W/ViewRootImpl( 1574): Cancelling event due to no window focus: KeyEvent { action=ACTION_UP, keyCode=KEYCODE_DPAD_DOWN, scanCode=0, metaState=0, flags=0x28, repeatCount=0, eventTime=176943943, downTime=176943943, deviceId=-1, source=0x101 }
I/AppiumUnicodeIME(  914): onKeyUp (keyCode='20', event.keyCode='20', metaState='0')
I/AppiumUnicodeIME(  914): onKeyUp (keyCode='20', event.keyCode='20', metaState='0')
W/ViewRootImpl( 1574): Cancelling event due to no window focus: KeyEvent { action=ACTION_UP, keyCode=KEYCODE_DPAD_DOWN, scanCode=0, metaState=0, flags=0x28, repeatCount=0, eventTime=176943943, downTime=176943943, deviceId=-1, source=0x101 }
W/ViewRootImpl( 1574): Cancelling event due to no window focus: KeyEvent { action=ACTION_UP, keyCode=KEYCODE_DPAD_DOWN, scanCode=0, metaState=0, flags=0x28, repeatCount=0, eventTime=176943943, downTime=176943943, deviceId=-1, source=0x101 }
W/ViewRootImpl( 1574): Cancelling event due to no window focus: KeyEvent { action=ACTION_UP, keyCode=KEYCODE_DPAD_DOWN, scanCode=0, metaState=0, flags=0x28, repeatCount=0, eventTime=176943943, downTime=176943943, deviceId=-1, source=0x101 }
W/ViewRootImpl( 1574): Cancelling event due to no window focus: KeyEvent { action=ACTION_UP, keyCode=KEYCODE_DPAD_DOWN, scanCode=0, metaState=0, flags=0x28, repeatCount=0, eventTime=176943943, downTime=176943943, deviceId=-1, source=0x101 }
W/ViewRootImpl( 1574): Cancelling event due to no window focus: KeyEvent { action=ACTION_UP, keyCode=KEYCODE_DPAD_DOWN, scanCode=0, metaState=0, flags=0x28, repeatCount=0, eventTime=176943943, downTime=176943943, deviceId=-1, source=0x101 }
W/ViewRootImpl( 1574): Cancelling event due to no window focus: KeyEvent { action=ACTION_UP, keyCode=KEYCODE_DPAD_DOWN, scanCode=0, metaState=0, flags=0x28, repeatCount=0, eventTime=176943943, downTime=176943943, deviceId=-1, source=0x101 }
W/ViewRootImpl( 1574): Dropping event due to no window focus: KeyEvent { action=ACTION_DOWN, keyCode=KEYCODE_DPAD_UP, scanCode=0, metaState=0, flags=0x8, repeatCount=0, eventTime=176943956, downTime=176943956, deviceId=-1, source=0x101 }
W/AudioTrack(  774): AUDIO_OUTPUT_FLAG_FAST denied by client
W/ViewRootImpl( 1574): Cancelling event due to no window focus: KeyEvent { action=ACTION_UP, keyCode=KEYCODE_DPAD_UP, scanCode=0, metaState=0, flags=0x28, repeatCount=0, eventTime=176944095, downTime=176944095, deviceId=-1, source=0x101 }
W/ViewRootImpl( 1574): Cancelling event due to no window focus: KeyEvent { action=ACTION_UP, keyCode=KEYCODE_DPAD_UP, scanCode=0, metaState=0, flags=0x28, repeatCount=0, eventTime=176944095, downTime=176944095, deviceId=-1, source=0x101 }
W/ViewRootImpl( 1574): Cancelling event due to no window focus: KeyEvent { action=ACTION_UP, keyCode=KEYCODE_DPAD_UP, scanCode=0, metaState=0, flags=0x28, repeatCount=0, eventTime=176944095, downTime=176944095, deviceId=-1, source=0x101 }
I/AppiumUnicodeIME(  914): onKeyUp (keyCode='19', event.keyCode='19', metaState='0')
I/AppiumUni