D/accs.HeartbeatManager( 1419):  set 480
I/art     (  877): Explicit concurrent mark sweep GC freed 3621(188KB) AllocSpace objects, 0(0B) LOS objects, 40% free, 9MB/16MB, paused 393us total 15.885ms
I/art     (  774): Explicit concurrent mark sweep GC freed 6876(277KB) AllocSpace objects, 0(0B) LOS objects, 33% free, 10MB/15MB, paused 345us total 18.534ms
I/art     (  877): Explicit concurrent mark sweep GC freed 3612(188KB) AllocSpace objects, 0(0B) LOS objects, 40% free, 9MB/16MB, paused 357us total 17.872ms
I/art     (  774): Explicit concurrent mark sweep GC freed 6433(257KB) AllocSpace objects, 0(0B) LOS objects, 33% free, 10MB/15MB, paused 423us total 18.477ms
I/art     (  877): Explicit concurrent mark sweep GC freed 3621(188KB) AllocSpace objects, 0(0B) LOS objects, 40% free, 9MB/16MB, paused 327us total 16.568ms
I/art     (  774): Explicit concurrent mark sweep GC freed 6177(264KB) AllocSpace objects, 0(0B) LOS objects, 33% free, 10MB/15MB, paused 572us total 20.774ms
I/art     (  877): Explicit concurrent mark sweep GC freed 3622(188KB) AllocSpace objects, 0(0B) LOS objects, 40% free, 9MB/16MB, paused 387us total 12.079ms
I/tnet-jni( 1467): 104 - [spdyPingRecvCallback] - 
I/tnet-jni( 1467): 104 - [SpdySessionCallBack.spdyPingRecvCallback] - org.android.spdy.SpdySession@26860312
D/accs.SilenceConn_umeng:56aadbf567e58e38d4000976( 1467):  spdyPingRecvCallback uniId:1674
D/accs.MsgRecv_umeng:56aadbf567e58e38d4000976( 1467):  onRcvPing
D/accs.HeartbeatManager( 1467):  onHeartbeatSucc
D/accs.OrangeAdapter( 1467):  isSmartHb result:true
D/accs.HeartbeatManager( 1467):  set 480
D/Genyd   (  117): Received Set Clipboard
D/Genymotion(  117): Received Set Clipboard
I/art     (  774): Explicit concurrent mark sweep GC freed 6682(270KB) AllocSpace objects, 0(0B) LOS objects, 33% free, 10MB/15MB, paused 290us total 17.733ms
I/art     (  877): Explicit concurrent mark sweep GC freed 3612(188KB) AllocSpace objects, 0(0B) LOS objects, 39% free, 9MB/16MB, paused 795us total 25.373ms
I/art     (  774): Explicit concurrent mark sweep GC freed 6805(273KB) AllocSpace objects, 0(0B) LOS objects, 33% free, 10MB/15MB, paused 570us total 19.616ms
W/GoogleSearch(14902): Error
W/GoogleSearch(14902): org.apache.http.conn.ConnectTimeoutException: Connect to /69.171.237.26:80 timed out
W/GoogleSearch(14902): 	at org.apache.http.conn.scheme.PlainSocketFactory.connectSocket(PlainSocketFactory.java:126)
W/GoogleSearch(14902): 	at org.apache.http.impl.conn.DefaultClientConnectionOperator.openConnection(DefaultClientConnectionOperator.java:149)
W/GoogleSearch(14902): 	at org.apache.http.impl.conn.AbstractPoolEntry.open(AbstractPoolEntry.java:169)
W/GoogleSearch(14902): 	at org.apache.http.impl.conn.AbstractPooledConnAdapter.open(AbstractPooledConnAdapter.java:124)
W/GoogleSearch(14902): 	at org.apache.http.impl.client.DefaultRequestDirector.execute(DefaultRequestDirector.java:365)
W/GoogleSearch(14902): 	at org.apache.http.impl.client.AbstractHttpClient.execute(AbstractHttpClient.java:560)
W/GoogleSearch(14902): 	at org.apache.http.impl.client.AbstractHttpClient.execute(AbstractHttpClient.java:492)
W/GoogleSearch(14902): 	at org.apache.http.impl.client.AbstractHttpClient.execute(AbstractHttpClient.java:470)
W/GoogleSearch(14902): 	at android.net.http.AndroidHttpClient.execute(AndroidHttpClient.java:270)
W/GoogleSearch(14902): 	at com.android.quicksearchbox.google.GoogleSuggestClient.query(GoogleSuggestClient.java:116)
W/GoogleSearch(14902): 	at com.android.quicksearchbox.google.GoogleSuggestClient.queryExternal(GoogleSuggestClient.java:89)
W/GoogleSearch(14902): 	at com.android.quicksearchbox.google.GoogleSuggestionProvider.query(GoogleSuggestionProvider.java:79)
W/GoogleSearch(14902): 	at android.content.ContentProvider.query(ContentProvider.java:966)
W/GoogleSearch(14902): 	at android.content.ContentProvider$Transport.query(ContentProvider.java:211)
W/GoogleSearch(14902): 	at android.content.ContentProviderNative.onTransact(ContentProviderNative.java:112)
W/GoogleSearch(14902): 	at android.os.Binder.execTransact(Binder.java:500)
I/ActivityManager(  774): Killing 1871:com.android.email/u0a31 (adj 15): empty for 175809s
W/libprocessgroup(  774): failed to open /acct/uid_10031/pid_1871/cgroup.procs: No such file or directory
I/art     (  877): Explicit concurrent mark sweep GC freed 3951(201KB) AllocSpace objects, 0(0B) LOS objects, 39% free, 9MB/16MB, paused 381us total 9.327ms
I/art     (  774): Explicit concurrent mark sweep GC freed 6658(266KB) AllocSpace objects, 0(0B) LOS objects, 33% free, 10MB/15MB, paused 346us total 17.673ms
I/art     (  877): Explicit concurrent mark sweep GC freed 3641(189KB) AllocSpace objects, 0(0B) LOS objects, 39% free, 9MB/16MB, paused 381us total 14.484ms
I/art     (  774): Explicit concurrent mark sweep GC freed 6555(263KB) AllocSpace objects, 0(0B) LOS objects, 33% free, 10MB/15MB, paused 785us total 22.323ms
I/art     (  877): Explicit concurrent mark sweep GC freed 3613(188KB) AllocSpace objects, 0(0B) LOS objects, 40% free, 9MB/16MB, paused 191us total 11.633ms
I/art     (  774): Explicit concurrent mark sweep GC freed 5945(234KB) AllocSpace objects, 0(0B) LOS objects, 33% free, 10MB/15MB, paused 312us total 17.240ms
I/art     (  877): Explicit concurrent mark sweep GC freed 3612(188KB) AllocSpace objects, 0(0B) LOS objects, 40% free, 9MB/16MB, paused 591us total 11.462ms
I/art     (  774): Explicit concurrent mark sweep GC freed 6805(273KB) AllocSpace objects, 0(0B) LOS objects, 33% free, 10MB/15MB, paused 523us total 25.141ms
I/art     (  877): Explicit concurrent mark sweep GC freed 3621(188KB) AllocSpace objects, 0(0B) LOS objects, 40% free, 9MB/16MB, paused 228us total 11.310ms
I/art     (  774): Explicit concurrent mark sweep GC freed 6433(256KB) AllocSpace objects, 0(0B) LOS objects, 33% free, 10MB/15MB, paused 581us total 29.473ms
I/art     (  877): Explicit concurrent mark sweep GC freed 3622(188KB) AllocSpace objects, 0(0B) LOS objects, 40% free, 9MB/16MB, paused 417us total 10.082ms
I/art     (  774): Explicit concurrent mark sweep GC freed 6452(258KB) AllocSpace objects, 0(0B) LOS objects, 33% free, 10MB/15MB, paused 714us total 31.217ms
I/art     (  877): Explicit concurrent mark sweep GC freed 3621(188KB) AllocSpace objects, 0(0B) LOS objects, 40% free, 9MB/16MB, paused 422us total 13.838ms
I/art     (  774): Explicit concurrent mark sweep GC freed 6312(251KB) AllocSpace objects, 0(0B) LOS objects, 33% free, 10MB/15MB, paused 470us total 20.511ms
I/art     (  877): Explicit concurrent mark sweep GC freed 3612(188KB) AllocSpace objects, 0(0B) LOS objects, 39% free, 9MB/16MB, paused 306us total 22.479ms
I/art     (  774): Explicit concurrent mark sweep GC freed 6424(256KB) AllocSpace objects, 0(0B) LOS objects, 33% free, 10MB/15MB, paused 594us total 32.079ms
I/art     (  877): Explicit concurrent mark sweep GC freed 3621(188KB) AllocSpace objects, 0(0B) LOS objects, 39% free, 9MB/16MB, paused 360us total 11.072ms
I/art     (  774): Explicit concurrent mark sweep GC freed 6458(257KB) AllocSpace objects, 0(0B) LOS objects, 33% free, 10MB/15MB, paused 742us total 24.906ms
I/art     (  877): Explicit concurrent mark sweep GC freed 3622(188KB) AllocSpace objects, 0(0B) LOS objects, 39% free, 9MB/16MB, paused 180us total 10.682ms
I/art     (  774): Explicit concurrent mark sweep GC freed 6673(287KB) AllocSpace objects, 0(0B) LOS objects, 33% free, 10MB/15MB, paused 265us total 18.692ms
I/art     (  877): Explicit concurrent mark sweep GC freed 3630(188KB) AllocSpace objects, 0(0B) LOS objects, 40% free, 9MB/16MB, paused 525us total 14.816ms
I/art     (  774): Explicit concurrent mark sweep GC freed 6807(274KB) AllocSpace objects, 0(0B) LOS objects, 33% free, 10MB/15MB, paused 966us total 49.266ms
W/GoogleSearch(14902): Error
W/GoogleSearch(14902): org.apache.http.conn.ConnectTimeoutException: Connect to /69.171.237.26:80 timed out
W/GoogleSearch(14902): 	at org.apache.http.conn.scheme.PlainSocketFactory.connectSocket(PlainSocketFactory.java:126)
W/GoogleSearch(14902): 	at org.apache.http.impl.conn.DefaultClientConnectionOperator.openConnection(DefaultClientConnectionOperator.java:149)
W/GoogleSearch(14902): 	at org.apache.http.impl.conn.AbstractPoolEntry.open(AbstractPoolEntry.java:169)
W/GoogleSearch(14902): 	at org.apache.http.impl.conn.AbstractPooledConnAdapter.open(AbstractPooledConnAdapter.java:124)
W/GoogleSearch(14902): 	at org.apache.http.impl.client.DefaultRequestDirector.execute(DefaultRequestDirector.java:365)
W/GoogleSearch(14902): 	at org.apache.http.impl.client.AbstractHttpClient.execute(AbstractHttpClient.java:560)
W/GoogleSearch(14902): 	at org.apache.http.impl.client.AbstractHttpClient.execute(AbstractHttpClient.java:492)
W/GoogleSearch(14902): 	at org.apache.http.impl.client.AbstractHttpClient.execute(AbstractHttpClient.java:470)
W/GoogleSearch(14902): 	at android.net.http.AndroidHttpClient.execute(AndroidHttpClient.java:270)
W/GoogleSearch(14902): 	at com.android.quicksearchbox.google.GoogleSuggestClient.query(GoogleSuggestClient.java:116)
W/GoogleSearch(14902): 	at com.android.quicksearchbox.google.GoogleSuggestClient.queryExternal(GoogleSuggestClient.java:89)
W/GoogleSearch(14902): 	at com.android.quicksearchbox.google.GoogleSuggestionProvider.query(GoogleSuggestionProvider.java:79)
W/GoogleSearch(14902): 	at android.content.ContentProvider.query(ContentProvider.java:966)
W/GoogleSearch(14902): 	at android.content.ContentProvider$Transport.query(ContentProvider.java:211)
W/GoogleSearch(14902): 	at android.content.ContentProviderNative.onTransact(ContentProviderNative.java:112)
W/GoogleSearch(14902): 	at android.os.Binder.execTransact(Binder.java:500)
I/art     (  877): Explicit concurrent mark sweep GC freed 3941(200KB) AllocSpace objects, 0(0B) LOS objects, 39% free, 9MB/16MB, paused 323us total 13.119ms
I/art     (  774): Explicit concurrent mark sweep GC freed 6082(239KB) AllocSpace objects, 0(0B) LOS objects, 33% free, 10MB/15MB, paused 387us total 17.381ms
I/art     (  877): Explicit concurrent mark sweep GC freed 3641(189KB) AllocSpace objects, 0(0B) LOS objects, 39% free, 9MB/16MB, paused 380us total 11.545ms
I/art     (  774): Explicit concurrent mark sweep GC freed 6479(260KB) AllocSpace objects, 0(0B) LOS objects, 33% free, 10MB/15MB, paused 496us total 16.905ms
I/art     (  877): Explicit concurrent mark sweep GC freed 3613(188KB) AllocSpace objects, 0(0B) LOS objects, 40% free, 9MB/16MB, paused 424us total 11.555ms
I/art     (  774): Explicit concurrent mark sweep GC freed 6438(257KB) AllocSpace objects, 0(0B) LOS objects, 33% free, 10MB/15MB, paused 367us total 18.337ms
I/art     (  877): Explicit concurrent mark sweep GC freed 3612(188KB) AllocSpace objects, 0(0B) LOS objects, 40% free, 9MB/16MB, paused 235us total 13.001ms
I/art     (  774): Explicit concurrent mark sweep GC freed 6804(273KB) AllocSpace objects, 0(0B) LOS objects, 33% free, 10MB/15MB, paused 425us total 19.024ms
I/art     (  877): Explicit concurrent mark sweep GC freed 3621(188KB) AllocSpace objects, 0(0B) LOS objects, 40% free, 9MB/16MB, paused 540us total 16.888ms
I/art     (  774): Explicit concurrent mark sweep GC freed 6433(257KB) AllocSpace objects, 0(0B) LOS objects, 33% free, 10MB/15MB, paused 732us total 23.585ms
I/art     (  877): Explicit concurrent mark sweep GC freed 3621(188KB) AllocSpace objects, 0(0B) LOS objects, 40% free, 9MB/16MB, paused 299us total 17.016ms
I/art     (  774): Explicit concurrent mark sweep GC freed 5961(235KB) AllocSpace objects, 0(0B) LOS objects, 33% free, 10MB/15MB, paused 895us total 35.228ms
I/art     (  877): Explicit concurrent mark sweep GC freed 3622(188KB) AllocSpace objects, 0(0B) LOS objects, 40% free, 9MB/16MB, paused 334us total 17.012ms
I/art     (  774): Explicit concurrent mark sweep GC freed 6422(256KB) AllocSpace objects, 0(0B) LOS objects, 33% free, 10MB/15MB, paused 1.150ms total 49.416ms
I/art     (  877): Explicit concurrent mark sweep GC freed 3612(188KB) AllocSpace objects, 0(0B) LOS objects, 39% free, 9MB/16MB, paused 297us total 11.268ms
I/art     (  774): Explicit concurrent mark sweep GC freed 6805(273KB) AllocSpace objects, 0(0B) LOS objects, 33% free, 10MB/15MB, paused 650us total 18.989ms
I/art     (  877): Explicit concurrent mark sweep GC freed 3621(188KB) AllocSpace objects, 0(0B) LOS objects, 39% free, 9MB/16MB, paused 233us total 12.846ms
I/art     (  774): Explicit concurrent mark sweep GC freed 6433(257KB) AllocSpace objects, 0(0B) LOS objects, 33% free, 10MB/15MB, paused 584us total 26.034ms
I/art     (  877): Explicit concurrent mark sweep GC freed 3622(188KB) AllocSpace objects, 0(0B) LOS objects, 39% free, 9MB/16MB, paused 404us total 10.567ms
I/art     (  774): Explicit concurrent mark sweep GC freed 6177(264KB) AllocSpace objects, 0(0B) LOS objects, 33% free, 10MB/15MB, paused 330us total 19.636ms
I/art     (  877): Explicit concurrent mark sweep GC freed 3621(188KB) AllocSpace objects, 0(0B) LOS objects, 39% free, 9MB/16MB, paused 247us total 11.829ms
I/art     (  774): Explicit concurrent mark sweep GC freed 6838(275KB) AllocSpace objects, 0(0B) LOS objects, 33% free, 10MB/15MB, paused 665us total 20.566ms
W/GoogleSearch(14902): Error
W/GoogleSearch(14902): org.apache.http.conn.ConnectTimeoutException: Connect to /69.171.237.26:80 timed out
W/GoogleSearch(14902): 	at org.apache.http.conn.scheme.PlainSocketFactory.connectSocket(PlainSocketFactory.java:126)
W/GoogleSearch(14902): 	at org.apache.http.impl.conn.DefaultClientConnectionOperator.openConnection(DefaultClientConnectionOperator.java:149)
W/GoogleSearch(14902): 	at org.apache.http.impl.conn.AbstractPoolEntry.open(AbstractPoolEntry.java:169)
W/GoogleSearch(14902): 	at org.apache.http.impl.conn.AbstractPooledConnAdapter.open(AbstractPooledConnAdapter.java:124)
W/GoogleSearch(14902): 	at org.apache.http.impl.client.DefaultRequestDirector.execute(DefaultRequestDirector.java:365)
W/GoogleSearch(14902): 	at org.apache.http.impl.client.AbstractHttpClient.execute(AbstractHttpClient.java:560)
W/GoogleSearch(14902): 	at org.apache.http.impl.client.AbstractHttpClient.execute(AbstractHttpClient.java:492)
W/GoogleSearch(14902): 	at org.apache.http.impl.client.AbstractHttpClient.execute(AbstractHttpClient.java:470)
W/GoogleSearch(14902): 	at android.net.http.AndroidHttpClient.execute(AndroidHttpClient.java:270)
W/GoogleSearch(14902): 	at com.android.quicksearchbox.google.GoogleSuggestClient.query(GoogleSuggestClient.java:116)
W/GoogleSearch(14902): 	at com.android.quicksearchbox.google.GoogleSuggestClient.queryExternal(GoogleSuggestClient.java:89)
W/GoogleSearch(14902): 	at com.android.quicksearchbox.google.GoogleSuggestionProvider.query(GoogleSuggestionProvider.java:79)
W/GoogleSearch(14902): 	at android.content.ContentProvider.query(ContentProvider.java:966)
W/GoogleSearch(14902): 	at android.content.ContentProvider$Transport.query(ContentProvider.java:211)
W/GoogleSearch(14902): 	at android.content.ContentProviderNative.onTransact(ContentProviderNative.java:112)
W/GoogleSearch(14902): 	at android.os.Binder.execTransact(Binder.java:500)
I/art     (  877): Explicit concurrent mark sweep GC freed 3612(188KB) AllocSpace objects, 0(0B) LOS objects, 40% free, 9MB/16MB, paused 176us total 11.150ms
I/art     (  774): Explicit concurrent mark sweep GC freed 6616(265KB) AllocSpace objects, 0(0B) LOS objects, 33% free, 10MB/15MB, paused 444us total 28.600ms
I/art     (  877): Explicit concurrent mark sweep GC freed 3951(201KB) AllocSpace objects, 0(0B) LOS objects, 40% free, 9MB/16MB, paused 250us total 12.432ms
I/art     (  774): Explicit concurrent mark sweep GC freed 6470(259KB) AllocSpace objects, 0(0B) LOS objects, 33% free, 10MB/15MB, paused 490us total 30.027ms
I/art     (  877): Explicit concurrent mark sweep GC freed 3633(188KB) AllocSpace objects, 0(0B) LOS objects, 40% free, 9MB/16MB, paused 186us total 10.249ms
I/art     (  774): Explicit concurrent mark sweep GC freed 6461(258KB) AllocSpace objects, 0(0B) LOS objects, 33% free, 10MB/15MB, paused 637us total 29.734ms
I/art     (  877): Explicit concurrent mark sweep GC freed 3621(188KB) AllocSpace objects, 0(0B) LOS objects, 40% free, 9MB/16MB, paused 581us total 16.968ms
I/art     (  774): Explicit concurrent mark sweep GC freed 6311(251KB) AllocSpace objects, 0(0B) LOS objects, 33% free, 10MB/15MB, paused 738us total 35.324ms
I/art     (  877): Explicit concurrent mark sweep GC freed 3612(188KB) AllocSpace objects, 0(0B) LOS objects, 39% free, 9MB/16MB, paused 339us total 12.954ms
I/art     (  774): Explicit concurrent mark sweep GC freed 6424(256KB) AllocSpace objects, 0(0B) LOS objects, 33% free, 10MB/15MB, paused 290us total 17.488ms
I/art     (  877): Explicit concurrent mark sweep GC freed 3621(188KB) AllocSpace objects, 0(0B) LOS objects, 39% free, 9MB/16MB, paused 364us total 12.927ms
I/art     (  774): Explicit concurrent mark sweep GC freed 6452(258KB) AllocSpace objects, 0(0B) LOS objects, 33% free, 10MB/15MB, paused 405us total 19.473ms
D/Genyd   (  117): Received Set Clipboard
D/Genymotion(  117): Received Set Clipboard
I/art     (  877): Explicit concurrent mark sweep GC freed 3622(188KB) AllocSpace objects, 0(0B) LOS objects, 39% free, 9MB/16MB, paused 206us total 11.162ms
I/art     (  774): Explicit concurrent mark sweep GC freed 6503(260KB) AllocSpace objects, 0(0B) LOS objects, 33% free, 10MB/15MB, paused 448us total 29.258ms
I/art     (  877): Explicit concurrent mark sweep GC freed 3612(188KB) AllocSpace objects, 0(0B) LOS objects, 40% free, 9MB/16MB, paused 332us total 17.522ms
I/art     (  774): Explicit concurrent mark sweep GC freed 6314(251KB) AllocSpace objects, 0(0B) LOS objects, 33% free, 10MB/15MB, paused 362us total 19.893ms
I/art     (  877): Explicit concurrent mark sweep GC freed 3621(188KB) AllocSpace objects, 0(0B) LOS objects, 40% free, 9MB/16MB, paused 382us total 15.242ms
I/art     (  774): Explicit concurrent mark sweep GC freed 6424(256KB) AllocSpace objects, 0(0B) LOS objects, 33% free, 10MB/15MB, paused 601us total 17.761ms
I/art     (  877): Explicit concurrent mark sweep GC freed 3622(188KB) AllocSpace objects, 0(0B) LOS objects, 40% free, 9MB/16MB, paused 262us total 11.668ms
I/art     (  774): Explicit concurrent mark sweep GC freed 6668(287KB) AllocSpace objects, 0(0B) LOS objects, 33% free, 10MB/15MB, paused 605us total 23.449ms
I/art     (  877): Explicit concurrent mark sweep GC freed 3621(188KB) AllocSpace objects, 0(0B) LOS objects, 40% free, 9MB/16MB, paused 437us total 10.599ms
I/art     (  774): Explicit concurrent mark sweep GC freed 6435(257KB) AllocSpace objects, 0(0B) LOS objects, 33% free, 10MB/15MB, paused 373us total 19.423ms
I/art     (  877): Explicit concurrent mark sweep GC freed 3612(188KB) AllocSpace objects, 0(0B) LOS objects, 40% free, 9MB/16MB, paused 243us total 12.334ms
W/GoogleSearch(14902): Error
W/GoogleSearch(14902): org.apache.http.conn.ConnectTimeoutException: Connect to /69.171.237.26:80 timed out
W/GoogleSearch(14902): 	at org.apache.http.conn.scheme.PlainSocketFactory.connectSocket(PlainSocketFactory.java:126)
W/GoogleSearch(14902): 	at org.apache.http.impl.conn.DefaultClientConnectionOperator.openConnection(DefaultClientConnectionOperator.java:149)
W/GoogleSearch(14902): 	at org.apache.http.impl.conn.AbstractPoolEntry.open(AbstractPoolEntry.java:169)
W/GoogleSearch(14902): 	at org.apache.http.impl.conn.AbstractPooledConnAdapter.open(AbstractPooledConnAdapter.java:124)
W/GoogleSearch(14902): 	at org.apache.http.impl.client.DefaultRequestDirector.execute(DefaultRequestDirector.java:365)
W/GoogleSearch(14902): 	at org.apache.http.impl.client.AbstractHttpClient.execute(AbstractHttpClient.java:560)
W/GoogleSearch(14902): 	at org.apache.http.impl.client.AbstractHttpClient.execute(AbstractHttpClient.java:492)
W/GoogleSearch(14902): 	at org.apache.http.impl.client.AbstractHttpClient.execute(AbstractHttpClient.java:470)
W/GoogleSearch(14902): 	at android.net.http.AndroidHttpClient.execute(AndroidHttpClient.java:270)
W/GoogleSearch(14902): 	at com.android.quicksearchbox.google.GoogleSuggestClient.query(GoogleSuggestClient.java:116)
W/GoogleSearch(14902): 	at com.android.quicksearchbox.google.GoogleSuggestClient.queryExternal(GoogleSuggestClient.java:89)
W/GoogleSearch(14902): 	at com.android.quicksearchbox.google.GoogleSuggestionProvider.query(GoogleSuggestionProvider.java:79)
W/GoogleSearch(14902): 	at android.content.ContentProvider.query(ContentProvider.java:966)
W/GoogleSearch(14902): 	at android.content.ContentProvider$Transport.query(ContentProvider.java:211)
W/GoogleSearch(14902): 	at android.content.ContentProviderNative.onTransact(ContentProviderNative.java:112)
W/GoogleSearch(14902): 	at android.os.Binder.execTransact(Binder.java:500)
I/art     (  774): Explicit concurrent mark sweep GC freed 6859(276KB) AllocSpace objects, 0(0B) LOS objects, 33% free, 10MB/15MB, paused 367us total 18.566ms
I/tnet-jni( 1419): 101 - [spdyPingRecvCallback] - 
I/tnet-jni( 1419): 101 - [SpdySessionCallBack.spdyPingRecvCallback] - org.android.spdy.SpdySession@15ea5a37
D/accs.SpdyConnection( 1419):  spdyPingRecvCallback uniId:1676
D/accs.MessageHandler( 1419):  onRcvPing
D/accs.HeartbeatManager( 1419):  onHeartbeatSucc
D/accs.OrangeAdapter( 1419):  isSmartHb result:true
D/accs.HeartbeatManager( 1419):  set 480
D/accs.UtilityImpl( 1419):  setServiceTime:1512371163383
I/art     (  877): Explicit concurrent mark sweep GC freed 3950(201KB) AllocSpace objects, 0(0B) LOS objects, 40% free, 9MB/16MB, paused 429us total 10.211ms
I/art     (  774): Explicit concurrent mark sweep GC freed 6110(242KB) AllocSpace objects, 0(0B) LOS objects, 33% free, 10MB/15MB, paused 589us total 19.659ms
I/art     (  877): Explicit concurrent mark sweep GC freed 3633(188KB) AllocSpace objects, 0(0B) LOS objects, 39% free, 9MB/16MB, paused 702us total 12.490ms
I/art     (  774): Explicit concurrent mark sweep GC freed 6461(258KB) AllocSpace objects, 0(0B) LOS objects, 33% free, 10MB/15MB, paused 495us total 25.176ms
I/art     (  877): Explicit concurrent mark sweep GC freed 3621(188KB) AllocSpace objects, 0(0B) LOS objects, 39% free, 9MB/16MB, paused 345us total 12.653ms
I/art     (  774): Explicit concurrent mark sweep GC freed 7745(315KB) AllocSpace objects, 0(0B) LOS objects, 33% free, 10MB/15MB, paused 467us total 21.610ms
I/art     (  877): Explicit concurrent mark sweep GC freed 3612(188KB) AllocSpace objects, 0(0B) LOS objects, 40% free, 9MB/16MB, paused 394us total 12.086ms
I/tnet-jni( 1467): 104 - [spdyPingRecvCallback] - 
I/tnet-jni( 1467): 104 - [SpdySessionCallBack.spdyPingRecvCallback] - org.android.spdy.SpdySession@26860312
D/accs.SilenceConn_umeng:56aadbf567e58e38d4000976( 1467):  spdyPingRecvCallback uniId:1676
D/accs.MsgRecv_umeng:56aadbf567e58e38d4000976( 1467):  onRcvPing
D/accs.HeartbeatManager( 1467):  onHeartbeatSucc
D/accs.OrangeAdapter( 1467):  isSmartHb result:true
D/accs.HeartbeatManager( 1467):  set 480
D/accs.UtilityImpl( 1467):  setServiceTime:1512371180947
I/art     (  774): Explicit concurrent mark sweep GC freed 6642(269KB) AllocSpace objects, 0(0B) LOS objects, 33% free, 10MB/15MB, paused 338us total 22.206ms
I/art     (  877): Explicit concurrent mark sweep GC freed 3621(188KB) AllocSpace objects, 0(0B) LOS objects, 40% free, 9MB/16MB, paused 414us total 11.708ms
I/art     (  774): Explicit concurrent mark sweep GC freed 5942(234KB) AllocSpace objects, 0(0B) LOS objects, 33% free, 10MB/15MB, paused 387us total 19.849ms
I/art     (  877): Explicit concurrent mark sweep GC freed 3622(188KB) AllocSpace objects, 0(0B) LOS objects, 40% free, 9MB/16MB, paused 223us total 10.125ms
I/art     (  774): Explicit concurrent mark sweep GC freed 6443(258KB) AllocSpace objects, 0(0B) LOS objects, 33% free, 10MB/15MB, paused 456us total 18.429ms
I/art     (  877): Explicit concurrent mark sweep GC freed 3621(188KB) AllocSpace objects, 0(0B) LOS objects, 40% free, 9MB/16MB, paused 381us total 17.542ms
I/art     (  774): Explicit concurrent mark sweep GC freed 6803(273KB) AllocSpace objects, 0(0B) LOS objects, 33% free, 10MB/15MB, paused 299us total 20.972ms
I/art     (  877): Explicit concurrent mark sweep GC freed 3612(188KB) AllocSpace objects, 0(0B) LOS objects, 40% free, 9MB/16MB, paused 284us total 17.639ms
I/art     (  774): Explicit concurrent mark sweep GC freed 6433(257KB) AllocSpace objects, 0(0B) LOS objects, 33% free, 10MB/15MB, paused 357us total 26.330ms
I/art     (  877): Explicit concurrent mark sweep GC freed 3621(188KB) AllocSpace objects, 0(0B) LOS objects, 40% free, 9MB/16MB, paused 533us total 14.072ms
I/art     (  774): Explicit concurrent mark sweep GC freed 6668(287KB) AllocSpace objects, 0(0B) LOS objects, 33% free, 10MB/15MB, paused 431us total 21.898ms
I/art     (  877): Explicit concurrent mark sweep GC freed 3622(188KB) AllocSpace objects, 0(0B) LOS objects, 40% free, 9MB/16MB, paused 369us total 9.708ms
I/art     (  774): Explicit concurrent mark sweep GC freed 5944(234KB) AllocSpace objects, 0(0B) LOS objects, 33% free, 10MB/15MB, paused 285us total 17.696ms
I/art     (  877): Explicit concurrent mark sweep GC freed 3612(188KB) AllocSpace objects, 0(0B) LOS objects, 39% free, 9MB/16MB, paused 229us total 12.471ms
I/art     (  774): Explicit concurrent mark sweep GC freed 6796(273KB) AllocSpace objects, 0(0B) LOS objects, 33% free, 10MB/15MB, paused 484us total 17.776ms
W/GoogleSearch(14902): Error
W/GoogleSearch(14902): org.apache.http.conn.ConnectTimeoutException: Connect to /69.171.237.26:80 timed out
W/GoogleSearch(14902): 	at org.apache.http.conn.scheme.PlainSocketFactory.connectSocket(PlainSocketFactory.java:126)
W/GoogleSearch(14902): 	at org.apache.http.impl.conn.DefaultClientConnectionOperator.openConnection(DefaultClientConnectionOperator.java:149)
W/GoogleSearch(14902): 	at org.apache.http.impl.conn.AbstractPoolEntry.open(AbstractPoolEntry.java:169)
W/GoogleSearch(14902): 	at org.apache.http.impl.conn.AbstractPooledConnAdapter.open(AbstractPooledConnAdapter.java:124)
W/GoogleSearch(14902): 	at org.apache.http.impl.client.DefaultRequestDirector.execute(DefaultRequestDirector.java:365)
W/GoogleSearch(14902): 	at org.apache.http.impl.client.AbstractHttpClient.execute(AbstractHttpClient.java:560)
W/GoogleSearch(14902): 	at org.apache.http.impl.client.AbstractHttpClient.execute(AbstractHttpClient.java:492)
W/GoogleSearch(14902): 	at org.apache.http.impl.client.AbstractHttpClient.execute(AbstractHttpClient.java:470)
W/GoogleSearch(14902): 	at android.net.http.AndroidHttpClient.execute(AndroidHttpClient.java:270)
W/GoogleSearch(14902): 	at com.android.quicksearchbox.google.GoogleSuggestClient.query(GoogleSuggestClient.java:116)
W/GoogleSearch(14902): 	at com.android.quicksearchbox.google.GoogleSuggestClient.queryExternal(GoogleSuggestClient.java:89)
W/GoogleSearch(14902): 	at com.android.quicksearchbox.google.GoogleSuggestionProvider.query(GoogleSuggestionProvider.java:79)
W/GoogleSearch(14902): 	at android.content.ContentProvider.query(ContentProvider.java:966)
W/GoogleSearch(14902): 	at android.content.ContentProvider$Transport.query(ContentProvider.java:211)
W/GoogleSearch(14902): 	at android.content.ContentProviderNative.onTransact(ContentProviderNative.java:112)
W/GoogleSearch(14902): 	at android.os.Binder.execTransact(Binder.java:500)
I/art     (  877): Explicit concurrent mark sweep GC freed 3951(201KB) AllocSpace objects, 0(0B) LOS objects, 39% free, 9MB/16MB, paused 574us total 18.049ms
I/art     (  774): Explicit concurrent mark sweep GC freed 6573(262KB) AllocSpace objects, 0(0B) LOS objects, 33% free, 10MB/15MB, paused 1.048ms total 32.813ms
I/art     (  877): Explicit concurrent mark sweep GC freed 3972(201KB) AllocSpace objects, 0(0B) LOS objects, 39% free, 9MB/16MB, paused 246us total 10.455ms
I/art     (  774): Explicit concurrent mark sweep GC freed 6598(264KB) AllocSpace objects, 0(0B) LOS objects, 33% free, 10MB/15MB, paused 894us total 30.127ms
I/art     (  877): Explicit concurrent mark sweep GC freed 3632(188KB) AllocSpace objects, 0(0B) LOS objects, 40% free, 9MB/16MB, paused 191us total 12.818ms
I/art     (  774): Explicit concurrent mark sweep GC freed 6853(276KB) AllocSpace objects, 0(0B) LOS objects, 33% free, 10MB/15MB, paused 963us total 33.599ms
I/art     (  877): Explicit concurrent mark sweep GC freed 3621(188KB) AllocSpace objects, 0(0B) LOS objects, 40% free, 9MB/16MB, paused 325us total 13.050ms
I/art     (  774): Explicit concurrent mark sweep GC freed 5946(234KB) AllocSpace objects, 0(0B) LOS objects, 33% free, 10MB/15MB, paused 312us total 17.506ms
I/art     (  877): Explicit concurrent mark sweep GC freed 3621(188KB) AllocSpace objects, 0(0B) LOS objects, 40% free, 9MB/16MB, paused 242us total 10.774ms
I/art     (  774): Explicit concurrent mark sweep GC freed 6424(256KB) AllocSpace objects, 0(0B) LOS objects, 33% free, 10MB/15MB, paused 299us total 19.221ms
I/art     (  877): Explicit concurrent mark sweep GC freed 3622(188KB) AllocSpace objects, 0(0B) LOS objects, 40% free, 9MB/16MB, paused 323us total 12.239ms
I/art     (  774): Explicit concurrent mark sweep GC freed 6455(258KB) AllocSpace objects, 0(0B) LOS objects, 33% free, 10MB/15MB, paused 355us total 17.900ms
I/art     (  877): Explicit concurrent mark sweep GC freed 3621(188KB) AllocSpace objects, 0(0B) LOS objects, 40% free, 9MB/16MB, paused 338us total 16.889ms
I/art     (  774): Explicit concurrent mark sweep GC freed 6803(273KB) AllocSpace objects, 0(0B) LOS objects, 33% free, 10MB/15MB, paused 455us total 20.423ms
I/art     (  877): Explicit concurrent mark sweep GC freed 3612(188KB) AllocSpace objects, 0(0B) LOS objects, 40% free, 9MB/16MB, paused 541us total 15.033ms
I/art     (  774): Explicit concurrent mark sweep GC freed 6433(257KB) AllocSpace objects, 0(0B) LOS objects, 33% free, 10MB/15MB, paused 447us total 29.190ms
I/art     (  877): Explicit concurrent mark sweep GC freed 3621(188KB) AllocSpace objects, 0(0B) LOS objects, 40% free, 9MB/16MB, paused 415us total 15.237ms
I/art     (  774): Explicit concurrent mark sweep GC freed 6158(262KB) AllocSpace objects, 0(0B) LOS objects, 33% free, 10MB/15MB, paused 381us total 16.158ms
I/art     (  877): Explicit concurrent mark sweep GC freed 3622(188KB) AllocSpace objects, 0(0B) LOS objects, 40% free, 9MB/16MB, paused 673us total 19.518ms
I/art     (  774): Explicit concurrent mark sweep GC freed 6447(258KB) AllocSpace objects, 0(0B) LOS objects, 33% free, 10MB/15MB, paused 699us total 18.317ms
I/art     (  877): Explicit concurrent mark sweep GC freed 3621(188KB) AllocSpace objects, 0(0B) LOS objects, 40% free, 9MB/16MB, paused 196us total 10.573ms
I/art     (  774): Explicit concurrent mark sweep GC freed 6803(273KB) AllocSpace objects, 0(0B) LOS objects, 33% free, 10MB/15MB, paused 540us total 18.360ms
W/GoogleSearch(14902): Error
W/GoogleSearch(14902): org.apache.http.conn.ConnectTimeoutException: Connect to /69.171.237.26:80 timed out
W/GoogleSearch(14902): 	at org.apache.http.conn.scheme.PlainSocketFactory.connectSocket(PlainSocketFactory.java:126)
W/GoogleSearch(14902): 	at org.apache.http.impl.conn.DefaultClientConnectionOperator.openConnection(DefaultClientConnectionOperator.java:149)
W/GoogleSearch(14902): 	at org.apache.http.impl.conn.AbstractPoolEntry.open(AbstractPoolEntry.java:169)
W/GoogleSearch(14902): 	at org.apache.http.impl.conn.AbstractPooledConnAdapter.open(AbstractPooledConnAdapter.java:124)
W/GoogleSearch(14902): 	at org.apache.http.impl.client.DefaultRequestDirector.execute(DefaultRequestDirector.java:365)
W/GoogleSearch(14902): 	at org.apache.http.impl.client.AbstractHttpClient.execute(AbstractHttpClient.java:560)
W/GoogleSearch(14902): 	at org.apache.http.impl.client.AbstractHttpClient.execute(AbstractHttpClient.java:492)
W/GoogleSearch(14902): 	at org.apache.http.impl.client.AbstractHttpClient.execute(AbstractHttpClient.java:470)
W/GoogleSearch(14902): 	at android.net.http.AndroidHttpClient.execute(AndroidHttpClient.java:270)
W/GoogleSearch(14902): 	at com.android.quicksearchbox.google.GoogleSuggestClient.query(GoogleSuggestClient.java:116)
W/GoogleSearch(14902): 	at com.android.quicksearchbox.google.GoogleSuggestClient.queryExternal(GoogleSuggestClient.java:89)
W/GoogleSearch(14902): 	at com.android.quicksearchbox.google.GoogleSuggestionProvider.query(GoogleSuggestionProvider.java:79)
W/GoogleSearch(14902): 	at android.content.ContentProvider.query(ContentProvider.java:966)
W/GoogleSearch(14902): 	at android.content.ContentProvider$Transport.query(ContentProvider.java:211)
W/GoogleSearch(14902): 	at android.content.ContentProviderNative.onTransact(ContentProviderNative.java:112)
W/GoogleSearch(14902): 	at android.os.Binder.execTransact(Binder.java:500)
I/art     (  877): Explicit concurrent mark sweep GC freed 3941(200KB) AllocSpace objects, 0(0B) LOS objects, 39% free, 9MB/16MB, paused 205us total 10.799ms
I/art     (  774): Explicit concurrent mark sweep GC freed 6542(261KB) AllocSpace objects, 0(0B) LOS objects, 33% free, 10MB/15MB, paused 431us total 16.999ms
I/art     (  877): Explicit concurrent mark sweep GC freed 3641(189KB) AllocSpace objects, 0(0B) LOS objects, 39% free, 9MB/16MB, paused 358us total 9.468ms
I/art     (  774): Explicit concurrent mark sweep GC freed 6004(238KB) AllocSpace objects, 0(0B) LOS objects, 33% free, 10MB/15MB, paused 254us total 17.601ms
I/art     (  877): Explicit concurrent mark sweep GC freed 3622(188KB) AllocSpace objects, 0(0B) LOS objects, 39% free, 9MB/16MB, paused 402us total 13.739ms
I/art     (  774): Explicit concurrent mark sweep GC freed 6426(256KB) AllocSpace objects, 0(0B) LOS objects, 33% free, 10MB/15MB, paused 426us total 15.405ms
I/art     (  877): Explicit concurrent mark sweep GC freed 3612(188KB) AllocSpace objects, 0(0B) LOS objects, 40% free, 9MB/16MB, paused 184us total 9.920ms
I/art     (  774): Explicit concurrent mark sweep GC freed 6805(273KB) AllocSpace objects, 0(0B) LOS objects, 33% free, 10MB/15MB, paused 246us total 16.499ms
I/art     (  877): Explicit concurrent mark sweep GC freed 3621(188KB) AllocSpace objects, 0(0B) LOS objects, 40% free, 9MB/16MB, paused 183us total 10.224ms
I/art     (  774): Explicit concurrent mark sweep GC freed 6473(258KB) AllocSpace objects, 0(0B) LOS objects, 33% free, 10MB/15MB, paused 583us total 21.183ms
I/art     (  877): Explicit concurrent mark sweep GC freed 3622(188KB) AllocSpace objects, 0(0B) LOS objects, 40% free, 9MB/16MB, paused 243us total 11.235ms
I/art     (  774): Explicit concurrent mark sweep GC freed 6492(261KB) AllocSpace objects, 0(0B) LOS objects, 33% free, 10MB/15MB, paused 313us total 19.883ms
I/art     (  877): Explicit concurrent mark sweep GC freed 3621(188KB) AllocSpace objects, 0(0B) LOS objects, 40% free, 9MB/16MB, paused 211us total 10.275ms
I/art     (  774): Explicit concurrent mark sweep GC freed 6316(251KB) AllocSpace objects, 0(0B) LOS objects, 33% free, 10MB/15MB, paused 754us total 24.811ms
I/art     (  877): Explicit concurrent mark sweep GC freed 3612(188KB) AllocSpace objects, 0(0B) LOS objects, 40% free, 9MB/16MB, paused 212us total 9.025ms
I/art     (  774): Explicit concurrent mark sweep GC freed 6424(256KB) AllocSpace objects, 0(0B) LOS objects, 33% free, 10MB/15MB, paused 701us total 25.444ms
I/art     (  877): Explicit concurrent mark sweep GC freed 3621(188KB) AllocSpace objects, 0(0B) LOS objects, 40% free, 9MB/16MB, paused 192us total 10.343ms
I/art     (  774): Explicit concurrent mark sweep GC freed 6652(285KB) AllocSpace objects, 0(0B) LOS objects, 33% free, 10MB/15MB, paused 383us total 19.570ms
I/art     (  877): Explicit concurrent mark sweep GC freed 3622(188KB) AllocSpace objects, 0(0B) LOS objects, 40% free, 9MB/16MB, paused 317us total 15.830ms
I/art     (  774): Explicit concurrent mark sweep GC freed 6456(258KB) AllocSpace objects, 0(0B) LOS objects, 33% free, 10MB/15MB, paused 461us total 16.899ms
I/art     (  877): Explicit concurrent mark sweep GC freed 3621(188KB) AllocSpace objects, 0(0B) LOS objects, 40% free, 9MB/16MB, paused 328us total 17.629ms
I/art     (  774): Explicit concurrent mark sweep GC freed 6798(272KB) AllocSpace objects, 0(0B) LOS objects, 33% free, 10MB/15MB, paused 1.412ms total 23.845ms
W/GoogleSearch(14902): Error
W/GoogleSearch(14902): org.apache.http.conn.ConnectTimeoutException: Connect to /69.171.237.26:80 timed out
W/GoogleSearch(14902): 	at org.apache.http.conn.scheme.PlainSocketFactory.connectSocket(PlainSocketFactory.java:126)
W/GoogleSearch(14902): 	at org.apache.http.impl.conn.DefaultClientConnectionOperator.openConnection(DefaultClientConnectionOperator.java:149)
W/GoogleSearch(14902): 	at org.apache.http.impl.conn.AbstractPoolEntry.open(AbstractPoolEntry.java:169)
W/GoogleSearch(14902): 	at org.apache.http.impl.conn.AbstractPooledConnAdapter.open(AbstractPooledConnAdapter.java:124)
W/GoogleSearch(14902): 	at org.apache.http.impl.client.DefaultRequestDirector.execute(DefaultRequestDirector.java:365)
W/GoogleSearch(14902): 	at org.apache.http.impl.client.AbstractHttpClient.execute(AbstractHttpClient.java:560)
W/GoogleSearch(14902): 	at org.apache.http.impl.client.AbstractHttpClient.execute(AbstractHttpClient.java:492)
W/GoogleSearch(14902): 	at org.apache.http.impl.client.AbstractHttpClient.execute(AbstractHttpClient.java:470)
W/GoogleSearch(14902): 	at android.net.http.AndroidHttpClient.execute(AndroidHttpClient.java:270)
W/GoogleSearch(14902): 	at com.android.quicksearchbox.google.GoogleSuggestClient.query(GoogleSuggestClient.java:116)
W/GoogleSearch(14902): 	at com.android.quicksearchbox.google.GoogleSuggestClient.queryExternal(GoogleSuggestClient.java:89)
W/GoogleSearch(14902): 	at com.android.quicksearchbox.google.GoogleSuggestionProvider.query(GoogleSuggestionProvider.java:79)
W/GoogleSearch(14902): 	at android.content.ContentProvider.query(ContentProvider.java:966)
W/GoogleSearch(14902): 	at android.content.ContentProvider$Transport.query(ContentProvider.java:211)
W/GoogleSearch(14902): 	at android.content.ContentProviderNative.onTransact(ContentProviderNative.java:112)
W/GoogleSearch(14902): 	at android.os.Binder.execTransact(Binder.java:500)
I/art     (  877): Explicit concurrent mark sweep GC freed 3942(200KB) AllocSpace objects, 0(0B) LOS objects, 39% free, 9MB/16MB, paused 1.593ms total 18.011ms
I/art     (  774): Explicit concurrent mark sweep GC freed 6087(240KB) AllocSpace objects, 0(0B) LOS objects, 33% free, 10MB/15MB, paused 466us total 24.693ms
D/Genyd   (  117): Received Set Clipboard
D/Genymotion(  117): Received Set Clipboard
I/art     (  877): Explicit concurrent mark sweep GC freed 3641(189KB) AllocSpace objects, 0(0B) LOS objects, 39% free, 9MB/16MB, paused 456us total 16.824ms
I/art     (  774): Explicit concurrent mark sweep GC freed 6534(262KB) AllocSpace objects, 0(0B) LOS objects, 33% free, 10MB/15MB, paused 570us total 20.389ms
I/art     (  877): Explicit concurrent mark sweep GC freed 3613(188KB) AllocSpace objects, 0(0B) LOS objects, 40% free, 9MB/16MB, paused 401us total 17.878ms
I/art     (  774): Explicit concurrent mark sweep GC freed 6477(259KB) AllocSpace objects, 0(0B) LOS objects, 33% free, 10MB/15MB, paused 568us total 29.376ms
I/art     (  877): Explicit concurrent mark sweep GC freed 3621(188KB) AllocSpace objects, 0(0B) LOS objects, 40% free, 9MB/16MB, paused 180us total 9.506ms
I/art     (  774): Explicit concurrent mark sweep GC freed 6808(273KB) AllocSpace objects, 0(0B) LOS objects, 33% free, 10MB/15MB, paused 753us total 33.217ms
I/art     (  877): Explicit concurrent mark sweep GC freed 3621(188KB) AllocSpace objects, 0(0B) LOS objects, 40% free, 9MB/16MB, paused 403us total 11.268ms
I/art     (  774): Explicit concurrent mark sweep GC freed 5942(233KB) AllocSpace objects, 0(0B) LOS objects, 33% free, 10MB/15MB, paused 778us total 23.690ms
I/art     (  877): Explicit concurrent mark sweep GC freed 3622(188KB) AllocSpace objects, 0(0B) LOS objects, 40% free, 9MB/16MB, paused 231us total 10.147ms
I/art     (  774): Explicit concurrent mark sweep GC freed 6443(258KB) AllocSpace objects, 0(0B) LOS objects, 33% free, 10MB/15MB, paused 463us total 16.358ms
I/art     (  877): Explicit concurrent mark sweep GC freed 3621(188KB) AllocSpace objects, 0(0B) LOS objects, 40% free, 9MB/16MB, paused 204us total 12.276ms
I/tnet-jni( 1419): 101 - [spdyPingRecvCallback] - 
I/tnet-jni( 1419): 101 - [SpdySessionCallBack.spdyPingRecvCallback] - org.android.spdy.SpdySession@15ea5a37
D/accs.SpdyConnection( 1419):  spdyPingRecvCallback uniId:1678
D/accs.MessageHandler( 1419):  onRcvPing
D/accs.HeartbeatManager( 1419):  onHeartbeatSucc
D/accs.OrangeAdapter( 1419):  isSmartHb result:true
D/accs.HeartbeatManager( 1419):  set 480
I/art     (  774): Explicit concurrent mark sweep GC freed 6479(259KB) AllocSpace objects, 0(0B) LOS objects, 33% free, 10MB/15MB, paused 673us total 28.490ms
I/art     (  877): Explicit concurrent mark sweep GC freed 3612(188KB) AllocSpace objects, 0(0B) LOS objects, 40% free, 9MB/16MB, paused 176us total 10.787ms
I/art     (  774): Explicit concurrent mark sweep GC freed 6805(274KB) AllocSpace objects, 0(0B) LOS objects, 33% free, 10MB/15MB, paused 849us total 27.393ms
I/art     (  877): Explicit concurrent mark sweep GC freed 3621(188KB) AllocSpace objects, 0(0B) LOS objects, 40% free, 9MB/16MB, paused 183us total 10.452ms
I/art     (  774): Explicit concurrent mark sweep GC freed 6433(256KB) AllocSpace objects, 0(0B) LOS objects, 33% free, 10MB/15MB, paused 573us total 28.194ms
I/art     (  877): Explicit concurrent mark sweep GC freed 3622(188KB) AllocSpace objects, 0(0B) LOS objects, 40% free, 9MB/16MB, paused 174us total 10.323ms
I/art     (  774): Explicit concurrent mark sweep GC freed 6177(264KB) AllocSpace objects, 0(0B) LOS objects, 33% free, 10MB/15MB, paused 870us total 17.519ms
I/tnet-jni( 1467): 104 - [spdyPingRecvCallback] - 
I/tnet-jni( 1467): 104 - [SpdySessionCallBack.spdyPingRecvCallback] - org.android.spdy.SpdySession@26860312
D/accs.SilenceConn_umeng:56aadbf567e58e38d4000976( 1467):  spdyPingRecvCallback uniId:1678
D/accs.MsgRecv_umeng:56aadbf567e58e38d4000976( 1467):  onRcvPing
D/accs.HeartbeatManager( 1467):  onHeartbeatSucc
D/accs.OrangeAdapter( 1467):  isSmartHb result:true
D/accs.HeartbeatManager( 1467):  set 480
I/art     (  877): Explicit concurrent mark sweep GC freed 3621(188KB) AllocSpace objects, 0(0B) LOS objects, 40% free, 9MB/16MB, paused 232us total 11.305ms
I/art     (  774): Explicit concurrent mark sweep GC freed 6989(284KB) AllocSpace objects, 0(0B) LOS objects, 33% free, 10MB/15MB, paused 596us total 21.313ms
W/GoogleSearch(14902): Error
W/GoogleSearch(14902): org.apache.http.conn.ConnectTimeoutException: Connect to /199.59.148.140:80 timed out
W/GoogleSearch(14902): 	at org.apache.http.conn.scheme.PlainSocketFactory.connectSocket(PlainSocketFactory.java:126)
W/GoogleSearch(14902): 	at org.apache.http.impl.conn.DefaultClientConnectionOperator.openConnection(DefaultClientConnectionOperator.java:149)
W/GoogleSearch(14902): 	at org.apache.http.impl.conn.AbstractPoolEntry.open(AbstractPoolEntry.java:169)
W/GoogleSearch(14902): 	at org.apache.http.impl.conn.AbstractPooledConnAdapter.open(AbstractPooledConnAdapter.java:124)
W/GoogleSearch(14902): 	at org.apache.http.impl.client.DefaultRequestDirector.execute(DefaultRequestDirector.java:365)
W/GoogleSearch(14902): 	at org.apache.http.impl.client.AbstractHttpClient.execute(AbstractHttpClient.java:560)
W/GoogleSearch(14902): 	at org.apache.http.impl.client.AbstractHttpClient.execute(AbstractHttpClient.java:492)
W/GoogleSearch(14902): 	at org.apache.http.impl.client.AbstractHttpClient.execute(AbstractHttpClient.java:470)
W/GoogleSearch(14902): 	at android.net.http.AndroidHttpClient.execute(AndroidHttpClient.java:270)
W/GoogleSearch(14902): 	at com.android.quicksearchbox.google.GoogleSuggestClient.query(GoogleSuggestClient.java:116)
W/GoogleSearch(14902): 	at com.android.quicksearchbox.google.GoogleSuggestClient.queryExternal(GoogleSuggestClient.java:89)
W/GoogleSearch(14902): 	at com.android.quicksearchbox.google.GoogleSuggestionProvider.query(GoogleSuggestionProvider.java:79)
W/GoogleSearch(14902): 	at android.content.ContentProvider.query(ContentProvider.java:966)
W/GoogleSearch(14902): 	at android.content.ContentProvider$Transport.query(ContentProvider.java:211)
W/GoogleSearch(14902): 	at android.content.ContentProviderNative.onTransact(ContentProviderNative.java:112)
W/GoogleSearch(14902): 	at android.os.Binder.execTransact(Binder.java:500)
I/art     (  877): Explicit concurrent mark sweep GC freed 3612(188KB) AllocSpace objects, 0(0B) LOS objects, 39% free, 9MB/16MB, paused 185us total 9.800ms
I/art     (  774): Explicit concurrent mark sweep GC freed 6572(262KB) AllocSpace objects, 0(0B) LOS objects, 33% free, 10MB/15MB, paused 507us total 21.488ms
I/art     (  877): Explicit concurrent mark sweep GC freed 3947(201KB) AllocSpace objects, 0(0B) LOS objects, 39% free, 9MB/16MB, paused 276us total 11.769ms
I/art     (  774): Explicit concurrent mark sweep GC freed 6467(258KB) AllocSpace objects, 0(0B) LOS objects, 33% free, 10MB/15MB, paused 405us total 24.491ms
I/art     (  877): Explicit concurrent mark sweep GC freed 3633(188KB) AllocSpace objects, 0(0B) LOS objects, 40% free, 9MB/16MB, paused 182us total 9.482ms
I/art     (  774): Explicit concurrent mark sweep GC freed 6461(258KB) AllocSpace objects, 0(0B) LOS objects, 33% free, 10MB/15MB, paused 736us total 18.131ms
I/art     (  877): Explicit concurrent mark sweep GC freed 3621(188KB) AllocSpace objects, 0(0B) LOS objects, 40% free, 9MB/16MB, paused 454us total 10.878ms
I/art     (  774): Explicit concurrent mark sweep GC freed 6312(251KB) AllocSpace objects, 0(0B) LOS objects, 33% free, 10MB/15MB, paused 250us total 19.841ms
I/art     (  877): Explicit concurrent mark sweep GC freed 3612(188KB) AllocSpace objects, 0(0B) LOS objects, 40% free, 9MB/16MB, paused 1.831ms total 23.005ms
I/art     (  774): Explicit concurrent mark sweep GC freed 6424(256KB) AllocSpace objects, 0(0B) LOS objects, 33% free, 10MB/15MB, paused 417us total 23.810ms
I/art     (  877): Explicit concurrent mark sweep GC freed 3621(188KB) AllocSpace objects, 0(0B) LOS objects, 40% free, 9MB/16MB, paused 202us total 15.662ms
I/art     (  774): Explicit concurrent mark sweep GC freed 6452(258KB) AllocSpace objects, 0(0B) LOS objects, 33% free, 10MB/15MB, paused 309us total 15.994ms
I/art     (  877): Explicit concurrent mark sweep GC freed 3622(188KB) AllocSpace objects, 0(0B) LOS objects, 40% free, 9MB/16MB, paused 177us total 11.538ms
I/art     (  774): Explicit concurrent mark sweep GC freed 6431(256KB) AllocSpace objects, 0(0B) LOS objects, 33% free, 10MB/15MB, paused 612us total 18.344ms
I/art     (  877): Explicit concurrent mark sweep GC freed 3612(188KB) AllocSpace objects, 0(0B) LOS objects, 39% free, 9MB/16MB, paused 391us total 10.921ms
I/art     (  774): Explicit concurrent mark sweep GC freed 6805(274KB) AllocSpace objects, 0(0B) LOS objects, 33% free, 10MB/15MB, paused 308us total 27.092ms
I/art     (  877): Explicit concurrent mark sweep GC freed 3621(188KB) AllocSpace objects, 0(0B) LOS objects, 39% free, 9MB/16MB, paused 306us total 19.304ms
I/art     (  774): Explicit concurrent mark sweep GC freed 5942(233KB) AllocSpace objects, 0(0B) LOS objects, 33% free, 10MB/15MB, paused 568us total 18.405ms
I/art     (  877): Explicit concurrent mark sweep GC freed 3622(188KB) AllocSpace objects, 0(0B) LOS objects, 39% free, 9MB/16MB, paused 376us total 11.262ms
I/art     (  774): Explicit concurrent mark sweep GC freed 6659(286KB) AllocSpace objects, 0(0B) LOS objects, 33% free, 10MB/15MB, paused 1.778ms total 20.082ms
I/art     (  877): Explicit concurrent mark sweep GC freed 3621(188KB) AllocSpace objects, 0(0B) LOS objects, 39% free, 9MB/16MB, paused 276us total 13.380ms
I/art     (  774): Explicit concurrent mark sweep GC freed 6807(274KB) AllocSpace objects, 0(0B) LOS objects, 33% free, 10MB/15MB, paused 633us total 17.750ms
I/art     (  877): Explicit concurrent mark sweep GC freed 3612(188KB) AllocSpace objects, 0(0B) LOS objects, 40% free, 9MB/16MB, paused 292us total 18.432ms
W/GoogleSearch(14902): Error
W/GoogleSearch(14902): org.apache.http.conn.ConnectTimeoutException: Connect to /199.59.148.140:80 timed out
W/GoogleSearch(14902): 	at org.apache.http.conn.scheme.PlainSocketFactory.connectSocket(PlainSocketFactory.java:126)
W/GoogleSearch(14902): 	at org.apache.http.impl.conn.DefaultClientConnectionOperator.openConnection(DefaultClientConnectionOperator.java:149)
W/GoogleSearch(14902): 	at org.apache.http.impl.conn.AbstractPoolEntry.open(AbstractPoolEntry.java:169)
W/GoogleSearch(14902): 	at org.apache.http.impl.conn.AbstractPooledConnAdapter.open(AbstractPooledConnAdapter.java:124)
W/GoogleSearch(14902): 	at org.apache.http.impl.client.DefaultRequestDirector.execute(DefaultRequestDirector.java:365)
W/GoogleSearch(14902): 	at org.apache.http.impl.client.AbstractHttpClient.execute(AbstractHttpClient.java:560)
W/GoogleSearch(14902): 	at org.apache.http.impl.client.AbstractHttpClient.execute(AbstractHttpClient.java:492)
W/GoogleSearch(14902): 	at org.apache.http.impl.client.AbstractHttpClient.execute(AbstractHttpClient.java:470)
W/GoogleSearch(14902): 	at android.net.http.AndroidHttpClient.execute(AndroidHttpClient.java:270)
W/GoogleSearch(14902): 	at com.android.quicksearchbox.google.GoogleSuggestClient.query(GoogleSuggestClient.java:116)
W/GoogleSearch(14902): 	at com.android.quicksearchbox.google.GoogleSuggestClient.queryExternal(GoogleSuggestClient.java:89)
W/GoogleSearch(14902): 	at com.android.quicksearchbox.google.GoogleSuggestionProvider.query(GoogleSuggestionProvider.java:79)
