I/AppiumUnicodeIME(  914): onKeyUp (keyCode='20', event.keyCode='20', metaState='0')
I/AppiumUnicodeIME(  914): onKeyDown (keyCode='20', event.keyCode='20', metaState='0')
I/AppiumUnicodeIME(  914): onKeyUp (keyCode='20', event.keyCode='20', metaState='0')
I/AppiumUnicodeIME(  914): onKeyDown (keyCode='20', event.keyCode='20', metaState='0')
I/AppiumUnicodeIME(  914): onKeyUp (keyCode='20', event.keyCode='20', metaState='0')
I/AppiumUnicodeIME(  914): onKeyUp (keyCode='21', event.keyCode='21', metaState='0')
I/AppiumUnicodeIME(  914): onKeyDown (keyCode='82', event.keyCode='82', metaState='0')
W/UnimplementedWebViewApi( 1574): Unimplemented WebView method onKeyDown called from: android.webkit.WebView.onKeyDown(WebView.java:2310)
I/AppiumUnicodeIME(  914): onKeyUp (keyCode='82', event.keyCode='82', metaState='0')
I/AppiumUnicodeIME(  914): onKeyDown (keyCode='82', event.keyCode='82', metaState='0')
W/UnimplementedWebViewApi( 1574): Unimplemented WebView method onKeyDown called from: android.webkit.WebView.onKeyDown(WebView.java:2310)
I/ActivityManager(  774): START u0 {act=android.intent.action.MAIN cat=[android.intent.category.LAUNCHER] flg=0x10200000 cmp=com.zzl.falcon.internal/com.zzl.falcon.EntranceActivity} from uid 0 on display 0
W/AudioTrack(  774): AUDIO_OUTPUT_FLAG_FAST denied by client
I/AppiumUnicodeIME(  914): onKeyUp (keyCode='82', event.keyCode='82', metaState='0')
I/AppiumUnicodeIME(  914): onKeyDown (keyCode='19', event.keyCode='19', metaState='0')
I/AppiumUnicodeIME(  914): onKeyUp (keyCode='19', event.keyCode='19', metaState='0')
W/AudioTrack(  774): AUDIO_OUTPUT_FLAG_FAST denied by client
I/AppiumUnicodeIME(  914): onKeyDown (keyCode='87', event.keyCode='87', metaState='0')
I/AppiumUnicodeIME(  914): onKeyUp (keyCode='87', event.keyCode='87', metaState='0')
I/AppiumUnicodeIME(  914): onKeyDown (keyCode='22', event.keyCode='22', metaState='0')
I/AppiumUnicodeIME(  914): onKeyUp (keyCode='22', event.keyCode='22', metaState='0')
I/AppiumUnicodeIME(  914): onKeyDown (keyCode='21', event.keyCode='21', metaState='0')
I/AppiumUnicodeIME(  914): onKeyUp (keyCode='21', event.keyCode='21', metaState='0')
I/AppiumUnicodeIME(  914): onKeyDown (keyCode='82', event.keyCode='82', metaState='0')
W/UnimplementedWebViewApi( 1574): Unimplemented WebView method onKeyDown called from: android.webkit.WebView.onKeyDown(WebView.java:2310)
I/AppiumUnicodeIME(  914): onKeyUp (keyCode='82', event.keyCode='82', metaState='0')
W/AudioTrack(  774): AUDIO_OUTPUT_FLAG_FAST denied by client
I/AppiumUnicodeIME(  914): onKeyDown (keyCode='82', event.keyCode='82', metaState='0')
W/UnimplementedWebViewApi( 1574): Unimplemented WebView method onKeyDown called from: android.webkit.WebView.onKeyDown(WebView.java:2310)
I/AppiumUnicodeIME(  914): onKeyUp (keyCode='82', event.keyCode='82', metaState='0')
I/AppiumUnicodeIME(  914): onKeyDown (keyCode='214', event.keyCode='214', metaState='0')
W/AudioTrack(  774): AUDIO_OUTPUT_FLAG_FAST denied by client
I/AppiumUnicodeIME(  914): onKeyUp (keyCode='214', event.keyCode='214', metaState='0')
W/IntentResolver(  774): resolveIntent failed: found match, but none with CATEGORY_DEFAULT
I/ActivityManager(  774): START u0 {act=android.intent.action.MAIN cat=[android.intent.category.LAUNCHER] flg=0x10000000 sel=act=android.intent.action.MAIN cat=[android.intent.category.APP_CALCULATOR]}} from uid 1000 on display 0
I/AppiumUnicodeIME(  914): onKeyDown (keyCode='21', event.keyCode='21', metaState='0')
I/AppiumUnicodeIME(  914): onKeyDown (keyCode='21', event.keyCode='21', metaState='0')
I/AppiumUnicodeIME(  914): onKeyUp (keyCode='21', event.keyCode='21', metaState='0')
I/AppiumUnicodeIME(  914): onKeyDown (keyCode='21', event.keyCode='21', metaState='0')
I/AppiumUnicodeIME(  914): onKeyUp (keyCode='21', event.keyCode='21', metaState='0')
I/AppiumUnicodeIME(  914): onKeyDown (keyCode='21', event.keyCode='21', metaState='0')
I/AppiumUnicodeIME(  914): onKeyUp (keyCode='21', event.keyCode='21', metaState='0')
I/AppiumUnicodeIME(  914): onKeyDown (keyCode='21', event.keyCode='21', metaState='0')
I/AppiumUnicodeIME(  914): onKeyUp (keyCode='21', event.keyCode='21', metaState='0')
I/AppiumUnicodeIME(  914): onKeyUp (keyCode='210', event.keyCode='210', metaState='0')
W/UnimplementedWebViewApi( 1574): Unimplemented WebView method onKeyMultiple called from: android.webkit.WebView.onKeyMultiple(WebView.java:2320)
W/UnimplementedWebViewApi( 1574): Unimplemented WebView method onKeyDown called from: android.webkit.WebView.onKeyDown(WebView.java:2310)
I/AppiumUnicodeIME(  914): onKeyDown (keyCode='23', event.keyCode='23', metaState='0')
I/AppiumUnicodeIME(  914): onKeyUp (keyCode='23', event.keyCode='23', metaState='0')
I/AppiumUnicodeIME(  914): onKeyDown (keyCode='21', event.keyCode='21', metaState='0')
I/AppiumUnicodeIME(  914): onKeyDown (keyCode='21', event.keyCode='21', metaState='0')
I/AppiumUnicodeIME(  914): onKeyUp (keyCode='21', event.keyCode='21', metaState='0')
I/AppiumUnicodeIME(  914): onKeyDown (keyCode='21', event.keyCode='21', metaState='0')
I/AppiumUnicodeIME(  914): onKeyUp (keyCode='21', event.keyCode='21', metaState='0')
I/AppiumUnicodeIME(  914): onKeyDown (keyCode='21', event.keyCode='21', metaState='0')
I/AppiumUnicodeIME(  914): onKeyUp (keyCode='21', event.keyCode='21', metaState='0')
I/AppiumUnicodeIME(  914): onKeyDown (keyCode='21', event.keyCode='21', metaState='0')
I/AppiumUnicodeIME(  914): onKeyUp (keyCode='21', event.keyCode='21', metaState='0')
I/AppiumUnicodeIME(  914): onKeyDown (keyCode='82', event.keyCode='82', metaState='0')
W/UnimplementedWebViewApi( 1574): Unimplemented WebView method onKeyMultiple called from: android.webkit.WebView.onKeyMultiple(WebView.java:2320)
W/UnimplementedWebViewApi( 1574): Unimplemented WebView method onKeyDown called from: android.webkit.WebView.onKeyDown(WebView.java:2310)
W/UnimplementedWebViewApi( 1574): Unimplemented WebView method onKeyDown called from: android.webkit.WebView.onKeyDown(WebView.java:2310)
I/AppiumUnicodeIME(  914): onKeyUp (keyCode='82', event.keyCode='82', metaState='0')
I/AppiumUnicodeIME(  914): onKeyDown (keyCode='20', event.keyCode='20', metaState='0')
I/AppiumUnicodeIME(  914): onKeyUp (keyCode='20', event.keyCode='20', metaState='0')
W/AudioTrack(  774): AUDIO_OUTPUT_FLAG_FAST denied by client
I/AppiumUnicodeIME(  914): onKeyDown (keyCode='150', event.keyCode='150', metaState='0')
I/AppiumUnicodeIME(  914): onKeyUp (keyCode='150', event.keyCode='150', metaState='0')
I/AppiumUnicodeIME(  914): onKeyDown (keyCode='22', event.keyCode='22', metaState='0')
I/AppiumUnicodeIME(  914): onKeyDown (keyCode='22', event.keyCode='22', metaState='0')
I/AppiumUnicodeIME(  914): onKeyUp (keyCode='22', event.keyCode='22', metaState='0')
I/AppiumUnicodeIME(  914): onKeyDown (keyCode='23', event.keyCode='23', metaState='0')
I/AppiumUnicodeIME(  914): onKeyUp (keyCode='23', event.keyCode='23', metaState='0')
I/AppiumUnicodeIME(  914): onKeyUp (keyCode='22', event.keyCode='22', metaState='0')
I/art     (  774): Explicit concurrent mark sweep GC freed 7871(363KB) AllocSpace objects, 2(32KB) LOS objects, 33% free, 9MB/14MB, paused 496us total 35.823ms
I/AppiumUnicodeIME(  914): onKeyDown (keyCode='23', event.keyCode='23', metaState='0')
I/AppiumUnicodeIME(  914): onKeyUp (keyCode='23', event.keyCode='23', metaState='0')
I/AppiumUnicodeIME(  914): onKeyDown (keyCode='22', event.keyCode='22', metaState='0')
I/AppiumUnicodeIME(  914): onKeyUp (keyCode='22', event.keyCode='22', metaState='0')
I/AppiumUnicodeIME(  914): onKeyDown (keyCode='23', event.keyCode='23', metaState='0')
I/AppiumUnicodeIME(  914): onKeyUp (keyCode='23', event.keyCode='23', metaState='0')
I/AppiumUnicodeIME(  914): onKeyDown (keyCode='20', event.keyCode='20', metaState='0')
I/AppiumUnicodeIME(  914): onKeyUp (keyCode='20', event.keyCode='20', metaState='0')
I/AppiumUnicodeIME(  914): onKeyDown (keyCode='21', event.keyCode='21', metaState='0')
I/AppiumUnicodeIME(  914): onKeyUp (keyCode='21', event.keyCode='21', metaState='0')
I/AppiumUnicodeIME(  914): onKeyDown (keyCode='82', event.keyCode='82', metaState='0')
W/UnimplementedWebViewApi( 1574): Unimplemented WebView method onKeyDown called from: android.webkit.WebView.onKeyDown(WebView.java:2310)
I/AppiumUnicodeIME(  914): onKeyUp (keyCode='82', event.keyCode='82', metaState='0')
W/AudioTrack(  774): AUDIO_OUTPUT_FLAG_FAST denied by client
I/AppiumUnicodeIME(  914): onKeyDown (keyCode='82', event.keyCode='82', metaState='0')
W/UnimplementedWebViewApi( 1574): Unimplemented WebView method onKeyDown called from: android.webkit.WebView.onKeyDown(WebView.java:2310)
I/AppiumUnicodeIME(  914): onKeyUp (keyCode='82', event.keyCode='82', metaState='0')
I/AppiumUnicodeIME(  914): onKeyDown (keyCode='173', event.keyCode='173', metaState='0')
W/AudioTrack(  774): AUDIO_OUTPUT_FLAG_FAST denied by client
I/AppiumUnicodeIME(  914): onKeyUp (keyCode='173', event.keyCode='173', metaState='0')
I/AppiumUnicodeIME(  914): onKeyDown (keyCode='19', event.keyCode='19', metaState='0')
I/AppiumUnicodeIME(  914): onKeyUp (keyCode='19', event.keyCode='19', metaState='0')
I/AppiumUnicodeIME(  914): onKeyDown (keyCode='23', event.keyCode='23', metaState='0')
I/AppiumUnicodeIME(  914): onKeyUp (keyCode='23', event.keyCode='23', metaState='0')
I/ActivityManager(  774): START u0 {act=android.intent.action.MAIN cat=[android.intent.category.LAUNCHER] flg=0x10200000 cmp=com.zzl.falcon.internal/com.zzl.falcon.EntranceActivity} from uid 0 on display 0
I/AppiumUnicodeIME(  914): onKeyDown (keyCode='29', event.keyCode='29', metaState='0')
I/AppiumUnicodeIME(  914): onKeyUp (keyCode='29', event.keyCode='29', metaState='0')
I/AppiumUnicodeIME(  914): onKeyDown (keyCode='21', event.keyCode='21', metaState='0')
I/AppiumUnicodeIME(  914): onKeyUp (keyCode='21', event.keyCode='21', metaState='0')
D/PhoneStatusBar(  877): disable: < expand ICONS* alerts SYSTEM_INFO* back home recent clock search >
W/EGL_emulation(  877): eglSurfaceAttrib not implemented
W/OpenGLRenderer(  877): Failed to set EGL_SWAP_BEHAVIOR on surface 0xe1c05720, error=EGL_SUCCESS
W/ViewRootImpl(  877): Dropping event due to no window focus: KeyEvent { action=ACTION_DOWN, keyCode=KEYCODE_L, scanCode=0, metaState=0, flags=0x8, repeatCount=0, eventTime=175661354, downTime=175661354, deviceId=-1, source=0x101 }
D/PhoneStatusBar(  877): disable: < expand icons* alerts system_info* back home recent clock search >
W/EGL_emulation(  877): eglSurfaceAttrib not implemented
W/OpenGLRenderer(  877): Failed to set EGL_SWAP_BEHAVIOR on surface 0xe1c05720, error=EGL_SUCCESS
W/ViewRootImpl(  877): Cancelling event due to no window focus: KeyEvent { action=ACTION_UP, keyCode=KEYCODE_L, scanCode=0, metaState=0, flags=0x28, repeatCount=0, eventTime=175661442, downTime=175661442, deviceId=-1, source=0x101 }
W/ViewRootImpl(  877): Cancelling event due to no window focus: KeyEvent { action=ACTION_UP, keyCode=KEYCODE_L, scanCode=0, metaState=0, flags=0x28, repeatCount=0, eventTime=175661442, downTime=175661442, deviceId=-1, source=0x101 }
W/ViewRootImpl(  877): Cancelling event due to no window focus: KeyEvent { action=ACTION_UP, keyCode=KEYCODE_L, scanCode=0, metaState=0, flags=0x28, repeatCount=0, eventTime=175661442, downTime=175661442, deviceId=-1, source=0x101 }
W/ViewRootImpl(  877): Cancelling event due to no window focus: KeyEvent { action=ACTION_UP, keyCode=KEYCODE_L, scanCode=0, metaState=0, flags=0x28, repeatCount=0, eventTime=175661442, downTime=175661442, deviceId=-1, source=0x101 }
W/ViewRootImpl(  877): Cancelling event due to no window focus: KeyEvent { action=ACTION_UP, keyCode=KEYCODE_L, scanCode=0, metaState=0, flags=0x28, repeatCount=0, eventTime=175661442, downTime=175661442, deviceId=-1, source=0x101 }
W/ViewRootImpl(  877): Cancelling event due to no window focus: KeyEvent { action=ACTION_UP, keyCode=KEYCODE_L, scanCode=0, metaState=0, flags=0x28, repeatCount=0, eventTime=175661442, downTime=175661442, deviceId=-1, source=0x101 }
W/ViewRootImpl(  877): Cancelling event due to no window focus: KeyEvent { action=ACTION_UP, keyCode=KEYCODE_L, scanCode=0, metaState=0, flags=0x28, repeatCount=0, eventTime=175661442, downTime=175661442, deviceId=-1, source=0x101 }
W/ViewRootImpl(  877): Cancelling event due to no window focus: KeyEvent { action=ACTION_UP, keyCode=KEYCODE_L, scanCode=0, metaState=0, flags=0x28, repeatCount=0, eventTime=175661442, downTime=175661442, deviceId=-1, source=0x101 }
W/ViewRootImpl(  877): Cancelling event due to no window focus: KeyEvent { action=ACTION_UP, keyCode=KEYCODE_L, scanCode=0, metaState=0, flags=0x28, repeatCount=0, eventTime=175661442, downTime=175661442, deviceId=-1, source=0x101 }
W/InputMethodManagerService(  774): Window already focused, ignoring focus gain of: com.android.internal.view.IInputMethodClient$Stub$Proxy@25a54893 attribute=null, token = android.os.BinderProxy@3d7a9015
I/AppiumUnicodeIME(  914): onKeyDown (keyCode='19', event.keyCode='19', metaState='0')
I/AppiumUnicodeIME(  914): onKeyUp (keyCode='19', event.keyCode='19', metaState='0')
I/AppiumUnicodeIME(  914): onKeyDown (keyCode='19', event.keyCode='19', metaState='0')
I/AppiumUnicodeIME(  914): onKeyUp (keyCode='19', event.keyCode='19', metaState='0')
I/AppiumUnicodeIME(  914): onKeyDown (keyCode='19', event.keyCode='19', metaState='0')
I/AppiumUnicodeIME(  914): onKeyUp (keyCode='19', event.keyCode='19', metaState='0')
I/AppiumUnicodeIME(  914): onKeyDown (keyCode='19', event.keyCode='19', metaState='0')
I/Choreographer( 1574): Skipped 34 frames!  The application may be doing too much work on its main thread.
I/AppiumUnicodeIME(  914): onKeyUp (keyCode='19', event.keyCode='19', metaState='0')
I/AppiumUnicodeIME(  914): onKeyDown (keyCode='22', event.keyCode='22', metaState='0')
I/AppiumUnicodeIME(  914): onKeyUp (keyCode='22', event.keyCode='22', metaState='0')
I/AppiumUnicodeIME(  914): onKeyDown (keyCode='108', event.keyCode='108', metaState='0')
I/AppiumUnicodeIME(  914): onKeyUp (keyCode='108', event.keyCode='108', metaState='0')
I/AppiumUnicodeIME(  914): onKeyDown (keyCode='23', event.keyCode='23', metaState='0')
I/art     (  877): Explicit concurrent mark sweep GC freed 4425(234KB) AllocSpace objects, 0(0B) LOS objects, 40% free, 9MB/15MB, paused 683us total 22.737ms
I/AppiumUnicodeIME(  914): onKeyDown (keyCode='21', event.keyCode='21', metaState='0')
I/AppiumUnicodeIME(  914): onKeyUp (keyCode='21', event.keyCode='21', metaState='0')
I/AppiumUnicodeIME(  914): onKeyDown (keyCode='21', event.keyCode='21', metaState='0')
I/AppiumUnicodeIME(  914): onKeyUp (keyCode='21', event.keyCode='21', metaState='0')
I/AppiumUnicodeIME(  914): onKeyDown (keyCode='21', event.keyCode='21', metaState='0')
I/AppiumUnicodeIME(  914): onKeyUp (keyCode='21', event.keyCode='21', metaState='0')
I/AppiumUnicodeIME(  914): onKeyDown (keyCode='21', event.keyCode='21', metaState='0')
I/AppiumUnicodeIME(  914): onKeyUp (keyCode='21', event.keyCode='21', metaState='0')
I/AppiumUnicodeIME(  914): onKeyDown (keyCode='22', event.keyCode='22', metaState='0')
I/AppiumUnicodeIME(  914): onKeyUp (keyCode='22', event.keyCode='22', metaState='0')
I/AppiumUnicodeIME(  914): onKeyDown (keyCode='22', event.keyCode='22', metaState='0')
I/AppiumUnicodeIME(  914): onKeyUp (keyCode='22', event.keyCode='22', metaState='0')
I/AppiumUnicodeIME(  914): onKeyDown (keyCode='22', event.keyCode='22', metaState='0')
I/AppiumUnicodeIME(  914): onKeyUp (keyCode='22', event.keyCode='22', metaState='0')
I/AppiumUnicodeIME(  914): onKeyDown (keyCode='62', event.keyCode='62', metaState='0')
I/AppiumUnicodeIME(  914): onKeyUp (keyCode='23', event.keyCode='23', metaState='0')
I/AppiumUnicodeIME(  914): onKeyUp (keyCode='62', event.keyCode='62', metaState='0')
I/AppiumUnicodeIME(  914): onKeyDown (keyCode='19', event.keyCode='19', metaState='0')
I/AppiumUnicodeIME(  914): onKeyUp (keyCode='19', event.keyCode='19', metaState='0')
I/AppiumUnicodeIME(  914): onKeyDown (keyCode='82', event.keyCode='82', metaState='0')
W/UnimplementedWebViewApi( 1574): Unimplemented WebView method onKeyDown called from: android.webkit.WebView.onKeyDown(WebView.java:2310)
I/AppiumUnicodeIME(  914): onKeyUp (keyCode='82', event.keyCode='82', metaState='0')
I/AppiumUnicodeIME(  914): onKeyDown (keyCode='82', event.keyCode='82', metaState='0')
W/AudioTrack(  774): AUDIO_OUTPUT_FLAG_FAST denied by client
W/UnimplementedWebViewApi( 1574): Unimplemented WebView method onKeyDown called from: android.webkit.WebView.onKeyDown(WebView.java:2310)
I/AppiumUnicodeIME(  914): onKeyUp (keyCode='82', event.keyCode='82', metaState='0')
I/AppiumUnicodeIME(  914): onKeyDown (keyCode='23', event.keyCode='23', metaState='0')
W/AudioTrack(  774): AUDIO_OUTPUT_FLAG_FAST denied by client
I/AppiumUnicodeIME(  914): onKeyUp (keyCode='23', event.keyCode='23', metaState='0')
I/AppiumUnicodeIME(  914): onKeyDown (keyCode='23', event.keyCode='23', metaState='0')
I/AppiumUnicodeIME(  914): onKeyUp (keyCode='23', event.keyCode='23', metaState='0')
I/AppiumUnicodeIME(  914): onKeyDown (keyCode='19', event.keyCode='19', metaState='0')
I/AppiumUnicodeIME(  914): onKeyUp (keyCode='19', event.keyCode='19', metaState='0')
I/AppiumUnicodeIME(  914): onKeyDown (keyCode='19', event.keyCode='19', metaState='0')
I/AppiumUnicodeIME(  914): onKeyUp (keyCode='19', event.keyCode='19', metaState='0')
I/AppiumUnicodeIME(  914): onKeyDown (keyCode='19', event.keyCode='19', metaState='0')
I/AppiumUnicodeIME(  914): onKeyUp (keyCode='19', event.keyCode='19', metaState='0')
I/AppiumUnicodeIME(  914): onKeyDown (keyCode='19', event.keyCode='19', metaState='0')
I/ActivityManager(  774): START u0 {act=android.intent.action.MAIN cat=[android.intent.category.LAUNCHER] flg=0x10200000 cmp=com.zzl.falcon.internal/com.zzl.falcon.EntranceActivity} from uid 0 on display 0
I/AppiumUnicodeIME(  914): onKeyUp (keyCode='19', event.keyCode='19', metaState='0')
I/AppiumUnicodeIME(  914): onKeyDown (keyCode='82', event.keyCode='82', metaState='0')
W/UnimplementedWebViewApi( 1574): Unimplemented WebView method onKeyDown called from: android.webkit.WebView.onKeyDown(WebView.java:2310)
I/AppiumUnicodeIME(  914): onKeyUp (keyCode='82', event.keyCode='82', metaState='0')
W/AudioTrack(  774): AUDIO_OUTPUT_FLAG_FAST denied by client
I/AppiumUnicodeIME(  914): onKeyDown (keyCode='22', event.keyCode='22', metaState='0')
I/AppiumUnicodeIME(  914): onKeyUp (keyCode='22', event.keyCode='22', metaState='0')
I/AppiumUnicodeIME(  914): onKeyDown (keyCode='82', event.keyCode='82', metaState='0')
W/UnimplementedWebViewApi( 1574): Unimplemented WebView method onKeyDown called from: android.webkit.WebView.onKeyDown(WebView.java:2310)
I/AppiumUnicodeIME(  914): onKeyUp (keyCode='82', event.keyCode='82', metaState='0')
W/AudioTrack(  774): AUDIO_OUTPUT_FLAG_FAST denied by client
D/PhoneStatusBar(  877): disable: < expand ICONS* alerts SYSTEM_INFO* back home recent clock search >
D/PhoneStatusBar(  877): disable: < expand icons* alerts system_info* back home recent clock search >
I/AppiumUnicodeIME(  914): onKeyDown (keyCode='22', event.keyCode='22', metaState='0')
I/AppiumUnicodeIME(  914): onKeyUp (keyCode='22', event.keyCode='22', metaState='0')
I/AppiumUnicodeIME(  914): onKeyDown (keyCode='22', event.keyCode='22', metaState='0')
I/AppiumUnicodeIME(  914): onKeyUp (keyCode='22', event.keyCode='22', metaState='0')
I/AppiumUnicodeIME(  914): onKeyDown (keyCode='22', event.keyCode='22', metaState='0')
I/AppiumUnicodeIME(  914): onKeyUp (keyCode='22', event.keyCode='22', metaState='0')
I/AppiumUnicodeIME(  914): onKeyDown (keyCode='22', event.keyCode='22', metaState='0')
I/AppiumUnicodeIME(  914): onKeyUp (keyCode='22', event.keyCode='22', metaState='0')
I/AppiumUnicodeIME(  914): onKeyDown (keyCode='19', event.keyCode='19', metaState='0')
I/AppiumUnicodeIME(  914): onKeyUp (keyCode='19', event.keyCode='19', metaState='0')
I/AppiumUnicodeIME(  914): onKeyDown (keyCode='19', event.keyCode='19', metaState='0')
I/AppiumUnicodeIME(  914): onKeyUp (keyCode='19', event.keyCode='19', metaState='0')
I/AppiumUnicodeIME(  914): onKeyDown (keyCode='21', event.keyCode='21', metaState='0')
I/AppiumUnicodeIME(  914): onKeyUp (keyCode='21', event.keyCode='21', metaState='0')
I/AppiumUnicodeIME(  914): onKeyDown (keyCode='20', event.keyCode='20', metaState='0')
I/AppiumUnicodeIME(  914): onKeyUp (keyCode='20', event.keyCode='20', metaState='0')
I/AppiumUnicodeIME(  914): onKeyDown (keyCode='20', event.keyCode='20', metaState='0')
I/AppiumUnicodeIME(  914): onKeyUp (keyCode='20', event.keyCode='20', metaState='0')
I/AppiumUnicodeIME(  914): onKeyDown (keyCode='20', event.keyCode='20', metaState='0')
I/AppiumUnicodeIME(  914): onKeyUp (keyCode='20', event.keyCode='20', metaState='0')
I/AppiumUnicodeIME(  914): onKeyDown (keyCode='20', event.keyCode='20', metaState='0')
I/AppiumUnicodeIME(  914): onKeyUp (keyCode='20', event.keyCode='20', metaState='0')
I/AppiumUnicodeIME(  914): onKeyDown (keyCode='19', event.keyCode='19', metaState='0')
I/AppiumUnicodeIME(  914): onKeyDown (keyCode='19', event.keyCode='19', metaState='0')
I/AppiumUnicodeIME(  914): onKeyUp (keyCode='19', event.keyCode='19', metaState='0')
I/AppiumUnicodeIME(  914): onKeyDown (keyCode='19', event.keyCode='19', metaState='0')
I/AppiumUnicodeIME(  914): onKeyUp (keyCode='19', event.keyCode='19', metaState='0')
I/AppiumUnicodeIME(  914): onKeyDown (keyCode='19', event.keyCode='19', metaState='0')
I/AppiumUnicodeIME(  914): onKeyUp (keyCode='19', event.keyCode='19', metaState='0')
I/AppiumUnicodeIME(  914): onKeyDown (keyCode='19', event.keyCode='19', metaState='0')
I/AppiumUnicodeIME(  914): onKeyUp (keyCode='19', event.keyCode='19', metaState='0')
I/AppiumUnicodeIME(  914): onKeyDown (keyCode='82', event.keyCode='82', metaState='0')
W/UnimplementedWebViewApi( 1574): Unimplemented WebView method onKeyMultiple called from: android.webkit.WebView.onKeyMultiple(WebView.java:2320)
W/UnimplementedWebViewApi( 1574): Unimplemented WebView method onKeyDown called from: android.webkit.WebView.onKeyDown(WebView.java:2310)
W/UnimplementedWebViewApi( 1574): Unimplemented WebView method onKeyDown called from: android.webkit.WebView.onKeyDown(WebView.java:2310)
I/AppiumUnicodeIME(  914): onKeyUp (keyCode='82', event.keyCode='82', metaState='0')
W/AudioTrack(  774): AUDIO_OUTPUT_FLAG_FAST denied by client
I/art     (14760): System.exit called, status: 0
I/AndroidRuntime(14760): VM exiting with result code 0.
I/art     (  774): Explicit concurrent mark sweep GC freed 9532(395KB) AllocSpace objects, 0(0B) LOS objects, 33% free, 9MB/14MB, paused 578us total 22.999ms
I/art     (  877): Explicit concurrent mark sweep GC freed 4606(225KB) AllocSpace objects, 0(0B) LOS objects, 40% free, 9MB/15MB, paused 351us total 16.755ms
I/art     ( 1574): Explicit concurrent mark sweep GC freed 74284(3MB) AllocSpace objects, 7(112KB) LOS objects, 40% free, 16MB/27MB, paused 889us total 42.934ms
I/art     ( 1574): Explicit concurrent mark sweep GC freed 950(54KB) AllocSpace objects, 0(0B) LOS objects, 39% free, 16MB/26MB, paused 291us total 24.053ms
I/art     ( 1574): Explicit concurrent mark sweep GC freed 3(96B) AllocSpace objects, 0(0B) LOS objects, 39% free, 16MB/26MB, paused 507us total 18.026ms
I/art     ( 1574): Explicit concurrent mark sweep GC freed 3(96B) AllocSpace objects, 0(0B) LOS objects, 39% free, 16MB/26MB, paused 648us total 19.526ms
I/art     ( 1574): Explicit concurrent mark sweep GC freed 3(96B) AllocSpace objects, 0(0B) LOS objects, 39% free, 16MB/26MB, paused 400us total 17.075ms
I/art     (  774): Explicit concurrent mark sweep GC freed 7087(326KB) AllocSpace objects, 3(48KB) LOS objects, 33% free, 9MB/14MB, paused 246us total 17.359ms
I/art     (  877): Explicit concurrent mark sweep GC freed 3630(188KB) AllocSpace objects, 0(0B) LOS objects, 39% free, 9MB/15MB, paused 470us total 17.585ms
I/art     (  774): Explicit concurrent mark sweep GC freed 6531(261KB) AllocSpace objects, 0(0B) LOS objects, 33% free, 9MB/14MB, paused 304us total 17.688ms
I/art     (  877): Explicit concurrent mark sweep GC freed 3622(188KB) AllocSpace objects, 0(0B) LOS objects, 39% free, 9MB/15MB, paused 531us total 10.958ms
I/art     (  774): Explicit concurrent mark sweep GC freed 6413(279KB) AllocSpace objects, 2(32KB) LOS objects, 33% free, 9MB/14MB, paused 436us total 20.724ms
I/art     (  877): Explicit concurrent mark sweep GC freed 3612(188KB) AllocSpace objects, 0(0B) LOS objects, 40% free, 9MB/15MB, paused 270us total 10.001ms
D/awcn.DefaultHeartbeatImpl( 1574): |[seq:umeng:56aadbf567e58e38d4000976.AWCN1_1] heartbeat session:Session@[umeng:56aadbf567e58e38d4000976.AWCN1_1|http2_0rtt_acs]
D/awcn.TnetSpdySession( 1574): |[seq:umeng:56aadbf567e58e38d4000976.AWCN1_1] ping host:https://umengacs.m.taobao.com thread:AWCN Scheduler1
D/awcn.TnetSpdySession( 1574): |[seq:umeng:56aadbf567e58e38d4000976.AWCN1_1] https://umengacs.m.taobao.com submit ping ms:45051 force:true
D/awcn.DefaultHeartbeatImpl( 1574): |[seq:umeng:56aadbf567e58e38d4000976.AWCN1_1] reSchedule session:Session@[umeng:56aadbf567e58e38d4000976.AWCN1_1|http2_0rtt_acs] delay:45051
I/awcn.TnetSpdySession( 1574): |[seq:umeng:56aadbf567e58e38d4000976.AWCN1_1] ping receive Host:https://umengacs.m.taobao.com id:7795
I/art     (  774): Explicit concurrent mark sweep GC freed 6458(257KB) AllocSpace objects, 0(0B) LOS objects, 33% free, 9MB/14MB, paused 505us total 19.474ms
I/art     (  877): Explicit concurrent mark sweep GC freed 3621(188KB) AllocSpace objects, 0(0B) LOS objects, 40% free, 9MB/15MB, paused 220us total 11.149ms
I/art     (  774): Explicit concurrent mark sweep GC freed 6433(257KB) AllocSpace objects, 0(0B) LOS objects, 33% free, 9MB/14MB, paused 809us total 28.129ms
I/art     (  877): Explicit concurrent mark sweep GC freed 3621(188KB) AllocSpace objects, 0(0B) LOS objects, 40% free, 9MB/15MB, paused 286us total 14.620ms
I/art     (  774): Explicit concurrent mark sweep GC freed 6668(287KB) AllocSpace objects, 0(0B) LOS objects, 33% free, 9MB/14MB, paused 518us total 18.015ms
I/art     (  877): Explicit concurrent mark sweep GC freed 3622(188KB) AllocSpace objects, 0(0B) LOS objects, 40% free, 9MB/15MB, paused 224us total 13.866ms
I/art     (  774): Explicit concurrent mark sweep GC freed 6319(251KB) AllocSpace objects, 0(0B) LOS objects, 33% free, 9MB/14MB, paused 659us total 18.024ms
I/art     (  877): Explicit concurrent mark sweep GC freed 3612(188KB) AllocSpace objects, 0(0B) LOS objects, 39% free, 9MB/15MB, paused 199us total 11.270ms
I/art     (  774): Explicit concurrent mark sweep GC freed 6511(259KB) AllocSpace objects, 0(0B) LOS objects, 33% free, 9MB/14MB, paused 330us total 16.860ms
I/art     (  877): Explicit concurrent mark sweep GC freed 3950(201KB) AllocSpace objects, 0(0B) LOS objects, 39% free, 9MB/15MB, paused 401us total 10.577ms
I/art     (  774): Explicit concurrent mark sweep GC freed 6471(259KB) AllocSpace objects, 0(0B) LOS objects, 33% free, 9MB/14MB, paused 369us total 17.917ms
I/art     (  877): Explicit concurrent mark sweep GC freed 3642(189KB) AllocSpace objects, 0(0B) LOS objects, 39% free, 9MB/15MB, paused 222us total 10.499ms
I/art     (  774): Explicit concurrent mark sweep GC freed 6488(259KB) AllocSpace objects, 0(0B) LOS objects, 33% free, 9MB/14MB, paused 644us total 21.869ms
I/art     (  877): Explicit concurrent mark sweep GC freed 3621(188KB) AllocSpace objects, 0(0B) LOS objects, 39% free, 9MB/15MB, paused 190us total 13.352ms
I/art     (  774): Explicit concurrent mark sweep GC freed 6312(251KB) AllocSpace objects, 0(0B) LOS objects, 33% free, 9MB/14MB, paused 449us total 17.423ms
I/art     (  877): Explicit concurrent mark sweep GC freed 3612(188KB) AllocSpace objects, 0(0B) LOS objects, 40% free, 9MB/15MB, paused 235us total 9.761ms
D/awcn.DefaultHeartbeatImpl( 1574): |[seq:umeng:56aadbf567e58e38d4000976.AWCN1_1] heartbeat session:Session@[umeng:56aadbf567e58e38d4000976.AWCN1_1|http2_0rtt_acs]
D/awcn.TnetSpdySession( 1574): |[seq:umeng:56aadbf567e58e38d4000976.AWCN1_1] ping host:https://umengacs.m.taobao.com thread:AWCN Scheduler1
D/awcn.TnetSpdySession( 1574): |[seq:umeng:56aadbf567e58e38d4000976.AWCN1_1] https://umengacs.m.taobao.com submit ping ms:45050 force:true
D/awcn.DefaultHeartbeatImpl( 1574): |[seq:umeng:56aadbf567e58e38d4000976.AWCN1_1] reSchedule session:Session@[umeng:56aadbf567e58e38d4000976.AWCN1_1|http2_0rtt_acs] delay:45050
I/awcn.TnetSpdySession( 1574): |[seq:umeng:56aadbf567e58e38d4000976.AWCN1_1] ping receive Host:https://umengacs.m.taobao.com id:7797
I/art     (  774): Explicit concurrent mark sweep GC freed 6674(277KB) AllocSpace objects, 1(16KB) LOS objects, 33% free, 9MB/14MB, paused 584us total 20.402ms
I/art     (  877): Explicit concurrent mark sweep GC freed 3621(188KB) AllocSpace objects, 0(0B) LOS objects, 40% free, 9MB/15MB, paused 192us total 10.998ms
I/art     (  774): Explicit concurrent mark sweep GC freed 6553(265KB) AllocSpace objects, 0(0B) LOS objects, 33% free, 9MB/14MB, paused 316us total 17.083ms
I/art     (  877): Explicit concurrent mark sweep GC freed 3622(188KB) AllocSpace objects, 0(0B) LOS objects, 40% free, 9MB/15MB, paused 678us total 14.565ms
I/art     (  774): Explicit concurrent mark sweep GC freed 6435(256KB) AllocSpace objects, 0(0B) LOS objects, 33% free, 9MB/14MB, paused 269us total 17.297ms
I/art     (  877): Explicit concurrent mark sweep GC freed 3612(188KB) AllocSpace objects, 0(0B) LOS objects, 39% free, 9MB/15MB, paused 354us total 11.086ms
I/art     (  774): Explicit concurrent mark sweep GC freed 6805(273KB) AllocSpace objects, 0(0B) LOS objects, 33% free, 9MB/14MB, paused 554us total 17.994ms
I/art     (  877): Explicit concurrent mark sweep GC freed 3621(188KB) AllocSpace objects, 0(0B) LOS objects, 39% free, 9MB/15MB, paused 190us total 10.821ms
I/art     (  774): Explicit concurrent mark sweep GC freed 5942(234KB) AllocSpace objects, 0(0B) LOS objects, 33% free, 9MB/14MB, paused 355us total 18.378ms
I/art     (  877): Explicit concurrent mark sweep GC freed 3621(188KB) AllocSpace objects, 0(0B) LOS objects, 39% free, 9MB/15MB, paused 266us total 9.824ms
D/PhoneStatusBar(  877): disable: < expand ICONS* alerts SYSTEM_INFO* back home recent clock search >
W/EGL_emulation(  877): eglSurfaceAttrib not implemented
W/OpenGLRenderer(  877): Failed to set EGL_SWAP_BEHAVIOR on surface 0xe1c05720, error=EGL_SUCCESS
D/PhoneStatusBar(  877): disable: < expand icons* alerts system_info* back home recent clock search >
W/InputMethodManagerService(  774): Window already focused, ignoring focus gain of: com.android.internal.view.IInputMethodClient$Stub$Proxy@182ee0d0 attribute=null, token = android.os.BinderProxy@3d7a9015
W/EGL_emulation(  877): eglSurfaceAttrib not implemented
W/OpenGLRenderer(  877): Failed to set EGL_SWAP_BEHAVIOR on surface 0xe1c05720, error=EGL_SUCCESS
I/art     (  774): Explicit concurrent mark sweep GC freed 6844(295KB) AllocSpace objects, 0(0B) LOS objects, 33% free, 9MB/14MB, paused 861us total 39.476ms
I/art     (  877): Explicit concurrent mark sweep GC freed 4339(216KB) AllocSpace objects, 0(0B) LOS objects, 39% free, 9MB/15MB, paused 281us total 9.908ms
I/ActivityManager(  774): START u0 {act=android.intent.action.MAIN cat=[android.intent.category.HOME] flg=0x10200000 cmp=com.android.launcher3/.Launcher} from uid 1000 on display 0
W/AudioTrack(  774): AUDIO_OUTPUT_FLAG_FAST denied by client
D/PermissionCache(  759): checking android.permission.READ_FRAME_BUFFER for uid=1000 => granted (664 us)
D/        (  774): HostConnection::get() New Host Connection established 0xe165e8d0, tid 824
E/EGL_emulation(  759): tid 759: eglCreateSyncKHR(1209): error 0x3004 (EGL_BAD_ATTRIBUTE)
W/EGL_emulation( 1028): eglSurfaceAttrib not implemented
W/OpenGLRenderer( 1028): Failed to set EGL_SWAP_BEHAVIOR on surface 0xe2406aa0, error=EGL_SUCCESS
I/AppiumUnicodeIME(  914): onFinishInput
I/AppiumUnicodeIME(  914): onStartInput
W/InputMethodManagerService(  774): Starting input on non-focused client com.android.internal.view.IInputMethodClient$Stub$Proxy@39e76f2f (uid=10099 pid=1574)
W/IInputConnectionWrapper( 1574): showStatusIcon on inactive InputConnection
D/ForegroundCallbacks( 1574): went background
I/awcn.ComponentCallbacks2( 1574):  onTrimMemory level:20
I/awcn.SessionCenter( 1574): |[seq:[default]] [background]
I/awcn.StrategyCenter( 1574):  saveData
I/awcn.AmdcThreadPoolExecutor( 1574):  thread created! name:AMDC3
I/awcn.SessionCenter( 1574): |[seq:umeng:56aadbf567e58e38d4000976] [background]
I/awcn.StrategyCenter( 1574):  saveData
W/OpenGLRenderer( 1028): Incorrectly called buildLayer on View: ShortcutAndWidgetContainer, destroying layer...
W/ResourceType(  877): No package identifier when getting value for resource number 0x00000000
W/PackageManager(  877): Failure retrieving resources for com.zzl.falcon.internal: Resource ID #0x0
I/awcn.SerializeHelper( 1574):  persist end. file:/storage/emulated/0/Android/data/com.zzl.falcon.internal/files/awcn_strategy/ef133debedbd6d843d539e5eb14cfdfd cost:5
I/awcn.SerializeHelper( 1574):  persist end. file:/storage/emulated/0/Android/data/com.zzl.falcon.internal/files/awcn_strategy/0c61135c2fdcd71f15ad7297245abe44 cost:3
I/awcn.SerializeHelper( 1574):  persist end. file:/storage/emulated/0/Android/data/com.zzl.falcon.internal/files/awcn_strategy/49c6a36aaea8ee1549c1cd3e07070c79 cost:1
W/AudioTrack(  774): AUDIO_OUTPUT_FLAG_FAST denied by client
I/ActivityManager(  774): START u0 {act=android.intent.action.MAIN cat=[android.intent.category.LAUNCHER] flg=0x10200000 pkg=com.android.browser cmp=com.android.browser/.BrowserActivity bnds=[605,1022][749,1190] (has extras)} from uid 10039 on display 0
V/WindowManager(  774): addAppToken: AppWindowToken{24084801 token=Token{48df9e8 ActivityRecord{258b370b u0 com.android.browser/.BrowserActivity t190}}} to stack=1 task=190 at 0
V/WindowManager(  774): Adding window Window{2b850732 u0 Starting com.android.browser} at 4 of 9 (after Window{a53ef2a u0 com.zzl.falcon.internal/com.zzl.falcon.WebViewActivity})
E/libprocessgroup(14840): failed to make and chown /acct/uid_10018: Read-only file system
W/Zygote  (14840): createProcessGroup failed, kernel missing CONFIG_CGROUP_CPUACCT?
I/ActivityManager(  774): Start proc 14840:com.android.browser/u0a18 for activity com.android.browser/.BrowserActivity
E/ActivityThread(14840): Failed to find provider info for com.google.settings
E/ActivityThread(14840): Failed to find provider info for com.google.settings
I/WebViewFactory(14840): Loading com.android.webview version 39 (eng.genymotion-x86) (code 399997)
I/LibraryLoader(14840): Time to load native libraries: 1 ms (timestamps 2208-2209)
I/LibraryLoader(14840): Expected native library version number "",actual native library version number ""
W/art     (14840): Attempt to remove local handle scope entry from IRT, ignoring
V/WebViewChromiumFactoryProvider(14840): Binding Chromium to main looper Looper (main, tid 1) {e0322b7}
I/LibraryLoader(14840): Expected native library version number "",actual native library version number ""
I/chromium(14840): [INFO:library_loader_hooks.cc(104)] Chromium logging enabled: level = 0, default verbosity = 0
I/BrowserStartupController(14840): Initializing chromium process, singleProcess=true
W/art     (14840): Attempt to remove local handle scope entry from IRT, ignoring
W/AudioManagerAndroid(14840): Requires BLUETOOTH permission
W/chromium(14840): [WARNING:resource_bundle.cc(304)] locale_file_path.empty()
I/chromium(14840): [INFO:aw_browser_main_parts.cc(65)] Load from apk succesful, fd=30 off=46184 len=3037
I/chromium(14840): [INFO:aw_browser_main_parts.cc(78)] Loading webviewchromium.pak from, fd:31 off:229484 len:1089587
D/libEGL  (14840): loaded /system/lib/egl/libEGL_emulation.so
D/libEGL  (14840): loaded /system/lib/egl/libGLESv1_CM_emulation.so
D/libEGL  (14840): loaded /system/lib/egl/libGLESv2_emulation.so
D/        (14840): HostConnection::get() New Host Connection established 0xf3e73d50, tid 14840
W/chromium(14840): [WARNING:mailbox_synchronizer.cc(41)] MailboxSync not supported due to missing EGL image/fence support
I/art     (14840): Background partial concurrent mark sweep GC freed 1117(118KB) AllocSpace objects, 0(0B) LOS objects, 52% free, 939KB/1963KB, paused 8.610ms total 21.537ms
W/chromium(14840): [WARNING:data_reduction_proxy_settings.cc(331)] SPDY proxy OFF at startup
W/art     (14840): Attempt to remove local handle scope entry from IRT, ignoring
W/AwContents(14840): onDetachedFromWindow called when already detached. Ignoring
E/ActivityThread(14840): Failed to find provider info for com.google.settings
E/ActivityThread(14840): Failed to find provider info for com.google.settings
E/ActivityThread(14840): Failed to find provider info for com.google.settings
E/ActivityThread(14840): Failed to find provider info for com.google.settings
D/WebViewTimersControl(14840): onBrowserActivityResume
D/WebViewTimersControl(14840): Resuming webview timers, view=com.android.browser.BrowserWebView{2ecbc39e VFEDHVCL .F....I. 0,0-0,0}
E/ActivityThread(14840): Failed to find provider info for com.google.settings
E/ActivityThread(14840): Failed to find provider info for com.google.settings
E/ActivityThread(14840): Failed to find provider info for com.google.settings
E/ActivityThread(14840): Failed to find provider info for com.google.settings
E/ActivityThread(14840): Failed to find provider info for com.google.settings
E/ActivityThread(14840): Failed to find provider info for com.google.settings
E/ActivityThread(14840): Failed to find provider info for com.google.settings
E/ActivityThread(14840): Failed to find provider info for com.google.settings
V/NFC     (14840): this device does not have NFC support
E/ActivityThread(14840): Failed to find provider info for com.google.settings
D/OpenGLRenderer(14840): Use EGL_SWAP_BEHAVIOR_PRESERVED: true
E/ActivityThread(14840): Failed to find provider info for com.google.settings
D/Atlas   (14840): Validating map...
V/WindowManager(  774): Adding window Window{f77ccf u0 com.android.browser/com.android.browser.BrowserActivity} at 4 of 10 (before Window{2b850732 u0 Starting com.android.browser})
E/SQLiteLog(14840): (1) no such table: _sync_state_metadata
I/OpenGLRenderer(14840): Initialized EGL, version 1.4
D/        (14840): HostConnection::get() New Host Connection established 0xf3e73e50, tid 14892
D/OpenGLRenderer(14840): Enabling debug mode 0
W/EGL_emulation(14840): eglSurfaceAttrib not implemented
W/OpenGLRenderer(14840): Failed to set EGL_SWAP_BEHAVIOR on surface 0xe1e7e260, error=EGL_SUCCESS
I/ActivityManager(  774): Displayed com.android.browser/.BrowserActivity: +1s343ms
W/chromium(14840): [WARNING:simple_index_file.cc(337)] Could not map Simple Index file.
I/AppiumUnicodeIME(  914): onFinishInput
I/AppiumUnicodeIME(  914): onStartInput
I/art     (  774): Explicit concurrent mark sweep GC freed 8516(536KB) AllocSpace objects, 5(161KB) LOS objects, 33% free, 10MB/15MB, paused 750us total 69.301ms
I/AppiumUnicodeIME(  914): onFinishInput
I/AppiumUnicodeIME(  914): onStartInput
I/art     (  877): Explicit concurrent mark sweep GC freed 5286(257KB) AllocSpace objects, 0(0B) LOS objects, 40% free, 9MB/16MB, paused 283us total 11.323ms
I/AppiumUnicodeIME(  914): onKeyDown (keyCode='30', event.keyCode='30', metaState='0')
E/libprocessgroup(14902): failed to make and chown /acct/uid_10052: Read-only file system
W/Zygote  (14902): createProcessGroup failed, kernel missing CONFIG_CGROUP_CPUACCT?
I/ActivityManager(  774): Start proc 14902:com.android.quicksearchbox/u0a52 for content provider com.android.quicksearchbox/.google.GoogleSuggestionProvider
V/WindowManager(  774): Adding window Window{227036c7 u0 PopupWindow:2f3d3e5e} at 5 of 10 (after Window{f77ccf u0 com.android.browser/com.android.browser.BrowserActivity})
I/AppiumUnicodeIME(  914): onKeyUp (keyCode='30', event.keyCode='30', metaState='0')
W/EGL_emulation(14840): eglSurfaceAttrib not implemented
W/OpenGLRenderer(14840): Failed to set EGL_SWAP_BEHAVIOR on surface 0xe1ee76c0, error=EGL_SUCCESS
I/AppiumUnicodeIME(  914): onKeyDown (keyCode='29', event.keyCode='29', metaState='0')
I/AppiumUnicodeIME(  914): onKeyUp (keyCode='29', event.keyCode='29', metaState='0')
I/AppiumUnicodeIME(  914): onKeyDown (keyCode='37', event.keyCode='37', metaState='0')
I/AppiumUnicodeIME(  914): onKeyUp (keyCode='37', event.keyCode='37', metaState='0')
I/AppiumUnicodeIME(  914): onKeyDown (keyCode='32', event.keyCode='32', metaState='0')
I/AppiumUnicodeIME(  914): onKeyDown (keyCode='49', event.keyCode='49', metaState='0')
I/AppiumUnicodeIME(  914): onKeyUp (keyCode='32', event.keyCode='32', metaState='0')
I/AppiumUnicodeIME(  914): onKeyUp (keyCode='49', event.keyCode='49', metaState='0')
I/AppiumUnicodeIME(  914): onKeyDown (keyCode='56', event.keyCode='56', metaState='0')
I/AppiumUnicodeIME(  914): onKeyUp (keyCode='56', event.keyCode='56', metaState='0')
I/AppiumUnicodeIME(  914): onKeyDown (keyCode='31', event.keyCode='31', metaState='0')
I/AppiumUnicodeIME(  914): onKeyUp (keyCode='31', event.keyCode='31', metaState='0')
I/AppiumUnicodeIME(  914): onKeyDown (keyCode='43', event.keyCode='43', metaState='0')
I/AppiumUnicodeIME(  914): onKeyUp (keyCode='43', event.keyCode='43', metaState='0')
I/AppiumUnicodeIME(  914): onKeyDown (keyCode='41', event.keyCode='41', metaState='0')
I/art     (  774): Explicit concurrent mark sweep GC freed 7678(353KB) AllocSpace objects, 4(226KB) LOS objects, 33% free, 10MB/15MB, paused 447us total 21.476ms
I/AppiumUnicodeIME(  914): onKeyUp (keyCode='41', event.keyCode='41', metaState='0')
I/AppiumUnicodeIME(  914): onKeyDown (keyCode='66', event.keyCode='66', metaState='0')
I/AppiumUnicodeIME(  914): onStartInput
I/AppiumUnicodeIME(  914): onFinishInput
I/AppiumUnicodeIME(  914): onStartInput
I/AppiumUnicodeIME(  914): onKeyUp (keyCode='66', event.keyCode='66', metaState='0')
I/Choreographer(14840): Skipped 50 frames!  The application may be doing too much work on its main thread.
E/browser (14840): Console: Mixed Content: The page at 'https://www.baidu.com/' was loaded over HTTPS, but requested an insecure XMLHttpRequest endpoint 'http://127.0.0.1:59468/'. This request has been blocked; the content must be served over HTTPS. https://www.baidu.com/:0
I/art     (  877): Explicit concurrent mark sweep GC freed 3659(186KB) AllocSpace objects, 0(0B) LOS objects, 40% free, 9MB/16MB, paused 201us total 12.273ms
I/Choreographer(14840): Skipped 56 frames!  The application may be doing too much work on its main thread.
I/Choreographer(14840): Skipped 62 frames!  The application may be doing too much work on its main thread.
I/art     (  774): Explicit concurrent mark sweep GC freed 6143(241KB) AllocSpace objects, 0(0B) LOS objects, 33% free, 10MB/15MB, paused 1.016ms total 44.051ms
W/chromium(14840): [WARNING:web_contents_impl.cc(2731)] https://www.baidu.com ran insecure content from baiduboxapp://utils?action=sendIntent&minver=7.4&params=%7B%22intent%22%3A%22intent%3A%23Intent%3Baction%3Dcom.baidu.searchbox.action.HOME%3BS.targetCommand%3D%257B%2522mode%2522%253A%25220%2522%252C%2522intent%2522%253A%2522intent%253A%2523Intent%253Baction%253Dcom.baidu.searchbox.action.HOME%253Bcategory%253Dandroid.intent.category.DEFAULT%253BB.key_switch_to_home%253Dtrue%253Bend%2522%252C%2522min_v%2522%253A%252216787968%2522%257D%3Bend%22%7D&needlog=1&logargs=%7B%22source%22%3A%221020684i%22%2C%22from%22%3A%22openbox%22%2C%22page%22%3A%22chrome%22%2C%22type%22%3A%22%22%2C%22value%22%3A%22%22%2C%22channel%22%3A%22%22%2C%22extlog%22%3A%22%22%2C%22baiduId%22%3A%2245DD9EBF385C02491307E6E057326B0E%3AFG%3D1%22%2C%22app_now%22%3A%22chrome_1512370925298_5623251796%22%2C%22yyb_pkg%22%3A%22com.baidu.searchbox%22%7D
W/browser (14840): Console: Mixed Content: The page at 'https://www.baidu.com/' was loaded over HTTPS, but requested an insecure resource 'baiduboxapp://utils?action=sendIntent&minver=7.4&params=%7B%22intent%22%3A%22intent%3A%23Intent%3Baction%3Dcom.baidu.searchbox.action.HOME%3BS.targetCommand%3D%257B%2522mode%2522%253A%25220%2522%252C%2522intent%2522%253A%2522intent%253A%2523Intent%253Baction%253Dcom.baidu.searchbox.action.HOME%253Bcategory%253Dandroid.intent.category.DEFAULT%253BB.key_switch_to_home%253Dtrue%253Bend%2522%252C%2522min_v%2522%253A%252216787968%2522%257D%3Bend%22%7D&needlog=1&logargs=%7B%22source%22%3A%221020684i%22%2C%22from%22%3A%22openbox%22%2C%22page%22%3A%22chrome%22%2C%22type%22%3A%22%22%2C%22value%22%3A%22%22%2C%22channel%22%3A%22%22%2C%22extlog%22%3A%22%22%2C%22baiduId%22%3A%2245DD9EBF385C02491307E6E057326B0E%3AFG%3D1%22%2C%22app_now%22%3A%22chrome_1512370925298_5623251796%22%2C%22yyb_pkg%22%3A%22com.baidu.searchbox%22%7D'. This content should also be served over HTTPS. https://www.baidu.com/:0
E/awcn.DefaultHeartbeatImpl( 1574): |[seq:umeng:56aadbf567e58e38d4000976.AWCN1_1] close session in background session:Session@[umeng:56aadbf567e58e38d4000976.AWCN1_1|http2_0rtt_acs]
E/awcn.TnetSpdySession( 1574): |[seq:umeng:56aadbf567e58e38d4000976.AWCN1_1] force close! session:Session@[umeng:56aadbf567e58e38d4000976.AWCN1_1|http2_0rtt_acs]
E/awcn.Session( 1574): |[seq:umeng:56aadbf567e58e38d4000976.AWCN1_1] notifyStatus status:DISCONNECTING
I/awcn.DefaultHeartbeatImpl( 1574): |[seq:umeng:56aadbf567e58e38d4000976.AWCN1_1] heartbeat stop session:Session@[umeng:56aadbf567e58e38d4000976.AWCN1_1|http2_0rtt_acs]
E/awcn.TnetSpdySession( 1574): |[seq:umeng:56aadbf567e58e38d4000976.AWCN1_1] spdySessionCloseCallback  errorCode::-2002
E/awcn.Session( 1574): |[seq:umeng:56aadbf567e58e38d4000976.AWCN1_1] notifyStatus status:DISCONNECTED
D/awcn.SessionRequest( 1574): |[seq:umeng:56aadbf567e58e38d4000976.AWCN1_1] Session:Session@[umeng:56aadbf567e58e38d4000976.AWCN1_1|http2_0rtt_acs] EventType:DISCONNECTED Event:anet.channel.entity.c@2396015e
D/awcn.SessionRequest( 1574): |[seq:umeng:56aadbf567e58e38d4000976.AWCN1_1] Connect Disconnect session:Session@[umeng:56aadbf567e58e38d4000976.AWCN1_1|http2_0rtt_acs] host:https://umengacs.m.taobao.com appIsBg:true isHandleFinish:false
I/accs.MsgDistributeService( 1574):  onStartCommand action:com.taobao.accs.intent.action.RECEIVE
D/accs.MsgDistribute( 1574):  action:com.taobao.accs.intent.action.RECEIVE
I/accs.MsgDistribute( 1574):  distribute command::103  serviceId::  dataId:: appkey: config:
I/art     (  877): Explicit concurrent mark sweep GC freed 3375(176KB) AllocSpace objects, 0(0B) LOS objects, 39% free, 9MB/16MB, paused 1.325ms total 22.064ms
I/art     (  774): Explicit concurrent mark sweep GC freed 6480(259KB) AllocSpace objects, 0(0B) LOS objects, 33% free, 10MB/15MB, paused 663us total 17.547ms
W/AudioTrack(  774): AUDIO_OUTPUT_FLAG_FAST denied by client
W/EGL_emulation(14840): eglSurfaceAttrib not implemented
W/OpenGLRenderer(14840): Failed to set EGL_SWAP_BEHAVIOR on surface 0xde33cc80, error=EGL_SUCCESS
V/RenderScript(14840): 0xcaa5f400 Launching thread(s), CPUs 4
I/art     (  877): Explicit concurrent mark sweep GC freed 3504(182KB) AllocSpace objects, 0(0B) LOS objects, 40% free, 9MB/16MB, paused 385us total 12.120ms
I/art     (  774): Explicit concurrent mark sweep GC freed 6943(278KB) AllocSpace objects, 0(0B) LOS objects, 33% free, 10MB/15MB, paused 407us total 17.294ms
D/NetworkMonitor/NetworkAgentInfo [WIFI () - 100](  774): OfflineState{ when=-100ms what=532488 arg2=1 target=com.android.internal.util.StateMachine$SmHandler }
D/NetworkMonitor/NetworkAgentInfo [WIFI () - 100](  774): DefaultState{ when=-100ms what=532488 arg2=1 target=com.android.internal.util.StateMachine$SmHandler }
D/NetworkMonitor/NetworkAgentInfo [WIFI () - 100](  774): Forcing reevaluation
D/NetworkMonitor/NetworkAgentInfo [WIFI () - 100](  774): EvaluatingState{ when=0 what=532486 arg1=291 target=com.android.internal.util.StateMachine$SmHandler }
D/NetworkMonitor/NetworkAgentInfo [WIFI () - 100](  774): Checking http://connectivitycheck.android.com/generate_204 on "WiredSSID"
I/art     (  877): Explicit concurrent mark sweep GC freed 3612(188KB) AllocSpace objects, 0(0B) LOS objects, 40% free, 9MB/16MB, paused 291us total 9.676ms
I/art     (  774): Explicit concurrent mark sweep GC freed 6773(272KB) AllocSpace objects, 0(0B) LOS objects, 33% free, 10MB/15MB, paused 493us total 17.086ms
I/art     (  877): Explicit concurrent mark sweep GC freed 3576(186KB) AllocSpace objects, 0(0B) LOS objects, 40% free, 9MB/16MB, paused 235us total 16.533ms
I/art     (  774): Explicit concurrent mark sweep GC freed 5950(234KB) AllocSpace objects, 0(0B) LOS objects, 33% free, 10MB/15MB, paused 291us total 17.731ms
D/NetworkMonitor/NetworkAgentInfo [WIFI () - 100](  774): Probably not a portal: exception java.net.SocketTimeoutException: failed to connect to connectivitycheck.android.com/172.217.24.14 (port 80) after 10000ms
D/ConnectivityService(  774): setProvNotificationVisibleIntent: E visible=false networkType=0 extraInfo=null
I/art     (  877): Explicit concurrent mark sweep GC freed 3622(188KB) AllocSpace objects, 0(0B) LOS objects, 40% free, 9MB/16MB, paused 405us total 10.042ms
I/art     (  774): Explicit concurrent mark sweep GC freed 6819(278KB) AllocSpace objects, 0(0B) LOS objects, 33% free, 10MB/15MB, paused 551us total 19.316ms
I/tnet-jni( 1419): 101 - [spdyPingRecvCallback] - 
I/tnet-jni( 1419): 101 - [SpdySessionCallBack.spdyPingRecvCallback] - org.android.spdy.SpdySession@15ea5a37
D/accs.SpdyConnection( 1419):  spdyPingRecvCallback uniId:1674
D/accs.MessageHandler( 1419):  onRcvPing
D/accs.HeartbeatManager( 1419):  onHeartbeatSucc
D/accs.OrangeAdapter( 1419):  isSmartHb result:true
