D/accs.MsgRecv_umeng:56aadbf567e58e38d4000976( 1467):  onRcvPing
D/accs.HeartbeatManager( 1467):  onHeartbeatSucc
D/accs.OrangeAdapter( 1467):  isSmartHb result:true
D/accs.HeartbeatManager( 1467):  set 360
D/accs.UtilityImpl( 1467):  setServiceTime:1512202743438
I/art     (  877): Explicit concurrent mark sweep GC freed 4478(223KB) AllocSpace objects, 0(0B) LOS objects, 39% free, 9MB/15MB, paused 319us total 10.226ms
I/AppiumUnicodeIME(  914): onKeyDown (keyCode='21', event.keyCode='21', metaState='0')
I/AppiumUnicodeIME(  914): onKeyUp (keyCode='21', event.keyCode='21', metaState='0')
I/AppiumUnicodeIME(  914): onKeyDown (keyCode='19', event.keyCode='19', metaState='0')
I/AppiumUnicodeIME(  914): onKeyUp (keyCode='19', event.keyCode='19', metaState='0')
I/AppiumUnicodeIME(  914): onKeyDown (keyCode='21', event.keyCode='21', metaState='0')
I/AppiumUnicodeIME(  914): onKeyUp (keyCode='21', event.keyCode='21', metaState='0')
I/AppiumUnicodeIME(  914): onKeyDown (keyCode='25', event.keyCode='25', metaState='0')
W/UnimplementedWebViewApi( 1574): Unimplemented WebView method onKeyDown called from: android.webkit.WebView.onKeyDown(WebView.java:2310)
W/AudioService(  774): stream was not muted by this client
E/AudioService(  774): Could not get client death handler for stream: 1
W/AudioService(  774): stream was not muted by this client
E/AudioService(  774): Could not get client death handler for stream: 2
W/AudioService(  774): stream was not muted by this client
E/AudioService(  774): Could not get client death handler for stream: 5
W/AudioService(  774): stream was not muted by this client
E/AudioService(  774): Could not get client death handler for stream: 7
W/AudioService(  774): stream was not muted by this client
E/AudioService(  774): Could not get client death handler for stream: 8
I/AppiumUnicodeIME(  914): onKeyUp (keyCode='25', event.keyCode='25', metaState='0')
I/AppiumUnicodeIME(  914): onKeyDown (keyCode='21', event.keyCode='21', metaState='0')
I/AppiumUnicodeIME(  914): onKeyDown (keyCode='21', event.keyCode='21', metaState='0')
I/AppiumUnicodeIME(  914): onKeyUp (keyCode='21', event.keyCode='21', metaState='0')
I/AppiumUnicodeIME(  914): onKeyDown (keyCode='21', event.keyCode='21', metaState='0')
I/AppiumUnicodeIME(  914): onKeyUp (keyCode='21', event.keyCode='21', metaState='0')
I/AppiumUnicodeIME(  914): onKeyDown (keyCode='21', event.keyCode='21', metaState='0')
I/AppiumUnicodeIME(  914): onKeyUp (keyCode='21', event.keyCode='21', metaState='0')
I/AppiumUnicodeIME(  914): onKeyDown (keyCode='21', event.keyCode='21', metaState='0')
I/AppiumUnicodeIME(  914): onKeyUp (keyCode='21', event.keyCode='21', metaState='0')
W/UnimplementedWebViewApi( 1574): Unimplemented WebView method onKeyMultiple called from: android.webkit.WebView.onKeyMultiple(WebView.java:2320)
W/UnimplementedWebViewApi( 1574): Unimplemented WebView method onKeyDown called from: android.webkit.WebView.onKeyDown(WebView.java:2310)
I/AppiumUnicodeIME(  914): onKeyDown (keyCode='20', event.keyCode='20', metaState='0')
I/AppiumUnicodeIME(  914): onKeyUp (keyCode='20', event.keyCode='20', metaState='0')
I/AppiumUnicodeIME(  914): onKeyDown (keyCode='19', event.keyCode='19', metaState='0')
I/AppiumUnicodeIME(  914): onKeyUp (keyCode='19', event.keyCode='19', metaState='0')
W/EGL_emulation(  877): eglSurfaceAttrib not implemented
W/OpenGLRenderer(  877): Failed to set EGL_SWAP_BEHAVIOR on surface 0xe0432a60, error=EGL_SUCCESS
I/AppiumUnicodeIME(  914): onKeyDown (keyCode='37', event.keyCode='37', metaState='0')
I/AppiumUnicodeIME(  914): onKeyUp (keyCode='37', event.keyCode='37', metaState='0')
I/AppiumUnicodeIME(  914): onKeyDown (keyCode='23', event.keyCode='23', metaState='0')
I/AppiumUnicodeIME(  914): onKeyUp (keyCode='23', event.keyCode='23', metaState='0')
I/AppiumUnicodeIME(  914): onKeyDown (keyCode='23', event.keyCode='23', metaState='0')
I/AppiumUnicodeIME(  914): onKeyUp (keyCode='23', event.keyCode='23', metaState='0')
I/AppiumUnicodeIME(  914): onKeyDown (keyCode='78', event.keyCode='78', metaState='0')
I/AppiumUnicodeIME(  914): onKeyUp (keyCode='78', event.keyCode='78', metaState='0')
I/AppiumUnicodeIME(  914): onKeyDown (keyCode='23', event.keyCode='23', metaState='0')
I/AppiumUnicodeIME(  914): onKeyUp (keyCode='23', event.keyCode='23', metaState='0')
I/AppiumUnicodeIME(  914): onKeyDown (keyCode='19', event.keyCode='19', metaState='0')
I/AppiumUnicodeIME(  914): onKeyUp (keyCode='19', event.keyCode='19', metaState='0')
I/AppiumUnicodeIME(  914): onKeyDown (keyCode='19', event.keyCode='19', metaState='0')
I/AppiumUnicodeIME(  914): onKeyUp (keyCode='19', event.keyCode='19', metaState='0')
I/AppiumUnicodeIME(  914): onKeyDown (keyCode='19', event.keyCode='19', metaState='0')
I/AppiumUnicodeIME(  914): onKeyUp (keyCode='19', event.keyCode='19', metaState='0')
I/AppiumUnicodeIME(  914): onKeyDown (keyCode='22', event.keyCode='22', metaState='0')
I/AppiumUnicodeIME(  914): onKeyUp (keyCode='22', event.keyCode='22', metaState='0')
I/AppiumUnicodeIME(  914): onKeyDown (keyCode='22', event.keyCode='22', metaState='0')
I/AppiumUnicodeIME(  914): onKeyUp (keyCode='22', event.keyCode='22', metaState='0')
I/AppiumUnicodeIME(  914): onKeyDown (keyCode='23', event.keyCode='23', metaState='0')
I/AppiumUnicodeIME(  914): onKeyUp (keyCode='23', event.keyCode='23', metaState='0')
I/AppiumUnicodeIME(  914): onKeyDown (keyCode='22', event.keyCode='22', metaState='0')
I/AppiumUnicodeIME(  914): onKeyUp (keyCode='22', event.keyCode='22', metaState='0')
I/AppiumUnicodeIME(  914): onKeyDown (keyCode='82', event.keyCode='82', metaState='0')
W/UnimplementedWebViewApi( 1574): Unimplemented WebView method onKeyDown called from: android.webkit.WebView.onKeyDown(WebView.java:2310)
I/AppiumUnicodeIME(  914): onKeyUp (keyCode='82', event.keyCode='82', metaState='0')
V/WindowManager(  774): Adding window Window{32d71141 u0 AtchDlg:com.zzl.falcon.internal/com.zzl.falcon.account.help.HelpActivity} at 4 of 9 (after Window{1f8b66ae u0 com.zzl.falcon.internal/com.zzl.falcon.account.help.HelpActivity})
W/ViewRootImpl( 1574): Dropping event due to no window focus: KeyEvent { action=ACTION_DOWN, keyCode=KEYCODE_TV_INPUT_HDMI_3, scanCode=0, metaState=0, flags=0x8, repeatCount=0, eventTime=7594474, downTime=7594474, deviceId=-1, source=0x101 }
W/ViewRootImpl( 1574): Cancelling event due to no window focus: KeyEvent { action=ACTION_UP, keyCode=KEYCODE_TV_INPUT_HDMI_3, scanCode=0, metaState=0, flags=0x28, repeatCount=0, eventTime=7594672, downTime=7594672, deviceId=-1, source=0x101 }
W/ViewRootImpl( 1574): Cancelling event due to no window focus: KeyEvent { action=ACTION_UP, keyCode=KEYCODE_TV_INPUT_HDMI_3, scanCode=0, metaState=0, flags=0x28, repeatCount=0, eventTime=7594672, downTime=7594672, deviceId=-1, source=0x101 }
W/ViewRootImpl( 1574): Cancelling event due to no window focus: KeyEvent { action=ACTION_UP, keyCode=KEYCODE_TV_INPUT_HDMI_3, scanCode=0, metaState=0, flags=0x28, repeatCount=0, eventTime=7594672, downTime=7594672, deviceId=-1, source=0x101 }
W/ViewRootImpl( 1574): Cancelling event due to no window focus: KeyEvent { action=ACTION_UP, keyCode=KEYCODE_TV_INPUT_HDMI_3, scanCode=0, metaState=0, flags=0x28, repeatCount=0, eventTime=7594672, downTime=7594672, deviceId=-1, source=0x101 }
W/ViewRootImpl( 1574): Cancelling event due to no window focus: KeyEvent { action=ACTION_UP, keyCode=KEYCODE_TV_INPUT_HDMI_3, scanCode=0, metaState=0, flags=0x28, repeatCount=0, eventTime=7594672, downTime=7594672, deviceId=-1, source=0x101 }
W/ViewRootImpl( 1574): Cancelling event due to no window focus: KeyEvent { action=ACTION_UP, keyCode=KEYCODE_TV_INPUT_HDMI_3, scanCode=0, metaState=0, flags=0x28, repeatCount=0, eventTime=7594672, downTime=7594672, deviceId=-1, source=0x101 }
W/ViewRootImpl( 1574): Cancelling event due to no window focus: KeyEvent { action=ACTION_UP, keyCode=KEYCODE_TV_INPUT_HDMI_3, scanCode=0, metaState=0, flags=0x28, repeatCount=0, eventTime=7594672, downTime=7594672, deviceId=-1, source=0x101 }
W/ViewRootImpl( 1574): Cancelling event due to no window focus: KeyEvent { action=ACTION_UP, keyCode=KEYCODE_TV_INPUT_HDMI_3, scanCode=0, metaState=0, flags=0x28, repeatCount=0, eventTime=7594672, downTime=7594672, deviceId=-1, source=0x101 }
W/ViewRootImpl( 1574): Cancelling event due to no window focus: KeyEvent { action=ACTION_UP, keyCode=KEYCODE_TV_INPUT_HDMI_3, scanCode=0, metaState=0, flags=0x28, repeatCount=0, eventTime=7594672, downTime=7594672, deviceId=-1, source=0x101 }
W/AudioTrack(  774): AUDIO_OUTPUT_FLAG_FAST denied by client
D/PhoneStatusBar(  877): disable: < expand ICONS* alerts SYSTEM_INFO* back home recent clock search >
W/ViewRootImpl( 1574): Dropping event due to no window focus: KeyEvent { action=ACTION_DOWN, keyCode=KEYCODE_DPAD_RIGHT, scanCode=0, metaState=0, flags=0x8, repeatCount=0, eventTime=7594680, downTime=7594680, deviceId=-1, source=0x101 }
W/ViewRootImpl( 1574): Cancelling event due to no window focus: KeyEvent { action=ACTION_UP, keyCode=KEYCODE_DPAD_RIGHT, scanCode=0, metaState=0, flags=0x28, repeatCount=0, eventTime=7594682, downTime=7594682, deviceId=-1, source=0x101 }
W/ViewRootImpl( 1574): Cancelling event due to no window focus: KeyEvent { action=ACTION_UP, keyCode=KEYCODE_DPAD_RIGHT, scanCode=0, metaState=0, flags=0x28, repeatCount=0, eventTime=7594682, downTime=7594682, deviceId=-1, source=0x101 }
W/ViewRootImpl( 1574): Cancelling event due to no window focus: KeyEvent { action=ACTION_UP, keyCode=KEYCODE_DPAD_RIGHT, scanCode=0, metaState=0, flags=0x28, repeatCount=0, eventTime=7594682, downTime=7594682, deviceId=-1, source=0x101 }
W/ViewRootImpl( 1574): Cancelling event due to no window focus: KeyEvent { action=ACTION_UP, keyCode=KEYCODE_DPAD_RIGHT, scanCode=0, metaState=0, flags=0x28, repeatCount=0, eventTime=7594682, downTime=7594682, deviceId=-1, source=0x101 }
W/ViewRootImpl( 1574): Cancelling event due to no window focus: KeyEvent { action=ACTION_UP, keyCode=KEYCODE_DPAD_RIGHT, scanCode=0, metaState=0, flags=0x28, repeatCount=0, eventTime=7594682, downTime=7594682, deviceId=-1, source=0x101 }
W/ViewRootImpl( 1574): Cancelling event due to no window focus: KeyEvent { action=ACTION_UP, keyCode=KEYCODE_DPAD_RIGHT, scanCode=0, metaState=0, flags=0x28, repeatCount=0, eventTime=7594682, downTime=7594682, deviceId=-1, source=0x101 }
W/ViewRootImpl( 1574): Cancelling event due to no window focus: KeyEvent { action=ACTION_UP, keyCode=KEYCODE_DPAD_RIGHT, scanCode=0, metaState=0, flags=0x28, repeatCount=0, eventTime=7594682, downTime=7594682, deviceId=-1, source=0x101 }
W/ViewRootImpl( 1574): Cancelling event due to no window focus: KeyEvent { action=ACTION_UP, keyCode=KEYCODE_DPAD_RIGHT, scanCode=0, metaState=0, flags=0x28, repeatCount=0, eventTime=7594682, downTime=7594682, deviceId=-1, source=0x101 }
W/ViewRootImpl( 1574): Cancelling event due to no window focus: KeyEvent { action=ACTION_UP, keyCode=KEYCODE_DPAD_RIGHT, scanCode=0, metaState=0, flags=0x28, repeatCount=0, eventTime=7594682, downTime=7594682, deviceId=-1, source=0x101 }
D/PhoneStatusBar(  877): disable: < expand icons* alerts system_info* back home recent clock search >
W/EGL_emulation( 1574): eglSurfaceAttrib not implemented
W/OpenGLRenderer( 1574): Failed to set EGL_SWAP_BEHAVIOR on surface 0xdca9eb60, error=EGL_SUCCESS
I/AppiumUnicodeIME(  914): onKeyDown (keyCode='20', event.keyCode='20', metaState='0')
I/AppiumUnicodeIME(  914): onKeyUp (keyCode='20', event.keyCode='20', metaState='0')
W/ViewRootImpl( 1574): Dropping event due to no window focus: KeyEvent { action=ACTION_DOWN, keyCode=KEYCODE_DPAD_CENTER, scanCode=0, metaState=0, flags=0x8, repeatCount=0, eventTime=7594692, downTime=7594692, deviceId=-1, source=0x101 }
W/ViewRootImpl( 1574): Cancelling event due to no window focus: KeyEvent { action=ACTION_UP, keyCode=KEYCODE_DPAD_CENTER, scanCode=0, metaState=0, flags=0x28, repeatCount=0, eventTime=7594693, downTime=7594693, deviceId=-1, source=0x101 }
W/ViewRootImpl( 1574): Cancelling event due to no window focus: KeyEvent { action=ACTION_UP, keyCode=KEYCODE_DPAD_CENTER, scanCode=0, metaState=0, flags=0x28, repeatCount=0, eventTime=7594693, downTime=7594693, deviceId=-1, source=0x101 }
W/ViewRootImpl( 1574): Cancelling event due to no window focus: KeyEvent { action=ACTION_UP, keyCode=KEYCODE_DPAD_CENTER, scanCode=0, metaState=0, flags=0x28, repeatCount=0, eventTime=7594693, downTime=7594693, deviceId=-1, source=0x101 }
W/ViewRootImpl( 1574): Cancelling event due to no window focus: KeyEvent { action=ACTION_UP, keyCode=KEYCODE_DPAD_CENTER, scanCode=0, metaState=0, flags=0x28, repeatCount=0, eventTime=7594693, downTime=7594693, deviceId=-1, source=0x101 }
W/ViewRootImpl( 1574): Cancelling event due to no window focus: KeyEvent { action=ACTION_UP, keyCode=KEYCODE_DPAD_CENTER, scanCode=0, metaState=0, flags=0x28, repeatCount=0, eventTime=7594693, downTime=7594693, deviceId=-1, source=0x101 }
W/ViewRootImpl( 1574): Cancelling event due to no window focus: KeyEvent { action=ACTION_UP, keyCode=KEYCODE_DPAD_CENTER, scanCode=0, metaState=0, flags=0x28, repeatCount=0, eventTime=7594693, downTime=7594693, deviceId=-1, source=0x101 }
W/ViewRootImpl( 1574): Cancelling event due to no window focus: KeyEvent { action=ACTION_UP, keyCode=KEYCODE_DPAD_CENTER, scanCode=0, metaState=0, flags=0x28, repeatCount=0, eventTime=7594693, downTime=7594693, deviceId=-1, source=0x101 }
W/ViewRootImpl( 1574): Cancelling event due to no window focus: KeyEvent { action=ACTION_UP, keyCode=KEYCODE_DPAD_CENTER, scanCode=0, metaState=0, flags=0x28, repeatCount=0, eventTime=7594693, downTime=7594693, deviceId=-1, source=0x101 }
W/ViewRootImpl( 1574): Cancelling event due to no window focus: KeyEvent { action=ACTION_UP, keyCode=KEYCODE_DPAD_CENTER, scanCode=0, metaState=0, flags=0x28, repeatCount=0, eventTime=7594693, downTime=7594693, deviceId=-1, source=0x101 }
I/ActivityManager(  774): START u0 {act=android.intent.action.MAIN cat=[android.intent.category.LAUNCHER] flg=0x10200000 cmp=com.zzl.falcon.internal/com.zzl.falcon.EntranceActivity} from uid 0 on display 0
W/AudioTrack(  774): AUDIO_OUTPUT_FLAG_FAST denied by client
W/InputMethodManagerService(  774): Window already focused, ignoring focus gain of: com.android.internal.view.IInputMethodClient$Stub$Proxy@61a56e6 attribute=null, token = android.os.BinderProxy@1d76e329
I/AppiumUnicodeIME(  914): onKeyDown (keyCode='92', event.keyCode='92', metaState='0')
I/AppiumUnicodeIME(  914): onKeyUp (keyCode='92', event.keyCode='92', metaState='0')
I/AppiumUnicodeIME(  914): onKeyDown (keyCode='23', event.keyCode='23', metaState='0')
I/AppiumUnicodeIME(  914): onKeyUp (keyCode='23', event.keyCode='23', metaState='0')
I/AppiumUnicodeIME(  914): onKeyDown (keyCode='22', event.keyCode='22', metaState='0')
I/AppiumUnicodeIME(  914): onKeyUp (keyCode='22', event.keyCode='22', metaState='0')
I/AppiumUnicodeIME(  914): onKeyDown (keyCode='19', event.keyCode='19', metaState='0')
I/AppiumUnicodeIME(  914): onKeyUp (keyCode='19', event.keyCode='19', metaState='0')
I/AppiumUnicodeIME(  914): onKeyDown (keyCode='144', event.keyCode='144', metaState='0')
I/AppiumUnicodeIME(  914): onKeyUp (keyCode='144', event.keyCode='144', metaState='0')
I/AppiumUnicodeIME(  914): onKeyDown (keyCode='22', event.keyCode='22', metaState='0')
I/AppiumUnicodeIME(  914): onKeyUp (keyCode='22', event.keyCode='22', metaState='0')
I/art     (  774): Explicit concurrent mark sweep GC freed 8531(355KB) AllocSpace objects, 0(0B) LOS objects, 33% free, 9MB/14MB, paused 1.946ms total 35.893ms
I/AppiumUnicodeIME(  914): onKeyDown (keyCode='19', event.keyCode='19', metaState='0')
I/AppiumUnicodeIME(  914): onKeyUp (keyCode='19', event.keyCode='19', metaState='0')
I/AppiumUnicodeIME(  914): onKeyDown (keyCode='124', event.keyCode='124', metaState='0')
I/AppiumUnicodeIME(  914): onKeyUp (keyCode='124', event.keyCode='124', metaState='0')
I/AppiumUnicodeIME(  914): onKeyDown (keyCode='21', event.keyCode='21', metaState='0')
I/AppiumUnicodeIME(  914): onKeyUp (keyCode='21', event.keyCode='21', metaState='0')
I/AppiumUnicodeIME(  914): onKeyDown (keyCode='20', event.keyCode='20', metaState='0')
I/AppiumUnicodeIME(  914): onKeyUp (keyCode='20', event.keyCode='20', metaState='0')
I/AppiumUnicodeIME(  914): onKeyDown (keyCode='82', event.keyCode='82', metaState='0')
W/UnimplementedWebViewApi( 1574): Unimplemented WebView method onKeyDown called from: android.webkit.WebView.onKeyDown(WebView.java:2310)
I/AppiumUnicodeIME(  914): onKeyUp (keyCode='82', event.keyCode='82', metaState='0')
V/WindowManager(  774): Adding window Window{367c16d4 u0 AtchDlg:com.zzl.falcon.internal/com.zzl.falcon.account.help.HelpActivity} at 4 of 9 (after Window{1f8b66ae u0 com.zzl.falcon.internal/com.zzl.falcon.account.help.HelpActivity})
W/ViewRootImpl( 1574): Dropping event due to no window focus: KeyEvent { action=ACTION_DOWN, keyCode=KEYCODE_GRAVE, scanCode=0, metaState=0, flags=0x8, repeatCount=0, eventTime=7596629, downTime=7596629, deviceId=-1, source=0x101 }
W/AudioTrack(  774): AUDIO_OUTPUT_FLAG_FAST denied by client
W/EGL_emulation( 1574): eglSurfaceAttrib not implemented
W/OpenGLRenderer( 1574): Failed to set EGL_SWAP_BEHAVIOR on surface 0xe1587620, error=EGL_SUCCESS
I/art     ( 3300): System.exit called, status: 0
I/AndroidRuntime( 3300): VM exiting with result code 0.
W/ViewRootImpl( 1574): Cancelling event due to no window focus: KeyEvent { action=ACTION_UP, keyCode=KEYCODE_GRAVE, scanCode=0, metaState=0, flags=0x28, repeatCount=0, eventTime=7596951, downTime=7596951, deviceId=-1, source=0x101 }
W/ViewRootImpl( 1574): Cancelling event due to no window focus: KeyEvent { action=ACTION_UP, keyCode=KEYCODE_GRAVE, scanCode=0, metaState=0, flags=0x28, repeatCount=0, eventTime=7596951, downTime=7596951, deviceId=-1, source=0x101 }
W/ViewRootImpl( 1574): Cancelling event due to no window focus: KeyEvent { action=ACTION_UP, keyCode=KEYCODE_GRAVE, scanCode=0, metaState=0, flags=0x28, repeatCount=0, eventTime=7596951, downTime=7596951, deviceId=-1, source=0x101 }
W/ViewRootImpl( 1574): Cancelling event due to no window focus: KeyEvent { action=ACTION_UP, keyCode=KEYCODE_GRAVE, scanCode=0, metaState=0, flags=0x28, repeatCount=0, eventTime=7596951, downTime=7596951, deviceId=-1, source=0x101 }
W/ViewRootImpl( 1574): Cancelling event due to no window focus: KeyEvent { action=ACTION_UP, keyCode=KEYCODE_GRAVE, scanCode=0, metaState=0, flags=0x28, repeatCount=0, eventTime=7596951, downTime=7596951, deviceId=-1, source=0x101 }
W/ViewRootImpl( 1574): Cancelling event due to no window focus: KeyEvent { action=ACTION_UP, keyCode=KEYCODE_GRAVE, scanCode=0, metaState=0, flags=0x28, repeatCount=0, eventTime=7596951, downTime=7596951, deviceId=-1, source=0x101 }
W/ViewRootImpl( 1574): Cancelling event due to no window focus: KeyEvent { action=ACTION_UP, keyCode=KEYCODE_GRAVE, scanCode=0, metaState=0, flags=0x28, repeatCount=0, eventTime=7596951, downTime=7596951, deviceId=-1, source=0x101 }
W/ViewRootImpl( 1574): Cancelling event due to no window focus: KeyEvent { action=ACTION_UP, keyCode=KEYCODE_GRAVE, scanCode=0, metaState=0, flags=0x28, repeatCount=0, eventTime=7596951, downTime=7596951, deviceId=-1, source=0x101 }
W/ViewRootImpl( 1574): Cancelling event due to no window focus: KeyEvent { action=ACTION_UP, keyCode=KEYCODE_GRAVE, scanCode=0, metaState=0, flags=0x28, repeatCount=0, eventTime=7596951, downTime=7596951, deviceId=-1, source=0x101 }
I/art     (  877): Explicit concurrent mark sweep GC freed 4937(239KB) AllocSpace objects, 0(0B) LOS objects, 40% free, 9MB/15MB, paused 896us total 25.345ms
D/awcn.DefaultHeartbeatImpl( 1574): |[seq:umeng:56aadbf567e58e38d4000976.AWCN1_1] heartbeat session:Session@[umeng:56aadbf567e58e38d4000976.AWCN1_1|http2_0rtt_acs]
D/awcn.TnetSpdySession( 1574): |[seq:umeng:56aadbf567e58e38d4000976.AWCN1_1] ping host:https://umengacs.m.taobao.com thread:AWCN Scheduler1
D/awcn.TnetSpdySession( 1574): |[seq:umeng:56aadbf567e58e38d4000976.AWCN1_1] https://umengacs.m.taobao.com submit ping ms:45051 force:true
D/awcn.DefaultHeartbeatImpl( 1574): |[seq:umeng:56aadbf567e58e38d4000976.AWCN1_1] reSchedule session:Session@[umeng:56aadbf567e58e38d4000976.AWCN1_1|http2_0rtt_acs] delay:45051
I/awcn.TnetSpdySession( 1574): |[seq:umeng:56aadbf567e58e38d4000976.AWCN1_1] ping receive Host:https://umengacs.m.taobao.com id:333
I/art     (  774): Explicit concurrent mark sweep GC freed 8001(333KB) AllocSpace objects, 1(16KB) LOS objects, 33% free, 9MB/14MB, paused 433us total 16.317ms
I/art     ( 1574): Explicit concurrent mark sweep GC freed 97344(5MB) AllocSpace objects, 15(240KB) LOS objects, 40% free, 14MB/24MB, paused 602us total 25.021ms
I/art     ( 1574): Explicit concurrent mark sweep GC freed 7776(432KB) AllocSpace objects, 1(55KB) LOS objects, 39% free, 14MB/24MB, paused 280us total 20.230ms
I/art     ( 1574): Explicit concurrent mark sweep GC freed 7342(394KB) AllocSpace objects, 1(35KB) LOS objects, 40% free, 13MB/23MB, paused 593us total 14.980ms
I/art     ( 1574): Explicit concurrent mark sweep GC freed 3(96B) AllocSpace objects, 0(0B) LOS objects, 40% free, 13MB/23MB, paused 421us total 15.424ms
I/art     (  877): Explicit concurrent mark sweep GC freed 3687(191KB) AllocSpace objects, 0(0B) LOS objects, 39% free, 9MB/15MB, paused 597us total 12.303ms
I/art     ( 1574): Explicit concurrent mark sweep GC freed 3(96B) AllocSpace objects, 0(0B) LOS objects, 40% free, 13MB/23MB, paused 260us total 14.917ms
I/art     (  774): Explicit concurrent mark sweep GC freed 6933(331KB) AllocSpace objects, 4(64KB) LOS objects, 33% free, 9MB/14MB, paused 1.276ms total 29.191ms
I/art     (  877): Explicit concurrent mark sweep GC freed 3603(187KB) AllocSpace objects, 0(0B) LOS objects, 40% free, 9MB/15MB, paused 258us total 14.814ms
I/art     (  774): Explicit concurrent mark sweep GC freed 6031(236KB) AllocSpace objects, 0(0B) LOS objects, 33% free, 9MB/14MB, paused 755us total 26.722ms
I/art     (  877): Explicit concurrent mark sweep GC freed 3612(188KB) AllocSpace objects, 0(0B) LOS objects, 39% free, 9MB/15MB, paused 238us total 11.332ms
I/art     (  774): Explicit concurrent mark sweep GC freed 6790(270KB) AllocSpace objects, 0(0B) LOS objects, 33% free, 9MB/14MB, paused 555us total 18.659ms
I/art     (  877): Explicit concurrent mark sweep GC freed 3621(188KB) AllocSpace objects, 0(0B) LOS objects, 39% free, 9MB/15MB, paused 174us total 9.592ms
I/art     (  774): Explicit concurrent mark sweep GC freed 6448(256KB) AllocSpace objects, 0(0B) LOS objects, 33% free, 9MB/14MB, paused 359us total 15.830ms
I/art     (  877): Explicit concurrent mark sweep GC freed 3622(188KB) AllocSpace objects, 0(0B) LOS objects, 39% free, 9MB/15MB, paused 199us total 10.297ms
I/art     (  774): Explicit concurrent mark sweep GC freed 6427(254KB) AllocSpace objects, 0(0B) LOS objects, 33% free, 9MB/14MB, paused 759us total 15.943ms
I/art     (  877): Explicit concurrent mark sweep GC freed 3612(188KB) AllocSpace objects, 0(0B) LOS objects, 39% free, 9MB/15MB, paused 238us total 10.643ms
I/art     (  774): Explicit concurrent mark sweep GC freed 6156(261KB) AllocSpace objects, 0(0B) LOS objects, 33% free, 9MB/14MB, paused 525us total 17.086ms
I/art     (  877): Explicit concurrent mark sweep GC freed 3621(188KB) AllocSpace objects, 0(0B) LOS objects, 39% free, 9MB/15MB, paused 255us total 11.744ms
I/art     (  774): Explicit concurrent mark sweep GC freed 6794(270KB) AllocSpace objects, 0(0B) LOS objects, 33% free, 9MB/14MB, paused 297us total 15.827ms
I/art     (  877): Explicit concurrent mark sweep GC freed 3621(188KB) AllocSpace objects, 0(0B) LOS objects, 39% free, 9MB/15MB, paused 194us total 10.030ms
I/art     (  774): Explicit concurrent mark sweep GC freed 6448(256KB) AllocSpace objects, 0(0B) LOS objects, 33% free, 9MB/14MB, paused 524us total 17.576ms
I/art     (  877): Explicit concurrent mark sweep GC freed 3622(188KB) AllocSpace objects, 0(0B) LOS objects, 39% free, 9MB/15MB, paused 726us total 16.180ms
D/awcn.DefaultHeartbeatImpl( 1574): |[seq:umeng:56aadbf567e58e38d4000976.AWCN1_1] heartbeat session:Session@[umeng:56aadbf567e58e38d4000976.AWCN1_1|http2_0rtt_acs]
D/awcn.TnetSpdySession( 1574): |[seq:umeng:56aadbf567e58e38d4000976.AWCN1_1] ping host:https://umengacs.m.taobao.com thread:AWCN Scheduler1
D/awcn.TnetSpdySession( 1574): |[seq:umeng:56aadbf567e58e38d4000976.AWCN1_1] https://umengacs.m.taobao.com submit ping ms:45050 force:true
D/awcn.DefaultHeartbeatImpl( 1574): |[seq:umeng:56aadbf567e58e38d4000976.AWCN1_1] reSchedule session:Session@[umeng:56aadbf567e58e38d4000976.AWCN1_1|http2_0rtt_acs] delay:45050
I/awcn.TnetSpdySession( 1574): |[seq:umeng:56aadbf567e58e38d4000976.AWCN1_1] ping receive Host:https://umengacs.m.taobao.com id:335
I/art     (  774): Explicit concurrent mark sweep GC freed 6519(258KB) AllocSpace objects, 0(0B) LOS objects, 33% free, 9MB/14MB, paused 545us total 17.390ms
I/art     (  877): Explicit concurrent mark sweep GC freed 3939(200KB) AllocSpace objects, 0(0B) LOS objects, 40% free, 9MB/15MB, paused 426us total 15.463ms
I/art     (  774): Explicit concurrent mark sweep GC freed 6503(259KB) AllocSpace objects, 0(0B) LOS objects, 33% free, 9MB/14MB, paused 752us total 23.423ms
I/art     (  877): Explicit concurrent mark sweep GC freed 3641(189KB) AllocSpace objects, 0(0B) LOS objects, 40% free, 9MB/15MB, paused 293us total 14.909ms
D/Genyd   (  117): Received Set Clipboard
D/Genymotion(  117): Received Set Clipboard
I/art     (  774): Explicit concurrent mark sweep GC freed 6397(253KB) AllocSpace objects, 0(0B) LOS objects, 33% free, 9MB/14MB, paused 421us total 20.275ms
I/art     (  877): Explicit concurrent mark sweep GC freed 3621(188KB) AllocSpace objects, 0(0B) LOS objects, 40% free, 9MB/15MB, paused 651us total 16.120ms
I/art     (  774): Explicit concurrent mark sweep GC freed 6443(256KB) AllocSpace objects, 0(0B) LOS objects, 33% free, 9MB/14MB, paused 824us total 24.749ms
I/art     (  877): Explicit concurrent mark sweep GC freed 3622(188KB) AllocSpace objects, 0(0B) LOS objects, 40% free, 9MB/15MB, paused 375us total 15.494ms
I/art     (  774): Explicit concurrent mark sweep GC freed 6431(255KB) AllocSpace objects, 0(0B) LOS objects, 33% free, 9MB/14MB, paused 963us total 21.637ms
I/art     (  877): Explicit concurrent mark sweep GC freed 3612(188KB) AllocSpace objects, 0(0B) LOS objects, 39% free, 9MB/15MB, paused 352us total 16.318ms
I/art     (  774): Explicit concurrent mark sweep GC freed 6805(271KB) AllocSpace objects, 0(0B) LOS objects, 33% free, 9MB/14MB, paused 326us total 16.806ms
I/art     (  877): Explicit concurrent mark sweep GC freed 3621(188KB) AllocSpace objects, 0(0B) LOS objects, 39% free, 9MB/15MB, paused 921us total 26.651ms
I/art     (  774): Explicit concurrent mark sweep GC freed 6433(255KB) AllocSpace objects, 0(0B) LOS objects, 33% free, 9MB/14MB, paused 356us total 15.725ms
I/art     (  877): Explicit concurrent mark sweep GC freed 3622(188KB) AllocSpace objects, 0(0B) LOS objects, 39% free, 9MB/15MB, paused 224us total 9.636ms
I/art     (  774): Explicit concurrent mark sweep GC freed 5961(235KB) AllocSpace objects, 0(0B) LOS objects, 33% free, 9MB/14MB, paused 474us total 25.797ms
I/art     (  877): Explicit concurrent mark sweep GC freed 3621(188KB) AllocSpace objects, 0(0B) LOS objects, 39% free, 9MB/15MB, paused 458us total 14.141ms
D/awcn.DefaultHeartbeatImpl( 1574): |[seq:umeng:56aadbf567e58e38d4000976.AWCN1_1] heartbeat session:Session@[umeng:56aadbf567e58e38d4000976.AWCN1_1|http2_0rtt_acs]
D/awcn.TnetSpdySession( 1574): |[seq:umeng:56aadbf567e58e38d4000976.AWCN1_1] ping host:https://umengacs.m.taobao.com thread:AWCN Scheduler1
D/awcn.TnetSpdySession( 1574): |[seq:umeng:56aadbf567e58e38d4000976.AWCN1_1] https://umengacs.m.taobao.com submit ping ms:45051 force:true
D/awcn.DefaultHeartbeatImpl( 1574): |[seq:umeng:56aadbf567e58e38d4000976.AWCN1_1] reSchedule session:Session@[umeng:56aadbf567e58e38d4000976.AWCN1_1|http2_0rtt_acs] delay:45051
I/awcn.TnetSpdySession( 1574): |[seq:umeng:56aadbf567e58e38d4000976.AWCN1_1] ping receive Host:https://umengacs.m.taobao.com id:337
I/art     (  774): Explicit concurrent mark sweep GC freed 6638(283KB) AllocSpace objects, 0(0B) LOS objects, 33% free, 9MB/14MB, paused 410us total 21.001ms
I/art     (  877): Explicit concurrent mark sweep GC freed 3612(188KB) AllocSpace objects, 0(0B) LOS objects, 39% free, 9MB/15MB, paused 305us total 10.948ms
I/art     (  774): Explicit concurrent mark sweep GC freed 6809(272KB) AllocSpace objects, 0(0B) LOS objects, 33% free, 9MB/14MB, paused 271us total 15.512ms
I/art     (  877): Explicit concurrent mark sweep GC freed 3621(188KB) AllocSpace objects, 0(0B) LOS objects, 39% free, 9MB/15MB, paused 199us total 10.341ms
I/art     (  774): Explicit concurrent mark sweep GC freed 6452(257KB) AllocSpace objects, 0(0B) LOS objects, 33% free, 9MB/14MB, paused 644us total 17.080ms
I/art     (  877): Explicit concurrent mark sweep GC freed 3622(188KB) AllocSpace objects, 0(0B) LOS objects, 39% free, 9MB/15MB, paused 347us total 10.247ms
I/art     (  774): Explicit concurrent mark sweep GC freed 6517(259KB) AllocSpace objects, 0(0B) LOS objects, 33% free, 9MB/14MB, paused 320us total 15.748ms
I/art     (  877): Explicit concurrent mark sweep GC freed 3938(200KB) AllocSpace objects, 0(0B) LOS objects, 40% free, 9MB/15MB, paused 270us total 11.390ms
I/art     (  774): Explicit concurrent mark sweep GC freed 6107(241KB) AllocSpace objects, 0(0B) LOS objects, 33% free, 9MB/14MB, paused 245us total 16.051ms
I/art     (  877): Explicit concurrent mark sweep GC freed 3641(189KB) AllocSpace objects, 0(0B) LOS objects, 40% free, 9MB/15MB, paused 333us total 9.843ms
I/art     (  774): Explicit concurrent mark sweep GC freed 6850(273KB) AllocSpace objects, 0(0B) LOS objects, 33% free, 9MB/14MB, paused 273us total 15.222ms
I/art     (  877): Explicit concurrent mark sweep GC freed 3624(188KB) AllocSpace objects, 0(0B) LOS objects, 39% free, 9MB/15MB, paused 274us total 9.505ms
I/art     (  774): Explicit concurrent mark sweep GC freed 6452(256KB) AllocSpace objects, 0(0B) LOS objects, 33% free, 9MB/14MB, paused 439us total 25.444ms
D/AndroidRuntime( 3371): >>>>>> START com.android.internal.os.RuntimeInit uid 0 <<<<<<
D/AndroidRuntime( 3371): CheckJNI is OFF
E/memtrack( 3371): Couldn't load memtrack module (No such file or directory)
E/android.os.Debug( 3371): failed to load memtrack module: -2
D/AndroidRuntime( 3371): Calling main entry com.android.commands.wm.Wm
D/AndroidRuntime( 3371): Shutting down VM
D/AndroidRuntime( 3392): >>>>>> START com.android.internal.os.RuntimeInit uid 0 <<<<<<
D/AndroidRuntime( 3392): CheckJNI is OFF
E/memtrack( 3392): Couldn't load memtrack module (No such file or directory)
E/android.os.Debug( 3392): failed to load memtrack module: -2
D/AndroidRuntime( 3392): Calling main entry com.android.commands.monkey.Monkey
W/BroadcastQueue(  774): Skipping deliver [background] BroadcastRecord{3307fbc3 u-1 android.net.conn.CONNECTIVITY_CHANGE} to ReceiverList{24edcc40 3392 (unknown name)/0/u-1 remote:3dc2807d}: process crashing
I/ActivityManager(  774): START u0 {act=android.intent.action.MAIN cat=[android.intent.category.LAUNCHER] flg=0x10200000 cmp=com.zzl.falcon.internal/com.zzl.falcon.EntranceActivity} from uid 0 on display 0
W/ViewRootImpl( 1574): Cancelling event due to no window focus: KeyEvent { action=ACTION_UP, keyCode=KEYCODE_DPAD_DOWN, scanCode=0, metaState=0, flags=0x28, repeatCount=0, eventTime=7725266, downTime=7725266, deviceId=-1, source=0x101 }
W/ViewRootImpl( 1574): Cancelling event due to no window focus: KeyEvent { action=ACTION_UP, keyCode=KEYCODE_DPAD_DOWN, scanCode=0, metaState=0, flags=0x28, repeatCount=0, eventTime=7725266, downTime=7725266, deviceId=-1, source=0x101 }
W/ViewRootImpl( 1574): Cancelling event due to no window focus: KeyEvent { action=ACTION_UP, keyCode=KEYCODE_DPAD_DOWN, scanCode=0, metaState=0, flags=0x28, repeatCount=0, eventTime=7725266, downTime=7725266, deviceId=-1, source=0x101 }
I/AppiumUnicodeIME(  914): onKeyUp (keyCode='20', event.keyCode='20', metaState='0')
W/InputMethodManagerService(  774): Window already focused, ignoring focus gain of: com.android.internal.view.IInputMethodClient$Stub$Proxy@26fba779 attribute=null, token = android.os.BinderProxy@1d76e329
I/AppiumUnicodeIME(  914): onKeyDown (keyCode='19', event.keyCode='19', metaState='0')
I/AppiumUnicodeIME(  914): onKeyUp (keyCode='19', event.keyCode='19', metaState='0')
I/AppiumUnicodeIME(  914): onKeyDown (keyCode='82', event.keyCode='82', metaState='0')
W/UnimplementedWebViewApi( 1574): Unimplemented WebView method onKeyDown called from: android.webkit.WebView.onKeyDown(WebView.java:2310)
I/AppiumUnicodeIME(  914): onKeyUp (keyCode='82', event.keyCode='82', metaState='0')
V/WindowManager(  774): Adding window Window{2064911f u0 AtchDlg:com.zzl.falcon.internal/com.zzl.falcon.account.help.HelpActivity} at 5 of 10 (after Window{367c16d4 u0 AtchDlg:com.zzl.falcon.internal/com.zzl.falcon.account.help.HelpActivity EXITING})
W/ViewRootImpl( 1574): Dropping event due to no window focus: KeyEvent { action=ACTION_DOWN, keyCode=KEYCODE_MENU, scanCode=0, metaState=0, flags=0x8, repeatCount=0, eventTime=7725278, downTime=7725278, deviceId=-1, source=0x101 }
W/ViewRootImpl( 1574): Cancelling event due to no window focus: KeyEvent { action=ACTION_UP, keyCode=KEYCODE_MENU, scanCode=0, metaState=0, flags=0x28, repeatCount=0, eventTime=7725281, downTime=7725281, deviceId=-1, source=0x101 }
W/ViewRootImpl( 1574): Cancelling event due to no window focus: KeyEvent { action=ACTION_UP, keyCode=KEYCODE_MENU, scanCode=0, metaState=0, flags=0x28, repeatCount=0, eventTime=7725281, downTime=7725281, deviceId=-1, source=0x101 }
W/ViewRootImpl( 1574): Cancelling event due to no window focus: KeyEvent { action=ACTION_UP, keyCode=KEYCODE_MENU, scanCode=0, metaState=0, flags=0x28, repeatCount=0, eventTime=7725281, downTime=7725281, deviceId=-1, source=0x101 }
W/ViewRootImpl( 1574): Cancelling event due to no window focus: KeyEvent { action=ACTION_UP, keyCode=KEYCODE_MENU, scanCode=0, metaState=0, flags=0x28, repeatCount=0, eventTime=7725281, downTime=7725281, deviceId=-1, source=0x101 }
W/ViewRootImpl( 1574): Cancelling event due to no window focus: KeyEvent { action=ACTION_UP, keyCode=KEYCODE_MENU, scanCode=0, metaState=0, flags=0x28, repeatCount=0, eventTime=7725281, downTime=7725281, deviceId=-1, source=0x101 }
W/ViewRootImpl( 1574): Cancelling event due to no window focus: KeyEvent { action=ACTION_UP, keyCode=KEYCODE_MENU, scanCode=0, metaState=0, flags=0x28, repeatCount=0, eventTime=7725281, downTime=7725281, deviceId=-1, source=0x101 }
W/AudioTrack(  774): AUDIO_OUTPUT_FLAG_FAST denied by client
W/EGL_emulation( 1574): eglSurfaceAttrib not implemented
W/OpenGLRenderer( 1574): Failed to set EGL_SWAP_BEHAVIOR on surface 0xe1587620, error=EGL_SUCCESS
W/AudioTrack(  774): AUDIO_OUTPUT_FLAG_FAST denied by client
W/ViewRootImpl( 1574): Dropping event due to no window focus: KeyEvent { action=ACTION_DOWN, keyCode=KEYCODE_DPAD_LEFT, scanCode=0, metaState=0, flags=0x8, repeatCount=0, eventTime=7725340, downTime=7725340, deviceId=-1, source=0x101 }
W/InputMethodManagerService(  774): Window already focused, ignoring focus gain of: com.android.internal.view.IInputMethodClient$Stub$Proxy@c036c6c attribute=null, token = android.os.BinderProxy@1d76e329
I/AppiumUnicodeIME(  914): onKeyUp (keyCode='21', event.keyCode='21', metaState='0')
I/AppiumUnicodeIME(  914): onKeyDown (keyCode='22', event.keyCode='22', metaState='0')
I/AppiumUnicodeIME(  914): onKeyUp (keyCode='22', event.keyCode='22', metaState='0')
I/AppiumUnicodeIME(  914): onKeyDown (keyCode='228', event.keyCode='228', metaState='0')
I/AppiumUnicodeIME(  914): onKeyUp (keyCode='228', event.keyCode='228', metaState='0')
I/AppiumUnicodeIME(  914): onKeyDown (keyCode='22', event.keyCode='22', metaState='0')
I/AppiumUnicodeIME(  914): onKeyUp (keyCode='22', event.keyCode='22', metaState='0')
I/AppiumUnicodeIME(  914): onKeyDown (keyCode='20', event.keyCode='20', metaState='0')
I/AppiumUnicodeIME(  914): onKeyUp (keyCode='20', event.keyCode='20', metaState='0')
I/AppiumUnicodeIME(  914): onKeyDown (keyCode='19', event.keyCode='19', metaState='0')
I/AppiumUnicodeIME(  914): onKeyUp (keyCode='19', event.keyCode='19', metaState='0')
I/AppiumUnicodeIME(  914): onKeyDown (keyCode='21', event.keyCode='21', metaState='0')
I/AppiumUnicodeIME(  914): onKeyUp (keyCode='21', event.keyCode='21', metaState='0')
I/art     (  877): Explicit concurrent mark sweep GC freed 3622(188KB) AllocSpace objects, 0(0B) LOS objects, 39% free, 9MB/15MB, paused 221us total 11.709ms
I/AppiumUnicodeIME(  914): onKeyDown (keyCode='20', event.keyCode='20', metaState='0')
I/AppiumUnicodeIME(  914): onKeyUp (keyCode='20', event.keyCode='20', metaState='0')
I/AppiumUnicodeIME(  914): onKeyDown (keyCode='20', event.keyCode='20', metaState='0')
I/AppiumUnicodeIME(  914): onKeyUp (keyCode='20', event.keyCode='20', metaState='0')
I/AppiumUnicodeIME(  914): onKeyDown (keyCode='20', event.keyCode='20', metaState='0')
I/AppiumUnicodeIME(  914): onKeyUp (keyCode='20', event.keyCode='20', metaState='0')
I/AppiumUnicodeIME(  914): onKeyDown (keyCode='160', event.keyCode='160', metaState='0')
I/AppiumUnicodeIME(  914): onKeyUp (keyCode='160', event.keyCode='160', metaState='0')
I/AppiumUnicodeIME(  914): onKeyDown (keyCode='82', event.keyCode='82', metaState='0')
W/UnimplementedWebViewApi( 1574): Unimplemented WebView method onKeyDown called from: android.webkit.WebView.onKeyDown(WebView.java:2310)
I/AppiumUnicodeIME(  914): onKeyUp (keyCode='82', event.keyCode='82', metaState='0')
I/ActivityManager(  774): START u0 {act=android.intent.action.MAIN cat=[android.intent.category.LAUNCHER] flg=0x10200000 cmp=com.zzl.falcon.internal/com.zzl.falcon.EntranceActivity} from uid 0 on display 0
V/WindowManager(  774): Adding window Window{4d486ca u0 AtchDlg:com.zzl.falcon.internal/com.zzl.falcon.account.help.HelpActivity} at 4 of 9 (after Window{1f8b66ae u0 com.zzl.falcon.internal/com.zzl.falcon.account.help.HelpActivity})
W/ViewRootImpl( 1574): Dropping event due to no window focus: KeyEvent { action=ACTION_DOWN, keyCode=KEYCODE_DPAD_DOWN, scanCode=0, metaState=0, flags=0x8, repeatCount=0, eventTime=7726255, downTime=7726255, deviceId=-1, source=0x101 }
W/AudioTrack(  774): AUDIO_OUTPUT_FLAG_FAST denied by client
W/EGL_emulation( 1574): eglSurfaceAttrib not implemented
W/OpenGLRenderer( 1574): Failed to set EGL_SWAP_BEHAVIOR on surface 0xcaf54e00, error=EGL_SUCCESS
W/ViewRootImpl( 1574): Cancelling event due to no window focus: KeyEvent { action=ACTION_UP, keyCode=KEYCODE_DPAD_DOWN, scanCode=0, metaState=0, flags=0x28, repeatCount=0, eventTime=7726455, downTime=7726455, deviceId=-1, source=0x101 }
W/ViewRootImpl( 1574): Cancelling event due to no window focus: KeyEvent { action=ACTION_UP, keyCode=KEYCODE_DPAD_DOWN, scanCode=0, metaState=0, flags=0x28, repeatCount=0, eventTime=7726455, downTime=7726455, deviceId=-1, source=0x101 }
W/ViewRootImpl( 1574): Cancelling event due to no window focus: KeyEvent { action=ACTION_UP, keyCode=KEYCODE_DPAD_DOWN, scanCode=0, metaState=0, flags=0x28, repeatCount=0, eventTime=7726455, downTime=7726455, deviceId=-1, source=0x101 }
W/ViewRootImpl( 1574): Cancelling event due to no window focus: KeyEvent { action=ACTION_UP, keyCode=KEYCODE_DPAD_DOWN, scanCode=0, metaState=0, flags=0x28, repeatCount=0, eventTime=7726455, downTime=7726455, deviceId=-1, source=0x101 }
W/ViewRootImpl( 1574): Cancelling event due to no window focus: KeyEvent { action=ACTION_UP, keyCode=KEYCODE_DPAD_DOWN, scanCode=0, metaState=0, flags=0x28, repeatCount=0, eventTime=7726455, downTime=7726455, deviceId=-1, source=0x101 }
W/ViewRootImpl( 1574): Cancelling event due to no window focus: KeyEvent { action=ACTION_UP, keyCode=KEYCODE_DPAD_DOWN, scanCode=0, metaState=0, flags=0x28, repeatCount=0, eventTime=7726455, downTime=7726455, deviceId=-1, source=0x101 }
W/ViewRootImpl( 1574): Cancelling event due to no window focus: KeyEvent { action=ACTION_UP, keyCode=KEYCODE_DPAD_DOWN, scanCode=0, metaState=0, flags=0x28, repeatCount=0, eventTime=7726455, downTime=7726455, deviceId=-1, source=0x101 }
W/ViewRootImpl( 1574): Cancelling event due to no window focus: KeyEvent { action=ACTION_UP, keyCode=KEYCODE_DPAD_DOWN, scanCode=0, metaState=0, flags=0x28, repeatCount=0, eventTime=7726455, downTime=7726455, deviceId=-1, source=0x101 }
W/ViewRootImpl( 1574): Cancelling event due to no window focus: KeyEvent { action=ACTION_UP, keyCode=KEYCODE_DPAD_DOWN, scanCode=0, metaState=0, flags=0x28, repeatCount=0, eventTime=7726455, downTime=7726455, deviceId=-1, source=0x101 }
W/ViewRootImpl( 1574): Dropping event due to no window focus: KeyEvent { action=ACTION_DOWN, keyCode=KEYCODE_DPAD_RIGHT, scanCode=0, metaState=0, flags=0x8, repeatCount=0, eventTime=7726459, downTime=7726459, deviceId=-1, source=0x101 }
I/AppiumUnicodeIME(  914): onKeyUp (keyCode='66', event.keyCode='66', metaState='0')
W/ViewRootImpl( 1574): Cancelling event due to no window focus: KeyEvent { action=ACTION_UP, keyCode=KEYCODE_MENU, scanCode=0, metaState=0, flags=0x28, repeatCount=0, eventTime=7727324, downTime=7727324, deviceId=-1, source=0x101 }
W/ViewRootImpl( 1574): Cancelling event due to no window focus: KeyEvent { action=ACTION_UP, keyCode=KEYCODE_MENU, scanCode=0, metaState=0, flags=0x28, repeatCount=0, eventTime=7727324, downTime=7727324, deviceId=-1, source=0x101 }
W/ViewRootImpl( 1574): Cancelling event due to no window focus: KeyEvent { action=ACTION_UP, keyCode=KEYCODE_MENU, scanCode=0, metaState=0, flags=0x28, repeatCount=0, eventTime=7727324, downTime=7727324, deviceId=-1, source=0x101 }
W/ViewRootImpl( 1574): Cancelling event due to no window focus: KeyEvent { action=ACTION_UP, keyCode=KEYCODE_ENTER, scanCode=0, metaState=0, flags=0x428, repeatCount=0, eventTime=7726241, downTime=7726241, deviceId=-1, source=0x101 }
I/AppiumUnicodeIME(  914): onKeyUp (keyCode='82', event.keyCode='82', metaState='0')
W/ViewRootImpl( 1574): Cancelling event due to no window focus: KeyEvent { action=ACTION_UP, keyCode=KEYCODE_MENU, scanCode=0, metaState=0, flags=0x28, repeatCount=0, eventTime=7727324, downTime=7727324, deviceId=-1, source=0x101 }
W/ViewRootImpl( 1574): Cancelling event due to no window focus: KeyEvent { action=ACTION_UP, keyCode=KEYCODE_MENU, scanCode=0, metaState=0, flags=0x28, repeatCount=0, eventTime=7727324, downTime=7727324, deviceId=-1, source=0x101 }
W/ViewRootImpl( 1574): Cancelling event due to no window focus: KeyEvent { action=ACTION_UP, keyCode=KEYCODE_MENU, scanCode=0, metaState=0, flags=0x28, repeatCount=0, eventTime=7727324, downTime=7727324, deviceId=-1, source=0x101 }
W/InputMethodManagerService(  774): Window already focused, ignoring focus gain of: com.android.internal.view.IInputMethodClient$Stub$Proxy@19cb203b attribute=null, token = android.os.BinderProxy@1d76e329
I/AppiumUnicodeIME(  914): onKeyDown (keyCode='20', event.keyCode='20', metaState='0')
I/AppiumUnicodeIME(  914): onKeyUp (keyCode='20', event.keyCode='20', metaState='0')
I/AppiumUnicodeIME(  914): onKeyDown (keyCode='20', event.keyCode='20', metaState='0')
I/AppiumUnicodeIME(  914): onKeyUp (keyCode='20', event.keyCode='20', metaState='0')
I/AppiumUnicodeIME(  914): onKeyDown (keyCode='20', event.keyCode='20', metaState='0')
I/AppiumUnicodeIME(  914): onKeyUp (keyCode='20', event.keyCode='20', metaState='0')
I/AppiumUnicodeIME(  914): onKeyDown (keyCode='20', event.keyCode='20', metaState='0')
I/AppiumUnicodeIME(  914): onKeyUp (keyCode='20', event.keyCode='20', metaState='0')
I/AppiumUnicodeIME(  914): onKeyDown (keyCode='96', event.keyCode='96', metaState='0')
I/AppiumUnicodeIME(  914): onKeyUp (keyCode='96', event.keyCode='96', metaState='0')
I/AppiumUnicodeIME(  914): onKeyDown (keyCode='21', event.keyCode='21', metaState='0')
I/AppiumUnicodeIME(  914): onKeyUp (keyCode='21', event.keyCode='21', metaState='0')
I/AppiumUnicodeIME(  914): onKeyDown (keyCode='247', event.keyCode='247', metaState='0')
I/AppiumUnicodeIME(  914): onKeyUp (keyCode='247', event.keyCode='247', metaState='0')
I/AppiumUnicodeIME(  914): onKeyDown (keyCode='23', event.keyCode='23', metaState='0')
I/AppiumUnicodeIME(  914): onKeyUp (keyCode='23', event.keyCode='23', metaState='0')
I/AppiumUnicodeIME(  914): onKeyDown (keyCode='20', event.keyCode='20', metaState='0')
I/AppiumUnicodeIME(  914): onKeyUp (keyCode='20', event.keyCode='20', metaState='0')
I/AppiumUnicodeIME(  914): onKeyDown (keyCode='20', event.keyCode='20', metaState='0')
I/AppiumUnicodeIME(  914): onKeyUp (keyCode='20', event.keyCode='20', metaState='0')
I/AppiumUnicodeIME(  914): onKeyDown (keyCode='20', event.keyCode='20', metaState='0')
I/AppiumUnicodeIME(  914): onKeyUp (keyCode='20', event.keyCode='20', metaState='0')
I/AppiumUnicodeIME(  914): onKeyDown (keyCode='17', event.keyCode='17', metaState='0')
I/AppiumUnicodeIME(  914): onKeyUp (keyCode='17', event.keyCode='17', metaState='0')
I/AppiumUnicodeIME(  914): onKeyDown (keyCode='20', event.keyCode='20', metaState='0')
I/AppiumUnicodeIME(  914): onKeyUp (keyCode='20', event.keyCode='20', metaState='0')
I/AppiumUnicodeIME(  914): onKeyDown (keyCode='22', event.keyCode='22', metaState='0')
I/AppiumUnicodeIME(  914): onKeyDown (keyCode='22', event.keyCode='22', metaState='0')
I/AppiumUnicodeIME(  914): onKeyUp (keyCode='22', event.keyCode='22', metaState='0')
I/AppiumUnicodeIME(  914): onKeyDown (keyCode='22', event.keyCode='22', metaState='0')
I/AppiumUnicodeIME(  914): onKeyUp (keyCode='22', event.keyCode='22', metaState='0')
I/AppiumUnicodeIME(  914): onKeyDown (keyCode='22', event.keyCode='22', metaState='0')
I/AppiumUnicodeIME(  914): onKeyUp (keyCode='22', event.keyCode='22', metaState='0')
I/AppiumUnicodeIME(  914): onKeyDown (keyCode='23', event.keyCode='23', metaState='0')
I/AppiumUnicodeIME(  914): onKeyUp (keyCode='23', event.keyCode='23', metaState='0')
I/AppiumUnicodeIME(  914): onKeyDown (keyCode='82', event.keyCode='82', metaState='0')
W/UnimplementedWebViewApi( 1574): Unimplemented WebView method onKeyMultiple called from: android.webkit.WebView.onKeyMultiple(WebView.java:2320)
W/UnimplementedWebViewApi( 1574): Unimplemented WebView method onKeyDown called from: android.webkit.WebView.onKeyDown(WebView.java:2310)
W/UnimplementedWebViewApi( 1574): Unimplemented WebView method onKeyDown called from: android.webkit.WebView.onKeyDown(WebView.java:2310)
I/AppiumUnicodeIME(  914): onKeyUp (keyCode='82', event.keyCode='82', metaState='0')
V/WindowManager(  774): Adding window Window{34e5ccb1 u0 AtchDlg:com.zzl.falcon.internal/com.zzl.falcon.account.help.HelpActivity} at 4 of 9 (after Window{1f8b66ae u0 com.zzl.falcon.internal/com.zzl.falcon.account.help.He