D/awcn.DispatchCore( 1467): body:{"code":1000,"cv":-1,"dns":[{"aisles":[{"cto":10000,"heartbeat":0,"port":443,"protocol":"https","retry":1,"rto":10000},{"cto":10000,"heartbeat":0,"port":80,"protocol":"http","retry":1,"rto":10000}],"host":"amdcopen.m.taobao.com","ips":["106.11.61.137"],"safeAisles":"http","ttl":300},{"aisles":[{"cto":10000,"heartbeat":45000,"port":80,"protocol":"spdy","publickey":"acs","retry":1,"rto":10000,"rtt":"0rtt"},{"cto":10000,"heartbeat":45000,"port":443,"protocol":"spdy","publickey":"acs","retry":1,"rto":10000,"rtt":"0rtt"}],"host":"umengjmacs.m.taobao.com","ips":["140.205.163.94","106.11.61.110"],"isHot":1,"safeAisles":"https","ttl":300}],"ip":"116.228.34.130","unit":"unzbyun","utdid":"WajMPL/DZuUDAJwcljDKSIFW"}
E/DefaultNetworkAnalysis( 1467):  no NWNetworkAnalysisSDK sdk
I/awcn.HMacUtil( 1467):  hmacSha1Hex result:ba589b12e29e33bef04a44c8383db898b6271c90c314e84c9870a5aa835f9cbc
D/awcn.StrategyCenter( 1467):  receive DNS event
I/awcn.StrategyTable( 1467):  update strategyTable with httpDns response
D/awcn.StrategyTable( 1467):  uniqueId : WIFI$01:80:c2:00:00:03
D/awcn.StrategyTable( 1467): -------------------------hot domains:------------------------------------
D/awcn.StrategyTable( 1467):  umengjmacs.m.taobao.com = 
D/awcn.StrategyTable( 1467): StrategyList = 1512195483284[{106.11.61.110 80 spdy_0rtt_acs}, {106.11.61.110 443 spdy_0rtt_acs}, {140.205.163.94 80 spdy_0rtt_acs}, {140.205.163.94 443 spdy_0rtt_acs}]
D/awcn.StrategyTable( 1467):  
D/awcn.StrategyTable( 1467): -------------------------cold domains:------------------------------------
D/awcn.StrategyTable( 1467):  amdcopen.m.taobao.com = 
D/awcn.StrategyTable( 1467): StrategyList = 1512195483284[{106.11.61.137 443 https}, {106.11.61.137 80 http}]
D/awcn.SafeAislesMap( 1467):  SafeAislesMap: {amdcopen.m.taobao.com=http, umengjmacs.m.taobao.com=https}
D/awcn.UnitMap( 1467):  UnitMap : UnitMap: {WajMPL/DZuUDAJwcljDKSIFW=unzbyun}
I/awcn.StrategyCenter( 1467):  saveData
I/awcn.SerializeHelper( 1467):  persist end. file:/storage/emulated/0/Android/data/com.zzl.falcon.internal/files/awcn_strategy/channel/ef133debedbd6d843d539e5eb14cfdfd cost:9
I/awcn.SerializeHelper( 1467):  persist end. file:/storage/emulated/0/Android/data/com.zzl.falcon.internal/files/awcn_strategy/channel/0c61135c2fdcd71f15ad7297245abe44 cost:2
I/awcn.SerializeHelper( 1467):  persist end. file:/storage/emulated/0/Android/data/com.zzl.falcon.internal/files/awcn_strategy/channel/49c6a36aaea8ee1549c1cd3e07070c79 cost:3
I/ActivityManager(  774): Waited long enough for: ServiceRecord{2efbb789 u0 com.android.calendar/.alerts.InitAlarmsService}
I/awcn.StrategyCenter( 1467):  saveData
E/WifiConfigStore(  774):  rewrite network history for "WiredSSID"NONE
D/JUtrack ( 1487): sendRequest() url=https://msg.umengcloud.com/launch
D/JUtrack ( 1487):  request = {"header":{"appkey":"585b4a88766613539b00000e","device_id":"epGokY7mQkDMFFUc+MuMJA==","idmd5":"5284047F4FFB4E04824A2FD1D1F0CD62","channel":"Umeng","mc":"08:00:27:6d:10:ed","android_id":"94c8b0577e2215e7","serial_number":"unknown","device_model":"Google Nexus 4 - 5.1.0 - API 22 - 768x1280","os":"Android","os_version":"5.1","resolution":"768*1184","cpu":"0","app_version":"1.0","version_code":"1","package_name":"com.zzl.itoube","sdk_type":"Android","sdk_version":"3.0.6","timezone":-5,"country":"US","language":"en","access":"Wi-Fi","access_subtype":"Unknown","carrier":"Android"},"utdid":"WajMPL\/DZuUDAJwcljDKSIFW","device_token":"AvK2f2Lf8S83dT8hgYznUosdG25v8_KcvsKirfX7dzct"}
D/JUtrack ( 1487):  response = {"success":"ok","interval":0,"launch_policy":"0","tag_policy":"0"}
D/JUtrack ( 1487): launch_policy:0
D/JUtrack ( 1487): tag_policy:0
D/NetworkMonitor/NetworkAgentInfo [WIFI () - 100](  774): Probably not a portal: exception java.net.SocketTimeoutException: failed to connect to connectivitycheck.android.com/172.217.160.110 (port 80) after 10000ms
D/NetworkMonitor/NetworkAgentInfo [WIFI () - 100](  774): EvaluatingState{ when=-1ms what=532486 arg1=3 target=com.android.internal.util.StateMachine$SmHandler }
D/NetworkMonitor/NetworkAgentInfo [WIFI () - 100](  774): Checking http://connectivitycheck.android.com/generate_204 on "WiredSSID"
D/InitAlarmsService( 1545): Clearing and rescheduling alarms.
I/ActivityManager(  774): Killing 1714:com.android.keychain/1000 (adj 15): empty #17
W/libprocessgroup(  774): failed to open /acct/uid_1000/pid_1714/cgroup.procs: No such file or directory
D/NetworkMonitor/NetworkAgentInfo [WIFI () - 100](  774): Probably not a portal: exception java.net.SocketTimeoutException: failed to connect to connectivitycheck.android.com/172.217.160.110 (port 80) after 10000ms
D/ConnectivityService(  774): setProvNotificationVisibleIntent: E visible=false networkType=0 extraInfo=null
E/awcn.DefaultHeartbeatImpl( 1487):  close session in background
I/awcn.DefaultHeartbeatImpl( 1487):  heartbeat stop session:Session@[AWCN1_1|http2_0rtt_acs]
E/awcn.TnetSpdySession( 1487): |[seq:AWCN1_1] force close! session:Session@[AWCN1_1|http2_0rtt_acs]
E/awcn.Session( 1487): |[seq:AWCN1_1] notifyStatus status:DISCONNECTING
E/awcn.TnetSpdySession( 1487): |[seq:AWCN1_1] spdySessionCloseCallback  errorCode::-2002
E/awcn.Session( 1487): |[seq:AWCN1_1] notifyStatus status:DISCONNECTED
D/awcn.SessionRequest( 1487): |[seq:AWCN1_1] Session:Session@[AWCN1_1|http2_0rtt_acs] EventType:DISCONNECTED Event:anet.channel.entity.c@a2ef49
D/awcn.SessionRequest( 1487): |[seq:AWCN1_1] Connect Disconnect session:Session@[AWCN1_1|http2_0rtt_acs] host:https://umengacs.m.taobao.com appIsBg:true isHandleFinish:false
I/accs.MsgDistributeService( 1487):  onStartCommand action:com.taobao.accs.intent.action.RECEIVE
D/accs.MsgDistribute( 1487):  action:com.taobao.accs.intent.action.RECEIVE
I/accs.MsgDistribute( 1487):  command:103 serviceId:null dataId:null
I/MediaFocusControl(  774):  AudioFocus  abandonAudioFocus() from android.media.AudioManager@214e2e78com.android.music.MediaPlaybackService$3@29428951
E/libprocessgroup( 2016): failed to make and chown /acct/uid_10009: Read-only file system
W/Zygote  ( 2016): createProcessGroup failed, kernel missing CONFIG_CGROUP_CPUACCT?
I/ActivityManager(  774): Start proc 2016:com.android.musicfx/u0a9 for broadcast com.android.musicfx/.ControlPanelReceiver
I/ActivityManager(  774): Killing 1228:com.android.music/u0a42 (adj 15): empty #17
W/libprocessgroup(  774): failed to open /acct/uid_10042/pid_1228/cgroup.procs: No such file or directory
I/art     (  518): Explicit concurrent mark sweep GC freed 704(30KB) AllocSpace objects, 0(0B) LOS objects, 91% free, 92KB/1116KB, paused 119us total 7.516ms
I/art     (  518): Explicit concurrent mark sweep GC freed 7(240B) AllocSpace objects, 0(0B) LOS objects, 91% free, 92KB/1116KB, paused 64us total 4.274ms
I/art     (  518): Explicit concurrent mark sweep GC freed 5(160B) AllocSpace objects, 0(0B) LOS objects, 91% free, 92KB/1116KB, paused 110us total 5.319ms
V/MusicFXControlPanelReceiver( 2016): onReceive
V/MusicFXControlPanelReceiver( 2016): Action: android.media.action.CLOSE_AUDIO_EFFECT_CONTROL_SESSION
V/MusicFXControlPanelReceiver( 2016): Package name: com.android.music
V/MusicFXControlPanelReceiver( 2016): Audio session: 4
V/MusicFXControlPanelEffect( 2016): closeSession(android.app.ReceiverRestrictedContext@1bebf019, com.android.music, 4)
I/ActivityManager(  774): Killing 1740:com.android.dialer/u0a4 (adj 15): empty #17
W/libprocessgroup(  774): failed to open /acct/uid_10004/pid_1740/cgroup.procs: No such file or directory
D/AndroidRuntime( 2034): >>>>>> START com.android.internal.os.RuntimeInit uid 0 <<<<<<
D/AndroidRuntime( 2034): CheckJNI is OFF
E/memtrack( 2034): Couldn't load memtrack module (No such file or directory)
E/android.os.Debug( 2034): failed to load memtrack module: -2
D/AndroidRuntime( 2034): Calling main entry com.android.commands.wm.Wm
D/AndroidRuntime( 2034): Shutting down VM
D/AndroidRuntime( 2056): >>>>>> START com.android.internal.os.RuntimeInit uid 0 <<<<<<
D/AndroidRuntime( 2056): CheckJNI is OFF
E/memtrack( 2056): Couldn't load memtrack module (No such file or directory)
E/android.os.Debug( 2056): failed to load memtrack module: -2
D/AndroidRuntime( 2056): Calling main entry com.android.commands.monkey.Monkey
W/BroadcastQueue(  774): Skipping deliver [background] BroadcastRecord{24400495 u-1 android.net.conn.CONNECTIVITY_CHANGE} to ReceiverList{10e589aa 2056 (unknown name)/0/u-1 remote:3fc347f}: process crashing
I/ActivityManager(  774): START u0 {act=android.intent.action.MAIN cat=[android.intent.category.LAUNCHER] flg=0x10200000 cmp=com.zzl.falcon.internal/com.zzl.falcon.EntranceActivity} from uid 0 on display 0
V/WindowManager(  774): addAppToken: AppWindowToken{22695511 token=Token{865d138 ActivityRecord{529999b u0 com.zzl.falcon.internal/com.zzl.falcon.EntranceActivity t189}}} to stack=1 task=189 at 0
D/ForegroundCallbacks( 1574): went foreground
I/awcn.SessionCenter( 1574): |[seq:[default]] [forground]
I/awcn.SessionCenter( 1574): |[seq:umeng:56aadbf567e58e38d4000976] [forground]
D/awcn.StrategyCenter( 1574):  getSchemeByHost host:umengacs.m.taobao.com scheme:https
D/awcn.SessionCenter( 1574): |[seq:umeng:56aadbf567e58e38d4000976] getInternal u:https://umengacs.m.taobao.com TypeClass:SPDY timeout:0
I/awcn.HttpDispatcher( 1574):  sendAmdcRequest hosts:[umengacs.m.taobao.com, unszapi.m.yao.95095.com, api.m.yao.95095.com]
I/awcn.AmdcThreadPoolExecutor( 1574):  merge amdc request delay:500
I/awcn.AmdcThreadPoolExecutor( 1574):  thread created! name:AMDC2
D/awcn.StrategyCenter( 1574):  getSchemeByHost host:umengacs.m.taobao.com scheme:https
D/awcn.SessionRequest( 1574): |[seq:umeng:56aadbf567e58e38d4000976.AWCN1] SessionRequest start host:https://umengacs.m.taobao.com type:SPDY
I/awcn.HttpDispatcher( 1574):  sendAmdcRequest hosts:[amdcopen.m.taobao.com]
D/getConnStrategyListByHost( 1574): |[seq:host] umengacs.m.taobao.com:result [{106.11.61.106 443 http2_0rtt_acs}, {106.11.61.106 80 http2_0rtt_acs}, {106.11.52.16 443 http2_0rtt_acs}, {106.11.52.16 80 http2_0rtt_acs}, {106.11.52.16 443 spdy_0rtt_acs}, {106.11.52.16 80 spdy_0rtt_acs}, {106.11.61.106 80 spdy_0rtt_acs}, {106.11.61.106 443 spdy_0rtt_acs}, {106.11.61.106 443 https}, {106.11.52.16 443 https}]
D/awcn.SessionRequest( 1574): |[seq:umeng:56aadbf567e58e38d4000976.AWCN1] [getAvailStrategy] strategies:[{106.11.61.106 443 http2_0rtt_acs}, {106.11.61.106 80 http2_0rtt_acs}, {106.11.52.16 443 http2_0rtt_acs}, {106.11.52.16 80 http2_0rtt_acs}, {106.11.52.16 443 spdy_0rtt_acs}, {106.11.52.16 80 spdy_0rtt_acs}, {106.11.61.106 80 spdy_0rtt_acs}, {106.11.61.106 443 spdy_0rtt_acs}]
I/awcn.SessionRequest( 1574): |[seq:umeng:56aadbf567e58e38d4000976.AWCN1_1] create connection... Host:https://umengacs.m.taobao.com Type:http2_0rtt_acs IP:106.11.61.106 Port:443 heartbeat:45000 session:Session@[umeng:56aadbf567e58e38d4000976.AWCN1_1|http2_0rtt_acs]
E/awcn.TnetSpdySession( 1574): |[seq:umeng:56aadbf567e58e38d4000976.AWCN1_1] [connect] host:https://umengacs.m.taobao.com connect :106.11.61.106:443 sessionId:1512195227305 SpdyProtocol,:http2_0rtt_acs proxyIp,: proxyPort,:0
E/awcn.Session( 1574): |[seq:umeng:56aadbf567e58e38d4000976.AWCN1_1] notifyStatus status:CONNECTING
D/OpenGLRenderer( 1574): Use EGL_SWAP_BEHAVIOR_PRESERVED: true
E/awcn.Session( 1574): |[seq:umeng:56aadbf567e58e38d4000976.AWCN1_1] notifyStatus status:CONNECTED
I/accs.InAppConn_umeng:56aadbf567e58e38d4000976( 1574):  auth begin seq:umeng:56aadbf567e58e38d4000976.AWCN1_1
E/accs.InAppConn_umeng:56aadbf567e58e38d4000976( 1574):  1 auth URL:https://umengacs.m.taobao.com/accs/auth?1=WajMPL%2FDZuUDAJwcljDKSIFW&2=b72cb9a6e19f6dc73c45e6c6720a16c7c8c04b1db6c63753aa9205edf63f75d8&3=umeng:56aadbf567e58e38d4000976&5=1&6=wifi&7=31027&8=1.1.2&9=1512195167799&10=1&11=22&12=com.zzl.falcon.internal&13=2.4.0&14=android@umeng&15=Google Nexus 4 - 5.1.0 - API 22 - 768x1280&16=generic&17=221&19=0
I/awcn.TnetSpdySession( 1574):   request URL:https://umengacs.m.taobao.com/accs/auth?1=WajMPL%2FDZuUDAJwcljDKSIFW&2=b72cb9a6e19f6dc73c45e6c6720a16c7c8c04b1db6c63753aa9205edf63f75d8&3=umeng:56aadbf567e58e38d4000976&5=1&6=wifi&7=31027&8=1.1.2&9=1512195167799&10=1&11=22&12=com.zzl.falcon.internal&13=2.4.0&14=android@umeng&15=Google Nexus 4 - 5.1.0 - API 22 - 768x1280&16=generic&17=221&19=0
I/awcn.TnetSpdySession( 1574):   request Method:GET
I/awcn.TnetSpdySession( 1574):   request headers:{}
D/awcn.TnetSpdySession( 1574):   streamId:1
D/awcn.DefaultHeartbeatImpl( 1574): |[seq:umeng:56aadbf567e58e38d4000976.AWCN1_1] reSchedule session:Session@[umeng:56aadbf567e58e38d4000976.AWCN1_1|http2_0rtt_acs] delay:1512195272334
E/awcn.TnetSpdySession( 1574): |[seq:umeng:56aadbf567e58e38d4000976.AWCN1_1] spdySessionConnectCB connect connectTime:15 sslTime::3
D/        ( 1574): HostConnection::get() New Host Connection established 0xe148d450, tid 1574
D/Atlas   ( 1574): Validating map...
V/WindowManager(  774): Adding window Window{3b61a402 u0 com.zzl.falcon.internal/com.zzl.falcon.EntranceActivity} at 2 of 7 (after Window{5db02b0 u0 com.android.launcher3/com.android.launcher3.Launcher})
W/Settings( 1574): Setting android_id has moved from android.provider.Settings.System to android.provider.Settings.Secure, returning read-only value.
I/awcn.TnetSpdySession( 1574):   httpStatusCode:200
I/awcn.TnetSpdySession( 1574):   response headers:{x-at=[WajMPL%2FDZuUDAJwcljDKSIFWumeng:56aadbf567e58e38d40009761512209627], date=[Sat, 02 Dec 2017 06:13:47 GMT], server=[Tengine/Aserver/3.0.197_20171017114317], content-length=[0], x-workerid=[4118253834428481551], :status=[200]}
E/accs.InAppConn_umeng:56aadbf567e58e38d4000976( 1574):  AUTH httpStatusCode:200 seq:umeng:56aadbf567e58e38d4000976.AWCN1_1
E/awcn.Session( 1574): |[seq:umeng:56aadbf567e58e38d4000976.AWCN1_1] notifyStatus status:AUTH_SUCC
I/awcn.DefaultHeartbeatImpl( 1574): |[seq:umeng:56aadbf567e58e38d4000976.AWCN1_1] heartbeat start session:Session@[umeng:56aadbf567e58e38d4000976.AWCN1_1|http2_0rtt_acs]
D/awcn.TnetSpdySession( 1574): |[seq:umeng:56aadbf567e58e38d4000976.AWCN1_1] spdyOnStreamResponse authTime:0
I/accs.UtilityImpl( 1574):  	header:server value:Tengine/Aserver/3.0.197_20171017114317
I/accs.UtilityImpl( 1574):  	header:date value:Sat, 02 Dec 2017 06:13:47 GMT
I/accs.UtilityImpl( 1574):  	header:x-at value:WajMPL%2FDZuUDAJwcljDKSIFWumeng:56aadbf567e58e38d40009761512209627
I/accs.UtilityImpl( 1574):  	header:content-length value:0
I/accs.UtilityImpl( 1574):  	header:x-workerid value:4118253834428481551
I/accs.UtilityImpl( 1574):  	header::status value:200
D/awcn.SessionRequest( 1574): |[seq:umeng:56aadbf567e58e38d4000976.AWCN1_1] Session:Session@[umeng:56aadbf567e58e38d4000976.AWCN1_1|http2_0rtt_acs] EventType:AUTH_SUCC Event:
D/awcn.TnetSpdySession( 1574):  spdyStreamCloseCallback streamId:1
D/awcn.SessionRequest( 1574): |[seq:umeng:56aadbf567e58e38d4000976.AWCN1_1] Connect Success session:Session@[umeng:56aadbf567e58e38d4000976.AWCN1_1|http2_0rtt_acs] host:https://umengacs.m.taobao.com
D/awcn.SessionRequest( 1574):  Receive session event type:AUTH_SUCC
D/awcn.StrategyTable( 1574):  [notifyConnEvent] Host:umengacs.m.taobao.com IConnStrategy:{106.11.61.106 443 http2_0rtt_acs} ConnEvent:ConnEvent#Success
W/Settings( 1574): Setting android_id has moved from android.provider.Settings.System to android.provider.Settings.Secure, returning read-only value.
E/com.umeng.message.UTrack( 1574): RegistrationId is empty
E/com.umeng.message.UTrack( 1574): RegistrationId is empty
D/libEGL  ( 1574): loaded /system/lib/egl/libEGL_emulation.so
D/libEGL  ( 1574): loaded /system/lib/egl/libGLESv1_CM_emulation.so
D/libEGL  ( 1574): loaded /system/lib/egl/libGLESv2_emulation.so
D/        ( 1574): HostConnection::get() New Host Connection established 0xef16abb0, tid 2077
I/OpenGLRenderer( 1574): Initialized EGL, version 1.4
D/OpenGLRenderer( 1574): Enabling debug mode 0
W/EGL_emulation( 1574): eglSurfaceAttrib not implemented
W/OpenGLRenderer( 1574): Failed to set EGL_SWAP_BEHAVIOR on surface 0xef16be40, error=EGL_SUCCESS
W/ViewRootImpl( 1574): Dropping event due to no window focus: KeyEvent { action=ACTION_DOWN, keyCode=KEYCODE_DPAD_UP, scanCode=0, metaState=0, flags=0x8, repeatCount=0, eventTime=75282, downTime=75282, deviceId=-1, source=0x101 }
I/accs.MsgDistributeService( 1574):  onStartCommand action:com.taobao.accs.intent.action.RECEIVE
W/ViewRootImpl( 1574): Cancelling event due to no window focus: KeyEvent { action=ACTION_UP, keyCode=KEYCODE_DPAD_UP, scanCode=0, metaState=0, flags=0x28, repeatCount=0, eventTime=75501, downTime=75501, deviceId=-1, source=0x101 }
W/ViewRootImpl( 1574): Cancelling event due to no window focus: KeyEvent { action=ACTION_UP, keyCode=KEYCODE_DPAD_UP, scanCode=0, metaState=0, flags=0x28, repeatCount=0, eventTime=75501, downTime=75501, deviceId=-1, source=0x101 }
W/ViewRootImpl( 1574): Cancelling event due to no window focus: KeyEvent { action=ACTION_UP, keyCode=KEYCODE_DPAD_UP, scanCode=0, metaState=0, flags=0x28, repeatCount=0, eventTime=75501, downTime=75501, deviceId=-1, source=0x101 }
W/ViewRootImpl( 1574): Cancelling event due to no window focus: KeyEvent { action=ACTION_UP, keyCode=KEYCODE_DPAD_UP, scanCode=0, metaState=0, flags=0x28, repeatCount=0, eventTime=75501, downTime=75501, deviceId=-1, source=0x101 }
W/ViewRootImpl( 1574): Cancelling event due to no window focus: KeyEvent { action=ACTION_UP, keyCode=KEYCODE_DPAD_UP, scanCode=0, metaState=0, flags=0x28, repeatCount=0, eventTime=75501, downTime=75501, deviceId=-1, source=0x101 }
W/ViewRootImpl( 1574): Cancelling event due to no window focus: KeyEvent { action=ACTION_UP, keyCode=KEYCODE_DPAD_UP, scanCode=0, metaState=0, flags=0x28, repeatCount=0, eventTime=75501, downTime=75501, deviceId=-1, source=0x101 }
W/ViewRootImpl( 1574): Cancelling event due to no window focus: KeyEvent { action=ACTION_UP, keyCode=KEYCODE_DPAD_UP, scanCode=0, metaState=0, flags=0x28, repeatCount=0, eventTime=75501, downTime=75501, deviceId=-1, source=0x101 }
W/ViewRootImpl( 1574): Cancelling event due to no window focus: KeyEvent { action=ACTION_UP, keyCode=KEYCODE_DPAD_UP, scanCode=0, metaState=0, flags=0x28, repeatCount=0, eventTime=75501, downTime=75501, deviceId=-1, source=0x101 }
W/ViewRootImpl( 1574): Cancelling event due to no window focus: KeyEvent { action=ACTION_UP, keyCode=KEYCODE_DPAD_UP, scanCode=0, metaState=0, flags=0x28, repeatCount=0, eventTime=75501, downTime=75501, deviceId=-1, source=0x101 }
D/accs.MsgDistribute( 1574):  action:com.taobao.accs.intent.action.RECEIVE
I/accs.MsgDistribute( 1574):  distribute command::103  serviceId::  dataId:: appkey: config:
I/AppiumUnicodeIME(  914): onFinishInput
I/AppiumUnicodeIME(  914): onStartInput
I/awcn.HMacUtil( 1574):  hmacSha1Hex result:efc2748efbeba446d8ad573acd62a48256a6c8447c5632e1b1b9771e778bf44e
D/awcn.StrategyCenter( 1574):  getSchemeByHost host:amdcopen.m.taobao.com scheme:http
D/getConnStrategyListByHost( 1574): |[seq:host] amdcopen.m.taobao.com:result []
I/awcn.DispatchCore( 1574): |[seq:AMDC1] send amdc request url:http://amdcopen.m.taobao.com/amdc/mobileDispatch?appkey=umeng%3A56aadbf567e58e38d4000976&deviceId=WajMPL%2FDZuUDAJwcljDKSIFW&platform=android&v=4.0
D/awcn.DispatchCore( 1574): |[seq:AMDC1] amdc response. code: 200 
D/awcn.DispatchCore( 1574): headers:{null=[HTTP/1.1 200 OK], Cache-Control=[no-cache], Connection=[close], Content-Encoding=[gzip], Content-Type=[application/json;charset=UTF-8], Date=[Sat, 02 Dec 2017 06:13:47 GMT], pragma=[no-cache], Server=[Tengine], Transfer-Encoding=[chunked], Vary=[Accept-Encoding], x-am-code=[1000], x-am-id=[amdc010150170043.eu13_1512195227838_62057546], x-am-sign=[ba999892051f23046927e7cf4e334d2758ad7be3f01b6d864e7121a2416abfff], X-Android-Received-Millis=[1512195227838], X-Android-Response-Source=[NETWORK 200], X-Android-Sent-Millis=[1512195227826]}
D/awcn.DispatchCore( 1574): |[seq:AMDC1] amdc response body 
D/awcn.DispatchCore( 1574): body:{"code":1000,"cv":1,"dns":[{"aisles":[{"cto":10000,"heartbeat":0,"port":443,"protocol":"https","retry":1,"rto":10000},{"cto":10000,"heartbeat":0,"port":80,"protocol":"http","retry":1,"rto":10000}],"host":"amdcopen.m.taobao.com","ips":["106.11.61.135"],"safeAisles":"http","ttl":300},{"aisles":[{"cto":10000,"heartbeat":0,"port":443,"protocol":"https","retry":1,"rto":10000},{"cto":10000,"heartbeat":0,"port":80,"protocol":"http","retry":1,"rto":10000}],"host":"api.m.yao.95095.com","ips":["140.205.36.37"],"isHot":1,"ttl":300},{"aisles":[{"cto":10000,"heartbeat":0,"port":443,"protocol":"https","retry":1,"rto":10000},{"cto":10000,"heartbeat":0,"port":80,"protocol":"http","retry":1,"rto":10000}],"host":"unszapi.m.yao.95095.com","ips":["106.11.132.9"],"isHot":1,"ttl":300},{"aisles":[{"cto":10000,"heartbeat":45000,"port":443,"protocol":"http2","publickey":"acs","retry":1,"rto":10000,"rtt":"0rtt"},{"cto":10000,"heartbeat":45000,"port":80,"protocol":"http2","publickey":"acs","retry":1,"rto":10000,"rtt":"0rtt"},{"cto":10000,"heartbeat":45000,"port":443,"protocol":"spdy","publickey":"acs","retry":1,"rto":10000,"rtt":"0rtt"},{"cto":10000,"heartbeat":45000,"port":80,"protocol":"spdy","publickey":"acs","retry":1,"rto":10000,"rtt":"0rtt"},{"cto":10000,"heartbeat":0,"port":443,"protocol":"https","retry":1,"rto":10000}],"host":"umengacs.m.taobao.com","ips":["106.11.61.106","140.205.160.76"],"isHot":1,"safeAisles":"https","ttl":300}],"ip":"116.228.34.130","unit":"unzbyun","utdid":"WajMPL/DZuUDAJwcljDKSIFW"}
E/DefaultNetworkAnalysis( 1574):  no NWNetworkAnalysisSDK sdk
I/awcn.HMacUtil( 1574):  hmacSha1Hex result:ba999892051f23046927e7cf4e334d2758ad7be3f01b6d864e7121a2416abfff
D/awcn.StrategyCenter( 1574):  receive DNS event
I/awcn.StrategyTable( 1574):  update strategyTable with httpDns response
D/awcn.StrategyTable( 1574):  uniqueId : WIFI$01:80:c2:00:00:03
D/awcn.StrategyTable( 1574): -------------------------hot domains:------------------------------------
D/awcn.StrategyTable( 1574):  api.m.yao.95095.com = 
D/awcn.StrategyTable( 1574): StrategyList = 1512195527841[{140.205.36.37 443 https}, {140.205.36.37 80 http}]
D/awcn.StrategyTable( 1574):  unszapi.m.yao.95095.com = 
D/awcn.StrategyTable( 1574): StrategyList = 1512195527841[{106.11.132.9 443 https}, {106.11.132.9 80 http}]
D/awcn.StrategyTable( 1574):  umengacs.m.taobao.com = 
D/awcn.StrategyTable( 1574): StrategyList = 1512195527841[{106.11.61.106 443 http2_0rtt_acs}, {106.11.61.106 80 http2_0rtt_acs}, {106.11.61.106 80 spdy_0rtt_acs}, {106.11.61.106 443 spdy_0rtt_acs}, {140.205.160.76 443 http2_0rtt_acs}, {140.205.160.76 80 http2_0rtt_acs}, {140.205.160.76 443 spdy_0rtt_acs}, {140.205.160.76 80 spdy_0rtt_acs}, {106.11.61.106 443 https}, {140.205.160.76 443 https}]
D/awcn.StrategyTable( 1574):  
D/awcn.StrategyTable( 1574): -------------------------cold domains:------------------------------------
D/awcn.StrategyTable( 1574):  amdcopen.m.taobao.com = 
D/awcn.StrategyTable( 1574): StrategyList = 1512195527841[{106.11.61.135 443 https}, {106.11.61.135 80 http}]
D/awcn.SafeAislesMap( 1574):  SafeAislesMap: {msgacs.m.taobao.com=No_Result, amdcopen.m.taobao.com=http, api.m.yao.95095.com=No_Result, unszapi.m.yao.95095.com=No_Result, umengacs.m.taobao.com=https}
D/awcn.UnitMap( 1574):  UnitMap : UnitMap: {WajMPL/DZuUDAJwcljDKSIFW=unzbyun}
I/awcn.StrategyCenter( 1574):  saveData
D/awcn.StrategyCenter( 1574):  getSchemeByHost host:umengacs.m.taobao.com scheme:https
D/awcn.SessionCenter( 1574): |[seq:umeng:56aadbf567e58e38d4000976] getInternal u:https://umengacs.m.taobao.com TypeClass:SPDY timeout:0
D/awcn.StrategyCenter( 1574):  getSchemeByHost host:umengacs.m.taobao.com scheme:https
D/awcn.SessionCenter( 1574): |[seq:umeng:56aadbf567e58e38d4000976] get internal hit cache session session:Session@[umeng:56aadbf567e58e38d4000976.AWCN1_1|http2_0rtt_acs]
I/AppiumUnicodeIME(  914): onKeyDown (keyCode='82', event.keyCode='82', metaState='0')
I/AppiumUnicodeIME(  914): onKeyUp (keyCode='82', event.keyCode='82', metaState='0')
I/ActivityManager(  774): Displayed com.zzl.falcon.internal/com.zzl.falcon.EntranceActivity: +1s56ms
I/AppiumUnicodeIME(  914): onKeyDown (keyCode='92', event.keyCode='92', metaState='0')
W/AudioTrack(  774): AUDIO_OUTPUT_FLAG_FAST denied by client
I/AppiumUnicodeIME(  914): onKeyUp (keyCode='92', event.keyCode='92', metaState='0')
I/ActivityManager(  774): START u0 {act=android.intent.action.MAIN cat=[android.intent.category.LAUNCHER] flg=0x10200000 cmp=com.zzl.falcon.internal/com.zzl.falcon.EntranceActivity} from uid 0 on display 0
I/AppiumUnicodeIME(  914): onKeyDown (keyCode='20', event.keyCode='20', metaState='0')
I/AppiumUnicodeIME(  914): onKeyUp (keyCode='20', event.keyCode='20', metaState='0')
I/AppiumUnicodeIME(  914): onKeyDown (keyCode='20', event.keyCode='20', metaState='0')
I/AppiumUnicodeIME(  914): onKeyUp (keyCode='20', event.keyCode='20', metaState='0')
I/AppiumUnicodeIME(  914): onKeyDown (keyCode='20', event.keyCode='20', metaState='0')
I/AppiumUnicodeIME(  914): onKeyUp (keyCode='20', event.keyCode='20', metaState='0')
I/AppiumUnicodeIME(  914): onKeyDown (keyCode='20', event.keyCode='20', metaState='0')
I/AppiumUnicodeIME(  914): onKeyUp (keyCode='20', event.keyCode='20', metaState='0')
I/AppiumUnicodeIME(  914): onKeyDown (keyCode='23', event.keyCode='23', metaState='0')
I/AppiumUnicodeIME(  914): onKeyUp (keyCode='23', event.keyCode='23', metaState='0')
I/AppiumUnicodeIME(  914): onKeyDown (keyCode='23', event.keyCode='23', metaState='0')
I/AppiumUnicodeIME(  914): onKeyUp (keyCode='23', event.keyCode='23', metaState='0')
I/AppiumUnicodeIME(  914): onKeyDown (keyCode='23', event.keyCode='23', metaState='0')
I/AppiumUnicodeIME(  914): onKeyUp (keyCode='23', event.keyCode='23', metaState='0')
I/awcn.SerializeHelper( 1574):  persist end. file:/storage/emulated/0/Android/data/com.zzl.falcon.internal/files/awcn_strategy/ef133debedbd6d843d539e5eb14cfdfd cost:10
I/awcn.SerializeHelper( 1574):  persist end. file:/storage/emulated/0/Android/data/com.zzl.falcon.internal/files/awcn_strategy/0c61135c2fdcd71f15ad7297245abe44 cost:4
I/awcn.SerializeHelper( 1574):  persist end. file:/storage/emulated/0/Android/data/com.zzl.falcon.internal/files/awcn_strategy/49c6a36aaea8ee1549c1cd3e07070c79 cost:7
I/AppiumUnicodeIME(  914): onKeyDown (keyCode='23', event.keyCode='23', metaState='0')
I/AppiumUnicodeIME(  914): onKeyUp (keyCode='23', event.keyCode='23', metaState='0')
I/AppiumUnicodeIME(  914): onKeyDown (keyCode='166', event.keyCode='166', metaState='0')
I/AppiumUnicodeIME(  914): onKeyUp (keyCode='166', event.keyCode='166', metaState='0')
I/ActivityManager(  774): START u0 {act=android.intent.action.MAIN cat=[android.intent.category.LAUNCHER] flg=0x10200000 cmp=com.zzl.falcon.internal/com.zzl.falcon.EntranceActivity} from uid 0 on display 0
I/ActivityManager(  774): START u0 {cmp=com.zzl.falcon.internal/com.zzl.falcon.MainActivity} from uid 10099 on display 0
E/cutils-trace(  517): Error opening trace file: Permission denied (13)
V/WindowManager(  774): addAppToken: AppWindowToken{12838926 token=Token{39b8a481 ActivityRecord{108bf868 u0 com.zzl.falcon.internal/com.zzl.falcon.MainActivity t189}}} to stack=1 task=189 at 1
I/AppiumUnicodeIME(  914): onKeyDown (keyCode='20', event.keyCode='20', metaState='0')
I/AppiumUnicodeIME(  914): onKeyUp (keyCode='20', event.keyCode='20', metaState='0')
I/accs.Config( 1574):  getDeviceToken token:
I/accs.Config( 1574):  getAgooAppKey appkey:umeng:56aadbf567e58e38d4000976
I/accs.SwitchDO( 1574):  buildData data:{"cmd":"enablePush","appKey":"umeng:56aadbf567e58e38d4000976","utdid":"WajMPL\/DZuUDAJwcljDKSIFW"}
D/accs.InAppConn_umeng:56aadbf567e58e38d4000976( 1574):  1 start
D/accs.InAppConn_umeng:56aadbf567e58e38d4000976( 1574):  send message, DATA delay:0 dataId:3
I/accs.InAppConn_umeng:56aadbf567e58e38d4000976( 1574):  try send:DATA dataId:3 appkey:umeng:56aadbf567e58e38d4000976
D/awcn.SessionCenter( 1574): |[seq:umeng:56aadbf567e58e38d4000976] getInternal u:https://umengacs.m.taobao.com TypeClass:SPDY timeout:60000
D/awcn.StrategyCenter( 1574):  getSchemeByHost host:umengacs.m.taobao.com scheme:https
D/awcn.SessionCenter( 1574): |[seq:umeng:56aadbf567e58e38d4000976] get internal hit cache session session:Session@[umeng:56aadbf567e58e38d4000976.AWCN1_1|http2_0rtt_acs]
D/accs.Msg_umeng:56aadbf567e58e38d4000976( 1574):  Build Message
D/accs.Msg_umeng:56aadbf567e58e38d4000976( 1574):  	version:2 compress:0
D/accs.Msg_umeng:56aadbf567e58e38d4000976( 1574):  	flag: 0x40
D/accs.Msg_umeng:56aadbf567e58e38d4000976( 1574):  	totalLength:187
D/accs.Msg_umeng:56aadbf567e58e38d4000976( 1574):  	dataLength:185
D/accs.Msg_umeng:56aadbf567e58e38d4000976( 1574):  	flags:ffffc800
D/accs.Msg_umeng:56aadbf567e58e38d4000976( 1574):  	targetLength:16
D/accs.Msg_umeng:56aadbf567e58e38d4000976( 1574):  	target:2|AgooDeviceCmd|
D/accs.Msg_umeng:56aadbf567e58e38d4000976( 1574):  	sourceLength:63
D/accs.Msg_umeng:56aadbf567e58e38d4000976( 1574):  	source:WajMPL/DZuUDAJwcljDKSIFW|com.zzl.falcon.internal|AgooDeviceCmd|
D/accs.Msg_umeng:56aadbf567e58e38d4000976( 1574):  	dataIdLength:1
D/accs.Msg_umeng:56aadbf567e58e38d4000976( 1574):  	dataId:3
D/accs.Msg_umeng:56aadbf567e58e38d4000976( 1574):  	extHeader len:0
D/accs.Msg_umeng:56aadbf567e58e38d4000976( 1574):  	oriData:{"cmd":"enablePush","appKey":"umeng:56aadbf567e58e38d4000976","utdid":"WajMPL\/DZuUDAJwcljDKSIFW"}
D/accs.Msg_umeng:56aadbf567e58e38d4000976( 1574):  len:191
D/accs.UTMini( 1574):  commitEvent fail java.lang.NoClassDefFoundError: Failed resolution of: Lcom/ut/mini/internal/UTOriginalCustomHitBuilder;
D/accs.Msg_umeng:56aadbf567e58e38d4000976( 1574):  20 40 0 bb 0 b9 c8 0 10 32 7c 41 67 6f 6f 44 65 76 69 63 65 43 6d 64 7c 3f 57 61 6a 4d 50 4c 2f 44 5a 75 55 44 41 4a 77 63 6c 6a 44 4b 53 49 46 57 7c 63 6f 6d 2e 7a 7a 6c 2e 66 61 6c 63 6f 6e 2e 69 6e 74 65 72 6e 61 6c 7c 41 67 6f 6f 44 65 76 69 63 65 43 6d 64 7c 1 33 0 0 7b 22 63 6d 64 22 3a 22 65 6e 61 62 6c 65 50 75 73 68 22 2c 22 61 70 70 4b 65 79 22 3a 22 75 6d 65 6e 67 3a 35 36 61 61 64 62 66 35 36 37 65 35 38 65 33 38 64 34 30 30 30 39 37 36 22 2c 22 75 74 64 69 64 22 3a 22 57 61 6a 4d 50 4c 5c 2f 44 5a 75 55 44 41 4a 77 63 6c 6a 44 4b 53 49 46 57 22 7d 
I/accs.InAppConn_umeng:56aadbf567e58e38d4000976( 1574):  send data  len:191 dataId:3 command:100 host:https://umengacs.m.taobao.com utdid:WajMPL/DZuUDAJwcljDKSIFW
E/awcn.TnetSpdySession( 1574): |[seq:umeng:56aadbf567e58e38d4000976.AWCN1_1] sendCustomFrame dataId:3 type:200
D/awcn.DefaultHeartbeatImpl( 1574): |[seq:umeng:56aadbf567e58e38d4000976.AWCN1_1] reSchedule session:Session@[umeng:56aadbf567e58e38d4000976.AWCN1_1|http2_0rtt_acs] delay:1562
D/accs.InAppConn_umeng:56aadbf567e58e38d4000976( 1574):  sendSucc true dataId:3
E/awcn.TnetSpdySession( 1574): |[seq:umeng:56aadbf567e58e38d4000976.AWCN1_1] [spdyCustomControlFrameRecvCallback] len:145 frameCb:com.taobao.accs.net.k@1d0dc36e
E/awcn.TnetSpdySession( 1574): |[seq:umeng:56aadbf567e58e38d4000976.AWCN1_1] str:20 40 0 8d 0 8b e0 0 3f 57 61 6a 4d 50 4c 2f 44 5a 75 55 44 41 4a 77 63 6c 6a 44 4b 53 49 46 57 7c 63 6f 6d 2e 7a 7a 6c 2e 66 61 6c 63 6f 6e 2e 69 6e 74 65 72 6e 61 6c 7c 41 67 6f 6f 44 65 76 69 63 65 43 6d 64 7c 10 32 7c 41 67 6f 6f 44 65 76 69 63 65 43 6d 64 7c 1 33 0 9 24 7 75 6e 7a 62 79 75 6e 7b 22 72 65 73 75 6c 74 43 6f 64 65 22 3a 22 73 75 63 63 65 73 73 22 2c 22 63 6d 64 22 3a 22 65 6e 61 62 6c 65 50 75 73 68 22 7d 
I/accs.InAppConn_umeng:56aadbf567e58e38d4000976( 1574):  onDataReceive, type:200 len:145
E/accs.InAppConn_umeng:56aadbf567e58e38d4000976( 1574):  onDataReceive, end:
D/accs.MsgRecv_umeng:56aadbf567e58e38d4000976( 1574):  version:2
D/accs.MsgRecv_umeng:56aadbf567e58e38d4000976( 1574):  compress:0
D/accs.MsgRecv_umeng:56aadbf567e58e38d4000976( 1574):  totalLen:141
D/accs.MsgRecv_umeng:56aadbf567e58e38d4000976( 1574):  buf len:139
D/accs.MsgRecv_umeng:56aadbf567e58e38d4000976( 1574):  flag:e000
D/accs.MsgRecv_umeng:56aadbf567e58e38d4000976( 1574):  target:WajMPL/DZuUDAJwcljDKSIFW|com.zzl.falcon.internal|AgooDeviceCmd|
D/accs.MsgRecv_umeng:56aadbf567e58e38d4000976( 1574):  source:2|AgooDeviceCmd|
D/accs.MsgRecv_umeng:56aadbf567e58e38d4000976( 1574):  dataId:3
D/accs.MsgRecv_umeng:56aadbf567e58e38d4000976( 1574):  extHeaderLen:9
D/accs.MsgRecv_umeng:56aadbf567e58e38d4000976( 1574):   extHeaderType:9 value:unzbyun
D/accs.MsgRecv_umeng:56aadbf567e58e38d4000976( 1574):  oriData:[B@257bea0f
I/accs.MsgRecv_umeng:56aadbf567e58e38d4000976( 1574):  1 dataId 3:type DATA:reqType RES:resType NO_ACK:target WajMPL/DZuUDAJwcljDKSIFW|com.zzl.falcon.internal|AgooDeviceCmd|
D/accs.MsgRecv_umeng:56aadbf567e58e38d4000976( 1574):  reqMessage not null
W/ActivityManager(  774): getTasks: caller 10099 does not hold GET_TASKS; limiting output
D/accs.MsgRecv_umeng:56aadbf567e58e38d4000976( 1574):  onResult command:100 erorcode:200
D/accs.MsgRecv_umeng:56aadbf567e58e38d4000976( 1574):  prepare send broadcast
D/accs.UTMini( 1574):  commitEvent fail java.lang.NoClassDefFoundError: Failed resolution of: Lcom/ut/mini/internal/UTOriginalCustomHitBuilder;
D/accs.InAppConn_umeng:56aadbf567e58e38d4000976( 1574):  try handle msg
D/accs.MsgDistribute( 1574):  action:com.taobao.accs.intent.action.RECEIVE
I/accs.MsgDistribute( 1574):  distribute command::100  serviceId::AgooDeviceCmd  dataId::1 appkey:umeng:56aadbf567e58e38d4000976 config:umeng:56aadbf567e58e38d4000976
W/accs.MsgDistribute( 1574):  appReceiver null! serviceId:AgooDeviceCmd appkey:umeng:56aadbf567e58e38d4000976
D/accs.UTMini( 1574):  commitEvent fail java.lang.NoClassDefFoundError: Failed resolution of: Lcom/ut/mini/internal/UTOriginalCustomHitBuilder;
I/accs.AccsAbstractDataListener( 1574):  onReceiveData dataId:1 serviceId:AgooDeviceCmd command:100
D/accs.UTMini( 1574):  commitEvent fail java.lang.NoClassDefFoundError: Failed resolution of: Lcom/ut/mini/internal/UTOriginalCustomHitBuilder;
I/accs.RequestListener( 1574):  RequestListener onResponse dataId:1 listener:com.umeng.message.PushAgent$3@3b17182b json:{"resultCode":"success","cmd":"enablePush"}
I/com.umeng.message.PushAgent( 1574): bindAgoo-->onSuccess
D/accs.UTMini( 1574):  commitEvent fail java.lang.NoClassDefFoundError: Failed resolution of: Lcom/ut/mini/internal/UTOriginalCustomHitBuilder;
D/ForegroundCallbacks( 1574): still foreground
V/WindowManager(  774): Adding window Window{26536c80 u0 com.zzl.falcon.internal/com.zzl.falcon.MainActivity} at 3 of 8 (after Window{3b61a402 u0 com.zzl.falcon.internal/com.zzl.falcon.EntranceActivity})
E/com.umeng.message.UTrack( 1574): RegistrationId is empty
E/com.umeng.message.UTrack( 1574): RegistrationId is empty
D/com.umeng.message.UmengMessageCallbackHandlerService( 1574): processName=com.zzl.falcon.internal
D/com.umeng.message.UmengMessageCallbackHandlerService( 1574): enable()-->status:true
W/FragmentManager( 1574): moveToState: Fragment state for FinanceFragment{9ba2fb8 #0 id=0x7f0e0108 android:switcher:2131624200:1} not updated inline; expected state 3 found 2
W/FragmentManager( 1574): moveToState: Fragment state for AccountFragment{33aceba6 #1 id=0x7f0e0108 android:switcher:2131624200:2} not updated inline; expected state 3 found 2
W/FragmentManager( 1574): moveToState: Fragment state for SettingFragment{713872c #2 id=0x7f0e0108 android:switcher:2131624200:3} not updated inline; expected state 3 found 2
D/OkHttp  ( 1574): --> POST http://116.236.220.210:8084/appIndex/list?version=3 http/1.1
D/OkHttp  ( 1574): Content-Length: 0
D/OkHttp  ( 1574): RC-Bel-Key: bel.zhiwang.zzl
D/OkHttp  ( 1574): RC-Timestamp: 1512195229
D/OkHttp  ( 1574): RC-Nonce: e60bdef2-1de9-4011-b0fd-d98ee44df47c
D/OkHttp  ( 1574): RC-Signature: b7dab7fd011f10ae1982a23a64a752d0f3eb17c9
D/OkHttp  ( 1574): osType: Android
D/OkHttp  ( 1574): version: 2.4.0
D/OkHttp  ( 1574): --> END POST (0-byte body)
W/FragmentManager( 1574): moveToState: Fragment state for InvestFragment{11d45e19 #4 id=0x7f0e020e android:switcher:2131624462:1} not updated inline; expected state 3 found 2
E/RecyclerView( 1574): Cannot scroll to position a LayoutManager set. Call setLayoutManager with a non-null argument.
E/RecyclerView( 1574): Cannot scroll to position a LayoutManager set. Call setLayoutManager with a non-null argument.
W/EGL_emulation( 1574): eglSurfaceAttrib not implemented
W/OpenGLRenderer( 1574): Failed to set EGL_SWAP_BEHAVIOR on surface 0xef16be60, error=EGL_SUCCESS
D/OkHttp  ( 1574): <-- 200 OK http://116.236.220.210:8084/appIndex/list?version=3 (80ms)
D/OkHttp  ( 1574): Server: Apache-Coyote/1.1
D/OkHttp  ( 1574): Set-Cookie: JSESSIONID=9BB94CE5653D4FD328C09F3470718D59; Path=/; HttpOnly
D/OkHttp  ( 1574): Content-Type: application/json;charset=utf-8
D/OkHttp  ( 1574): Content-Length: 866
D/OkHttp  ( 1574): Date: Sat, 02 Dec 2017 06:13:49 GMT
D/OkHttp  ( 1574): {"fixedInvestInfo":{"empId":"1","persiodUp":12,"rateDown":6.9,"persiodDown":3,"platformType":1,"remark":"","parentId":"0","rateUp":9.6,"paymentType":1,"createTime":"","payment":2,"id":"402897e7562c1dd101562c291ad10003","proName":"","periodsType":1,"proNumber":"","productType":1,"status":1},"bannel":[{"webDesc":"","imgurl":"20171114100735893.png","createTime":"2017-11-14 10:05:59","name":"","link":"http://116.236.220.210:8084/mobileWeb/commonActivity?activity=winter","id":"2c908a885fb40cb0015fb846a8d1018d","type":1,"seq":12,"status":1,"shareStatus":0}],"investInfo":[{"persiodUp":"48","rateDown":"10.8","persiodDown":"6","proName":"","rateUp":"14.5","productType":"2"}],"transferInfo":{"periodDesc":"","rateDown":"10","productType":"20","rateUp":"15"},"responseCode":"1"}
D/OkHttp  ( 1574): <-- END HTTP (866-byte body)
W/ViewRootImpl( 1574): Cancelling event due to no window focus: KeyEvent { action=ACTION_UP, keyCode=KEYCODE_DPAD_DOWN, scanCode=0, metaState=0, flags=0x28, repeatCount=0, eventTime=76665, downTime=76665, deviceId=-1, source=0x101 }
W/ViewRootImpl( 1574): Cancelling event due to no window focus: KeyEvent { action=ACTION_UP, keyCode=KEYCODE_DPAD_DOWN, scanCode=0, metaState=0, flags=0x28, repeatCount=0, eventTime=76665, downTime=76665, deviceId=-1, source=0x101 }
W/ViewRootImpl( 1574): Cancelling event due to no window focus: KeyEvent { action=ACTION_UP, keyCode=KEYCODE_DPAD_DOWN, scanCode=0, metaState=0, flags=0x28, repeatCount=0, eventTime=76665, downTime=76665, deviceId=-1, source=0x101 }
W/ViewRootImpl( 1574): Cancelling event due to no window focus: KeyEvent { action=ACTION_UP, keyCode=KEYCODE_DPAD_DOWN, scanCode=0, metaState=0, flags=0x28, repeatCount=0, eventTime=76665, downTime=76665, deviceId=-1, source=0x101 }
W/ViewRootImpl( 1574): Cancelling event due to no window focus: KeyEvent { action=ACTION_UP, keyCode=KEYCODE_DPAD_DOWN, scanCode=0, metaState=0, flags=0x28, repeatCount=0, eventTime=76665, downTime=76665, deviceId=-1, source=0x101 }
W/ViewRootImpl( 1574): Cancelling event due to no window focus: KeyEvent { action=ACTION_UP, keyCode=KEYCODE_DPAD_DOWN, scanCode=0, metaState=0, flags=0x28, repeatCount=0, eventTime=76665, downTime=76665, deviceId=-1, source=0x101 }
W/ViewRootImpl( 1574): Cancelling event due to no window focus: KeyEvent { action=ACTION_UP, keyCode=KEYCODE_DPAD_DOWN, scanCode=0, metaState=0, flags=0x28, repeatCount=0, eventTime=76665, downTime=76665, deviceId=-1, source=0x101 }
W/ViewRootImpl( 1574): Cancelling event due to no window focus: KeyEvent { action=ACTION_UP, keyCode=KEYCODE_DPAD_DOWN, scanCode=0, metaState=0, flags=0x28, repeatCount=0, eventTime=76665, downTime=76665, deviceId=-1, source=0x101 }
W/ViewRootImpl( 1574): Cancelling event due to no window focus: KeyEvent { action=ACTION_UP, keyCode=KEYCODE_DPAD_DOWN, scanCode=0, metaState=0, flags=0x28, repeatCount=0, eventTime=76665, downTime=76665, deviceId=-1, source=0x101 }
W/ViewRootImpl( 1574): Dropping event due to no window focus: KeyEvent { action=ACTION_DOWN, keyCode=KEYCODE_MENU, scanCode=0, metaState=0, flags=0x8, repeatCount=0, eventTime=77231, downTime=77231, deviceId=-1, source=0x101 }
W/ViewRootImpl( 1574): Cancelling event due to no window focus: KeyEvent { action=ACTION_UP, keyCode=KEYCODE_MENU, scanCode=0, metaState=0, flags=0x28, repeatCount=0, eventTime=77371, downTime=77371, deviceId=-1, source=0x101 }
W/ViewRootImpl( 1574): Cancelling event due to no window focus: KeyEvent { action=ACTION_UP, keyCode=KEYCODE_MENU, scanCode=0, metaState=0, flags=0x28, repeatCount=0, eventTime=77371, downTime=77371, deviceId=-1, source=0x101 }
W/ViewRootImpl( 1574): Cancelling event due to no window focus: KeyEvent { action=ACTION_UP, keyCode=KEYCODE_MENU, scanCode=0, metaState=0, flags=0x28, repeatCount=0, eventTime=77371, downTime=77371, deviceId=-1, source=0x101 }
W/ViewRootImpl( 1574): Cancelling event due to no window focus: KeyEvent { action=ACTION_UP, keyCode=KEYCODE_MENU, scanCode=0, metaState=0, flags=0x28, repeatCount=0, eventTime=77371, downTime=77371, deviceId=-1, source=0x101 }
W/ViewRootImpl( 1574): Cancelling event due to no window focus: KeyEvent { action=ACTION_UP, keyCode=KEYCODE_MENU, scanCode=0, metaState=0, flags=0x28, repeatCount=0, eventTime=77371, downTime=77371, deviceId=-1, source=0x101 }
W/ViewRootImpl( 1574): Cancelling event due to no window focus: KeyEvent { action=ACTION_UP, keyCode=KEYCODE_MENU, scanCode=0, metaState=0, flags=0x28, repeatCount=0, eventTime=77371, downTime=77371, deviceId=-1, source=0x101 }
V/WindowManager(  774): not Base app: Adding window Window{245896fe u0 com.zzl.falcon.internal/com.zzl.falcon.MainActivity} at 4 of 9
I/ActivityManager(  774): START u0 {cmp=com.zzl.falcon.internal/com.zzl.falcon.WebViewActivity (has extras)} from uid 10099 on display 0
V/WindowManager(  774): addAppToken: AppWindowToken{228f7175 token=Token{fc2d0ac ActivityRecord{3e2dde5f u0 com.zzl.falcon.internal/com.zzl.falcon.WebViewActivity t189}}} to stack=1 task=189 at 2
W/ViewRootImpl( 1574): Dropping event due to no window focus: KeyEvent { action=ACTION_DOWN, keyCode=KEYCODE_DPAD_CENTER, scanCode=0, metaState=0, flags=0x8, repeatCount=0, eventTime=77378, downTime=77378, deviceId=-1, source=0x101 }
W/ViewRootImpl( 1574): Cancelling event due to no window focus: KeyEvent { action=ACTION_UP, keyCode=KEYCODE_DPAD_CENTER, scanCode=0, metaState=0, flags=0x28, repeatCount=0, eventTime=77431, downTime=77378, deviceId=-1, source=0x101 }
W/ViewRootImpl( 1574): Cancelling event due to no window focus: KeyEvent { action=ACTION_UP, keyCode=KEYCODE_DPAD_CENTER, scanCode=0, metaState=0, flags=0x28, repeatCount=0, eventTime=77431, downTime=77378, deviceId=-1, source=0x101 }
W/ViewRootImpl( 1574): Cancelling event due to no window focus: KeyEvent { action=ACTION_UP, keyCode=KEYCODE_DPAD_CENTER, scanCode=0, metaState=0, flags=0x28, repeatCount=0, eventTime=77431, downTime=77378, deviceId=-1, source=0x101 }
W/ViewRootImpl( 1574): Cancelling event due to no window focus: KeyEvent { action=ACTION_UP, keyCode=KEYCODE_DPAD_CENTER, scanCode=0, metaState=0, flags=0x28, repeatCount=0, eventTime=77431, downTime=77378, deviceId=-1, source=0x101 }
W/ViewRootImpl( 1574): Cancelling event due to no window focus: KeyEvent { action=ACTION_UP, keyCode=KEYCODE_DPAD_CENTER, scanCode=0, metaState=0, flags=0x28, repeatCount=0, eventTime=77431, downTime=77378, deviceId=-1, source=0x101 }
W/ViewRootImpl( 1574): Cancelling event due to no window focus: KeyEvent { action=ACTION_UP, keyCode=KEYCODE_DPAD_CENTER, scanCode=0, metaState=0, flags=0x28, repeatCount=0, eventTime=77431, downTime=77378, deviceId=-1, source=0x101 }
W/ViewRootImpl( 1574): Cancelling event due to no window focus: KeyEvent { action=ACTION_UP, keyCode=KEYCODE_DPAD_CENTER, scanCode=0, metaState=0, flags=0x28, repeatCount=0, eventTime=77431, downTime=77378, deviceId=-1, source=0x101 }
W/ViewRootImpl( 1574): Cancelling event due to no window focus: KeyEvent { action=ACTION_UP, keyCode=KEYCODE_DPAD_CENTER, scanCode=0, metaState=0, flags=0x28, repeatCount=0, eventTime=77431, downTime=77378, deviceId=-1, source=0x101 }
W/ViewRootImpl( 1574): Cancelling event due to no window focus: KeyEvent { action=ACTION_UP, keyCode=KEYCODE_DPAD_CENTER, scanCode=0, metaState=0, flags=0x28, repeatCount=0, eventTime=77431, downTime=77378, deviceId=-1, source=0x101 }
I/AppiumUnicodeIME(  914): onFinishInput
I/AppiumUnicodeIME(  914): onStartInput
W/EGL_emulation( 1574): eglSurfaceAttrib not implemented
W/OpenGLRenderer( 1574): Failed to set EGL_SWAP_BEHAVIOR on surface 0xef104a00, error=EGL_SUCCESS
D/OkHttp  ( 1574): --> POST http://116.236.220.210:8084/appFixation/appFixationList?page=1&rows=10&sortField=default&sortType=asc&version=3 http/1.1
D/OkHttp  ( 1574): Content-Length: 0
D/OkHttp  ( 1574): RC-Bel-Key: bel.zhiwang.zzl
D/OkHttp  ( 1574): RC-Timestamp: 1512195229
D/OkHttp  ( 1574): RC-Nonce: bd248710-1b23-4ff1-bb61-75ed089e7e9a
D/OkHttp  ( 1574): RC-Signature: 4dd53bd16f670e80c3addfecbca5198c0f0d52e4
D/OkHttp  ( 1574): osType: Android
D/OkHttp  ( 1574): version: 2.4.0
D/OkHttp  ( 1574): --> END POST (0-byte body)
D/OkHttp  ( 1574): <-- 200 OK http://116.236.220.210:8084/appFixation/appFixationList?page=1&rows=10&sortField=default&sortType=asc&version=3 (47ms)
D/OkHttp  ( 1574): Server: Apache-Coyote/1.1
D/OkHttp  ( 1574): Set-Cookie: JSESSIONID=E2F6016D8CB44749A35F559FB0A7F47F; Path=/; HttpOnly
D/OkHttp  ( 1574): Content-Type: application/json;charset=utf-8
D/OkHttp  ( 1574): Content-Length: 7816
D/OkHttp  ( 1574): Date: Sat, 02 Dec 2017 06:13:49 GMT
D/OkHttp  ( 1574): {"total":"435","data":[{"matureTime":"2017-12-04 10:59:14","hasInvestAmt":0.0000,"orderNumber":"6_1201105913178371","rateDown":6.00,"investManageRate":0.37500000,"rateUp":12.00,"limitTime":"","remainingAmount":38711.0000,"rate":8.70,"left_periods":180,"onlineTime":"2017-12-01 10:59:47","periods":6,"payment":2,"id":"2c908a88600ff93d0160100381bc0039","proName":"6","prdTypeName":"","stepAmount":1000.00,"fullScaleCount":"0","createTime":"2017-12-01 10:59:13","tradeStatus":0,"progress":0.00,"bgPeriodsType":1,"contractMoney":38711.0000,"realyRate":8.70,"restAmt":38711.0000,"desc":""},{"matureTime":"2017-12-02 14:50:29","hasInvestAmt":1000.0000,"orderNumber":"6_1129145026176817","rateDown":6.00,"investManageRate":0.37500000,"rateUp":12.00,"limitTime":"","remainingAmount":37711.0000,"rate":8.70,"left_periods":180,"onlineTime":"2017-11-29 14:51:02","periods":6,"payment":2,"id":"2c908a886005c4c70160068a800f013b","proName":"6","prdTypeName":"","stepAmount":1000.00,"fullScaleCount":"1","createTime":"2017-11-29 14:50:28","tradeStatus":0,"progress":2.58,"bgPeriodsType":1,"contractMoney":38711.0000,"realyRate":8.70,"restAmt":37711.0000,"desc":""},{"matureTime":"2017-11-25 10:59:30","hasInvestAmt":38711.0000,"orderNumber":"6_1122105928175556","rateDown":6.00,"investManageRate":0.37500000,"rateUp":12.00,"limitTime":"","remainingAmount":0.0000,"rate":8.70,"left_periods":180,"onlineTime":"2017-11-22 11:00:04","periods":6,"payment":2,"id":"2c908a885fdd9300015fe1aa856c012f","proName":"6","prdTypeName":"","stepAmount":1000.00,"fullScaleCount":"1","expireTime":"2017-11-22 17:50:24","createTime":"2017-11-22 10:59:29","tradeStatus":3,"progress":100.00,"bgPeriodsType":1,"contractMoney":38711.0000,"realyRate":8.70,"restAmt":0.0000,"desc":""},{"matureTime":"2017-11-20 18:40:51","hasInvestAmt":38711.0000,"orderNumber":"6_1117184050171277","rateDown":6.00,"investManageRate":0.37500000,"rateUp":12.00,"limitTime":"","remainingAmount":0.0000,"rate":8.70,"left_periods":180,"onlineTime":"2017-11-17 18:41:25","periods":6,"payment":2,"id":"2c908a885fc8deb1015fc9911b1c01f5","proName":"6","prdTypeName":"","stepAmount":1000.00,"fullScaleCount":"5","expireTime":"2017-11-20 17:41:59","createTime":"2017-11-17 18:40:50","tradeStatus":3,"progress":100.00,"bgPeriodsType":1,"contractMoney":38711.0000,"realyRate":8.70,"restAmt":0.0000,"desc":""},{"matureTime":"2017-11-18 10:47:45","hasInvestAmt":38711.0000,"orderNumber":"3_1115104809170042","rateDown":6.00,"investManageRate":0.66500000,"rateUp":12.00,"limitTime":"","remainingAmount":0.0000,"rate":5.22,"left_periods":90,"onlineTime":"2017-11-15 10:48:18","periods":3,"payment":2,"id":"2c908a885fb930e4015fbd93a217018b","proName":"3","prdTypeName":"","stepAmount":1000.00,"fullScaleCount":"6","expireTime":"2017-11-17 17:33:33","createTime":"2017-11-15 10:48:09","trade
