I/art     (  877): Explicit concurrent mark sweep GC freed 3612(188KB) AllocSpace objects, 0(0B) LOS objects, 39% free, 9MB/15MB, paused 235us total 9.179ms
I/art     (  774): Explicit concurrent mark sweep GC freed 6433(257KB) AllocSpace objects, 0(0B) LOS objects, 33% free, 9MB/14MB, paused 241us total 16.265ms
I/art     (  877): Explicit concurrent mark sweep GC freed 3947(201KB) AllocSpace objects, 0(0B) LOS objects, 39% free, 9MB/15MB, paused 333us total 9.646ms
I/art     (  774): Explicit concurrent mark sweep GC freed 6028(237KB) AllocSpace objects, 0(0B) LOS objects, 33% free, 9MB/14MB, paused 249us total 16.342ms
I/art     (  877): Explicit concurrent mark sweep GC freed 3642(189KB) AllocSpace objects, 0(0B) LOS objects, 39% free, 9MB/15MB, paused 283us total 9.047ms
I/art     (  774): Explicit concurrent mark sweep GC freed 6857(277KB) AllocSpace objects, 0(0B) LOS objects, 33% free, 9MB/14MB, paused 492us total 16.214ms
I/art     (  877): Explicit concurrent mark sweep GC freed 3621(188KB) AllocSpace objects, 0(0B) LOS objects, 39% free, 9MB/15MB, paused 195us total 9.486ms
I/art     (  774): Explicit concurrent mark sweep GC freed 6435(256KB) AllocSpace objects, 0(0B) LOS objects, 33% free, 9MB/14MB, paused 282us total 15.730ms
D/awcn.DefaultHeartbeatImpl( 1574): |[seq:umeng:56aadbf567e58e38d4000976.AWCN1_1] heartbeat session:Session@[umeng:56aadbf567e58e38d4000976.AWCN1_1|http2_0rtt_acs]
D/awcn.TnetSpdySession( 1574): |[seq:umeng:56aadbf567e58e38d4000976.AWCN1_1] ping host:https://umengacs.m.taobao.com thread:AWCN Scheduler1
D/awcn.TnetSpdySession( 1574): |[seq:umeng:56aadbf567e58e38d4000976.AWCN1_1] https://umengacs.m.taobao.com submit ping ms:45050 force:true
D/awcn.DefaultHeartbeatImpl( 1574): |[seq:umeng:56aadbf567e58e38d4000976.AWCN1_1] reSchedule session:Session@[umeng:56aadbf567e58e38d4000976.AWCN1_1|http2_0rtt_acs] delay:45050
I/awcn.TnetSpdySession( 1574): |[seq:umeng:56aadbf567e58e38d4000976.AWCN1_1] ping receive Host:https://umengacs.m.taobao.com id:6939
I/art     (  877): Explicit concurrent mark sweep GC freed 3612(188KB) AllocSpace objects, 0(0B) LOS objects, 40% free, 9MB/15MB, paused 182us total 9.752ms
I/art     (  774): Explicit concurrent mark sweep GC freed 6473(258KB) AllocSpace objects, 0(0B) LOS objects, 33% free, 9MB/14MB, paused 433us total 16.085ms
I/art     (  877): Explicit concurrent mark sweep GC freed 3621(188KB) AllocSpace objects, 0(0B) LOS objects, 40% free, 9MB/15MB, paused 228us total 9.854ms
I/art     (  774): Explicit concurrent mark sweep GC freed 6354(254KB) AllocSpace objects, 0(0B) LOS objects, 33% free, 9MB/14MB, paused 401us total 15.465ms
I/art     (  877): Explicit concurrent mark sweep GC freed 3622(188KB) AllocSpace objects, 0(0B) LOS objects, 40% free, 9MB/15MB, paused 183us total 10.010ms
I/art     (  774): Explicit concurrent mark sweep GC freed 6447(257KB) AllocSpace objects, 0(0B) LOS objects, 33% free, 9MB/14MB, paused 442us total 17.282ms
I/art     (  877): Explicit concurrent mark sweep GC freed 3621(188KB) AllocSpace objects, 0(0B) LOS objects, 40% free, 9MB/15MB, paused 377us total 9.239ms
I/art     (  774): Explicit concurrent mark sweep GC freed 6431(256KB) AllocSpace objects, 0(0B) LOS objects, 33% free, 9MB/14MB, paused 501us total 21.526ms
I/art     (  877): Explicit concurrent mark sweep GC freed 3612(188KB) AllocSpace objects, 0(0B) LOS objects, 40% free, 9MB/15MB, paused 382us total 10.485ms
I/art     (  774): Explicit concurrent mark sweep GC freed 6436(257KB) AllocSpace objects, 0(0B) LOS objects, 33% free, 9MB/14MB, paused 578us total 18.895ms
I/art     (  877): Explicit concurrent mark sweep GC freed 3621(188KB) AllocSpace objects, 0(0B) LOS objects, 40% free, 9MB/15MB, paused 237us total 9.886ms
I/art     (  774): Explicit concurrent mark sweep GC freed 7040(304KB) AllocSpace objects, 0(0B) LOS objects, 33% free, 9MB/14MB, paused 284us total 17.341ms
I/art     (  877): Explicit concurrent mark sweep GC freed 3622(188KB) AllocSpace objects, 0(0B) LOS objects, 40% free, 9MB/15MB, paused 182us total 8.651ms
I/art     (  774): Explicit concurrent mark sweep GC freed 5944(233KB) AllocSpace objects, 0(0B) LOS objects, 33% free, 9MB/14MB, paused 406us total 15.443ms
I/art     (  877): Explicit concurrent mark sweep GC freed 3612(188KB) AllocSpace objects, 0(0B) LOS objects, 39% free, 9MB/15MB, paused 338us total 9.162ms
I/art     (  774): Explicit concurrent mark sweep GC freed 6424(256KB) AllocSpace objects, 0(0B) LOS objects, 33% free, 9MB/14MB, paused 423us total 15.739ms
D/awcn.DefaultHeartbeatImpl( 1574): |[seq:umeng:56aadbf567e58e38d4000976.AWCN1_1] heartbeat session:Session@[umeng:56aadbf567e58e38d4000976.AWCN1_1|http2_0rtt_acs]
D/awcn.TnetSpdySession( 1574): |[seq:umeng:56aadbf567e58e38d4000976.AWCN1_1] ping host:https://umengacs.m.taobao.com thread:AWCN Scheduler1
D/awcn.TnetSpdySession( 1574): |[seq:umeng:56aadbf567e58e38d4000976.AWCN1_1] https://umengacs.m.taobao.com submit ping ms:45051 force:true
D/awcn.DefaultHeartbeatImpl( 1574): |[seq:umeng:56aadbf567e58e38d4000976.AWCN1_1] reSchedule session:Session@[umeng:56aadbf567e58e38d4000976.AWCN1_1|http2_0rtt_acs] delay:45051
I/awcn.TnetSpdySession( 1574): |[seq:umeng:56aadbf567e58e38d4000976.AWCN1_1] ping receive Host:https://umengacs.m.taobao.com id:6941
I/art     (  877): Explicit concurrent mark sweep GC freed 3946(201KB) AllocSpace objects, 0(0B) LOS objects, 39% free, 9MB/15MB, paused 445us total 9.094ms
I/art     (  774): Explicit concurrent mark sweep GC freed 6519(260KB) AllocSpace objects, 0(0B) LOS objects, 33% free, 9MB/14MB, paused 245us total 16.427ms
I/art     (  877): Explicit concurrent mark sweep GC freed 3642(189KB) AllocSpace objects, 0(0B) LOS objects, 39% free, 9MB/15MB, paused 594us total 15.205ms
I/art     (  774): Explicit concurrent mark sweep GC freed 6864(277KB) AllocSpace objects, 0(0B) LOS objects, 33% free, 9MB/14MB, paused 709us total 22.557ms
I/art     (  877): Explicit concurrent mark sweep GC freed 3621(188KB) AllocSpace objects, 0(0B) LOS objects, 39% free, 9MB/15MB, paused 1.299ms total 10.576ms
I/art     (  774): Explicit concurrent mark sweep GC freed 5946(234KB) AllocSpace objects, 0(0B) LOS objects, 33% free, 9MB/14MB, paused 531us total 18.710ms
I/art     (  877): Explicit concurrent mark sweep GC freed 3612(188KB) AllocSpace objects, 0(0B) LOS objects, 40% free, 9MB/15MB, paused 327us total 13.159ms
I/art     (  774): Explicit concurrent mark sweep GC freed 6425(256KB) AllocSpace objects, 0(0B) LOS objects, 33% free, 9MB/14MB, paused 432us total 15.178ms
I/art     (  877): Explicit concurrent mark sweep GC freed 3621(188KB) AllocSpace objects, 0(0B) LOS objects, 40% free, 9MB/15MB, paused 692us total 13.705ms
I/art     (  774): Explicit concurrent mark sweep GC freed 6433(257KB) AllocSpace objects, 0(0B) LOS objects, 33% free, 9MB/14MB, paused 389us total 15.451ms
I/art     (  877): Explicit concurrent mark sweep GC freed 3622(188KB) AllocSpace objects, 0(0B) LOS objects, 40% free, 9MB/15MB, paused 228us total 10.775ms
I/art     (  774): Explicit concurrent mark sweep GC freed 6824(275KB) AllocSpace objects, 0(0B) LOS objects, 33% free, 9MB/14MB, paused 504us total 16.025ms
I/tnet-jni( 1419): 101 - [spdyPingRecvCallback] - 
I/tnet-jni( 1419): 101 - [SpdySessionCallBack.spdyPingRecvCallback] - org.android.spdy.SpdySession@15ea5a37
D/accs.SpdyConnection( 1419):  spdyPingRecvCallback uniId:1490
D/accs.MessageHandler( 1419):  onRcvPing
D/accs.HeartbeatManager( 1419):  onHeartbeatSucc
D/accs.OrangeAdapter( 1419):  isSmartHb result:true
D/accs.HeartbeatManager( 1419):  set 480
I/art     (  877): Explicit concurrent mark sweep GC freed 3621(188KB) AllocSpace objects, 0(0B) LOS objects, 40% free, 9MB/15MB, paused 209us total 9.408ms
I/art     (  774): Explicit concurrent mark sweep GC freed 5987(236KB) AllocSpace objects, 0(0B) LOS objects, 33% free, 9MB/14MB, paused 974us total 19.895ms
I/art     (  877): Explicit concurrent mark sweep GC freed 3612(188KB) AllocSpace objects, 0(0B) LOS objects, 40% free, 9MB/15MB, paused 213us total 9.864ms
I/art     (  774): Explicit concurrent mark sweep GC freed 6424(256KB) AllocSpace objects, 0(0B) LOS objects, 33% free, 9MB/14MB, paused 594us total 15.833ms
I/art     (  877): Explicit concurrent mark sweep GC freed 3621(188KB) AllocSpace objects, 0(0B) LOS objects, 40% free, 9MB/15MB, paused 685us total 9.498ms
I/art     (  774): Explicit concurrent mark sweep GC freed 6803(273KB) AllocSpace objects, 0(0B) LOS objects, 33% free, 9MB/14MB, paused 746us total 16.601ms
D/awcn.DefaultHeartbeatImpl( 1574): |[seq:umeng:56aadbf567e58e38d4000976.AWCN1_1] heartbeat session:Session@[umeng:56aadbf567e58e38d4000976.AWCN1_1|http2_0rtt_acs]
D/awcn.TnetSpdySession( 1574): |[seq:umeng:56aadbf567e58e38d4000976.AWCN1_1] ping host:https://umengacs.m.taobao.com thread:AWCN Scheduler1
D/awcn.TnetSpdySession( 1574): |[seq:umeng:56aadbf567e58e38d4000976.AWCN1_1] https://umengacs.m.taobao.com submit ping ms:45051 force:true
D/awcn.DefaultHeartbeatImpl( 1574): |[seq:umeng:56aadbf567e58e38d4000976.AWCN1_1] reSchedule session:Session@[umeng:56aadbf567e58e38d4000976.AWCN1_1|http2_0rtt_acs] delay:45051
I/awcn.TnetSpdySession( 1574): |[seq:umeng:56aadbf567e58e38d4000976.AWCN1_1] ping receive Host:https://umengacs.m.taobao.com id:6943
I/art     (  877): Explicit concurrent mark sweep GC freed 3622(188KB) AllocSpace objects, 0(0B) LOS objects, 40% free, 9MB/15MB, paused 445us total 13.118ms
I/tnet-jni( 1467): 104 - [spdyPingRecvCallback] - 
I/tnet-jni( 1467): 104 - [SpdySessionCallBack.spdyPingRecvCallback] - org.android.spdy.SpdySession@26860312
D/accs.SilenceConn_umeng:56aadbf567e58e38d4000976( 1467):  spdyPingRecvCallback uniId:1490
D/accs.MsgRecv_umeng:56aadbf567e58e38d4000976( 1467):  onRcvPing
D/accs.HeartbeatManager( 1467):  onHeartbeatSucc
D/accs.OrangeAdapter( 1467):  isSmartHb result:true
D/accs.HeartbeatManager( 1467):  set 480
I/art     (  774): Explicit concurrent mark sweep GC freed 6855(298KB) AllocSpace objects, 0(0B) LOS objects, 33% free, 9MB/14MB, paused 484us total 15.799ms
I/art     (  877): Explicit concurrent mark sweep GC freed 3621(188KB) AllocSpace objects, 0(0B) LOS objects, 40% free, 9MB/15MB, paused 385us total 10.488ms
I/art     (  774): Explicit concurrent mark sweep GC freed 6435(257KB) AllocSpace objects, 0(0B) LOS objects, 33% free, 9MB/14MB, paused 995us total 15.795ms
I/art     (  877): Explicit concurrent mark sweep GC freed 3612(188KB) AllocSpace objects, 0(0B) LOS objects, 39% free, 9MB/15MB, paused 238us total 10.392ms
I/art     (  774): Explicit concurrent mark sweep GC freed 6028(237KB) AllocSpace objects, 0(0B) LOS objects, 33% free, 9MB/14MB, paused 503us total 15.020ms
I/art     (  877): Explicit concurrent mark sweep GC freed 3947(201KB) AllocSpace objects, 0(0B) LOS objects, 39% free, 9MB/15MB, paused 542us total 9.802ms
I/art     (  774): Explicit concurrent mark sweep GC freed 6856(278KB) AllocSpace objects, 0(0B) LOS objects, 33% free, 9MB/14MB, paused 1.019ms total 20.439ms
I/art     (  877): Explicit concurrent mark sweep GC freed 3642(189KB) AllocSpace objects, 0(0B) LOS objects, 39% free, 9MB/15MB, paused 217us total 9.126ms
I/art     (  774): Explicit concurrent mark sweep GC freed 6439(256KB) AllocSpace objects, 0(0B) LOS objects, 33% free, 9MB/14MB, paused 295us total 15.710ms
I/art     (  877): Explicit concurrent mark sweep GC freed 3612(188KB) AllocSpace objects, 0(0B) LOS objects, 40% free, 9MB/15MB, paused 344us total 9.561ms
I/art     (  774): Explicit concurrent mark sweep GC freed 6433(257KB) AllocSpace objects, 0(0B) LOS objects, 33% free, 9MB/14MB, paused 303us total 15.271ms
I/art     (  877): Explicit concurrent mark sweep GC freed 3621(188KB) AllocSpace objects, 0(0B) LOS objects, 40% free, 9MB/15MB, paused 428us total 9.363ms
I/art     (  774): Explicit concurrent mark sweep GC freed 5942(234KB) AllocSpace objects, 0(0B) LOS objects, 33% free, 9MB/14MB, paused 279us total 16.096ms
I/art     (  877): Explicit concurrent mark sweep GC freed 3622(188KB) AllocSpace objects, 0(0B) LOS objects, 40% free, 9MB/15MB, paused 410us total 9.079ms
I/art     (  774): Explicit concurrent mark sweep GC freed 6815(275KB) AllocSpace objects, 0(0B) LOS objects, 33% free, 9MB/14MB, paused 271us total 14.735ms
D/awcn.DefaultHeartbeatImpl( 1574): |[seq:umeng:56aadbf567e58e38d4000976.AWCN1_1] heartbeat session:Session@[umeng:56aadbf567e58e38d4000976.AWCN1_1|http2_0rtt_acs]
D/awcn.TnetSpdySession( 1574): |[seq:umeng:56aadbf567e58e38d4000976.AWCN1_1] ping host:https://umengacs.m.taobao.com thread:AWCN Scheduler1
D/awcn.TnetSpdySession( 1574): |[seq:umeng:56aadbf567e58e38d4000976.AWCN1_1] https://umengacs.m.taobao.com submit ping ms:45050 force:true
D/awcn.DefaultHeartbeatImpl( 1574): |[seq:umeng:56aadbf567e58e38d4000976.AWCN1_1] reSchedule session:Session@[umeng:56aadbf567e58e38d4000976.AWCN1_1|http2_0rtt_acs] delay:45050
I/awcn.TnetSpdySession( 1574): |[seq:umeng:56aadbf567e58e38d4000976.AWCN1_1] ping receive Host:https://umengacs.m.taobao.com id:6945
I/art     (  877): Explicit concurrent mark sweep GC freed 3621(188KB) AllocSpace objects, 0(0B) LOS objects, 40% free, 9MB/15MB, paused 238us total 8.531ms
I/art     (  774): Explicit concurrent mark sweep GC freed 6431(256KB) AllocSpace objects, 0(0B) LOS objects, 33% free, 9MB/14MB, paused 241us total 15.427ms
I/art     (  877): Explicit concurrent mark sweep GC freed 3612(188KB) AllocSpace objects, 0(0B) LOS objects, 40% free, 9MB/15MB, paused 332us total 9.292ms
I/art     (  774): Explicit concurrent mark sweep GC freed 6433(257KB) AllocSpace objects, 0(0B) LOS objects, 33% free, 9MB/14MB, paused 277us total 16ms
I/art     (  877): Explicit concurrent mark sweep GC freed 3621(188KB) AllocSpace objects, 0(0B) LOS objects, 40% free, 9MB/15MB, paused 269us total 11.157ms
I/art     (  774): Explicit concurrent mark sweep GC freed 5942(234KB) AllocSpace objects, 0(0B) LOS objects, 33% free, 9MB/14MB, paused 290us total 16.380ms
I/art     (  877): Explicit concurrent mark sweep GC freed 3622(188KB) AllocSpace objects, 0(0B) LOS objects, 40% free, 9MB/15MB, paused 599us total 14.010ms
I/art     (  774): Explicit concurrent mark sweep GC freed 7031(304KB) AllocSpace objects, 0(0B) LOS objects, 33% free, 9MB/14MB, paused 545us total 16.779ms
I/art     (  877): Explicit concurrent mark sweep GC freed 3621(188KB) AllocSpace objects, 0(0B) LOS objects, 40% free, 9MB/15MB, paused 367us total 14.461ms
I/art     (  774): Explicit concurrent mark sweep GC freed 6435(256KB) AllocSpace objects, 0(0B) LOS objects, 33% free, 9MB/14MB, paused 248us total 16.048ms
I/art     (  877): Explicit concurrent mark sweep GC freed 3612(188KB) AllocSpace objects, 0(0B) LOS objects, 39% free, 9MB/15MB, paused 704us total 15.097ms
I/art     (  774): Explicit concurrent mark sweep GC freed 6433(257KB) AllocSpace objects, 0(0B) LOS objects, 33% free, 9MB/14MB, paused 248us total 15.174ms
I/art     (  877): Explicit concurrent mark sweep GC freed 3946(201KB) AllocSpace objects, 0(0B) LOS objects, 39% free, 9MB/15MB, paused 644us total 14.751ms
I/art     (  774): Explicit concurrent mark sweep GC freed 6028(237KB) AllocSpace objects, 0(0B) LOS objects, 33% free, 9MB/14MB, paused 282us total 14.763ms
I/art     (  877): Explicit concurrent mark sweep GC freed 3642(189KB) AllocSpace objects, 0(0B) LOS objects, 39% free, 9MB/15MB, paused 276us total 13.524ms
I/art     (  774): Explicit concurrent mark sweep GC freed 6857(277KB) AllocSpace objects, 0(0B) LOS objects, 33% free, 9MB/14MB, paused 396us total 15.710ms
I/art     (  877): Explicit concurrent mark sweep GC freed 3621(188KB) AllocSpace objects, 0(0B) LOS objects, 39% free, 9MB/15MB, paused 263us total 14.051ms
I/art     (  774): Explicit concurrent mark sweep GC freed 6435(256KB) AllocSpace objects, 0(0B) LOS objects, 33% free, 9MB/14MB, paused 308us total 15.669ms
D/awcn.DefaultHeartbeatImpl( 1574): |[seq:umeng:56aadbf567e58e38d4000976.AWCN1_1] heartbeat session:Session@[umeng:56aadbf567e58e38d4000976.AWCN1_1|http2_0rtt_acs]
D/awcn.TnetSpdySession( 1574): |[seq:umeng:56aadbf567e58e38d4000976.AWCN1_1] ping host:https://umengacs.m.taobao.com thread:AWCN Scheduler1
D/awcn.TnetSpdySession( 1574): |[seq:umeng:56aadbf567e58e38d4000976.AWCN1_1] https://umengacs.m.taobao.com submit ping ms:45051 force:true
D/awcn.DefaultHeartbeatImpl( 1574): |[seq:umeng:56aadbf567e58e38d4000976.AWCN1_1] reSchedule session:Session@[umeng:56aadbf567e58e38d4000976.AWCN1_1|http2_0rtt_acs] delay:45051
I/awcn.TnetSpdySession( 1574): |[seq:umeng:56aadbf567e58e38d4000976.AWCN1_1] ping receive Host:https://umengacs.m.taobao.com id:6947
I/art     (  877): Explicit concurrent mark sweep GC freed 3612(188KB) AllocSpace objects, 0(0B) LOS objects, 40% free, 9MB/15MB, paused 367us total 13.158ms
I/art     (  774): Explicit concurrent mark sweep GC freed 6434(257KB) AllocSpace objects, 0(0B) LOS objects, 33% free, 9MB/14MB, paused 261us total 15.891ms
I/art     (  877): Explicit concurrent mark sweep GC freed 3621(188KB) AllocSpace objects, 0(0B) LOS objects, 40% free, 9MB/15MB, paused 304us total 14.609ms
I/art     (  774): Explicit concurrent mark sweep GC freed 6861(277KB) AllocSpace objects, 0(0B) LOS objects, 33% free, 9MB/14MB, paused 233us total 15.729ms
I/art     (  877): Explicit concurrent mark sweep GC freed 3622(188KB) AllocSpace objects, 0(0B) LOS objects, 40% free, 9MB/15MB, paused 385us total 14.271ms
I/art     (  774): Explicit concurrent mark sweep GC freed 6846(274KB) AllocSpace objects, 0(0B) LOS objects, 33% free, 9MB/14MB, paused 283us total 15.122ms
I/art     (  877): Explicit concurrent mark sweep GC freed 3621(188KB) AllocSpace objects, 0(0B) LOS objects, 40% free, 9MB/15MB, paused 202us total 8.937ms
I/art     (  774): Explicit concurrent mark sweep GC freed 6661(280KB) AllocSpace objects, 1(26KB) LOS objects, 33% free, 9MB/14MB, paused 253us total 15.757ms
I/art     (  877): Explicit concurrent mark sweep GC freed 3612(188KB) AllocSpace objects, 0(0B) LOS objects, 40% free, 9MB/15MB, paused 201us total 8.964ms
I/art     (  774): Explicit concurrent mark sweep GC freed 6482(259KB) AllocSpace objects, 0(0B) LOS objects, 33% free, 9MB/14MB, paused 270us total 15.291ms
I/art     (  877): Explicit concurrent mark sweep GC freed 3622(188KB) AllocSpace objects, 0(0B) LOS objects, 40% free, 9MB/15MB, paused 176us total 9.629ms
I/art     (  774): Explicit concurrent mark sweep GC freed 7073(306KB) AllocSpace objects, 0(0B) LOS objects, 33% free, 9MB/14MB, paused 347us total 15.376ms
I/art     (  877): Explicit concurrent mark sweep GC freed 3621(188KB) AllocSpace objects, 0(0B) LOS objects, 40% free, 9MB/15MB, paused 180us total 8.778ms
I/art     (  774): Explicit concurrent mark sweep GC freed 6253(260KB) AllocSpace objects, 1(16KB) LOS objects, 33% free, 9MB/14MB, paused 251us total 16.287ms
I/art     (  877): Explicit concurrent mark sweep GC freed 3612(188KB) AllocSpace objects, 0(0B) LOS objects, 39% free, 9MB/15MB, paused 341us total 9.975ms
I/art     (  774): Explicit concurrent mark sweep GC freed 6532(263KB) AllocSpace objects, 0(0B) LOS objects, 33% free, 9MB/14MB, paused 400us total 16.738ms
D/awcn.DefaultHeartbeatImpl( 1574): |[seq:umeng:56aadbf567e58e38d4000976.AWCN1_1] heartbeat session:Session@[umeng:56aadbf567e58e38d4000976.AWCN1_1|http2_0rtt_acs]
D/awcn.TnetSpdySession( 1574): |[seq:umeng:56aadbf567e58e38d4000976.AWCN1_1] ping host:https://umengacs.m.taobao.com thread:AWCN Scheduler1
D/awcn.TnetSpdySession( 1574): |[seq:umeng:56aadbf567e58e38d4000976.AWCN1_1] https://umengacs.m.taobao.com submit ping ms:45051 force:true
D/awcn.DefaultHeartbeatImpl( 1574): |[seq:umeng:56aadbf567e58e38d4000976.AWCN1_1] reSchedule session:Session@[umeng:56aadbf567e58e38d4000976.AWCN1_1|http2_0rtt_acs] delay:45051
I/awcn.TnetSpdySession( 1574): |[seq:umeng:56aadbf567e58e38d4000976.AWCN1_1] ping receive Host:https://umengacs.m.taobao.com id:6949
I/ProcessStatsService(  774): Prepared write state in 1ms
I/art     (  877): Explicit concurrent mark sweep GC freed 3946(201KB) AllocSpace objects, 0(0B) LOS objects, 39% free, 9MB/15MB, paused 389us total 9.508ms
I/art     (  774): Explicit concurrent mark sweep GC freed 6649(276KB) AllocSpace objects, 0(0B) LOS objects, 33% free, 9MB/14MB, paused 256us total 15.807ms
I/art     (  877): Explicit concurrent mark sweep GC freed 3642(189KB) AllocSpace objects, 0(0B) LOS objects, 39% free, 9MB/15MB, paused 239us total 9.402ms
I/art     (  774): Explicit concurrent mark sweep GC freed 6870(278KB) AllocSpace objects, 0(0B) LOS objects, 33% free, 9MB/14MB, paused 483us total 15.290ms
I/art     (  877): Explicit concurrent mark sweep GC freed 3621(188KB) AllocSpace objects, 0(0B) LOS objects, 39% free, 9MB/15MB, paused 201us total 9.192ms
I/art     (  774): Explicit concurrent mark sweep GC freed 5944(234KB) AllocSpace objects, 0(0B) LOS objects, 33% free, 9MB/14MB, paused 314us total 16.582ms
I/art     (  877): Explicit concurrent mark sweep GC freed 3612(188KB) AllocSpace objects, 0(0B) LOS objects, 40% free, 9MB/15MB, paused 180us total 9.201ms
I/art     (  774): Explicit concurrent mark sweep GC freed 6424(256KB) AllocSpace objects, 0(0B) LOS objects, 33% free, 9MB/14MB, paused 295us total 20.374ms
I/art     (  877): Explicit concurrent mark sweep GC freed 3621(188KB) AllocSpace objects, 0(0B) LOS objects, 40% free, 9MB/15MB, paused 412us total 9.537ms
I/art     (  774): Explicit concurrent mark sweep GC freed 6433(257KB) AllocSpace objects, 0(0B) LOS objects, 33% free, 9MB/14MB, paused 242us total 15.265ms
I/art     (  877): Explicit concurrent mark sweep GC freed 3622(188KB) AllocSpace objects, 0(0B) LOS objects, 40% free, 9MB/15MB, paused 350us total 12.871ms
I/art     (  774): Explicit concurrent mark sweep GC freed 6824(275KB) AllocSpace objects, 0(0B) LOS objects, 33% free, 9MB/14MB, paused 306us total 15.944ms
I/art     (  877): Explicit concurrent mark sweep GC freed 3621(188KB) AllocSpace objects, 0(0B) LOS objects, 40% free, 9MB/15MB, paused 338us total 11.280ms
I/art     (  774): Explicit concurrent mark sweep GC freed 6431(256KB) AllocSpace objects, 0(0B) LOS objects, 33% free, 9MB/14MB, paused 306us total 15.176ms
I/art     (  877): Explicit concurrent mark sweep GC freed 3612(188KB) AllocSpace objects, 0(0B) LOS objects, 40% free, 9MB/15MB, paused 169us total 9.988ms
I/art     (  774): Explicit concurrent mark sweep GC freed 5942(234KB) AllocSpace objects, 0(0B) LOS objects, 33% free, 9MB/14MB, paused 291us total 15.482ms
I/art     (  877): Explicit concurrent mark sweep GC freed 3621(188KB) AllocSpace objects, 0(0B) LOS objects, 40% free, 9MB/15MB, paused 326us total 9.419ms
I/art     (  774): Explicit concurrent mark sweep GC freed 6796(273KB) AllocSpace objects, 0(0B) LOS objects, 33% free, 9MB/14MB, paused 477us total 20.521ms
D/awcn.DefaultHeartbeatImpl( 1574): |[seq:umeng:56aadbf567e58e38d4000976.AWCN1_1] heartbeat session:Session@[umeng:56aadbf567e58e38d4000976.AWCN1_1|http2_0rtt_acs]
D/awcn.TnetSpdySession( 1574): |[seq:umeng:56aadbf567e58e38d4000976.AWCN1_1] ping host:https://umengacs.m.taobao.com thread:AWCN Scheduler1
D/awcn.TnetSpdySession( 1574): |[seq:umeng:56aadbf567e58e38d4000976.AWCN1_1] https://umengacs.m.taobao.com submit ping ms:45051 force:true
D/awcn.DefaultHeartbeatImpl( 1574): |[seq:umeng:56aadbf567e58e38d4000976.AWCN1_1] reSchedule session:Session@[umeng:56aadbf567e58e38d4000976.AWCN1_1|http2_0rtt_acs] delay:45051
I/awcn.TnetSpdySession( 1574): |[seq:umeng:56aadbf567e58e38d4000976.AWCN1_1] ping receive Host:https://umengacs.m.taobao.com id:6951
I/art     (  877): Explicit concurrent mark sweep GC freed 3622(188KB) AllocSpace objects, 0(0B) LOS objects, 40% free, 9MB/15MB, paused 233us total 9.858ms
I/art     (  774): Explicit concurrent mark sweep GC freed 6668(286KB) AllocSpace objects, 0(0B) LOS objects, 33% free, 9MB/14MB, paused 544us total 25.108ms
I/art     (  877): Explicit concurrent mark sweep GC freed 3621(188KB) AllocSpace objects, 0(0B) LOS objects, 40% free, 9MB/15MB, paused 176us total 9.623ms
I/art     (  774): Explicit concurrent mark sweep GC freed 6438(257KB) AllocSpace objects, 0(0B) LOS objects, 33% free, 9MB/14MB, paused 458us total 26.280ms
I/art     (  877): Explicit concurrent mark sweep GC freed 3938(200KB) AllocSpace objects, 0(0B) LOS objects, 39% free, 9MB/15MB, paused 380us total 9.200ms
I/art     (  774): Explicit concurrent mark sweep GC freed 6028(237KB) AllocSpace objects, 0(0B) LOS objects, 33% free, 9MB/14MB, paused 1.262ms total 27.704ms
I/tnet-jni( 1419): 101 - [spdyPingRecvCallback] - 
I/tnet-jni( 1419): 101 - [SpdySessionCallBack.spdyPingRecvCallback] - org.android.spdy.SpdySession@15ea5a37
D/accs.SpdyConnection( 1419):  spdyPingRecvCallback uniId:1492
D/accs.MessageHandler( 1419):  onRcvPing
D/accs.HeartbeatManager( 1419):  onHeartbeatSucc
D/accs.OrangeAdapter( 1419):  isSmartHb result:true
D/accs.HeartbeatManager( 1419):  set 480
D/accs.UtilityImpl( 1419):  setServiceTime:1512351841960
I/art     (  877): Explicit concurrent mark sweep GC freed 3641(189KB) AllocSpace objects, 0(0B) LOS objects, 39% free, 9MB/15MB, paused 265us total 10.502ms
I/art     (  774): Explicit concurrent mark sweep GC freed 6905(280KB) AllocSpace objects, 0(0B) LOS objects, 33% free, 9MB/14MB, paused 712us total 25.416ms
I/art     (  877): Explicit concurrent mark sweep GC freed 3622(188KB) AllocSpace objects, 0(0B) LOS objects, 39% free, 9MB/15MB, paused 228us total 9.971ms
I/art     (  774): Explicit concurrent mark sweep GC freed 6439(256KB) AllocSpace objects, 0(0B) LOS objects, 33% free, 9MB/14MB, paused 573us total 23.886ms
I/art     (  877): Explicit concurrent mark sweep GC freed 3612(188KB) AllocSpace objects, 0(0B) LOS objects, 40% free, 9MB/15MB, paused 213us total 10.249ms
I/art     (  774): Explicit concurrent mark sweep GC freed 6433(257KB) AllocSpace objects, 0(0B) LOS objects, 33% free, 9MB/14MB, paused 547us total 21.838ms
I/tnet-jni( 1467): 104 - [spdyPingRecvCallback] - 
I/tnet-jni( 1467): 104 - [SpdySessionCallBack.spdyPingRecvCallback] - org.android.spdy.SpdySession@26860312
D/accs.SilenceConn_umeng:56aadbf567e58e38d4000976( 1467):  spdyPingRecvCallback uniId:1492
D/accs.MsgRecv_umeng:56aadbf567e58e38d4000976( 1467):  onRcvPing
D/accs.HeartbeatManager( 1467):  onHeartbeatSucc
D/accs.OrangeAdapter( 1467):  isSmartHb result:true
D/accs.HeartbeatManager( 1467):  set 480
D/accs.UtilityImpl( 1467):  setServiceTime:1512351859194
I/art     (  877): Explicit concurrent mark sweep GC freed 3621(188KB) AllocSpace objects, 0(0B) LOS objects, 40% free, 9MB/15MB, paused 182us total 9.645ms
I/art     (  774): Explicit concurrent mark sweep GC freed 6125(245KB) AllocSpace objects, 0(0B) LOS objects, 33% free, 9MB/14MB, paused 326us total 17.279ms
I/art     (  877): Explicit concurrent mark sweep GC freed 3622(188KB) AllocSpace objects, 0(0B) LOS objects, 40% free, 9MB/15MB, paused 381us total 11.099ms
I/art     (  774): Explicit concurrent mark sweep GC freed 6815(275KB) AllocSpace objects, 0(0B) LOS objects, 33% free, 9MB/14MB, paused 559us total 24.352ms
D/awcn.DefaultHeartbeatImpl( 1574): |[seq:umeng:56aadbf567e58e38d4000976.AWCN1_1] heartbeat session:Session@[umeng:56aadbf567e58e38d4000976.AWCN1_1|http2_0rtt_acs]
D/awcn.TnetSpdySession( 1574): |[seq:umeng:56aadbf567e58e38d4000976.AWCN1_1] ping host:https://umengacs.m.taobao.com thread:AWCN Scheduler1
D/awcn.TnetSpdySession( 1574): |[seq:umeng:56aadbf567e58e38d4000976.AWCN1_1] https://umengacs.m.taobao.com submit ping ms:45052 force:true
D/awcn.DefaultHeartbeatImpl( 1574): |[seq:umeng:56aadbf567e58e38d4000976.AWCN1_1] reSchedule session:Session@[umeng:56aadbf567e58e38d4000976.AWCN1_1|http2_0rtt_acs] delay:45052
I/awcn.TnetSpdySession( 1574): |[seq:umeng:56aadbf567e58e38d4000976.AWCN1_1] ping receive Host:https://umengacs.m.taobao.com id:6953
I/art     (  877): Explicit concurrent mark sweep GC freed 3621(188KB) AllocSpace objects, 0(0B) LOS objects, 40% free, 9MB/15MB, paused 226us total 9.439ms
I/art     (  774): Explicit concurrent mark sweep GC freed 6431(256KB) AllocSpace objects, 0(0B) LOS objects, 33% free, 9MB/14MB, paused 304us total 18.162ms
I/art     (  877): Explicit concurrent mark sweep GC freed 3612(188KB) AllocSpace objects, 0(0B) LOS objects, 40% free, 9MB/15MB, paused 338us total 10.331ms
I/art     (  774): Explicit concurrent mark sweep GC freed 6433(257KB) AllocSpace objects, 0(0B) LOS objects, 33% free, 9MB/14MB, paused 240us total 15.814ms
I/art     (  877): Explicit concurrent mark sweep GC freed 3621(188KB) AllocSpace objects, 0(0B) LOS objects, 40% free, 9MB/15MB, paused 531us total 9.831ms
I/art     (  774): Explicit concurrent mark sweep GC freed 6433(257KB) AllocSpace objects, 0(0B) LOS objects, 33% free, 9MB/14MB, paused 287us total 20.679ms
I/art     (  877): Explicit concurrent mark sweep GC freed 3622(188KB) AllocSpace objects, 0(0B) LOS objects, 40% free, 9MB/15MB, paused 234us total 9.461ms
I/art     (  774): Explicit concurrent mark sweep GC freed 6549(281KB) AllocSpace objects, 0(0B) LOS objects, 33% free, 9MB/14MB, paused 251us total 15.016ms
I/art     (  877): Explicit concurrent mark sweep GC freed 3621(188KB) AllocSpace objects, 0(0B) LOS objects, 40% free, 9MB/15MB, paused 200us total 10.496ms
I/art     (  774): Explicit concurrent mark sweep GC freed 6426(256KB) AllocSpace objects, 0(0B) LOS objects, 33% free, 9MB/14MB, paused 279us total 14.665ms
I/art     (  877): Explicit concurrent mark sweep GC freed 3612(188KB) AllocSpace objects, 0(0B) LOS objects, 39% free, 9MB/15MB, paused 190us total 9.550ms
I/art     (  774): Explicit concurrent mark sweep GC freed 6434(257KB) AllocSpace objects, 0(0B) LOS objects, 33% free, 9MB/14MB, paused 354us total 14.842ms
I/art     (  877): Explicit concurrent mark sweep GC freed 3946(201KB) AllocSpace objects, 0(0B) LOS objects, 39% free, 9MB/15MB, paused 225us total 8.808ms
I/art     (  774): Explicit concurrent mark sweep GC freed 6999(283KB) AllocSpace objects, 0(0B) LOS objects, 33% free, 9MB/14MB, paused 237us total 15.926ms
I/art     (  877): Explicit concurrent mark sweep GC freed 3642(189KB) AllocSpace objects, 0(0B) LOS objects, 39% free, 9MB/15MB, paused 177us total 9.782ms
I/art     (  774): Explicit concurrent mark sweep GC freed 5984(236KB) AllocSpace objects, 0(0B) LOS objects, 33% free, 9MB/14MB, paused 247us total 15.628ms
I/art     (  877): Explicit concurrent mark sweep GC freed 3612(188KB) AllocSpace objects, 0(0B) LOS objects, 40% free, 9MB/15MB, paused 189us total 10.166ms
I/art     (  774): Explicit concurrent mark sweep GC freed 6422(256KB) AllocSpace objects, 0(0B) LOS objects, 33% free, 9MB/14MB, paused 249us total 16.353ms
D/awcn.DefaultHeartbeatImpl( 1574): |[seq:umeng:56aadbf567e58e38d4000976.AWCN1_1] heartbeat session:Session@[umeng:56aadbf567e58e38d4000976.AWCN1_1|http2_0rtt_acs]
D/awcn.TnetSpdySession( 1574): |[seq:umeng:56aadbf567e58e38d4000976.AWCN1_1] ping host:https://umengacs.m.taobao.com thread:AWCN Scheduler1
D/awcn.TnetSpdySession( 1574): |[seq:umeng:56aadbf567e58e38d4000976.AWCN1_1] https://umengacs.m.taobao.com submit ping ms:45051 force:true
D/awcn.DefaultHeartbeatImpl( 1574): |[seq:umeng:56aadbf567e58e38d4000976.AWCN1_1] reSchedule session:Session@[umeng:56aadbf567e58e38d4000976.AWCN1_1|http2_0rtt_acs] delay:45051
I/awcn.TnetSpdySession( 1574): |[seq:umeng:56aadbf567e58e38d4000976.AWCN1_1] ping receive Host:https://umengacs.m.taobao.com id:6955
I/art     (  877): Explicit concurrent mark sweep GC freed 3612(188KB) AllocSpace objects, 0(0B) LOS objects, 40% free, 9MB/15MB, paused 225us total 9.178ms
I/art     (  774): Explicit concurrent mark sweep GC freed 6436(257KB) AllocSpace objects, 0(0B) LOS objects, 33% free, 9MB/14MB, paused 300us total 15.811ms
I/art     (  877): Explicit concurrent mark sweep GC freed 3621(188KB) AllocSpace objects, 0(0B) LOS objects, 40% free, 9MB/15MB, paused 177us total 9.882ms
I/art     (  774): Explicit concurrent mark sweep GC freed 6824(275KB) AllocSpace objects, 0(0B) LOS objects, 33% free, 9MB/14MB, paused 316us total 16.443ms
I/art     (  877): Explicit concurrent mark sweep GC freed 3622(188KB) AllocSpace objects, 0(0B) LOS objects, 40% free, 9MB/15MB, paused 216us total 10.282ms
I/art     (  774): Explicit concurrent mark sweep GC freed 5940(233KB) AllocSpace objects, 0(0B) LOS objects, 33% free, 9MB/14MB, paused 293us total 17.325ms
I/art     (  877): Explicit concurrent mark sweep GC freed 3612(188KB) AllocSpace objects, 0(0B) LOS objects, 39% free, 9MB/15MB, paused 343us total 10.705ms
I/art     (  774): Explicit concurrent mark sweep GC freed 6424(255KB) AllocSpace objects, 0(0B) LOS objects, 33% free, 9MB/14MB, paused 363us total 15.462ms
I/art     (  877): Explicit concurrent mark sweep GC freed 3621(188KB) AllocSpace objects, 0(0B) LOS objects, 39% free, 9MB/15MB, paused 286us total 10.127ms
I/art     (  774): Explicit concurrent mark sweep GC freed 6434(257KB) AllocSpace objects, 0(0B) LOS objects, 33% free, 9MB/14MB, paused 245us total 15.740ms
I/art     (  877): Explicit concurrent mark sweep GC freed 3622(188KB) AllocSpace objects, 0(0B) LOS objects, 39% free, 9MB/15MB, paused 180us total 10.205ms
I/art     (  774): Explicit concurrent mark sweep GC freed 7040(304KB) AllocSpace objects, 0(0B) LOS objects, 33% free, 9MB/14MB, paused 271us total 16.056ms
I/art     (  877): Explicit concurrent mark sweep GC freed 3621(188KB) AllocSpace objects, 0(0B) LOS objects, 39% free, 9MB/15MB, paused 269us total 10.484ms
I/art     (  774): Explicit concurrent mark sweep GC freed 6435(256KB) AllocSpace objects, 0(0B) LOS objects, 33% free, 9MB/14MB, paused 306us total 16.684ms
I/art     (  877): Explicit concurrent mark sweep GC freed 3612(188KB) AllocSpace objects, 0(0B) LOS objects, 40% free, 9MB/15MB, paused 434us total 16.191ms
I/art     (  774): Explicit concurrent mark sweep GC freed 5942(234KB) AllocSpace objects, 0(0B) LOS objects, 33% free, 9MB/14MB, paused 374us total 17.234ms
D/awcn.DefaultHeartbeatImpl( 1574): |[seq:umeng:56aadbf567e58e38d4000976.AWCN1_1] heartbeat session:Session@[umeng:56aadbf567e58e38d4000976.AWCN1_1|http2_0rtt_acs]
D/awcn.TnetSpdySession( 1574): |[seq:umeng:56aadbf567e58e38d4000976.AWCN1_1] ping host:https://umengacs.m.taobao.com thread:AWCN Scheduler1
D/awcn.TnetSpdySession( 1574): |[seq:umeng:56aadbf567e58e38d4000976.AWCN1_1] https://umengacs.m.taobao.com submit ping ms:45051 force:true
D/awcn.DefaultHeartbeatImpl( 1574): |[seq:umeng:56aadbf567e58e38d4000976.AWCN1_1] reSchedule session:Session@[umeng:56aadbf567e58e38d4000976.AWCN1_1|http2_0rtt_acs] delay:45051
I/awcn.TnetSpdySession( 1574): |[seq:umeng:56aadbf567e58e38d4000976.AWCN1_1] ping receive Host:https://umengacs.m.taobao.com id:6957
I/art     (  877): Explicit concurrent mark sweep GC freed 3946(201KB) AllocSpace objects, 0(0B) LOS objects, 40% free, 9MB/15MB, paused 204us total 9.680ms
I/art     (  774): Explicit concurrent mark sweep GC freed 6511(259KB) AllocSpace objects, 0(0B) LOS objects, 33% free, 9MB/14MB, paused 258us total 15.515ms
I/art     (  877): Explicit concurrent mark sweep GC freed 3642(189KB) AllocSpace objects, 0(0B) LOS objects, 40% free, 9MB/15MB, paused 175us total 9.050ms
I/art     (  774): Explicit concurrent mark sweep GC freed 6866(278KB) AllocSpace objects, 0(0B) LOS objects, 33% free, 9MB/14MB, paused 334us total 21.562ms
I/art     (  877): Explicit concurrent mark sweep GC freed 3621(188KB) AllocSpace objects, 0(0B) LOS objects, 40% free, 9MB/15MB, paused 332us total 9.570ms
I/art     (  774): Explicit concurrent mark sweep GC freed 6435(256KB) AllocSpace objects, 0(0B) LOS objects, 33% free, 9MB/14MB, paused 240us total 16.091ms
I/art     (  877): Explicit concurrent mark sweep GC freed 3612(188KB) AllocSpace objects, 0(0B) LOS objects, 40% free, 9MB/15MB, paused 488us total 9.795ms
I/art     (  774): Explicit concurrent mark sweep GC freed 5983(235KB) AllocSpace objects, 0(0B) LOS objects, 33% free, 9MB/14MB, paused 469us total 16.104ms
I/art     (  877): Explicit concurrent mark sweep GC freed 3621(188KB) AllocSpace objects, 0(0B) LOS objects, 40% free, 9MB/15MB, paused 223us total 9.661ms
I/art     (  774): Explicit concurrent mark sweep GC freed 6464(259KB) AllocSpace objects, 0(0B) LOS objects, 33% free, 9MB/14MB, paused 259us total 16.411ms
I/art     (  877): Explicit concurrent mark sweep GC freed 3622(188KB) AllocSpace objects, 0(0B) LOS objects, 40% free, 9MB/15MB, paused 173us total 10.060ms
I/art     (  774): Explicit concurrent mark sweep GC freed 6828(276KB) AllocSpace objects, 0(0B) LOS objects, 33% free, 9MB/14MB, paused 272us total 14.913ms
I/art     (  877): Explicit concurrent mark sweep GC freed 3621(188KB) AllocSpace objects, 0(0B) LOS objects, 40% free, 9MB/15MB, paused 200us total 9.671ms
I/art     (  774): Explicit concurrent mark sweep GC freed 6431(256KB) AllocSpace objects, 0(0B) LOS objects, 33% free, 9MB/14MB, paused 253us total 14.373ms
I/art     (  877): Explicit concurrent mark sweep GC freed 3612(188KB) AllocSpace objects, 0(0B) LOS objects, 39% free, 9MB/15MB, paused 172us total 9.524ms
I/art     (  774): Explicit concurrent mark sweep GC freed 5942(234KB) AllocSpace objects, 0(0B) LOS objects, 33% free, 9MB/14MB, paused 464us total 16.740ms
I/art     (  877): Explicit concurrent mark sweep GC freed 3621(188KB) AllocSpace objects, 0(0B) LOS objects, 39% free, 9MB/15MB, paused 217us total 11.557ms
I/art     (  774): Explicit concurrent mark sweep GC freed 7015(302KB) AllocSpace objects, 0(0B) LOS objects, 33% free, 9MB/14MB, paused 279us total 15.392ms
D/awcn.DefaultHeartbeatImpl( 1574): |[seq:umeng:56aadbf567e58e38d4000976.AWCN1_1] heartbeat session:Session@[umeng:56aadbf567e58e38d4000976.AWCN1_1|http2_0rtt_acs]
D/awcn.TnetSpdySession( 1574): |[seq:umeng:56aadbf567e58e38d4000976.AWCN1_1] ping host:https://umengacs.m.taobao.com thread:AWCN Scheduler1
D/awcn.TnetSpdySession( 1574): |[seq:umeng:56aadbf567e58e38d4000976.AWCN1_1] https://umengacs.m.taobao.com submit ping ms:45051 force:true
D/awcn.DefaultHeartbeatImpl( 1574): |[seq:umeng:56aadbf567e58e38d4000976.AWCN1_1] reSchedule session:Session@[umeng:56aadbf567e58e38d4000976.AWCN1_1|http2_0rtt_acs] delay:45051
I/awcn.TnetSpdySession( 1574): |[seq:umeng:56aadbf567e58e38d4000976.AWCN1_1] ping receive Host:https://umengacs.m.taobao.com id:6959
I/art     (  877): Explicit concurrent mark sweep GC freed 3622(188KB) AllocSpace objects, 0(0B) LOS objects, 39% free, 9MB/15MB, paused 387us total 11.975ms
I/art     (  774): Explicit concurrent mark sweep GC freed 6456(258KB) AllocSpace objects, 0(0B) LOS objects, 33% free, 9MB/14MB, paused 278us total 15.249ms
I/art     (  877): Explicit concurrent mark sweep GC freed 3621(188KB) AllocSpace objects, 0(0B) LOS objects, 39% free, 9MB/15MB, paused 467us total 11.566ms
I/art     (  774): Explicit concurrent mark sweep GC freed 6431(256KB) AllocSpace objects, 0(0B) LOS objects, 33% free, 9MB/14MB, paused 286us total 14.437ms
I/art     (  877): Explicit concurrent mark sweep GC freed 3938(200KB) AllocSpace objects, 0(0B) LOS objects, 40% free, 9MB/15MB, paused 269us total 10.211ms
I/art     (  774): Explicit concurrent mark sweep GC freed 6519(260KB) AllocSpace objects, 0(0B) LOS objects, 33% free, 9MB/14MB, paused 341us total 16.705ms
D/NetworkMonitor/NetworkAgentInfo [WIFI () - 100](  774): OfflineState{ when=-101ms what=532488 arg2=1 target=com.android.internal.util.StateMachine$SmHandler }
D/NetworkMonitor/NetworkAgentInfo [WIFI () - 100](  774): DefaultState{ when=-101ms what=532488 arg2=1 target=com.android.internal.util.StateMachine$SmHandler }
D/NetworkMonitor/NetworkAgentInfo [WIFI () - 100](  774): Forcing reevaluation
D/NetworkMonitor/NetworkAgentInfo [WIFI () - 100](  774): EvaluatingState{ when=0 what=532486 arg1=260 target=com.android.internal.util.StateMachine$SmHandler }
D/NetworkMonitor/NetworkAgentInfo [WIFI () - 100](  774): Checking http://connectivitycheck.android.com/generate_204 on "WiredSSID"
I/art     (  877): Explicit concurrent mark sweep GC freed 3642(189KB) AllocSpace objects, 0(0B) LOS objects, 40% free, 9MB/15MB, paused 221us total 12.990ms
I/art     (  774): Explicit concurrent mark sweep GC freed 6551(264KB) AllocSpace objects, 0(0B) LOS objects, 33% free, 9MB/14MB, paused 410us total 21.193ms
I/art     (  877): Explicit concurrent mark sweep GC freed 3621(188KB) AllocSpace objects, 0(0B) LOS objects, 40% free, 9MB/15MB, paused 223us total 10.602ms
I/art     (  774): Explicit concurrent mark sweep GC freed 6428(255KB) AllocSpace objects, 0(0B) LOS objects, 33% free, 9MB/14MB, paused 254us total 18.121ms
D/NetworkMonitor/NetworkAgentInfo [WIFI () - 100](  774): Probably not a portal: exception java.net.SocketTimeoutException: failed to connect to connectivitycheck.android.com/216.58.200.238 (port 80) after 10000ms
D/ConnectivityService(  774): setProvNotificationVisibleIntent: E visible=false networkType=0 extraInfo=null
I/art     (  877): Explicit concurrent mark sweep GC freed 3612(188KB) AllocSpace objects, 0(0B) LOS objects, 40% free, 9MB/15MB, paused 333us total 10.371ms
I/art     (  774): Explicit concurrent mark sweep GC freed 6809(277KB) AllocSpace objects, 0(0B) LOS objects, 33% free, 9MB/14MB, paused 251us total 15.541ms
I/art     (  877): Explicit concurrent mark sweep GC freed 3621(188KB) AllocSpace objects, 0(0B) LOS objects, 40% free, 9MB/15MB, paused 425us total 10.105ms
I/art     (  774): Explicit concurrent mark sweep GC freed 6455(258KB) AllocSpace objects, 0(0B) LOS objects, 33% free, 9MB/14MB, paused 639us total 16.915ms
I/art     (  877): Explicit concurrent mark sweep GC freed 3622(188KB) AllocSpace objects, 0(0B) LOS objects, 40% free, 9MB/15MB, paused 440us total 9.576ms
I/art     (  774): Explicit concurrent mark sweep GC freed 6333(253KB) AllocSpace objects, 0(0B) LOS objects, 33% free, 9MB/14MB, paused 248us total 15.345ms
D/awcn.DefaultHeartbeatImpl( 1574): |[seq:umeng:56aadbf567e58e38d4000976.AWCN1_1] heartbeat session:Session@[umeng:56aadbf567e58e38d4000976.AWCN1_1|http2_0rtt_acs]
D/awcn.TnetSpdySession( 1574): |[seq:umeng:56aadbf567e58e38d4000976.AWCN1_1] ping host:https://umengacs.m.taobao.com thread:AWCN Scheduler1
D/awcn.TnetSpdySession( 1574): |[seq:umeng:56aadbf567e58e38d4000976.AWCN1_1] https://umengacs.m.taobao.com submit ping ms:45052 force:true
D/awcn.DefaultHeartbeatImpl( 1574): |[seq:umeng:56aadbf567e58e38d4000976.AWCN1_1] reSchedule session:Session@[umeng:56aadbf567e58e38d4000976.AWCN1_1|http2_0rtt_acs] delay:45051
I/awcn.TnetSpdySession( 1574): |[seq:umeng:56aadbf567e58e38d4000976.AWCN1_1] ping receive Host:https://umengacs.m.taobao.com id:6961
I/tnet-jni( 1419): 101 - [spdyPingRecvCallback] - 
I/tnet-jni( 1419): 101 - [SpdySessionCallBack.spdyPingRecvCallback] - org.android.spdy.SpdySession@15ea5a37
D/accs.SpdyConnection( 1419):  spdyPingRecvCallback uniId:1494
D/accs.MessageHandler( 1419):  onRcvPing
D/accs.HeartbeatManager( 1419):  onHeartbeatSucc
D/accs.OrangeAdapter( 1419):  isSmartHb result:true
D/accs.HeartbeatManager( 1419):  set 480
I/art     (  877): Explicit concurrent mark sweep GC freed 3621(188KB) AllocSpace objects, 0(0B) LOS objects, 40% free, 9MB/15MB, paused 364us total 9.454ms
I/art     (  774): Explicit concurrent mark sweep GC freed 6469(258KB) AllocSpace objects, 0(0B) LOS objects, 33% free, 9MB/14MB, paused 349us total 16.601ms
I/art     (  877): Explicit concurrent mark sweep GC freed 3612(188KB) AllocSpace objects, 0(0B) LOS objects, 39% free, 9MB/15MB, paused 244us total 9.672ms
I/art     (  774): Explicit concurrent mark sweep GC freed 6433(257KB) AllocSpace objects, 0(0B) LOS objects, 33% free, 9MB/14MB, paused 241us total 16.489ms
I/art     (  877): Explicit concurrent mark sweep GC freed 3621(188KB) AllocSpace objects, 0(0B) LOS objects, 39% free, 9MB/15MB, paused 209us total 9.006ms
I/art     (  774): Explicit concurrent mark sweep GC freed 6433(257KB) AllocSpace objects, 0(0B) LOS objects, 33% free, 9MB/14MB, paused 256us total 14.555ms
I/tnet-jni( 1467): 104 - [spdyPingRecvCallback] - 
I/tnet-jni( 1467): 104 - [SpdySessionCallBack.spdyPingRecvCallback] - org.android.spdy.SpdySession@26860312
D/accs.SilenceConn_umeng:56aadbf567e58e38d4000976( 1467):  spdyPingRecvCallback uniId:1494
D/accs.MsgRecv_umeng:56aadbf567e58e38d4000976( 1467):  onRcvPing
D/accs.HeartbeatManager( 1467):  onHeartbeatSucc
D/accs.OrangeAdapter( 1467):  isSmartHb result:true
D/accs.HeartbeatManager( 1467):  set 480
I/art     (  877): Explicit concurrent mark sweep GC freed 3622(188KB) AllocSpace objects, 0(0B) LOS objects, 39% free, 9MB/15MB, paused 206us total 10.986ms
I/art     (  774): Explicit concurrent mark sweep GC freed 7216(314KB) AllocSpace objects, 0(0B) LOS objects, 33% free, 9MB/14MB, paused 365us total 15.096ms
I/art     (  877): Explicit concurrent mark sweep GC freed 3621(188KB) AllocSpace objects, 0(0B) LOS objects, 39% free, 9MB/15MB, paused 425us total 12.156ms
I/art     (  774): Explicit concurrent mark sweep GC freed 5944(234KB) AllocSpace objects, 0(0B) LOS objects, 33% free, 9MB/14MB, paused 564us total 28.225ms
I/art     (  877): Explicit concurrent mark sweep GC freed 3612(188KB) AllocSpace objects, 0(0B) LOS objects, 40% free, 9MB/15MB, paused 392us total 14.598ms
I/art     (  774): Explicit concurrent mark sweep GC freed 6510(259KB) AllocSpace objects, 0(0B) LOS objects, 33% free, 9MB/14MB, paused 252us total 15.821ms
I/art     (  877): Explicit concurrent mark sweep GC freed 3947(201KB) AllocSpace objects, 0(0B) LOS objects, 40% free, 9MB/15MB, paused 198us total 10.465ms
I/art     (  774): Explicit concurrent mark sweep GC freed 6854(277KB) AllocSpace objects, 0(0B) LOS objects, 33% free, 9MB/14MB, paused 378us total 21.725ms
I/art     (  877): Explicit concurrent mark sweep GC freed 3642(189KB) AllocSpace objects, 0(0B) LOS objects, 40% free, 9MB/15MB, paused 342us total 9.761ms
I/art     (  774): Explicit concurrent mark sweep GC freed 6460(258KB) AllocSpace objects, 0(0B) LOS objects, 33% free, 9MB/14MB, paused 312us total 16.779ms
I/art     (  877): Explicit concurrent mark sweep GC freed 3621(188KB) AllocSpace objects, 0(0B) LOS objects, 40% free, 9MB/15MB, paused 368us total 10.213ms
D/awcn.DefaultHeartbeatImpl( 1574): |[seq:umeng:56aadbf567e58e38d4000976.AWCN1_1] heartbeat session:Session@[umeng:56aadbf567e58e38d4000976.AWCN1_1|http2_0rtt_acs]
D/awcn.TnetSpdySession( 1574): |[seq:umeng:56aadbf567e58e38d4000976.AWCN1_1] ping host:https://umengacs.m.taobao.com thread:AWCN Scheduler1
D/awcn.TnetSpdySession( 1574): |[seq:umeng:56aadbf567e58e38d4000976.AWCN1_1] https://umengacs.m.taobao.com submit ping ms:45052 force:true
D/awcn.DefaultHeartbeatImpl( 1574): |[seq:umeng:56aadbf567e58e38d4000976.AWCN1_1] reSchedule session:Session@[umeng:56aadbf567e58e38d4000976.AWCN1_1|http2_0rtt_acs] delay:45052
I/awcn.TnetSpdySession( 1574): |[seq:umeng:56aadbf567e58e38d4000976.AWCN1_1] ping receive Host:https://umengacs.m.taobao.com id:6963
I/art     (  774): Explicit concurrent mark sweep GC freed 5940(234KB) AllocSpace objects, 0(0B) LOS objects, 33% free, 9MB/14MB, paused 260us total 15.952ms
I/art     (  877): Explicit concurrent mark sweep GC freed 3612(188KB) AllocSpace objects, 0(0B) LOS objects, 40% free, 9MB/15MB, paused 233us total 10.200ms
I/art     (  774): Explicit concurrent mark sweep GC freed 6425(256KB) AllocSpace objects, 0(0B) LOS objects, 33% free, 9MB/14MB, paused 265us total 16.210ms
I/art     (  877): Explicit concurrent mark sweep GC freed 3622(188KB) AllocSpace objects, 0(0B) LOS objects, 40% free, 9MB/15MB, paused 180us total 9.237ms
I/art     (  774): Explicit concurrent mark sweep GC freed 7762(317KB) AllocSpace objects, 0(0B) LOS objects, 33% free, 9MB/14MB, paused 232us total 16.066ms
I/art     (  877): Explicit concurrent mark sweep GC freed 3621(188KB) AllocSpace objects, 0(0B) LOS objects, 40% free, 9MB/15MB, paused 174us total 9.147ms
I/art     (  774): Explicit concurrent mark sweep GC freed 6461(258KB) AllocSpace objects, 0(0B) LOS objects, 33% free, 9MB/14MB, paused 244us total 15.610ms
I/art     (  877): Explicit concurrent mark sweep GC freed 3612(188KB) AllocSpace objects, 0(0B) LOS objects, 39% free, 9MB/15MB, paused 208us total 9.454ms
I/art     (  774): Explicit concurrent mark sweep GC freed 5942(234KB) AllocSpace objects, 0(0B) LOS objects, 33% free, 9MB/14MB, paused 229us total 15.295ms
I/art     (  877): Explicit concurrent mark sweep GC freed 3621(188KB) AllocSpace objects, 0(0B) LOS objects, 39% free, 9MB/15MB, paused 171us total 9.862ms
I/art     (  774): Explicit concurrent mark sweep GC freed 6424(256KB) AllocSpace objects, 0(0B) LOS objects, 33% free, 9MB/14MB, paused 265us total 16.172ms
I/art     (  877): Explicit concurrent mark sweep GC freed 3622(188KB) AllocSpace objects, 0(0B) LOS objects, 39% free, 9MB/15MB, paused 333us total 10.157ms
I/art     (  774): Explicit concurrent mark sweep GC freed 7040(303KB) AllocSpace objects, 0(0B) LOS objects, 33% free, 9MB/14MB, paused 877us total 17.343ms
I/art     (  877): Explicit concurrent mark sweep GC freed 3621(188KB) AllocSpace objects, 0(0B) LOS objects, 39% free, 9MB/15MB, paused 524us total 10.501ms
I/art     (  774): Explicit concurrent mark sweep GC freed 6435(257KB) AllocSpace objects, 0(0B) LOS objects, 33% free, 9MB/14MB, paused 237us total 16.709ms
I/art     (  877): Explicit concurrent mark sweep GC freed 3612(188KB) AllocSpace objects, 0(0B) LOS objects, 40% free, 9MB/15MB, paused 476us total 18.339ms
I/art     (  774): Explicit concurrent mark sweep GC freed 6433(257KB) AllocSpace objects, 0(0B) LOS objects, 33% free, 9MB/14MB, paused 280us total 16.130ms
