I/art     (  877): Explicit concurrent mark sweep GC freed 3621(188KB) AllocSpace objects, 0(0B) LOS objects, 40% free, 9MB/15MB, paused 342us total 9.703ms
I/art     (  774): Explicit concurrent mark sweep GC freed 6435(256KB) AllocSpace objects, 0(0B) LOS objects, 33% free, 9MB/14MB, paused 1.064ms total 23.025ms
I/art     (  877): Explicit concurrent mark sweep GC freed 3612(188KB) AllocSpace objects, 0(0B) LOS objects, 40% free, 9MB/15MB, paused 241us total 10.125ms
I/art     (  774): Explicit concurrent mark sweep GC freed 6433(257KB) AllocSpace objects, 0(0B) LOS objects, 33% free, 9MB/14MB, paused 332us total 19.543ms
I/art     (  877): Explicit concurrent mark sweep GC freed 3947(201KB) AllocSpace objects, 0(0B) LOS objects, 40% free, 9MB/15MB, paused 478us total 9.191ms
I/art     (  774): Explicit concurrent mark sweep GC freed 6028(237KB) AllocSpace objects, 0(0B) LOS objects, 33% free, 9MB/14MB, paused 371us total 20.020ms
I/art     (  877): Explicit concurrent mark sweep GC freed 3642(189KB) AllocSpace objects, 0(0B) LOS objects, 40% free, 9MB/15MB, paused 383us total 9.429ms
I/art     (  774): Explicit concurrent mark sweep GC freed 6857(278KB) AllocSpace objects, 0(0B) LOS objects, 33% free, 9MB/14MB, paused 512us total 18.455ms
I/art     (  877): Explicit concurrent mark sweep GC freed 3621(188KB) AllocSpace objects, 0(0B) LOS objects, 40% free, 9MB/15MB, paused 262us total 10.392ms
I/art     (  774): Explicit concurrent mark sweep GC freed 6435(256KB) AllocSpace objects, 0(0B) LOS objects, 33% free, 9MB/14MB, paused 330us total 20.150ms
I/art     (  877): Explicit concurrent mark sweep GC freed 3612(188KB) AllocSpace objects, 0(0B) LOS objects, 39% free, 9MB/15MB, paused 472us total 9.178ms
I/art     (  774): Explicit concurrent mark sweep GC freed 6433(257KB) AllocSpace objects, 0(0B) LOS objects, 33% free, 9MB/14MB, paused 432us total 18.425ms
I/art     (  877): Explicit concurrent mark sweep GC freed 3621(188KB) AllocSpace objects, 0(0B) LOS objects, 39% free, 9MB/15MB, paused 226us total 9.562ms
I/art     (  774): Explicit concurrent mark sweep GC freed 6433(257KB) AllocSpace objects, 0(0B) LOS objects, 33% free, 9MB/14MB, paused 1.128ms total 18.715ms
I/art     (  877): Explicit concurrent mark sweep GC freed 3622(188KB) AllocSpace objects, 0(0B) LOS objects, 39% free, 9MB/15MB, paused 323us total 9.781ms
D/awcn.DefaultHeartbeatImpl( 1574): |[seq:umeng:56aadbf567e58e38d4000976.AWCN1_1] heartbeat session:Session@[umeng:56aadbf567e58e38d4000976.AWCN1_1|http2_0rtt_acs]
D/awcn.TnetSpdySession( 1574): |[seq:umeng:56aadbf567e58e38d4000976.AWCN1_1] ping host:https://umengacs.m.taobao.com thread:AWCN Scheduler1
D/awcn.TnetSpdySession( 1574): |[seq:umeng:56aadbf567e58e38d4000976.AWCN1_1] https://umengacs.m.taobao.com submit ping ms:45052 force:true
D/awcn.DefaultHeartbeatImpl( 1574): |[seq:umeng:56aadbf567e58e38d4000976.AWCN1_1] reSchedule session:Session@[umeng:56aadbf567e58e38d4000976.AWCN1_1|http2_0rtt_acs] delay:45052
I/awcn.TnetSpdySession( 1574): |[seq:umeng:56aadbf567e58e38d4000976.AWCN1_1] ping receive Host:https://umengacs.m.taobao.com id:6913
I/art     (  774): Explicit concurrent mark sweep GC freed 6333(252KB) AllocSpace objects, 0(0B) LOS objects, 33% free, 9MB/14MB, paused 934us total 28.556ms
I/art     (  877): Explicit concurrent mark sweep GC freed 3621(188KB) AllocSpace objects, 0(0B) LOS objects, 39% free, 9MB/15MB, paused 266us total 10.306ms
I/art     (  774): Explicit concurrent mark sweep GC freed 6422(256KB) AllocSpace objects, 0(0B) LOS objects, 33% free, 9MB/14MB, paused 490us total 25.597ms
I/art     (  877): Explicit concurrent mark sweep GC freed 3612(188KB) AllocSpace objects, 0(0B) LOS objects, 40% free, 9MB/15MB, paused 209us total 9.745ms
I/art     (  774): Explicit concurrent mark sweep GC freed 6433(257KB) AllocSpace objects, 0(0B) LOS objects, 33% free, 9MB/14MB, paused 476us total 26.492ms
I/art     (  877): Explicit concurrent mark sweep GC freed 3621(188KB) AllocSpace objects, 0(0B) LOS objects, 40% free, 9MB/15MB, paused 174us total 9.621ms
I/art     (  774): Explicit concurrent mark sweep GC freed 7043(304KB) AllocSpace objects, 0(0B) LOS objects, 33% free, 9MB/14MB, paused 468us total 26.113ms
I/art     (  877): Explicit concurrent mark sweep GC freed 3622(188KB) AllocSpace objects, 0(0B) LOS objects, 40% free, 9MB/15MB, paused 311us total 10.099ms
I/art     (  774): Explicit concurrent mark sweep GC freed 5944(233KB) AllocSpace objects, 0(0B) LOS objects, 33% free, 9MB/14MB, paused 432us total 24.591ms
I/art     (  877): Explicit concurrent mark sweep GC freed 3612(188KB) AllocSpace objects, 0(0B) LOS objects, 40% free, 9MB/15MB, paused 179us total 9.938ms
I/art     (  774): Explicit concurrent mark sweep GC freed 6424(256KB) AllocSpace objects, 0(0B) LOS objects, 33% free, 9MB/14MB, paused 569us total 17.341ms
I/art     (  877): Explicit concurrent mark sweep GC freed 3621(188KB) AllocSpace objects, 0(0B) LOS objects, 40% free, 9MB/15MB, paused 211us total 9.260ms
I/art     (  774): Explicit concurrent mark sweep GC freed 6780(286KB) AllocSpace objects, 0(0B) LOS objects, 33% free, 9MB/14MB, paused 266us total 14.750ms
I/tnet-jni( 1419): 101 - [spdyPingRecvCallback] - 
I/tnet-jni( 1419): 101 - [SpdySessionCallBack.spdyPingRecvCallback] - org.android.spdy.SpdySession@15ea5a37
D/accs.SpdyConnection( 1419):  spdyPingRecvCallback uniId:1484
D/accs.MessageHandler( 1419):  onRcvPing
D/accs.HeartbeatManager( 1419):  onHeartbeatSucc
D/accs.OrangeAdapter( 1419):  isSmartHb result:true
D/accs.HeartbeatManager( 1419):  set 480
D/accs.UtilityImpl( 1419):  setServiceTime:1512351001901
I/art     (  877): Explicit concurrent mark sweep GC freed 4274(213KB) AllocSpace objects, 0(0B) LOS objects, 40% free, 9MB/15MB, paused 204us total 9.222ms
I/art     (  774): Explicit concurrent mark sweep GC freed 7049(286KB) AllocSpace objects, 0(0B) LOS objects, 33% free, 9MB/14MB, paused 241us total 14.885ms
I/art     (  877): Explicit concurrent mark sweep GC freed 3652(189KB) AllocSpace objects, 0(0B) LOS objects, 39% free, 9MB/15MB, paused 335us total 9.746ms
I/art     (  774): Explicit concurrent mark sweep GC freed 5970(234KB) AllocSpace objects, 0(0B) LOS objects, 33% free, 9MB/14MB, paused 621us total 21.453ms
D/awcn.DefaultHeartbeatImpl( 1574): |[seq:umeng:56aadbf567e58e38d4000976.AWCN1_1] heartbeat session:Session@[umeng:56aadbf567e58e38d4000976.AWCN1_1|http2_0rtt_acs]
D/awcn.TnetSpdySession( 1574): |[seq:umeng:56aadbf567e58e38d4000976.AWCN1_1] ping host:https://umengacs.m.taobao.com thread:AWCN Scheduler1
D/awcn.TnetSpdySession( 1574): |[seq:umeng:56aadbf567e58e38d4000976.AWCN1_1] https://umengacs.m.taobao.com submit ping ms:45051 force:true
D/awcn.DefaultHeartbeatImpl( 1574): |[seq:umeng:56aadbf567e58e38d4000976.AWCN1_1] reSchedule session:Session@[umeng:56aadbf567e58e38d4000976.AWCN1_1|http2_0rtt_acs] delay:45051
I/awcn.TnetSpdySession( 1574): |[seq:umeng:56aadbf567e58e38d4000976.AWCN1_1] ping receive Host:https://umengacs.m.taobao.com id:6915
I/art     (  877): Explicit concurrent mark sweep GC freed 3612(188KB) AllocSpace objects, 0(0B) LOS objects, 40% free, 9MB/15MB, paused 228us total 9.465ms
I/art     (  774): Explicit concurrent mark sweep GC freed 6425(256KB) AllocSpace objects, 0(0B) LOS objects, 33% free, 9MB/14MB, paused 247us total 16.289ms
I/tnet-jni( 1467): 104 - [spdyPingRecvCallback] - 
I/tnet-jni( 1467): 104 - [SpdySessionCallBack.spdyPingRecvCallback] - org.android.spdy.SpdySession@26860312
D/accs.SilenceConn_umeng:56aadbf567e58e38d4000976( 1467):  spdyPingRecvCallback uniId:1484
D/accs.MsgRecv_umeng:56aadbf567e58e38d4000976( 1467):  onRcvPing
D/accs.HeartbeatManager( 1467):  onHeartbeatSucc
D/accs.OrangeAdapter( 1467):  isSmartHb result:true
D/accs.HeartbeatManager( 1467):  set 480
D/accs.UtilityImpl( 1467):  setServiceTime:1512351019148
I/art     (  877): Explicit concurrent mark sweep GC freed 3621(188KB) AllocSpace objects, 0(0B) LOS objects, 40% free, 9MB/15MB, paused 193us total 9.900ms
I/art     (  774): Explicit concurrent mark sweep GC freed 6835(288KB) AllocSpace objects, 1(16KB) LOS objects, 33% free, 9MB/14MB, paused 371us total 15.475ms
I/art     (  877): Explicit concurrent mark sweep GC freed 3622(188KB) AllocSpace objects, 0(0B) LOS objects, 40% free, 9MB/15MB, paused 318us total 10.661ms
I/art     (  774): Explicit concurrent mark sweep GC freed 7851(322KB) AllocSpace objects, 0(0B) LOS objects, 33% free, 9MB/14MB, paused 304us total 14.603ms
I/art     (  877): Explicit concurrent mark sweep GC freed 3621(188KB) AllocSpace objects, 0(0B) LOS objects, 40% free, 9MB/15MB, paused 302us total 10.531ms
I/art     (  774): Explicit concurrent mark sweep GC freed 6465(258KB) AllocSpace objects, 0(0B) LOS objects, 33% free, 9MB/14MB, paused 254us total 15.243ms
I/art     (  877): Explicit concurrent mark sweep GC freed 3612(188KB) AllocSpace objects, 0(0B) LOS objects, 40% free, 9MB/15MB, paused 179us total 9.678ms
I/art     (  774): Explicit concurrent mark sweep GC freed 5942(234KB) AllocSpace objects, 0(0B) LOS objects, 33% free, 9MB/14MB, paused 263us total 15.346ms
I/art     (  877): Explicit concurrent mark sweep GC freed 3621(188KB) AllocSpace objects, 0(0B) LOS objects, 40% free, 9MB/15MB, paused 179us total 8.651ms
I/art     (  774): Explicit concurrent mark sweep GC freed 6424(256KB) AllocSpace objects, 0(0B) LOS objects, 33% free, 9MB/14MB, paused 254us total 16.482ms
I/art     (  877): Explicit concurrent mark sweep GC freed 3622(188KB) AllocSpace objects, 0(0B) LOS objects, 40% free, 9MB/15MB, paused 225us total 8.764ms
I/art     (  774): Explicit concurrent mark sweep GC freed 7040(303KB) AllocSpace objects, 0(0B) LOS objects, 33% free, 9MB/14MB, paused 631us total 17.474ms
I/art     (  877): Explicit concurrent mark sweep GC freed 3621(188KB) AllocSpace objects, 0(0B) LOS objects, 40% free, 9MB/15MB, paused 338us total 10.223ms
I/art     (  774): Explicit concurrent mark sweep GC freed 6435(257KB) AllocSpace objects, 0(0B) LOS objects, 33% free, 9MB/14MB, paused 683us total 16.080ms
I/art     (  877): Explicit concurrent mark sweep GC freed 3612(188KB) AllocSpace objects, 0(0B) LOS objects, 39% free, 9MB/15MB, paused 225us total 9.555ms
D/awcn.DefaultHeartbeatImpl( 1574): |[seq:umeng:56aadbf567e58e38d4000976.AWCN1_1] heartbeat session:Session@[umeng:56aadbf567e58e38d4000976.AWCN1_1|http2_0rtt_acs]
D/awcn.TnetSpdySession( 1574): |[seq:umeng:56aadbf567e58e38d4000976.AWCN1_1] ping host:https://umengacs.m.taobao.com thread:AWCN Scheduler1
D/awcn.TnetSpdySession( 1574): |[seq:umeng:56aadbf567e58e38d4000976.AWCN1_1] https://umengacs.m.taobao.com submit ping ms:45050 force:true
D/awcn.DefaultHeartbeatImpl( 1574): |[seq:umeng:56aadbf567e58e38d4000976.AWCN1_1] reSchedule session:Session@[umeng:56aadbf567e58e38d4000976.AWCN1_1|http2_0rtt_acs] delay:45050
I/awcn.TnetSpdySession( 1574): |[seq:umeng:56aadbf567e58e38d4000976.AWCN1_1] ping receive Host:https://umengacs.m.taobao.com id:6917
I/art     (  774): Explicit concurrent mark sweep GC freed 6028(237KB) AllocSpace objects, 0(0B) LOS objects, 33% free, 9MB/14MB, paused 275us total 15.402ms
I/art     (  877): Explicit concurrent mark sweep GC freed 3946(201KB) AllocSpace objects, 0(0B) LOS objects, 39% free, 9MB/15MB, paused 204us total 9.810ms
I/art     (  774): Explicit concurrent mark sweep GC freed 6853(277KB) AllocSpace objects, 0(0B) LOS objects, 33% free, 9MB/14MB, paused 763us total 15.411ms
I/art     (  877): Explicit concurrent mark sweep GC freed 3642(189KB) AllocSpace objects, 0(0B) LOS objects, 39% free, 9MB/15MB, paused 446us total 14.056ms
I/art     (  774): Explicit concurrent mark sweep GC freed 6442(256KB) AllocSpace objects, 0(0B) LOS objects, 33% free, 9MB/14MB, paused 336us total 15.189ms
I/art     (  877): Explicit concurrent mark sweep GC freed 3612(188KB) AllocSpace objects, 0(0B) LOS objects, 40% free, 9MB/15MB, paused 344us total 12.498ms
I/art     (  774): Explicit concurrent mark sweep GC freed 6433(257KB) AllocSpace objects, 0(0B) LOS objects, 33% free, 9MB/14MB, paused 613us total 15.263ms
I/art     (  877): Explicit concurrent mark sweep GC freed 3621(188KB) AllocSpace objects, 0(0B) LOS objects, 40% free, 9MB/15MB, paused 285us total 14.186ms
I/art     (  774): Explicit concurrent mark sweep GC freed 5942(234KB) AllocSpace objects, 0(0B) LOS objects, 33% free, 9MB/14MB, paused 530us total 15.737ms
I/art     (  877): Explicit concurrent mark sweep GC freed 3621(188KB) AllocSpace objects, 0(0B) LOS objects, 40% free, 9MB/15MB, paused 222us total 14.335ms
I/art     (  774): Explicit concurrent mark sweep GC freed 6814(274KB) AllocSpace objects, 0(0B) LOS objects, 33% free, 9MB/14MB, paused 498us total 16.205ms
I/art     (  877): Explicit concurrent mark sweep GC freed 3622(188KB) AllocSpace objects, 0(0B) LOS objects, 40% free, 9MB/15MB, paused 221us total 11.811ms
I/art     (  774): Explicit concurrent mark sweep GC freed 6431(256KB) AllocSpace objects, 0(0B) LOS objects, 33% free, 9MB/14MB, paused 353us total 15.171ms
I/art     (  877): Explicit concurrent mark sweep GC freed 3612(188KB) AllocSpace objects, 0(0B) LOS objects, 40% free, 9MB/15MB, paused 186us total 10.039ms
I/art     (  774): Explicit concurrent mark sweep GC freed 6433(257KB) AllocSpace objects, 0(0B) LOS objects, 33% free, 9MB/14MB, paused 747us total 15.310ms
I/art     (  877): Explicit concurrent mark sweep GC freed 3621(188KB) AllocSpace objects, 0(0B) LOS objects, 40% free, 9MB/15MB, paused 200us total 9.978ms
I/art     (  774): Explicit concurrent mark sweep GC freed 6433(257KB) AllocSpace objects, 0(0B) LOS objects, 33% free, 9MB/14MB, paused 222us total 15.904ms
D/awcn.DefaultHeartbeatImpl( 1574): |[seq:umeng:56aadbf567e58e38d4000976.AWCN1_1] heartbeat session:Session@[umeng:56aadbf567e58e38d4000976.AWCN1_1|http2_0rtt_acs]
D/awcn.TnetSpdySession( 1574): |[seq:umeng:56aadbf567e58e38d4000976.AWCN1_1] ping host:https://umengacs.m.taobao.com thread:AWCN Scheduler1
D/awcn.TnetSpdySession( 1574): |[seq:umeng:56aadbf567e58e38d4000976.AWCN1_1] https://umengacs.m.taobao.com submit ping ms:45050 force:true
D/awcn.DefaultHeartbeatImpl( 1574): |[seq:umeng:56aadbf567e58e38d4000976.AWCN1_1] reSchedule session:Session@[umeng:56aadbf567e58e38d4000976.AWCN1_1|http2_0rtt_acs] delay:45050
I/awcn.TnetSpdySession( 1574): |[seq:umeng:56aadbf567e58e38d4000976.AWCN1_1] ping receive Host:https://umengacs.m.taobao.com id:6919
I/art     (  877): Explicit concurrent mark sweep GC freed 3622(188KB) AllocSpace objects, 0(0B) LOS objects, 40% free, 9MB/15MB, paused 198us total 9.946ms
I/art     (  774): Explicit concurrent mark sweep GC freed 6549(281KB) AllocSpace objects, 0(0B) LOS objects, 33% free, 9MB/14MB, paused 907us total 16.688ms
I/art     (  877): Explicit concurrent mark sweep GC freed 3621(188KB) AllocSpace objects, 0(0B) LOS objects, 40% free, 9MB/15MB, paused 307us total 9.526ms
I/art     (  774): Explicit concurrent mark sweep GC freed 6426(256KB) AllocSpace objects, 0(0B) LOS objects, 33% free, 9MB/14MB, paused 281us total 17.581ms
I/art     (  877): Explicit concurrent mark sweep GC freed 3612(188KB) AllocSpace objects, 0(0B) LOS objects, 39% free, 9MB/15MB, paused 215us total 10.985ms
I/art     (  774): Explicit concurrent mark sweep GC freed 6433(257KB) AllocSpace objects, 0(0B) LOS objects, 33% free, 9MB/14MB, paused 709us total 18.120ms
I/art     (  877): Explicit concurrent mark sweep GC freed 3947(201KB) AllocSpace objects, 0(0B) LOS objects, 39% free, 9MB/15MB, paused 203us total 9.111ms
I/art     (  774): Explicit concurrent mark sweep GC freed 6520(260KB) AllocSpace objects, 0(0B) LOS objects, 33% free, 9MB/14MB, paused 381us total 19.187ms
I/art     (  877): Explicit concurrent mark sweep GC freed 3642(189KB) AllocSpace objects, 0(0B) LOS objects, 39% free, 9MB/15MB, paused 169us total 9.758ms
I/art     (  774): Explicit concurrent mark sweep GC freed 6375(255KB) AllocSpace objects, 0(0B) LOS objects, 33% free, 9MB/14MB, paused 357us total 22.470ms
I/art     (  877): Explicit concurrent mark sweep GC freed 3621(188KB) AllocSpace objects, 0(0B) LOS objects, 39% free, 9MB/15MB, paused 98us total 10.128ms
I/art     (  774): Explicit concurrent mark sweep GC freed 6426(256KB) AllocSpace objects, 0(0B) LOS objects, 33% free, 9MB/14MB, paused 622us total 17.113ms
I/art     (  877): Explicit concurrent mark sweep GC freed 3612(188KB) AllocSpace objects, 0(0B) LOS objects, 40% free, 9MB/15MB, paused 516us total 11.869ms
I/art     (  774): Explicit concurrent mark sweep GC freed 6474(258KB) AllocSpace objects, 0(0B) LOS objects, 33% free, 9MB/14MB, paused 645us total 16.293ms
I/art     (  877): Explicit concurrent mark sweep GC freed 3621(188KB) AllocSpace objects, 0(0B) LOS objects, 40% free, 9MB/15MB, paused 223us total 9.012ms
I/art     (  774): Explicit concurrent mark sweep GC freed 6863(277KB) AllocSpace objects, 0(0B) LOS objects, 33% free, 9MB/14MB, paused 498us total 15.897ms
I/art     (  877): Explicit concurrent mark sweep GC freed 3622(188KB) AllocSpace objects, 0(0B) LOS objects, 40% free, 9MB/15MB, paused 391us total 9.551ms
D/awcn.DefaultHeartbeatImpl( 1574): |[seq:umeng:56aadbf567e58e38d4000976.AWCN1_1] heartbeat session:Session@[umeng:56aadbf567e58e38d4000976.AWCN1_1|http2_0rtt_acs]
D/awcn.TnetSpdySession( 1574): |[seq:umeng:56aadbf567e58e38d4000976.AWCN1_1] ping host:https://umengacs.m.taobao.com thread:AWCN Scheduler1
D/awcn.TnetSpdySession( 1574): |[seq:umeng:56aadbf567e58e38d4000976.AWCN1_1] https://umengacs.m.taobao.com submit ping ms:45051 force:true
D/awcn.DefaultHeartbeatImpl( 1574): |[seq:umeng:56aadbf567e58e38d4000976.AWCN1_1] reSchedule session:Session@[umeng:56aadbf567e58e38d4000976.AWCN1_1|http2_0rtt_acs] delay:45051
I/awcn.TnetSpdySession( 1574): |[seq:umeng:56aadbf567e58e38d4000976.AWCN1_1] ping receive Host:https://umengacs.m.taobao.com id:6921
I/art     (  774): Explicit concurrent mark sweep GC freed 5944(234KB) AllocSpace objects, 0(0B) LOS objects, 33% free, 9MB/14MB, paused 461us total 15.868ms
I/art     (  877): Explicit concurrent mark sweep GC freed 3612(188KB) AllocSpace objects, 0(0B) LOS objects, 40% free, 9MB/15MB, paused 272us total 10.260ms
I/art     (  774): Explicit concurrent mark sweep GC freed 6427(256KB) AllocSpace objects, 0(0B) LOS objects, 33% free, 9MB/14MB, paused 405us total 16.375ms
I/art     (  877): Explicit concurrent mark sweep GC freed 3621(188KB) AllocSpace objects, 0(0B) LOS objects, 40% free, 9MB/15MB, paused 168us total 10.532ms
I/art     (  774): Explicit concurrent mark sweep GC freed 6433(257KB) AllocSpace objects, 0(0B) LOS objects, 33% free, 9MB/14MB, paused 754us total 17.338ms
I/art     (  877): Explicit concurrent mark sweep GC freed 3621(188KB) AllocSpace objects, 0(0B) LOS objects, 40% free, 9MB/15MB, paused 209us total 14.753ms
I/art     (  774): Explicit concurrent mark sweep GC freed 7040(303KB) AllocSpace objects, 0(0B) LOS objects, 33% free, 9MB/14MB, paused 520us total 15.440ms
I/art     (  877): Explicit concurrent mark sweep GC freed 3622(188KB) AllocSpace objects, 0(0B) LOS objects, 40% free, 9MB/15MB, paused 268us total 12.534ms
I/art     (  774): Explicit concurrent mark sweep GC freed 6435(257KB) AllocSpace objects, 0(0B) LOS objects, 33% free, 9MB/14MB, paused 744us total 15.095ms
I/art     (  877): Explicit concurrent mark sweep GC freed 3612(188KB) AllocSpace objects, 0(0B) LOS objects, 39% free, 9MB/15MB, paused 327us total 14.605ms
I/art     (  774): Explicit concurrent mark sweep GC freed 5942(234KB) AllocSpace objects, 0(0B) LOS objects, 33% free, 9MB/14MB, paused 312us total 15.901ms
I/art     (  877): Explicit concurrent mark sweep GC freed 3947(201KB) AllocSpace objects, 0(0B) LOS objects, 39% free, 9MB/15MB, paused 533us total 14.069ms
I/art     (  774): Explicit concurrent mark sweep GC freed 6510(259KB) AllocSpace objects, 0(0B) LOS objects, 33% free, 9MB/14MB, paused 533us total 15.081ms
I/art     (  877): Explicit concurrent mark sweep GC freed 3642(189KB) AllocSpace objects, 0(0B) LOS objects, 39% free, 9MB/15MB, paused 645us total 13.465ms
I/art     (  774): Explicit concurrent mark sweep GC freed 6864(277KB) AllocSpace objects, 0(0B) LOS objects, 33% free, 9MB/14MB, paused 288us total 15.177ms
I/art     (  877): Explicit concurrent mark sweep GC freed 3621(188KB) AllocSpace objects, 0(0B) LOS objects, 39% free, 9MB/15MB, paused 780us total 15.885ms
I/art     (  774): Explicit concurrent mark sweep GC freed 6437(256KB) AllocSpace objects, 0(0B) LOS objects, 33% free, 9MB/14MB, paused 645us total 16.682ms
D/awcn.DefaultHeartbeatImpl( 1574): |[seq:umeng:56aadbf567e58e38d4000976.AWCN1_1] heartbeat session:Session@[umeng:56aadbf567e58e38d4000976.AWCN1_1|http2_0rtt_acs]
D/awcn.TnetSpdySession( 1574): |[seq:umeng:56aadbf567e58e38d4000976.AWCN1_1] ping host:https://umengacs.m.taobao.com thread:AWCN Scheduler1
D/awcn.TnetSpdySession( 1574): |[seq:umeng:56aadbf567e58e38d4000976.AWCN1_1] https://umengacs.m.taobao.com submit ping ms:45051 force:true
D/awcn.DefaultHeartbeatImpl( 1574): |[seq:umeng:56aadbf567e58e38d4000976.AWCN1_1] reSchedule session:Session@[umeng:56aadbf567e58e38d4000976.AWCN1_1|http2_0rtt_acs] delay:45051
I/awcn.TnetSpdySession( 1574): |[seq:umeng:56aadbf567e58e38d4000976.AWCN1_1] ping receive Host:https://umengacs.m.taobao.com id:6923
I/art     (  877): Explicit concurrent mark sweep GC freed 3612(188KB) AllocSpace objects, 0(0B) LOS objects, 40% free, 9MB/15MB, paused 360us total 14.714ms
I/art     (  774): Explicit concurrent mark sweep GC freed 5942(234KB) AllocSpace objects, 0(0B) LOS objects, 33% free, 9MB/14MB, paused 358us total 14.734ms
I/art     (  877): Explicit concurrent mark sweep GC freed 3621(188KB) AllocSpace objects, 0(0B) LOS objects, 40% free, 9MB/15MB, paused 291us total 14.235ms
I/art     (  774): Explicit concurrent mark sweep GC freed 6424(256KB) AllocSpace objects, 0(0B) LOS objects, 33% free, 9MB/14MB, paused 490us total 15.714ms
I/art     (  877): Explicit concurrent mark sweep GC freed 3622(188KB) AllocSpace objects, 0(0B) LOS objects, 40% free, 9MB/15MB, paused 234us total 14.502ms
I/art     (  774): Explicit concurrent mark sweep GC freed 6823(275KB) AllocSpace objects, 0(0B) LOS objects, 33% free, 9MB/14MB, paused 297us total 14.638ms
I/tnet-jni( 1419): 101 - [spdyPingRecvCallback] - 
I/tnet-jni( 1419): 101 - [SpdySessionCallBack.spdyPingRecvCallback] - org.android.spdy.SpdySession@15ea5a37
D/accs.SpdyConnection( 1419):  spdyPingRecvCallback uniId:1486
D/accs.MessageHandler( 1419):  onRcvPing
D/accs.HeartbeatManager( 1419):  onHeartbeatSucc
D/accs.OrangeAdapter( 1419):  isSmartHb result:true
D/accs.HeartbeatManager( 1419):  set 480
I/art     (  877): Explicit concurrent mark sweep GC freed 3621(188KB) AllocSpace objects, 0(0B) LOS objects, 40% free, 9MB/15MB, paused 557us total 13.305ms
I/art     (  774): Explicit concurrent mark sweep GC freed 6478(258KB) AllocSpace objects, 0(0B) LOS objects, 33% free, 9MB/14MB, paused 473us total 15.298ms
I/art     (  877): Explicit concurrent mark sweep GC freed 3612(188KB) AllocSpace objects, 0(0B) LOS objects, 40% free, 9MB/15MB, paused 628us total 13.601ms
I/art     (  774): Explicit concurrent mark sweep GC freed 5942(234KB) AllocSpace objects, 0(0B) LOS objects, 33% free, 9MB/14MB, paused 277us total 15.190ms
I/art     (  877): Explicit concurrent mark sweep GC freed 3621(188KB) AllocSpace objects, 0(0B) LOS objects, 40% free, 9MB/15MB, paused 407us total 12.513ms
I/art     (  774): Explicit concurrent mark sweep GC freed 6796(273KB) AllocSpace objects, 0(0B) LOS objects, 33% free, 9MB/14MB, paused 915us total 17.080ms
I/art     (  877): Explicit concurrent mark sweep GC freed 3622(188KB) AllocSpace objects, 0(0B) LOS objects, 40% free, 9MB/15MB, paused 312us total 12.450ms
I/tnet-jni( 1467): 104 - [spdyPingRecvCallback] - 
I/tnet-jni( 1467): 104 - [SpdySessionCallBack.spdyPingRecvCallback] - org.android.spdy.SpdySession@26860312
D/accs.SilenceConn_umeng:56aadbf567e58e38d4000976( 1467):  spdyPingRecvCallback uniId:1486
D/accs.MsgRecv_umeng:56aadbf567e58e38d4000976( 1467):  onRcvPing
D/accs.HeartbeatManager( 1467):  onHeartbeatSucc
D/accs.OrangeAdapter( 1467):  isSmartHb result:true
D/accs.HeartbeatManager( 1467):  set 480
I/art     (  774): Explicit concurrent mark sweep GC freed 6850(297KB) AllocSpace objects, 0(0B) LOS objects, 33% free, 9MB/14MB, paused 571us total 14.790ms
I/art     (  877): Explicit concurrent mark sweep GC freed 3621(188KB) AllocSpace objects, 0(0B) LOS objects, 40% free, 9MB/15MB, paused 449us total 14.168ms
I/art     (  774): Explicit concurrent mark sweep GC freed 6435(257KB) AllocSpace objects, 0(0B) LOS objects, 33% free, 9MB/14MB, paused 483us total 14.906ms
I/art     (  877): Explicit concurrent mark sweep GC freed 3612(188KB) AllocSpace objects, 0(0B) LOS objects, 39% free, 9MB/15MB, paused 750us total 16.978ms
D/awcn.DefaultHeartbeatImpl( 1574): |[seq:umeng:56aadbf567e58e38d4000976.AWCN1_1] heartbeat session:Session@[umeng:56aadbf567e58e38d4000976.AWCN1_1|http2_0rtt_acs]
D/awcn.TnetSpdySession( 1574): |[seq:umeng:56aadbf567e58e38d4000976.AWCN1_1] ping host:https://umengacs.m.taobao.com thread:AWCN Scheduler1
D/awcn.TnetSpdySession( 1574): |[seq:umeng:56aadbf567e58e38d4000976.AWCN1_1] https://umengacs.m.taobao.com submit ping ms:45052 force:true
D/awcn.DefaultHeartbeatImpl( 1574): |[seq:umeng:56aadbf567e58e38d4000976.AWCN1_1] reSchedule session:Session@[umeng:56aadbf567e58e38d4000976.AWCN1_1|http2_0rtt_acs] delay:45052
I/awcn.TnetSpdySession( 1574): |[seq:umeng:56aadbf567e58e38d4000976.AWCN1_1] ping receive Host:https://umengacs.m.taobao.com id:6925
I/art     (  774): Explicit concurrent mark sweep GC freed 6522(260KB) AllocSpace objects, 0(0B) LOS objects, 33% free, 9MB/14MB, paused 793us total 15.691ms
I/art     (  877): Explicit concurrent mark sweep GC freed 3946(201KB) AllocSpace objects, 0(0B) LOS objects, 39% free, 9MB/15MB, paused 395us total 13.191ms
I/art     (  774): Explicit concurrent mark sweep GC freed 6372(255KB) AllocSpace objects, 0(0B) LOS objects, 33% free, 9MB/14MB, paused 757us total 15.355ms
I/art     (  877): Explicit concurrent mark sweep GC freed 3642(189KB) AllocSpace objects, 0(0B) LOS objects, 39% free, 9MB/15MB, paused 200us total 11.043ms
I/art     (  774): Explicit concurrent mark sweep GC freed 6430(256KB) AllocSpace objects, 0(0B) LOS objects, 33% free, 9MB/14MB, paused 949us total 16.521ms
I/art     (  877): Explicit concurrent mark sweep GC freed 3612(188KB) AllocSpace objects, 0(0B) LOS objects, 40% free, 9MB/15MB, paused 664us total 11.736ms
I/art     (  774): Explicit concurrent mark sweep GC freed 6433(256KB) AllocSpace objects, 0(0B) LOS objects, 33% free, 9MB/14MB, paused 614us total 16.792ms
I/art     (  877): Explicit concurrent mark sweep GC freed 3621(188KB) AllocSpace objects, 0(0B) LOS objects, 40% free, 9MB/15MB, paused 364us total 10.140ms
I/art     (  774): Explicit concurrent mark sweep GC freed 6434(257KB) AllocSpace objects, 0(0B) LOS objects, 33% free, 9MB/14MB, paused 690us total 16.210ms
I/art     (  877): Explicit concurrent mark sweep GC freed 3622(188KB) AllocSpace objects, 0(0B) LOS objects, 40% free, 9MB/15MB, paused 226us total 8.401ms
I/art     (  774): Explicit concurrent mark sweep GC freed 6332(253KB) AllocSpace objects, 0(0B) LOS objects, 33% free, 9MB/14MB, paused 658us total 19.294ms
I/art     (  877): Explicit concurrent mark sweep GC freed 3621(188KB) AllocSpace objects, 0(0B) LOS objects, 40% free, 9MB/15MB, paused 255us total 9.445ms
I/art     (  774): Explicit concurrent mark sweep GC freed 6422(255KB) AllocSpace objects, 0(0B) LOS objects, 33% free, 9MB/14MB, paused 719us total 16.393ms
I/art     (  877): Explicit concurrent mark sweep GC freed 3612(188KB) AllocSpace objects, 0(0B) LOS objects, 40% free, 9MB/15MB, paused 240us total 10.632ms
I/art     (  774): Explicit concurrent mark sweep GC freed 6433(257KB) AllocSpace objects, 0(0B) LOS objects, 33% free, 9MB/14MB, paused 1.300ms total 16.116ms
I/art     (  877): Explicit concurrent mark sweep GC freed 3621(188KB) AllocSpace objects, 0(0B) LOS objects, 40% free, 9MB/15MB, paused 315us total 9.806ms
I/art     (  774): Explicit concurrent mark sweep GC freed 6433(257KB) AllocSpace objects, 0(0B) LOS objects, 33% free, 9MB/14MB, paused 800us total 16.047ms
D/awcn.DefaultHeartbeatImpl( 1574): |[seq:umeng:56aadbf567e58e38d4000976.AWCN1_1] heartbeat session:Session@[umeng:56aadbf567e58e38d4000976.AWCN1_1|http2_0rtt_acs]
D/awcn.TnetSpdySession( 1574): |[seq:umeng:56aadbf567e58e38d4000976.AWCN1_1] ping host:https://umengacs.m.taobao.com thread:AWCN Scheduler1
D/awcn.TnetSpdySession( 1574): |[seq:umeng:56aadbf567e58e38d4000976.AWCN1_1] https://umengacs.m.taobao.com submit ping ms:45050 force:true
D/awcn.DefaultHeartbeatImpl( 1574): |[seq:umeng:56aadbf567e58e38d4000976.AWCN1_1] reSchedule session:Session@[umeng:56aadbf567e58e38d4000976.AWCN1_1|http2_0rtt_acs] delay:45050
I/awcn.TnetSpdySession( 1574): |[seq:umeng:56aadbf567e58e38d4000976.AWCN1_1] ping receive Host:https://umengacs.m.taobao.com id:6927
I/art     (  877): Explicit concurrent mark sweep GC freed 3622(188KB) AllocSpace objects, 0(0B) LOS objects, 40% free, 9MB/15MB, paused 547us total 9.562ms
I/art     (  774): Explicit concurrent mark sweep GC freed 6549(281KB) AllocSpace objects, 0(0B) LOS objects, 33% free, 9MB/14MB, paused 592us total 16.186ms
I/art     (  877): Explicit concurrent mark sweep GC freed 3621(188KB) AllocSpace objects, 0(0B) LOS objects, 40% free, 9MB/15MB, paused 346us total 13.946ms
I/art     (  774): Explicit concurrent mark sweep GC freed 6426(256KB) AllocSpace objects, 0(0B) LOS objects, 33% free, 9MB/14MB, paused 576us total 16.115ms
I/art     (  877): Explicit concurrent mark sweep GC freed 3612(188KB) AllocSpace objects, 0(0B) LOS objects, 39% free, 9MB/15MB, paused 307us total 9.053ms
I/art     (  774): Explicit concurrent mark sweep GC freed 6433(257KB) AllocSpace objects, 0(0B) LOS objects, 33% free, 9MB/14MB, paused 454us total 15.643ms
I/art     (  877): Explicit concurrent mark sweep GC freed 3947(201KB) AllocSpace objects, 0(0B) LOS objects, 39% free, 9MB/15MB, paused 203us total 9.444ms
I/art     (  774): Explicit concurrent mark sweep GC freed 6519(260KB) AllocSpace objects, 0(0B) LOS objects, 33% free, 9MB/14MB, paused 762us total 16.734ms
I/art     (  877): Explicit concurrent mark sweep GC freed 3642(189KB) AllocSpace objects, 0(0B) LOS objects, 39% free, 9MB/15MB, paused 411us total 10.007ms
I/art     (  774): Explicit concurrent mark sweep GC freed 6866(278KB) AllocSpace objects, 0(0B) LOS objects, 33% free, 9MB/14MB, paused 461us total 15.611ms
I/art     (  877): Explicit concurrent mark sweep GC freed 3621(188KB) AllocSpace objects, 0(0B) LOS objects, 39% free, 9MB/15MB, paused 446us total 9.929ms
I/art     (  774): Explicit concurrent mark sweep GC freed 5944(233KB) AllocSpace objects, 0(0B) LOS objects, 33% free, 9MB/14MB, paused 957us total 17.816ms
I/art     (  877): Explicit concurrent mark sweep GC freed 3612(188KB) AllocSpace objects, 0(0B) LOS objects, 40% free, 9MB/15MB, paused 241us total 9.631ms
I/art     (  774): Explicit concurrent mark sweep GC freed 6424(256KB) AllocSpace objects, 0(0B) LOS objects, 33% free, 9MB/14MB, paused 479us total 16.976ms
I/art     (  877): Explicit concurrent mark sweep GC freed 3621(188KB) AllocSpace objects, 0(0B) LOS objects, 40% free, 9MB/15MB, paused 187us total 10.165ms
I/art     (  774): Explicit concurrent mark sweep GC freed 6827(276KB) AllocSpace objects, 0(0B) LOS objects, 33% free, 9MB/14MB, paused 327us total 15.635ms
I/art     (  877): Explicit concurrent mark sweep GC freed 3622(188KB) AllocSpace objects, 0(0B) LOS objects, 40% free, 9MB/15MB, paused 180us total 9.994ms
D/awcn.DefaultHeartbeatImpl( 1574): |[seq:umeng:56aadbf567e58e38d4000976.AWCN1_1] heartbeat session:Session@[umeng:56aadbf567e58e38d4000976.AWCN1_1|http2_0rtt_acs]
D/awcn.TnetSpdySession( 1574): |[seq:umeng:56aadbf567e58e38d4000976.AWCN1_1] ping host:https://umengacs.m.taobao.com thread:AWCN Scheduler1
D/awcn.TnetSpdySession( 1574): |[seq:umeng:56aadbf567e58e38d4000976.AWCN1_1] https://umengacs.m.taobao.com submit ping ms:45052 force:true
D/awcn.DefaultHeartbeatImpl( 1574): |[seq:umeng:56aadbf567e58e38d4000976.AWCN1_1] reSchedule session:Session@[umeng:56aadbf567e58e38d4000976.AWCN1_1|http2_0rtt_acs] delay:45052
I/awcn.TnetSpdySession( 1574): |[seq:umeng:56aadbf567e58e38d4000976.AWCN1_1] ping receive Host:https://umengacs.m.taobao.com id:6929
I/art     (  774): Explicit concurrent mark sweep GC freed 6431(256KB) AllocSpace objects, 0(0B) LOS objects, 33% free, 9MB/14MB, paused 739us total 26.500ms
I/art     (  877): Explicit concurrent mark sweep GC freed 3612(188KB) AllocSpace objects, 0(0B) LOS objects, 40% free, 9MB/15MB, paused 184us total 10.131ms
I/art     (  774): Explicit concurrent mark sweep GC freed 5942(234KB) AllocSpace objects, 0(0B) LOS objects, 33% free, 9MB/14MB, paused 478us total 19.083ms
I/art     (  877): Explicit concurrent mark sweep GC freed 3621(188KB) AllocSpace objects, 0(0B) LOS objects, 40% free, 9MB/15MB, paused 304us total 8.915ms
I/art     (  774): Explicit concurrent mark sweep GC freed 6424(256KB) AllocSpace objects, 0(0B) LOS objects, 33% free, 9MB/14MB, paused 334us total 14.686ms
I/art     (  877): Explicit concurrent mark sweep GC freed 3622(188KB) AllocSpace objects, 0(0B) LOS objects, 40% free, 9MB/15MB, paused 251us total 11.577ms
I/art     (  774): Explicit concurrent mark sweep GC freed 7040(304KB) AllocSpace objects, 0(0B) LOS objects, 33% free, 9MB/14MB, paused 256us total 16.081ms
I/art     (  877): Explicit concurrent mark sweep GC freed 3621(188KB) AllocSpace objects, 0(0B) LOS objects, 40% free, 9MB/15MB, paused 337us total 10.032ms
I/art     (  774): Explicit concurrent mark sweep GC freed 6475(257KB) AllocSpace objects, 0(0B) LOS objects, 33% free, 9MB/14MB, paused 338us total 18.807ms
I/art     (  877): Explicit concurrent mark sweep GC freed 3612(188KB) AllocSpace objects, 0(0B) LOS objects, 39% free, 9MB/15MB, paused 369us total 9.577ms
I/art     (  774): Explicit concurrent mark sweep GC freed 5982(236KB) AllocSpace objects, 0(0B) LOS objects, 33% free, 9MB/14MB, paused 311us total 15.429ms
I/art     (  877): Explicit concurrent mark sweep GC freed 3947(201KB) AllocSpace objects, 0(0B) LOS objects, 39% free, 9MB/15MB, paused 378us total 9.851ms
I/art     (  774): Explicit concurrent mark sweep GC freed 6514(259KB) AllocSpace objects, 0(0B) LOS objects, 33% free, 9MB/14MB, paused 475us total 15.310ms
I/art     (  877): Explicit concurrent mark sweep GC freed 3642(189KB) AllocSpace objects, 0(0B) LOS objects, 39% free, 9MB/15MB, paused 235us total 9.536ms
I/art     (  774): Explicit concurrent mark sweep GC freed 6866(278KB) AllocSpace objects, 0(0B) LOS objects, 33% free, 9MB/14MB, paused 656us total 18.778ms
I/art     (  877): Explicit concurrent mark sweep GC freed 3621(188KB) AllocSpace objects, 0(0B) LOS objects, 39% free, 9MB/15MB, paused 374us total 9.810ms
I/art     (  774): Explicit concurrent mark sweep GC freed 6435(256KB) AllocSpace objects, 0(0B) LOS objects, 33% free, 9MB/14MB, paused 387us total 16.147ms
D/awcn.DefaultHeartbeatImpl( 1574): |[seq:umeng:56aadbf567e58e38d4000976.AWCN1_1] heartbeat session:Session@[umeng:56aadbf567e58e38d4000976.AWCN1_1|http2_0rtt_acs]
D/awcn.TnetSpdySession( 1574): |[seq:umeng:56aadbf567e58e38d4000976.AWCN1_1] ping host:https://umengacs.m.taobao.com thread:AWCN Scheduler1
D/awcn.TnetSpdySession( 1574): |[seq:umeng:56aadbf567e58e38d4000976.AWCN1_1] https://umengacs.m.taobao.com submit ping ms:45050 force:true
D/awcn.DefaultHeartbeatImpl( 1574): |[seq:umeng:56aadbf567e58e38d4000976.AWCN1_1] reSchedule session:Session@[umeng:56aadbf567e58e38d4000976.AWCN1_1|http2_0rtt_acs] delay:45050
I/awcn.TnetSpdySession( 1574): |[seq:umeng:56aadbf567e58e38d4000976.AWCN1_1] ping receive Host:https://umengacs.m.taobao.com id:6931
I/art     (  877): Explicit concurrent mark sweep GC freed 3612(188KB) AllocSpace objects, 0(0B) LOS objects, 40% free, 9MB/15MB, paused 266us total 10.125ms
I/art     (  774): Explicit concurrent mark sweep GC freed 6434(257KB) AllocSpace objects, 0(0B) LOS objects, 33% free, 9MB/14MB, paused 768us total 24.821ms
I/art     (  877): Explicit concurrent mark sweep GC freed 3621(188KB) AllocSpace objects, 0(0B) LOS objects, 40% free, 9MB/15MB, paused 216us total 11.029ms
I/art     (  774): Explicit concurrent mark sweep GC freed 5942(234KB) AllocSpace objects, 0(0B) LOS objects, 33% free, 9MB/14MB, paused 518us total 24.650ms
I/art     (  877): Explicit concurrent mark sweep GC freed 3622(188KB) AllocSpace objects, 0(0B) LOS objects, 40% free, 9MB/15MB, paused 189us total 10.575ms
I/art     (  774): Explicit concurrent mark sweep GC freed 7749(316KB) AllocSpace objects, 0(0B) LOS objects, 33% free, 9MB/14MB, paused 390us total 24.077ms
I/art     (  877): Explicit concurrent mark sweep GC freed 3621(188KB) AllocSpace objects, 0(0B) LOS objects, 40% free, 9MB/15MB, paused 177us total 9.754ms
I/art     (  774): Explicit concurrent mark sweep GC freed 6462(258KB) AllocSpace objects, 0(0B) LOS objects, 33% free, 9MB/14MB, paused 739us total 24.183ms
I/art     (  877): Explicit concurrent mark sweep GC freed 3612(188KB) AllocSpace objects, 0(0B) LOS objects, 40% free, 9MB/15MB, paused 180us total 8.892ms
I/art     (  774): Explicit concurrent mark sweep GC freed 6433(257KB) AllocSpace objects, 0(0B) LOS objects, 33% free, 9MB/14MB, paused 667us total 24.891ms
I/art     (  877): Explicit concurrent mark sweep GC freed 3621(188KB) AllocSpace objects, 0(0B) LOS objects, 40% free, 9MB/15MB, paused 212us total 11.739ms
I/art     (  774): Explicit concurrent mark sweep GC freed 6549(281KB) AllocSpace objects, 0(0B) LOS objects, 33% free, 9MB/14MB, paused 504us total 26.035ms
I/art     (  877): Explicit concurrent mark sweep GC freed 3622(188KB) AllocSpace objects, 0(0B) LOS objects, 40% free, 9MB/15MB, paused 228us total 8.726ms
I/art     (  774): Explicit concurrent mark sweep GC freed 6429(256KB) AllocSpace objects, 0(0B) LOS objects, 33% free, 9MB/14MB, paused 383us total 20.929ms
D/NetworkMonitor/NetworkAgentInfo [WIFI () - 100](  774): OfflineState{ when=-6ms what=532488 arg2=1 target=com.android.internal.util.StateMachine$SmHandler }
D/NetworkMonitor/NetworkAgentInfo [WIFI () - 100](  774): DefaultState{ when=-6ms what=532488 arg2=1 target=com.android.internal.util.StateMachine$SmHandler }
D/NetworkMonitor/NetworkAgentInfo [WIFI () - 100](  774): Forcing reevaluation
D/NetworkMonitor/NetworkAgentInfo [WIFI () - 100](  774): EvaluatingState{ when=0 what=532486 arg1=259 target=com.android.internal.util.StateMachine$SmHandler }
D/NetworkMonitor/NetworkAgentInfo [WIFI () - 100](  774): Checking http://connectivitycheck.android.com/generate_204 on "WiredSSID"
I/art     (  877): Explicit concurrent mark sweep GC freed 3612(188KB) AllocSpace objects, 0(0B) LOS objects, 39% free, 9MB/15MB, paused 177us total 9.686ms
I/art     (  774): Explicit concurrent mark sweep GC freed 6611(266KB) AllocSpace objects, 0(0B) LOS objects, 33% free, 9MB/14MB, paused 601us total 16.863ms
I/art     (  877): Explicit concurrent mark sweep GC freed 3947(201KB) AllocSpace objects, 0(0B) LOS objects, 39% free, 9MB/15MB, paused 435us total 11.038ms
D/awcn.DefaultHeartbeatImpl( 1574): |[seq:umeng:56aadbf567e58e38d4000976.AWCN1_1] heartbeat session:Session@[umeng:56aadbf567e58e38d4000976.AWCN1_1|http2_0rtt_acs]
D/awcn.TnetSpdySession( 1574): |[seq:umeng:56aadbf567e58e38d4000976.AWCN1_1] ping host:https://umengacs.m.taobao.com thread:AWCN Scheduler1
D/awcn.TnetSpdySession( 1574): |[seq:umeng:56aadbf567e58e38d4000976.AWCN1_1] https://umengacs.m.taobao.com submit ping ms:45051 force:true
D/awcn.DefaultHeartbeatImpl( 1574): |[seq:umeng:56aadbf567e58e38d4000976.AWCN1_1] reSchedule session:Session@[umeng:56aadbf567e58e38d4000976.AWCN1_1|http2_0rtt_acs] delay:45051
I/awcn.TnetSpdySession( 1574): |[seq:umeng:56aadbf567e58e38d4000976.AWCN1_1] ping receive Host:https://umengacs.m.taobao.com id:6933
I/art     (  774): Explicit concurrent mark sweep GC freed 6519(260KB) AllocSpace objects, 0(0B) LOS objects, 33% free, 9MB/14MB, paused 265us total 15.343ms
I/tnet-jni( 1419): 101 - [spdyPingRecvCallback] - 
I/tnet-jni( 1419): 101 - [SpdySessionCallBack.spdyPingRecvCallback] - org.android.spdy.SpdySession@15ea5a37
D/accs.SpdyConnection( 1419):  spdyPingRecvCallback uniId:1488
D/accs.MessageHandler( 1419):  onRcvPing
D/accs.HeartbeatManager( 1419):  onHeartbeatSucc
D/accs.OrangeAdapter( 1419):  isSmartHb result:true
D/accs.HeartbeatManager( 1419):  set 480
D/accs.UtilityImpl( 1419):  setServiceTime:1512351421933
D/NetworkMonitor/NetworkAgentInfo [WIFI () - 100](  774): Probably not a portal: exception java.net.SocketTimeoutException: failed to connect to connectivitycheck.android.com/216.58.200.238 (port 80) after 10000ms
D/ConnectivityService(  774): setProvNotificationVisibleIntent: E visible=false networkType=0 extraInfo=null
I/art     (  877): Explicit concurrent mark sweep GC freed 3642(189KB) AllocSpace objects, 0(0B) LOS objects, 39% free, 9MB/15MB, paused 480us total 9.899ms
I/art     (  774): Explicit concurrent mark sweep GC freed 6796(278KB) AllocSpace objects, 0(0B) LOS objects, 33% free, 9MB/14MB, paused 297us total 15.319ms
I/art     (  877): Explicit concurrent mark sweep GC freed 3621(188KB) AllocSpace objects, 0(0B) LOS objects, 39% free, 9MB/15MB, paused 371us total 9.727ms
I/art     (  774): Explicit concurrent mark sweep GC freed 6450(256KB) AllocSpace objects, 0(0B) LOS objects, 33% free, 9MB/14MB, paused 283us total 16.619ms
I/art     (  877): Explicit concurrent mark sweep GC freed 3612(188KB) AllocSpace objects, 0(0B) LOS objects, 40% free, 9MB/15MB, paused 352us total 10.471ms
I/art     (  774): Explicit concurrent mark sweep GC freed 6433(257KB) AllocSpace objects, 0(0B) LOS objects, 33% free, 9MB/14MB, paused 408us total 14.840ms
I/tnet-jni( 1467): 104 - [spdyPingRecvCallback] - 
I/tnet-jni( 1467): 104 - [SpdySessionCallBack.spdyPingRecvCallback] - org.android.spdy.SpdySession@26860312
D/accs.SilenceConn_umeng:56aadbf567e58e38d4000976( 1467):  spdyPingRecvCallback uniId:1488
D/accs.MsgRecv_umeng:56aadbf567e58e38d4000976( 1467):  onRcvPing
D/accs.HeartbeatManager( 1467):  onHeartbeatSucc
D/accs.OrangeAdapter( 1467):  isSmartHb result:true
D/accs.HeartbeatManager( 1467):  set 480
D/accs.UtilityImpl( 1467):  setServiceTime:1512351439172
I/art     (  877): Explicit concurrent mark sweep GC freed 3621(188KB) AllocSpace objects, 0(0B) LOS objects, 40% free, 9MB/15MB, paused 422us total 9.854ms
I/art     (  774): Explicit concurrent mark sweep GC freed 6609(267KB) AllocSpace objects, 0(0B) LOS objects, 33% free, 9MB/14MB, paused 318us total 15.506ms
I/art     (  877): Explicit concurrent mark sweep GC freed 3622(188KB) AllocSpace objects, 0(0B) LOS objects, 40% free, 9MB/15MB, paused 196us total 9.662ms
I/art     (  774): Explicit concurrent mark sweep GC freed 6824(275KB) AllocSpace objects, 0(0B) LOS objects, 33% free, 9MB/14MB, paused 396us total 15.013ms
I/art     (  877): Explicit concurrent mark sweep GC freed 3621(188KB) AllocSpace objects, 0(0B) LOS objects, 40% free, 9MB/15MB, paused 341us total 10.218ms
I/art     (  774): Explicit concurrent mark sweep GC freed 5940(234KB) AllocSpace objects, 0(0B) LOS objects, 33% free, 9MB/14MB, paused 326us total 15.236ms
I/art     (  877): Explicit concurrent mark sweep GC freed 3612(188KB) AllocSpace objects, 0(0B) LOS objects, 40% free, 9MB/15MB, paused 223us total 9.619ms
I/art     (  774): Explicit concurrent mark sweep GC freed 6424(256KB) AllocSpace objects, 0(0B) LOS objects, 33% free, 9MB/14MB, paused 287us total 14.831ms
I/art     (  877): Explicit concurrent mark sweep GC freed 3621(188KB) AllocSpace objects, 0(0B) LOS objects, 40% free, 9MB/15MB, paused 174us total 9.372ms
I/art     (  774): Explicit concurrent mark sweep GC freed 6433(257KB) AllocSpace objects, 0(0B) LOS objects, 33% free, 9MB/14MB, paused 254us total 15.429ms
D/awcn.DefaultHeartbeatImpl( 1574): |[seq:umeng:56aadbf567e58e38d4000976.AWCN1_1] heartbeat session:Session@[umeng:56aadbf567e58e38d4000976.AWCN1_1|http2_0rtt_acs]
D/awcn.TnetSpdySession( 1574): |[seq:umeng:56aadbf567e58e38d4000976.AWCN1_1] ping host:https://umengacs.m.taobao.com thread:AWCN Scheduler1
D/awcn.TnetSpdySession( 1574): |[seq:umeng:56aadbf567e58e38d4000976.AWCN1_1] https://umengacs.m.taobao.com submit ping ms:45051 force:true
D/awcn.DefaultHeartbeatImpl( 1574): |[seq:umeng:56aadbf567e58e38d4000976.AWCN1_1] reSchedule session:Session@[umeng:56aadbf567e58e38d4000976.AWCN1_1|http2_0rtt_acs] delay:45051
I/awcn.TnetSpdySession( 1574): |[seq:umeng:56aadbf567e58e38d4000976.AWCN1_1] ping receive Host:https://umengacs.m.taobao.com id:6935
I/art     (  877): Explicit concurrent mark sweep GC freed 3622(188KB) AllocSpace objects, 0(0B) LOS objects, 40% free, 9MB/15MB, paused 178us total 9.421ms
I/art     (  774): Explicit concurrent mark sweep GC freed 7040(303KB) AllocSpace objects, 0(0B) LOS objects, 33% free, 9MB/14MB, paused 553us total 16.021ms
I/art     (  877): Explicit concurrent mark sweep GC freed 3621(188KB) AllocSpace objects, 0(0B) LOS objects, 40% free, 9MB/15MB, paused 171us total 8.956ms
I/art     (  774): Explicit concurrent mark sweep GC freed 5953(234KB) AllocSpace objects, 0(0B) LOS objects, 33% free, 9MB/14MB, paused 262us total 17.153ms
I/art     (  877): Explicit concurrent mark sweep GC freed 3612(188KB) AllocSpace objects, 0(0B) LOS objects, 39% free, 9MB/15MB, paused 176us total 9.580ms
I/art     (  774): Explicit concurrent mark sweep GC freed 6510(259KB) AllocSpace objects, 0(0B) LOS objects, 33% free, 9MB/14MB, paused 363us total 14.914ms
I/art     (  877): Explicit concurrent mark sweep GC freed 3947(201KB) AllocSpace objects, 0(0B) LOS objects, 39% free, 9MB/15MB, paused 200us total 9.074ms
I/art     (  774): Explicit concurrent mark sweep GC freed 6843(276KB) AllocSpace objects, 0(0B) LOS objects, 33% free, 9MB/14MB, paused 260us total 16.820ms
I/art     (  877): Explicit concurrent mark sweep GC freed 3642(189KB) AllocSpace objects, 0(0B) LOS objects, 39% free, 9MB/15MB, paused 207us total 10.504ms
I/art     (  774): Explicit concurrent mark sweep GC freed 6460(258KB) AllocSpace objects, 0(0B) LOS objects, 33% free, 9MB/14MB, paused 444us total 15.223ms
I/art     (  877): Explicit concurrent mark sweep GC freed 3621(188KB) AllocSpace objects, 0(0B) LOS objects, 39% free, 9MB/15MB, paused 170us total 8.962ms
I/art     (  774): Explicit concurrent mark sweep GC freed 5943(234KB) AllocSpace objects, 0(0B) LOS objects, 33% free, 9MB/14MB, paused 351us total 14.700ms
I/art     (  877): Explicit concurrent mark sweep GC freed 3612(188KB) AllocSpace objects, 0(0B) LOS objects, 40% free, 9MB/15MB, paused 180us total 9.943ms
I/art     (  774): Explicit concurrent mark sweep GC freed 6425(256KB) AllocSpace objects, 0(0B) LOS objects, 33% free, 9MB/14MB, paused 411us total 15.057ms
I/art     (  877): Explicit concurrent mark sweep GC freed 3621(188KB) AllocSpace objects, 0(0B) LOS objects, 40% free, 9MB/15MB, paused 184us total 9.619ms
I/art     (  774): Explicit concurrent mark sweep GC freed 6824(275KB) AllocSpace objects, 0(0B) LOS objects, 33% free, 9MB/14MB, paused 404us total 15.487ms
D/awcn.DefaultHeartbeatImpl( 1574): |[seq:umeng:56aadbf567e58e38d4000976.AWCN1_1] heartbeat session:Session@[umeng:56aadbf567e58e38d4000976.AWCN1_1|http2_0rtt_acs]
D/awcn.TnetSpdySession( 1574): |[seq:umeng:56aadbf567e58e38d4000976.AWCN1_1] ping host:https://umengacs.m.taobao.com thread:AWCN Scheduler1
D/awcn.TnetSpdySession( 1574): |[seq:umeng:56aadbf567e58e38d4000976.AWCN1_1] https://umengacs.m.taobao.com submit ping ms:45050 force:true
D/awcn.DefaultHeartbeatImpl( 1574): |[seq:umeng:56aadbf567e58e38d4000976.AWCN1_1] reSchedule session:Session@[umeng:56aadbf567e58e38d4000976.AWCN1_1|http2_0rtt_acs] delay:45050
I/awcn.TnetSpdySession( 1574): |[seq:umeng:56aadbf567e58e38d4000976.AWCN1_1] ping receive Host:https://umengacs.m.taobao.com id:6937
I/art     (  877): Explicit concurrent mark sweep GC freed 3622(188KB) AllocSpace objects, 0(0B) LOS objects, 40% free, 9MB/15MB, paused 371us total 10.130ms
I/art     (  774): Explicit concurrent mark sweep GC freed 6431(256KB) AllocSpace objects, 0(0B) LOS objects, 33% free, 9MB/14MB, paused 541us total 15.352ms
I/art     (  877): Explicit concurrent mark sweep GC freed 3612(188KB) AllocSpace objects, 0(0B) LOS objects, 40% free, 9MB/15MB, paused 463us total 10.560ms
I/art     (  774): Explicit concurrent mark sweep GC freed 6433(257KB) AllocSpace objects, 0(0B) LOS objects, 33% free, 9MB/14MB, paused 246us total 14.882ms
I/art     (  877): Explicit concurrent mark sweep GC freed 3621(188KB) AllocSpace objects, 0(0B) LOS objects, 40% free, 9MB/15MB, paused 390us total 8.973ms
I/art     (  774): Explicit concurrent mark sweep GC freed 5942(234KB) AllocSpace objects, 0(0B) LOS objects, 33% free, 9MB/14MB, paused 803us total 20.394ms
I/art     (  877): Explicit concurrent mark sweep GC freed 3622(188KB) AllocSpace objects, 0(0B) LOS objects, 40% free, 9MB/15MB, paused 245us total 9.985ms
I/art     (  774): Explicit concurrent mark sweep GC freed 7031(303KB) AllocSpace objects, 0(0B) LOS objects, 33% free, 9MB/14MB, paused 247us total 15.866ms
I/art     (  877): Explicit concurrent mark sweep GC freed 3621(188KB) AllocSpace objects, 0(0B) LOS objects, 40% free, 9MB/15MB, paused 252us total 9.711ms
I/art     (  774): Explicit concurrent mark sweep GC freed 6435(257KB) AllocSpace objects, 0(0B) LOS objects, 33% free, 9MB/14MB, paused 523us total 16.109ms
