I/art     (  774): Explicit concurrent mark sweep GC freed 7181(294KB) AllocSpace objects, 0(0B) LOS objects, 33% free, 9MB/14MB, paused 444us total 16.553ms
I/art     (  877): Explicit concurrent mark sweep GC freed 3621(188KB) AllocSpace objects, 0(0B) LOS objects, 40% free, 9MB/15MB, paused 464us total 11.122ms
I/tnet-jni( 1467): 104 - [spdyPingRecvCallback] - 
I/tnet-jni( 1467): 104 - [SpdySessionCallBack.spdyPingRecvCallback] - org.android.spdy.SpdySession@26860312
D/accs.SilenceConn_umeng:56aadbf567e58e38d4000976( 1467):  spdyPingRecvCallback uniId:1668
D/accs.MsgRecv_umeng:56aadbf567e58e38d4000976( 1467):  onRcvPing
D/accs.HeartbeatManager( 1467):  onHeartbeatSucc
D/accs.OrangeAdapter( 1467):  isSmartHb result:true
D/accs.HeartbeatManager( 1467):  set 480
D/accs.UtilityImpl( 1467):  setServiceTime:1512370340912
D/awcn.DefaultHeartbeatImpl( 1574): |[seq:umeng:56aadbf567e58e38d4000976.AWCN1_1] heartbeat session:Session@[umeng:56aadbf567e58e38d4000976.AWCN1_1|http2_0rtt_acs]
D/awcn.TnetSpdySession( 1574): |[seq:umeng:56aadbf567e58e38d4000976.AWCN1_1] ping host:https://umengacs.m.taobao.com thread:AWCN Scheduler1
D/awcn.TnetSpdySession( 1574): |[seq:umeng:56aadbf567e58e38d4000976.AWCN1_1] https://umengacs.m.taobao.com submit ping ms:45050 force:true
D/awcn.DefaultHeartbeatImpl( 1574): |[seq:umeng:56aadbf567e58e38d4000976.AWCN1_1] reSchedule session:Session@[umeng:56aadbf567e58e38d4000976.AWCN1_1|http2_0rtt_acs] delay:45050
I/awcn.TnetSpdySession( 1574): |[seq:umeng:56aadbf567e58e38d4000976.AWCN1_1] ping receive Host:https://umengacs.m.taobao.com id:7773
I/art     (  774): Explicit concurrent mark sweep GC freed 6641(268KB) AllocSpace objects, 0(0B) LOS objects, 33% free, 9MB/14MB, paused 427us total 16.123ms
I/art     (  877): Explicit concurrent mark sweep GC freed 3621(188KB) AllocSpace objects, 0(0B) LOS objects, 40% free, 9MB/15MB, paused 411us total 9.137ms
I/art     (  774): Explicit concurrent mark sweep GC freed 5961(235KB) AllocSpace objects, 0(0B) LOS objects, 33% free, 9MB/14MB, paused 297us total 16.114ms
I/art     (  877): Explicit concurrent mark sweep GC freed 3622(188KB) AllocSpace objects, 0(0B) LOS objects, 40% free, 9MB/15MB, paused 309us total 10.596ms
I/art     (  774): Explicit concurrent mark sweep GC freed 6422(256KB) AllocSpace objects, 0(0B) LOS objects, 33% free, 9MB/14MB, paused 308us total 17.864ms
I/art     (  877): Explicit concurrent mark sweep GC freed 3612(188KB) AllocSpace objects, 0(0B) LOS objects, 39% free, 9MB/15MB, paused 288us total 10.817ms
I/art     (  774): Explicit concurrent mark sweep GC freed 6804(273KB) AllocSpace objects, 0(0B) LOS objects, 33% free, 9MB/14MB, paused 567us total 23.596ms
I/art     (  877): Explicit concurrent mark sweep GC freed 3621(188KB) AllocSpace objects, 0(0B) LOS objects, 39% free, 9MB/15MB, paused 791us total 11.621ms
D/Genyd   (  117): Received Set Clipboard
D/Genymotion(  117): Received Set Clipboard
D/Genyd   (  117): Received Set Clipboard
D/Genymotion(  117): Received Set Clipboard
D/Genyd   (  117): Received Set Clipboard
D/Genymotion(  117): Received Set Clipboard
D/Genyd   (  117): Received Set Clipboard
D/Genymotion(  117): Received Set Clipboard
D/Genyd   (  117): Received Set Clipboard
D/Genymotion(  117): Received Set Clipboard
D/Genyd   (  117): Received Set Clipboard
D/Genymotion(  117): Received Set Clipboard
D/Genyd   (  117): Received Set Clipboard
D/Genymotion(  117): Received Set Clipboard
D/Genyd   (  117): Received Set Clipboard
D/Genymotion(  117): Received Set Clipboard
I/art     (  774): Explicit concurrent mark sweep GC freed 7017(287KB) AllocSpace objects, 0(0B) LOS objects, 33% free, 9MB/14MB, paused 710us total 21.122ms
I/art     (  877): Explicit concurrent mark sweep GC freed 3621(188KB) AllocSpace objects, 0(0B) LOS objects, 39% free, 9MB/15MB, paused 311us total 10.325ms
I/art     (  774): Explicit concurrent mark sweep GC freed 6668(287KB) AllocSpace objects, 0(0B) LOS objects, 33% free, 9MB/14MB, paused 303us total 16.431ms
I/art     (  877): Explicit concurrent mark sweep GC freed 3622(188KB) AllocSpace objects, 0(0B) LOS objects, 39% free, 9MB/15MB, paused 212us total 14.995ms
I/art     (  774): Explicit concurrent mark sweep GC freed 6316(251KB) AllocSpace objects, 0(0B) LOS objects, 33% free, 9MB/14MB, paused 251us total 16.694ms
I/art     (  877): Explicit concurrent mark sweep GC freed 3612(188KB) AllocSpace objects, 0(0B) LOS objects, 39% free, 9MB/15MB, paused 184us total 9.799ms
I/art     (  774): Explicit concurrent mark sweep GC freed 6510(259KB) AllocSpace objects, 0(0B) LOS objects, 33% free, 9MB/14MB, paused 283us total 16.067ms
I/art     (  877): Explicit concurrent mark sweep GC freed 3947(201KB) AllocSpace objects, 0(0B) LOS objects, 39% free, 9MB/15MB, paused 296us total 10.184ms
I/art     (  774): Explicit concurrent mark sweep GC freed 6474(259KB) AllocSpace objects, 0(0B) LOS objects, 33% free, 9MB/14MB, paused 250us total 15.695ms
I/art     (  877): Explicit concurrent mark sweep GC freed 3641(189KB) AllocSpace objects, 0(0B) LOS objects, 39% free, 9MB/15MB, paused 270us total 13.201ms
D/awcn.DefaultHeartbeatImpl( 1574): |[seq:umeng:56aadbf567e58e38d4000976.AWCN1_1] heartbeat session:Session@[umeng:56aadbf567e58e38d4000976.AWCN1_1|http2_0rtt_acs]
D/awcn.TnetSpdySession( 1574): |[seq:umeng:56aadbf567e58e38d4000976.AWCN1_1] ping host:https://umengacs.m.taobao.com thread:AWCN Scheduler1
D/awcn.TnetSpdySession( 1574): |[seq:umeng:56aadbf567e58e38d4000976.AWCN1_1] https://umengacs.m.taobao.com submit ping ms:45051 force:true
D/awcn.DefaultHeartbeatImpl( 1574): |[seq:umeng:56aadbf567e58e38d4000976.AWCN1_1] reSchedule session:Session@[umeng:56aadbf567e58e38d4000976.AWCN1_1|http2_0rtt_acs] delay:45051
I/awcn.TnetSpdySession( 1574): |[seq:umeng:56aadbf567e58e38d4000976.AWCN1_1] ping receive Host:https://umengacs.m.taobao.com id:7775
I/art     (  774): Explicit concurrent mark sweep GC freed 6469(259KB) AllocSpace objects, 0(0B) LOS objects, 33% free, 9MB/14MB, paused 309us total 15.608ms
I/art     (  877): Explicit concurrent mark sweep GC freed 3622(188KB) AllocSpace objects, 0(0B) LOS objects, 39% free, 9MB/15MB, paused 175us total 11.195ms
I/art     (  774): Explicit concurrent mark sweep GC freed 6312(251KB) AllocSpace objects, 0(0B) LOS objects, 33% free, 9MB/14MB, paused 948us total 29.359ms
I/art     (  877): Explicit concurrent mark sweep GC freed 3612(188KB) AllocSpace objects, 0(0B) LOS objects, 40% free, 9MB/15MB, paused 377us total 13.844ms
I/art     (  774): Explicit concurrent mark sweep GC freed 6424(256KB) AllocSpace objects, 0(0B) LOS objects, 33% free, 9MB/14MB, paused 777us total 26.806ms
I/art     (  877): Explicit concurrent mark sweep GC freed 3621(188KB) AllocSpace objects, 0(0B) LOS objects, 40% free, 9MB/15MB, paused 1.750ms total 42.010ms
I/art     (  774): Explicit concurrent mark sweep GC freed 6452(258KB) AllocSpace objects, 0(0B) LOS objects, 33% free, 9MB/14MB, paused 514us total 28.201ms
I/art     (  877): Explicit concurrent mark sweep GC freed 3622(188KB) AllocSpace objects, 0(0B) LOS objects, 40% free, 9MB/15MB, paused 552us total 17.150ms
I/art     (  774): Explicit concurrent mark sweep GC freed 6431(256KB) AllocSpace objects, 0(0B) LOS objects, 33% free, 9MB/14MB, paused 249us total 16.849ms
I/art     (  877): Explicit concurrent mark sweep GC freed 3612(188KB) AllocSpace objects, 0(0B) LOS objects, 39% free, 9MB/15MB, paused 742us total 16.270ms
I/art     (  774): Explicit concurrent mark sweep GC freed 6805(273KB) AllocSpace objects, 0(0B) LOS objects, 33% free, 9MB/14MB, paused 301us total 20.655ms
I/art     (  877): Explicit concurrent mark sweep GC freed 3621(188KB) AllocSpace objects, 0(0B) LOS objects, 39% free, 9MB/15MB, paused 978us total 21.043ms
I/art     (  774): Explicit concurrent mark sweep GC freed 5942(234KB) AllocSpace objects, 0(0B) LOS objects, 33% free, 9MB/14MB, paused 260us total 16.704ms
I/art     (  877): Explicit concurrent mark sweep GC freed 3621(188KB) AllocSpace objects, 0(0B) LOS objects, 39% free, 9MB/15MB, paused 549us total 11.163ms
I/art     (  774): Explicit concurrent mark sweep GC freed 6659(286KB) AllocSpace objects, 0(0B) LOS objects, 33% free, 9MB/14MB, paused 293us total 18.468ms
I/art     (  877): Explicit concurrent mark sweep GC freed 3622(188KB) AllocSpace objects, 0(0B) LOS objects, 39% free, 9MB/15MB, paused 390us total 9.705ms
D/Genyd   (  117): Received Set Clipboard
D/Genymotion(  117): Received Set Clipboard
D/Genyd   (  117): Received Set Clipboard
D/Genymotion(  117): Received Set Clipboard
D/Genyd   (  117): Received Set Clipboard
D/Genymotion(  117): Received Set Clipboard
D/Genyd   (  117): Received Set Clipboard
D/Genymotion(  117): Received Set Clipboard
D/Genyd   (  117): Received Set Clipboard
D/Genymotion(  117): Received Set Clipboard
D/Genyd   (  117): Received Set Clipboard
D/Genymotion(  117): Received Set Clipboard
D/awcn.DefaultHeartbeatImpl( 1574): |[seq:umeng:56aadbf567e58e38d4000976.AWCN1_1] heartbeat session:Session@[umeng:56aadbf567e58e38d4000976.AWCN1_1|http2_0rtt_acs]
D/awcn.TnetSpdySession( 1574): |[seq:umeng:56aadbf567e58e38d4000976.AWCN1_1] ping host:https://umengacs.m.taobao.com thread:AWCN Scheduler1
D/awcn.TnetSpdySession( 1574): |[seq:umeng:56aadbf567e58e38d4000976.AWCN1_1] https://umengacs.m.taobao.com submit ping ms:45050 force:true
D/awcn.DefaultHeartbeatImpl( 1574): |[seq:umeng:56aadbf567e58e38d4000976.AWCN1_1] reSchedule session:Session@[umeng:56aadbf567e58e38d4000976.AWCN1_1|http2_0rtt_acs] delay:45050
I/awcn.TnetSpdySession( 1574): |[seq:umeng:56aadbf567e58e38d4000976.AWCN1_1] ping receive Host:https://umengacs.m.taobao.com id:7777
I/art     (  774): Explicit concurrent mark sweep GC freed 6873(280KB) AllocSpace objects, 0(0B) LOS objects, 33% free, 9MB/14MB, paused 289us total 16.115ms
I/art     (  877): Explicit concurrent mark sweep GC freed 3612(188KB) AllocSpace objects, 0(0B) LOS objects, 39% free, 9MB/15MB, paused 725us total 13.506ms
I/art     (  774): Explicit concurrent mark sweep GC freed 6805(273KB) AllocSpace objects, 0(0B) LOS objects, 33% free, 9MB/14MB, paused 268us total 18.364ms
I/art     (  877): Explicit concurrent mark sweep GC freed 3621(188KB) AllocSpace objects, 0(0B) LOS objects, 39% free, 9MB/15MB, paused 624us total 13.062ms
I/art     (  774): Explicit concurrent mark sweep GC freed 6029(237KB) AllocSpace objects, 0(0B) LOS objects, 33% free, 9MB/14MB, paused 315us total 17.313ms
I/art     (  877): Explicit concurrent mark sweep GC freed 3947(201KB) AllocSpace objects, 0(0B) LOS objects, 39% free, 9MB/15MB, paused 679us total 18.279ms
I/art     (  774): Explicit concurrent mark sweep GC freed 6485(260KB) AllocSpace objects, 0(0B) LOS objects, 33% free, 9MB/14MB, paused 271us total 16.802ms
I/art     (  877): Explicit concurrent mark sweep GC freed 3642(189KB) AllocSpace objects, 0(0B) LOS objects, 39% free, 9MB/15MB, paused 217us total 11.885ms
I/art     (  774): Explicit concurrent mark sweep GC freed 6864(277KB) AllocSpace objects, 0(0B) LOS objects, 33% free, 9MB/14MB, paused 266us total 15.658ms
I/art     (  877): Explicit concurrent mark sweep GC freed 3612(188KB) AllocSpace objects, 0(0B) LOS objects, 40% free, 9MB/15MB, paused 230us total 9.872ms
I/art     (  774): Explicit concurrent mark sweep GC freed 7317(295KB) AllocSpace objects, 0(0B) LOS objects, 33% free, 9MB/14MB, paused 407us total 25.271ms
I/art     (  877): Explicit concurrent mark sweep GC freed 3621(188KB) AllocSpace objects, 0(0B) LOS objects, 40% free, 9MB/15MB, paused 250us total 11.016ms
I/art     (  774): Explicit concurrent mark sweep GC freed 6503(260KB) AllocSpace objects, 0(0B) LOS objects, 33% free, 9MB/14MB, paused 627us total 16.019ms
I/art     (  877): Explicit concurrent mark sweep GC freed 3621(188KB) AllocSpace objects, 0(0B) LOS objects, 40% free, 9MB/15MB, paused 222us total 10.195ms
I/art     (  774): Explicit concurrent mark sweep GC freed 6004(238KB) AllocSpace objects, 0(0B) LOS objects, 33% free, 9MB/14MB, paused 573us total 20.923ms
I/art     (  877): Explicit concurrent mark sweep GC freed 3622(188KB) AllocSpace objects, 0(0B) LOS objects, 40% free, 9MB/15MB, paused 411us total 10.935ms
I/art     (  774): Explicit concurrent mark sweep GC freed 6798(273KB) AllocSpace objects, 0(0B) LOS objects, 33% free, 9MB/14MB, paused 329us total 17.545ms
I/art     (  877): Explicit concurrent mark sweep GC freed 3612(188KB) AllocSpace objects, 0(0B) LOS objects, 39% free, 9MB/15MB, paused 264us total 10.153ms
D/awcn.DefaultHeartbeatImpl( 1574): |[seq:umeng:56aadbf567e58e38d4000976.AWCN1_1] heartbeat session:Session@[umeng:56aadbf567e58e38d4000976.AWCN1_1|http2_0rtt_acs]
D/awcn.TnetSpdySession( 1574): |[seq:umeng:56aadbf567e58e38d4000976.AWCN1_1] ping host:https://umengacs.m.taobao.com thread:AWCN Scheduler1
D/awcn.TnetSpdySession( 1574): |[seq:umeng:56aadbf567e58e38d4000976.AWCN1_1] https://umengacs.m.taobao.com submit ping ms:45051 force:true
D/awcn.DefaultHeartbeatImpl( 1574): |[seq:umeng:56aadbf567e58e38d4000976.AWCN1_1] reSchedule session:Session@[umeng:56aadbf567e58e38d4000976.AWCN1_1|http2_0rtt_acs] delay:45051
I/awcn.TnetSpdySession( 1574): |[seq:umeng:56aadbf567e58e38d4000976.AWCN1_1] ping receive Host:https://umengacs.m.taobao.com id:7779
I/art     (  774): Explicit concurrent mark sweep GC freed 6433(257KB) AllocSpace objects, 0(0B) LOS objects, 33% free, 9MB/14MB, paused 266us total 16.680ms
I/art     (  877): Explicit concurrent mark sweep GC freed 3621(188KB) AllocSpace objects, 0(0B) LOS objects, 39% free, 9MB/15MB, paused 695us total 13.428ms
I/art     (  774): Explicit concurrent mark sweep GC freed 6668(287KB) AllocSpace objects, 0(0B) LOS objects, 33% free, 9MB/14MB, paused 498us total 16.741ms
I/art     (  877): Explicit concurrent mark sweep GC freed 3622(188KB) AllocSpace objects, 0(0B) LOS objects, 39% free, 9MB/15MB, paused 495us total 12.509ms
I/art     (  774): Explicit concurrent mark sweep GC freed 5944(234KB) AllocSpace objects, 0(0B) LOS objects, 33% free, 9MB/14MB, paused 441us total 16.467ms
I/art     (  877): Explicit concurrent mark sweep GC freed 3612(188KB) AllocSpace objects, 0(0B) LOS objects, 39% free, 9MB/15MB, paused 492us total 13.645ms
I/art     (  774): Explicit concurrent mark sweep GC freed 6796(273KB) AllocSpace objects, 0(0B) LOS objects, 33% free, 9MB/14MB, paused 448us total 18.195ms
I/art     (  877): Explicit concurrent mark sweep GC freed 3621(188KB) AllocSpace objects, 0(0B) LOS objects, 39% free, 9MB/15MB, paused 289us total 10.579ms
I/art     (  774): Explicit concurrent mark sweep GC freed 6519(260KB) AllocSpace objects, 0(0B) LOS objects, 33% free, 9MB/14MB, paused 540us total 16.604ms
I/art     (  877): Explicit concurrent mark sweep GC freed 3946(201KB) AllocSpace objects, 0(0B) LOS objects, 39% free, 9MB/15MB, paused 366us total 9.410ms
I/art     (  774): Explicit concurrent mark sweep GC freed 6494(261KB) AllocSpace objects, 0(0B) LOS objects, 33% free, 9MB/14MB, paused 261us total 16.331ms
I/art     (  877): Explicit concurrent mark sweep GC freed 3642(189KB) AllocSpace objects, 0(0B) LOS objects, 39% free, 9MB/15MB, paused 307us total 9.371ms
I/art     (  774): Explicit concurrent mark sweep GC freed 5944(234KB) AllocSpace objects, 0(0B) LOS objects, 33% free, 9MB/14MB, paused 249us total 16.772ms
I/art     (  877): Explicit concurrent mark sweep GC freed 3612(188KB) AllocSpace objects, 0(0B) LOS objects, 40% free, 9MB/15MB, paused 248us total 11.237ms
I/art     (  774): Explicit concurrent mark sweep GC freed 6796(273KB) AllocSpace objects, 0(0B) LOS objects, 33% free, 9MB/14MB, paused 387us total 17.010ms
I/art     (  877): Explicit concurrent mark sweep GC freed 3621(188KB) AllocSpace objects, 0(0B) LOS objects, 40% free, 9MB/15MB, paused 397us total 9.704ms
D/awcn.DefaultHeartbeatImpl( 1574): |[seq:umeng:56aadbf567e58e38d4000976.AWCN1_1] heartbeat session:Session@[umeng:56aadbf567e58e38d4000976.AWCN1_1|http2_0rtt_acs]
D/awcn.TnetSpdySession( 1574): |[seq:umeng:56aadbf567e58e38d4000976.AWCN1_1] ping host:https://umengacs.m.taobao.com thread:AWCN Scheduler1
D/awcn.TnetSpdySession( 1574): |[seq:umeng:56aadbf567e58e38d4000976.AWCN1_1] https://umengacs.m.taobao.com submit ping ms:45052 force:true
D/awcn.DefaultHeartbeatImpl( 1574): |[seq:umeng:56aadbf567e58e38d4000976.AWCN1_1] reSchedule session:Session@[umeng:56aadbf567e58e38d4000976.AWCN1_1|http2_0rtt_acs] delay:45052
I/awcn.TnetSpdySession( 1574): |[seq:umeng:56aadbf567e58e38d4000976.AWCN1_1] ping receive Host:https://umengacs.m.taobao.com id:7781
I/art     (  774): Explicit concurrent mark sweep GC freed 6433(257KB) AllocSpace objects, 0(0B) LOS objects, 33% free, 9MB/14MB, paused 262us total 18.115ms
I/art     (  877): Explicit concurrent mark sweep GC freed 3621(188KB) AllocSpace objects, 0(0B) LOS objects, 40% free, 9MB/15MB, paused 506us total 9.997ms
I/art     (  774): Explicit concurrent mark sweep GC freed 6452(258KB) AllocSpace objects, 0(0B) LOS objects, 33% free, 9MB/14MB, paused 286us total 17.742ms
I/art     (  877): Explicit concurrent mark sweep GC freed 3622(188KB) AllocSpace objects, 0(0B) LOS objects, 40% free, 9MB/15MB, paused 478us total 10.913ms
I/tnet-jni( 1419): 101 - [spdyPingRecvCallback] - 
I/tnet-jni( 1419): 101 - [SpdySessionCallBack.spdyPingRecvCallback] - org.android.spdy.SpdySession@15ea5a37
D/accs.SpdyConnection( 1419):  spdyPingRecvCallback uniId:1670
D/accs.MessageHandler( 1419):  onRcvPing
D/accs.HeartbeatManager( 1419):  onHeartbeatSucc
D/accs.OrangeAdapter( 1419):  isSmartHb result:true
D/accs.HeartbeatManager( 1419):  set 480
I/art     (  774): Explicit concurrent mark sweep GC freed 6851(276KB) AllocSpace objects, 0(0B) LOS objects, 33% free, 9MB/14MB, paused 696us total 29.670ms
I/art     (  877): Explicit concurrent mark sweep GC freed 3612(188KB) AllocSpace objects, 0(0B) LOS objects, 39% free, 9MB/15MB, paused 517us total 16.233ms
I/art     (  774): Explicit concurrent mark sweep GC freed 5942(234KB) AllocSpace objects, 0(0B) LOS objects, 33% free, 9MB/14MB, paused 250us total 15.734ms
I/art     (  877): Explicit concurrent mark sweep GC freed 3621(188KB) AllocSpace objects, 0(0B) LOS objects, 39% free, 9MB/15MB, paused 404us total 9.198ms
I/art     (  774): Explicit concurrent mark sweep GC freed 6424(256KB) AllocSpace objects, 0(0B) LOS objects, 33% free, 9MB/14MB, paused 380us total 15.742ms
I/art     (  877): Explicit concurrent mark sweep GC freed 3621(188KB) AllocSpace objects, 0(0B) LOS objects, 39% free, 9MB/15MB, paused 242us total 10.114ms
I/tnet-jni( 1467): 104 - [spdyPingRecvCallback] - 
I/tnet-jni( 1467): 104 - [SpdySessionCallBack.spdyPingRecvCallback] - org.android.spdy.SpdySession@26860312
D/accs.SilenceConn_umeng:56aadbf567e58e38d4000976( 1467):  spdyPingRecvCallback uniId:1670
D/accs.MsgRecv_umeng:56aadbf567e58e38d4000976( 1467):  onRcvPing
D/accs.HeartbeatManager( 1467):  onHeartbeatSucc
D/accs.OrangeAdapter( 1467):  isSmartHb result:true
D/accs.HeartbeatManager( 1467):  set 480
I/art     (  774): Explicit concurrent mark sweep GC freed 6850(298KB) AllocSpace objects, 0(0B) LOS objects, 33% free, 9MB/14MB, paused 399us total 16.476ms
I/art     (  877): Explicit concurrent mark sweep GC freed 3622(188KB) AllocSpace objects, 0(0B) LOS objects, 39% free, 9MB/15MB, paused 230us total 9.847ms
I/art     (  774): Explicit concurrent mark sweep GC freed 6807(273KB) AllocSpace objects, 0(0B) LOS objects, 33% free, 9MB/14MB, paused 256us total 16.626ms
I/art     (  877): Explicit concurrent mark sweep GC freed 3612(188KB) AllocSpace objects, 0(0B) LOS objects, 39% free, 9MB/15MB, paused 240us total 10.175ms
I/art     (  774): Explicit concurrent mark sweep GC freed 6028(237KB) AllocSpace objects, 0(0B) LOS objects, 33% free, 9MB/14MB, paused 482us total 26.582ms
I/art     (  877): Explicit concurrent mark sweep GC freed 3947(201KB) AllocSpace objects, 0(0B) LOS objects, 39% free, 9MB/15MB, paused 484us total 10.239ms
I/art     (  774): Explicit concurrent mark sweep GC freed 6483(260KB) AllocSpace objects, 0(0B) LOS objects, 33% free, 9MB/14MB, paused 804us total 34.052ms
D/awcn.DefaultHeartbeatImpl( 1574): |[seq:umeng:56aadbf567e58e38d4000976.AWCN1_1] heartbeat session:Session@[umeng:56aadbf567e58e38d4000976.AWCN1_1|http2_0rtt_acs]
D/awcn.TnetSpdySession( 1574): |[seq:umeng:56aadbf567e58e38d4000976.AWCN1_1] ping host:https://umengacs.m.taobao.com thread:AWCN Scheduler1
D/awcn.TnetSpdySession( 1574): |[seq:umeng:56aadbf567e58e38d4000976.AWCN1_1] https://umengacs.m.taobao.com submit ping ms:45052 force:true
D/awcn.DefaultHeartbeatImpl( 1574): |[seq:umeng:56aadbf567e58e38d4000976.AWCN1_1] reSchedule session:Session@[umeng:56aadbf567e58e38d4000976.AWCN1_1|http2_0rtt_acs] delay:45052
I/awcn.TnetSpdySession( 1574): |[seq:umeng:56aadbf567e58e38d4000976.AWCN1_1] ping receive Host:https://umengacs.m.taobao.com id:7783
I/art     (  877): Explicit concurrent mark sweep GC freed 3642(189KB) AllocSpace objects, 0(0B) LOS objects, 39% free, 9MB/15MB, paused 258us total 10.513ms
I/art     (  774): Explicit concurrent mark sweep GC freed 6437(256KB) AllocSpace objects, 0(0B) LOS objects, 33% free, 9MB/14MB, paused 1.018ms total 26.899ms
I/art     (  877): Explicit concurrent mark sweep GC freed 3612(188KB) AllocSpace objects, 0(0B) LOS objects, 40% free, 9MB/15MB, paused 325us total 16.508ms
I/art     (  774): Explicit concurrent mark sweep GC freed 6805(273KB) AllocSpace objects, 0(0B) LOS objects, 33% free, 9MB/14MB, paused 396us total 21.180ms
I/art     (  877): Explicit concurrent mark sweep GC freed 3621(188KB) AllocSpace objects, 0(0B) LOS objects, 40% free, 9MB/15MB, paused 388us total 17.163ms
I/art     (  774): Explicit concurrent mark sweep GC freed 6434(257KB) AllocSpace objects, 0(0B) LOS objects, 33% free, 9MB/14MB, paused 433us total 20.275ms
I/art     (  877): Explicit concurrent mark sweep GC freed 3621(188KB) AllocSpace objects, 0(0B) LOS objects, 40% free, 9MB/15MB, paused 306us total 15.576ms
I/art     (  774): Explicit concurrent mark sweep GC freed 5961(235KB) AllocSpace objects, 0(0B) LOS objects, 33% free, 9MB/14MB, paused 822us total 24.471ms
I/art     (  877): Explicit concurrent mark sweep GC freed 3622(188KB) AllocSpace objects, 0(0B) LOS objects, 40% free, 9MB/15MB, paused 479us total 17.001ms
I/art     (  774): Explicit concurrent mark sweep GC freed 6422(256KB) AllocSpace objects, 0(0B) LOS objects, 33% free, 9MB/14MB, paused 335us total 20.763ms
I/art     (  877): Explicit concurrent mark sweep GC freed 3612(188KB) AllocSpace objects, 0(0B) LOS objects, 39% free, 9MB/15MB, paused 642us total 13.305ms
I/art     (  774): Explicit concurrent mark sweep GC freed 6805(273KB) AllocSpace objects, 0(0B) LOS objects, 33% free, 9MB/14MB, paused 843us total 29.759ms
I/art     (  877): Explicit concurrent mark sweep GC freed 3621(188KB) AllocSpace objects, 0(0B) LOS objects, 39% free, 9MB/15MB, paused 269us total 10.826ms
I/art     (  774): Explicit concurrent mark sweep GC freed 6433(257KB) AllocSpace objects, 0(0B) LOS objects, 33% free, 9MB/14MB, paused 592us total 20.644ms
I/art     (  877): Explicit concurrent mark sweep GC freed 3621(188KB) AllocSpace objects, 0(0B) LOS objects, 39% free, 9MB/15MB, paused 432us total 14.563ms
I/art     (  774): Explicit concurrent mark sweep GC freed 6177(264KB) AllocSpace objects, 0(0B) LOS objects, 33% free, 9MB/14MB, paused 831us total 25.779ms
I/art     (  877): Explicit concurrent mark sweep GC freed 3622(188KB) AllocSpace objects, 0(0B) LOS objects, 39% free, 9MB/15MB, paused 727us total 12.455ms
D/awcn.DefaultHeartbeatImpl( 1574): |[seq:umeng:56aadbf567e58e38d4000976.AWCN1_1] heartbeat session:Session@[umeng:56aadbf567e58e38d4000976.AWCN1_1|http2_0rtt_acs]
D/awcn.TnetSpdySession( 1574): |[seq:umeng:56aadbf567e58e38d4000976.AWCN1_1] ping host:https://umengacs.m.taobao.com thread:AWCN Scheduler1
D/awcn.TnetSpdySession( 1574): |[seq:umeng:56aadbf567e58e38d4000976.AWCN1_1] https://umengacs.m.taobao.com submit ping ms:45051 force:true
D/awcn.DefaultHeartbeatImpl( 1574): |[seq:umeng:56aadbf567e58e38d4000976.AWCN1_1] reSchedule session:Session@[umeng:56aadbf567e58e38d4000976.AWCN1_1|http2_0rtt_acs] delay:45051
I/awcn.TnetSpdySession( 1574): |[seq:umeng:56aadbf567e58e38d4000976.AWCN1_1] ping receive Host:https://umengacs.m.taobao.com id:7785
I/art     (  774): Explicit concurrent mark sweep GC freed 6798(273KB) AllocSpace objects, 0(0B) LOS objects, 33% free, 9MB/14MB, paused 576us total 20.313ms
I/art     (  877): Explicit concurrent mark sweep GC freed 3612(188KB) AllocSpace objects, 0(0B) LOS objects, 39% free, 9MB/15MB, paused 555us total 10.226ms
I/art     (  774): Explicit concurrent mark sweep GC freed 6519(259KB) AllocSpace objects, 0(0B) LOS objects, 33% free, 9MB/14MB, paused 698us total 17.896ms
I/art     (  877): Explicit concurrent mark sweep GC freed 3947(201KB) AllocSpace objects, 0(0B) LOS objects, 39% free, 9MB/15MB, paused 489us total 13.573ms
I/art     (  774): Explicit concurrent mark sweep GC freed 6474(259KB) AllocSpace objects, 0(0B) LOS objects, 33% free, 9MB/14MB, paused 3.358ms total 29.930ms
I/art     (  877): Explicit concurrent mark sweep GC freed 3641(189KB) AllocSpace objects, 0(0B) LOS objects, 39% free, 9MB/15MB, paused 819us total 14.807ms
I/art     (  774): Explicit concurrent mark sweep GC freed 6460(258KB) AllocSpace objects, 0(0B) LOS objects, 33% free, 9MB/14MB, paused 539us total 20.300ms
I/art     (  877): Explicit concurrent mark sweep GC freed 3622(188KB) AllocSpace objects, 0(0B) LOS objects, 39% free, 9MB/15MB, paused 490us total 13.680ms
I/art     (  774): Explicit concurrent mark sweep GC freed 6312(250KB) AllocSpace objects, 0(0B) LOS objects, 33% free, 9MB/14MB, paused 566us total 17.442ms
I/art     (  877): Explicit concurrent mark sweep GC freed 3612(188KB) AllocSpace objects, 0(0B) LOS objects, 40% free, 9MB/15MB, paused 443us total 10.591ms
I/art     (  774): Explicit concurrent mark sweep GC freed 6424(255KB) AllocSpace objects, 0(0B) LOS objects, 33% free, 9MB/14MB, paused 532us total 18.821ms
I/art     (  877): Explicit concurrent mark sweep GC freed 3621(188KB) AllocSpace objects, 0(0B) LOS objects, 40% free, 9MB/15MB, paused 629us total 11.393ms
I/art     (  774): Explicit concurrent mark sweep GC freed 6452(258KB) AllocSpace objects, 0(0B) LOS objects, 33% free, 9MB/14MB, paused 466us total 18.295ms
I/art     (  877): Explicit concurrent mark sweep GC freed 3622(188KB) AllocSpace objects, 0(0B) LOS objects, 40% free, 9MB/15MB, paused 445us total 20.552ms
I/art     (  774): Explicit concurrent mark sweep GC freed 6431(256KB) AllocSpace objects, 0(0B) LOS objects, 33% free, 9MB/14MB, paused 975us total 25.672ms
I/art     (  877): Explicit concurrent mark sweep GC freed 3612(188KB) AllocSpace objects, 0(0B) LOS objects, 39% free, 9MB/15MB, paused 628us total 13.754ms
D/awcn.DefaultHeartbeatImpl( 1574): |[seq:umeng:56aadbf567e58e38d4000976.AWCN1_1] heartbeat session:Session@[umeng:56aadbf567e58e38d4000976.AWCN1_1|http2_0rtt_acs]
D/awcn.TnetSpdySession( 1574): |[seq:umeng:56aadbf567e58e38d4000976.AWCN1_1] ping host:https://umengacs.m.taobao.com thread:AWCN Scheduler1
D/awcn.TnetSpdySession( 1574): |[seq:umeng:56aadbf567e58e38d4000976.AWCN1_1] https://umengacs.m.taobao.com submit ping ms:45052 force:true
D/awcn.DefaultHeartbeatImpl( 1574): |[seq:umeng:56aadbf567e58e38d4000976.AWCN1_1] reSchedule session:Session@[umeng:56aadbf567e58e38d4000976.AWCN1_1|http2_0rtt_acs] delay:45052
I/awcn.TnetSpdySession( 1574): |[seq:umeng:56aadbf567e58e38d4000976.AWCN1_1] ping receive Host:https://umengacs.m.taobao.com id:7787
I/art     (  774): Explicit concurrent mark sweep GC freed 6800(273KB) AllocSpace objects, 0(0B) LOS objects, 33% free, 9MB/14MB, paused 523us total 18.996ms
I/art     (  877): Explicit concurrent mark sweep GC freed 3621(188KB) AllocSpace objects, 0(0B) LOS objects, 39% free, 9MB/15MB, paused 302us total 19.282ms
I/art     (  774): Explicit concurrent mark sweep GC freed 5947(235KB) AllocSpace objects, 0(0B) LOS objects, 33% free, 9MB/14MB, paused 497us total 17.231ms
I/art     (  877): Explicit concurrent mark sweep GC freed 3621(188KB) AllocSpace objects, 0(0B) LOS objects, 39% free, 9MB/15MB, paused 528us total 12.877ms
I/art     (  774): Explicit concurrent mark sweep GC freed 6688(288KB) AllocSpace objects, 0(0B) LOS objects, 33% free, 9MB/14MB, paused 824us total 26.636ms
I/art     (  877): Explicit concurrent mark sweep GC freed 3622(188KB) AllocSpace objects, 0(0B) LOS objects, 39% free, 9MB/15MB, paused 685us total 13.789ms
I/art     (  774): Explicit concurrent mark sweep GC freed 6475(258KB) AllocSpace objects, 0(0B) LOS objects, 33% free, 9MB/14MB, paused 1.078ms total 19.275ms
I/art     (  877): Explicit concurrent mark sweep GC freed 3612(188KB) AllocSpace objects, 0(0B) LOS objects, 39% free, 9MB/15MB, paused 387us total 12.046ms
I/art     (  774): Explicit concurrent mark sweep GC freed 6845(276KB) AllocSpace objects, 0(0B) LOS objects, 33% free, 9MB/14MB, paused 1.059ms total 17.762ms
I/art     (  877): Explicit concurrent mark sweep GC freed 3621(188KB) AllocSpace objects, 0(0B) LOS objects, 39% free, 9MB/15MB, paused 221us total 13.340ms
I/art     (  774): Explicit concurrent mark sweep GC freed 6032(237KB) AllocSpace objects, 0(0B) LOS objects, 33% free, 9MB/14MB, paused 1.127ms total 30.298ms
I/art     (  877): Explicit concurrent mark sweep GC freed 3947(201KB) AllocSpace objects, 0(0B) LOS objects, 39% free, 9MB/15MB, paused 238us total 10.197ms
I/art     (  774): Explicit concurrent mark sweep GC freed 6485(260KB) AllocSpace objects, 0(0B) LOS objects, 33% free, 9MB/14MB, paused 1.057ms total 29.509ms
I/art     (  877): Explicit concurrent mark sweep GC freed 3642(189KB) AllocSpace objects, 0(0B) LOS objects, 39% free, 9MB/15MB, paused 486us total 11.524ms
I/art     (  774): Explicit concurrent mark sweep GC freed 6807(274KB) AllocSpace objects, 0(0B) LOS objects, 33% free, 9MB/14MB, paused 751us total 19.005ms
I/art     (  877): Explicit concurrent mark sweep GC freed 3612(188KB) AllocSpace objects, 0(0B) LOS objects, 40% free, 9MB/15MB, paused 448us total 16.613ms
I/art     (  774): Explicit concurrent mark sweep GC freed 6434(256KB) AllocSpace objects, 0(0B) LOS objects, 33% free, 9MB/14MB, paused 602us total 17.515ms
I/art     (  877): Explicit concurrent mark sweep GC freed 3621(188KB) AllocSpace objects, 0(0B) LOS objects, 40% free, 9MB/15MB, paused 494us total 20.063ms
D/awcn.DefaultHeartbeatImpl( 1574): |[seq:umeng:56aadbf567e58e38d4000976.AWCN1_1] heartbeat session:Session@[umeng:56aadbf567e58e38d4000976.AWCN1_1|http2_0rtt_acs]
D/awcn.TnetSpdySession( 1574): |[seq:umeng:56aadbf567e58e38d4000976.AWCN1_1] ping host:https://umengacs.m.taobao.com thread:AWCN Scheduler1
D/awcn.TnetSpdySession( 1574): |[seq:umeng:56aadbf567e58e38d4000976.AWCN1_1] https://umengacs.m.taobao.com submit ping ms:45050 force:true
D/awcn.DefaultHeartbeatImpl( 1574): |[seq:umeng:56aadbf567e58e38d4000976.AWCN1_1] reSchedule session:Session@[umeng:56aadbf567e58e38d4000976.AWCN1_1|http2_0rtt_acs] delay:45050
I/awcn.TnetSpdySession( 1574): |[seq:umeng:56aadbf567e58e38d4000976.AWCN1_1] ping receive Host:https://umengacs.m.taobao.com id:7789
I/art     (  774): Explicit concurrent mark sweep GC freed 5945(234KB) AllocSpace objects, 0(0B) LOS objects, 33% free, 9MB/14MB, paused 455us total 17.458ms
I/art     (  877): Explicit concurrent mark sweep GC freed 3621(188KB) AllocSpace objects, 0(0B) LOS objects, 40% free, 9MB/15MB, paused 430us total 9.106ms
I/art     (  774): Explicit concurrent mark sweep GC freed 6443(258KB) AllocSpace objects, 0(0B) LOS objects, 33% free, 9MB/14MB, paused 941us total 23.659ms
I/art     (  877): Explicit concurrent mark sweep GC freed 3622(188KB) AllocSpace objects, 0(0B) LOS objects, 40% free, 9MB/15MB, paused 398us total 9.967ms
I/art     (  774): Explicit concurrent mark sweep GC freed 6803(274KB) AllocSpace objects, 0(0B) LOS objects, 33% free, 9MB/14MB, paused 452us total 18.375ms
I/art     (  877): Explicit concurrent mark sweep GC freed 3612(188KB) AllocSpace objects, 0(0B) LOS objects, 39% free, 9MB/15MB, paused 407us total 12.010ms
I/art     (  774): Explicit concurrent mark sweep GC freed 6433(256KB) AllocSpace objects, 0(0B) LOS objects, 33% free, 9MB/14MB, paused 499us total 18.565ms
I/art     (  877): Explicit concurrent mark sweep GC freed 3621(188KB) AllocSpace objects, 0(0B) LOS objects, 39% free, 9MB/15MB, paused 193us total 9.996ms
I/art     (  774): Explicit concurrent mark sweep GC freed 6668(287KB) AllocSpace objects, 0(0B) LOS objects, 33% free, 9MB/14MB, paused 398us total 18.696ms
I/art     (  877): Explicit concurrent mark sweep GC freed 3622(188KB) AllocSpace objects, 0(0B) LOS objects, 39% free, 9MB/15MB, paused 215us total 11.370ms
I/art     (  774): Explicit concurrent mark sweep GC freed 5944(234KB) AllocSpace objects, 0(0B) LOS objects, 33% free, 9MB/14MB, paused 473us total 23.737ms
I/art     (  877): Explicit concurrent mark sweep GC freed 3612(188KB) AllocSpace objects, 0(0B) LOS objects, 39% free, 9MB/15MB, paused 380us total 14.374ms
I/art     (  774): Explicit concurrent mark sweep GC freed 6796(273KB) AllocSpace objects, 0(0B) LOS objects, 33% free, 9MB/14MB, paused 318us total 17.855ms
I/art     (  877): Explicit concurrent mark sweep GC freed 3621(188KB) AllocSpace objects, 0(0B) LOS objects, 39% free, 9MB/15MB, paused 240us total 11.258ms
I/art     (  774): Explicit concurrent mark sweep GC freed 6519(259KB) AllocSpace objects, 0(0B) LOS objects, 33% free, 9MB/14MB, paused 369us total 16.982ms
I/tnet-jni( 1419): 101 - [spdyPingRecvCallback] - 
I/tnet-jni( 1419): 101 - [SpdySessionCallBack.spdyPingRecvCallback] - org.android.spdy.SpdySession@15ea5a37
D/accs.SpdyConnection( 1419):  spdyPingRecvCallback uniId:1672
D/accs.MessageHandler( 1419):  onRcvPing
D/accs.HeartbeatManager( 1419):  onHeartbeatSucc
D/accs.OrangeAdapter( 1419):  isSmartHb result:true
D/accs.HeartbeatManager( 1419):  set 480
D/accs.UtilityImpl( 1419):  setServiceTime:1512370743359
I/art     (  877): Explicit concurrent mark sweep GC freed 3946(201KB) AllocSpace objects, 0(0B) LOS objects, 39% free, 9MB/15MB, paused 342us total 10.757ms
D/awcn.DefaultHeartbeatImpl( 1574): |[seq:umeng:56aadbf567e58e38d4000976.AWCN1_1] heartbeat session:Session@[umeng:56aadbf567e58e38d4000976.AWCN1_1|http2_0rtt_acs]
D/awcn.TnetSpdySession( 1574): |[seq:umeng:56aadbf567e58e38d4000976.AWCN1_1] ping host:https://umengacs.m.taobao.com thread:AWCN Scheduler1
D/awcn.TnetSpdySession( 1574): |[seq:umeng:56aadbf567e58e38d4000976.AWCN1_1] https://umengacs.m.taobao.com submit ping ms:45051 force:true
D/awcn.DefaultHeartbeatImpl( 1574): |[seq:umeng:56aadbf567e58e38d4000976.AWCN1_1] reSchedule session:Session@[umeng:56aadbf567e58e38d4000976.AWCN1_1|http2_0rtt_acs] delay:45050
I/awcn.TnetSpdySession( 1574): |[seq:umeng:56aadbf567e58e38d4000976.AWCN1_1] ping receive Host:https://umengacs.m.taobao.com id:7791
I/art     (  774): Explicit concurrent mark sweep GC freed 6542(264KB) AllocSpace objects, 0(0B) LOS objects, 33% free, 9MB/14MB, paused 746us total 34.513ms
I/art     (  877): Explicit concurrent mark sweep GC freed 3642(189KB) AllocSpace objects, 0(0B) LOS objects, 39% free, 9MB/15MB, paused 311us total 12.226ms
I/art     (  774): Explicit concurrent mark sweep GC freed 5944(234KB) AllocSpace objects, 0(0B) LOS objects, 33% free, 9MB/14MB, paused 396us total 19.832ms
I/art     (  877): Explicit concurrent mark sweep GC freed 3612(188KB) AllocSpace objects, 0(0B) LOS objects, 40% free, 9MB/15MB, paused 648us total 11.346ms
I/art     (  774): Explicit concurrent mark sweep GC freed 6796(273KB) AllocSpace objects, 0(0B) LOS objects, 33% free, 9MB/14MB, paused 250us total 16.984ms
I/art     (  877): Explicit concurrent mark sweep GC freed 3621(188KB) AllocSpace objects, 0(0B) LOS objects, 40% free, 9MB/15MB, paused 252us total 12.495ms
I/tnet-jni( 1467): 104 - [spdyPingRecvCallback] - 
I/tnet-jni( 1467): 104 - [SpdySessionCallBack.spdyPingRecvCallback] - org.android.spdy.SpdySession@26860312
D/accs.SilenceConn_umeng:56aadbf567e58e38d4000976( 1467):  spdyPingRecvCallback uniId:1672
D/accs.MsgRecv_umeng:56aadbf567e58e38d4000976( 1467):  onRcvPing
D/accs.HeartbeatManager( 1467):  onHeartbeatSucc
D/accs.OrangeAdapter( 1467):  isSmartHb result:true
D/accs.HeartbeatManager( 1467):  set 480
D/accs.UtilityImpl( 1467):  setServiceTime:1512370760931
D/Genyd   (  117): Received Set Clipboard
D/Genymotion(  117): Received Set Clipboard
I/art     (  774): Explicit concurrent mark sweep GC freed 6692(271KB) AllocSpace objects, 0(0B) LOS objects, 33% free, 9MB/14MB, paused 977us total 25.908ms
I/art     (  877): Explicit concurrent mark sweep GC freed 3621(188KB) AllocSpace objects, 0(0B) LOS objects, 40% free, 9MB/15MB, paused 333us total 14.413ms
I/art     (  774): Explicit concurrent mark sweep GC freed 6452(258KB) AllocSpace objects, 0(0B) LOS objects, 33% free, 9MB/14MB, paused 245us total 17.375ms
I/art     (  877): Explicit concurrent mark sweep GC freed 3622(188KB) AllocSpace objects, 0(0B) LOS objects, 40% free, 9MB/15MB, paused 294us total 13.612ms
D/Genyd   (  117): Received Set Clipboard
D/Genymotion(  117): Received Set Clipboard
I/art     (  774): Explicit concurrent mark sweep GC freed 6383(254KB) AllocSpace objects, 0(0B) LOS objects, 33% free, 9MB/14MB, paused 390us total 17.744ms
I/art     (  877): Explicit concurrent mark sweep GC freed 3612(188KB) AllocSpace objects, 0(0B) LOS objects, 39% free, 9MB/15MB, paused 999us total 17.293ms
I/art     (  774): Explicit concurrent mark sweep GC freed 6424(256KB) AllocSpace objects, 0(0B) LOS objects, 33% free, 9MB/14MB, paused 688us total 23.269ms
I/art     (  877): Explicit concurrent mark sweep GC freed 3621(188KB) AllocSpace objects, 0(0B) LOS objects, 39% free, 9MB/15MB, paused 557us total 16.367ms
I/art     (  774): Explicit concurrent mark sweep GC freed 6436(256KB) AllocSpace objects, 0(0B) LOS objects, 33% free, 9MB/14MB, paused 570us total 19.468ms
I/art     (  877): Explicit concurrent mark sweep GC freed 3621(188KB) AllocSpace objects, 0(0B) LOS objects, 39% free, 9MB/15MB, paused 188us total 12.480ms
I/art     (  774): Explicit concurrent mark sweep GC freed 6668(287KB) AllocSpace objects, 0(0B) LOS objects, 33% free, 9MB/14MB, paused 696us total 33.318ms
I/art     (  877): Explicit concurrent mark sweep GC freed 3622(188KB) AllocSpace objects, 0(0B) LOS objects, 39% free, 9MB/15MB, paused 385us total 10.155ms
D/awcn.DefaultHeartbeatImpl( 1574): |[seq:umeng:56aadbf567e58e38d4000976.AWCN1_1] heartbeat session:Session@[umeng:56aadbf567e58e38d4000976.AWCN1_1|http2_0rtt_acs]
D/awcn.TnetSpdySession( 1574): |[seq:umeng:56aadbf567e58e38d4000976.AWCN1_1] ping host:https://umengacs.m.taobao.com thread:AWCN Scheduler1
D/awcn.TnetSpdySession( 1574): |[seq:umeng:56aadbf567e58e38d4000976.AWCN1_1] https://umengacs.m.taobao.com submit ping ms:45051 force:true
D/awcn.DefaultHeartbeatImpl( 1574): |[seq:umeng:56aadbf567e58e38d4000976.AWCN1_1] reSchedule session:Session@[umeng:56aadbf567e58e38d4000976.AWCN1_1|http2_0rtt_acs] delay:45051
I/awcn.TnetSpdySession( 1574): |[seq:umeng:56aadbf567e58e38d4000976.AWCN1_1] ping receive Host:https://umengacs.m.taobao.com id:7793
I/art     (  774): Explicit concurrent mark sweep GC freed 6807(274KB) AllocSpace objects, 0(0B) LOS objects, 33% free, 9MB/14MB, paused 1.469ms total 35.326ms
I/art     (  877): Explicit concurrent mark sweep GC freed 3612(188KB) AllocSpace objects, 0(0B) LOS objects, 39% free, 9MB/15MB, paused 392us total 11.021ms
I/art     (  774): Explicit concurrent mark sweep GC freed 6289(263KB) AllocSpace objects, 0(0B) LOS objects, 33% free, 9MB/14MB, paused 711us total 23.908ms
I/art     (  877): Explicit concurrent mark sweep GC freed 3951(201KB) AllocSpace objects, 0(0B) LOS objects, 39% free, 9MB/15MB, paused 258us total 13.375ms
D/AndroidRuntime(14739): >>>>>> START com.android.internal.os.RuntimeInit uid 0 <<<<<<
D/AndroidRuntime(14739): CheckJNI is OFF
E/memtrack(14739): Couldn't load memtrack module (No such file or directory)
E/android.os.Debug(14739): failed to load memtrack module: -2
D/AndroidRuntime(14739): Calling main entry com.android.commands.wm.Wm
D/AndroidRuntime(14739): Shutting down VM
D/AndroidRuntime(14760): >>>>>> START com.android.internal.os.RuntimeInit uid 0 <<<<<<
D/AndroidRuntime(14760): CheckJNI is OFF
E/memtrack(14760): Couldn't load memtrack module (No such file or directory)
E/android.os.Debug(14760): failed to load memtrack module: -2
D/AndroidRuntime(14760): Calling main entry com.android.commands.monkey.Monkey
W/BroadcastQueue(  774): Skipping deliver [background] BroadcastRecord{1514ab07 u-1 android.net.conn.CONNECTIVITY_CHANGE} to ReceiverList{14532434 14760 (unknown name)/0/u-1 remote:1d35a521}: process crashing
I/ActivityManager(  774): START u0 {act=android.intent.action.MAIN cat=[android.intent.category.LAUNCHER] flg=0x10200000 cmp=com.zzl.falcon.internal/com.zzl.falcon.EntranceActivity} from uid 0 on display 0
I/AppiumUnicodeIME(  914): onKeyDown (keyCode='4', event.keyCode='4', metaState='0')
I/AppiumUnicodeIME(  914): onKeyUp (keyCode='4', event.keyCode='4', metaState='0')
D/ForegroundCallbacks( 1574): still foreground
W/EGL_emulation( 1574): eglSurfaceAttrib not implemented
W/OpenGLRenderer( 1574): Failed to set EGL_SWAP_BEHAVIOR on surface 0xca0270e0, error=EGL_SUCCESS
W/ViewRootImpl( 1574): Dropping event due to no window focus: KeyEvent { action=ACTION_DOWN, keyCode=KEYCODE_DPAD_RIGHT, scanCode=0, metaState=0, flags=0x8, repeatCount=0, eventTime=175654702, downTime=175654702, deviceId=-1, source=0x101 }
I/AppiumUnicodeIME(  914): onFinishInput
I/AppiumUnicodeIME(  914): onStartInput
I/AppiumUnicodeIME(  914): onKeyUp (keyCode='22', event.keyCode='22', metaState='0')
I/AppiumUnicodeIME(  914): onKeyDown (keyCode='22', event.keyCode='22', metaState='0')
I/AppiumUnicodeIME(  914): onKeyUp (keyCode='22', event.keyCode='22', metaState='0')
I/AppiumUnicodeIME(  914): onKeyDown (keyCode='22', event.keyCode='22', metaState='0')
I/AppiumUnicodeIME(  914): onKeyUp (keyCode='22', event.keyCode='22', metaState='0')
I/AppiumUnicodeIME(  914): onKeyDown (keyCode='22', event.keyCode='22', metaState='0')
I/AppiumUnicodeIME(  914): onKeyUp (keyCode='22', event.keyCode='22', metaState='0')
I/ActivityManager(  774): START u0 {cmp=com.zzl.falcon.internal/com.zzl.falcon.WebViewActivity (has extras)} from uid 10099 on display 0
W/AudioTrack(  774): AUDIO_OUTPUT_FLAG_FAST denied by client
V/WindowManager(  774): addAppToken: AppWindowToken{2542c5cc token=Token{13cdf3ff ActivityRecord{faff1e u0 com.zzl.falcon.internal/com.zzl.falcon.WebViewActivity t189}}} to stack=1 task=189 at 2
I/AppiumUnicodeIME(  914): onKeyDown (keyCode='23', event.keyCode='23', metaState='0')
I/AppiumUnicodeIME(  914): onKeyUp (keyCode='23', event.keyCode='23', metaState='0')
I/AppiumUnicodeIME(  914): onKeyDown (keyCode='22', event.keyCode='22', metaState='0')
I/AppiumUnicodeIME(  914): onKeyDown (keyCode='22', event.keyCode='22', metaState='0')
I/AppiumUnicodeIME(  914): onKeyUp (keyCode='22', event.keyCode='22', metaState='0')
W/art     (  774): Long monitor contention event with owner method=void com.android.server.am.ActivityManagerService.activityPaused(android.os.IBinder) from ActivityManagerService.java:6374 waiters=0 for 176ms
W/art     ( 1574): Attempt to remove local handle scope entry from IRT, ignoring
W/AwContents( 1574): onDetachedFromWindow called when already detached. Ignoring
W/art     ( 1574): Attempt to remove local handle scope entry from IRT, ignoring
W/art     ( 1574): Attempt to remove local handle scope entry from IRT, ignoring
D/ForegroundCallbacks( 1574): still foreground
I/art     (  774): Explicit concurrent mark sweep GC freed 7002(292KB) AllocSpace objects, 0(0B) LOS objects, 33% free, 9MB/14MB, paused 1.031ms total 57.699ms
V/WindowManager(  774): Adding window Window{a53ef2a u0 com.zzl.falcon.internal/com.zzl.falcon.WebViewActivity} at 4 of 9 (after Window{3916e398 u0 com.zzl.falcon.internal/com.zzl.falcon.login.LoginActivity})
E/com.umeng.message.UTrack( 1574): RegistrationId is empty
E/com.umeng.message.UTrack( 1574): RegistrationId is empty
W/EGL_emulation( 1574): eglSurfaceAttrib not implemented
W/OpenGLRenderer( 1574): Failed to set EGL_SWAP_BEHAVIOR on surface 0xe163a7a0, error=EGL_SUCCESS
W/ViewRootImpl( 1574): Cancelling event due to no window focus: KeyEvent { action=ACTION_UP, keyCode=KEYCODE_DPAD_CENTER, scanCode=0, metaState=0, flags=0x28, repeatCount=0, eventTime=175654961, downTime=175654961, deviceId=-1, source=0x101 }
W/ViewRootImpl( 1574): Cancelling event due to no window focus: KeyEvent { action=ACTION_UP, keyCode=KEYCODE_DPAD_CENTER, scanCode=0, metaState=0, flags=0x28, repeatCount=0, eventTime=175654961, downTime=175654961, deviceId=-1, source=0x101 }
W/ViewRootImpl( 1574): Cancelling event due to no window focus: KeyEvent { action=ACTION_UP, keyCode=KEYCODE_DPAD_CENTER, scanCode=0, metaState=0, flags=0x28, repeatCount=0, eventTime=175654961, downTime=175654961, deviceId=-1, source=0x101 }
W/ViewRootImpl( 1574): Cancelling event due to no window focus: KeyEvent { action=ACTION_UP, keyCode=KEYCODE_DPAD_CENTER, scanCode=0, metaState=0, flags=0x28, repeatCount=0, eventTime=175654961, downTime=175654961, deviceId=-1, source=0x101 }
W/ViewRootImpl( 1574): Cancelling event due to no window focus: KeyEvent { action=ACTION_UP, keyCode=KEYCODE_DPAD_CENTER, scanCode=0, metaState=0, flags=0x28, repeatCount=0, eventTime=175654961, downTime=175654961, deviceId=-1, source=0x101 }
W/ViewRootImpl( 1574): Cancelling event due to no window focus: KeyEvent { action=ACTION_UP, keyCode=KEYCODE_DPAD_CENTER, scanCode=0, metaState=0, flags=0x28, repeatCount=0, eventTime=175654961, downTime=175654961, deviceId=-1, source=0x101 }
W/ViewRootImpl( 1574): Dropping event due to no window focus: KeyEvent { action=ACTION_DOWN, keyCode=KEYCODE_DPAD_RIGHT, scanCode=0, metaState=0, flags=0x8, repeatCount=0, eventTime=175655397, downTime=175655397, deviceId=-1, source=0x101 }
W/ViewRootImpl( 1574): Cancelling event due to no window focus: KeyEvent { action=ACTION_UP, keyCode=KEYCODE_DPAD_RIGHT, scanCode=0, metaState=0, flags=0x28, repeatCount=0, eventTime=175655501, downTime=175655501, deviceId=-1, source=0x101 }
W/ViewRootImpl( 1574): Cancelling event due to no window focus: KeyEvent { action=ACTION_UP, keyCode=KEYCODE_DPAD_RIGHT, scanCode=0, metaState=0, flags=0x28, repeatCount=0, eventTime=175655501, downTime=175655501, deviceId=-1, source=0x101 }
W/ViewRootImpl( 1574): Cancelling event due to no window focus: KeyEvent { action=ACTION_UP, keyCode=KEYCODE_DPAD_RIGHT, scanCode=0, metaState=0, flags=0x28, repeatCount=0, eventTime=175655501, downTime=175655501, deviceId=-1, source=0x101 }
W/ViewRootImpl( 1574): Cancelling event due to no window focus: KeyEvent { action=ACTION_UP, keyCode=KEYCODE_DPAD_RIGHT, scanCode=0, metaState=0, flags=0x28, repeatCount=0, eventTime=175655501, downTime=175655501, deviceId=-1, source=0x101 }
W/ViewRootImpl( 1574): Cancelling event due to no window focus: KeyEvent { action=ACTION_UP, keyCode=KEYCODE_DPAD_RIGHT, scanCode=0, metaState=0, flags=0x28, repeatCount=0, eventTime=175655501, downTime=175655501, deviceId=-1, source=0x101 }
W/ViewRootImpl( 1574): Cancelling event due to no window focus: KeyEvent { action=ACTION_UP, keyCode=KEYCODE_DPAD_RIGHT, scanCode=0, metaState=0, flags=0x28, repeatCount=0, eventTime=175655501, downTime=175655501, deviceId=-1, source=0x101 }
I/AppiumUnicodeIME(  914): onFinishInput
I/AppiumUnicodeIME(  914): onStartInput
I/ActivityManager(  774): Displayed com.zzl.falcon.internal/com.zzl.falcon.WebViewActivity: +723ms
I/art     (  877): Explicit concurrent mark sweep GC freed 4353(218KB) AllocSpace objects, 0(0B) LOS objects, 39% free, 9MB/15MB, paused 703us total 18.326ms
I/AppiumUnicodeIME(  914): onKeyDown (keyCode='22', event.keyCode='22', metaState='0')
I/AppiumUnicodeIME(